
===== 2026-06-29 00:30 (desk) =====
=== DEAL-CYCLE MONITOR 2026-06-29  (READ-ONLY; DFIN frontrun) ===
  GATE: OPEN — HY 2.78% tight, VIX 18.89 calm — financing available
        HY OAS 2.78% (+0.06/1m) | VIX 18.89 (+2.6/1m)
  PIPELINE (complete months 2025-11..2026-05):
        IPO lead (DRS+S-1): [255, 411, 370, 320, 291, 364, 279]  trend -15%
        DRS (forward funnel): [87, 134, 80, 106, 121, 96, 55]  trend -15%  THINNING
        M&A lead (S-4+proxy): [100, 145, 162, 79, 93, 101, 120]  trend -19%
        (current partial month 2026-06 excluded from trend)

  >>> REGIME: OPEN-BUT-LATE   |   DFIN trigger: NO-VALIDATED-TRIGGER (descriptive only; regime=OPEN-BUT-LATE). 3 tests negative: stock-frontrun, revenue-lead, contrarian all unproven.
  [-> deal_cycle_log.jsonl]


===== 2026-06-30 00:30 (desk) =====
=== DEAL-CYCLE MONITOR 2026-06-30  (READ-ONLY; DFIN frontrun) ===
  GATE: OPEN — HY 2.83% tight, VIX 18.41 calm — financing available
        HY OAS 2.83% (+0.11/1m) | VIX 18.41 (+2.67/1m)
  PIPELINE (complete months 2025-11..2026-05):
        IPO lead (DRS+S-1): [255, 411, 370, 320, 291, 364, 279]  trend -15%
        DRS (forward funnel): [87, 134, 80, 106, 121, 96, 55]  trend -15%  THINNING
        M&A lead (S-4+proxy): [100, 145, 162, 79, 93, 101, 120]  trend -19%
        (current partial month 2026-06 excluded from trend)

  >>> REGIME: OPEN-BUT-LATE   |   DFIN trigger: NO-VALIDATED-TRIGGER (descriptive only; regime=OPEN-BUT-LATE). 3 tests negative: stock-frontrun, revenue-lead, contrarian all unproven.
  [-> deal_cycle_log.jsonl]


===== 2026-07-01 01:30 (desk) =====
=== DEAL-CYCLE MONITOR 2026-07-01  (READ-ONLY; DFIN frontrun) ===
  GATE: OPEN — HY 2.8% tight, VIX 17.65 calm — financing available
        HY OAS 2.8% (+0.06/1m) | VIX 17.65 (+2.33/1m)
  PIPELINE (complete months 2025-12..2026-06):
        IPO lead (DRS+S-1): [411, 370, 320, 291, 364, 279, 219]  trend -12%
        DRS (forward funnel): [134, 80, 106, 121, 96, 55, 17]  trend -45%  THINNING
        M&A lead (S-4+proxy): [145, 162, 79, 93, 101, 120, 101]  trend -4%
        (current partial month 2026-07 excluded from trend)

  >>> REGIME: OPEN-BUT-LATE   |   DFIN trigger: NO-VALIDATED-TRIGGER (descriptive only; regime=OPEN-BUT-LATE). 3 tests negative: stock-frontrun, revenue-lead, contrarian all unproven.
  [-> deal_cycle_log.jsonl]


===== 2026-07-02 01:30 (desk) =====
=== DEAL-CYCLE MONITOR 2026-07-02  (READ-ONLY; DFIN frontrun) ===
  GATE: OPEN — HY 2.75% tight, VIX 16.45 calm — financing available
        HY OAS 2.75% (+0.03/1m) | VIX 16.45 (+0.4/1m)
  PIPELINE (complete months 2025-12..2026-06):
        IPO lead (DRS+S-1): [411, 370, 320, 291, 364, 279, 219]  trend -12%
        DRS (forward funnel): [134, 80, 106, 121, 96, 55, 17]  trend -45%  THINNING
        M&A lead (S-4+proxy): [145, 162, 79, 93, 101, 120, 101]  trend -4%
        (current partial month 2026-07 excluded from trend)

  >>> REGIME: OPEN-BUT-LATE   |   DFIN trigger: NO-VALIDATED-TRIGGER (descriptive only; regime=OPEN-BUT-LATE). 3 tests negative: stock-frontrun, revenue-lead, contrarian all unproven.
  [-> deal_cycle_log.jsonl]


===== 2026-07-03 01:30 (desk) =====
=== DEAL-CYCLE MONITOR 2026-07-03  (READ-ONLY; DFIN frontrun) ===
  GATE: OPEN — HY 2.74% tight, VIX 16.59 calm — financing available
        HY OAS 2.74% (+0.03/1m) | VIX 16.59 (+0.82/1m)
  PIPELINE (complete months 2025-12..2026-06):
        IPO lead (DRS+S-1): [411, 370, 320, 291, 364, 279, 219]  trend -12%
        DRS (forward funnel): [134, 80, 106, 121, 96, 55, 17]  trend -45%  THINNING
        M&A lead (S-4+proxy): [145, 162, 79, 93, 101, 120, 101]  trend -4%
        (current partial month 2026-07 excluded from trend)

  >>> REGIME: OPEN-BUT-LATE   |   DFIN trigger: NO-VALIDATED-TRIGGER (descriptive only; regime=OPEN-BUT-LATE). 3 tests negative: stock-frontrun, revenue-lead, contrarian all unproven.
  [-> deal_cycle_log.jsonl]


===== 2026-07-06 00:31 (desk) =====
=== DEAL-CYCLE MONITOR 2026-07-06  (READ-ONLY; DFIN frontrun) ===
  GATE: OPEN — HY 2.75% tight, VIX 16.59 calm — financing available
        HY OAS 2.75% (+0.0/1m) | VIX 16.59 (+0.82/1m)
  PIPELINE (complete months 2025-12..2026-06):
        IPO lead (DRS+S-1): [411, 370, 320, 291, 364, 279, 219]  trend -12%
        DRS (forward funnel): [134, 80, 106, 121, 96, 55, 17]  trend -45%  THINNING
        M&A lead (S-4+proxy): [145, 162, 79, 93, 101, 120, 101]  trend -4%
        (current partial month 2026-07 excluded from trend)

  >>> REGIME: OPEN-BUT-LATE   |   DFIN trigger: NO-VALIDATED-TRIGGER (descriptive only; regime=OPEN-BUT-LATE). 3 tests negative: stock-frontrun, revenue-lead, contrarian all unproven.
  [-> deal_cycle_log.jsonl]


===== 2026-07-07 07:31 (desk) =====
=== DEAL-CYCLE MONITOR 2026-07-07  (READ-ONLY; DFIN frontrun) ===
  GATE: OPEN — HY 2.72% tight, VIX 15.57 calm — financing available
        HY OAS 2.72% (-0.04/1m) | VIX 15.57 (-5.94/1m)
  PIPELINE (complete months 2025-12..2026-06):
        IPO lead (DRS+S-1): [411, 370, 320, 291, 364, 279, 219]  trend -12%
        DRS (forward funnel): [134, 80, 106, 121, 96, 55, 17]  trend -45%  THINNING
        M&A lead (S-4+proxy): [145, 162, 79, 93, 101, 120, 101]  trend -4%
        (current partial month 2026-07 excluded from trend)

  >>> REGIME: OPEN-BUT-LATE   |   DFIN trigger: NO-VALIDATED-TRIGGER (descriptive only; regime=OPEN-BUT-LATE). 3 tests negative: stock-frontrun, revenue-lead, contrarian all unproven.
  [-> deal_cycle_log.jsonl]


===== 2026-07-08 08:30 (desk) =====
=== DEAL-CYCLE MONITOR 2026-07-08  (READ-ONLY; DFIN frontrun) ===
  GATE: OPEN — HY 2.67% tight, VIX 16.13 calm — financing available
        HY OAS 2.67% (-0.08/1m) | VIX 16.13 (-2.79/1m)
  PIPELINE (complete months 2025-12..2026-06):
        IPO lead (DRS+S-1): [411, 370, 320, 291, 364, 279, 219]  trend -12%
        DRS (forward funnel): [134, 80, 106, 121, 96, 55, 17]  trend -45%  THINNING
        M&A lead (S-4+proxy): [145, 162, 79, 93, 101, 120, 101]  trend -4%
        (current partial month 2026-07 excluded from trend)

  >>> REGIME: OPEN-BUT-LATE   |   DFIN trigger: NO-VALIDATED-TRIGGER (descriptive only; regime=OPEN-BUT-LATE). 3 tests negative: stock-frontrun, revenue-lead, contrarian all unproven.
  [-> deal_cycle_log.jsonl]


===== 2026-07-09 08:30 (desk) =====
=== DEAL-CYCLE MONITOR 2026-07-09  (READ-ONLY; DFIN frontrun) ===
  GATE: OPEN — HY 2.67% tight, VIX 16.9 calm — financing available
        HY OAS 2.67% (-0.08/1m) | VIX 16.9 (-2.97/1m)
  PIPELINE (complete months 2025-12..2026-06):
        IPO lead (DRS+S-1): [411, 370, 320, 291, 364, 279, 219]  trend -12%
        DRS (forward funnel): [134, 80, 106, 121, 96, 55, 17]  trend -45%  THINNING
        M&A lead (S-4+proxy): [145, 162, 79, 93, 101, 120, 101]  trend -4%
        (current partial month 2026-07 excluded from trend)

  >>> REGIME: OPEN-BUT-LATE   |   DFIN trigger: NO-VALIDATED-TRIGGER (descriptive only; regime=OPEN-BUT-LATE). 3 tests negative: stock-frontrun, revenue-lead, contrarian all unproven.
  [-> deal_cycle_log.jsonl]


===== 2026-07-10 08:33 (desk) =====
=== DEAL-CYCLE MONITOR 2026-07-10  (READ-ONLY; DFIN frontrun) ===
  GATE: OPEN — HY 2.7% tight, VIX 15.84 calm — financing available
        HY OAS 2.7% (-0.08/1m) | VIX 15.84 (-6.38/1m)
  PIPELINE (complete months 2025-12..2026-06):
        IPO lead (DRS+S-1): [411, 370, 320, 291, 364, 279, 219]  trend -12%
        DRS (forward funnel): [134, 80, 106, 121, 96, 55, 17]  trend -45%  THINNING
        M&A lead (S-4+proxy): [145, 162, 79, 93, 101, 120, 101]  trend -4%
        (current partial month 2026-07 excluded from trend)

  >>> REGIME: OPEN-BUT-LATE   |   DFIN trigger: NO-VALIDATED-TRIGGER (descriptive only; regime=OPEN-BUT-LATE). 3 tests negative: stock-frontrun, revenue-lead, contrarian all unproven.
  [-> deal_cycle_log.jsonl]


===== 2026-07-13 00:31 (desk) =====
=== DEAL-CYCLE MONITOR 2026-07-13  (READ-ONLY; DFIN frontrun) ===
  GATE: OPEN — HY 2.7% tight, VIX 15.84 calm — financing available
        HY OAS 2.7% (-0.1/1m) | VIX 15.84 (-6.38/1m)
  PIPELINE (complete months 2025-12..2026-06):
        IPO lead (DRS+S-1): [411, 370, 320, 291, 364, 279, 219]  trend -12%
        DRS (forward funnel): [134, 80, 106, 121, 96, 55, 17]  trend -45%  THINNING
        M&A lead (S-4+proxy): [145, 162, 79, 93, 101, 120, 101]  trend -4%
        (current partial month 2026-07 excluded from trend)

  >>> REGIME: OPEN-BUT-LATE   |   DFIN trigger: NO-VALIDATED-TRIGGER (descriptive only; regime=OPEN-BUT-LATE). 3 tests negative: stock-frontrun, revenue-lead, contrarian all unproven.
  [-> deal_cycle_log.jsonl]


===== 2026-07-14 01:30 (desk) =====
=== DEAL-CYCLE MONITOR 2026-07-14  (READ-ONLY; DFIN frontrun) ===
  GATE: OPEN — HY 2.69% tight, VIX 15.03 calm — financing available
        HY OAS 2.69% (-0.09/1m) | VIX 15.03 (-4.41/1m)
  PIPELINE (complete months 2025-12..2026-06):
        IPO lead (DRS+S-1): [411, 370, 320, 291, 364, 279, 219]  trend -12%
        DRS (forward funnel): [134, 80, 106, 121, 96, 55, 17]  trend -45%  THINNING
        M&A lead (S-4+proxy): [145, 162, 79, 93, 101, 120, 101]  trend -4%
        (current partial month 2026-07 excluded from trend)

  >>> REGIME: OPEN-BUT-LATE   |   DFIN trigger: NO-VALIDATED-TRIGGER (descriptive only; regime=OPEN-BUT-LATE). 3 tests negative: stock-frontrun, revenue-lead, contrarian all unproven.
  [-> deal_cycle_log.jsonl]


===== 2026-07-15 01:30 (desk) =====
=== DEAL-CYCLE MONITOR 2026-07-15  (READ-ONLY; DFIN frontrun) ===
  GATE: OPEN — HY 2.69% tight, VIX 17.16 calm — financing available
        HY OAS 2.69% (-0.02/1m) | VIX 17.16 (-0.52/1m)
  PIPELINE (complete months 2025-12..2026-06):
        IPO lead (DRS+S-1): [411, 370, 320, 291, 364, 279, 219]  trend -12%
        DRS (forward funnel): [134, 80, 106, 121, 96, 55, 17]  trend -45%  THINNING
        M&A lead (S-4+proxy): [145, 162, 79, 93, 101, 120, 101]  trend -4%
        (current partial month 2026-07 excluded from trend)

  >>> REGIME: OPEN-BUT-LATE   |   DFIN trigger: NO-VALIDATED-TRIGGER (descriptive only; regime=OPEN-BUT-LATE). 3 tests negative: stock-frontrun, revenue-lead, contrarian all unproven.
  [-> deal_cycle_log.jsonl]


===== 2026-07-16 01:36 (desk) =====
=== DEAL-CYCLE MONITOR 2026-07-16  (READ-ONLY; DFIN frontrun) ===
  GATE: OPEN — HY 2.72% tight, VIX 16.5 calm — financing available
        HY OAS 2.72% (+0.06/1m) | VIX 16.5 (+0.3/1m)
  PIPELINE (complete months 2025-12..2026-06):
        IPO lead (DRS+S-1): [411, 370, 320, 291, 364, 279, 219]  trend -12%
        DRS (forward funnel): [134, 80, 106, 121, 96, 55, 17]  trend -45%  THINNING
        M&A lead (S-4+proxy): [145, 162, 79, 93, 101, 120, 101]  trend -4%
        (current partial month 2026-07 excluded from trend)

  >>> REGIME: OPEN-BUT-LATE   |   DFIN trigger: NO-VALIDATED-TRIGGER (descriptive only; regime=OPEN-BUT-LATE). 3 tests negative: stock-frontrun, revenue-lead, contrarian all unproven.
  [-> deal_cycle_log.jsonl]


===== 2026-07-17 10:50 (desk) =====
=== DEAL-CYCLE MONITOR 2026-07-17  (READ-ONLY; DFIN frontrun) ===
  GATE: OPEN — HY 2.71% tight, VIX 16.73 calm — financing available
        HY OAS 2.71% (+0.08/1m) | VIX 16.73 (-1.71/1m)
  PIPELINE (complete months 2025-12..2026-06):
        IPO lead (DRS+S-1): [411, 370, 320, 291, 364, 279, 219]  trend -12%
        DRS (forward funnel): [134, 80, 106, 121, 96, 55, 17]  trend -45%  THINNING
        M&A lead (S-4+proxy): [145, 162, 79, 93, 101, 120, 101]  trend -4%
        (current partial month 2026-07 excluded from trend)

  >>> REGIME: OPEN-BUT-LATE   |   DFIN trigger: NO-VALIDATED-TRIGGER (descriptive only; regime=OPEN-BUT-LATE). 3 tests negative: stock-frontrun, revenue-lead, contrarian all unproven.
  [-> deal_cycle_log.jsonl]


===== 2026-07-20 10:03 (desk) =====
=== DEAL-CYCLE MONITOR 2026-07-20  (READ-ONLY; DFIN frontrun) ===
  GATE: OPEN — HY 2.73% tight, VIX 18.77 calm — financing available
        HY OAS 2.73% (+0.07/1m) | VIX 18.77 (+2.37/1m)
  PIPELINE (complete months 2025-12..2026-06):
        IPO lead (DRS+S-1): [411, 370, 320, 291, 364, 279, 219]  trend -12%
        DRS (forward funnel): [134, 80, 106, 121, 96, 55, 17]  trend -45%  THINNING
        M&A lead (S-4+proxy): [145, 162, 79, 93, 101, 120, 101]  trend -4%
        (current partial month 2026-07 excluded from trend)

  >>> REGIME: OPEN-BUT-LATE   |   DFIN trigger: NO-VALIDATED-TRIGGER (descriptive only; regime=OPEN-BUT-LATE). 3 tests negative: stock-frontrun, revenue-lead, contrarian all unproven.
  [-> deal_cycle_log.jsonl]


===== 2026-07-21 10:30 (desk) =====
=== DEAL-CYCLE MONITOR 2026-07-21  (READ-ONLY; DFIN frontrun) ===
  GATE: OPEN — HY 2.69% tight, VIX 18.65 calm — financing available
        HY OAS 2.69% (+0.03/1m) | VIX 18.65 (+1.87/1m)
  PIPELINE (complete months 2025-12..2026-06):
        IPO lead (DRS+S-1): [411, 370, 320, 291, 364, 279, 219]  trend -12%
        DRS (forward funnel): [134, 80, 106, 121, 96, 55, 17]  trend -45%  THINNING
        M&A lead (S-4+proxy): [145, 162, 79, 93, 101, 120, 101]  trend -4%
        (current partial month 2026-07 excluded from trend)

  >>> REGIME: OPEN-BUT-LATE   |   DFIN trigger: NO-VALIDATED-TRIGGER (descriptive only; regime=OPEN-BUT-LATE). 3 tests negative: stock-frontrun, revenue-lead, contrarian all unproven.
  [-> deal_cycle_log.jsonl]


===== 2026-07-22 10:40 (desk) =====
=== DEAL-CYCLE MONITOR 2026-07-22  (READ-ONLY; DFIN frontrun) ===
  GATE: OPEN — HY 2.69% tight, VIX 17.05 calm — financing available
        HY OAS 2.69% (+0.04/1m) | VIX 17.05 (-0.23/1m)
  PIPELINE (complete months 2025-12..2026-06):
        IPO lead (DRS+S-1): [411, 370, 320, 291, 364, 279, 219]  trend -12%
        DRS (forward funnel): [134, 80, 106, 121, 96, 55, 17]  trend -45%  THINNING
        M&A lead (S-4+proxy): [145, 162, 79, 93, 101, 120, 101]  trend -4%
        (current partial month 2026-07 excluded from trend)

  >>> REGIME: OPEN-BUT-LATE   |   DFIN trigger: NO-VALIDATED-TRIGGER (descriptive only; regime=OPEN-BUT-LATE). 3 tests negative: stock-frontrun, revenue-lead, contrarian all unproven.
  [-> deal_cycle_log.jsonl]


===== 2026-07-23 11:39 (desk) =====
=== DEAL-CYCLE MONITOR 2026-07-23  (READ-ONLY; DFIN frontrun) ===
  GATE: OPEN — HY 2.68% tight, VIX 16.64 calm — financing available
        HY OAS 2.68% (-0.03/1m) | VIX 16.64 (-2.85/1m)
  PIPELINE (complete months 2025-12..2026-06):
        IPO lead (DRS+S-1): [411, 370, 320, 291, 364, 279, 219]  trend -12%
        DRS (forward funnel): [134, 80, 106, 121, 96, 55, 17]  trend -45%  THINNING
        M&A lead (S-4+proxy): [145, 162, 79, 93, 101, 120, 101]  trend -4%
        (current partial month 2026-07 excluded from trend)

  >>> REGIME: OPEN-BUT-LATE   |   DFIN trigger: NO-VALIDATED-TRIGGER (descriptive only; regime=OPEN-BUT-LATE). 3 tests negative: stock-frontrun, revenue-lead, contrarian all unproven.
  [-> deal_cycle_log.jsonl]


===== 2026-07-27 09:33 (desk) =====
=== DEAL-CYCLE MONITOR 2026-07-27  (READ-ONLY; DFIN frontrun) ===
  GATE: OPEN — HY 2.77% tight, VIX 18.7 calm — financing available
        HY OAS 2.77% (+0.01/1m) | VIX 18.7 (+0.07/1m)
  PIPELINE (complete months 2025-12..2026-06):
        IPO lead (DRS+S-1): [411, 370, 320, 291, 364, 279, 219]  trend -12%
        DRS (forward funnel): [134, 80, 106, 121, 96, 55, 17]  trend -45%  THINNING
        M&A lead (S-4+proxy): [145, 162, 79, 93, 101, 120, 101]  trend -4%
        (current partial month 2026-07 excluded from trend)

  >>> REGIME: OPEN-BUT-LATE   |   DFIN trigger: NO-VALIDATED-TRIGGER (descriptive only; regime=OPEN-BUT-LATE). 3 tests negative: stock-frontrun, revenue-lead, contrarian all unproven.
  [-> deal_cycle_log.jsonl]


===== 2026-07-28 07:30 (desk) =====
=== DEAL-CYCLE MONITOR 2026-07-28  (READ-ONLY; DFIN frontrun) ===
  GATE: OPEN — HY 2.81% tight, VIX 18.67 calm — financing available
        HY OAS 2.81% (-0.02/1m) | VIX 18.67 (+0.26/1m)
  PIPELINE (complete months 2025-12..2026-06):
        IPO lead (DRS+S-1): [411, 370, 320, 291, 364, 279, 219]  trend -12%
        DRS (forward funnel): [134, 80, 106, 121, 96, 55, 17]  trend -45%  THINNING
        M&A lead (S-4+proxy): [145, 162, 79, 93, 101, 120, 101]  trend -4%
        (current partial month 2026-07 excluded from trend)

  >>> REGIME: OPEN-BUT-LATE   |   DFIN trigger: NO-VALIDATED-TRIGGER (descriptive only; regime=OPEN-BUT-LATE). 3 tests negative: stock-frontrun, revenue-lead, contrarian all unproven.
  [-> deal_cycle_log.jsonl]


===== 2026-07-29 07:34 (desk) =====
=== DEAL-CYCLE MONITOR 2026-07-29  (READ-ONLY; DFIN frontrun) ===
  GATE: OPEN — HY 2.84% tight, VIX 18.21 calm — financing available
        HY OAS 2.84% (+0.04/1m) | VIX 18.21 (+0.56/1m)
  PIPELINE (complete months 2025-12..2026-06):
        IPO lead (DRS+S-1): [411, 370, 320, 291, 364, 279, 219]  trend -12%
        DRS (forward funnel): [134, 80, 106, 121, 96, 55, 17]  trend -45%  THINNING
        M&A lead (S-4+proxy): [145, 162, 79, 93, 101, 120, 101]  trend -4%
        (current partial month 2026-07 excluded from trend)

  >>> REGIME: OPEN-BUT-LATE   |   DFIN trigger: NO-VALIDATED-TRIGGER (descriptive only; regime=OPEN-BUT-LATE). 3 tests negative: stock-frontrun, revenue-lead, contrarian all unproven.
  [-> deal_cycle_log.jsonl]


===== 2026-07-30 08:35 (desk) =====
=== DEAL-CYCLE MONITOR 2026-07-30  (READ-ONLY; DFIN frontrun) ===
  GATE: OPEN — HY 2.87% tight, VIX 18.21 calm — financing available
        HY OAS 2.87% (+0.12/1m) | VIX 18.21 (+0.56/1m)
  PIPELINE (complete months 2025-12..2026-06):
        IPO lead (DRS+S-1): [411, 370, 320, 291, 364, 279, 219]  trend -12%
        DRS (forward funnel): [134, 80, 106, 121, 96, 55, 17]  trend -45%  THINNING
        M&A lead (S-4+proxy): [145, 162, 79, 93, 101, 120, 101]  trend -4%
        (current partial month 2026-07 excluded from trend)

  >>> REGIME: OPEN-BUT-LATE   |   DFIN trigger: NO-VALIDATED-TRIGGER (descriptive only; regime=OPEN-BUT-LATE). 3 tests negative: stock-frontrun, revenue-lead, contrarian all unproven.
  [-> deal_cycle_log.jsonl]


===== 2026-07-31 09:31 (desk) =====
=== DEAL-CYCLE MONITOR 2026-07-31  (READ-ONLY; DFIN frontrun) ===
  GATE: UNKNOWN — no HY data

Traceback (most recent call last):
  File "/Library/Developer/CommandLineTools/Library/Frameworks/Python3.framework/Versions/3.9/lib/python3.9/runpy.py", line 197, in _run_module_as_main
    return _run_code(code, main_globals, None,
  File "/Library/Developer/CommandLineTools/Library/Frameworks/Python3.framework/Versions/3.9/lib/python3.9/runpy.py", line 87, in _run_code
    exec(code, run_globals)
  File "/Users/ajay/exalted/signalos/verticals/frontrun_engine/deal_cycle/monitor.py", line 123, in <module>
    main(include_bdc=("--no-bdc" not in sys.argv))
  File "/Users/ajay/exalted/signalos/verticals/frontrun_engine/deal_cycle/monitor.py", line 104, in main
    print(f"        HY OAS {c.get('hy_oas',{}).get('value')}% ({c.get('hy_oas',{}).get('chg_1m'):+}/1m) | "
TypeError: unsupported format string passed to NoneType.__format__

===== 2026-08-03 00:41 (desk) =====
=== DEAL-CYCLE MONITOR 2026-08-03  (READ-ONLY; DFIN frontrun) ===
  GATE: OPEN — HY 2.84% tight, VIX 17.09 calm — financing available
        HY OAS 2.84% (+0.1/1m) | VIX 17.09 (+0.5/1m)
  PIPELINE (complete months 2026-01..2026-07):
        IPO lead (DRS+S-1): [370, 320, 291, 364, 279, 219, 12]  trend -48%
        DRS (forward funnel): [80, 106, 121, 96, 55, 17, 0]  trend -78%  THINNING
        M&A lead (S-4+proxy): [162, 79, 93, 101, 120, 101, 8]  trend -16%
        (current partial month 2026-08 excluded from trend)

  >>> REGIME: OPEN-BUT-LATE   |   DFIN trigger: NO-VALIDATED-TRIGGER (descriptive only; regime=OPEN-BUT-LATE). 3 tests negative: stock-frontrun, revenue-lead, contrarian all unproven.
  [-> deal_cycle_log.jsonl]


===== 2026-08-04 01:31 (desk) =====
=== DEAL-CYCLE MONITOR 2026-08-04  (READ-ONLY; DFIN frontrun) ===
  GATE: OPEN — HY 2.84% tight, VIX 15.99 calm — financing available
        HY OAS 2.84% (+0.1/1m) | VIX 15.99 (-0.16/1m)
  PIPELINE (complete months 2026-01..2026-07):
        IPO lead (DRS+S-1): [370, 320, 291, 364, 279, 219, 12]  trend -48%
        DRS (forward funnel): [80, 106, 121, 96, 55, 17, 0]  trend -78%  THINNING
        M&A lead (S-4+proxy): [162, 79, 93, 101, 120, 101, 8]  trend -16%
        (current partial month 2026-08 excluded from trend)

  >>> REGIME: OPEN-BUT-LATE   |   DFIN trigger: NO-VALIDATED-TRIGGER (descriptive only; regime=OPEN-BUT-LATE). 3 tests negative: stock-frontrun, revenue-lead, contrarian all unproven.
  [-> deal_cycle_log.jsonl]


===== 2026-08-05 02:36 (desk) =====
=== DEAL-CYCLE MONITOR 2026-08-05  (READ-ONLY; DFIN frontrun) ===
  GATE: OPEN — HY 2.78% tight, VIX 15.86 calm — financing available
        HY OAS 2.78% (+0.04/1m) | VIX 15.86 (+0.05/1m)
  PIPELINE (complete months 2026-01..2026-07):
        IPO lead (DRS+S-1): [370, 320, 291, 364, 279, 219, 12]  trend -48%
        DRS (forward funnel): [80, 106, 121, 96, 55, 17, 0]  trend -78%  THINNING
        M&A lead (S-4+proxy): [162, 79, 93, 101, 120, 101, 8]  trend -16%
        (current partial month 2026-08 excluded from trend)

  >>> REGIME: OPEN-BUT-LATE   |   DFIN trigger: NO-VALIDATED-TRIGGER (descriptive only; regime=OPEN-BUT-LATE). 3 tests negative: stock-frontrun, revenue-lead, contrarian all unproven.
  [-> deal_cycle_log.jsonl]


===== 2026-08-06 03:30 (desk) =====
=== DEAL-CYCLE MONITOR 2026-08-06  (READ-ONLY; DFIN frontrun) ===
  GATE: OPEN — HY 2.73% tight, VIX 16.5 calm — financing available
        HY OAS 2.73% (+0.01/1m) | VIX 16.5 (+0.93/1m)
  PIPELINE (complete months 2026-01..2026-07):
        IPO lead (DRS+S-1): [370, 320, 291, 364, 279, 219, 12]  trend -48%
        DRS (forward funnel): [80, 106, 121, 96, 55, 17, 0]  trend -78%  THINNING
        M&A lead (S-4+proxy): [162, 79, 93, 101, 120, 101, 8]  trend -16%
        (current partial month 2026-08 excluded from trend)

  >>> REGIME: OPEN-BUT-LATE   |   DFIN trigger: NO-VALIDATED-TRIGGER (descriptive only; regime=OPEN-BUT-LATE). 3 tests negative: stock-frontrun, revenue-lead, contrarian all unproven.
  [-> deal_cycle_log.jsonl]


===== 2026-08-07 03:30 (desk) =====
=== DEAL-CYCLE MONITOR 2026-08-07  (READ-ONLY; DFIN frontrun) ===
  GATE: OPEN — HY 2.75% tight, VIX 15.81 calm — financing available
        HY OAS 2.75% (+0.08/1m) | VIX 15.81 (-0.32/1m)
  PIPELINE (complete months 2026-01..2026-07):
        IPO lead (DRS+S-1): [370, 320, 291, 364, 279, 219, 12]  trend -48%
        DRS (forward funnel): [80, 106, 121, 96, 55, 17, 0]  trend -78%  THINNING
        M&A lead (S-4+proxy): [162, 79, 93, 101, 120, 101, 8]  trend -16%
        (current partial month 2026-08 excluded from trend)

  >>> REGIME: OPEN-BUT-LATE   |   DFIN trigger: NO-VALIDATED-TRIGGER (descriptive only; regime=OPEN-BUT-LATE). 3 tests negative: stock-frontrun, revenue-lead, contrarian all unproven.
  [-> deal_cycle_log.jsonl]


===== 2026-08-10 00:39 (desk) =====
=== DEAL-CYCLE MONITOR 2026-08-10  (READ-ONLY; DFIN frontrun) ===
  GATE: OPEN — HY 2.71% tight, VIX 15.15 calm — financing available
        HY OAS 2.71% (+0.01/1m) | VIX 15.15 (-1.75/1m)
  PIPELINE (complete months 2026-01..2026-07):
        IPO lead (DRS+S-1): [370, 320, 291, 364, 279, 219, 12]  trend -48%
        DRS (forward funnel): [80, 106, 121, 96, 55, 17, 0]  trend -78%  THINNING
        M&A lead (S-4+proxy): [162, 79, 93, 101, 120, 101, 8]  trend -16%
        (current partial month 2026-08 excluded from trend)

  >>> REGIME: OPEN-BUT-LATE   |   DFIN trigger: NO-VALIDATED-TRIGGER (descriptive only; regime=OPEN-BUT-LATE). 3 tests negative: stock-frontrun, revenue-lead, contrarian all unproven.
  [-> deal_cycle_log.jsonl]


===== 2026-08-11 01:37 (desk) =====
=== DEAL-CYCLE MONITOR 2026-08-11  (READ-ONLY; DFIN frontrun) ===
  GATE: OPEN — HY 2.7% tight, VIX 14.9 calm — financing available
        HY OAS 2.7% (+0.0/1m) | VIX 14.9 (-0.94/1m)
  PIPELINE (complete months 2026-01..2026-07):
        IPO lead (DRS+S-1): [370, 320, 291, 364, 279, 219, 12]  trend -48%
        DRS (forward funnel): [80, 106, 121, 96, 55, 17, 0]  trend -78%  THINNING
        M&A lead (S-4+proxy): [162, 79, 93, 101, 120, 101, 8]  trend -16%
        (current partial month 2026-08 excluded from trend)

  >>> REGIME: OPEN-BUT-LATE   |   DFIN trigger: NO-VALIDATED-TRIGGER (descriptive only; regime=OPEN-BUT-LATE). 3 tests negative: stock-frontrun, revenue-lead, contrarian all unproven.
  [-> deal_cycle_log.jsonl]


===== 2026-08-12 07:43 (desk) =====
=== DEAL-CYCLE MONITOR 2026-08-12  (READ-ONLY; DFIN frontrun) ===
  GATE: OPEN — HY 2.72% tight, VIX None calm — financing available

Traceback (most recent call last):
  File "/Library/Developer/CommandLineTools/Library/Frameworks/Python3.framework/Versions/3.9/lib/python3.9/runpy.py", line 197, in _run_module_as_main
    return _run_code(code, main_globals, None,
  File "/Library/Developer/CommandLineTools/Library/Frameworks/Python3.framework/Versions/3.9/lib/python3.9/runpy.py", line 87, in _run_code
    exec(code, run_globals)
  File "/Users/ajay/exalted/signalos/verticals/frontrun_engine/deal_cycle/monitor.py", line 123, in <module>
    main(include_bdc=("--no-bdc" not in sys.argv))
  File "/Users/ajay/exalted/signalos/verticals/frontrun_engine/deal_cycle/monitor.py", line 104, in main
    print(f"        HY OAS {c.get('hy_oas',{}).get('value')}% ({c.get('hy_oas',{}).get('chg_1m'):+}/1m) | "
TypeError: unsupported format string passed to NoneType.__format__

===== 2026-08-13 08:56 (desk) =====
=== DEAL-CYCLE MONITOR 2026-08-13  (READ-ONLY; DFIN frontrun) ===
  GATE: OPEN — HY 2.71% tight, VIX 14.55 calm — financing available
        HY OAS 2.71% (-0.01/1m) | VIX 14.55 (-1.95/1m)
  PIPELINE (complete months 2026-01..2026-07):
        IPO lead (DRS+S-1): [370, 320, 291, 364, 279, 219, 12]  trend -48%
        DRS (forward funnel): [80, 106, 121, 96, 55, 17, 0]  trend -78%  THINNING
        M&A lead (S-4+proxy): [162, 79, 93, 101, 120, 101, 8]  trend -16%
        (current partial month 2026-08 excluded from trend)

  >>> REGIME: OPEN-BUT-LATE   |   DFIN trigger: NO-VALIDATED-TRIGGER (descriptive only; regime=OPEN-BUT-LATE). 3 tests negative: stock-frontrun, revenue-lead, contrarian all unproven.
  [-> deal_cycle_log.jsonl]


===== 2026-08-14 09:42 (desk) =====
=== DEAL-CYCLE MONITOR 2026-08-14  (READ-ONLY; DFIN frontrun) ===
  GATE: OPEN — HY 2.71% tight, VIX 14.63 calm — financing available
        HY OAS 2.71% (+0.0/1m) | VIX 14.63 (-1.04/1m)
  PIPELINE (complete months 2026-01..2026-07):
        IPO lead (DRS+S-1): [370, 320, 291, 364, 279, 219, 12]  trend -48%
        DRS (forward funnel): [80, 106, 121, 96, 55, 17, 0]  trend -78%  THINNING
        M&A lead (S-4+proxy): [162, 79, 93, 101, 120, 101, 8]  trend -16%
        (current partial month 2026-08 excluded from trend)

  >>> REGIME: OPEN-BUT-LATE   |   DFIN trigger: NO-VALIDATED-TRIGGER (descriptive only; regime=OPEN-BUT-LATE). 3 tests negative: stock-frontrun, revenue-lead, contrarian all unproven.
  [-> deal_cycle_log.jsonl]


===== 2026-08-17 08:44 (desk) =====
=== DEAL-CYCLE MONITOR 2026-08-17  (READ-ONLY; DFIN frontrun) ===
  GATE: OPEN — HY 2.67% tight, VIX 14.25 calm — financing available
        HY OAS 2.67% (-0.04/1m) | VIX 14.25 (-2.48/1m)
  PIPELINE (complete months 2026-01..2026-07):
        IPO lead (DRS+S-1): [370, 320, 291, 364, 279, 219, 12]  trend -48%
        DRS (forward funnel): [80, 106, 121, 96, 55, 17, 0]  trend -78%  THINNING
        M&A lead (S-4+proxy): [162, 79, 93, 101, 120, 101, 8]  trend -16%
        (current partial month 2026-08 excluded from trend)

  >>> REGIME: OPEN-BUT-LATE   |   DFIN trigger: NO-VALIDATED-TRIGGER (descriptive only; regime=OPEN-BUT-LATE). 3 tests negative: stock-frontrun, revenue-lead, contrarian all unproven.
  [-> deal_cycle_log.jsonl]


===== 2026-09-11 01:03 (desk) =====
=== DEAL-CYCLE MONITOR 2026-09-11  (READ-ONLY; DFIN frontrun) ===
  GATE: OPEN — HY 2.71% tight, VIX 16.46 calm — financing available
        HY OAS 2.71% (-0.01/1m) | VIX 16.46 (+1.18/1m)
  PIPELINE (complete months 2026-02..2026-07):
        IPO lead (DRS+S-1): [320, 291, 364, 279, 219, 12]  trend -48%
        DRS (forward funnel): [106, 121, 96, 55, 17, 0]  trend -78%  THINNING
        M&A lead (S-4+proxy): [79, 93, 101, 120, 101, 8]  trend -16%
        (current partial month 2026-09 excluded from trend)

  >>> REGIME: OPEN-BUT-LATE   |   DFIN trigger: NO-VALIDATED-TRIGGER (descriptive only; regime=OPEN-BUT-LATE). 3 tests negative: stock-frontrun, revenue-lead, contrarian all unproven.
  [-> deal_cycle_log.jsonl]

