
===== 2026-07-02 09:30 (desk) =====
=== BKE MONTHLY COMPS  2026-07-02 ===
   latest: The Buckle, Inc. Reports May 2026 Net Sales  (comp % not parsed — read the PR: https://corporate.buckle.com/investor-relations/press-releases/press-release-details/2026/The-Buckle-Inc--Reports-May-2026-Net-Sales/default.aspx)
   history: +5.1 +2.2
   comps positive — melt falsifier NOT triggered (anti-melt tell intact)
[-> bke_monthly_comps.json]


===== 2026-07-09 09:33 (desk) =====
=== BKE MONTHLY COMPS  2026-07-09 ===
   latest: The Buckle, Inc. Reports June 2026 Net Sales  (comp % not parsed — read the PR: https://corporate.buckle.com/investor-relations/press-releases/press-release-details/2026/The-Buckle-Inc--Reports-June-2026-Net-Sales/default.aspx)
   history: +5.1 +2.2
   comps positive — melt falsifier NOT triggered (anti-melt tell intact)
[-> bke_monthly_comps.json]


===== 2026-07-16 10:30 (desk) =====
=== BKE MONTHLY COMPS  2026-07-16 ===
   latest: The Buckle, Inc. Reports June 2026 Net Sales  (comp % not parsed — read the PR: https://corporate.buckle.com/investor-relations/press-releases/press-release-details/2026/The-Buckle-Inc--Reports-June-2026-Net-Sales/default.aspx)
   history: +5.1 +2.2
   comps positive — melt falsifier NOT triggered (anti-melt tell intact)
[-> bke_monthly_comps.json]


===== 2026-07-23 10:30 (desk) =====
=== BKE MONTHLY COMPS  2026-07-23 ===
   latest: The Buckle, Inc. Reports June 2026 Net Sales  (comp % not parsed — read the PR: https://corporate.buckle.com/investor-relations/press-releases/press-release-details/2026/The-Buckle-Inc--Reports-June-2026-Net-Sales/default.aspx)
   history: +5.1 +2.2
   comps positive — melt falsifier NOT triggered (anti-melt tell intact)
[-> bke_monthly_comps.json]


===== 2026-07-30 10:35 (desk) =====
=== BKE MONTHLY COMPS  2026-07-30 ===
   latest: The Buckle, Inc. Reports June 2026 Net Sales  (comp % not parsed — read the PR: https://corporate.buckle.com/investor-relations/press-releases/press-release-details/2026/The-Buckle-Inc--Reports-June-2026-Net-Sales/default.aspx)
   history: +5.1 +2.2
   comps positive — melt falsifier NOT triggered (anti-melt tell intact)
[-> bke_monthly_comps.json]


===== 2026-08-06 11:30 (desk) =====
=== BKE MONTHLY COMPS  2026-08-06 ===
   latest: The Buckle, Inc. Reports July 2026 Net Sales  (comp % not parsed — read the PR: https://corporate.buckle.com/investor-relations/press-releases/press-release-details/2026/The-Buckle-Inc--Reports-July-2026-Net-Sales/default.aspx)
   history: +5.1 +2.2
   comps positive — melt falsifier NOT triggered (anti-melt tell intact)
[-> bke_monthly_comps.json]


===== 2026-08-13 20:36 (desk) =====
=== BKE MONTHLY COMPS  2026-08-13 ===
   latest: The Buckle, Inc. Reports July 2026 Net Sales  (comp % not parsed — read the PR: https://corporate.buckle.com/investor-relations/press-releases/press-release-details/2026/The-Buckle-Inc--Reports-July-2026-Net-Sales/default.aspx)
   history: +5.1 +2.2
   comps positive — melt falsifier NOT triggered (anti-melt tell intact)
[-> bke_monthly_comps.json]


===== 2026-08-13 22:12 (desk) =====
=== BKE MONTHLY COMPS  2026-08-13 ===
   latest: The Buckle, Inc. Reports July 2026 Net Sales  (comp % not parsed — read the PR: https://corporate.buckle.com/investor-relations/press-releases/press-release-details/2026/The-Buckle-Inc--Reports-July-2026-Net-Sales/default.aspx)
   history: +5.1 +2.2
   comps positive — melt falsifier NOT triggered (anti-melt tell intact)
[-> bke_monthly_comps.json]


===== 2026-09-11 01:42 (desk) =====
=== BKE MONTHLY COMPS  2026-09-11 ===
   latest: The Buckle, Inc. Reports August 2026 Net Sales  (comp % not parsed — read the PR: https://corporate.buckle.com/investor-relations/press-releases/press-release-details/2026/The-Buckle-Inc--Reports-August-2026-Net-Sales/default.aspx)
   history: +5.1 +2.2
   comps positive — melt falsifier NOT triggered (anti-melt tell intact)
[-> bke_monthly_comps.json]

