
===== 2026-07-02 00:32 (desk) =====
=== IMPORT ANOMALY SCANNER  2026-07-02  (window 2026-02..2026-04; 352 HS4 categories >= $150M/qtr) ===
  TOP ACCELERATING (thesis-seed candidates — who benefits/supplies/distributes?):
   1007  GRAIN SORGHUM                                        t3 $   547M  yoy  +679.9%  accel  +649.0pp  z+10.7
   7112  WASTE & SCRAP OF PREC METAL OR OTHER CONT PREC MTL   t3 $ 3,913M  yoy  +246.0%  accel  +215.7pp  z +3.5
   2607  LEAD ORES AND CONCENTRATES                           t3 $   341M  yoy  +112.7%  accel  +133.2pp  z +2.2
   7118  COIN                                                 t3 $ 1,042M  yoy  +219.7%  accel  +113.3pp  z +1.8
   9306  BOMBS, GRENADES ETC; CARTRIDGES ETC AND PARTS        t3 $ 1,974M  yoy   +97.1%  accel  +101.2pp  z +1.6
   2937  HORMONES; DERIVATIVES & STERIODS USED AS HORMONES    t3 $ 4,789M  yoy   +90.1%  accel   +94.3pp  z +1.5
   2707  OILS ETC FROM HIGH TEMP COAL TAR; SIM AROMATIC ETC   t3 $   192M  yoy   +58.1%  accel   +79.4pp  z +1.3
   7110  PLATINUM, UNWROUGHT, SEMIMFR FORMS OR IN POWDER FM   t3 $ 3,328M  yoy  +130.6%  accel   +75.7pp  z +1.2
   1201  SOYBEANS, WHETHER OR NOT BROKEN                      t3 $ 5,116M  yoy   +32.3%  accel   +69.0pp  z +1.1
   2814  AMMONIA, ANHYDROUS OR IN AQUEOUS SOLUTION            t3 $   198M  yoy  +112.0%  accel   +64.9pp  z +1.0
   3104  MINERAL OR CHEMICAL FERTILIZERS, POTASSIC            t3 $   483M  yoy   +55.0%  accel   +60.8pp  z +0.9
   3102  MINERAL OR CHEMICAL FERTILIZERS, NITROGENOUS         t3 $   344M  yoy   +35.3%  accel   +58.3pp  z +0.9
   2709  CRUDE OIL FROM PETROLEUM AND BITUMINOUS MINERALS     t3 $35,820M  yoy   +38.6%  accel   +56.2pp  z +0.9
   8903  YACHTS & OTHER VESSELS FOR PLEAS ETC; ROW BOAT ETC   t3 $   608M  yoy   +30.6%  accel   +55.9pp  z +0.9
   7601  ALUMINUM, UNWROUGHT                                  t3 $   438M  yoy   +30.8%  accel   +53.0pp  z +0.8
  TOP DECELERATING (rollover tells — who's exposed?):
   7106  SILVER (INCL PREC PLATED), UNWR, SEMIMFR OR POWDER   t3 $ 9,717M  yoy +1332.2%  accel  -597.4pp  z-10.0
   7115  ARTICLES OF OR CLAD WITH PRECIOUS METAL NESOI        t3 $ 1,163M  yoy   -86.9%  accel  -352.3pp  z -5.9
   7108  GOLD (INCL PLAT PLATED), UNWR, SEMIMFR OR POWDER     t3 $46,021M  yoy  +124.4%  accel  -232.1pp  z -3.9
   8710  TANK & OT ARMORED FIGHT VEH, MOTORIZED; AND PARTS    t3 $   741M  yoy   +25.4%  accel  -219.9pp  z -3.7
   2716  ELECTRICAL ENERGY                                    t3 $   169M  yoy   -27.9%  accel  -188.3pp  z -3.2
   2616  PRECIOUS METAL ORES AND CONCENTRATES                 t3 $   160M  yoy   +30.5%  accel  -141.7pp  z -2.4
   0405  BUTTER AND OTHER FATS AND OILS DERIVED FROM MILK     t3 $   186M  yoy   +49.6%  accel  -107.7pp  z -1.8
   9301  MILITARY WEAPONS EX REVOLVERS PISTOLS LANCES ETC     t3 $   270M  yoy   +13.3%  accel   -91.0pp  z -1.6
   7402  UNREFND CPPR; CPPR ANODS F ELCTROLTC REFINING        t3 $   170M  yoy   +53.1%  accel   -65.6pp  z -1.1
   8401  NUCLEAR REACTORS; FUEL ELEM (N-I); MACH ISOTOP SEP   t3 $   168M  yoy   -25.0%  accel   -42.1pp  z -0.8
  PROMOTE: hand the top movers to a SignalOS vehicle-mapping pass (category -> consignees -> tickers -> seed).
[-> EXPORT_ANOMALIES.json]


===== 2026-07-09 01:32 (desk) =====
=== IMPORT ANOMALY SCANNER  2026-07-09  (window 2026-03..2026-05; 363 HS4 categories >= $150M/qtr) ===
  TOP ACCELERATING (thesis-seed candidates — who benefits/supplies/distributes?):
   2503  SULFUR OF ALL KINDS NESOI                            t3 $   517M  yoy  +483.5%  accel  +365.3pp  z +2.0
   1007  GRAIN SORGHUM                                        t3 $   498M  yoy  +395.0%  accel  +238.0pp  z +1.3
   8401  NUCLEAR REACTORS; FUEL ELEM (N-I); MACH ISOTOP SEP   t3 $   245M  yoy  +118.3%  accel  +183.1pp  z +1.0
   7112  WASTE & SCRAP OF PREC METAL OR OTHER CONT PREC MTL   t3 $ 3,726M  yoy  +245.3%  accel  +175.2pp  z +1.0
   8707  BODIES (INCLUDING CABS), FOR SPECIF MOTOR VEHICLES   t3 $   169M  yoy  +100.4%  accel  +109.2pp  z +0.6
   2709  CRUDE OIL FROM PETROLEUM AND BITUMINOUS MINERALS     t3 $47,009M  yoy   +93.4%  accel  +106.8pp  z +0.6
   2814  AMMONIA, ANHYDROUS OR IN AQUEOUS SOLUTION            t3 $   281M  yoy  +165.7%  accel  +102.2pp  z +0.6
   3102  MINERAL OR CHEMICAL FERTILIZERS, NITROGENOUS         t3 $   399M  yoy   +61.3%  accel   +86.0pp  z +0.5
   7601  ALUMINUM, UNWROUGHT                                  t3 $   481M  yoy   +60.3%  accel   +80.6pp  z +0.5
   7411  COPPER TUBES AND PIPES                               t3 $   203M  yoy  +138.2%  accel   +78.4pp  z +0.5
   0102  BOVINE ANIMALS, LIVE                                 t3 $   225M  yoy  +108.8%  accel   +68.6pp  z +0.4
   9706  ANTIQUES OF AN AGE EXCEEDING ONE HUNDRED YEARS       t3 $   226M  yoy   +16.6%  accel   +65.8pp  z +0.4
   8547  INSULATING FITTINGS FOR ASSEMBLY NESOI               t3 $   176M  yoy   +70.3%  accel   +59.1pp  z +0.3
   2710  OIL (NOT CRUDE) FROM PETROL & BITUM MINERAL ETC.     t3 $41,278M  yoy   +57.3%  accel   +57.9pp  z +0.3
   2901  ACYCLIC HYDROCARBONS                                 t3 $ 3,439M  yoy   +42.5%  accel   +49.2pp  z +0.3
  TOP DECELERATING (rollover tells — who's exposed?):
   7106  SILVER (INCL PREC PLATED), UNWR, SEMIMFR OR POWDER   t3 $ 5,531M  yoy  +402.5%  accel -3352.4pp  z-18.4
   7115  ARTICLES OF OR CLAD WITH PRECIOUS METAL NESOI        t3 $   385M  yoy   -97.7%  accel  -369.6pp  z -2.0
   7108  GOLD (INCL PLAT PLATED), UNWR, SEMIMFR OR POWDER     t3 $33,559M  yoy   +57.8%  accel  -219.9pp  z -1.2
   8710  TANK & OT ARMORED FIGHT VEH, MOTORIZED; AND PARTS    t3 $   895M  yoy   +64.1%  accel  -201.7pp  z -1.1
   7402  UNREFND CPPR; CPPR ANODS F ELCTROLTC REFINING        t3 $   163M  yoy   +26.1%  accel  -156.4pp  z -0.8
   9301  MILITARY WEAPONS EX REVOLVERS PISTOLS LANCES ETC     t3 $   254M  yoy    -8.7%  accel  -147.7pp  z -0.8
   7118  COIN                                                 t3 $   705M  yoy  +121.0%  accel  -131.2pp  z -0.7
   2716  ELECTRICAL ENERGY                                    t3 $   154M  yoy   -20.9%  accel  -119.3pp  z -0.6
   2937  HORMONES; DERIVATIVES & STERIODS USED AS HORMONES    t3 $ 3,378M  yoy   +17.4%  accel   -92.4pp  z -0.5
   7110  PLATINUM, UNWROUGHT, SEMIMFR FORMS OR IN POWDER FM   t3 $ 2,793M  yoy   +77.9%  accel   -59.9pp  z -0.3
  PROMOTE: hand the top movers to a SignalOS vehicle-mapping pass (category -> consignees -> tickers -> seed).
[-> EXPORT_ANOMALIES.json]


===== 2026-07-16 02:31 (desk) =====
=== IMPORT ANOMALY SCANNER  2026-07-16  (window 2026-03..2026-05; 363 HS4 categories >= $150M/qtr) ===
  TOP ACCELERATING (thesis-seed candidates — who benefits/supplies/distributes?):
   2503  SULFUR OF ALL KINDS NESOI                            t3 $   517M  yoy  +483.5%  accel  +365.3pp  z +2.0
   1007  GRAIN SORGHUM                                        t3 $   498M  yoy  +395.0%  accel  +238.0pp  z +1.3
   8401  NUCLEAR REACTORS; FUEL ELEM (N-I); MACH ISOTOP SEP   t3 $   245M  yoy  +118.3%  accel  +183.1pp  z +1.0
   7112  WASTE & SCRAP OF PREC METAL OR OTHER CONT PREC MTL   t3 $ 3,726M  yoy  +245.3%  accel  +175.2pp  z +1.0
   8707  BODIES (INCLUDING CABS), FOR SPECIF MOTOR VEHICLES   t3 $   169M  yoy  +100.4%  accel  +109.2pp  z +0.6
   2709  CRUDE OIL FROM PETROLEUM AND BITUMINOUS MINERALS     t3 $47,009M  yoy   +93.4%  accel  +106.8pp  z +0.6
   2814  AMMONIA, ANHYDROUS OR IN AQUEOUS SOLUTION            t3 $   281M  yoy  +165.7%  accel  +102.2pp  z +0.6
   3102  MINERAL OR CHEMICAL FERTILIZERS, NITROGENOUS         t3 $   399M  yoy   +61.3%  accel   +86.0pp  z +0.5
   7601  ALUMINUM, UNWROUGHT                                  t3 $   481M  yoy   +60.3%  accel   +80.6pp  z +0.5
   7411  COPPER TUBES AND PIPES                               t3 $   203M  yoy  +138.2%  accel   +78.4pp  z +0.5
   0102  BOVINE ANIMALS, LIVE                                 t3 $   225M  yoy  +108.8%  accel   +68.6pp  z +0.4
   9706  ANTIQUES OF AN AGE EXCEEDING ONE HUNDRED YEARS       t3 $   226M  yoy   +16.6%  accel   +65.8pp  z +0.4
   8547  INSULATING FITTINGS FOR ASSEMBLY NESOI               t3 $   176M  yoy   +70.3%  accel   +59.1pp  z +0.3
   2710  OIL (NOT CRUDE) FROM PETROL & BITUM MINERAL ETC.     t3 $41,278M  yoy   +57.3%  accel   +57.9pp  z +0.3
   2901  ACYCLIC HYDROCARBONS                                 t3 $ 3,439M  yoy   +42.5%  accel   +49.2pp  z +0.3
  TOP DECELERATING (rollover tells — who's exposed?):
   7106  SILVER (INCL PREC PLATED), UNWR, SEMIMFR OR POWDER   t3 $ 5,531M  yoy  +402.5%  accel -3352.4pp  z-18.4
   7115  ARTICLES OF OR CLAD WITH PRECIOUS METAL NESOI        t3 $   385M  yoy   -97.7%  accel  -369.6pp  z -2.0
   7108  GOLD (INCL PLAT PLATED), UNWR, SEMIMFR OR POWDER     t3 $33,559M  yoy   +57.8%  accel  -219.9pp  z -1.2
   8710  TANK & OT ARMORED FIGHT VEH, MOTORIZED; AND PARTS    t3 $   895M  yoy   +64.1%  accel  -201.7pp  z -1.1
   7402  UNREFND CPPR; CPPR ANODS F ELCTROLTC REFINING        t3 $   163M  yoy   +26.1%  accel  -156.4pp  z -0.8
   9301  MILITARY WEAPONS EX REVOLVERS PISTOLS LANCES ETC     t3 $   254M  yoy    -8.7%  accel  -147.7pp  z -0.8
   7118  COIN                                                 t3 $   705M  yoy  +121.0%  accel  -131.2pp  z -0.7
   2716  ELECTRICAL ENERGY                                    t3 $   154M  yoy   -20.9%  accel  -119.3pp  z -0.6
   2937  HORMONES; DERIVATIVES & STERIODS USED AS HORMONES    t3 $ 3,378M  yoy   +17.4%  accel   -92.4pp  z -0.5
   7110  PLATINUM, UNWROUGHT, SEMIMFR FORMS OR IN POWDER FM   t3 $ 2,793M  yoy   +77.9%  accel   -59.9pp  z -0.3
  PROMOTE: hand the top movers to a SignalOS vehicle-mapping pass (category -> consignees -> tickers -> seed).
[-> EXPORT_ANOMALIES.json]


===== 2026-07-23 03:38 (desk) =====
=== IMPORT ANOMALY SCANNER  2026-07-23  (window 2026-03..2026-05; 363 HS4 categories >= $150M/qtr) ===
  TOP ACCELERATING (thesis-seed candidates — who benefits/supplies/distributes?):
   2503  SULFUR OF ALL KINDS NESOI                            t3 $   517M  yoy  +483.5%  accel  +365.3pp  z +2.0
   1007  GRAIN SORGHUM                                        t3 $   498M  yoy  +395.0%  accel  +238.0pp  z +1.3
   8401  NUCLEAR REACTORS; FUEL ELEM (N-I); MACH ISOTOP SEP   t3 $   245M  yoy  +118.3%  accel  +183.1pp  z +1.0
   7112  WASTE & SCRAP OF PREC METAL OR OTHER CONT PREC MTL   t3 $ 3,726M  yoy  +245.3%  accel  +175.2pp  z +1.0
   8707  BODIES (INCLUDING CABS), FOR SPECIF MOTOR VEHICLES   t3 $   169M  yoy  +100.4%  accel  +109.2pp  z +0.6
   2709  CRUDE OIL FROM PETROLEUM AND BITUMINOUS MINERALS     t3 $47,009M  yoy   +93.4%  accel  +106.8pp  z +0.6
   2814  AMMONIA, ANHYDROUS OR IN AQUEOUS SOLUTION            t3 $   281M  yoy  +165.7%  accel  +102.2pp  z +0.6
   3102  MINERAL OR CHEMICAL FERTILIZERS, NITROGENOUS         t3 $   399M  yoy   +61.3%  accel   +86.0pp  z +0.5
   7601  ALUMINUM, UNWROUGHT                                  t3 $   481M  yoy   +60.3%  accel   +80.6pp  z +0.5
   7411  COPPER TUBES AND PIPES                               t3 $   203M  yoy  +138.2%  accel   +78.4pp  z +0.5
   0102  BOVINE ANIMALS, LIVE                                 t3 $   225M  yoy  +108.8%  accel   +68.6pp  z +0.4
   9706  ANTIQUES OF AN AGE EXCEEDING ONE HUNDRED YEARS       t3 $   226M  yoy   +16.6%  accel   +65.8pp  z +0.4
   8547  INSULATING FITTINGS FOR ASSEMBLY NESOI               t3 $   176M  yoy   +70.3%  accel   +59.1pp  z +0.3
   2710  OIL (NOT CRUDE) FROM PETROL & BITUM MINERAL ETC.     t3 $41,278M  yoy   +57.3%  accel   +57.9pp  z +0.3
   2901  ACYCLIC HYDROCARBONS                                 t3 $ 3,439M  yoy   +42.5%  accel   +49.2pp  z +0.3
  TOP DECELERATING (rollover tells — who's exposed?):
   7106  SILVER (INCL PREC PLATED), UNWR, SEMIMFR OR POWDER   t3 $ 5,531M  yoy  +402.5%  accel -3352.4pp  z-18.4
   7115  ARTICLES OF OR CLAD WITH PRECIOUS METAL NESOI        t3 $   385M  yoy   -97.7%  accel  -369.6pp  z -2.0
   7108  GOLD (INCL PLAT PLATED), UNWR, SEMIMFR OR POWDER     t3 $33,559M  yoy   +57.8%  accel  -219.9pp  z -1.2
   8710  TANK & OT ARMORED FIGHT VEH, MOTORIZED; AND PARTS    t3 $   895M  yoy   +64.1%  accel  -201.7pp  z -1.1
   7402  UNREFND CPPR; CPPR ANODS F ELCTROLTC REFINING        t3 $   163M  yoy   +26.1%  accel  -156.4pp  z -0.8
   9301  MILITARY WEAPONS EX REVOLVERS PISTOLS LANCES ETC     t3 $   254M  yoy    -8.7%  accel  -147.7pp  z -0.8
   7118  COIN                                                 t3 $   705M  yoy  +121.0%  accel  -131.2pp  z -0.7
   2716  ELECTRICAL ENERGY                                    t3 $   154M  yoy   -20.9%  accel  -119.3pp  z -0.6
   2937  HORMONES; DERIVATIVES & STERIODS USED AS HORMONES    t3 $ 3,378M  yoy   +17.4%  accel   -92.4pp  z -0.5
   7110  PLATINUM, UNWROUGHT, SEMIMFR FORMS OR IN POWDER FM   t3 $ 2,793M  yoy   +77.9%  accel   -59.9pp  z -0.3
  PROMOTE: hand the top movers to a SignalOS vehicle-mapping pass (category -> consignees -> tickers -> seed).
[-> EXPORT_ANOMALIES.json]


===== 2026-07-30 04:34 (desk) =====
=== IMPORT ANOMALY SCANNER  2026-07-30  (window 2026-03..2026-05; 363 HS4 categories >= $150M/qtr) ===
  TOP ACCELERATING (thesis-seed candidates — who benefits/supplies/distributes?):
   2503  SULFUR OF ALL KINDS NESOI                            t3 $   517M  yoy  +483.5%  accel  +365.3pp  z +2.0
   1007  GRAIN SORGHUM                                        t3 $   498M  yoy  +395.0%  accel  +238.0pp  z +1.3
   8401  NUCLEAR REACTORS; FUEL ELEM (N-I); MACH ISOTOP SEP   t3 $   245M  yoy  +118.3%  accel  +183.1pp  z +1.0
   7112  WASTE & SCRAP OF PREC METAL OR OTHER CONT PREC MTL   t3 $ 3,726M  yoy  +245.3%  accel  +175.2pp  z +1.0
   8707  BODIES (INCLUDING CABS), FOR SPECIF MOTOR VEHICLES   t3 $   169M  yoy  +100.4%  accel  +109.2pp  z +0.6
   2709  CRUDE OIL FROM PETROLEUM AND BITUMINOUS MINERALS     t3 $47,009M  yoy   +93.4%  accel  +106.8pp  z +0.6
   2814  AMMONIA, ANHYDROUS OR IN AQUEOUS SOLUTION            t3 $   281M  yoy  +165.7%  accel  +102.2pp  z +0.6
   3102  MINERAL OR CHEMICAL FERTILIZERS, NITROGENOUS         t3 $   399M  yoy   +61.3%  accel   +86.0pp  z +0.5
   7601  ALUMINUM, UNWROUGHT                                  t3 $   481M  yoy   +60.3%  accel   +80.6pp  z +0.5
   7411  COPPER TUBES AND PIPES                               t3 $   203M  yoy  +138.2%  accel   +78.4pp  z +0.5
   0102  BOVINE ANIMALS, LIVE                                 t3 $   225M  yoy  +108.8%  accel   +68.6pp  z +0.4
   9706  ANTIQUES OF AN AGE EXCEEDING ONE HUNDRED YEARS       t3 $   226M  yoy   +16.6%  accel   +65.8pp  z +0.4
   8547  INSULATING FITTINGS FOR ASSEMBLY NESOI               t3 $   176M  yoy   +70.3%  accel   +59.1pp  z +0.3
   2710  OIL (NOT CRUDE) FROM PETROL & BITUM MINERAL ETC.     t3 $41,278M  yoy   +57.3%  accel   +57.9pp  z +0.3
   2901  ACYCLIC HYDROCARBONS                                 t3 $ 3,439M  yoy   +42.5%  accel   +49.2pp  z +0.3
  TOP DECELERATING (rollover tells — who's exposed?):
   7106  SILVER (INCL PREC PLATED), UNWR, SEMIMFR OR POWDER   t3 $ 5,531M  yoy  +402.5%  accel -3352.4pp  z-18.4
   7115  ARTICLES OF OR CLAD WITH PRECIOUS METAL NESOI        t3 $   385M  yoy   -97.7%  accel  -369.6pp  z -2.0
   7108  GOLD (INCL PLAT PLATED), UNWR, SEMIMFR OR POWDER     t3 $33,559M  yoy   +57.8%  accel  -219.9pp  z -1.2
   8710  TANK & OT ARMORED FIGHT VEH, MOTORIZED; AND PARTS    t3 $   895M  yoy   +64.1%  accel  -201.7pp  z -1.1
   7402  UNREFND CPPR; CPPR ANODS F ELCTROLTC REFINING        t3 $   163M  yoy   +26.1%  accel  -156.4pp  z -0.8
   9301  MILITARY WEAPONS EX REVOLVERS PISTOLS LANCES ETC     t3 $   254M  yoy    -8.7%  accel  -147.7pp  z -0.8
   7118  COIN                                                 t3 $   705M  yoy  +121.0%  accel  -131.2pp  z -0.7
   2716  ELECTRICAL ENERGY                                    t3 $   154M  yoy   -20.9%  accel  -119.3pp  z -0.6
   2937  HORMONES; DERIVATIVES & STERIODS USED AS HORMONES    t3 $ 3,378M  yoy   +17.4%  accel   -92.4pp  z -0.5
   7110  PLATINUM, UNWROUGHT, SEMIMFR FORMS OR IN POWDER FM   t3 $ 2,793M  yoy   +77.9%  accel   -59.9pp  z -0.3
  PROMOTE: hand the top movers to a SignalOS vehicle-mapping pass (category -> consignees -> tickers -> seed).
[-> EXPORT_ANOMALIES.json]


===== 2026-08-06 05:30 (desk) =====
=== IMPORT ANOMALY SCANNER  2026-08-06  (window 2026-04..2026-06; 359 HS4 categories >= $150M/qtr) ===
  TOP ACCELERATING (thesis-seed candidates — who benefits/supplies/distributes?):
   2814  AMMONIA, ANHYDROUS OR IN AQUEOUS SOLUTION            t3 $   278M  yoy  +266.0%  accel  +205.5pp  z +0.9
   7411  COPPER TUBES AND PIPES                               t3 $   283M  yoy  +237.9%  accel  +172.7pp  z +0.8
   2503  SULFUR OF ALL KINDS NESOI                            t3 $   590M  yoy  +398.1%  accel  +133.1pp  z +0.6
   2709  CRUDE OIL FROM PETROLEUM AND BITUMINOUS MINERALS     t3 $49,915M  yoy  +116.0%  accel  +119.8pp  z +0.6
   8401  NUCLEAR REACTORS; FUEL ELEM (N-I); MACH ISOTOP SEP   t3 $   192M  yoy   +81.5%  accel  +108.4pp  z +0.5
   8547  INSULATING FITTINGS FOR ASSEMBLY NESOI               t3 $   185M  yoy   +84.7%  accel   +70.5pp  z +0.3
   2902  CYCLIC HYDROCARBONS                                  t3 $   999M  yoy   +31.5%  accel   +64.1pp  z +0.3
   7601  ALUMINUM, UNWROUGHT                                  t3 $   479M  yoy   +67.9%  accel   +62.4pp  z +0.3
   2844  RADIOACTIVE CHEMICAL ELEMENTS & ISOTOPES ETC.        t3 $   401M  yoy   +18.3%  accel   +61.1pp  z +0.3
   3102  MINERAL OR CHEMICAL FERTILIZERS, NITROGENOUS         t3 $   413M  yoy   +65.4%  accel   +53.3pp  z +0.3
   8538  PARTS FOR ELEC APPAR ETC OF HEAD 8535, 8536 & 8537   t3 $ 2,080M  yoy   +63.9%  accel   +53.3pp  z +0.3
   8802  AIRCRAFT, POWERED; SPACECRAFT & LAUNCH VEHICLES      t3 $   259M  yoy   +34.9%  accel   +52.2pp  z +0.3
   7102  DIAMONDS, WORKED OR NOT, NOT MOUNTED OR SET          t3 $ 1,595M  yoy    -6.2%  accel   +51.8pp  z +0.3
   0102  BOVINE ANIMALS, LIVE                                 t3 $   220M  yoy   +92.2%  accel   +46.6pp  z +0.2
   7103  PRECIOUS NESOI & SEMIPREC STONES, NOT STRUNG ETC     t3 $   837M  yoy   +18.8%  accel   +46.1pp  z +0.2
  TOP DECELERATING (rollover tells — who's exposed?):
   7106  SILVER (INCL PREC PLATED), UNWR, SEMIMFR OR POWDER   t3 $ 2,586M  yoy   +89.0%  accel -4241.3pp  z-18.6
   7115  ARTICLES OF OR CLAD WITH PRECIOUS METAL NESOI        t3 $   364M  yoy   -98.1%  accel  -357.4pp  z -1.5
   1007  GRAIN SORGHUM                                        t3 $   443M  yoy  +343.3%  accel  -275.2pp  z -1.2
   9301  MILITARY WEAPONS EX REVOLVERS PISTOLS LANCES ETC     t3 $   164M  yoy   -51.3%  accel  -255.0pp  z -1.1
   7108  GOLD (INCL PLAT PLATED), UNWR, SEMIMFR OR POWDER     t3 $25,595M  yoy   +39.2%  accel  -243.0pp  z -1.0
   8710  TANK & OT ARMORED FIGHT VEH, MOTORIZED; AND PARTS    t3 $   840M  yoy   +58.7%  accel  -217.7pp  z -0.9
   7118  COIN                                                 t3 $   591M  yoy  +107.3%  accel  -122.7pp  z -0.5
   7110  PLATINUM, UNWROUGHT, SEMIMFR FORMS OR IN POWDER FM   t3 $ 2,424M  yoy   +47.2%  accel   -99.4pp  z -0.4
   2937  HORMONES; DERIVATIVES & STERIODS USED AS HORMONES    t3 $ 4,035M  yoy   -10.1%  accel   -88.7pp  z -0.4
   2607  LEAD ORES AND CONCENTRATES                           t3 $   204M  yoy   +41.3%  accel   -79.5pp  z -0.3
  PROMOTE: hand the top movers to a SignalOS vehicle-mapping pass (category -> consignees -> tickers -> seed).
[-> EXPORT_ANOMALIES.json]


===== 2026-08-13 09:11 (desk) =====
=== IMPORT ANOMALY SCANNER  2026-08-13  (window 2026-04..2026-06; 359 HS4 categories >= $150M/qtr) ===
  TOP ACCELERATING (thesis-seed candidates — who benefits/supplies/distributes?):
   2814  AMMONIA, ANHYDROUS OR IN AQUEOUS SOLUTION            t3 $   278M  yoy  +266.0%  accel  +205.5pp  z +0.9
   7411  COPPER TUBES AND PIPES                               t3 $   283M  yoy  +237.9%  accel  +172.7pp  z +0.8
   2503  SULFUR OF ALL KINDS NESOI                            t3 $   590M  yoy  +398.1%  accel  +133.1pp  z +0.6
   2709  CRUDE OIL FROM PETROLEUM AND BITUMINOUS MINERALS     t3 $49,915M  yoy  +116.0%  accel  +119.8pp  z +0.6
   8401  NUCLEAR REACTORS; FUEL ELEM (N-I); MACH ISOTOP SEP   t3 $   192M  yoy   +81.5%  accel  +108.4pp  z +0.5
   8547  INSULATING FITTINGS FOR ASSEMBLY NESOI               t3 $   185M  yoy   +84.7%  accel   +70.5pp  z +0.3
   2902  CYCLIC HYDROCARBONS                                  t3 $   999M  yoy   +31.5%  accel   +64.1pp  z +0.3
   7601  ALUMINUM, UNWROUGHT                                  t3 $   479M  yoy   +67.9%  accel   +62.4pp  z +0.3
   2844  RADIOACTIVE CHEMICAL ELEMENTS & ISOTOPES ETC.        t3 $   401M  yoy   +18.3%  accel   +61.1pp  z +0.3
   3102  MINERAL OR CHEMICAL FERTILIZERS, NITROGENOUS         t3 $   413M  yoy   +65.4%  accel   +53.3pp  z +0.3
   8538  PARTS FOR ELEC APPAR ETC OF HEAD 8535, 8536 & 8537   t3 $ 2,080M  yoy   +63.9%  accel   +53.3pp  z +0.3
   8802  AIRCRAFT, POWERED; SPACECRAFT & LAUNCH VEHICLES      t3 $   259M  yoy   +34.9%  accel   +52.2pp  z +0.3
   7102  DIAMONDS, WORKED OR NOT, NOT MOUNTED OR SET          t3 $ 1,595M  yoy    -6.2%  accel   +51.8pp  z +0.3
   0102  BOVINE ANIMALS, LIVE                                 t3 $   220M  yoy   +92.2%  accel   +46.6pp  z +0.2
   7103  PRECIOUS NESOI & SEMIPREC STONES, NOT STRUNG ETC     t3 $   837M  yoy   +18.8%  accel   +46.1pp  z +0.2
  TOP DECELERATING (rollover tells — who's exposed?):
   7106  SILVER (INCL PREC PLATED), UNWR, SEMIMFR OR POWDER   t3 $ 2,586M  yoy   +89.0%  accel -4241.3pp  z-18.6
   7115  ARTICLES OF OR CLAD WITH PRECIOUS METAL NESOI        t3 $   364M  yoy   -98.1%  accel  -357.4pp  z -1.5
   1007  GRAIN SORGHUM                                        t3 $   443M  yoy  +343.3%  accel  -275.2pp  z -1.2
   9301  MILITARY WEAPONS EX REVOLVERS PISTOLS LANCES ETC     t3 $   164M  yoy   -51.3%  accel  -255.0pp  z -1.1
   7108  GOLD (INCL PLAT PLATED), UNWR, SEMIMFR OR POWDER     t3 $25,595M  yoy   +39.2%  accel  -243.0pp  z -1.0
   8710  TANK & OT ARMORED FIGHT VEH, MOTORIZED; AND PARTS    t3 $   840M  yoy   +58.7%  accel  -217.7pp  z -0.9
   7118  COIN                                                 t3 $   591M  yoy  +107.3%  accel  -122.7pp  z -0.5
   7110  PLATINUM, UNWROUGHT, SEMIMFR FORMS OR IN POWDER FM   t3 $ 2,424M  yoy   +47.2%  accel   -99.4pp  z -0.4
   2937  HORMONES; DERIVATIVES & STERIODS USED AS HORMONES    t3 $ 4,035M  yoy   -10.1%  accel   -88.7pp  z -0.4
   2607  LEAD ORES AND CONCENTRATES                           t3 $   204M  yoy   +41.3%  accel   -79.5pp  z -0.3
  PROMOTE: hand the top movers to a SignalOS vehicle-mapping pass (category -> consignees -> tickers -> seed).
[-> EXPORT_ANOMALIES.json]


===== 2026-09-11 01:29 (desk) =====
=== IMPORT ANOMALY SCANNER  2026-09-11  (window 2026-05..2026-07; 361 HS4 categories >= $150M/qtr) ===
  TOP ACCELERATING (thesis-seed candidates — who benefits/supplies/distributes?):
   2503  SULFUR OF ALL KINDS NESOI                            t3 $   710M  yoy  +526.5%  accel  +364.5pp  z +4.4
   8401  NUCLEAR REACTORS; FUEL ELEM (N-I); MACH ISOTOP SEP   t3 $   287M  yoy  +279.8%  accel  +304.8pp  z +3.6
   7411  COPPER TUBES AND PIPES                               t3 $   330M  yoy  +262.2%  accel  +174.0pp  z +2.1
   9706  ANTIQUES OF AN AGE EXCEEDING ONE HUNDRED YEARS       t3 $   209M  yoy   +63.0%  accel   +87.0pp  z +1.0
   2844  RADIOACTIVE CHEMICAL ELEMENTS & ISOTOPES ETC.        t3 $   403M  yoy   +54.6%  accel   +74.5pp  z +0.9
   2902  CYCLIC HYDROCARBONS                                  t3 $   910M  yoy   +40.7%  accel   +56.8pp  z +0.7
   0407  BIRDS' EGGS, IN SHELL, FRESH, PRESERVED OR COOKED    t3 $   186M  yoy   +14.1%  accel   +52.7pp  z +0.6
   2814  AMMONIA, ANHYDROUS OR IN AQUEOUS SOLUTION            t3 $   227M  yoy  +157.0%  accel   +45.0pp  z +0.5
   2709  CRUDE OIL FROM PETROLEUM AND BITUMINOUS MINERALS     t3 $41,773M  yoy   +83.3%  accel   +44.8pp  z +0.5
   7601  ALUMINUM, UNWROUGHT                                  t3 $   466M  yoy   +74.9%  accel   +44.1pp  z +0.5
   5201  COTTON, NOT CARDED OR COMBED                         t3 $ 1,554M  yoy   +26.6%  accel   +43.9pp  z +0.5
   2613  MOLYBDENUM ORES AND CONCENTRATES                     t3 $   471M  yoy   +36.1%  accel   +40.7pp  z +0.5
   8538  PARTS FOR ELEC APPAR ETC OF HEAD 8535, 8536 & 8537   t3 $ 2,165M  yoy   +68.8%  accel   +39.4pp  z +0.5
   8457  MACHINING CENTERS, UNIT CONST MACH ETC WORK METAL    t3 $   153M  yoy   +13.8%  accel   +39.0pp  z +0.5
   2401  TOBACCO, UNMANUFACTURED; TOBACCO REFUSE              t3 $   229M  yoy    +1.1%  accel   +38.8pp  z +0.5
  TOP DECELERATING (rollover tells — who's exposed?):
   7106  SILVER (INCL PREC PLATED), UNWR, SEMIMFR OR POWDER   t3 $ 1,337M  yoy   +11.4%  accel -1320.9pp  z-15.8
   1007  GRAIN SORGHUM                                        t3 $   334M  yoy  +208.1%  accel  -471.8pp  z -5.6
   0809  APRICOTS, CHERRIES, PEACHES, PLUMS & SLOES, FRESH    t3 $   497M  yoy   -12.0%  accel  -205.6pp  z -2.5
   7112  WASTE & SCRAP OF PREC METAL OR OTHER CONT PREC MTL   t3 $ 2,543M  yoy   +48.2%  accel  -197.9pp  z -2.4
   7118  COIN                                                 t3 $   429M  yoy   +50.5%  accel  -169.2pp  z -2.0
   9306  BOMBS, GRENADES ETC; CARTRIDGES ETC AND PARTS        t3 $ 1,095M  yoy   -42.8%  accel  -139.9pp  z -1.7
   2607  LEAD ORES AND CONCENTRATES                           t3 $   207M  yoy   -17.4%  accel  -130.2pp  z -1.6
   2937  HORMONES; DERIVATIVES & STERIODS USED AS HORMONES    t3 $ 3,521M  yoy   -36.0%  accel  -126.1pp  z -1.5
   8473  PARTS ETC FOR TYPEWRITERS & OTHER OFFICE MACHINES    t3 $12,396M  yoy   +24.7%  accel   -94.6pp  z -1.1
   7110  PLATINUM, UNWROUGHT, SEMIMFR FORMS OR IN POWDER FM   t3 $ 2,203M  yoy   +42.1%  accel   -88.5pp  z -1.1
  PROMOTE: hand the top movers to a SignalOS vehicle-mapping pass (category -> consignees -> tickers -> seed).
[-> EXPORT_ANOMALIES.json]

