
===== 2026-07-27 09:33 (desk) =====
financials universe ($300M-$10B, US-domestic, ex-adjudicated, mapped): 398
with SEC equity+NI: 318

FINANCIALS VALUE SHORTLIST  (P/B x ROE-consistency)  bucket=all  n_ranked=41
  sym      mc$M  bucket                  P/B      P/TBV     ROE avg±std  yrs score
  MBIN     2191  bank              P/B  0.94 P/TBV  0.94  ROE  17%±4%    n5   0.77  !ID !COMMON
  AII       366  insurer_pc        P/B  1.09 P/TBV  1.09  ROE  33%±7%    n2   0.76  
  NEWT      417  bank              P/B  1.03 P/TBV  1.07  ROE  16%±4%    n5   0.68  
  NMIH     3248  insurer_pc        P/B  1.23 P/TBV  1.24  ROE  17%±1%    n5   0.67  
  MSIF      495  financial_svcs    P/B  0.69 P/TBV  0.69  ROE  11%±2%    n5   0.66  
  VEL       683  consumer_finance  P/B  0.99 P/TBV  1.00  ROE  13%±3%    n5   0.66  
  BCSF      802  financial_svcs    P/B  0.73 P/TBV  0.73  ROE  10%±1%    n5   0.65  
  NPB       594  bank              P/B  1.01 P/TBV  1.01  ROE  12%±3%    n3   0.62  !COMMON
  FRMEP    1635  bank              P/B  0.61 P/TBV  0.84  ROE  10%±1%    n5   0.62  
  MTG      6271  insurer_pc        P/B  1.24 P/TBV  1.24  ROE  15%±2%    n5   0.62  
  RDN      5143  insurer_pc        P/B  1.07 P/TBV  1.09  ROE  15%±2%    n5   0.61  
  TSLX     1589  asset_mgr         P/B  1.03 P/TBV  1.03  ROE  13%±2%    n3   0.61  
  OBDC     5345  financial_svcs    P/B  0.75 P/TBV  0.75  ROE  10%±2%    n5   0.60  
  FSBW      324  bank              P/B  1.03 P/TBV  1.08  ROE  13%±2%    n5   0.60  
  SLDE     2321  insurer_pc        P/B  2.08 P/TBV  2.09  ROE  52%±5%    n2   0.58  
  RM        384  consumer_finance  P/B  1.02 P/TBV  1.03  ROE  16%±9%    n5   0.58  
  SLM      4565  consumer_finance  P/B  1.87 P/TBV  1.92  ROE  27%±7%    n5   0.57  
  GSBD      975  asset_mgr         P/B  0.71 P/TBV  0.71  ROE   8%±4%    n3   0.57  
  NECB      368  bank              P/B  1.03 P/TBV  1.03  ROE  12%±4%    n5   0.57  
  ACT      6528  insurer_specialty P/B  1.22 P/TBV  1.22  ROE  13%±2%    n5   0.56  

  court-open items are the 10-K pulls (combined ratio / PYD / CET1 / NIM) — the screen surfaces,
  it does NOT fabricate a combined ratio frames cannot source.


===== 2026-08-03 07:30 (desk) =====
financials universe ($300M-$10B, US-domestic, ex-adjudicated, mapped): 403
with SEC equity+NI: 323

FINANCIALS VALUE SHORTLIST  (P/B x ROE-consistency)  bucket=all  n_ranked=40
  sym      mc$M  bucket                  P/B      P/TBV     ROE avg±std  yrs score
  AII       402  insurer_pc        P/B  1.20 P/TBV  1.20  ROE  33%±7%    n2   0.74  
  NEWT      429  bank              P/B  1.06 P/TBV  1.10  ROE  16%±4%    n5   0.68  
  MSIF      510  financial_svcs    P/B  0.71 P/TBV  0.71  ROE  11%±2%    n5   0.65  
  VEL       702  consumer_finance  P/B  1.01 P/TBV  1.02  ROE  13%±3%    n5   0.65  
  BCSF      818  financial_svcs    P/B  0.75 P/TBV  0.75  ROE  10%±1%    n5   0.64  
  MTG      6285  insurer_pc        P/B  1.25 P/TBV  1.25  ROE  15%±2%    n5   0.64  
  NMIH     3401  insurer_pc        P/B  1.29 P/TBV  1.29  ROE  17%±1%    n5   0.64  
  RDN      5278  insurer_pc        P/B  1.10 P/TBV  1.12  ROE  15%±2%    n5   0.64  
  RM        317  consumer_finance  P/B  0.84 P/TBV  0.85  ROE  16%±9%    n5   0.62  
  FSBW      323  bank              P/B  1.03 P/TBV  1.08  ROE  13%±2%    n5   0.62  
  CGBD      713  consumer_finance  P/B  0.64 P/TBV  0.64  ROE  11%±4%    n5   0.62  !ID
  FRMEP    1585  bank              P/B  0.59 P/TBV  0.81  ROE  10%±1%    n5   0.61  
  NPB       613  bank              P/B  1.04 P/TBV  1.04  ROE  12%±3%    n3   0.61  !COMMON
  OBDC     5390  financial_svcs    P/B  0.75 P/TBV  0.75  ROE  10%±2%    n5   0.60  
  SLDE     2350  insurer_pc        P/B  2.11 P/TBV  2.12  ROE  52%±5%    n2   0.59  
  NECB      378  bank              P/B  1.06 P/TBV  1.06  ROE  12%±4%    n5   0.59  
  TSLX     1670  asset_mgr         P/B  1.08 P/TBV  1.08  ROE  13%±2%    n3   0.59  
  WAL      8921  bank              P/B  1.17 P/TBV  1.26  ROE  16%±4%    n5   0.59  
  GSBD      983  asset_mgr         P/B  0.72 P/TBV  0.72  ROE   8%±4%    n3   0.55  
  UNTY      601  bank              P/B  1.68 P/TBV  1.68  ROE  17%±1%    n5   0.55  

  court-open items are the 10-K pulls (combined ratio / PYD / CET1 / NIM) — the screen surfaces,
  it does NOT fabricate a combined ratio frames cannot source.


===== 2026-08-10 11:37 (desk) =====
financials universe ($300M-$10B, US-domestic, ex-adjudicated, mapped): 409
with SEC equity+NI: 329

FINANCIALS VALUE SHORTLIST  (P/B x ROE-consistency)  bucket=all  n_ranked=40
  sym      mc$M  bucket                  P/B      P/TBV     ROE avg±std  yrs score
  NEWT      372  bank              P/B  0.92 P/TBV  0.95  ROE  16%±4%    n5   0.76  
  AII       406  insurer_pc        P/B  1.21 P/TBV  1.21  ROE  33%±7%    n2   0.74  
  BCSF      834  financial_svcs    P/B  0.76 P/TBV  0.76  ROE  10%±1%    n5   0.70  
  RDN      4803  insurer_pc        P/B  1.00 P/TBV  1.02  ROE  15%±2%    n5   0.68  
  MSIF      553  financial_svcs    P/B  0.77 P/TBV  0.77  ROE  11%±2%    n5   0.66  
  FRMEP    1579  bank              P/B  0.59 P/TBV  0.81  ROE  10%±1%    n5   0.66  
  MTG      6204  insurer_pc        P/B  1.23 P/TBV  1.23  ROE  15%±2%    n5   0.65  
  NMIH     3330  insurer_pc        P/B  1.26 P/TBV  1.27  ROE  17%±1%    n5   0.64  
  OBDC     5639  financial_svcs    P/B  0.79 P/TBV  0.79  ROE  10%±2%    n5   0.64  
  NPB       584  bank              P/B  0.99 P/TBV  0.99  ROE  12%±3%    n3   0.62  !COMMON
  VEL       713  consumer_finance  P/B  1.03 P/TBV  1.04  ROE  13%±3%    n5   0.60  
  NECB      363  bank              P/B  1.02 P/TBV  1.02  ROE  12%±4%    n5   0.60  
  WAL      8782  bank              P/B  1.15 P/TBV  1.24  ROE  16%±4%    n5   0.60  
  FSBW      317  bank              P/B  1.01 P/TBV  1.06  ROE  13%±2%    n5   0.60  
  ACT      6673  insurer_specialty P/B  1.25 P/TBV  1.25  ROE  13%±2%    n5   0.55  
  UNTY      594  bank              P/B  1.66 P/TBV  1.67  ROE  17%±1%    n5   0.55  
  SLM      5144  consumer_finance  P/B  2.11 P/TBV  2.16  ROE  27%±7%    n5   0.54  
  SLDE     2452  insurer_pc        P/B  2.20 P/TBV  2.21  ROE  52%±5%    n2   0.54  
  GSBD     1088  asset_mgr         P/B  0.79 P/TBV  0.79  ROE   8%±4%    n3   0.54  
  PCB       386  bank              P/B  0.97 P/TBV  0.97  ROE  11%±3%    n5   0.54  

  court-open items are the 10-K pulls (combined ratio / PYD / CET1 / NIM) — the screen surfaces,
  it does NOT fabricate a combined ratio frames cannot source.


===== 2026-08-17 12:39 (desk) =====
financials universe ($300M-$10B, US-domestic, ex-adjudicated, mapped): 409
with SEC equity+NI: 331

FINANCIALS VALUE SHORTLIST  (P/B x ROE-consistency)  bucket=all  n_ranked=41
  sym      mc$M  bucket                  P/B      P/TBV     ROE avg±std  yrs score
  NEWT      370  bank              P/B  0.91 P/TBV  0.95  ROE  16%±4%    n5   0.74  
  BCSF      775  financial_svcs    P/B  0.71 P/TBV  0.71  ROE  10%±1%    n5   0.68  
  RDN      4890  insurer_pc        P/B  1.02 P/TBV  1.04  ROE  15%±2%    n5   0.67  
  AII       488  insurer_pc        P/B  1.45 P/TBV  1.45  ROE  33%±7%    n2   0.66  
  MSIF      551  financial_svcs    P/B  0.77 P/TBV  0.77  ROE  11%±2%    n5   0.65  
  RM        310  consumer_finance  P/B  0.83 P/TBV  0.83  ROE  16%±9%    n5   0.65  
  FRMEP    1588  bank              P/B  0.59 P/TBV  0.82  ROE  10%±1%    n5   0.65  
  VEL       708  consumer_finance  P/B  1.02 P/TBV  1.03  ROE  13%±3%    n5   0.63  
  MTG      6391  insurer_pc        P/B  1.27 P/TBV  1.27  ROE  15%±2%    n5   0.63  
  NMIH     3428  insurer_pc        P/B  1.30 P/TBV  1.30  ROE  17%±1%    n5   0.63  
  NPB       602  bank              P/B  1.02 P/TBV  1.02  ROE  12%±3%    n3   0.62  !COMMON
  OBDC     5667  financial_svcs    P/B  0.79 P/TBV  0.79  ROE  10%±2%    n5   0.62  
  WAL      8909  bank              P/B  1.17 P/TBV  1.26  ROE  16%±4%    n5   0.62  
  FSBW      320  bank              P/B  1.02 P/TBV  1.07  ROE  13%±2%    n5   0.61  
  NECB      370  bank              P/B  1.04 P/TBV  1.04  ROE  12%±4%    n5   0.58  
  TSLX     1764  asset_mgr         P/B  1.14 P/TBV  1.14  ROE  13%±2%    n3   0.56  
  AMSF      493  insurer_pc        P/B  2.00 P/TBV  2.00  ROE  18%±2%    n5   0.56  
  ACT      6832  insurer_specialty P/B  1.28 P/TBV  1.28  ROE  13%±2%    n5   0.55  
  SLDE     2541  insurer_pc        P/B  2.28 P/TBV  2.29  ROE  52%±5%    n2   0.54  
  SLM      5122  consumer_finance  P/B  2.10 P/TBV  2.15  ROE  27%±7%    n5   0.54  

  court-open items are the 10-K pulls (combined ratio / PYD / CET1 / NIM) — the screen surfaces,
  it does NOT fabricate a combined ratio frames cannot source.

