
===== 2026-07-01 22:30 (desk) =====
=== HUBS BREEZE TRIPWIRES  2026-07-01  (Aug-5 print in 35d; rubric in HUBS.json .breeze_evidence) ===
  A consumption-chatter: DEGRADED — fetch blocked/failed — no reading (do NOT infer silence)
  B pricing-iteration (credits knowledge page): CHANGED since last run
  B pricing-iteration (product catalog): unchanged (hash 736e068bde76fec3)
  C monetization-hiring: 220 monetization/pricing mentions (rendered page) (Δ+0)
  >>> FLAG HUBS-TRIPWIRE B: credits knowledge page CHANGED pre-print — likely packaging/pricing iteration (bullish tuning signal); diff it manually
[-> hubs_tripwires_state.json]  decision rubric: grade Aug-5 on SEQUENTIAL credit consumption + NRR direction; missing standalone Breeze $ARR is NOT failure; scale to 6-7% only if tripwires stayed clean AND the print confirms.


===== 2026-07-02 22:31 (desk) =====
=== HUBS BREEZE TRIPWIRES  2026-07-02  (Aug-5 print in 34d; rubric in HUBS.json .breeze_evidence) ===
  A consumption-chatter: DEGRADED — fetch blocked/failed — no reading (do NOT infer silence)
  B pricing-iteration (credits knowledge page): CHANGED since last run
  B pricing-iteration (product catalog): unchanged (hash 736e068bde76fec3)
  C monetization-hiring: 220 monetization/pricing mentions (rendered page) (Δ+0)
  >>> FLAG HUBS-TRIPWIRE B: credits knowledge page CHANGED pre-print — likely packaging/pricing iteration (bullish tuning signal); diff it manually
[-> hubs_tripwires_state.json]  decision rubric: grade Aug-5 on SEQUENTIAL credit consumption + NRR direction; missing standalone Breeze $ARR is NOT failure; scale to 6-7% only if tripwires stayed clean AND the print confirms.


===== 2026-07-03 23:31 (desk) =====
=== HUBS BREEZE TRIPWIRES  2026-07-03  (Aug-5 print in 33d; rubric in HUBS.json .breeze_evidence) ===
  A consumption-chatter: DEGRADED — fetch blocked/failed — no reading (do NOT infer silence)
  B pricing-iteration (credits knowledge page): unchanged (hash f4f916f75cd4ca27)
  B pricing-iteration (product catalog): CHANGED since last run
  C monetization-hiring: 220 monetization/pricing mentions (rendered page) (Δ+0)
  >>> FLAG HUBS-TRIPWIRE B: product catalog CHANGED pre-print — likely packaging/pricing iteration (bullish tuning signal); diff it manually
[-> hubs_tripwires_state.json]  decision rubric: grade Aug-5 on SEQUENTIAL credit consumption + NRR direction; missing standalone Breeze $ARR is NOT failure; scale to 6-7% only if tripwires stayed clean AND the print confirms.


===== 2026-07-06 00:32 (desk) =====
=== HUBS BREEZE TRIPWIRES  2026-07-06  (Aug-5 print in 30d; rubric in HUBS.json .breeze_evidence) ===
  A consumption-chatter: DEGRADED — fetch blocked/failed — no reading (do NOT infer silence)
  B pricing-iteration (credits knowledge page): unchanged (hash f4f916f75cd4ca27)
  B pricing-iteration (product catalog): unchanged (hash 2ba287eec9acee03)
  C monetization-hiring: 220 monetization/pricing mentions (rendered page) (Δ+0)
  no tripwire deltas this run
[-> hubs_tripwires_state.json]  decision rubric: grade Aug-5 on SEQUENTIAL credit consumption + NRR direction; missing standalone Breeze $ARR is NOT failure; scale to 6-7% only if tripwires stayed clean AND the print confirms.


===== 2026-07-07 07:32 (desk) =====
=== HUBS BREEZE TRIPWIRES  2026-07-07  (Aug-5 print in 29d; rubric in HUBS.json .breeze_evidence) ===
  A consumption-chatter: DEGRADED — fetch blocked/failed — no reading (do NOT infer silence)
  B pricing-iteration (credits knowledge page): CHANGED since last run
  B pricing-iteration (product catalog): unchanged (hash 2ba287eec9acee03)
  C monetization-hiring: 220 monetization/pricing mentions (rendered page) (Δ+0)
  >>> FLAG HUBS-TRIPWIRE B: credits knowledge page CHANGED pre-print — likely packaging/pricing iteration (bullish tuning signal); diff it manually
[-> hubs_tripwires_state.json]  decision rubric: grade Aug-5 on SEQUENTIAL credit consumption + NRR direction; missing standalone Breeze $ARR is NOT failure; scale to 6-7% only if tripwires stayed clean AND the print confirms.


===== 2026-07-08 08:30 (desk) =====
=== HUBS BREEZE TRIPWIRES  2026-07-08  (Aug-5 print in 28d; rubric in HUBS.json .breeze_evidence) ===
  A consumption-chatter: DEGRADED — fetch blocked/failed — no reading (do NOT infer silence)
  B pricing-iteration (credits knowledge page): CHANGED since last run
  B pricing-iteration (product catalog): unchanged (hash 2ba287eec9acee03)
  C monetization-hiring: 220 monetization/pricing mentions (rendered page) (Δ+0)
  >>> FLAG HUBS-TRIPWIRE B: credits knowledge page CHANGED pre-print — likely packaging/pricing iteration (bullish tuning signal); diff it manually
[-> hubs_tripwires_state.json]  decision rubric: grade Aug-5 on SEQUENTIAL credit consumption + NRR direction; missing standalone Breeze $ARR is NOT failure; scale to 6-7% only if tripwires stayed clean AND the print confirms.


===== 2026-07-09 08:30 (desk) =====
=== HUBS BREEZE TRIPWIRES  2026-07-09  (Aug-5 print in 27d; rubric in HUBS.json .breeze_evidence) ===
  A consumption-chatter: DEGRADED — fetch blocked/failed — no reading (do NOT infer silence)
  B pricing-iteration (credits knowledge page): unchanged (hash f4f916f75cd4ca27)
  B pricing-iteration (product catalog): unchanged (hash 2ba287eec9acee03)
  C monetization-hiring: 220 monetization/pricing mentions (rendered page) (Δ+0)
  no tripwire deltas this run
[-> hubs_tripwires_state.json]  decision rubric: grade Aug-5 on SEQUENTIAL credit consumption + NRR direction; missing standalone Breeze $ARR is NOT failure; scale to 6-7% only if tripwires stayed clean AND the print confirms.


===== 2026-07-10 08:34 (desk) =====
=== HUBS BREEZE TRIPWIRES  2026-07-10  (Aug-5 print in 26d; rubric in HUBS.json .breeze_evidence) ===
  A consumption-chatter: DEGRADED — fetch blocked/failed — no reading (do NOT infer silence)
  B pricing-iteration (credits knowledge page): unchanged (hash f4f916f75cd4ca27)
  B pricing-iteration (product catalog): unchanged (hash 2ba287eec9acee03)
  C monetization-hiring: 216 monetization/pricing mentions (rendered page) (Δ-4)
  no tripwire deltas this run
[-> hubs_tripwires_state.json]  decision rubric: grade Aug-5 on SEQUENTIAL credit consumption + NRR direction; missing standalone Breeze $ARR is NOT failure; scale to 6-7% only if tripwires stayed clean AND the print confirms.


===== 2026-07-13 00:32 (desk) =====
=== HUBS BREEZE TRIPWIRES  2026-07-13  (Aug-5 print in 23d; rubric in HUBS.json .breeze_evidence) ===
  A consumption-chatter: DEGRADED — fetch blocked/failed — no reading (do NOT infer silence)
  B pricing-iteration (credits knowledge page): CHANGED since last run
  B pricing-iteration (product catalog): unchanged (hash 2ba287eec9acee03)
  C monetization-hiring: 216 monetization/pricing mentions (rendered page) (Δ+0)
  >>> FLAG HUBS-TRIPWIRE B: credits knowledge page CHANGED pre-print — likely packaging/pricing iteration (bullish tuning signal); diff it manually
[-> hubs_tripwires_state.json]  decision rubric: grade Aug-5 on SEQUENTIAL credit consumption + NRR direction; missing standalone Breeze $ARR is NOT failure; scale to 6-7% only if tripwires stayed clean AND the print confirms.


===== 2026-07-14 01:30 (desk) =====
=== HUBS BREEZE TRIPWIRES  2026-07-14  (Aug-5 print in 22d; rubric in HUBS.json .breeze_evidence) ===
  A consumption-chatter: DEGRADED — fetch blocked/failed — no reading (do NOT infer silence)
  B pricing-iteration (credits knowledge page): CHANGED since last run
  B pricing-iteration (product catalog): unchanged (hash 2ba287eec9acee03)
  C monetization-hiring: 216 monetization/pricing mentions (rendered page) (Δ+0)
  >>> FLAG HUBS-TRIPWIRE B: credits knowledge page CHANGED pre-print — likely packaging/pricing iteration (bullish tuning signal); diff it manually
[-> hubs_tripwires_state.json]  decision rubric: grade Aug-5 on SEQUENTIAL credit consumption + NRR direction; missing standalone Breeze $ARR is NOT failure; scale to 6-7% only if tripwires stayed clean AND the print confirms.


===== 2026-07-15 01:30 (desk) =====
=== HUBS BREEZE TRIPWIRES  2026-07-15  (Aug-5 print in 21d; rubric in HUBS.json .breeze_evidence) ===
  A consumption-chatter: DEGRADED — fetch blocked/failed — no reading (do NOT infer silence)
  B pricing-iteration (credits knowledge page): unchanged (hash 520d3b5fb3bb91cf)
  B pricing-iteration (product catalog): unchanged (hash 2ba287eec9acee03)
  C monetization-hiring: 209 monetization/pricing mentions (rendered page) (Δ-7)
  no tripwire deltas this run
[-> hubs_tripwires_state.json]  decision rubric: grade Aug-5 on SEQUENTIAL credit consumption + NRR direction; missing standalone Breeze $ARR is NOT failure; scale to 6-7% only if tripwires stayed clean AND the print confirms.


===== 2026-07-16 01:37 (desk) =====
=== HUBS BREEZE TRIPWIRES  2026-07-16  (Aug-5 print in 20d; rubric in HUBS.json .breeze_evidence) ===
  A consumption-chatter: DEGRADED — fetch blocked/failed — no reading (do NOT infer silence)
  B pricing-iteration (credits knowledge page): CHANGED since last run
  B pricing-iteration (product catalog): unchanged (hash 2ba287eec9acee03)
  C monetization-hiring: 216 monetization/pricing mentions (rendered page) (Δ+7)
  >>> FLAG HUBS-TRIPWIRE B: credits knowledge page CHANGED pre-print — likely packaging/pricing iteration (bullish tuning signal); diff it manually
  >>> FLAG HUBS-TRIPWIRE C: monetization hiring mentions UP (+7) — durable-revenue-line signal
[-> hubs_tripwires_state.json]  decision rubric: grade Aug-5 on SEQUENTIAL credit consumption + NRR direction; missing standalone Breeze $ARR is NOT failure; scale to 6-7% only if tripwires stayed clean AND the print confirms.


===== 2026-07-17 10:51 (desk) =====
=== HUBS BREEZE TRIPWIRES  2026-07-17  (Aug-5 print in 19d; rubric in HUBS.json .breeze_evidence) ===
  A consumption-chatter: DEGRADED — fetch blocked/failed — no reading (do NOT infer silence)
  B pricing-iteration (credits knowledge page): unchanged (hash de95e0b00bd72f5e)
  B pricing-iteration (product catalog): CHANGED since last run
  C monetization-hiring: 216 monetization/pricing mentions (rendered page) (Δ+0)
  >>> FLAG HUBS-TRIPWIRE B: product catalog CHANGED pre-print — likely packaging/pricing iteration (bullish tuning signal); diff it manually
[-> hubs_tripwires_state.json]  decision rubric: grade Aug-5 on SEQUENTIAL credit consumption + NRR direction; missing standalone Breeze $ARR is NOT failure; scale to 6-7% only if tripwires stayed clean AND the print confirms.


===== 2026-07-20 10:04 (desk) =====
=== HUBS BREEZE TRIPWIRES  2026-07-20  (Aug-5 print in 16d; rubric in HUBS.json .breeze_evidence) ===
  A consumption-chatter: DEGRADED — fetch blocked/failed — no reading (do NOT infer silence)
  B pricing-iteration (credits knowledge page): unchanged (hash de95e0b00bd72f5e)
  B pricing-iteration (product catalog): unchanged (hash f19002090a19c49d)
  C monetization-hiring: 216 monetization/pricing mentions (rendered page) (Δ+0)
  no tripwire deltas this run
[-> hubs_tripwires_state.json]  decision rubric: grade Aug-5 on SEQUENTIAL credit consumption + NRR direction; missing standalone Breeze $ARR is NOT failure; scale to 6-7% only if tripwires stayed clean AND the print confirms.


===== 2026-07-21 10:30 (desk) =====
=== HUBS BREEZE TRIPWIRES  2026-07-21  (Aug-5 print in 15d; rubric in HUBS.json .breeze_evidence) ===
  A consumption-chatter: DEGRADED — fetch blocked/failed — no reading (do NOT infer silence)
  B pricing-iteration (credits knowledge page): unchanged (hash de95e0b00bd72f5e)
  B pricing-iteration (product catalog): CHANGED since last run
  C monetization-hiring: 216 monetization/pricing mentions (rendered page) (Δ+0)
  >>> FLAG HUBS-TRIPWIRE B: product catalog CHANGED pre-print — likely packaging/pricing iteration (bullish tuning signal); diff it manually
[-> hubs_tripwires_state.json]  decision rubric: grade Aug-5 on SEQUENTIAL credit consumption + NRR direction; missing standalone Breeze $ARR is NOT failure; scale to 6-7% only if tripwires stayed clean AND the print confirms.


===== 2026-07-22 10:41 (desk) =====
=== HUBS BREEZE TRIPWIRES  2026-07-22  (Aug-5 print in 14d; rubric in HUBS.json .breeze_evidence) ===
  A consumption-chatter: DEGRADED — fetch blocked/failed — no reading (do NOT infer silence)
  B pricing-iteration (credits knowledge page): CHANGED since last run
  B pricing-iteration (product catalog): unchanged (hash 05babf38870e3b3b)
  C monetization-hiring: 216 monetization/pricing mentions (rendered page) (Δ+0)
  >>> FLAG HUBS-TRIPWIRE B: credits knowledge page CHANGED pre-print — likely packaging/pricing iteration (bullish tuning signal); diff it manually
[-> hubs_tripwires_state.json]  decision rubric: grade Aug-5 on SEQUENTIAL credit consumption + NRR direction; missing standalone Breeze $ARR is NOT failure; scale to 6-7% only if tripwires stayed clean AND the print confirms.


===== 2026-07-23 11:40 (desk) =====
=== HUBS BREEZE TRIPWIRES  2026-07-23  (Aug-5 print in 13d; rubric in HUBS.json .breeze_evidence) ===
  A consumption-chatter: DEGRADED — fetch blocked/failed — no reading (do NOT infer silence)
  B pricing-iteration (credits knowledge page): unchanged (hash 3a1edb7aeafb31b8)
  B pricing-iteration (product catalog): unchanged (hash 05babf38870e3b3b)
  C monetization-hiring: 216 monetization/pricing mentions (rendered page) (Δ+0)
  no tripwire deltas this run
[-> hubs_tripwires_state.json]  decision rubric: grade Aug-5 on SEQUENTIAL credit consumption + NRR direction; missing standalone Breeze $ARR is NOT failure; scale to 6-7% only if tripwires stayed clean AND the print confirms.


===== 2026-07-27 09:34 (desk) =====
=== HUBS BREEZE TRIPWIRES  2026-07-27  (Aug-5 print in 9d; rubric in HUBS.json .breeze_evidence) ===
  A consumption-chatter: DEGRADED — fetch blocked/failed — no reading (do NOT infer silence)
  B pricing-iteration (credits knowledge page): unchanged (hash 3a1edb7aeafb31b8)
  B pricing-iteration (product catalog): CHANGED since last run
  C monetization-hiring: 216 monetization/pricing mentions (rendered page) (Δ+0)
  >>> FLAG HUBS-TRIPWIRE B: product catalog CHANGED pre-print — likely packaging/pricing iteration (bullish tuning signal); diff it manually
[-> hubs_tripwires_state.json]  decision rubric: grade Aug-5 on SEQUENTIAL credit consumption + NRR direction; missing standalone Breeze $ARR is NOT failure; scale to 6-7% only if tripwires stayed clean AND the print confirms.


===== 2026-07-28 07:30 (desk) =====
=== HUBS BREEZE TRIPWIRES  2026-07-28  (Aug-5 print in 8d; rubric in HUBS.json .breeze_evidence) ===
  A consumption-chatter: DEGRADED — fetch blocked/failed — no reading (do NOT infer silence)
  B pricing-iteration (credits knowledge page): CHANGED since last run
  B pricing-iteration (product catalog): CHANGED since last run
  C monetization-hiring: 216 monetization/pricing mentions (rendered page) (Δ+0)
  >>> FLAG HUBS-TRIPWIRE B: credits knowledge page CHANGED pre-print — likely packaging/pricing iteration (bullish tuning signal); diff it manually
  >>> FLAG HUBS-TRIPWIRE B: product catalog CHANGED pre-print — likely packaging/pricing iteration (bullish tuning signal); diff it manually
[-> hubs_tripwires_state.json]  decision rubric: grade Aug-5 on SEQUENTIAL credit consumption + NRR direction; missing standalone Breeze $ARR is NOT failure; scale to 6-7% only if tripwires stayed clean AND the print confirms.


===== 2026-07-29 07:35 (desk) =====
=== HUBS BREEZE TRIPWIRES  2026-07-29  (Aug-5 print in 7d; rubric in HUBS.json .breeze_evidence) ===
  A consumption-chatter: DEGRADED — fetch blocked/failed — no reading (do NOT infer silence)
  B pricing-iteration (credits knowledge page): CHANGED since last run
  B pricing-iteration (product catalog): unchanged (hash 05e1704f309cffe4)
  C monetization-hiring: 216 monetization/pricing mentions (rendered page) (Δ+0)
  >>> FLAG HUBS-TRIPWIRE B: credits knowledge page CHANGED pre-print — likely packaging/pricing iteration (bullish tuning signal); diff it manually
[-> hubs_tripwires_state.json]  decision rubric: grade Aug-5 on SEQUENTIAL credit consumption + NRR direction; missing standalone Breeze $ARR is NOT failure; scale to 6-7% only if tripwires stayed clean AND the print confirms.


===== 2026-07-30 08:35 (desk) =====
=== HUBS BREEZE TRIPWIRES  2026-07-30  (Aug-5 print in 6d; rubric in HUBS.json .breeze_evidence) ===
  A consumption-chatter: DEGRADED — fetch blocked/failed — no reading (do NOT infer silence)
  B pricing-iteration (credits knowledge page): CHANGED since last run
  B pricing-iteration (product catalog): unchanged (hash 05e1704f309cffe4)
  C monetization-hiring: 216 monetization/pricing mentions (rendered page) (Δ+0)
  >>> FLAG HUBS-TRIPWIRE B: credits knowledge page CHANGED pre-print — likely packaging/pricing iteration (bullish tuning signal); diff it manually
[-> hubs_tripwires_state.json]  decision rubric: grade Aug-5 on SEQUENTIAL credit consumption + NRR direction; missing standalone Breeze $ARR is NOT failure; scale to 6-7% only if tripwires stayed clean AND the print confirms.


===== 2026-07-31 09:32 (desk) =====
=== HUBS BREEZE TRIPWIRES  2026-07-31  (Aug-5 print in 5d; rubric in HUBS.json .breeze_evidence) ===
  A consumption-chatter: DEGRADED — fetch blocked/failed — no reading (do NOT infer silence)
  B pricing-iteration (credits knowledge page): CHANGED since last run
  B pricing-iteration (product catalog): unchanged (hash 05e1704f309cffe4)
  C monetization-hiring: 216 monetization/pricing mentions (rendered page) (Δ+0)
  >>> FLAG HUBS-TRIPWIRE B: credits knowledge page CHANGED pre-print — likely packaging/pricing iteration (bullish tuning signal); diff it manually
[-> hubs_tripwires_state.json]  decision rubric: grade Aug-5 on SEQUENTIAL credit consumption + NRR direction; missing standalone Breeze $ARR is NOT failure; scale to 6-7% only if tripwires stayed clean AND the print confirms.


===== 2026-08-03 00:42 (desk) =====
=== HUBS BREEZE TRIPWIRES  2026-08-03  (Aug-5 print in 2d; rubric in HUBS.json .breeze_evidence) ===
  A consumption-chatter: DEGRADED — fetch blocked/failed — no reading (do NOT infer silence)
  B pricing-iteration (credits knowledge page): CHANGED since last run
  B pricing-iteration (product catalog): unchanged (hash 05e1704f309cffe4)
  C monetization-hiring: 216 monetization/pricing mentions (rendered page) (Δ+0)
  >>> FLAG HUBS-TRIPWIRE B: credits knowledge page CHANGED pre-print — likely packaging/pricing iteration (bullish tuning signal); diff it manually
[-> hubs_tripwires_state.json]  decision rubric: grade Aug-5 on SEQUENTIAL credit consumption + NRR direction; missing standalone Breeze $ARR is NOT failure; scale to 6-7% only if tripwires stayed clean AND the print confirms.


===== 2026-08-04 01:31 (desk) =====
=== HUBS BREEZE TRIPWIRES  2026-08-04  (Aug-5 print in 1d; rubric in HUBS.json .breeze_evidence) ===
  A consumption-chatter: DEGRADED — fetch blocked/failed — no reading (do NOT infer silence)
  B pricing-iteration (credits knowledge page): unchanged (hash 520d3b5fb3bb91cf)
  B pricing-iteration (product catalog): unchanged (hash 05e1704f309cffe4)
  C monetization-hiring: 218 monetization/pricing mentions (rendered page) (Δ+2)
  >>> FLAG HUBS-TRIPWIRE C: monetization hiring mentions UP (+2) — durable-revenue-line signal
[-> hubs_tripwires_state.json]  decision rubric: grade Aug-5 on SEQUENTIAL credit consumption + NRR direction; missing standalone Breeze $ARR is NOT failure; scale to 6-7% only if tripwires stayed clean AND the print confirms.


===== 2026-08-05 02:37 (desk) =====
=== HUBS BREEZE TRIPWIRES  2026-08-05  (Aug-5 print in 0d; rubric in HUBS.json .breeze_evidence) ===
  A consumption-chatter: DEGRADED — fetch blocked/failed — no reading (do NOT infer silence)
  B pricing-iteration (credits knowledge page): unchanged (hash 520d3b5fb3bb91cf)
  B pricing-iteration (product catalog): CHANGED since last run
  C monetization-hiring: 220 monetization/pricing mentions (rendered page) (Δ+2)
  >>> FLAG HUBS-TRIPWIRE B: product catalog CHANGED pre-print — likely packaging/pricing iteration (bullish tuning signal); diff it manually
  >>> FLAG HUBS-TRIPWIRE C: monetization hiring mentions UP (+2) — durable-revenue-line signal
[-> hubs_tripwires_state.json]  decision rubric: grade Aug-5 on SEQUENTIAL credit consumption + NRR direction; missing standalone Breeze $ARR is NOT failure; scale to 6-7% only if tripwires stayed clean AND the print confirms.


===== 2026-08-06 03:30 (desk) =====
=== HUBS BREEZE TRIPWIRES — RETIRED (print 2026-08-05 has passed; resolve the calibration entry + grade the Aug-5 rubric instead) ===


===== 2026-08-07 03:30 (desk) =====
=== HUBS BREEZE TRIPWIRES — RETIRED (print 2026-08-05 has passed; resolve the calibration entry + grade the Aug-5 rubric instead) ===


===== 2026-08-10 00:39 (desk) =====
=== HUBS BREEZE TRIPWIRES — RETIRED (print 2026-08-05 has passed; resolve the calibration entry + grade the Aug-5 rubric instead) ===


===== 2026-08-11 01:37 (desk) =====
=== HUBS BREEZE TRIPWIRES — RETIRED (print 2026-08-05 has passed; resolve the calibration entry + grade the Aug-5 rubric instead) ===


===== 2026-08-12 07:43 (desk) =====
=== HUBS BREEZE TRIPWIRES — RETIRED (print 2026-08-05 has passed; resolve the calibration entry + grade the Aug-5 rubric instead) ===


===== 2026-08-13 08:56 (desk) =====
=== HUBS BREEZE TRIPWIRES — RETIRED (print 2026-08-05 has passed; resolve the calibration entry + grade the Aug-5 rubric instead) ===


===== 2026-08-14 09:42 (desk) =====
=== HUBS BREEZE TRIPWIRES — RETIRED (print 2026-08-05 has passed; resolve the calibration entry + grade the Aug-5 rubric instead) ===


===== 2026-08-17 08:44 (desk) =====
=== HUBS BREEZE TRIPWIRES — RETIRED (print 2026-08-05 has passed; resolve the calibration entry + grade the Aug-5 rubric instead) ===


===== 2026-09-11 01:03 (desk) =====
=== HUBS BREEZE TRIPWIRES — RETIRED (print 2026-08-05 has passed; resolve the calibration entry + grade the Aug-5 rubric instead) ===

