
===== 2026-07-02 00:32 (desk) =====
=== IMPORT ANOMALY SCANNER  2026-07-02  (window 2026-02..2026-04; 465 HS4 categories >= $150M/qtr) ===
  TOP ACCELERATING (thesis-seed candidates — who benefits/supplies/distributes?):
   8523  PREPARED UNRECORDED MEDIA (NO FILM) FOR SOUND ETC.   t3 $11,883M  yoy  +159.5%  accel  +146.4pp  z +4.0
   1514  RAPESEED, COLZA OR MUSTARD OIL ETC, NOT CHEM MODIF   t3 $ 1,008M  yoy   +68.5%  accel   +85.7pp  z +2.3
   0405  BUTTER AND OTHER FATS AND OILS DERIVED FROM MILK     t3 $   194M  yoy   +16.9%  accel   +76.9pp  z +2.0
   8105  COBALT MATTES ETC, COBALT & ART, INC WASTE & SCRAP   t3 $   215M  yoy   +78.4%  accel   +74.1pp  z +2.0
   7118  COIN                                                 t3 $   980M  yoy   +52.9%  accel   +73.0pp  z +1.9
   0702  TOMATOES, FRESH OR CHILLED                           t3 $   966M  yoy   +28.7%  accel   +66.1pp  z +1.7
   7606  ALUMINUM PLATES, SHEETS & STRIP OVER .2MM THICK      t3 $ 1,747M  yoy   +84.6%  accel   +64.2pp  z +1.7
   2844  RADIOACTIVE CHEMICAL ELEMENTS & ISOTOPES ETC.        t3 $ 2,045M  yoy   +18.6%  accel   +60.8pp  z +1.6
   7214  BARS & RODS, IRON & NA STEEL NESOI, H-R ETC          t3 $   169M  yoy    +9.8%  accel   +57.1pp  z +1.5
   7201  PIG IRON & SPIEGELEISEN IN PIGS, BLOCKS ETC.         t3 $   576M  yoy   +17.1%  accel   +56.5pp  z +1.5
   4911  PRINTED MATTER NESOI, INCL PRINT PICTURES & PHOTOS   t3 $   590M  yoy   +64.4%  accel   +55.3pp  z +1.4
   7203  SPONGY FERROUS PROD & IRON 99.94% PURE, LUMPS ETC    t3 $   176M  yoy   +15.8%  accel   +55.0pp  z +1.4
   2716  ELECTRICAL ENERGY                                    t3 $   649M  yoy   +20.9%  accel   +49.7pp  z +1.3
   7108  GOLD (INCL PLAT PLATED), UNWR, SEMIMFR OR POWDER     t3 $ 4,464M  yoy   +11.0%  accel   +47.9pp  z +1.2
   0705  LETTUCE AND CHICORY, FRESH OR CHILLED                t3 $   155M  yoy   +32.5%  accel   +47.6pp  z +1.2
  TOP DECELERATING (rollover tells — who's exposed?):
   2612  URANIUM OR THORIUM ORES AND CONCENTRATES             t3 $   178M  yoy   -24.8%  accel  -515.6pp  z-14.5
   2934  NUCLEIC ACIDS & SALTS, HETEROCYCLIC COMP NESOI       t3 $ 2,212M  yoy   -49.6%  accel  -306.8pp  z -8.7
   8532  ELECTRIC CAPACITORS, FIXED, VAR OR ADJ (PRESET) PT   t3 $   471M  yoy   -58.4%  accel  -204.8pp  z -5.8
   1803  COCOA PASTE, DEFATTED OR NOT                         t3 $   430M  yoy    +7.0%  accel  -109.1pp  z -3.2
   1805  COCOA POWDER, NOT SWEETENED                          t3 $   214M  yoy   +10.1%  accel   -84.7pp  z -2.5
   7403  REFINED COPPER & ALLOYS (NO MAST ALLOY), UNWROUGHT   t3 $ 5,910M  yoy   +57.6%  accel   -76.5pp  z -2.2
   9802  EXPTS CHARITY NESOI; IMPTS RETURN ARTICLS, ADVANCD   t3 $ 2,226M  yoy   +64.4%  accel   -71.8pp  z -2.1
   3003  MEDICAMENTS NESOI OF MIXTURES, NOT DOSAGE ETC FORM   t3 $   285M  yoy   -66.3%  accel   -61.4pp  z -1.8
   2401  TOBACCO, UNMANUFACTURED; TOBACCO REFUSE              t3 $   167M  yoy   -30.3%  accel   -48.9pp  z -1.5
   1801  COCOA BEANS, WHOLE OR BROKEN, RAW OR ROASTED         t3 $   758M  yoy   -37.3%  accel   -47.3pp  z -1.4
  PROMOTE: hand the top movers to a SignalOS vehicle-mapping pass (category -> consignees -> tickers -> seed).
[-> IMPORT_ANOMALIES.json]


===== 2026-07-09 01:32 (desk) =====
=== IMPORT ANOMALY SCANNER  2026-07-09  (window 2026-03..2026-05; 480 HS4 categories >= $150M/qtr) ===
  TOP ACCELERATING (thesis-seed candidates — who benefits/supplies/distributes?):
   8523  PREPARED UNRECORDED MEDIA (NO FILM) FOR SOUND ETC.   t3 $15,179M  yoy  +223.4%  accel  +167.0pp  z +6.0
   8101  TUNGSTEN (WOLFRAM) & ARTICLES, INCL WASTE & SCRAP    t3 $   167M  yoy  +184.5%  accel  +154.8pp  z +5.5
   2503  SULFUR OF ALL KINDS NESOI                            t3 $   216M  yoy  +295.6%  accel  +145.3pp  z +5.1
   0405  BUTTER AND OTHER FATS AND OILS DERIVED FROM MILK     t3 $   224M  yoy   +52.2%  accel  +101.9pp  z +3.5
   7108  GOLD (INCL PLAT PLATED), UNWR, SEMIMFR OR POWDER     t3 $ 4,202M  yoy   +57.4%  accel   +91.9pp  z +3.1
   1514  RAPESEED, COLZA OR MUSTARD OIL ETC, NOT CHEM MODIF   t3 $ 1,198M  yoy   +81.7%  accel   +84.1pp  z +2.8
   7606  ALUMINUM PLATES, SHEETS & STRIP OVER .2MM THICK      t3 $ 1,981M  yoy  +118.0%  accel   +82.5pp  z +2.8
   2716  ELECTRICAL ENERGY                                    t3 $   481M  yoy   +50.4%  accel   +72.4pp  z +2.4
   0702  TOMATOES, FRESH OR CHILLED                           t3 $ 1,036M  yoy   +37.1%  accel   +67.6pp  z +2.2
   8306  BELLS ETC (NONELEC), ORNAMENTS, PH FRAMES ETC BMPT   t3 $   258M  yoy   +33.3%  accel   +65.8pp  z +2.1
   4911  PRINTED MATTER NESOI, INCL PRINT PICTURES & PHOTOS   t3 $   662M  yoy   +78.9%  accel   +62.7pp  z +2.0
   8802  AIRCRAFT, POWERED; SPACECRAFT & LAUNCH VEHICLES      t3 $ 5,119M  yoy   +89.8%  accel   +60.8pp  z +1.9
   0705  LETTUCE AND CHICORY, FRESH OR CHILLED                t3 $   158M  yoy   +57.9%  accel   +57.7pp  z +1.8
   7216  ANGLES, SHAPES & SECTIONS OF IRON & NONALLOY STEEL   t3 $   367M  yoy   +56.7%  accel   +55.8pp  z +1.7
   3604  FIREWORKS, SIGNALLING FLARES, RAIN ROCKETS ETC.      t3 $   158M  yoy   +25.3%  accel   +55.1pp  z +1.7
  TOP DECELERATING (rollover tells — who's exposed?):
   7403  REFINED COPPER & ALLOYS (NO MAST ALLOY), UNWROUGHT   t3 $ 4,962M  yoy    -7.2%  accel  -229.8pp  z -9.1
   1803  COCOA PASTE, DEFATTED OR NOT                         t3 $   377M  yoy    -7.8%  accel  -134.2pp  z -5.5
   8532  ELECTRIC CAPACITORS, FIXED, VAR OR ADJ (PRESET) PT   t3 $   487M  yoy   -62.3%  accel  -130.3pp  z -5.3
   9802  EXPTS CHARITY NESOI; IMPTS RETURN ARTICLS, ADVANCD   t3 $ 2,219M  yoy   +37.0%  accel   -89.1pp  z -3.8
   1805  COCOA POWDER, NOT SWEETENED                          t3 $   217M  yoy   +11.3%  accel   -52.4pp  z -2.4
   9817  IMPORTS DUTY FREE UNDER SPEC CLASSIF PROV NESOI      t3 $ 1,728M  yoy   +60.9%  accel   -52.1pp  z -2.4
   2934  NUCLEIC ACIDS & SALTS, HETEROCYCLIC COMP NESOI       t3 $ 2,434M  yoy   -43.7%  accel   -51.9pp  z -2.4
   2935  SULFONAMIDES                                         t3 $   274M  yoy   -44.7%  accel   -46.2pp  z -2.1
   3003  MEDICAMENTS NESOI OF MIXTURES, NOT DOSAGE ETC FORM   t3 $   355M  yoy   -63.9%  accel   -45.4pp  z -2.1
   0901  COFFEE; COFFEE HUSKS ETC; SUBSTITUTES WITH COFFEE    t3 $ 2,974M  yoy   -23.3%  accel   -43.4pp  z -2.0
  PROMOTE: hand the top movers to a SignalOS vehicle-mapping pass (category -> consignees -> tickers -> seed).
[-> IMPORT_ANOMALIES.json]


===== 2026-07-16 02:31 (desk) =====
=== IMPORT ANOMALY SCANNER  2026-07-16  (window 2026-03..2026-05; 480 HS4 categories >= $150M/qtr) ===
  TOP ACCELERATING (thesis-seed candidates — who benefits/supplies/distributes?):
   8523  PREPARED UNRECORDED MEDIA (NO FILM) FOR SOUND ETC.   t3 $15,179M  yoy  +223.4%  accel  +167.0pp  z +6.0
   8101  TUNGSTEN (WOLFRAM) & ARTICLES, INCL WASTE & SCRAP    t3 $   167M  yoy  +184.5%  accel  +154.8pp  z +5.5
   2503  SULFUR OF ALL KINDS NESOI                            t3 $   216M  yoy  +295.6%  accel  +145.3pp  z +5.1
   0405  BUTTER AND OTHER FATS AND OILS DERIVED FROM MILK     t3 $   224M  yoy   +52.2%  accel  +101.9pp  z +3.5
   7108  GOLD (INCL PLAT PLATED), UNWR, SEMIMFR OR POWDER     t3 $ 4,202M  yoy   +57.4%  accel   +91.9pp  z +3.1
   1514  RAPESEED, COLZA OR MUSTARD OIL ETC, NOT CHEM MODIF   t3 $ 1,198M  yoy   +81.7%  accel   +84.1pp  z +2.8
   7606  ALUMINUM PLATES, SHEETS & STRIP OVER .2MM THICK      t3 $ 1,981M  yoy  +118.0%  accel   +82.5pp  z +2.8
   2716  ELECTRICAL ENERGY                                    t3 $   481M  yoy   +50.4%  accel   +72.4pp  z +2.4
   0702  TOMATOES, FRESH OR CHILLED                           t3 $ 1,036M  yoy   +37.1%  accel   +67.6pp  z +2.2
   8306  BELLS ETC (NONELEC), ORNAMENTS, PH FRAMES ETC BMPT   t3 $   258M  yoy   +33.3%  accel   +65.8pp  z +2.1
   4911  PRINTED MATTER NESOI, INCL PRINT PICTURES & PHOTOS   t3 $   662M  yoy   +78.9%  accel   +62.7pp  z +2.0
   8802  AIRCRAFT, POWERED; SPACECRAFT & LAUNCH VEHICLES      t3 $ 5,119M  yoy   +89.8%  accel   +60.8pp  z +1.9
   0705  LETTUCE AND CHICORY, FRESH OR CHILLED                t3 $   158M  yoy   +57.9%  accel   +57.7pp  z +1.8
   7216  ANGLES, SHAPES & SECTIONS OF IRON & NONALLOY STEEL   t3 $   367M  yoy   +56.7%  accel   +55.8pp  z +1.7
   3604  FIREWORKS, SIGNALLING FLARES, RAIN ROCKETS ETC.      t3 $   158M  yoy   +25.3%  accel   +55.1pp  z +1.7
  TOP DECELERATING (rollover tells — who's exposed?):
   7403  REFINED COPPER & ALLOYS (NO MAST ALLOY), UNWROUGHT   t3 $ 4,962M  yoy    -7.2%  accel  -229.8pp  z -9.1
   1803  COCOA PASTE, DEFATTED OR NOT                         t3 $   377M  yoy    -7.8%  accel  -134.2pp  z -5.5
   8532  ELECTRIC CAPACITORS, FIXED, VAR OR ADJ (PRESET) PT   t3 $   487M  yoy   -62.3%  accel  -130.3pp  z -5.3
   9802  EXPTS CHARITY NESOI; IMPTS RETURN ARTICLS, ADVANCD   t3 $ 2,219M  yoy   +37.0%  accel   -89.1pp  z -3.8
   1805  COCOA POWDER, NOT SWEETENED                          t3 $   217M  yoy   +11.3%  accel   -52.4pp  z -2.4
   9817  IMPORTS DUTY FREE UNDER SPEC CLASSIF PROV NESOI      t3 $ 1,728M  yoy   +60.9%  accel   -52.1pp  z -2.4
   2934  NUCLEIC ACIDS & SALTS, HETEROCYCLIC COMP NESOI       t3 $ 2,434M  yoy   -43.7%  accel   -51.9pp  z -2.4
   2935  SULFONAMIDES                                         t3 $   274M  yoy   -44.7%  accel   -46.2pp  z -2.1
   3003  MEDICAMENTS NESOI OF MIXTURES, NOT DOSAGE ETC FORM   t3 $   355M  yoy   -63.9%  accel   -45.4pp  z -2.1
   0901  COFFEE; COFFEE HUSKS ETC; SUBSTITUTES WITH COFFEE    t3 $ 2,974M  yoy   -23.3%  accel   -43.4pp  z -2.0
  PROMOTE: hand the top movers to a SignalOS vehicle-mapping pass (category -> consignees -> tickers -> seed).
[-> IMPORT_ANOMALIES.json]


===== 2026-07-23 03:38 (desk) =====
=== IMPORT ANOMALY SCANNER  2026-07-23  (window 2026-03..2026-05; 480 HS4 categories >= $150M/qtr) ===
  TOP ACCELERATING (thesis-seed candidates — who benefits/supplies/distributes?):
   8523  PREPARED UNRECORDED MEDIA (NO FILM) FOR SOUND ETC.   t3 $15,179M  yoy  +223.4%  accel  +167.0pp  z +6.0
   8101  TUNGSTEN (WOLFRAM) & ARTICLES, INCL WASTE & SCRAP    t3 $   167M  yoy  +184.5%  accel  +154.8pp  z +5.5
   2503  SULFUR OF ALL KINDS NESOI                            t3 $   216M  yoy  +295.6%  accel  +145.3pp  z +5.1
   0405  BUTTER AND OTHER FATS AND OILS DERIVED FROM MILK     t3 $   224M  yoy   +52.2%  accel  +101.9pp  z +3.5
   7108  GOLD (INCL PLAT PLATED), UNWR, SEMIMFR OR POWDER     t3 $ 4,202M  yoy   +57.4%  accel   +91.9pp  z +3.1
   1514  RAPESEED, COLZA OR MUSTARD OIL ETC, NOT CHEM MODIF   t3 $ 1,198M  yoy   +81.7%  accel   +84.1pp  z +2.8
   7606  ALUMINUM PLATES, SHEETS & STRIP OVER .2MM THICK      t3 $ 1,981M  yoy  +118.0%  accel   +82.5pp  z +2.8
   2716  ELECTRICAL ENERGY                                    t3 $   481M  yoy   +50.4%  accel   +72.4pp  z +2.4
   0702  TOMATOES, FRESH OR CHILLED                           t3 $ 1,036M  yoy   +37.1%  accel   +67.6pp  z +2.2
   8306  BELLS ETC (NONELEC), ORNAMENTS, PH FRAMES ETC BMPT   t3 $   258M  yoy   +33.3%  accel   +65.8pp  z +2.1
   4911  PRINTED MATTER NESOI, INCL PRINT PICTURES & PHOTOS   t3 $   662M  yoy   +78.9%  accel   +62.7pp  z +2.0
   8802  AIRCRAFT, POWERED; SPACECRAFT & LAUNCH VEHICLES      t3 $ 5,119M  yoy   +89.8%  accel   +60.8pp  z +1.9
   0705  LETTUCE AND CHICORY, FRESH OR CHILLED                t3 $   158M  yoy   +57.9%  accel   +57.7pp  z +1.8
   7216  ANGLES, SHAPES & SECTIONS OF IRON & NONALLOY STEEL   t3 $   367M  yoy   +56.7%  accel   +55.8pp  z +1.7
   3604  FIREWORKS, SIGNALLING FLARES, RAIN ROCKETS ETC.      t3 $   158M  yoy   +25.3%  accel   +55.1pp  z +1.7
  TOP DECELERATING (rollover tells — who's exposed?):
   7403  REFINED COPPER & ALLOYS (NO MAST ALLOY), UNWROUGHT   t3 $ 4,962M  yoy    -7.2%  accel  -229.8pp  z -9.1
   1803  COCOA PASTE, DEFATTED OR NOT                         t3 $   377M  yoy    -7.8%  accel  -134.2pp  z -5.5
   8532  ELECTRIC CAPACITORS, FIXED, VAR OR ADJ (PRESET) PT   t3 $   487M  yoy   -62.3%  accel  -130.3pp  z -5.3
   9802  EXPTS CHARITY NESOI; IMPTS RETURN ARTICLS, ADVANCD   t3 $ 2,219M  yoy   +37.0%  accel   -89.1pp  z -3.8
   1805  COCOA POWDER, NOT SWEETENED                          t3 $   217M  yoy   +11.3%  accel   -52.4pp  z -2.4
   9817  IMPORTS DUTY FREE UNDER SPEC CLASSIF PROV NESOI      t3 $ 1,728M  yoy   +60.9%  accel   -52.1pp  z -2.4
   2934  NUCLEIC ACIDS & SALTS, HETEROCYCLIC COMP NESOI       t3 $ 2,434M  yoy   -43.7%  accel   -51.9pp  z -2.4
   2935  SULFONAMIDES                                         t3 $   274M  yoy   -44.7%  accel   -46.2pp  z -2.1
   3003  MEDICAMENTS NESOI OF MIXTURES, NOT DOSAGE ETC FORM   t3 $   355M  yoy   -63.9%  accel   -45.4pp  z -2.1
   0901  COFFEE; COFFEE HUSKS ETC; SUBSTITUTES WITH COFFEE    t3 $ 2,974M  yoy   -23.3%  accel   -43.4pp  z -2.0
  PROMOTE: hand the top movers to a SignalOS vehicle-mapping pass (category -> consignees -> tickers -> seed).
[-> IMPORT_ANOMALIES.json]


===== 2026-07-30 04:35 (desk) =====
=== IMPORT ANOMALY SCANNER  2026-07-30  (window 2026-03..2026-05; 480 HS4 categories >= $150M/qtr) ===
  TOP ACCELERATING (thesis-seed candidates — who benefits/supplies/distributes?):
   8523  PREPARED UNRECORDED MEDIA (NO FILM) FOR SOUND ETC.   t3 $15,179M  yoy  +223.4%  accel  +167.0pp  z +6.0
   8101  TUNGSTEN (WOLFRAM) & ARTICLES, INCL WASTE & SCRAP    t3 $   167M  yoy  +184.5%  accel  +154.8pp  z +5.5
   2503  SULFUR OF ALL KINDS NESOI                            t3 $   216M  yoy  +295.6%  accel  +145.3pp  z +5.1
   0405  BUTTER AND OTHER FATS AND OILS DERIVED FROM MILK     t3 $   224M  yoy   +52.2%  accel  +101.9pp  z +3.5
   7108  GOLD (INCL PLAT PLATED), UNWR, SEMIMFR OR POWDER     t3 $ 4,202M  yoy   +57.4%  accel   +91.9pp  z +3.1
   1514  RAPESEED, COLZA OR MUSTARD OIL ETC, NOT CHEM MODIF   t3 $ 1,198M  yoy   +81.7%  accel   +84.1pp  z +2.8
   7606  ALUMINUM PLATES, SHEETS & STRIP OVER .2MM THICK      t3 $ 1,981M  yoy  +118.0%  accel   +82.5pp  z +2.8
   2716  ELECTRICAL ENERGY                                    t3 $   481M  yoy   +50.4%  accel   +72.4pp  z +2.4
   0702  TOMATOES, FRESH OR CHILLED                           t3 $ 1,036M  yoy   +37.1%  accel   +67.6pp  z +2.2
   8306  BELLS ETC (NONELEC), ORNAMENTS, PH FRAMES ETC BMPT   t3 $   258M  yoy   +33.3%  accel   +65.8pp  z +2.1
   4911  PRINTED MATTER NESOI, INCL PRINT PICTURES & PHOTOS   t3 $   662M  yoy   +78.9%  accel   +62.7pp  z +2.0
   8802  AIRCRAFT, POWERED; SPACECRAFT & LAUNCH VEHICLES      t3 $ 5,119M  yoy   +89.8%  accel   +60.8pp  z +1.9
   0705  LETTUCE AND CHICORY, FRESH OR CHILLED                t3 $   158M  yoy   +57.9%  accel   +57.7pp  z +1.8
   7216  ANGLES, SHAPES & SECTIONS OF IRON & NONALLOY STEEL   t3 $   367M  yoy   +56.7%  accel   +55.8pp  z +1.7
   3604  FIREWORKS, SIGNALLING FLARES, RAIN ROCKETS ETC.      t3 $   158M  yoy   +25.3%  accel   +55.1pp  z +1.7
  TOP DECELERATING (rollover tells — who's exposed?):
   7403  REFINED COPPER & ALLOYS (NO MAST ALLOY), UNWROUGHT   t3 $ 4,962M  yoy    -7.2%  accel  -229.8pp  z -9.1
   1803  COCOA PASTE, DEFATTED OR NOT                         t3 $   377M  yoy    -7.8%  accel  -134.2pp  z -5.5
   8532  ELECTRIC CAPACITORS, FIXED, VAR OR ADJ (PRESET) PT   t3 $   487M  yoy   -62.3%  accel  -130.3pp  z -5.3
   9802  EXPTS CHARITY NESOI; IMPTS RETURN ARTICLS, ADVANCD   t3 $ 2,219M  yoy   +37.0%  accel   -89.1pp  z -3.8
   1805  COCOA POWDER, NOT SWEETENED                          t3 $   217M  yoy   +11.3%  accel   -52.4pp  z -2.4
   9817  IMPORTS DUTY FREE UNDER SPEC CLASSIF PROV NESOI      t3 $ 1,728M  yoy   +60.9%  accel   -52.1pp  z -2.4
   2934  NUCLEIC ACIDS & SALTS, HETEROCYCLIC COMP NESOI       t3 $ 2,434M  yoy   -43.7%  accel   -51.9pp  z -2.4
   2935  SULFONAMIDES                                         t3 $   274M  yoy   -44.7%  accel   -46.2pp  z -2.1
   3003  MEDICAMENTS NESOI OF MIXTURES, NOT DOSAGE ETC FORM   t3 $   355M  yoy   -63.9%  accel   -45.4pp  z -2.1
   0901  COFFEE; COFFEE HUSKS ETC; SUBSTITUTES WITH COFFEE    t3 $ 2,974M  yoy   -23.3%  accel   -43.4pp  z -2.0
  PROMOTE: hand the top movers to a SignalOS vehicle-mapping pass (category -> consignees -> tickers -> seed).
[-> IMPORT_ANOMALIES.json]


===== 2026-08-06 05:30 (desk) =====
=== IMPORT ANOMALY SCANNER  2026-08-06  (window 2026-04..2026-06; 486 HS4 categories >= $150M/qtr) ===
  TOP ACCELERATING (thesis-seed candidates — who benefits/supplies/distributes?):
   8523  PREPARED UNRECORDED MEDIA (NO FILM) FOR SOUND ETC.   t3 $17,949M  yoy  +294.1%  accel  +189.1pp  z +6.7
   8101  TUNGSTEN (WOLFRAM) & ARTICLES, INCL WASTE & SCRAP    t3 $   185M  yoy  +206.2%  accel  +132.1pp  z +4.5
   8802  AIRCRAFT, POWERED; SPACECRAFT & LAUNCH VEHICLES      t3 $ 4,985M  yoy  +141.4%  accel  +129.8pp  z +4.4
   7106  SILVER (INCL PREC PLATED), UNWR, SEMIMFR OR POWDER   t3 $ 2,951M  yoy   +91.0%  accel  +128.2pp  z +4.4
   7103  PRECIOUS NESOI & SEMIPREC STONES, NOT STRUNG ETC     t3 $   160M  yoy   +31.3%  accel  +102.9pp  z +3.4
   7115  ARTICLES OF OR CLAD WITH PRECIOUS METAL NESOI        t3 $ 1,872M  yoy    +1.0%  accel   +99.1pp  z +3.2
   0405  BUTTER AND OTHER FATS AND OILS DERIVED FROM MILK     t3 $   199M  yoy   +78.2%  accel   +98.8pp  z +3.2
   8306  BELLS ETC (NONELEC), ORNAMENTS, PH FRAMES ETC BMPT   t3 $   281M  yoy   +73.7%  accel   +96.3pp  z +3.1
   0705  LETTUCE AND CHICORY, FRESH OR CHILLED                t3 $   162M  yoy   +96.8%  accel   +87.4pp  z +2.8
   1518  ANML,VEG,MICROBIAL FAT OIL&FRACTION,CHEM MOD NESOI   t3 $   530M  yoy   +19.8%  accel   +86.5pp  z +2.8
   7216  ANGLES, SHAPES & SECTIONS OF IRON & NONALLOY STEEL   t3 $   394M  yoy   +81.9%  accel   +82.5pp  z +2.6
   8112  BERYLLIUM,CHROMIUM,HAFNIUM,RHENIUM ETC & ARTICLES    t3 $   287M  yoy   +71.3%  accel   +79.2pp  z +2.5
   7606  ALUMINUM PLATES, SHEETS & STRIP OVER .2MM THICK      t3 $ 2,014M  yoy  +127.0%  accel   +67.7pp  z +2.0
   2707  OILS ETC FROM HIGH TEMP COAL TAR; SIM AROMATIC ETC   t3 $   446M  yoy   +33.3%  accel   +64.4pp  z +1.9
   7207  SEMIFINISHED PRODUCTS OF IRON OR NONALLOY STEEL      t3 $   547M  yoy   +15.7%  accel   +63.9pp  z +1.9
  TOP DECELERATING (rollover tells — who's exposed?):
   7403  REFINED COPPER & ALLOYS (NO MAST ALLOY), UNWROUGHT   t3 $ 4,667M  yoy   -21.7%  accel  -192.6pp  z -8.1
   1803  COCOA PASTE, DEFATTED OR NOT                         t3 $   319M  yoy   -18.6%  accel   -80.3pp  z -3.7
   8105  COBALT MATTES ETC, COBALT & ART, INC WASTE & SCRAP   t3 $   160M  yoy    +3.4%  accel   -74.3pp  z -3.5
   9802  EXPTS CHARITY NESOI; IMPTS RETURN ARTICLS, ADVANCD   t3 $ 2,275M  yoy   +19.6%  accel   -68.5pp  z -3.2
   7118  COIN                                                 t3 $   526M  yoy    -0.7%  accel   -61.8pp  z -3.0
   8532  ELECTRIC CAPACITORS, FIXED, VAR OR ADJ (PRESET) PT   t3 $   494M  yoy   -68.6%  accel   -58.3pp  z -2.9
   9817  IMPORTS DUTY FREE UNDER SPEC CLASSIF PROV NESOI      t3 $ 1,624M  yoy   +52.6%  accel   -55.0pp  z -2.7
   1805  COCOA POWDER, NOT SWEETENED                          t3 $   192M  yoy   -13.4%  accel   -47.4pp  z -2.4
   0901  COFFEE; COFFEE HUSKS ETC; SUBSTITUTES WITH COFFEE    t3 $ 2,851M  yoy   -27.1%  accel   -36.2pp  z -2.0
   1804  COCOA BUTTER, FAT AND OIL                            t3 $   254M  yoy   -68.8%  accel   -30.3pp  z -1.8
  PROMOTE: hand the top movers to a SignalOS vehicle-mapping pass (category -> consignees -> tickers -> seed).
[-> IMPORT_ANOMALIES.json]


===== 2026-08-13 09:15 (desk) =====
=== IMPORT ANOMALY SCANNER  2026-08-13  (window 2026-04..2026-06; 486 HS4 categories >= $150M/qtr) ===
  TOP ACCELERATING (thesis-seed candidates — who benefits/supplies/distributes?):
   8523  PREPARED UNRECORDED MEDIA (NO FILM) FOR SOUND ETC.   t3 $17,949M  yoy  +294.1%  accel  +189.1pp  z +6.7
   8101  TUNGSTEN (WOLFRAM) & ARTICLES, INCL WASTE & SCRAP    t3 $   185M  yoy  +206.2%  accel  +132.1pp  z +4.5
   8802  AIRCRAFT, POWERED; SPACECRAFT & LAUNCH VEHICLES      t3 $ 4,985M  yoy  +141.4%  accel  +129.8pp  z +4.4
   7106  SILVER (INCL PREC PLATED), UNWR, SEMIMFR OR POWDER   t3 $ 2,951M  yoy   +91.0%  accel  +128.2pp  z +4.4
   7103  PRECIOUS NESOI & SEMIPREC STONES, NOT STRUNG ETC     t3 $   160M  yoy   +31.3%  accel  +102.9pp  z +3.4
   7115  ARTICLES OF OR CLAD WITH PRECIOUS METAL NESOI        t3 $ 1,872M  yoy    +1.0%  accel   +99.1pp  z +3.2
   0405  BUTTER AND OTHER FATS AND OILS DERIVED FROM MILK     t3 $   199M  yoy   +78.2%  accel   +98.8pp  z +3.2
   8306  BELLS ETC (NONELEC), ORNAMENTS, PH FRAMES ETC BMPT   t3 $   281M  yoy   +73.7%  accel   +96.3pp  z +3.1
   0705  LETTUCE AND CHICORY, FRESH OR CHILLED                t3 $   162M  yoy   +96.8%  accel   +87.4pp  z +2.8
   1518  ANML,VEG,MICROBIAL FAT OIL&FRACTION,CHEM MOD NESOI   t3 $   530M  yoy   +19.8%  accel   +86.5pp  z +2.8
   7216  ANGLES, SHAPES & SECTIONS OF IRON & NONALLOY STEEL   t3 $   394M  yoy   +81.9%  accel   +82.5pp  z +2.6
   8112  BERYLLIUM,CHROMIUM,HAFNIUM,RHENIUM ETC & ARTICLES    t3 $   287M  yoy   +71.3%  accel   +79.2pp  z +2.5
   7606  ALUMINUM PLATES, SHEETS & STRIP OVER .2MM THICK      t3 $ 2,014M  yoy  +127.0%  accel   +67.7pp  z +2.0
   2707  OILS ETC FROM HIGH TEMP COAL TAR; SIM AROMATIC ETC   t3 $   446M  yoy   +33.3%  accel   +64.4pp  z +1.9
   7207  SEMIFINISHED PRODUCTS OF IRON OR NONALLOY STEEL      t3 $   547M  yoy   +15.7%  accel   +63.9pp  z +1.9
  TOP DECELERATING (rollover tells — who's exposed?):
   7403  REFINED COPPER & ALLOYS (NO MAST ALLOY), UNWROUGHT   t3 $ 4,667M  yoy   -21.7%  accel  -192.6pp  z -8.1
   1803  COCOA PASTE, DEFATTED OR NOT                         t3 $   319M  yoy   -18.6%  accel   -80.3pp  z -3.7
   8105  COBALT MATTES ETC, COBALT & ART, INC WASTE & SCRAP   t3 $   160M  yoy    +3.4%  accel   -74.3pp  z -3.5
   9802  EXPTS CHARITY NESOI; IMPTS RETURN ARTICLS, ADVANCD   t3 $ 2,275M  yoy   +19.6%  accel   -68.5pp  z -3.2
   7118  COIN                                                 t3 $   526M  yoy    -0.7%  accel   -61.8pp  z -3.0
   8532  ELECTRIC CAPACITORS, FIXED, VAR OR ADJ (PRESET) PT   t3 $   494M  yoy   -68.6%  accel   -58.3pp  z -2.9
   9817  IMPORTS DUTY FREE UNDER SPEC CLASSIF PROV NESOI      t3 $ 1,624M  yoy   +52.6%  accel   -55.0pp  z -2.7
   1805  COCOA POWDER, NOT SWEETENED                          t3 $   192M  yoy   -13.4%  accel   -47.4pp  z -2.4
   0901  COFFEE; COFFEE HUSKS ETC; SUBSTITUTES WITH COFFEE    t3 $ 2,851M  yoy   -27.1%  accel   -36.2pp  z -2.0
   1804  COCOA BUTTER, FAT AND OIL                            t3 $   254M  yoy   -68.8%  accel   -30.3pp  z -1.8
  PROMOTE: hand the top movers to a SignalOS vehicle-mapping pass (category -> consignees -> tickers -> seed).
[-> IMPORT_ANOMALIES.json]


===== 2026-09-11 01:37 (desk) =====
=== IMPORT ANOMALY SCANNER  2026-09-11  (window 2026-05..2026-07; 490 HS4 categories >= $150M/qtr) ===
  TOP ACCELERATING (thesis-seed candidates — who benefits/supplies/distributes?):
   7103  PRECIOUS NESOI & SEMIPREC STONES, NOT STRUNG ETC     t3 $   166M  yoy  +238.1%  accel  +326.9pp  z+10.4
   7115  ARTICLES OF OR CLAD WITH PRECIOUS METAL NESOI        t3 $ 1,592M  yoy  +202.8%  accel  +298.9pp  z +9.5
   8523  PREPARED UNRECORDED MEDIA (NO FILM) FOR SOUND ETC.   t3 $20,474M  yoy  +338.0%  accel  +178.5pp  z +5.5
   8402  STEAM ETC GENERATING BOILERS NESOI; SUP W BOILERS    t3 $   174M  yoy  +167.8%  accel  +143.3pp  z +4.3
   2902  CYCLIC HYDROCARBONS                                  t3 $   551M  yoy   +76.0%  accel  +135.3pp  z +4.0
   2930  ORGANO-SULFUR COMPOUNDS                              t3 $   403M  yoy  +133.8%  accel  +123.3pp  z +3.6
   2707  OILS ETC FROM HIGH TEMP COAL TAR; SIM AROMATIC ETC   t3 $   551M  yoy   +69.3%  accel  +109.0pp  z +3.2
   7106  SILVER (INCL PREC PLATED), UNWR, SEMIMFR OR POWDER   t3 $ 3,051M  yoy   +73.5%  accel  +101.7pp  z +2.9
   8802  AIRCRAFT, POWERED; SPACECRAFT & LAUNCH VEHICLES      t3 $ 4,830M  yoy  +147.8%  accel  +100.1pp  z +2.9
   8306  BELLS ETC (NONELEC), ORNAMENTS, PH FRAMES ETC BMPT   t3 $   329M  yoy   +90.4%  accel   +92.7pp  z +2.6
   2934  NUCLEIC ACIDS & SALTS, HETEROCYCLIC COMP NESOI       t3 $ 1,971M  yoy   +40.9%  accel   +90.5pp  z +2.5
   1518  ANML,VEG,MICROBIAL FAT OIL&FRACTION,CHEM MOD NESOI   t3 $   843M  yoy   +45.3%  accel   +89.0pp  z +2.5
   7102  DIAMONDS, WORKED OR NOT, NOT MOUNTED OR SET          t3 $ 1,386M  yoy   +13.7%  accel   +82.8pp  z +2.3
   8473  PARTS ETC FOR TYPEWRITERS & OTHER OFFICE MACHINES    t3 $48,373M  yoy  +147.4%  accel   +73.8pp  z +2.0
   2841  SALTS OF OXOMETALLIC OR PEROXOMETALLIC ACIDS         t3 $   206M  yoy   +42.1%  accel   +69.4pp  z +1.9
  TOP DECELERATING (rollover tells — who's exposed?):
   7108  GOLD (INCL PLAT PLATED), UNWR, SEMIMFR OR POWDER     t3 $ 4,051M  yoy   -67.5%  accel   -78.4pp  z -3.0
   9802  EXPTS CHARITY NESOI; IMPTS RETURN ARTICLS, ADVANCD   t3 $ 2,202M  yoy    +6.5%  accel   -57.9pp  z -2.4
   7403  REFINED COPPER & ALLOYS (NO MAST ALLOY), UNWROUGHT   t3 $ 6,137M  yoy    +0.3%  accel   -57.3pp  z -2.3
   7118  COIN                                                 t3 $   469M  yoy    +3.4%  accel   -49.4pp  z -2.1
   9701  PAINTINGS, DRAWINGS ETC BY HAND AS ART; COLLAG ETC   t3 $   963M  yoy   -23.3%  accel   -45.7pp  z -2.0
   2844  RADIOACTIVE CHEMICAL ELEMENTS & ISOTOPES ETC.        t3 $ 1,368M  yoy   -22.5%  accel   -41.1pp  z -1.8
   8471  AUTOMATIC DATA PROCESS MACHINES; MAGN READER ETC     t3 $116,073M  yoy   +76.0%  accel   -33.1pp  z -1.5
   3102  MINERAL OR CHEMICAL FERTILIZERS, NITROGENOUS         t3 $   669M  yoy    -4.2%  accel   -32.2pp  z -1.5
   3104  MINERAL OR CHEMICAL FERTILIZERS, POTASSIC            t3 $   661M  yoy   -14.8%  accel   -31.7pp  z -1.5
   0702  TOMATOES, FRESH OR CHILLED                           t3 $   723M  yoy    -2.8%  accel   -31.5pp  z -1.5
  PROMOTE: hand the top movers to a SignalOS vehicle-mapping pass (category -> consignees -> tickers -> seed).
[-> IMPORT_ANOMALIES.json]


===== 2026-09-11 01:43 (desk) =====
=== IMPORT ANOMALY SCANNER  2026-09-11  (window 2026-05..2026-07; 490 HS4 categories >= $150M/qtr) ===
  TOP ACCELERATING (thesis-seed candidates — who benefits/supplies/distributes?):
   7103  PRECIOUS NESOI & SEMIPREC STONES, NOT STRUNG ETC     t3 $   166M  yoy  +238.1%  accel  +326.9pp  z+10.4
   7115  ARTICLES OF OR CLAD WITH PRECIOUS METAL NESOI        t3 $ 1,592M  yoy  +202.8%  accel  +298.9pp  z +9.5
   8523  PREPARED UNRECORDED MEDIA (NO FILM) FOR SOUND ETC.   t3 $20,474M  yoy  +338.0%  accel  +178.5pp  z +5.5
   8402  STEAM ETC GENERATING BOILERS NESOI; SUP W BOILERS    t3 $   174M  yoy  +167.8%  accel  +143.3pp  z +4.3
   2902  CYCLIC HYDROCARBONS                                  t3 $   551M  yoy   +76.0%  accel  +135.3pp  z +4.0
   2930  ORGANO-SULFUR COMPOUNDS                              t3 $   403M  yoy  +133.8%  accel  +123.3pp  z +3.6
   2707  OILS ETC FROM HIGH TEMP COAL TAR; SIM AROMATIC ETC   t3 $   551M  yoy   +69.3%  accel  +109.0pp  z +3.2
   7106  SILVER (INCL PREC PLATED), UNWR, SEMIMFR OR POWDER   t3 $ 3,051M  yoy   +73.5%  accel  +101.7pp  z +2.9
   8802  AIRCRAFT, POWERED; SPACECRAFT & LAUNCH VEHICLES      t3 $ 4,830M  yoy  +147.8%  accel  +100.1pp  z +2.9
   8306  BELLS ETC (NONELEC), ORNAMENTS, PH FRAMES ETC BMPT   t3 $   329M  yoy   +90.4%  accel   +92.7pp  z +2.6
   2934  NUCLEIC ACIDS & SALTS, HETEROCYCLIC COMP NESOI       t3 $ 1,971M  yoy   +40.9%  accel   +90.5pp  z +2.5
   1518  ANML,VEG,MICROBIAL FAT OIL&FRACTION,CHEM MOD NESOI   t3 $   843M  yoy   +45.3%  accel   +89.0pp  z +2.5
   7102  DIAMONDS, WORKED OR NOT, NOT MOUNTED OR SET          t3 $ 1,386M  yoy   +13.7%  accel   +82.8pp  z +2.3
   8473  PARTS ETC FOR TYPEWRITERS & OTHER OFFICE MACHINES    t3 $48,373M  yoy  +147.4%  accel   +73.8pp  z +2.0
   2841  SALTS OF OXOMETALLIC OR PEROXOMETALLIC ACIDS         t3 $   206M  yoy   +42.1%  accel   +69.4pp  z +1.9
  TOP DECELERATING (rollover tells — who's exposed?):
   7108  GOLD (INCL PLAT PLATED), UNWR, SEMIMFR OR POWDER     t3 $ 4,051M  yoy   -67.5%  accel   -78.4pp  z -3.0
   9802  EXPTS CHARITY NESOI; IMPTS RETURN ARTICLS, ADVANCD   t3 $ 2,202M  yoy    +6.5%  accel   -57.9pp  z -2.4
   7403  REFINED COPPER & ALLOYS (NO MAST ALLOY), UNWROUGHT   t3 $ 6,137M  yoy    +0.3%  accel   -57.3pp  z -2.3
   7118  COIN                                                 t3 $   469M  yoy    +3.4%  accel   -49.4pp  z -2.1
   9701  PAINTINGS, DRAWINGS ETC BY HAND AS ART; COLLAG ETC   t3 $   963M  yoy   -23.3%  accel   -45.7pp  z -2.0
   2844  RADIOACTIVE CHEMICAL ELEMENTS & ISOTOPES ETC.        t3 $ 1,368M  yoy   -22.5%  accel   -41.1pp  z -1.8
   8471  AUTOMATIC DATA PROCESS MACHINES; MAGN READER ETC     t3 $116,073M  yoy   +76.0%  accel   -33.1pp  z -1.5
   3102  MINERAL OR CHEMICAL FERTILIZERS, NITROGENOUS         t3 $   669M  yoy    -4.2%  accel   -32.2pp  z -1.5
   3104  MINERAL OR CHEMICAL FERTILIZERS, POTASSIC            t3 $   661M  yoy   -14.8%  accel   -31.7pp  z -1.5
   7901  ZINC, UNWROUGHT                                      t3 $   473M  yoy    -0.7%  accel   -31.5pp  z -1.5
  PROMOTE: hand the top movers to a SignalOS vehicle-mapping pass (category -> consignees -> tickers -> seed).
[-> IMPORT_ANOMALIES.json]

