
===== 2026-07-01 18:30 (desk) =====
=== LUXURY BRAND-HEAT INDEX  2026-07-01  (Wikipedia attention, YoY, cohort-z) ===
  brand         cohort  2026Q2 yoy     z2026Q3 yoy     z
  Burberry      ?            -22.4 +0.26         –     –
  Louis Vuitton WIN          -48.0 -1.81         –     –
  Dior          WIN          -20.6  +0.4         –     –
  Hermès        WIN          -32.3 -0.54         –     –
  Gucci         LOSE          -5.9 +1.59         –     –
  Saint Laurent LOSE         -44.3 -1.51         –     –
  Coach         WIN          -14.5  +0.9         –     –
  Miu Miu       WIN          -27.0 -0.11         –     –
  Prada         ?            -16.0 +0.78         –     –
  Moncler       ?            -25.1 +0.04         –     –

  GOOGLE TRENDS (instrument #2, cross-normalized search interest) YoY:
   Burberry      2026Q1 +19%  2026Q2 +35%
   Dior          2026Q1 +5%  2026Q2 +12%
   Gucci         2026Q1 +32%  2026Q2 +144%
   Louis Vuitton 2026Q1 +23%  2026Q2 +156%
   Miu Miu       2026Q1 +9%  2026Q2 +10%

  BACKTEST vs printed comps:
   wikipedia    same-q corr 0.677 (n=50) | leads-1q 0.575 (n=50)
   googletrends same-q corr 0.901 (n=35) | leads-1q 0.868 (n=35)
[-> luxury_heat.json]


===== 2026-07-08 18:30 (desk) =====
=== LUXURY BRAND-HEAT INDEX  2026-07-08  (Wikipedia attention, YoY, cohort-z) ===
  brand         cohort  2026Q2 yoy     z2026Q3 yoy     z
  Burberry      ?            -22.4 +0.23     -84.4 -0.32
  Louis Vuitton WIN          -48.0 -1.73     -82.1 -0.08
  Dior          WIN          -20.6 +0.37     -78.0 +0.34
  Hermès        WIN          -32.3 -0.52     -55.9 +2.63
  Gucci         LOSE          -5.9  +1.5     -87.7 -0.66
  Saint Laurent LOSE         -44.3 -1.44     -91.5 -1.06
  Coach         WIN          -14.5 +0.84     -82.3  -0.1
  Miu Miu        ERROR HTTPError: HTTP Error 404: Not Found
  Prada         ?            -16.0 +0.72     -84.4 -0.32
  Moncler       ?            -25.1 +0.03     -85.3 -0.42

  GOOGLE TRENDS (instrument #2, cross-normalized search interest) YoY:
   Burberry      2026Q1 +19%  2026Q2 +35%
   Dior          2026Q1 +5%  2026Q2 +12%
   Gucci         2026Q1 +32%  2026Q2 +144%
   Louis Vuitton 2026Q1 +23%  2026Q2 +156%
   Miu Miu       2026Q1 +9%  2026Q2 +10%

  BACKTEST vs printed comps:
   wikipedia    same-q corr 0.154 (n=42) | leads-1q 0.251 (n=42)
   googletrends same-q corr 0.901 (n=35) | leads-1q 0.868 (n=35)
[-> luxury_heat.json]


===== 2026-07-15 18:30 (desk) =====
=== LUXURY BRAND-HEAT INDEX  2026-07-15  (Wikipedia attention, YoY, cohort-z) ===
  brand         cohort  2026Q2 yoy     z2026Q3 yoy     z
  Burberry      ?            -22.4 +0.26     -68.0 -0.24
  Louis Vuitton WIN          -48.0 -1.81     -63.5 +0.11
  Dior          WIN          -20.6  +0.4     -58.7 +0.48
  Hermès        WIN          -32.3 -0.54     -33.3 +2.45
  Gucci         LOSE          -5.9 +1.59     -77.4 -0.97
  Saint Laurent LOSE         -44.3 -1.51     -83.8 -1.47
  Coach         WIN          -14.5  +0.9     -65.8 -0.07
  Miu Miu       WIN          -27.0 -0.11     -58.3 +0.51
  Prada         ?            -16.0 +0.78     -70.4 -0.43
  Moncler       ?            -25.1 +0.04     -69.9 -0.39

  GOOGLE TRENDS (instrument #2, cross-normalized search interest) YoY:
   Burberry      2026Q1 +19%  2026Q2 +35%
   Dior          2026Q1 +5%  2026Q2 +12%
   Gucci         2026Q1 +32%  2026Q2 +144%
   Louis Vuitton 2026Q1 +23%  2026Q2 +156%
   Miu Miu       2026Q1 +9%  2026Q2 +10%

  BACKTEST vs printed comps:
   wikipedia    same-q corr 0.677 (n=50) | leads-1q 0.575 (n=50)
   googletrends same-q corr 0.901 (n=35) | leads-1q 0.868 (n=35)
[-> luxury_heat.json]


===== 2026-07-22 23:39 (desk) =====
=== LUXURY BRAND-HEAT INDEX  2026-07-22  (Wikipedia attention, YoY, cohort-z) ===
  brand         cohort  2026Q2 yoy     z2026Q3 yoy     z
  Burberry      ?            -22.4 +0.23     -45.7 +0.15
  Louis Vuitton WIN          -48.0 -1.73     -40.6 +0.48
  Dior          WIN          -20.6 +0.37     -41.0 +0.45
  Hermès        WIN          -32.3 -0.52     -15.5 +2.08
  Gucci         LOSE          -5.9  +1.5     -65.0 -1.08
  Saint Laurent LOSE         -44.3 -1.44     -74.2 -1.67
  Coach         WIN          -14.5 +0.84     -46.3 +0.11
  Miu Miu        ERROR HTTPError: HTTP Error 404: Not Found
  Prada         ?            -16.0 +0.72     -55.9  -0.5
  Moncler       ?            -25.1 +0.03     -48.3 -0.02

  GOOGLE TRENDS (instrument #2, cross-normalized search interest) YoY:
   Burberry      2026Q1 +19%  2026Q2 +35%
   Dior          2026Q1 +5%  2026Q2 +12%
   Gucci         2026Q1 +32%  2026Q2 +144%
   Louis Vuitton 2026Q1 +23%  2026Q2 +156%
   Miu Miu       2026Q1 +9%  2026Q2 +10%

  BACKTEST vs printed comps:
   wikipedia    same-q corr 0.154 (n=42) | leads-1q 0.251 (n=42)
   googletrends same-q corr 0.901 (n=35) | leads-1q 0.868 (n=35)
[-> luxury_heat.json]


===== 2026-07-30 00:34 (desk) =====
=== LUXURY BRAND-HEAT INDEX  2026-07-30  (Wikipedia attention, YoY, cohort-z) ===
  brand         cohort  2026Q2 yoy     z2026Q3 yoy     z
  Burberry      ?            -22.4 +0.07     -28.8 +0.24
  Louis Vuitton  ERROR HTTPError: HTTP Error 404: Not Found
  Dior          WIN          -20.6 +0.24     -24.9 +0.46
  Hermès        WIN          -32.3 -0.88      +0.4 +1.89
  Gucci         LOSE          -5.9 +1.65     -51.9 -1.08
  Saint Laurent LOSE         -44.3 -2.03     -65.5 -1.85
  Coach         WIN          -14.5 +0.83     -28.7 +0.24
  Miu Miu       WIN          -27.0 -0.37     -24.7 +0.47
  Prada         ?            -16.0 +0.68     -42.2 -0.52
  Moncler       ?            -25.1 -0.19     -30.4 +0.15

  GOOGLE TRENDS (instrument #2, cross-normalized search interest) YoY:
   Burberry      2026Q1 +19%  2026Q2 +35%
   Dior          2026Q1 +5%  2026Q2 +12%
   Gucci         2026Q1 +32%  2026Q2 +144%
   Louis Vuitton 2026Q1 +23%  2026Q2 +156%
   Miu Miu       2026Q1 +9%  2026Q2 +10%

  BACKTEST vs printed comps:
   wikipedia    same-q corr 0.688 (n=41) | leads-1q 0.573 (n=41)
   googletrends same-q corr 0.901 (n=35) | leads-1q 0.868 (n=35)
[-> luxury_heat.json]


===== 2026-08-06 01:30 (desk) =====
=== LUXURY BRAND-HEAT INDEX  2026-08-06  (Wikipedia attention, YoY, cohort-z) ===
  brand         cohort  2026Q2 yoy     z2026Q3 yoy     z
  Burberry      ?            -22.4 +0.26     -56.0 +0.17
  Louis Vuitton WIN          -48.0 -1.81     -51.0 +0.71
  Dior          WIN          -20.6  +0.4     -52.9  +0.5
  Hermès        WIN          -32.3 -0.54     -42.4 +1.64
  Gucci         LOSE          -5.9 +1.59     -68.1 -1.15
  Saint Laurent LOSE         -44.3 -1.51     -77.3 -2.15
  Coach         WIN          -14.5  +0.9     -53.8  +0.4
  Miu Miu       WIN          -27.0 -0.11     -54.0 +0.38
  Prada         ?            -16.0 +0.78     -62.3 -0.52
  Moncler       ?            -25.1 +0.04     -57.4 +0.01

  GOOGLE TRENDS (instrument #2, cross-normalized search interest) YoY:
   Burberry      2026Q1 +19%  2026Q2 +35%
   Dior          2026Q1 +5%  2026Q2 +12%
   Gucci         2026Q1 +32%  2026Q2 +144%
   Louis Vuitton 2026Q1 +23%  2026Q2 +156%
   Miu Miu       2026Q1 +9%  2026Q2 +10%

  BACKTEST vs printed comps:
   wikipedia    same-q corr 0.677 (n=50) | leads-1q 0.575 (n=50)
   googletrends same-q corr 0.901 (n=35) | leads-1q 0.868 (n=35)
[-> luxury_heat.json]


===== 2026-08-13 03:02 (desk) =====
=== LUXURY BRAND-HEAT INDEX  2026-08-13  (Wikipedia attention, YoY, cohort-z) ===
  brand         cohort  2026Q2 yoy     z2026Q3 yoy     z
  Burberry      ?            -22.4 +0.23     -20.1 +1.96
  Louis Vuitton WIN          -48.0 -1.73     -43.0 +0.28
  Dior          WIN          -20.6 +0.37     -43.7 +0.23
  Hermès        WIN          -32.3 -0.52     -35.0 +0.87
  Gucci         LOSE          -5.9  +1.5     -61.7 -1.09
  Saint Laurent LOSE         -44.3 -1.44     -68.8 -1.61
  Coach         WIN          -14.5 +0.84     -44.0 +0.21
  Miu Miu        ERROR HTTPError: HTTP Error 404: Not Found
  Prada         ?            -16.0 +0.72     -55.3 -0.62
  Moncler       ?            -25.1 +0.03     -49.9 -0.23

  GOOGLE TRENDS (instrument #2, cross-normalized search interest) YoY:
   Burberry      2026Q1 +19%  2026Q2 +35%
   Dior          2026Q1 +5%  2026Q2 +12%
   Gucci         2026Q1 +32%  2026Q2 +144%
   Louis Vuitton 2026Q1 +23%  2026Q2 +156%
   Miu Miu       2026Q1 +9%  2026Q2 +10%

  BACKTEST vs printed comps:
   wikipedia    same-q corr 0.154 (n=42) | leads-1q 0.251 (n=42)
   googletrends same-q corr 0.901 (n=35) | leads-1q 0.868 (n=35)
[-> luxury_heat.json]


===== 2026-09-11 01:03 (desk) =====
=== LUXURY BRAND-HEAT INDEX  2026-09-11  (Wikipedia attention, YoY, cohort-z) ===
  brand         cohort  2026Q2 yoy     z2026Q3 yoy     z
  Burberry      ?            -22.4 +0.26     -22.3 +1.81
  Louis Vuitton WIN          -48.0 -1.81     -40.3 +0.24
  Dior          WIN          -20.6  +0.4     -40.1 +0.26
  Hermès        WIN          -32.3 -0.54     -37.1 +0.52
  Gucci         LOSE          -5.9 +1.59     -58.4 -1.33
  Saint Laurent LOSE         -44.3 -1.51     -64.5 -1.86
  Coach         WIN          -14.5  +0.9     -34.6 +0.74
  Miu Miu       WIN          -27.0 -0.11     -41.0 +0.18
  Prada         ?            -16.0 +0.78     -51.1  -0.7
  Moncler       ?            -25.1 +0.04     -41.6 +0.13

  GOOGLE TRENDS (instrument #2, cross-normalized search interest) YoY:
   Burberry      2026Q1 +19%  2026Q2 +35%
   Dior          2026Q1 +5%  2026Q2 +12%
   Gucci         2026Q1 +32%  2026Q2 +144%
   Louis Vuitton 2026Q1 +23%  2026Q2 +156%
   Miu Miu       2026Q1 +9%  2026Q2 +10%

  BACKTEST vs printed comps:
   wikipedia    same-q corr 0.677 (n=50) | leads-1q 0.575 (n=50)
   googletrends same-q corr 0.901 (n=35) | leads-1q 0.868 (n=35)
[-> luxury_heat.json]

