
===== 2026-08-06 13:32 (desk) =====
orphan_screen v2 (gateway/EDGAR): rf=4.67%, CRP vintage 2026-01-01 (Feb-16 sovereign update)
universe (US-listed common incl. ADRs, ALL sectors): 6808
[gw_quotes] gateway unreachable (TimeoutError) — caller should fall back
gateway-priced: 0 (FALLBACK px_basis=screener_lastsale for the rest)
EDGAR frames: NI ttm + equity cross-section…
rows 4912 | fundamentals_missing (no us-gaap frames — mostly foreign ADRs, COUNTED not hidden): 956 | fair-or-better carry: 453
coverage enrich (yahoo, shortlist-only) on 200…

  tkr     country           mc$M     ey    CoE  spread   P/B anlst px_src     name
  SNFCA   United States      25112820.0%   9.1%12810.9%  0.59  None screener_ Security National Financ
  VNCE    United States       887239.9%   9.1% 7230.8%  1.83     2 screener_ Vince Holding Corp. Comm
  ENLV    Israel              333707.2%  11.0% 3696.3%  0.02     1 screener_ Enlivex Ltd. Ordinary Sh
  JAKK    United States      2923385.6%   9.1% 3376.4%  1.21     2 screener_ JAKKS Pacific Inc. Commo
  HPK     United States      8682165.6%   9.1% 2156.5%  0.59     2 screener_ HighPeak Energy Inc. Com
  FCNCP   United States      232 971.0%   9.1%  961.9%  0.01  None screener_ First Citizens BancShare
  FCNCO   United States      237 951.1%   9.1%  942.0%  0.01  None screener_ First Citizens BancShare
  FCNCN   United States      290 779.5%   9.1%  770.3%  0.01  None screener_ First Citizens BancShare
  PLRX    United States       65 285.2%   9.1%  276.1%  0.39     2 screener_ Pliant Therapeutics Inc.
  CLSKW   United States       65 193.2%   9.1%  184.1%  0.07  None screener_ CleanSpark Inc. Warrant
  RILY    United States      292 181.7%   9.1%  172.6%  3.77  None screener_ BRC Group Holdings Inc. 
  MGRD    United States      426 177.2%   9.1%  168.1%  0.14  None screener_ Affiliated Managers Grou
  CHSCM   United States      304 173.3%   9.1%  164.2%  0.03  None screener_ CHS Inc Class B Reset Ra
  RGS     United States       72 172.4%   9.1%  163.3%  0.38     1 screener_ Regis Corporation Common
  FBIO    United States       92 171.7%   9.1%  162.5%  0.57     2 screener_ Fortress Biotech Inc. Co
  CHSCN   United States      308 170.8%   9.1%  161.6%  0.03  None screener_ CHS Inc Preferred Class 
  CHSCL   United States      311 169.4%   9.1%  160.3%  0.03  None screener_ CHS Inc Class B Cumulati
  CHSCO   United States      315 167.0%   9.1%  157.8%  0.03  None screener_ CHS Inc. Class B Cumulat
  JFIN    China              134 164.2%   9.8%  154.4%  0.21  None screener_ Jiayin Group Inc. Americ
  PXLW    United States       41 162.2%   9.1%  153.1%  0.71     1 screener_ Pixelworks Inc.  Common 
  CHSCP   United States      327 161.0%   9.1%  151.8%  0.03  None screener_ CHS Inc. 8%  Cumulative 
  MGRB    United States      471 160.1%   9.1%  151.0%  0.15  None screener_ Affiliated Managers Grou
  DDT     United States      412 159.4%   9.1%  150.3%  0.20  None screener_ Dillard's Capital Trust 
  AREN    United States       75 157.1%   9.1%  148.0%  0.00     1 screener_ The Arena Group Holdings
  AIRTP   United States       51 152.0%   9.1%  142.9%  0.64  None screener_ Air T Inc. Air T Funding
  AIV     United States      381 143.5%   9.1%  134.4%  1.05  None screener_ Apartment Investment and
  MGR     United States      570 132.5%   9.1%  123.3%  0.18  None screener_ Affiliated Managers Grou
  ELUT    United States       39 128.0%   9.1%  118.8%  1.73     1 screener_ Elutia Inc. Class A Comm
  MGRE    United States      652 115.8%   9.1%  106.7%  0.21  None screener_ Affiliated Managers Grou
  STG                         48 110.0%   9.1%  100.8%  0.35  None screener_ Sunlands Technology Grou
  SITC    United States      164 108.3%   9.1%   99.2%  0.49     1 screener_ SITE Centers Corp. Commo
  SOHU    China              368 107.1%   9.8%   97.2%  0.29     2 screener_ Sohu.com Limited America
  AIZN    United States      950 105.3%   9.1%   96.1%  0.16  None screener_ Assurant Inc. 5.25% Subo
  RILYP   United States      537  98.7%   9.1%   89.6%  6.95  None screener_ BRC Group Holdings Inc. 
  RILYL   United States      557  95.2%   9.1%   86.1%  7.20  None screener_ BRC Group Holdings Inc. 
  AMTD                        72  93.3%   9.1%   84.2%  0.05  None screener_ AMTD IDEA Group American
  RILYZ   United States      587  90.4%   9.1%   81.3%  7.59  None screener_ BRC Group Holdings Inc. 
  ACGLN   Bermuda           5555  87.7%  10.0%   77.7%  0.23  None screener_ Arch Capital Group Ltd. 
  AIRT    United States       92  84.4%   9.1%   75.3%  1.16  None screener_ Air T Inc. Common Stock
  RILYT   United States      642  82.6%   9.1%   73.4%  8.31  None screener_ BRC Group Holdings Inc. 

court_queue: 12 new candidates enqueued

/Users/ajay/Library/Python/3.9/lib/python/site-packages/urllib3/__init__.py:35: NotOpenSSLWarning: urllib3 v2 only supports OpenSSL 1.1.1+, currently the 'ssl' module is compiled with 'LibreSSL 2.8.3'. See: https://github.com/urllib3/urllib3/issues/3020
  warnings.warn(
Error 326, reqId -1: Unable to connect as the client id is already in use. Retry with a unique client id.
Peer closed connection. clientId 41 already in use?
API connection failed: TimeoutError()

===== 2026-08-13 19:34 (desk) =====
orphan_screen v2 (gateway/EDGAR): rf=4.64%, CRP vintage 2026-01-01 (Feb-16 sovereign update)

/Users/ajay/Library/Python/3.9/lib/python/site-packages/urllib3/__init__.py:35: NotOpenSSLWarning: urllib3 v2 only supports OpenSSL 1.1.1+, currently the 'ssl' module is compiled with 'LibreSSL 2.8.3'. See: https://github.com/urllib3/urllib3/issues/3020
  warnings.warn(
Traceback (most recent call last):
  File "/Library/Developer/CommandLineTools/Library/Frameworks/Python3.framework/Versions/3.9/lib/python3.9/runpy.py", line 197, in _run_module_as_main
    return _run_code(code, main_globals, None,
  File "/Library/Developer/CommandLineTools/Library/Frameworks/Python3.framework/Versions/3.9/lib/python3.9/runpy.py", line 87, in _run_code
    exec(code, run_globals)
  File "/Users/ajay/exalted/signalos/verticals/deep_value/orphan_screen.py", line 209, in <module>
    run(a.top, a.max_analysts, enrich=not a.no_enrich)
  File "/Users/ajay/exalted/signalos/verticals/deep_value/orphan_screen.py", line 147, in run
    raw = _get(NASDAQ_URL, NASDAQ_HDRS)["data"]["rows"]
  File "/Users/ajay/exalted/signalos/verticals/deep_value/universe.py", line 23, in _get
    return json.load(urllib.request.urlopen(urllib.request.Request(url, headers=hdrs), timeout=timeout))
  File "/Library/Developer/CommandLineTools/Library/Frameworks/Python3.framework/Versions/3.9/lib/python3.9/json/__init__.py", line 293, in load
    return loads(fp.read(),
  File "/Library/Developer/CommandLineTools/Library/Frameworks/Python3.framework/Versions/3.9/lib/python3.9/http/client.py", line 466, in read
    return self._readall_chunked()
  File "/Library/Developer/CommandLineTools/Library/Frameworks/Python3.framework/Versions/3.9/lib/python3.9/http/client.py", line 573, in _readall_chunked
    chunk_left = self._get_chunk_left()
  File "/Library/Developer/CommandLineTools/Library/Frameworks/Python3.framework/Versions/3.9/lib/python3.9/http/client.py", line 556, in _get_chunk_left
    chunk_left = self._read_next_chunk_size()
  File "/Library/Developer/CommandLineTools/Library/Frameworks/Python3.framework/Versions/3.9/lib/python3.9/http/client.py", line 516, in _read_next_chunk_size
    line = self.fp.readline(_MAXLINE + 1)
  File "/Library/Developer/CommandLineTools/Library/Frameworks/Python3.framework/Versions/3.9/lib/python3.9/socket.py", line 704, in readinto
    return self._sock.recv_into(b)
  File "/Library/Developer/CommandLineTools/Library/Frameworks/Python3.framework/Versions/3.9/lib/python3.9/ssl.py", line 1241, in recv_into
    return self.read(nbytes, buffer)
  File "/Library/Developer/CommandLineTools/Library/Frameworks/Python3.framework/Versions/3.9/lib/python3.9/ssl.py", line 1099, in read
    return self._sslobj.read(len, buffer)
socket.timeout: The read operation timed out

===== 2026-08-13 22:11 (desk) =====
orphan_screen v2 (gateway/EDGAR): rf=4.64%, CRP vintage 2026-01-01 (Feb-16 sovereign update)
universe (US-listed common incl. ADRs, ALL sectors): 6728
[gw_quotes] gateway unreachable (ConnectionRefusedError) — caller should fall back
gateway-priced: 0 (FALLBACK px_basis=screener_lastsale for the rest)
EDGAR frames: NI ttm + equity cross-section…
rows 4934 | fundamentals_missing (no us-gaap frames — mostly foreign ADRs, COUNTED not hidden): 972 | fair-or-better carry: 458
coverage enrich (yahoo, shortlist-only) on 200…

  tkr     country           mc$M     ey    CoE  spread   P/B anlst px_src     name
  SNFCA   United States      25312710.2%   9.1%12701.1%  0.59  None screener_ Security National Financ
  VNCE    United States       798088.9%   9.1% 8079.8%  1.64     2 screener_ Vince Holding Corp. Comm
  JAKK    United States      2943355.3%   9.1% 3346.2%  1.22     2 screener_ JAKKS Pacific Inc. Commo
  HPK     United States      9471984.9%   9.1% 1975.8%  0.65     2 screener_ HighPeak Energy Inc. Com
  FCNCP   United States      2251003.3%   9.1%  994.2%  0.01  None screener_ First Citizens BancShare
  FCNCO   United States      233 967.6%   9.1%  958.5%  0.01  None screener_ First Citizens BancShare
  FCNCN   United States      283 798.2%   9.1%  789.1%  0.01  None screener_ First Citizens BancShare
  PLRX    United States       67 277.3%   9.1%  268.2%  0.41     2 screener_ Pliant Therapeutics Inc.
  AREN    United States       57 208.6%   9.1%  199.5%  0.00     1 screener_ The Arena Group Holdings
  JFIN    China              120 182.5%   9.8%  172.7%  0.19  None screener_ Jiayin Group Inc. Americ
  CLSKW   United States       69 180.2%   9.1%  171.1%  0.07  None screener_ CleanSpark Inc. Warrant
  MGRD    United States      424 177.9%   9.1%  168.8%  0.14  None screener_ Affiliated Managers Grou
  RGS     United States       70 177.0%   9.1%  167.9%  0.37     1 screener_ Regis Corporation Common
  RILY    United States      303 174.9%   9.1%  165.8%  3.92  None screener_ BRC Group Holdings Inc. 
  CHSCM   United States      301 174.7%   9.1%  165.6%  0.03  None screener_ CHS Inc Class B Reset Ra
  CHSCN   United States      309 170.5%   9.1%  161.3%  0.03  None screener_ CHS Inc Preferred Class 
  CHSCL   United States      311 169.1%   9.1%  160.0%  0.03  None screener_ CHS Inc Class B Cumulati
  CHSCO   United States      316 166.7%   9.1%  157.5%  0.03  None screener_ CHS Inc. Class B Cumulat
  MGRB    United States      468 161.4%   9.1%  152.2%  0.15  None screener_ Affiliated Managers Grou
  CHSCP   United States      327 161.1%   9.1%  152.0%  0.03  None screener_ CHS Inc. 8%  Cumulative 
  FBIO    United States       99 159.6%   9.1%  150.5%  0.61     2 screener_ Fortress Biotech Inc. Co
  DDT     United States      412 159.4%   9.1%  150.3%  0.20  None screener_ Dillard's Capital Trust 
  AIRTP   United States       51 152.8%   9.1%  143.7%  0.64  None screener_ Air T Inc. Air T Funding
  PXLW    United States       43 151.6%   9.1%  142.5%  0.76     1 screener_ Pixelworks Inc.  Common 
  AIV     United States      379 144.3%   9.1%  135.2%  1.05  None screener_ Apartment Investment and
  MGR     United States      570 132.3%   9.1%  123.2%  0.18  None screener_ Affiliated Managers Grou
  SBCWW   United States       31 132.2%   9.1%  123.1%  0.12  None screener_ SBC Medical Group Holdin
  ELUT    United States       38 131.1%   9.1%  122.0%  1.69     1 screener_ Elutia Inc. Class A Comm
  STG                         44 118.7%   9.1%  109.6%  0.33  None screener_ Sunlands Technology Grou
  TLRY    United States      548 117.1%   9.1%  108.0%  0.35  None screener_ Tilray Brands Inc. Commo
  MGRE    United States      646 116.8%   9.1%  107.7%  0.21  None screener_ Affiliated Managers Grou
  SITC    United States      158 112.2%   9.1%  103.1%  0.47     1 screener_ SITE Centers Corp. Commo
  SOHU    China              364 108.3%   9.8%   98.5%  0.28     2 screener_ Sohu.com Limited America
  AIZN    United States      949 105.4%   9.1%   96.3%  0.16  None screener_ Assurant Inc. 5.25% Subo
  AIRT    United States       78  99.7%   9.1%   90.6%  0.98  None screener_ Air T Inc. Common Stock
  RILYP   United States      548  96.8%   9.1%   87.7%  7.09  None screener_ BRC Group Holdings Inc. 
  RILYL   United States      556  95.3%   9.1%   86.2%  7.20  None screener_ BRC Group Holdings Inc. 
  AMTD                        73  92.5%   9.1%   83.4%  0.05  None screener_ AMTD IDEA Group American
  RILYZ   United States      610  86.9%   9.1%   77.8%  7.89  None screener_ BRC Group Holdings Inc. 
  ACGLN   Bermuda           5554  87.7%  10.0%   77.8%  0.23  None screener_ Arch Capital Group Ltd. 

court_queue: 2 new candidates enqueued

/Users/ajay/Library/Python/3.9/lib/python/site-packages/urllib3/__init__.py:35: NotOpenSSLWarning: urllib3 v2 only supports OpenSSL 1.1.1+, currently the 'ssl' module is compiled with 'LibreSSL 2.8.3'. See: https://github.com/urllib3/urllib3/issues/3020
  warnings.warn(
API connection failed: ConnectionRefusedError(61, "Connect call failed ('127.0.0.1', 4001)")
Make sure API port on TWS/IBG is open

===== 2026-09-11 01:36 (desk) =====
orphan_screen v2 (gateway/EDGAR): rf=4.94%, CRP vintage 2026-01-01 (Feb-16 sovereign update)
universe (US-listed common incl. ADRs, ALL sectors): 6770
[gw_quotes] qualifying 85 new symbols (cached: 6685)
[gw_quotes] 80/6435 swept, 80 priced
[gw_quotes] 880/6435 swept, 854 priced
[gw_quotes] 1680/6435 swept, 1618 priced
[gw_quotes] 2480/6435 swept, 2375 priced
[gw_quotes] 3280/6435 swept, 3107 priced
[gw_quotes] 4080/6435 swept, 3864 priced
[gw_quotes] 4880/6435 swept, 4605 priced
[gw_quotes] 5680/6435 swept, 5352 priced
[gw_quotes] 6435/6435 swept, 6084 priced
gateway-priced: 6084 (FALLBACK px_basis=screener_lastsale for the rest)
EDGAR frames: NI ttm + equity cross-section…
rows 4922 | fundamentals_missing (no us-gaap frames — mostly foreign ADRs, COUNTED not hidden): 982 | fair-or-better carry: 472
coverage enrich (yahoo, shortlist-only) on 200…

  tkr     country           mc$M     ey    CoE  spread   P/B anlst px_src     name
  VNCE    United States       4613834.5%   9.4%13825.1%  0.96     2 gateway   Vince Holding Corp. Comm
  SNFCA   United States      31310274.9%   9.4%10265.5%  0.73  None gateway   Security National Financ
  JAKK    United States      2753592.9%   9.4% 3583.5%  1.14     2 gateway   JAKKS Pacific Inc. Commo
  HPK     United States      9352010.4%   9.4% 2000.9%  0.64     2 gateway   HighPeak Energy Inc. Com
  FCNCP   United States      2181035.3%   9.4% 1025.8%  0.01  None gateway   First Citizens BancShare
  FCNCO   United States      2211021.5%   9.4% 1012.1%  0.01  None gateway   First Citizens BancShare
  FCNCN   United States      275 819.8%   9.4%  810.4%  0.01  None gateway   First Citizens BancShare
  KYNB    United States       31 523.1%   9.4%  513.7%  0.00     2 gateway   Kyntra Bio Inc. Common S
  JFIN    China               75 291.4%  10.1%  281.3%  0.12  None screener_ Jiayin Group Inc. Americ
  PLRX    United States       72 259.3%   9.4%  249.9%  0.43     1 gateway   Pliant Therapeutics Inc.
  CHSCM   United States      215 245.5%   9.4%  236.1%  0.02  None gateway   CHS Inc Class B Reset Ra
  PAAI    United States       50 236.4%   9.4%  227.0%  0.00     1 gateway   Paradium.AI Inc. Common 
  RILY    United States      233 227.8%   9.4%  218.4%  3.01  None gateway   BRC Group Holdings Inc. 
  CHSCN   United States      235 223.9%   9.4%  214.5%  0.02  None gateway   CHS Inc Preferred Class 
  CHSCO   United States      241 218.3%   9.4%  208.9%  0.02  None gateway   CHS Inc. Class B Cumulat
  RGS     United States       58 215.1%   9.4%  205.7%  0.30     1 gateway   Regis Corporation Common
  CLSKW   United States       66 188.5%   9.4%  179.1%  0.07  None screener_ CleanSpark Inc. Warrant
  MGRD    United States      403 187.3%   9.4%  177.9%  0.13  None gateway   Affiliated Managers Grou
  FBIO    United States       89 178.1%   9.4%  168.7%  0.55     2 gateway   Fortress Biotech Inc. Co
  CHTRP   United States     2804 175.9%   9.4%  166.5%  0.17  None gateway   Charter Communications I
  PXLW    United States       38 175.6%   9.4%  166.2%  0.66     1 gateway   Pixelworks Inc.  Common 
  MGRB    United States      447 168.7%   9.4%  159.3%  0.14  None gateway   Affiliated Managers Grou
  CHSCL   United States      313 168.3%   9.4%  158.9%  0.03  None gateway   CHS Inc Class B Cumulati
  AIRTP   United States       47 167.4%   9.4%  158.0%  0.58  None gateway   Air T Inc. Air T Funding
  DDT     United States      408 160.8%   9.4%  151.4%  0.20  None gateway   Dillard's Capital Trust 
  CHSCP   United States      341 154.3%   9.4%  144.9%  0.03  None gateway   CHS Inc. 8%  Cumulative 
  ELUT    United States       33 151.9%   9.4%  142.5%  1.46     1 gateway   Elutia Inc. Class A Comm
  AIV     United States      365 149.8%   9.4%  140.4%  1.01  None gateway   Apartment Investment and
  MGR     United States      533 141.6%   9.4%  132.2%  0.17  None gateway   Affiliated Managers Grou
  BYND    United States      180 140.0%   9.4%  130.6%  0.00     2 screener_ Beyond Meat Inc. Common 
  STG                         40 129.9%   9.4%  120.5%  0.30  None gateway   Sunlands Technology Grou
  RILYP   United States      420 126.1%   9.4%  116.7%  5.44  None gateway   BRC Group Holdings Inc. 
  SBCWW   United States       32 125.9%   9.4%  116.5%  0.13  None screener_ SBC Medical Group Holdin
  MGRE    United States      626 120.4%   9.4%  111.1%  0.20  None gateway   Affiliated Managers Grou
  ACGLN   Bermuda           4038 120.6%  10.3%  110.4%  0.17  None gateway   Arch Capital Group Ltd. 
  SITC    United States      149 119.1%   9.4%  109.7%  0.44     1 gateway   SITE Centers Corp. Commo
  SOHU    China              353 111.5%  10.1%  101.4%  0.28     2 gateway   Sohu.com Limited America
  AIZN    United States      906 110.4%   9.4%  101.0%  0.15  None screener_ Assurant Inc. 5.25% Subo
  RILYL   United States      523 101.5%   9.4%   92.1%  6.76  None gateway   BRC Group Holdings Inc. 
  AIRT    United States       79  99.0%   9.4%   89.6%  0.99  None gateway   Air T Inc. Common Stock

court_queue: 2 new candidates enqueued

/Users/ajay/Library/Python/3.9/lib/python/site-packages/urllib3/__init__.py:35: NotOpenSSLWarning: urllib3 v2 only supports OpenSSL 1.1.1+, currently the 'ssl' module is compiled with 'LibreSSL 2.8.3'. See: https://github.com/urllib3/urllib3/issues/3020
  warnings.warn(
Error 200, reqId 4: No security definition has been found for the request, contract: Stock(symbol='ALOVW', exchange='SMART', currency='USD')
Error 200, reqId 7: No security definition has been found for the request, contract: Stock(symbol='AMACW', exchange='SMART', currency='USD')
Error 200, reqId 8: No security definition has been found for the request, contract: Stock(symbol='ARCIW', exchange='SMART', currency='USD')
Error 200, reqId 9: No security definition has been found for the request, contract: Stock(symbol='ARCLW', exchange='SMART', currency='USD')
Error 200, reqId 12: No security definition has been found for the request, contract: Stock(symbol='BCGWW', exchange='SMART', currency='USD')
Error 200, reqId 15: No security definition has been found for the request, contract: Stock(symbol='BRTMW', exchange='SMART', currency='USD')
Error 200, reqId 17: No security definition has been found for the request, contract: Stock(symbol='CGCFW', exchange='SMART', currency='USD')
Error 200, reqId 19: No security definition has been found for the request, contract: Stock(symbol='DYORW', exchange='SMART', currency='USD')
Error 200, reqId 22: No security definition has been found for the request, contract: Stock(symbol='FXACW', exchange='SMART', currency='USD')
Error 200, reqId 23: No security definition has been found for the request, contract: Stock(symbol='GCGRW', exchange='SMART', currency='USD')
Error 200, reqId 24: No security definition has been found for the request, contract: Stock(symbol='GHXIW', exchange='SMART', currency='USD')
Error 200, reqId 27: No security definition has been found for the request, contract: Stock(symbol='ILLUW', exchange='SMART', currency='USD')
Error 200, reqId 31: No security definition has been found for the request, contract: Stock(symbol='IPVVW', exchange='SMART', currency='USD')
Error 200, reqId 37: No security definition has been found for the request, contract: Stock(symbol='LIMNW', exchange='SMART', currency='USD')
Error 200, reqId 38: No security definition has been found for the request, contract: Stock(symbol='LOTWW', exchange='SMART', currency='USD')
Error 200, reqId 35: No security definition has been found for the request, contract: Stock(symbol='LATAW', exchange='SMART', currency='USD')
Error 200, reqId 36: No security definition has been found for the request, contract: Stock(symbol='LFACW', exchange='SMART', currency='USD')
Error 200, reqId 40: No security definition has been found for the request, contract: Stock(symbol='LPAAW', exchange='SMART', currency='USD')
Error 200, reqId 41: No security definition has been found for the request, contract: Stock(symbol='MEVOW', exchange='SMART', currency='USD')
Error 200, reqId 42: No security definition has been found for the request, contract: Stock(symbol='MLAAW', exchange='SMART', currency='USD')
Error 200, reqId 47: No security definition has been found for the request, contract: Stock(symbol='NXATW', exchange='SMART', currency='USD')
Error 200, reqId 51: No security definition has been found for the request, contract: Stock(symbol='OTGAW', exchange='SMART', currency='USD')
Unknown contract: Stock(symbol='ALOVW', exchange='SMART', currency='USD')
Unknown contract: Stock(symbol='AMACW', exchange='SMART', currency='USD')
Unknown contract: Stock(symbol='ARCIW', exchange='SMART', currency='USD')
Unknown contract: Stock(symbol='ARCLW', exchange='SMART', currency='USD')
Unknown contract: Stock(symbol='BCGWW', exchange='SMART', currency='USD')
Unknown contract: Stock(symbol='BRTMW', exchange='SMART', currency='USD')
Unknown contract: Stock(symbol='CGCFW', exchange='SMART', currency='USD')
Unknown contract: Stock(symbol='DYORW', exchange='SMART', currency='USD')
Unknown contract: Stock(symbol='FXACW', exchange='SMART', currency='USD')
Unknown contract: Stock(symbol='GCGRW', exchange='SMART', currency='USD')
Unknown contract: Stock(symbol='GHXIW', exchange='SMART', currency='USD')
Unknown contract: Stock(symbol='ILLUW', exchange='SMART', currency='USD')
Unknown contract: Stock(symbol='IPVVW', exchange='SMART', currency='USD')
Unknown contract: Stock(symbol='LATAW', exchange='SMART', currency='USD')
Unknown contract: Stock(symbol='LFACW', exchange='SMART', currency='USD')
Unknown contract: Stock(symbol='LIMNW', exchange='SMART', currency='USD')
Unknown contract: Stock(symbol='LOTWW', exchange='SMART', currency='USD')
Unknown contract: Stock(symbol='LPAAW', exchange='SMART', currency='USD')
Unknown contract: Stock(symbol='MEVOW', exchange='SMART', currency='USD')
Unknown contract: Stock(symbol='MLAAW', exchange='SMART', currency='USD')
Unknown contract: Stock(symbol='NXATW', exchange='SMART', currency='USD')
Unknown contract: Stock(symbol='OTGAW', exchange='SMART', currency='USD')
Error 200, reqId 55: No security definition has been found for the request, contract: Stock(symbol='PLMKW', exchange='SMART', currency='USD')
Error 200, reqId 57: No security definition has been found for the request, contract: Stock(symbol='PTACW', exchange='SMART', currency='USD')
Error 200, reqId 58: No security definition has been found for the request, contract: Stock(symbol='PTORW', exchange='SMART', currency='USD')
Error 200, reqId 60: No security definition has been found for the request, contract: Stock(symbol='QADRW', exchange='SMART', currency='USD')
Error 200, reqId 62: No security definition has been found for the request, contract: Stock(symbol='RREVW', exchange='SMART', currency='USD')
Error 200, reqId 63: No security definition has been found for the request, contract: Stock(symbol='SCAGW', exchange='SMART', currency='USD')
Error 200, reqId 67: No security definition has been found for the request, contract: Stock(symbol='SIMAW', exchange='SMART', currency='USD')
Error 200, reqId 68: No security definition has been found for the request, contract: Stock(symbol='SORNW', exchange='SMART', currency='USD')
Error 200, reqId 76: No security definition has been found for the request, contract: Stock(symbol='TLNCW', exchange='SMART', currency='USD')
Error 200, reqId 78: No security definition has been found for the request, contract: Stock(symbol='TVIVW', exchange='SMART', currency='USD')
Error 200, reqId 81: No security definition has been found for the request, contract: Stock(symbol='VHCPW', exchange='SMART', currency='USD')
Error 200, reqId 85: No security definition has been found for the request, contract: Stock(symbol='XCBEW', exchange='SMART', currency='USD')
Unknown contract: Stock(symbol='PLMKW', exchange='SMART', currency='USD')
Unknown contract: Stock(symbol='PTACW', exchange='SMART', currency='USD')
Unknown contract: Stock(symbol='PTORW', exchange='SMART', currency='USD')
Unknown contract: Stock(symbol='QADRW', exchange='SMART', currency='USD')
Unknown contract: Stock(symbol='RREVW', exchange='SMART', currency='USD')
Unknown contract: Stock(symbol='SCAGW', exchange='SMART', currency='USD')
Unknown contract: Stock(symbol='SIMAW', exchange='SMART', currency='USD')
Unknown contract: Stock(symbol='SORNW', exchange='SMART', currency='USD')
Unknown contract: Stock(symbol='TLNCW', exchange='SMART', currency='USD')
Unknown contract: Stock(symbol='TVIVW', exchange='SMART', currency='USD')
Unknown contract: Stock(symbol='VHCPW', exchange='SMART', currency='USD')
Unknown contract: Stock(symbol='XCBEW', exchange='SMART', currency='USD')
Error 200, reqId 219: No security definition has been found for the request, contract: Contract(conId=860459783, exchange='SMART')
Error 200, reqId 321: No security definition has been found for the request, contract: Contract(conId=881153133, exchange='SMART')
Error 200, reqId 368: No security definition has been found for the request, contract: Contract(conId=722492723, exchange='SMART')
Error 200, reqId 547: No security definition has been found for the request, contract: Contract(conId=861863559, exchange='SMART')
Error 200, reqId 855: No security definition has been found for the request, contract: Contract(conId=815036802, exchange='SMART')
Error 200, reqId 996: No security definition has been found for the request, contract: Contract(conId=543507613, exchange='SMART')
Error 200, reqId 1018: No security definition has been found for the request, contract: Contract(conId=523222467, exchange='SMART')
Error 200, reqId 1101: No security definition has been found for the request, contract: Contract(conId=364036112, exchange='SMART')
Error 200, reqId 1129: No security definition has been found for the request, contract: Contract(conId=620888438, exchange='SMART')
Error 200, reqId 1295: No security definition has been found for the request, contract: Contract(conId=737867629, exchange='SMART')
Error 200, reqId 1348: No security definition has been found for the request, contract: Contract(conId=876874170, exchange='SMART')
Error 200, reqId 1365: No security definition has been found for the request, contract: Contract(conId=495264677, exchange='SMART')
Error 200, reqId 1601: No security definition has been found for the request, contract: Contract(conId=176133077, exchange='SMART')
Error 200, reqId 1616: No security definition has been found for the request, contract: Contract(conId=809823369, exchange='SMART')
Error 200, reqId 1648: No security definition has been found for the request, contract: Contract(conId=617462335, exchange='SMART')
Error 200, reqId 1656: No security definition has been found for the request, contract: Contract(conId=825826349, exchange='SMART')
Error 200, reqId 1962: No security definition has been found for the request, contract: Contract(conId=861863560, exchange='SMART')
Error 200, reqId 1977: No security definition has been found for the request, contract: Contract(conId=862912901, exchange='SMART')
Error 200, reqId 2207: No security definition has been found for the request, contract: Contract(conId=805686498, exchange='SMART')
Error 200, reqId 2230: No security definition has been found for the request, contract: Contract(conId=853046999, exchange='SMART')
Error 200, reqId 2376: No security definition has been found for the request, contract: Contract(conId=900205576, exchange='SMART')
Error 200, reqId 2431: No security definition has been found for the request, contract: Contract(conId=689982377, exchange='SMART')
Error 200, reqId 2437: No security definition has been found for the request, contract: Contract(conId=708074659, exchange='SMART')
Error 200, reqId 2447: No security definition has been found for the request, contract: Contract(conId=843887931, exchange='SMART')
Error 200, reqId 2453: No security definition has been found for the request, contract: Contract(conId=791454728, exchange='SMART')
Error 200, reqId 2621: No security definition has been found for the request, contract: Contract(conId=741203871, exchange='SMART')
Error 200, reqId 2634: No security definition has been found for the request, contract: Contract(conId=729193737, exchange='SMART')
Error 200, reqId 2666: No security definition has been found for the request, contract: Contract(conId=681889684, exchange='SMART')
Error 200, reqId 2706: No security definition has been found for the request, contract: Contract(conId=885007794, exchange='SMART')
Error 200, reqId 2742: No security definition has been found for the request, contract: Contract(conId=728773180, exchange='SMART')
Error 200, reqId 2978: No security definition has been found for the request, contract: Contract(conId=90655693, exchange='SMART')
Error 200, reqId 3451: No security definition has been found for the request, contract: Contract(conId=461454994, exchange='SMART')
Error 200, reqId 3458: No security definition has been found for the request, contract: Contract(conId=899712030, exchange='SMART')
Error 200, reqId 3550: No security definition has been found for the request, contract: Contract(conId=874768801, exchange='SMART')
Error 200, reqId 4338: No security definition has been found for the request, contract: Contract(conId=10794, exchange='SMART')
Error 200, reqId 4611: No security definition has been found for the request, contract: Contract(conId=831854181, exchange='SMART')
Error 200, reqId 4944: No security definition has been found for the request, contract: Contract(conId=494398800, exchange='SMART')
Error 200, reqId 5275: No security definition has been found for the request, contract: Contract(conId=623590540, exchange='SMART')
Error 200, reqId 5810: No security definition has been found for the request, contract: Contract(conId=840404074, exchange='SMART')
Error 200, reqId 5858: No security definition has been found for the request, contract: Contract(conId=380252552, exchange='SMART')
Error 200, reqId 5966: No security definition has been found for the request, contract: Contract(conId=869892469, exchange='SMART')
Error 200, reqId 6246: No security definition has been found for the request, contract: Contract(conId=860926083, exchange='SMART')
Error 200, reqId 6364: No security definition has been found for the request, contract: Contract(conId=212212833, exchange='SMART')
