
===== 2026-07-23 08:30 (desk) =====
=== STERV DEMERGER WATCH  2026-07-23  (3/3 pages live) ===
   baseline seeded 2026-07-23   anchor "first half of 2027"
   anchor phrase still present on a live page: True
   COMMITMENT INTACT — no softening / no timeline change / no disappearance. The 2027 forest demerger catalyst is unchanged on Stora Enso's own disclosure.
SIGNAL {"name": "sterv_demerger_watch", "flags": 0, "fire": false, "anchor_live": true}


===== 2026-07-30 08:36 (desk) =====
=== STERV DEMERGER WATCH  2026-07-30  (3/3 pages live) ===
   baseline seeded 2026-07-23   anchor "first half of 2027"
   anchor phrase still present on a live page: True
   COMMITMENT INTACT — no softening / no timeline change / no disappearance. The 2027 forest demerger catalyst is unchanged on Stora Enso's own disclosure.
SIGNAL {"name": "sterv_demerger_watch", "flags": 0, "fire": false, "anchor_live": true}


===== 2026-08-06 09:30 (desk) =====
=== STERV DEMERGER WATCH  2026-08-06  (3/3 pages live) ===
   baseline seeded 2026-07-23   anchor "first half of 2027"
   anchor phrase still present on a live page: True
   COMMITMENT INTACT — no softening / no timeline change / no disappearance. The 2027 forest demerger catalyst is unchanged on Stora Enso's own disclosure.
SIGNAL {"name": "sterv_demerger_watch", "flags": 0, "fire": false, "anchor_live": true}


===== 2026-08-13 09:30 (desk) =====
=== STERV DEMERGER WATCH  2026-08-13  (3/3 pages live) ===
   baseline seeded 2026-07-23   anchor "first half of 2027"
   anchor phrase still present on a live page: True
   COMMITMENT INTACT — no softening / no timeline change / no disappearance. The 2027 forest demerger catalyst is unchanged on Stora Enso's own disclosure.
SIGNAL {"name": "sterv_demerger_watch", "flags": 0, "fire": false, "anchor_live": true}


===== 2026-09-11 01:37 (desk) =====
=== STERV DEMERGER WATCH  2026-09-11  (3/3 pages live) ===
   baseline seeded 2026-07-23   anchor "first half of 2027"
   anchor phrase still present on a live page: True
   COMMITMENT INTACT — no softening / no timeline change / no disappearance. The 2027 forest demerger catalyst is unchanged on Stora Enso's own disclosure.
SIGNAL {"name": "sterv_demerger_watch", "flags": 0, "fire": false, "anchor_live": true}


===== 2026-09-11 01:42 (desk) =====
=== STERV DEMERGER WATCH  2026-09-11  (3/3 pages live) ===
   baseline seeded 2026-07-23   anchor "first half of 2027"
   anchor phrase still present on a live page: True
   COMMITMENT INTACT — no softening / no timeline change / no disappearance. The 2027 forest demerger catalyst is unchanged on Stora Enso's own disclosure.
SIGNAL {"name": "sterv_demerger_watch", "flags": 0, "fire": false, "anchor_live": true}

