[GB] index...
  vintage window auto: period_end in [2025-03-16, 2026-07-21] (feed max 2026-03-31)
  filings 2885 -> latest-annual entities: 539
  ...50/539 (extracted 50)
  ...100/539 (extracted 100)
  ...150/539 (extracted 150)
  ...200/539 (extracted 200)
  ...250/539 (extracted 250)
  ...300/539 (extracted 300)
  ...350/539 (extracted 350)
  ...400/539 (extracted 400)
  ...450/539 (extracted 450)
  ...500/539 (extracted 500)
  [GB] extracted 539/539 (no-json 0, fetch-fail 0, empty 0) | EBIT-tag loss 18.7% rev-loss 15.2%
[PL] index...
  vintage window auto: period_end in [2023-03-17, 2026-07-21] (feed max 2024-03-31)
  filings 877 -> latest-annual entities: 156
  ...50/156 (extracted 50)
  ...100/156 (extracted 100)
  ...150/156 (extracted 150)
  [PL] extracted 156/156 (no-json 0, fetch-fail 0, empty 0) | EBIT-tag loss 1.9% rev-loss 3.2%
[SE] index...
  vintage window auto: period_end in [2023-12-17, 2026-07-21] (feed max 2024-12-31)
  filings 1415 -> latest-annual entities: 379
  ...50/379 (extracted 50)
  ...100/379 (extracted 100)
  ...150/379 (extracted 150)
  ...200/379 (extracted 199)
  ...250/379 (extracted 248)
  ...300/379 (extracted 297)
  ...350/379 (extracted 347)
  [SE] extracted 376/379 (no-json 2, fetch-fail 0, empty 1) | EBIT-tag loss 9.6% rev-loss 12.5%
[FI] index...
  vintage window auto: period_end in [2025-01-16, 2026-07-21] (feed max 2026-01-31)
  filings 1168 -> latest-annual entities: 124
  ...50/124 (extracted 50)
  ...100/124 (extracted 100)
  [FI] extracted 124/124 (no-json 0, fetch-fail 0, empty 0) | EBIT-tag loss 8.1% rev-loss 4.8%
[DK] index...
  vintage window auto: period_end in [2025-04-15, 2026-07-21] (feed max 2026-04-30)
  filings 2121 -> latest-annual entities: 291
  ...50/291 (extracted 48)
  ...100/291 (extracted 94)
  ...150/291 (extracted 135)
  ...200/291 (extracted 171)
  ...250/291 (extracted 208)
  [DK] extracted 239/291 (no-json 0, fetch-fail 0, empty 52) | EBIT-tag loss 18.8% rev-loss 20.1%
[NO] index...
  vintage window auto: period_end in [2024-03-16, 2026-07-21] (feed max 2025-03-31)
  filings 958 -> latest-annual entities: 219
  ...50/219 (extracted 49)
  ...100/219 (extracted 99)
  ...150/219 (extracted 149)
  ...200/219 (extracted 199)
  [NO] extracted 218/219 (no-json 1, fetch-fail 0, empty 0) | EBIT-tag loss 11.9% rev-loss 14.2%
[IE] index...
  IE page 1: 0/0
  filings 0 -> latest-annual entities: 0
  [IE] extracted 0/0 (no-json 0, fetch-fail 0, empty 0) | EBIT-tag loss 0.0% rev-loss 0.0%

crawled 1638 filings -> store now 1639 issuers
  GB: vintage 539 extracted 539 | EBIT-loss 18.7% | missing {'Revenues': 82, 'Assets': 52, 'Liabilities': 97, 'PaymentsToAcquirePropertyPlantAndEquipment': 117, 'NetCashProvidedByUsedInOperatingActivities': 6, 'StockholdersEquity': 2, 'OperatingIncomeLoss': 2, 'CashAndCashEquivalentsAtCarryingValue': 4}
  PL: vintage 156 extracted 156 | EBIT-loss 1.9% | missing {'Revenues': 5, 'Liabilities': 24, 'PaymentsToAcquirePropertyPlantAndEquipment': 5, 'NetCashProvidedByUsedInOperatingActivities': 4}
  SE: vintage 379 extracted 376 | EBIT-loss 9.6% | missing {'Liabilities': 194, 'PaymentsToAcquirePropertyPlantAndEquipment': 76, 'Revenues': 47, 'NetCashProvidedByUsedInOperatingActivities': 13, 'CashAndCashEquivalentsAtCarryingValue': 1, 'OperatingIncomeLoss': 1}
  FI: vintage 124 extracted 124 | EBIT-loss 8.1% | missing {'Liabilities': 24, 'Revenues': 6, 'PaymentsToAcquirePropertyPlantAndEquipment': 10, 'CashAndCashEquivalentsAtCarryingValue': 2, 'NetCashProvidedByUsedInOperatingActivities': 3, 'OperatingIncomeLoss': 1, 'StockholdersEquity': 1}
  DK: vintage 291 extracted 239 | EBIT-loss 18.8% | missing {'PaymentsToAcquirePropertyPlantAndEquipment': 91, 'Revenues': 48, 'OperatingIncomeLoss': 30, 'NetCashProvidedByUsedInOperatingActivities': 33, 'Liabilities': 21, 'CashAndCashEquivalentsAtCarryingValue': 3, 'Assets': 1}
  NO: vintage 219 extracted 218 | EBIT-loss 11.9% | missing {'PaymentsToAcquirePropertyPlantAndEquipment': 60, 'NetCashProvidedByUsedInOperatingActivities': 13, 'Liabilities': 48, 'Revenues': 31, 'CashAndCashEquivalentsAtCarryingValue': 2, 'OperatingIncomeLoss': 2}
  IE: vintage 0 extracted 0 | EBIT-loss 0.0% | missing {}
