[DK] index...
  vintage window auto: period_end in [2025-04-15, 2026-07-21] (feed max 2026-04-30)
  filings 2121 -> latest-annual entities: 291
  ...50/291 (extracted 48)
  ...100/291 (extracted 94)
  ...150/291 (extracted 135)
  ...200/291 (extracted 171)
  ...250/291 (extracted 208)
  [DK] extracted 239/291 (no-json 0, fetch-fail 0, empty 52) | EBIT-tag loss 18.8% rev-loss 20.1%
[NO] index...
  vintage window auto: period_end in [2024-03-16, 2026-07-21] (feed max 2025-03-31)
  filings 958 -> latest-annual entities: 219
  ...50/219 (extracted 49)
  ...100/219 (extracted 99)
  ...150/219 (extracted 149)
  ...200/219 (extracted 199)
  [NO] extracted 218/219 (no-json 1, fetch-fail 0, empty 0) | EBIT-tag loss 11.9% rev-loss 14.2%

crawled 453 filings -> store now 1561 issuers
  GB: vintage 539 extracted 539 | EBIT-loss 18.7% | missing {'Revenues': 82, 'Assets': 52, 'Liabilities': 97, 'PaymentsToAcquirePropertyPlantAndEquipment': 117, 'NetCashProvidedByUsedInOperatingActivities': 6, 'StockholdersEquity': 2, 'OperatingIncomeLoss': 2, 'CashAndCashEquivalentsAtCarryingValue': 4}
  PL: vintage 156 extracted 156 | EBIT-loss 1.9% | missing {'Revenues': 5, 'Liabilities': 24, 'PaymentsToAcquirePropertyPlantAndEquipment': 5, 'NetCashProvidedByUsedInOperatingActivities': 4}
  SE: vintage 0 extracted 0 | EBIT-loss 0.0% | missing {}
  FI: vintage 124 extracted 124 | EBIT-loss 8.1% | missing {'Liabilities': 24, 'Revenues': 6, 'PaymentsToAcquirePropertyPlantAndEquipment': 10, 'CashAndCashEquivalentsAtCarryingValue': 2, 'NetCashProvidedByUsedInOperatingActivities': 3, 'OperatingIncomeLoss': 1, 'StockholdersEquity': 1}
  DK: vintage 291 extracted 239 | EBIT-loss 18.8% | missing {'PaymentsToAcquirePropertyPlantAndEquipment': 91, 'Revenues': 48, 'OperatingIncomeLoss': 30, 'NetCashProvidedByUsedInOperatingActivities': 33, 'Liabilities': 21, 'CashAndCashEquivalentsAtCarryingValue': 3, 'Assets': 1}
  NO: vintage 219 extracted 218 | EBIT-loss 11.9% | missing {'PaymentsToAcquirePropertyPlantAndEquipment': 60, 'NetCashProvidedByUsedInOperatingActivities': 13, 'Liabilities': 48, 'Revenues': 31, 'CashAndCashEquivalentsAtCarryingValue': 2, 'OperatingIncomeLoss': 2}
