Targets: 304
Already done: 0
  [1/304]  5511   15.5s  SEVERE_UNDERDELIVERY       Brazil Cerrado 1
  [2/304]  5172   14.0s  RED_FLAG_NEGATIVE          Project Akwaaba | Forest Ecosystem Restoration in 
  [3/304]  5085   42.1s  no_forest_in_aoi_2000      Tond Tenga
  [4/304]  4892  353.3s  buffer_failed: project sc  Trees For Livelihoods: Agroforestry In Sonbhadra, 
  [5/304]  4888   47.6s  RED_FLAG_NEGATIVE          OYU - Reforesting Uganda for a better tomorrow
  [6/304]  4883    0.0s  implausible_area: 1 ha     Agroforestry Project of Cameroon
  [7/304]  4841  138.8s  hansen_read_failed(10S_05  Ana Primavesi – Sustainable Farming and Restoratio
  [8/304]  4821   12.4s  RED_FLAG_NEGATIVE          Land Life Reforestation and Restoration of Degrade
  [9/304]  4811   16.3s  no_forest_in_aoi_2000      Panna Afforestation and Reforestation Project
  [10/304]  4796    0.1s  implausible_area: 1082685  CACHOEIRA PORTEIRA CONSERVATION PROJECT
  [11/304]  4788   44.4s  SEVERE_UNDERDELIVERY       Rizome Kawayan Project 1
  [12/304]  4763   15.9s  SEVERE_UNDERDELIVERY       Mixed afforestation with native and non-native spe
  [13/304]  4739   25.4s  RED_FLAG_NEGATIVE          Land Life Reforestation and Restoration of Degrade
  [14/304]  4732   10.0s  SEVERE_UNDERDELIVERY       NatureRe assisted natural regeneration project in 
  [15/304]  4708   10.9s  no_forest_in_aoi_2000      Tasar Forest Carbon Project
  [16/304]  4709    9.4s  no_forest_in_aoi_2000      Strengthening rural livelihood through carbon fina
  [17/304]  4627   50.0s  no_forest_in_aoi_2000      Trees for Livelihood in Madhya Pradesh, India
  [18/304]  4598    0.0s  kml_parse_failed           Enhancing Livelihoods of Farmers in Gujarat throug
  [19/304]  4592    0.0s  kml_parse_failed           Symbiosis Continuous Cover Forest Project
  [20/304]  4557   20.3s  PASS                       Strengthening rural livelihood through carbon fina
  [21/304]  4513    0.1s  implausible_area: 6480923  Argentina Gran Chaco Region REDD+ Project
  [22/304]  4511   12.7s  SEVERE_UNDERDELIVERY       Silvador Climate Action
  [23/304]  4475   16.7s  RED_FLAG_NEGATIVE          Kijani Forestry smallholder farmer forestry projec
  [24/304]  4463   30.2s  SEVERE_UNDERDELIVERY       Land Life Reforestation and Restoration on Degrade
  [25/304]  4456  231.8s  buffer_failed: project sc  CREATING LIVELIHOOD OPPORTUNITIES AND CARBON CREDI
  [26/304]  4448    7.2s  SEVERE_UNDERDELIVERY       Raízes do Bem Grouped ARR Project
  [27/304]  4429   21.2s  RED_FLAG_NEGATIVE          Management of Community Forests for the Reduction 
  [28/304]  4430    0.0s  kml_parse_failed           Reflorestamento de Impacto no Brasil Project
  [29/304]  4394    9.4s  SEVERE_UNDERDELIVERY       Jatobá REDD+ Project
  [30/304]  4268    8.1s  too_many_tiles: 21         Family Forest Carbon Project
  [31/304]  4265    0.0s  kml_parse_failed           REDD+ Café Apuí Agroflorestal
  [32/304]  4243    9.0s  SEVERE_UNDERDELIVERY       Afforestation project with native and exotic speci
  [33/304]  4176    0.0s  implausible_area: 3 ha     Greenzone Reforestation Project
  [34/304]  4137    0.0s  implausible_area: 2112372  Productive Second Floor with Macaúba
  [35/304]  4143   15.6s  SEVERE_UNDERDELIVERY       Urupianga Grouped REDD Project
  [36/304]  4126    0.0s  implausible_area: 4 ha     Community Restoration of Native Ecosystems in Ghan
  [37/304]  4094   12.1s  RED_FLAG_NEGATIVE          Curuá Grouped REDD+ Project
  [38/304]  4090    0.0s  kml_parse_failed           Goldbeck Forest Carbon Project
  [39/304]  4072    0.0s  kml_parse_failed           Fazenda Boa Vista afforestation project
  [40/304]  4047    0.0s  kml_parse_failed           CLIMATE SUSTAINABILITY THROUGH HORTICULTURE PROJEC
  [41/304]  4042    0.0s  kml_parse_failed           Cauaxi REDD+ Grouped Project
  [42/304]  4031    0.2s  kml_parse_failed           Agroforestry Plantation of ITC Limited In Selected
  [43/304]  4025   10.6s  no_forest_in_aoi_2000      Strengthening rural livelihoods of smallholder far
  [44/304]  4016   86.6s  RED_FLAG_NEGATIVE          Amazon Biome Conservancy Grouped REDD+ Project
  [45/304]  4004    7.6s  SEVERE_UNDERDELIVERY       The Native Ecosystem Restoration in Nicaragua Proj
  [46/304]  3996    0.0s  kml_parse_failed           Family Forest Carbon Program - Central Appalachia
  [47/304]  3970   10.8s  RED_FLAG_NEGATIVE          Carbon In Flavor and Arome Forests (C-BOSAR)
  [48/304]  3960    6.3s  RED_FLAG_NEGATIVE          Belize Maya Forest REDD+ Project
  [49/304]  3892   27.1s  MODERATE_UNDERDELIVERY     RESTORATION OF HOMESTEAD LAND OF POOR RURAL COMMUN
  [50/304]  3813    8.7s  SEVERE_UNDERDELIVERY       MOTOR VERDE FORESTRY CARBON PROJECT - GRANDAS DE S
  [51/304]  3814  130.5s  hansen_read_failed(40N_09  Chestnut Carbon Conservation Project
  [52/304]  3812  151.5s  buffer_failed: project sc  Painted Forest Carbon Project
  [53/304]  3786   10.2s  RED_FLAG_NEGATIVE          Silvopastoral carbon project of Uruguay
  [54/304]  3772   19.9s  SEVERE_UNDERDELIVERY       RE.GREEN AMAZON FOREST REFORESTATION/RESTORATION P
  [55/304]  3743    0.0s  kml_parse_failed           RE.GREEN ATLANTIC FOREST REFORESTATION/RESTORATION
  [56/304]  3738    8.8s  MODERATE_UNDERDELIVERY     Triunfo do Xingu Grouped REDD+ Project
  [57/304]  3739   19.7s  SEVERE_UNDERDELIVERY       Selva de Urundel REDD+ Project
  [58/304]  3727   22.8s  SEVERE_UNDERDELIVERY       Corridors for Life ARR Grouped Project
  [59/304]  3677  122.5s  hansen_read_failed(60N_02  Ecobase Europe Afforestation Project
  [60/304]  3661   11.5s  PASS                       Strengthening Rural Livelihood Through Carbon Fina
  [61/304]  3663    0.0s  kml_parse_failed           Strengthening rural livelihood through carbon fina
  [62/304]  3660    7.8s  SEVERE_UNDERDELIVERY       Papariko - Restoration of Degraded Mangrove Areas 
  [63/304]  3632    0.0s  kml_parse_failed           Eastern Cape Bamboo Forestry Project, South Africa
  [64/304]  3630   11.5s  SEVERE_UNDERDELIVERY       Selva Paranaense Vida Nativa - GS1
  [65/304]  3627    0.0s  kml_parse_failed           Eastern Cape Restoration Project, South Africa - M
  [66/304]  3628    0.0s  kml_parse_failed           Eastern Cape Restoration Project, South Africa - S
  [67/304]  3623   17.0s  RED_FLAG_NEGATIVE          Bugnavilla Afforestation Through High-Quality Timb
  [68/304]  3601   17.6s  RED_FLAG_NEGATIVE          CAAPII REDD+ PROJECT
  [69/304]  3602   20.4s  RED_FLAG_NEGATIVE          Udzungwa Corridor Reforestation
  [70/304]  3549  120.3s  hansen_read_failed(20N_08  Community Based Forest Plantation in India
  [71/304]  3553   23.6s  SEVERE_UNDERDELIVERY       COMMUNITY PARTICIPATIVE FORESTRY/AGROFORESTRY DEVE
  [72/304]  3555  185.1s  hansen_read_failed(30N_09  Agroforestry Plantations in the Country by Greenpl
  [73/304]  3560    0.0s  kml_parse_failed           Improving livelihoods through Agroforestry Plantat
  [74/304]  3562   13.0s  no_forest_in_aoi_2000      Agroforestry plantations in India
  [75/304]  3566    0.0s  kml_parse_failed           Livelihood improvement by agroforestry plantation 
  [76/304]  3570   11.0s  SEVERE_UNDERDELIVERY       Bamboo plantations by farmers and community in the
  [77/304]  3572  206.0s  hansen_read_failed(30N_09  GROUPED AGROFORESTRY PROJECT IN VARIOUS STATES OF 
  [78/304]  3574  142.3s  hansen_read_failed(30N_09  Grouped plantation activity in various states of I
  [79/304]  3590   64.3s  PASS                       Jutaituba REDD+ Project
  [80/304]  3478  120.1s  hansen_read_failed(20N_08  CORE CARBON VANAM IN TELANGANA STATE
  [81/304]  3450    8.3s  RED_FLAG_NEGATIVE          Sustainable Agroforestry Cacao Meta, Colombia
  [82/304]  3425   12.2s  SEVERE_UNDERDELIVERY       Kwamisa/Other reserves community Forest Project
  [83/304]  3430   14.3s  RED_FLAG_NEGATIVE          Juruá REDD+ Project
  [84/304]  3419  179.3s  buffer_failed: project sc  Reforestation of degraded land in Spain
  [85/304]  3363    0.0s  kml_parse_failed           Westphalen Forest Carbon Project
  [86/304]  3360    0.0s  kml_parse_failed           Developing climate resilience of the coastal commu
  [87/304]  3361    3.6s  SEVERE_UNDERDELIVERY       Participatory Mangrove Afforestation & Restoration
  [88/304]  3357   26.9s  SEVERE_UNDERDELIVERY       Climate Resilient & Community Driven Mangrove Affo
  [89/304]  3350    0.0s  kml_parse_failed           THE ARR HORIZONTE CARBON PROJECT
  [90/304]  3342   51.1s  RED_FLAG_NEGATIVE          XiCO2e: Mexican Reforestation Project
  [91/304]  3321    0.0s  implausible_area: 4 ha     Mount Kenya Regenerative Agroforestry Project
  [92/304]  3280   45.2s  RED_FLAG_NEGATIVE          Carpathia Forest Carbon Project
  [93/304]  3223    0.0s  kml_parse_failed           CONSERVATION AND RESTORATION OF THE MANGROVE ECOSY
  [94/304]  3211    0.0s  implausible_area: 6 ha     BISIGNANO AND MESORACA PROJECT OF AFFORESTATION OF
  [95/304]  3208    0.0s  kml_parse_failed           Wheatbelt Biodiversity Carbon Credit Project
  [96/304]  3166   11.2s  SEVERE_UNDERDELIVERY       ReforesTerra Grouped Project
  [97/304]  3155   19.2s  SEVERE_UNDERDELIVERY       NIGER DELTA MANGROVE PROJECT
  [98/304]  3049    7.4s  SEVERE_UNDERDELIVERY       Rio Preto Grouped REDD+ Project
  [99/304]  3019    7.3s  RED_FLAG_NEGATIVE          REGENERATING DEGRADED LANDS IN FLORIDA THROUGH PON
  [100/304]  3002    8.4s  SEVERE_UNDERDELIVERY       Hiwi REDD+ Project
  [101/304]  2992    4.8s  SEVERE_UNDERDELIVERY       HG Afforestation Through High Quality Timber Over 
  [102/304]  2980   21.4s  RED_FLAG_NEGATIVE          Feijó REDD+ Project
  [103/304]  2971    9.4s  SEVERE_UNDERDELIVERY       OKA 2 PROJECT
  [104/304]  2958    0.0s  kml_parse_failed           Lanao del Sur Bamboo Reforestation Project
  [105/304]  2928   11.2s  RED_FLAG_NEGATIVE          North Bandai Bamboo Reforestation Project, Ghana
  [106/304]  2929    0.0s  kml_parse_failed           Bandai Hills Bamboo Reforestation Project, Ghana
  [107/304]  2897   10.3s  SEVERE_UNDERDELIVERY       Forest Conservation in Boumba-et-Ngoko
  [108/304]  2878   17.1s  RED_FLAG_NEGATIVE          Rio Madeira Grouped REDD+ Project
  [109/304]  2833   83.1s  no_forest_in_aoi_2000      Grouped Reforestation Project by Cropzone Agro For
Targets: 469
Already done: 105
  [106/469]  2929    0.0s  kml_parse_failed           Bandai Hills Bamboo Reforestation Project, Ghana
  [107/469]  2897   10.6s  SEVERE_UNDERDELIVERY       Forest Conservation in Boumba-et-Ngoko
  [108/469]  2878   23.4s  RED_FLAG_NEGATIVE          Rio Madeira Grouped REDD+ Project
  [109/469]  2833   96.2s  no_forest_in_aoi_2000      Grouped Reforestation Project by Cropzone Agro For
