Methane targets (active, >5k tCO2/yr): 479
Already done: 0
  [1/479]   439   0.0s  outside_cm_coverage        Yingpeng HFC23 Decompostion Project
  [2/479]  4531   0.0s  outside_cm_coverage        Reducing Gas Leakages within the Hududgaz Gas Dist
  [3/479]  2930   0.0s  outside_cm_coverage        Reducing Gas Leakages within the Titas Gas Distrib
  [4/479]  3004   0.5s  no_observations            Ontario Sustainable Community (OSC)
  [5/479]   569   0.7s  no_observations            Honeywell HFC-23 Destruction Project
  [6/479]   929   0.0s  outside_cm_coverage        Energy Efficiency and Solid Waste Diversion Activi
  [7/479]  3404   0.6s  PASS                       ECOPARQUE PAULÍNIA LANDFILL GAS PROJECT
  [8/479]  2603   0.0s  outside_cm_coverage        Composting of organic waste project in Guangxi
  [9/479]  2736   0.0s  outside_cm_coverage        Reducing Gas Leakages within the Bakhrabad Gas Dis
  [10/479]  5030   0.0s  outside_cm_coverage        SEA FOREST ENTERIC METHANE REDUCTION IN AUSTRALIA
  [11/479]   433   0.0s  outside_cm_coverage        Sudokwon Landfill Gas Electricity Generation Proje
  [12/479]  3997   0.6s  MODERATE_LOW_CAPTURE       Istanbul Avcikoru Landfill Gas to Electricity Proj
  [13/479]  3021   0.0s  outside_cm_coverage        Reducing Gas Leakages within North West and other 
  [14/479]  2737   0.0s  outside_cm_coverage        Reducing Gas Leakages within the Jalalabad Gas Dis
  [15/479]  3745   0.0s  outside_cm_coverage        Enexor Impact USA
  [16/479]  2738   0.0s  outside_cm_coverage        Reducing Gas Leakages within the Karnaphuli Gas Di
  [17/479]  3827   0.4s  no_observations            Kalyoncu Landfill Gas to Electricity Project.
  [18/479]   967   0.0s  outside_cm_coverage        Bantargebang Landfill Gas Management & Power Gener
  [19/479]  1240   0.5s  no_observations            Joburg Landfill Gas to Energy Project
  [20/479]  5022   0.0s  outside_cm_coverage        Reduction of Enteric Methane Emissions using Feed 
  [21/479]  2605   0.5s  MODERATE_LOW_CAPTURE       İZMIR LANDFILL GAS (LFG) CAPTURE AND UTILIZATION P
  [22/479]  3214   0.5s  no_observations            CAGLAYANLAR BIOGAS PLANT
  [23/479]  2292   0.0s  outside_cm_coverage        Guizhou Panjiang Low Concentration Coal Mine Metha
  [24/479]  4209   0.7s  MODERATE_LOW_CAPTURE       Oeste de Caucaia Landfill Project Activity
  [25/479]  2567   0.0s  outside_cm_coverage        Soc Son Waste to Power Plant Project
  [26/479]  2964   0.5s  no_observations            POLATLI ENERBES BIOGAS PROJECT
  [27/479]  4573   0.0s  outside_cm_coverage        Muyuan Tongliao AWMS GHG Mitigation Project in Inn
  [28/479]  2768   0.6s  no_observations            Associated Gas Recovery and Utilization at Khamila
  [29/479]  4057   0.0s  outside_cm_coverage        Guangzhou Xingfeng landfill gas to LNG Project
  [30/479]  2740   0.0s  outside_cm_coverage        Dekang AWMS GHG Mitigation Project in Sichuan Prov
  [31/479]  2692   0.0s  outside_cm_coverage        Aonong AWMS GHG Mitigation Project in Fujian Provi
  [32/479]  2691   0.0s  outside_cm_coverage        Aonong AWMS GHG Mitigation Project in Jiangxi Prov
  [33/479]  2741   0.0s  outside_cm_coverage        Dekang AWMS GHG Mitigation Project in Guizhou Prov
  [34/479]  2291   0.0s  outside_cm_coverage        Guizhou Panjiang Low Concentration Coal Mine Metha
  [35/479]  3651   0.6s  no_observations            Ege Biogas Project
  [36/479]  3448   0.4s  no_observations            LANDFILL GAS COLLECTION AND UTILIZATION AT THE MAR
  [37/479]  5443   0.5s  no_observations            SANTOS LANDFILL GAS PROJECT
  [38/479]  2739   0.0s  outside_cm_coverage        Reducing Gas Leakages within the Pashchimanchal Ga
  [39/479]  2846   0.0s  outside_cm_coverage        FSW AMMS GHG Mitigation Project in Nanyang City
  [40/479]  2402   0.0s  outside_cm_coverage        Linshu Biogas Recovery and Power Generation Projec
  [41/479]  2746   0.0s  outside_cm_coverage        Guangzhou Eastern Solid Resource Recycling Center 
  [42/479]  4508   0.0s  outside_cm_coverage        Weibei Pipeline Associated Gas Recovery Project
  [43/479]  2830   0.0s  outside_cm_coverage        Huineng Low Concentration Coal Mine Methane Utiliz
  [44/479]  4050   0.0s  outside_cm_coverage        Jiangxi Zhenghe Livestock Manure Treatment Project
  [45/479]  2645   0.8s  no_observations            BALIKESİR LANDFILL GAS (LFG) CAPTURE AND UTILIZATI
  [46/479]  2347   0.9s  no_observations            FOÇA BIOGAS ENERGY POWER PLANT
  [47/479]  4696   0.0s  outside_cm_coverage        Biaofa Juancheng Animal Manure Management Project
  [48/479]  4601   0.0s  outside_cm_coverage        An Qiu Biogas Utilization Project
  [49/479]   466   0.8s  no_observations            McCommas Bluff Landfill Gas Processing Facility – 
  [50/479]  2876   0.0s  outside_cm_coverage        Muyuan WJZ AWMS GHG Mitigation Project in Henan Pr
  [51/479]  3867   0.6s  SEVERE_LOW_CAPTURE         Vega-Hereko Istanbul Waste to Energy Project
  [52/479]  4784   0.0s  outside_cm_coverage        Wuhan Jiangxia Changshankou LFG Power Project Phas
  [53/479]  2844   0.0s  outside_cm_coverage        Tanghe AMMS GHG Mitigation Project
  [54/479]  1166   0.0s  outside_cm_coverage        Nanba Associated Gas Processing Plant and the Auxi
  [55/479]  4562   0.5s  SEVERE_LOW_CAPTURE         IÇARA LANDFILL GAS PROJECT
  [56/479]  4027   0.5s  PASS                       GUAMÁ LANDFILL GAS PROJECT
  [57/479]  3369   0.0s  outside_cm_coverage        Tieqilishi Sichuan Liangshan AWMS GHG Mitigation P
  [58/479]  1941   0.0s  outside_cm_coverage        Sustainable City Projects at India’s Cleanest City
  [59/479]  4947   0.0s  outside_cm_coverage        DIT AgTech grouped project: reduction of enteric m
  [60/479]  3348   0.0s  outside_cm_coverage        Huizhou Landfill Gas Power Generation Phase III an
  [61/479]  4230   0.8s  no_observations            TURK CIM BIOGAS PROJECT
  [62/479]  2573   0.0s  outside_cm_coverage        SANTIAGO PONIENTE LANDFILL GAS PROJECT
  [63/479]  2514   0.5s  no_observations            PADAS Energy Biogas Plant
  [64/479]  3225   0.0s  outside_cm_coverage        Yingkou MSW Incineration and Power Generation Proj
  [65/479]   572   0.0s  outside_cm_coverage        Dalian Maoyingzi Landfill Gas Recovery for Power G
  [66/479]  5046   0.0s  outside_cm_coverage        Yangquan Guzhuang 8MW CMM Power Generation Project
  [67/479]  3068   0.5s  no_observations            DENIZLI ENERGY BIOGAS PLANT
  [68/479]  4963   0.0s  outside_cm_coverage        Liuzhou MSW Incineration Project
  [69/479]  2464   0.0s  outside_cm_coverage        Nanning Landfill Gas Power Generation Project
  [70/479]   108   0.0s  outside_cm_coverage        Tiefa Coal Mine Methane Utilisation for Power Gene
  [71/479]  3128   0.0s  outside_cm_coverage        Luyi Biogas Recovery and Utilization Project
  [72/479]  1446   0.0s  outside_cm_coverage        Sichuan Furong Coal Mine Methane Utilization Proje
  [73/479]  4533   0.0s  outside_cm_coverage        Tech-Bank Animal Waste Management Systems (AWMS) G
  [74/479]  3131   0.0s  outside_cm_coverage        Xiping Biogas Recovery and Utilization Project
  [75/479]  3135   0.0s  outside_cm_coverage        Henan Grouped Biogas Recovery and Utilization Proj
  [76/479]  4754   0.0s  outside_cm_coverage        Puning MSW Incineration and Power Generation
  [77/479]  3670   0.6s  MODERATE_LOW_CAPTURE       MEIOESTE UNICARBO LANDFILL GAS TO ENERGY PROJECT
  [78/479]  2696   0.0s  outside_cm_coverage        Zhengbang AWMS GHG Mitigation Project in Guangdong
  [79/479]    57   0.0s  outside_cm_coverage        Waste Biomass Utilization at JSC Arkhangelsk Pulp 
  [80/479]  2951   0.0s  outside_cm_coverage        Liaoning Xinwang Swine Farm Manure Management Syst
  [81/479]  3638   0.5s  no_observations            BERGAMA INTEGRATED SOLID WASTE MANAGEMENT FACILITY
  [82/479]  3134   0.0s  outside_cm_coverage        Huaxian Caiying Biogas Recovery and Utilization Pr
  [83/479]  2072   0.0s  outside_cm_coverage        UK CowCredit project: A UK dairy initiative to red
  [84/479]  3797   0.4s  no_observations            Ödemis Integrated Solid Waste Management Plant
  [85/479]  1440   0.6s  SEVERE_LOW_CAPTURE         Landfill Gas to Energy Facility at the Nejapa Land
  [86/479]  2098   0.0s  outside_cm_coverage        Nanhai MSW Incineration II Project
  [87/479]  3071   0.4s  no_observations            KARACABEY BIOGAS PLANT
  [88/479]  3130   0.0s  outside_cm_coverage        Shangcai Xima Biogas Recovery and Utilization Proj
  [89/479]  4239   0.0s  outside_cm_coverage        WUHE BIOGAS RECOVERY AND UTILIZATION PROJECT
  [90/479]  2957   0.0s  outside_cm_coverage        Wuhan Chenjiachong Landfill Gas Power Generation P
  [91/479]   479   0.5s  no_observations            Curva de Rodas and La Pradera landfill gas managem
  [92/479]  3980   0.0s  outside_cm_coverage        Xinjiang Muge Swine Farm Manure Management System 
  [93/479]  4550   0.0s  outside_cm_coverage        Barka Landfill Gas Recovery Project
  [94/479]  3639   0.5s  no_observations            2BZ BES ÇUBUK BIOGAS POWER PLANT
  [95/479]  3653   0.0s  outside_cm_coverage        Xinxiang MSW Incineration Project
  [96/479]  3123   0.5s  no_observations            EMIN BIOGAS PP KIRSEHIR
  [97/479]  5138   0.0s  outside_cm_coverage        Wuhan Jiangxia Changshankou LFG Power Project Phas
  [98/479]  3637   0.5s  no_observations            Kayseri Landfill Gas to Power Generation Project
  [99/479]  2358   0.0s  outside_cm_coverage        Nanchang Zhonglan Huanneng Technical Service Co. L
  [100/479]  3544   0.0s  outside_cm_coverage        Solid Waste to Energy Production Facility Sonepat
  [101/479]  4256   0.0s  outside_cm_coverage        Linzhang Biogas Recovery and Utilization Project
  [102/479]  2706   0.0s  outside_cm_coverage        Shuangbaotai AWMS GHG Mitigation Project in Jiangs
  [103/479]  3895   0.6s  SEVERE_LOW_CAPTURE         ITVR SAO LEOPOLDO LANDFILL GAS PROJECT
  [104/479]    80   0.4s  no_observations            Greenville County Landfill Gas Utilization Project
  [105/479]  4195   0.0s  outside_cm_coverage        Anlu Aonong Swine Farm Manure Management System GH
  [106/479]  3407   0.0s  outside_cm_coverage        Heyuan Dengta Landfill Gas Power Generation Projec
  [107/479]  2335   0.0s  outside_cm_coverage        Zhangjiakou Landfill Gas Power Generation Project
  [108/479]  3005   0.0s  outside_cm_coverage        Tongxu Biogas Recovery and Utilization Project
  [109/479]  4338   0.0s  outside_cm_coverage        Bishuiyuan Wastewater Treatment Plant Project
  [110/479]   613   0.5s  no_observations            North Antelope Rochelle Mine CMM Capture and Use P
  [111/479]  3866   0.0s  outside_cm_coverage        Heyuan Qizhai Landfill Gas Power Generation Projec
  [112/479]   897   0.5s  no_observations            Exploitation of the biogas from Controlled Landfil
  [113/479]  3000   0.0s  outside_cm_coverage        Nankang District MSW Landfill Site LFG Recovery an
  [114/479]  3678   0.0s  outside_cm_coverage        Chia Tai AWMS GHG Mitigation Project in Guangdong 
  [115/479]  3626   0.0s  outside_cm_coverage        Yangchun Landfill Gas Power Generation Project
  [116/479]  4721   0.5s  no_observations            CTR IPATINGA LANDFILL GAS PROJECT
  [117/479]  3625   0.0s  outside_cm_coverage        Yangdong Landfill Gas Power Generation Project
  [118/479]  2468   0.0s  outside_cm_coverage        Gaizhou Landfill Gas Power Generation Project
  [119/479]  4423   0.0s  outside_cm_coverage        NEW HOPE AWMS GHG Mitigation Project In Anhui Prov
  [120/479]  1076   0.5s  no_observations            Manaus Landfill Gas Project
  [121/479]  4548   0.0s  outside_cm_coverage        Tech-Bank Animal Waste Management Systems (AWMS) G
  [122/479]  2296   0.0s  outside_cm_coverage        CYY Global Plus Wastewater Treatment and Biogas Ut
  [123/479]  4138   0.5s  no_observations            BRUSQUE LANDFILL GAS PROJECT
  [124/479]   316   0.5s  no_observations            PARAMONGA BAGASSE BOILER PROJECT
  [125/479]  4544   0.0s  outside_cm_coverage        Al Multaqa Landfill Gas Recovery Project
  [126/479]  4549   0.0s  outside_cm_coverage        Heze Tech-Bank Animal Waste Management Systems (AW
  [127/479]  3133   0.0s  outside_cm_coverage        Huaxian Fengqiqiu Biogas Recovery and Utilization 
  [128/479]  3872   0.0s  outside_cm_coverage        Yangxiang AWMS GHG Mitigation Project In Shandong 
  [129/479]  3025   0.0s  outside_cm_coverage        CSD Wastewater Treatment Plant Project in Hebei Pr
  [130/479]  4812   0.0s  outside_cm_coverage        Project Terre Boost: Biochar for a Better Tomorrow
  [131/479]  3126   0.0s  outside_cm_coverage        Qingfeng Biogas Recovery and Utilization Project
  [132/479]  5040   0.0s  outside_cm_coverage        Yixian MSW Incineration and Power Generation Proje
  [133/479]  4904   0.4s  no_observations            SF6 Alternate Cover Gas Conversion Project for AMA
  [134/479]  5016   0.0s  outside_cm_coverage        Longhai New Hope manure management project
  [135/479]  3132   0.0s  outside_cm_coverage        Shangcai Chenfazhai Biogas Recovery and Utilizatio
  [136/479]  3640   0.4s  no_observations            3A BES Akyurt Biogas Power Plant
  [137/479]  4679   0.0s  outside_cm_coverage        Project Reignite: Turning Farm Waste to Climate Ac
  [138/479]  5436   0.4s  no_observations            CATANDUVA LANDFILL GAS PROJECT
  [139/479]  4818   0.0s  outside_cm_coverage        Linfen MSW Incineration and Power Generation Proje
  [140/479]  4350   0.0s  outside_cm_coverage        Puyang Swine Farm AWMS Project in Henan
  [141/479]  3322   0.6s  no_observations            BEYAZ PİRAMİT BIOGAS PROJECT
  [142/479]  2299   0.0s  outside_cm_coverage        Hunan Xiangtan Landfill Gas Power Generation Proje
  [143/479]  3908   0.5s  no_observations            INEGOL INTEGRATED SOLID WASTE STORAGE AND DISPOSAL
  [144/479]  3715   0.0s  outside_cm_coverage        TAIHE COUNTY BIOGAS POWER GENERATION AND ORGANIC F
  [145/479]  2731   0.0s  outside_cm_coverage        Xuzhou Yanqun MSW Landfill Site LFG Recovery to Po
  [146/479]  3894   0.5s  no_observations            SANTA MARIA LANDFILL GAS PROJECT
  [147/479]  4056   0.7s  RED_FLAG_LOW_CAPTURE       La Yesca Landfill Gas Project
  [148/479]  4556   0.0s  outside_cm_coverage        Huaian Tech-Bank Animal Waste Management Systems (
  [149/479]    15   0.5s  no_observations            Methane Capture, Flare and Utilization at Tyson Wa
  [150/479]  3308   0.0s  outside_cm_coverage        Dongyuan Xiantang Landfill Gas Power Generation Ph
  [151/479]  2697   0.0s  outside_cm_coverage        Zhengbang AWMS GHG Mitigation Project in Sichuan P
  [152/479]   913   0.0s  outside_cm_coverage        Siam Quality Starch Wastewater Treatment and Energ
  [153/479]  3901   0.0s  outside_cm_coverage        Anhua LFG Power Generation Project
  [154/479]  2503   0.0s  outside_cm_coverage        Liling LFG Power Generation Project
  [155/479]  5277   0.0s  outside_cm_coverage        Taishan BCCY New Energy Co., Ltd Taishan Xiadouken
  [156/479]  3222   0.5s  no_observations            MARDIN LFG POWER PLANT
  [157/479]  4757   0.0s  outside_cm_coverage        JIANGSU SUQIAN AWMS Biogas Recovery and Utilizatio
  [158/479]   318   0.5s  no_observations            Clinton Landfill Gas Collection and Combustion Pro
  [159/479]  5078   0.5s  no_observations            CTR Metropolitana Landfill Gas
  [160/479]  2763   0.0s  outside_cm_coverage        Waste Energy project in Dadra & Nagar Haveli(D&NH)
  [161/479]   125   0.0s  outside_cm_coverage        Taicang Waste Incineration Project
  [162/479]  3741   0.4s  no_observations            Mudurnu Biogas Energy Power Plant
  [163/479]    16   0.4s  no_observations            Methane Capture, Flare and Utilization at Tyson Wa
  [164/479]  2337   0.0s  outside_cm_coverage        Sanya Landfill Gas Power Generation Project
  [165/479]   648   0.4s  no_observations            TOWER ABANDONED MINE METHANE UTILIZATION PROJECT
  [166/479]  2099   0.0s  outside_cm_coverage        Ningbo Yinzhou Landfill Gas Recovery and Utilizati
  [167/479]   409   0.0s  outside_cm_coverage        MedcoEnergi Associated Gas Recovery and Utilizatio
  [168/479]  4938   0.0s  outside_cm_coverage        Chiping Municipal Solid Waste Incineration For Pow
  [169/479]  3928   0.4s  no_observations            QUATÁ LANDFILL GAS PROJECT
  [170/479]  2261   0.0s  outside_cm_coverage        CYY Biopower Wastewater treatment plant including 
  [171/479]  3283   0.4s  no_observations            ASYA LALE BIOGAS PROJECT
  [172/479]  2938   0.0s  outside_cm_coverage        Yunshui Wastewater Treatment Plant Project in Guan
  [173/479]  3649   0.0s  outside_cm_coverage        Tianjin Dahanzhuang LFG Power Generation Project I
  [174/479]  4412   0.0s  outside_cm_coverage        Xiding AWMS GHG Mitigation Project
  [175/479]  3940   0.0s  outside_cm_coverage        Lianzhou Landfill Gas Power Generation Project
  [176/479]  4238   0.0s  outside_cm_coverage        HEFEI BIOGAS RECOVERY AND UTILIZATION PROJECT
  [177/479]  4173   0.5s  no_observations            Akalan Biogas Energy Power Plant
  [178/479]  2455   0.0s  outside_cm_coverage        Haicheng Landfill Gas Power Generation Project
  [179/479]  2525   0.0s  outside_cm_coverage        Ziyang LFG Power Generation Project
  [180/479]  2840   0.0s  outside_cm_coverage        Nanzhao County MSW Landfill Site LFG Pollution Tre
  [181/479]  4567   0.0s  outside_cm_coverage        Muyuan Handan AWMS GHG Mitigation Project in Hebei
  [182/479]   651   0.0s  outside_cm_coverage        Composting of Organic Content of Municipal Solid W
  [183/479]  2452   0.0s  outside_cm_coverage        Laizhou Landfill Gas Power Generation Project
  [184/479]  3378   0.0s  outside_cm_coverage        Animal Manure Management System (AMMS) GHG Mitigat
  [185/479]  5542   0.0s  outside_cm_coverage        MALAYSIA GROUPED BIOMASS WASTE RECOVERY AND UTILIZ
  [186/479]   947   0.4s  no_observations            Spartanburg County Landfill Gas Combustion Project
  [187/479]  3929   0.5s  no_observations            VICTOR GRAEFF LANDFILL GAS PROJECT
  [188/479]  3112   0.5s  no_observations            BABIL BIOGAS POWER PLANT
  [189/479]  2353   0.0s  outside_cm_coverage        Qingdao Xiaojianxi Phase II MSW landfill site LFG 
  [190/479]  5310   0.0s  outside_cm_coverage        Ankang Hanbin Landfill Gas Power Generation Projec
  [191/479]  2601   0.4s  no_observations            EnviroServ Chloorkop Landfill Gas Recovery Project
  [192/479]  4206   0.4s  no_observations            Kütahya Landfill Gas to Electricity Project
  [193/479]  4469   0.5s  no_observations            Zonguldak Landfill Gas to Electricity Project
  [194/479]  3762   0.0s  outside_cm_coverage        Jiaozhou Landfill Gas Recovery Project
  [195/479]   559   0.4s  no_observations            Cambria 33 Abandoned Mine Methane Capture and use 
  [196/479]   684   0.4s  no_observations            Orange County Methane Recovery and Destruction Pro
  [197/479]  1393   0.4s  no_observations            Anaerobic digestion and heat generation at Sugar C
  [198/479]  2614   0.0s  outside_cm_coverage        Lingbi County Wastewater Treatment Plant Project
  [199/479]  5015   0.0s  outside_cm_coverage        Hengyang New Hope Swine Farm AWMS GHG Mitigation p
  [200/479]  2863   0.0s  outside_cm_coverage        Xinmi urban domestic waste gas harmless treatment 
  [201/479]  2352   0.0s  outside_cm_coverage        Shizaiqian MSW landfill site LFG recovery to power
  [202/479]  4921   0.0s  outside_cm_coverage        Gaotang Municipal Solid Waste Incineration For Pow
  [203/479]  3851   0.0s  outside_cm_coverage        Dongxing Waste Incineration Plant leachate biogas 
  [204/479]  2714   0.6s  no_observations            BEYLIKOVA BIOGAS POWER PLANT
  [205/479]  4249   0.4s  no_observations            Ordu Landfill Gas to Electricity Project
  [206/479]  3916   0.4s  no_observations            GIRUÁ LANDFILL GAS PROJECT
  [207/479]  4454   0.0s  outside_cm_coverage        The project of Kitchen and catering waste Disposal
  [208/479]  4130   0.5s  no_observations            GIRESUN LANDFILL GAS (LFG) PROJECT
  [209/479]  4340   0.0s  outside_cm_coverage        Gansu Wuwei Liangzhou Grouped AWMS GHG Mitigation 
  [210/479]  4916   0.0s  outside_cm_coverage        Guangxi Laibin Organic Wastewater Biogas Power Gen
  [211/479]   707   0.0s  outside_cm_coverage        Kunming Dongjiao Baishuitang LFG Treatment and Pow
  [212/479]  3016   0.0s  outside_cm_coverage        Guoyang MSW Landfill Site LFG Recovery and Compreh
  [213/479]  3880   0.0s  outside_cm_coverage        Xinfeng AWMS GHG Mitigation Project in Liaoning pr
  [214/479]  4620   0.0s  outside_cm_coverage        14 MW Waste-to-Energy Project by Antony Lara Renew
  [215/479]  4928   0.0s  outside_cm_coverage        Shunping MSW Incineration and Power Generation PPP
  [216/479]  5214   0.0s  outside_cm_coverage        Pingjiang County Domestic Waste Harmless Landfill 
  [217/479]  4794   0.0s  outside_cm_coverage        Leiyang Hexi Animal Manure Composting Project
  [218/479]  2693   0.0s  outside_cm_coverage        Yizheng Zhongxing Recycled PET Project
  [219/479]  4168   0.0s  outside_cm_coverage        BAITANG AONONG SWINE FARM COMPOSTING PROJECT
  [220/479]  4612   0.0s  outside_cm_coverage        WEIYUAN COMPOSTING PROJECT
  [221/479]   452   0.0s  outside_cm_coverage        The VCF Group Biogas Projects at Nipat and Songpho
  [222/479]  3046   0.4s  no_observations            BATMAN LANDFILL GAS (LFG) CAPTURE AND UTILIZATION 
  [223/479]  5366   0.0s  outside_cm_coverage        Henan Zhumadian Youran Xiping Dairy Farm Biogas Ut
  [224/479]  4070   0.0s  outside_cm_coverage        Guangdong Xinsheng E-waste recovery and recycling 
  [225/479]  3603   0.0s  outside_cm_coverage        Jiangsu Lisaike PET Recycling Project
  [226/479]  2728   0.0s  outside_cm_coverage        Huaibin MSW Landfill Site LFG Recovery and Compreh
  [227/479]  4736   0.0s  outside_cm_coverage        CHENGZI RECYCLED AL PROJECT A
  [228/479]  5136   0.0s  outside_cm_coverage        Fujian Nan'an Shengda Aluminium Recycling Project
  [229/479]   446   0.0s  outside_cm_coverage        The SPM Group Biogas Project
  [230/479]  3668   0.0s  outside_cm_coverage        Jintudi Composting Project in Zhucheng City
  [231/479]  4248   0.0s  outside_cm_coverage        Haishang Shaoyang Composting Project
  [232/479]  3870   0.0s  outside_cm_coverage        Yangxiang AWMS GHG Mitigation Project in Henan Pro
  [233/479]  3047   0.0s  outside_cm_coverage        Nanyang Dongjia Composting Project in Fangcheng Co
  [234/479]  5186   0.0s  outside_cm_coverage        Quanzhou Canhua PET Recycling Project
  [235/479]  4970   0.5s  no_observations            Brascarbon Methane Recovery Project BCA-BRA-20
  [236/479]  4376   0.0s  outside_cm_coverage        Haishang Biogas Recovery and Utilization Project
  [237/479]  4654   0.0s  outside_cm_coverage        Hengyang Peike Animal Manure Composting Project
  [238/479]  5265   0.0s  outside_cm_coverage        Langfang Jinye E-waste recycling and comprehensive
  [239/479]  3393   0.0s  outside_cm_coverage        Hubei Jiulong PET Recycling Project
  [240/479]  4289   0.7s  no_observations            Brascarbon Methane Recovery Project BCA-BRA-19
  [241/479]  4288   0.6s  no_observations            Brascarbon Methane Recovery Project BCA-BRA-18
  [242/479]  4487   0.0s  outside_cm_coverage        Guangxi Baiduoshou Composting Project
  [243/479]   638   0.4s  no_observations            Rockingham County Landfill Gas Combustion Project
  [244/479]  4616   0.0s  outside_cm_coverage        Shunfeng Erhai Composting project in Yousuo
  [245/479]  3063   0.0s  outside_cm_coverage        Pengmai Composting Project in Fangcheng County
  [246/479]   162   0.0s  outside_cm_coverage        Her-Fried Utilization of Coalmine Methane
  [247/479]  3984   0.0s  outside_cm_coverage        Leyuan ANIMAL Husbandry Weixian Co., Ltd. NO. 4 Pa
  [248/479]  5498   0.0s  outside_cm_coverage        Hedong Biogas Recovery and Utilization Project
  [249/479]  4645   0.0s  outside_cm_coverage        Wudi Lvhe Composting project
  [250/479]  5357   0.0s  outside_cm_coverage        TCL Aobo (Tianjin) E-waste recycling and comprehen
  [251/479]  4675   0.0s  outside_cm_coverage        HUOSHENGYUAN COMPOSTING PROJECT IN MIANYANG CITY
  [252/479]   441   0.4s  no_observations            Henrico County Landfill Gas Combustion Project
  [253/479]  5251   0.0s  outside_cm_coverage        Weinan Kelinle Plastic Recycling Project
  [254/479]    70   0.4s  no_observations            Irani Wastewater Methane Avoidance Project
  [255/479]  4339   0.0s  outside_cm_coverage        Gansu Baiyin AWMS Biogas Recovery and Utilization 
  [256/479]  3056   0.4s  no_observations            Brascarbon Methane Recovery Project BCA-BRA-17
  [257/479]  5018   0.0s  outside_cm_coverage        Zhejiang Hengxin PET Recycling Project
  [258/479]  2998   0.4s  no_observations            Brascarbon Methane Recovery Project BCA-BRA-16
  [259/479]  3688   0.0s  outside_cm_coverage        Shandong Xiantan Composting Project
  [260/479]  3959   0.0s  outside_cm_coverage        Jiangsu Qidong Yongyin Recycled PET Project
  [261/479]  4816   0.0s  outside_cm_coverage        Hexi Biogas Recovery and Utilization Project
  [262/479]  4705   0.0s  outside_cm_coverage        KIS BIOFUELS- UKINDO PROJECT
  [263/479]  4830   0.0s  outside_cm_coverage        Liaoning Sengda Waste Plastic Recycling Project
  [264/479]  3154   0.0s  outside_cm_coverage        Household Biogas Project in Uttarakhand, India
  [265/479]   686   0.6s  no_observations            FC Landfill Energy Facility
  [266/479]  2527   0.0s  outside_cm_coverage        Maesod Wastewater Treatment and Biogas Utilisation
  [267/479]   846   0.4s  no_observations            BRASCARBON Methane Recovery Project BCA-BRA-05, Br
  [268/479]  3282   0.0s  outside_cm_coverage        Solid Waste Management Project at Moradabad
  [269/479]  2460   0.4s  no_observations            GZL ENERGY BIOGAS PLANT
  [270/479]  2592   0.0s  outside_cm_coverage        Hongya MSW landfill site biogas power generation p
  [271/479]  1759   0.0s  outside_cm_coverage        Methane Recovery and Power Generation Project at E
  [272/479]  2866   0.0s  outside_cm_coverage        Xuan Cheng Composting Project Phase II
  [273/479]  3951   0.0s  outside_cm_coverage        Hunan Changde Muge Swine Farm Manure Management Sy
  [274/479]   416   0.0s  outside_cm_coverage        SD Biosupply Wastewater Treatment and Biogas Utili
  [275/479]  4167   0.0s  outside_cm_coverage        Huangping Aonong Swine Farm Composting Project
  [276/479]  4220   0.4s  no_observations            Malatya 2 Landfill Gas Power Plant Project
  [277/479]   115   0.0s  outside_cm_coverage        Reduction of methane emissions in the low pressure
  [278/479]  3696   0.0s  outside_cm_coverage        Chongqing Tongliang LFG Power Generation Project
  [279/479]   449   0.0s  outside_cm_coverage        Wastewater Treatment with Biogas Technology in a T
  [280/479]  2457   0.7s  no_observations            BYZ GLOBAL ENERGY BIOGAS PLANT
  [281/479]  3011   0.0s  outside_cm_coverage        Mengzi MSW Landfill Site LFG Comprehensive Utiliza
  [282/479]  2414   0.4s  no_observations            Davidson County Landfill
  [283/479]   946   0.6s  no_observations            Shoosmith Sanitary Landfill Gas Combustion Project
  [284/479]  4695   0.0s  outside_cm_coverage        Xinxiang Yanmai Biogas Utilization Project
  [285/479]  2864   0.0s  outside_cm_coverage        Xuancheng Composting Project Phase I
  [286/479]  5431   0.0s  outside_cm_coverage        Baoshan East Hope Swine Farm AWMS GHG Mitigation P
  [287/479]  2848   0.0s  outside_cm_coverage        Taikefeng Composting Project in Gaomi City
  [288/479]  1817   0.5s  no_observations            Reliance Composting Project in Cape Town
  [289/479]  3069   0.0s  outside_cm_coverage        Tangyin County MSW Landfill Site LFG Pollution Con
  [290/479]  3842   0.4s  no_observations            Sarkisla Biogas Power Plant
  [291/479]  2354   0.0s  outside_cm_coverage        Yichang Sunjiawan MSW landfill site LFG recovery t
  [292/479]  4650   0.0s  outside_cm_coverage        CBG GENERATION FROM MSW
  [293/479]  4106   0.6s  no_observations            Bekmezci Biogas Energy Power Plant
  [294/479]  1222   0.0s  outside_cm_coverage        Kaiyang 15100 Rural Methane Digesters Project in G
  [295/479]  2591   0.0s  outside_cm_coverage        Yongkang huachuan MSW landfill site LFG comprehens
  [296/479]    41   0.0s  outside_cm_coverage        Chao Khun Agro Biogas Energy Project
  [297/479]  5311   0.0s  outside_cm_coverage        Dalian Wafangdian LFG Power Generation Project
  [298/479]  5264   0.0s  outside_cm_coverage        Yunfu LFG Power Generation Project
  [299/479]  5342   0.0s  outside_cm_coverage        Yingkou Dashiqiao LFG Power Generation Project
  [300/479]  4667   0.0s  outside_cm_coverage        TTCA ORGANIC COMPOSTING PROJECT IN ATTAPEU
  [301/479]  3861   0.0s  outside_cm_coverage        Pingyuan Landfill Gas Power Generation Phase I Pro
  [302/479]  4262   0.7s  no_observations            Sharjah Waste to Energy Plant project
  [303/479]  4564   0.0s  outside_cm_coverage        7.5 MW Waste-to-Energy Power Plant by Goodwatts WT
  [304/479]   845   0.5s  no_observations            BRASCARBON Methane Recovery Project BCA-BRA-08, Br
  [305/479]  5574   0.0s  outside_cm_coverage        WEIFANG YOURAN DAIRY CATTLE MANURE MANAGEMENT PROJ
  [306/479]  5313   0.0s  outside_cm_coverage        Lichuan City Domestic Waste Landfill Site Biogas P
  [307/479]  2862   0.0s  outside_cm_coverage        Wuyang domestic waste treatment plant domestic was
  [308/479]   867   0.0s  outside_cm_coverage        AMA08-W-10, METHANE RECOVERY IN WASTEWATER TREATME
  [309/479]  4603   0.6s  no_observations            BATIKIPAS BIOGAS PLANT
  [310/479]   878   0.5s  no_observations            BRASCARBON Methane Recovery Project BCA-BRA-02, Br
  [311/479]   847   0.4s  no_observations            BRASCARBON Methane Recovery Project BCA-BRA-07, Br
  [312/479]  5108   0.0s  outside_cm_coverage        Bamboo King Vina Biochar Project
  [313/479]  5203   0.0s  outside_cm_coverage        Luoding BCCY New Power CO., Ltd. MSW biogas to ele
  [314/479]  4352   0.0s  outside_cm_coverage        Henan Xinyang Grouped AWMS Biogas Recovery Project
  [315/479]  2582   0.0s  outside_cm_coverage        Zhijiang Shibaoshan LFG Power Generation Project
  [316/479]  4382   0.0s  outside_cm_coverage        MSW to Compost through BSF Rearing process
  [317/479]   889   0.4s  no_observations            BRASCARBON Methane Recovery Project BCA-BRA-03.
  [318/479]  3006   0.0s  outside_cm_coverage        Taiqian County MSW Landfill Site LFG Comprehensive
  [319/479]  4558   0.0s  outside_cm_coverage        Xinhangdao AWMS GHG Mitigation Project In Shangqiu
  [320/479]   405   0.0s  outside_cm_coverage        Banpong Tapioca Flour Industrial Wastewater Treatm
  [321/479]  3950   0.0s  outside_cm_coverage        Gansu Hui County Muge Swine Farm Manure Management
  [322/479]  5218   0.0s  outside_cm_coverage        VCS Development Project of Methane Emission Reduct
  [323/479]  4347   0.0s  outside_cm_coverage        Hunan Anfu PP Recycling Project
  [324/479]  1794   0.4s  no_observations            Interwaste Landfill gas Grouped Project
  [325/479]  5052   0.0s  outside_cm_coverage        Tech-Bank Swine Manure Composting Project in Jiang
  [326/479]  1116   0.4s  no_observations            St Joseph Sanitary Landfill Gas Collection and Con
  [327/479]  2861   0.0s  outside_cm_coverage        Laifeng County Jiulongpan domestic waste landfill 
  [328/479]  2516   0.0s  outside_cm_coverage        Lianyuan LFG Power Generation Project
  [329/479]  2355   0.0s  outside_cm_coverage        Suzhou Qizishan MSW landfill site redundant LFG re
  [330/479]  1550   0.4s  no_observations            Uberlandia landfills I and II
  [331/479]   272   0.0s  outside_cm_coverage        Burwood Landfill Gas to Queen Elizabeth II Park
  [332/479]    17   0.4s  no_observations            Methane Capture, Flare and Utilization at Tyson Wa
  [333/479]  4216   0.0s  outside_cm_coverage        Wen County BCCY New Energy Co., Ltd Landfill Gas D
  [334/479]    82   0.0s  outside_cm_coverage        Wastewater Treatment with Biogas Production (UASB)
  [335/479]  3871   0.0s  outside_cm_coverage        Yangxiang AWMS GHG Mitigation Project in Liaoning 
  [336/479]  3944   0.0s  outside_cm_coverage        Jinmu AWMS GHG Mitigation Project in Liaoning Prov
  [337/479]  4478   0.0s  outside_cm_coverage        Municipal Solid Waste Treatment by Composting in G
  [338/479]  2484   0.4s  no_observations            WM ENERGY BIOGAS PLANT
  [339/479]  2879   0.0s  outside_cm_coverage        Henan Lehuijia Composting Project
  [340/479]  3869   0.0s  outside_cm_coverage        Yangxiang AWMS GHG Mitigation Project in Hebei pro
  [341/479]  2753   0.0s  outside_cm_coverage        Sustainable Biogas Project for Community Empowerme
  [342/479]  4703   0.0s  outside_cm_coverage        Xingning Tokzin PET Recycling Project
  [343/479]  4848   0.0s  outside_cm_coverage        Starch Plus Wastewater Treatment And Biogas Utilis
  [344/479]  4014   0.6s  no_observations            Sinop Landfill Gas to Electricity Project
  [345/479]  3830   0.0s  outside_cm_coverage        Jiyuan Weiheng Cow Breeding Farm Biogas Recovery a
  [346/479]  5336   0.0s  outside_cm_coverage        Shaoyang Xinning LFG Power Generation Project
  [347/479]   430   0.0s  outside_cm_coverage        Chol Charoen Group Wastewater Treatment with Bioga
  [348/479]  4011   0.0s  outside_cm_coverage        Qinghai Taiheyuan Swine Farm Manure Management Sys
  [349/479]  4169   0.0s  outside_cm_coverage        Wuwei Liangzhou Municipal Solid Waste Incineration
  [350/479]   417   0.0s  outside_cm_coverage        P.S.C Starch Wastewater Treatment and Biogas Utili
  [351/479]   834   0.4s  no_observations            FULTON COUNTY MUD ROAD LANDFILL CARBON OFFSET PROJ
  [352/479]  4367   0.0s  outside_cm_coverage        Zhenyuan Swine Farm AWMS GHG Mitigation Project
  [353/479]  3949   0.0s  outside_cm_coverage        Waste Management Project-1 by GLOBAL CARBON SOLUTI
  [354/479]  5210   0.0s  outside_cm_coverage        Panzhou County Chicken Farm Manure Composting Proj
  [355/479]  4205   0.4s  no_observations            Yılmazlar Biogas Power Plant Project
  [356/479]  2680   0.0s  outside_cm_coverage        Yichang Huangjiawan MSW Landfill site LFG Recovery
  [357/479]  4182   0.0s  outside_cm_coverage        Guantao Qingfeng Biological Manure Management Gree
  [358/479]  3061   0.0s  outside_cm_coverage        Hexian MSW Landfill Site LFG recovery to power pro
  [359/479]  2260   0.0s  outside_cm_coverage        Shandong Laiwu Landfill Gas Recovery and Power Gen
  [360/479]  4198   0.0s  outside_cm_coverage        Yongtai Danyun Duck Farm Manure Composting Project
  [361/479]   833  13.6s  RED_FLAG_LOW_CAPTURE       Winchester Landfill Gas Project
  [362/479]  5281   0.0s  outside_cm_coverage        Suide County Urban MSW Landfill Biogas Pollution C
  [363/479]  4887   0.0s  outside_cm_coverage        WASTEWATER TO BIOGAS GROUPED PROJECT
  [364/479]  4443   0.0s  outside_cm_coverage        Jinan Pingyin Youran Dairy Cattle Manure Managemen
  [365/479]  2593   0.0s  outside_cm_coverage        Botou Hengjie MSW landfill site LFG comprehensive 
  [366/479]   426   0.0s  outside_cm_coverage        Wastewater Treatment with Biogas System in Palm Oi
  [367/479]    14   0.4s  no_observations            Methane Capture, Flare and Utilization at Tyson Wa
  [368/479]  1036   0.5s  no_observations            Hillsborough County Waste to Energy (WtE) Facility
  [369/479]  2859   0.0s  outside_cm_coverage        Jingbian County MSW landfill site LFG pollution tr
  [370/479]  3873   0.0s  outside_cm_coverage        Yangxiang AWMS GHG Mitigation Project in Zhejiang 
  [371/479]  2259   0.5s  no_observations            Royal Dairy Solid Separation Enhanced by Vermicomp
  [372/479]  4097   0.0s  outside_cm_coverage        Zhejiang Shengtang Recycling Materials from E-wast
  [373/479]  4715   0.0s  outside_cm_coverage        Jinghai Leachate Anaerobic Biogas Utilization Proj
  [374/479]  4015   1.3s  no_observations            Sanergy Composting Group Project
  [375/479]  1883   0.4s  no_observations            Pichacay Landfill Gas Renewable Energy Project
  [376/479]  2860   0.0s  outside_cm_coverage        Dak Lak Wastewater Treatment with Biogas System an
  [377/479]  3766   0.0s  outside_cm_coverage        Gansu Ganzhou Biogas Recovery and Utilization Proj
  [378/479]  3969   0.0s  outside_cm_coverage        Hebei Handan Damingchang Biogas Recovery and Utili
  [379/479]  3078   0.0s  outside_cm_coverage        Puyang County Rural MSW Landfill Site LFG Pollutio
  [380/479]  3890   0.5s  no_observations            Elmadag Biogas Power Plant
  [381/479]  4279   0.0s  outside_cm_coverage        Monsoon Methane Avoidance from Industrial Wastewat
  [382/479]  2679   0.0s  outside_cm_coverage        Jiyuan MSW Landfill Site LFG Recovery to Power Pro
  [383/479]  5331   2.4s  no_observations            RE&UP BOTTLE PET RECYCLED CHIPS, FLAKES & NEXT-GEN
  [384/479]   461   0.0s  outside_cm_coverage        Ratchaburi Farms Biogas Project at Veerachai Farm
  [385/479]  3177   0.0s  outside_cm_coverage        Puyang County MSW Landfill Site LFG Pollution Trea
  [386/479]  3070   0.0s  outside_cm_coverage        Liucheng County MSW Landfill Site LFG Recovery and
  [387/479]   866   0.0s  outside_cm_coverage        METHANE RECOVERY IN WASTEWATER TREATMENT, PROJECT 
  [388/479]  2751   0.4s  no_observations            MOOH COOPERATIVE GROUPED PROJECT, Reduction of met
  [389/479]  2537   0.0s  outside_cm_coverage        Gansu Gaotai Biogas Recovery and Utilization Proje
  [390/479]  3981   0.0s  outside_cm_coverage        Qinghai Muge Swine Farm Manure Management System G
  [391/479]  4496   0.0s  outside_cm_coverage        Jiangxi Xinsheng Swine Farm Manure Management Syst
  [392/479]  4649   0.0s  outside_cm_coverage        CBG Plant at Sainsons
  [393/479]  5334   0.0s  outside_cm_coverage        Zhengzhou Lvyuan Food Waste Treatment Project
  [394/479]  5362   0.0s  outside_cm_coverage        Shuangjianghu Wastewater Treatment Plant Project
  [395/479]  2499   0.0s  outside_cm_coverage        Guangzhou Huadu Shiling LFG Power Generation Proje
  [396/479]  4368   0.0s  outside_cm_coverage        Waste to Energy Project in Chennai, Tamil Nadu
  [397/479]   442   0.6s  no_observations            Sussex County Landfill Gas Combustion Project
  [398/479]   937   0.9s  no_observations            Southern Ute Indian Tribe Westside CBM Seep Captur
  [399/479]  4334   0.0s  outside_cm_coverage        Biogas Project in Cuddalore, India
  [400/479]  4940   0.0s  outside_cm_coverage        Taiping Township Waste Resource Utilization Projec
  [401/479]  2932   0.4s  no_observations            4B EREGLI LFG POWER PLANT
  [402/479]  4349   0.0s  outside_cm_coverage        Yueyang LFG Power Generation Project
  [403/479]    20   1.5s  no_observations            AWMS METHANE RECOVERY PROJECT BR06-S-25
  [404/479]  4403   0.9s  no_observations            CEKEREK BIOGAS POWER PLANT
  [405/479]   356   0.5s  no_observations            Methane capture and destruction on La Hormiga land
  [406/479]   879   0.4s  no_observations            Wewoka Small Scale Landfill Gas Recovery and Therm
  [407/479]   411   0.0s  outside_cm_coverage        Chorchaiwat Wastewater Treatment and Biogas Utiliz
  [408/479]  4731   0.0s  outside_cm_coverage        Biogas based Poultry Waste Management Project at S
  [409/479]   862   0.0s  outside_cm_coverage        AMA08-W-24, METHANE RECOVERY IN WASTEWATER TREATME
  [410/479]  4781   0.0s  outside_cm_coverage        Guangxi Guigang Food Waste Recycling Project
  [411/479]  3077   0.0s  outside_cm_coverage        Huojia County Second MSW Landfill Site LFG Polluti
  [412/479]  2093   0.0s  outside_cm_coverage        Waste to Energy Projects by Mahindra Waste to Ener
  [413/479]     5   0.5s  no_observations            Greater Lebanon Refuse Authority Landfill Gas Coll
  [414/479]  3667   0.0s  outside_cm_coverage        SHANDONG BEICHEN BREEDING SWINE FARM COMPOSTING PR
  [415/479]   491   0.5s  no_observations            Bionersis landfill  project in Pasto, Colombia
  [416/479]  3060   0.0s  outside_cm_coverage        Wushan County MSW Landfill Site LFG Pollution Trea
  [417/479]  4950   1.9s  no_observations            Berglandmilch Cooperative Grouped Project: Reducti
  [418/479]   163   0.0s  outside_cm_coverage        Imudia Utilization of Coal-Mine-Methane
  [419/479]  3891   0.5s  no_observations            Enteric fermentation emissions' reduction program 
  [420/479]   440   0.6s  no_observations            Infra-Red Automatic Refrigerant Leak Detection Eff
  [421/479]    24   0.4s  no_observations            AWMS METHANE RECOVERY PROJECT BR06-S-29
  [422/479]   408   0.0s  outside_cm_coverage        Thanawat wastewater treatment and biogas utilizati
  [423/479]  2752   0.0s  outside_cm_coverage        Waste Energy project in Andhra Pradesh & Rajasthan
  [424/479]   861   0.0s  outside_cm_coverage        AMA08-W-21, METHANE RECOVERY IN WASTEWATER TREATME
  [425/479]  4578   0.0s  outside_cm_coverage        Biochar Project-1 by WeAct
  [426/479]    19   0.5s  no_observations            AWMS METHANE RECOVERY PROJECT BR06-S-24
  [427/479]  4245   0.0s  outside_cm_coverage        Biogas to electricity generation group project in 
  [428/479]   864   0.0s  outside_cm_coverage        AMA08-W-23, METHANE RECOVERY IN WASTEWATER TREATME
  [429/479]     4   0.4s  no_observations            AWMS METHANE RECOVERY PROJECT BR06-S-19
  [430/479]  4614   0.0s  outside_cm_coverage        GER Recycled PP Project
  [431/479]  4745   0.0s  outside_cm_coverage        Henan CP Group Swine Farm Biogas Recovery and Util
  [432/479]  3058   0.0s  outside_cm_coverage        Jiayu MSW Landfill Site LFG Pollution Treatment an
  [433/479]  1888   0.8s  no_observations            Larimer County Landfill Gas Flaring Project
  [434/479]  3064   0.0s  outside_cm_coverage        Chenxi MSW Landfill Site LFG Pollution Treatment a
  [435/479]  1144   0.6s  no_observations            Composting Project in Santa Catarina
  [436/479]   335   0.0s  outside_cm_coverage        Methane Recovery Project Aben, Wanroij, North Brab
  [437/479]  4677   0.0s  outside_cm_coverage        Jinshan Songlin Market Swine Manure Utilization Pr
  [438/479]    18   0.4s  no_observations            AWMS METHANE RECOVERY PROJECT BR06-S-21
  [439/479]  2831   0.0s  outside_cm_coverage        SHANDONG LIJIN BREEDING SWINE FARM BIOGAS RECOVERY
  [440/479]   860   0.0s  outside_cm_coverage        AMA08-W-22, METHANE RECOVERY IN WASTEWATER TREATME
  [441/479]   407   0.0s  outside_cm_coverage        Chakangrao Starch wastewater treatment and biogas 
  [442/479]  1919   0.8s  no_observations            Adeco Agropecuaria S.A. Biogas Energy Generation f
  [443/479]   367   0.0s  outside_cm_coverage        Kitroongruang Biogas Energy Project
  [444/479]   337   0.0s  outside_cm_coverage        Methane Recovery Project Princepeel Wilbertoord, N
  [445/479]   450   0.0s  outside_cm_coverage        Midshore Regional Solid Waste Facility (MRSWF) Lan
  [446/479]  5286   1.4s  no_observations            Saytek Plastic Recycling Facility
  [447/479]   415   0.0s  outside_cm_coverage        VP Biosupply Wastewater Treatment and Biogas Utili
  [448/479]  5089   0.6s  no_observations            A-Gas South Africa 1
  [449/479]   427   0.0s  outside_cm_coverage        Chol Charoen Group Wastewater Treatment with Bioga
  [450/479]    50   0.6s  no_observations            Willow Creek Dairy Farm Project
  [451/479]   448   0.6s  no_observations            Methane Capture and Destruction at Simplot's Moses
  [452/479]   467   0.0s  outside_cm_coverage        Chol Charoen Group Wastewater Treatment with Bioga
  [453/479]   353   1.4s  no_observations            Composting of Municipal organic waste in Mahajanga
  [454/479]   640   0.4s  no_observations            Flathead Electric Cooperative Landfill Gas to Ener
  [455/479]  5152   0.0s  outside_cm_coverage        VCS project of Leifeng water purification plant se
  [456/479]  4996   0.0s  outside_cm_coverage        AVOIDANCE OF METHANE EMISSION THROUGH VERMICOMPOST
  [457/479]  4707   0.0s  outside_cm_coverage        Danish Crown Methane Destruction Voluntary Carbon 
  [458/479]   428   0.0s  outside_cm_coverage        Chol Charoen Group Wastewater Treatment with Bioga
  [459/479]  3945   0.0s  outside_cm_coverage        Yangxiang AWMS GHG Mitigation Project In Anhui Pro
  [460/479]    21   1.1s  no_observations            AWMS METHANE RECOVERY PROJECT BR06-S-26
  [461/479]  4413   0.0s  outside_cm_coverage        Household Biogas Program for Smallholder Farmers i
  [462/479]  2880   0.0s  outside_cm_coverage        BINZHOU TOPIGS NORSVIN BREEDING SWINE CO., LTD. BI
  [463/479]  4589   0.0s  outside_cm_coverage        Biogas-based Manure Management Program
  [464/479]    22   0.4s  no_observations            AWMS METHANE RECOVERY PROJECT BR06-S-27
  [465/479]   290   0.6s  no_observations            Lee County Waste To Energy Facility 2007 Capital E
  [466/479]   642   1.0s  no_observations            West Star North Dairy
  [467/479]  3017   0.0s  outside_cm_coverage        Jiangsu REO-ECO PET RECYCLING PROJECT
  [468/479]  2535   0.6s  no_observations            Skyridge Farms Advanced Solid Separation Project
  [469/479]  1228   0.6s  RED_FLAG_LOW_CAPTURE       El Panul
  [470/479]   334   0.0s  outside_cm_coverage        Methane Recovery Project Cleanergy Wanroij, North 
  [471/479]   992   0.4s  no_observations            The Capture and Utilisation of Methane at the GFI 
  [472/479]   340   0.0s  outside_cm_coverage        Upgradation, Operation and Maintenance of 200 TPD 
  [473/479]   634   1.9s  no_observations            Bos Dairy Farm Project
  [474/479]   425   0.0s  outside_cm_coverage        Sahamitr Tapioca Chonburi Wastewater Treatment and
  [475/479]   775   0.6s  no_observations            Northeast Farm Separation Project – Phase 1
  [476/479]   956   0.5s  no_observations            Anaerobic digestion at Animalia Genetics Ltd., Cyp
  [477/479]   888   0.5s  no_observations            Anaerobic digestion at Armenis Farm Ltd., Cyprus
  [478/479]   632   0.8s  no_observations            JR Dairy Farm Project
  [479/479]  4145   0.6s  no_observations            BLACK SOLDIER FLY COMMERCIAL FARMING PROJECT

Total time: 3.3 min
Saved 479 results to /Users/ajay/exalted/signalos/verticals/carbon_offsets/data/methane_scan_results.json
