Targets: 304
Already done: 0
  [1/304]  5511   5.8s  RED_FLAG_NEGATIVE          Brazil Cerrado 1
  [2/304]  5172   3.6s  RED_FLAG_NEGATIVE          Project Akwaaba | Forest Ecosystem Restoration in 
  [3/304]  5085  29.3s  SEVERE_UNDERDELIVERY       Tond Tenga
  [4/304]  4892   6.6s  SEVERE_UNDERDELIVERY       Trees For Livelihoods: Agroforestry In Sonbhadra, 
  [5/304]  4888  36.6s  RED_FLAG_NEGATIVE          OYU - Reforesting Uganda for a better tomorrow
  [6/304]  4883   0.0s  implausible_area: 1 ha     Agroforestry Project of Cameroon
  [7/304]  4841  82.8s  SEVERE_UNDERDELIVERY       Ana Primavesi – Sustainable Farming and Restoratio
  [8/304]  4821   7.2s  RED_FLAG_NEGATIVE          Land Life Reforestation and Restoration of Degrade
  [9/304]  4811  11.4s  SEVERE_UNDERDELIVERY       Panna Afforestation and Reforestation Project
  [10/304]  4796   1.2s  implausible_area: 1082685  CACHOEIRA PORTEIRA CONSERVATION PROJECT
  [11/304]  4788  21.8s  RED_FLAG_NEGATIVE          Rizome Kawayan Project 1
  [12/304]  4763   9.2s  SEVERE_UNDERDELIVERY       Mixed afforestation with native and non-native spe
  [13/304]  4739  11.8s  RED_FLAG_NEGATIVE          Land Life Reforestation and Restoration of Degrade
  [14/304]  4732   6.4s  SEVERE_UNDERDELIVERY       NatureRe assisted natural regeneration project in 
  [15/304]  4708   7.7s  SEVERE_UNDERDELIVERY       Tasar Forest Carbon Project
  [16/304]  4709   7.7s  SEVERE_UNDERDELIVERY       Strengthening rural livelihood through carbon fina
  [17/304]  4627   6.2s  SEVERE_UNDERDELIVERY       Trees for Livelihood in Madhya Pradesh, India
  [18/304]  4598   1.1s  kml_parse_failed           Enhancing Livelihoods of Farmers in Gujarat throug
  [19/304]  4592   0.8s  kml_parse_failed           Symbiosis Continuous Cover Forest Project
  [20/304]  4557  16.7s  SEVERE_UNDERDELIVERY       Strengthening rural livelihood through carbon fina
  [21/304]  4513   1.1s  implausible_area: 6480923  Argentina Gran Chaco Region REDD+ Project
  [22/304]  4511   8.8s  RED_FLAG_NEGATIVE          Silvador Climate Action
  [23/304]  4475  12.2s  RED_FLAG_NEGATIVE          Kijani Forestry smallholder farmer forestry projec
  [24/304]  4463  22.4s  SEVERE_UNDERDELIVERY       Land Life Reforestation and Restoration on Degrade
  [25/304]  4456  13.0s  SEVERE_UNDERDELIVERY       CREATING LIVELIHOOD OPPORTUNITIES AND CARBON CREDI
  [26/304]  4448   1.7s  PASS                       Raízes do Bem Grouped ARR Project
  [27/304]  4429  14.6s  RED_FLAG_NEGATIVE          Management of Community Forests for the Reduction 
  [28/304]  4430   0.4s  kml_parse_failed           Reflorestamento de Impacto no Brasil Project
  [29/304]  4394   6.0s  SEVERE_UNDERDELIVERY       Jatobá REDD+ Project
  [30/304]  4268  25.9s  too_many_tiles: 21         Family Forest Carbon Project
  [31/304]  4265   0.9s  kml_parse_failed           REDD+ Café Apuí Agroflorestal
  [32/304]  4243   2.4s  RED_FLAG_NEGATIVE          Afforestation project with native and exotic speci
  [33/304]  4176   0.4s  implausible_area: 3 ha     Greenzone Reforestation Project
  [34/304]  4137   0.5s  implausible_area: 2112372  Productive Second Floor with Macaúba
  [35/304]  4143  11.0s  SEVERE_UNDERDELIVERY       Urupianga Grouped REDD Project
  [36/304]  4126   0.5s  implausible_area: 4 ha     Community Restoration of Native Ecosystems in Ghan
  [37/304]  4094   7.2s  RED_FLAG_NEGATIVE          Curuá Grouped REDD+ Project
  [38/304]  4090   1.2s  kml_parse_failed           Goldbeck Forest Carbon Project
  [39/304]  4072   0.4s  kml_parse_failed           Fazenda Boa Vista afforestation project
  [40/304]  4047   0.6s  kml_parse_failed           CLIMATE SUSTAINABILITY THROUGH HORTICULTURE PROJEC
  [41/304]  4042   1.4s  kml_parse_failed           Cauaxi REDD+ Grouped Project
  [42/304]  4031   3.4s  kml_parse_failed           Agroforestry Plantation of ITC Limited In Selected
  [43/304]  4025   7.4s  SEVERE_UNDERDELIVERY       Strengthening rural livelihoods of smallholder far
  [44/304]  4016  71.5s  RED_FLAG_NEGATIVE          Amazon Biome Conservancy Grouped REDD+ Project
  [45/304]  4004   5.0s  SEVERE_UNDERDELIVERY       The Native Ecosystem Restoration in Nicaragua Proj
  [46/304]  3996   0.5s  kml_parse_failed           Family Forest Carbon Program - Central Appalachia
  [47/304]  3970   8.9s  RED_FLAG_NEGATIVE          Carbon In Flavor and Arome Forests (C-BOSAR)
  [48/304]  3960   4.3s  SEVERE_UNDERDELIVERY       Belize Maya Forest REDD+ Project
  [49/304]  3892  12.1s  RED_FLAG_NEGATIVE          RESTORATION OF HOMESTEAD LAND OF POOR RURAL COMMUN
  [50/304]  3813   2.7s  MODERATE_UNDERDELIVERY     MOTOR VERDE FORESTRY CARBON PROJECT - GRANDAS DE S
  [51/304]  3814  110.6s  hansen_read_failed(40N_09  Chestnut Carbon Conservation Project
  [52/304]  3812   7.8s  SEVERE_UNDERDELIVERY       Painted Forest Carbon Project
  [53/304]  3786   6.3s  SEVERE_UNDERDELIVERY       Silvopastoral carbon project of Uruguay
  [54/304]  3772   8.0s  RED_FLAG_NEGATIVE          RE.GREEN AMAZON FOREST REFORESTATION/RESTORATION P
  [55/304]  3743   2.1s  kml_parse_failed           RE.GREEN ATLANTIC FOREST REFORESTATION/RESTORATION
  [56/304]  3738   5.6s  MODERATE_UNDERDELIVERY     Triunfo do Xingu Grouped REDD+ Project
  [57/304]  3739   9.0s  SEVERE_UNDERDELIVERY       Selva de Urundel REDD+ Project
  [58/304]  3727  15.8s  RED_FLAG_NEGATIVE          Corridors for Life ARR Grouped Project
  [59/304]  3677  95.3s  hansen_read_failed(60N_02  Ecobase Europe Afforestation Project
  [60/304]  3661   6.6s  PASS                       Strengthening Rural Livelihood Through Carbon Fina
  [61/304]  3663   0.9s  kml_parse_failed           Strengthening rural livelihood through carbon fina
  [62/304]  3660   2.9s  SEVERE_UNDERDELIVERY       Papariko - Restoration of Degraded Mangrove Areas 
  [63/304]  3632   0.4s  kml_parse_failed           Eastern Cape Bamboo Forestry Project, South Africa
  [64/304]  3630   3.3s  SEVERE_UNDERDELIVERY       Selva Paranaense Vida Nativa - GS1
  [65/304]  3627   0.4s  kml_parse_failed           Eastern Cape Restoration Project, South Africa - M
  [66/304]  3628   0.7s  kml_parse_failed           Eastern Cape Restoration Project, South Africa - S
  [67/304]  3623   3.2s  RED_FLAG_NEGATIVE          Bugnavilla Afforestation Through High-Quality Timb
  [68/304]  3601   7.5s  SEVERE_UNDERDELIVERY       CAAPII REDD+ PROJECT
  [69/304]  3602   8.4s  RED_FLAG_NEGATIVE          Udzungwa Corridor Reforestation
  [70/304]  3549  90.7s  hansen_read_failed(30N_08  Community Based Forest Plantation in India
  [71/304]  3553  21.2s  SEVERE_UNDERDELIVERY       COMMUNITY PARTICIPATIVE FORESTRY/AGROFORESTRY DEVE
  [72/304]  3555  156.3s  hansen_read_failed(30N_09  Agroforestry Plantations in the Country by Greenpl
  [73/304]  3560   0.8s  kml_parse_failed           Improving livelihoods through Agroforestry Plantat
  [74/304]  3562  10.4s  SEVERE_UNDERDELIVERY       Agroforestry plantations in India
  [75/304]  3566   0.4s  kml_parse_failed           Livelihood improvement by agroforestry plantation 
  [76/304]  3570   3.4s  RED_FLAG_NEGATIVE          Bamboo plantations by farmers and community in the
  [77/304]  3572  167.3s  hansen_read_failed(30N_09  GROUPED AGROFORESTRY PROJECT IN VARIOUS STATES OF 
  [78/304]  3574  122.2s  hansen_read_failed(30N_09  Grouped plantation activity in various states of I
  [79/304]  3590  40.6s  RED_FLAG_NEGATIVE          Jutaituba REDD+ Project
  [80/304]  3478  81.8s  SEVERE_UNDERDELIVERY       CORE CARBON VANAM IN TELANGANA STATE
  [81/304]  3450   3.2s  RED_FLAG_NEGATIVE          Sustainable Agroforestry Cacao Meta, Colombia
  [82/304]  3425   5.4s  SEVERE_UNDERDELIVERY       Kwamisa/Other reserves community Forest Project
  [83/304]  3430   8.7s  RED_FLAG_NEGATIVE          Juruá REDD+ Project
  [84/304]  3419   8.4s  RED_FLAG_NEGATIVE          Reforestation of degraded land in Spain
  [85/304]  3363   1.0s  kml_parse_failed           Westphalen Forest Carbon Project
  [86/304]  3360   0.8s  kml_parse_failed           Developing climate resilience of the coastal commu
  [87/304]  3361   2.5s  SEVERE_UNDERDELIVERY       Participatory Mangrove Afforestation & Restoration
  [88/304]  3357  21.6s  SEVERE_UNDERDELIVERY       Climate Resilient & Community Driven Mangrove Affo
  [89/304]  3350   3.0s  kml_parse_failed           THE ARR HORIZONTE CARBON PROJECT
  [90/304]  3342  40.5s  RED_FLAG_NEGATIVE          XiCO2e: Mexican Reforestation Project
  [91/304]  3321   0.4s  implausible_area: 4 ha     Mount Kenya Regenerative Agroforestry Project
  [92/304]  3280   9.5s  SEVERE_UNDERDELIVERY       Carpathia Forest Carbon Project
  [93/304]  3223   0.6s  kml_parse_failed           CONSERVATION AND RESTORATION OF THE MANGROVE ECOSY
  [94/304]  3211   0.4s  implausible_area: 6 ha     BISIGNANO AND MESORACA PROJECT OF AFFORESTATION OF
  [95/304]  3208   0.8s  kml_parse_failed           Wheatbelt Biodiversity Carbon Credit Project
  [96/304]  3166   5.0s  SEVERE_UNDERDELIVERY       ReforesTerra Grouped Project
  [97/304]  3155   6.0s  RED_FLAG_NEGATIVE          NIGER DELTA MANGROVE PROJECT
  [98/304]  3049   2.3s  SEVERE_UNDERDELIVERY       Rio Preto Grouped REDD+ Project
  [99/304]  3019   5.3s  RED_FLAG_NEGATIVE          REGENERATING DEGRADED LANDS IN FLORIDA THROUGH PON
  [100/304]  3002   4.6s  RED_FLAG_NEGATIVE          Hiwi REDD+ Project
  [101/304]  2992   3.2s  SEVERE_UNDERDELIVERY       HG Afforestation Through High Quality Timber Over 
  [102/304]  2980  15.0s  RED_FLAG_NEGATIVE          Feijó REDD+ Project
  [103/304]  2971   4.4s  RED_FLAG_NEGATIVE          OKA 2 PROJECT
  [104/304]  2958   1.0s  kml_parse_failed           Lanao del Sur Bamboo Reforestation Project
  [105/304]  2928   3.1s  RED_FLAG_NEGATIVE          North Bandai Bamboo Reforestation Project, Ghana
  [106/304]  2929   0.8s  kml_parse_failed           Bandai Hills Bamboo Reforestation Project, Ghana
  [107/304]  2897   6.3s  SEVERE_UNDERDELIVERY       Forest Conservation in Boumba-et-Ngoko
  [108/304]  2878  15.2s  PASS                       Rio Madeira Grouped REDD+ Project
  [109/304]  2833  66.1s  SEVERE_UNDERDELIVERY       Grouped Reforestation Project by Cropzone Agro For
  [110/304]  2834  26.1s  SEVERE_UNDERDELIVERY       Mangrove Restoration Project with Sine Saloum and 
  [111/304]  2792   8.0s  SEVERE_UNDERDELIVERY       Restoration of Degraded Mangroves and Sustainable 
  [112/304]  2750   0.9s  kml_parse_failed           Saving Colombia's Cloud Forest
  [113/304]  2744   1.9s  SEVERE_UNDERDELIVERY       The Paraguayan Chaco Neem Reforestation Project
  [114/304]  2723   4.8s  RED_FLAG_NEGATIVE          CONDOTO REDD+
  [115/304]  2709   7.7s  SEVERE_UNDERDELIVERY       Juruena River REDD+ Project
  [116/304]  2647   6.4s  RED_FLAG_NEGATIVE          Reforestation grouped project Norteak Nicaragua
  [117/304]  2623  20.9s  too_many_tiles: 77         Komaza Smallholder Farmer Forestry Kenya
  [118/304]  2619   0.5s  kml_parse_failed           Tombwe Smallholder Reforestation Project
  [119/304]  2610  26.4s  SEVERE_UNDERDELIVERY       Unitán afforestation and reforestation of grazing 
  [120/304]  2611   0.4s  kml_parse_failed           CORAZÓN VERDE DEL CHACO PROJECT
  [121/304]  2609   7.6s  MODERATE_UNDERDELIVERY     KUAMUT RAINFOREST CONSERVATION PROJECT
  [122/304]  2576   2.2s  kml_parse_failed           Montes del Este afforestation through high quality
  [123/304]  2566  15.3s  RED_FLAG_NEGATIVE          The Serra do Amolar REDD+ Project
  [124/304]  2558  28.3s  RED_FLAG_NEGATIVE          ABC Norte REDD Project
  [125/304]  2556   6.3s  RED_FLAG_NEGATIVE          Southern Paraguay Sustainable Afforestation Projec
  [126/304]  2551  110.9s  hansen_read_failed(00N_06  BRAZILIAN AMAZON APD GROUPED PROJECT
  [127/304]  2547   0.7s  implausible_area: 3 ha     ACAP Albania Vjosë-Nartë A/R project
  [128/304]  2538  14.9s  RED_FLAG_NEGATIVE          Pendjari and W-Benin National Parks REDD+ Project
  [129/304]  2532   7.2s  RED_FLAG_NEGATIVE          Cumare carbon project
  [130/304]  2512   6.1s  RED_FLAG_NEGATIVE          AFFORESTATION OF DEGRADED GRASSLANDS IN VICHADA, C
  [131/304]  2510   0.7s  implausible_area: 1043688  CHINKO CONSERVATION AREA REDD+ PROJECT, CENTRAL AF
  [132/304]  2502  12.1s  RED_FLAG_NEGATIVE          TAHUAMANU AMAZON REDD PROJECT
  [133/304]  2498   9.2s  RED_FLAG_NEGATIVE          Afforestation of degraded grasslands in Caazapa an
  [134/304]  2496   1.5s  PASS                       IMPACT REFORESTATION IN THE CHACO PROJECT
  [135/304]  2497  92.8s  hansen_read_failed(00N_03  TIST Program in Uganda, VCS-CCB 011
  [136/304]  2483   4.7s  RED_FLAG_NEGATIVE          Tavolo Community Forest Conservation Project
  [137/304]  2479  15.8s  SEVERE_UNDERDELIVERY       Mahogany Plantation in India
  [138/304]  2481   7.4s  SEVERE_UNDERDELIVERY       Generation Forest Group Project
  [139/304]  2471  11.8s  RED_FLAG_NEGATIVE          Agroforestry and reforestation with small-scale fa
  [140/304]  2469  25.2s  PASS                       Afforestation and restoration of degraded forests 
  [141/304]  2451   8.0s  RED_FLAG_NEGATIVE          Shanxi Loufan Afforestation Project
  [142/304]  2412  13.0s  RED_FLAG_NEGATIVE          Mindanao Tree Planting Program for our Climate and
  [143/304]  2411   6.0s  RED_FLAG_NEGATIVE          Bosques del Uruguay II (BDU II) Afforestation thro
  [144/304]  2410  10.7s  RED_FLAG_NEGATIVE          REFORESTATION OF DEGRADED FOREST RESERVE AREAS IN 
  [145/304]  2403   7.2s  SEVERE_UNDERDELIVERY       Riau Ecosystem Restoration Carbon Project
  [146/304]  2404   1.9s  kml_parse_failed           Reforestation of degraded land by MTPL in India
  [147/304]  2401   6.2s  RED_FLAG_NEGATIVE          Reforestation of Degraded Lands in Sierra Leone
  [148/304]  2391  29.1s  RED_FLAG_NEGATIVE          Gansu Tianshui Afforestation Project
  [149/304]  2386   0.6s  kml_parse_failed           Rotunda Forest Carbon Project
  [150/304]  2382  13.4s  SEVERE_UNDERDELIVERY       Niger Acacia Senegal Plantation Project
  [151/304]  2373   0.7s  kml_parse_failed           Yellow Ipê Grouped REDD Project
  [152/304]  2369   4.4s  SEVERE_UNDERDELIVERY       Forestal Apepu Carbon Project
  [153/304]  2367  13.5s  RED_FLAG_NEGATIVE          Afforestation in Eucalyptus and Acacia plantations
  [154/304]  2365  18.0s  RED_FLAG_NEGATIVE          Integrated Project for Reforestation and Agrofores
  [155/304]  2361   0.7s  kml_parse_failed           Afforestation in cooperation with local landowners
  [156/304]  2345   0.6s  kml_parse_failed           Green Gold Loreto 1
  [157/304]  2338   2.5s  kml_parse_failed           TIST Program in Kenya, VCS-CCB 010
  [158/304]  2322   0.7s  kml_parse_failed           Monet Forest Conservation Project
  [159/304]  2319   0.9s  kml_parse_failed           Agroforestry plantation Bateke Plateau, Republic o
  [160/304]  2317   8.2s  SEVERE_UNDERDELIVERY       REDD+ Project Magnolios de Yarumal
  [161/304]  2297  24.5s  SEVERE_UNDERDELIVERY       REDD+ Project Pueblos indígenas resguardando la se
  [162/304]  2293   3.2s  RED_FLAG_NEGATIVE          NIHT Topaiyo REDD +
  [163/304]  2290   4.4s  RED_FLAG_NEGATIVE          BLUE CARBON PROJECT GULF OF MORROSQUILLO “VIDA MAN
  [164/304]  2278   8.8s  RED_FLAG_NEGATIVE          The Jaguar Amazon REDD+ Project
  [165/304]   672   0.6s  kml_parse_failed           INFAPRO Rehabilitation of logged-over dipterocarp 
  [166/304]   687   3.3s  RED_FLAG_NEGATIVE          Reforestation of pastures in Sociedad Agrícola de 
  [167/304]  1339   0.4s  implausible_area: 4 ha     Renencom Afforestation/Reforestation Grouped Proje
  [168/304]  2088   1.0s  kml_parse_failed           Mangrove Restoration and Sustainable Development i
  [169/304]  2084  20.8s  kml_parse_failed           CONSERVATION PROJECT REDD+ SUR DEL META BOSQUES DE
  [170/304]  2250   2.2s  kml_parse_failed           Delta Blue Carbon – 1
  [171/304]  1953  11.7s  RED_FLAG_NEGATIVE          Floresta Verde REDD+ Project
  [172/304]  1916   9.3s  SEVERE_UNDERDELIVERY       Quebec Forestry Sector Carbon Sequestration Groupe
  [173/304]  1911   8.0s  RED_FLAG_NEGATIVE          King County Rural Forest Carbon Project
  [174/304]  1900   1.0s  kml_parse_failed           Makame Savannah REDD
  [175/304]  1899   5.6s  RED_FLAG_NEGATIVE          Sumatra Merang Peatland Project (SMPP)
  [176/304]  1897  12.3s  RED_FLAG_NEGATIVE          Ntakata Mountains REDD
  [177/304]  1882   7.8s  SEVERE_UNDERDELIVERY       REDD+ PROJECT IN THE ALTO HUAYABAMBA CONSERVATION 
  [178/304]  1881  39.3s  RED_FLAG_NEGATIVE          Conservation of Panama Forests - Reduction of GHG 
  [179/304]  1052   5.5s  RED_FLAG_NEGATIVE          North Pikounda REDD+
  [180/304]   920   5.0s  RED_FLAG_NEGATIVE          EDS GREEN CARBON PROJECT
  [181/304]  1826   1.5s  kml_parse_failed           Qinghai Afforestation Project
  [182/304]   829   0.4s  kml_parse_failed           Jatropha Curcas grouped project in Mali
  [183/304]   922  10.1s  SEVERE_UNDERDELIVERY       Plantation Project on wastelands by Sun Plant Agro
  [184/304]  1327   5.2s  SEVERE_UNDERDELIVERY       Reforestation of deforested land in Madagascar
  [185/304]  1811   0.6s  kml_parse_failed           Jari/Pará REDD+ Project
  [186/304]  1806   5.5s  SEVERE_UNDERDELIVERY       Riscales REDD+ Project
  [187/304]   799   4.4s  RED_FLAG_NEGATIVE          Bukaleba Forest Project
  [188/304]  1775  100.2s  hansen_read_failed(10S_03  Luangwa Community Forests Project
  [189/304]  1769  23.7s  RED_FLAG_NEGATIVE          Grouped Project for restoration of degraded lands 
  [190/304]  1748   3.0s  kml_parse_failed           Southern Cardamom REDD+ Project
  [191/304]  1740  22.1s  RED_FLAG_NEGATIVE          Reforestation with Teak  CO2e TEAKMEX
  [192/304]  1398  10.0s  RED_FLAG_NEGATIVE          Reducing Emissions from Deforestation and Carbon E
  [193/304]  1704   1.6s  SEVERE_UNDERDELIVERY       Agricultural Land Management  project in Beed Dist
  [194/304]  1695   8.7s  RED_FLAG_NEGATIVE          PAYMENT FOR ENVIRONMENTAL SERVICES SCHEME FOR FORE
  [195/304]  1764   1.1s  kml_parse_failed           Reforestation and Restoration of degraded mangrove
  [196/304]  1689   0.5s  kml_parse_failed           Tumring REDD+ Project
  [197/304]  1686   5.1s  RED_FLAG_NEGATIVE          Agrocortex REDD Project
  [198/304]   641   0.6s  kml_parse_failed           Redd Forests Grouped Project: Protection of Tasman
  [199/304]  1684   2.3s  SEVERE_UNDERDELIVERY       Mitigation of GHG: Rubber based agro-forestry syst
  [200/304]   987   0.6s  kml_parse_failed           Reforestation of Degraded Forest Reserves in Ghana
  [201/304]   965   0.8s  kml_parse_failed           ITAA afforestation on degraded grasslands under ex
  [202/304]   960   7.1s  kml_parse_failed           Lumin/Eucapine Uruguay Forest Plantations on degra
  [203/304]   961   7.9s  RED_FLAG_NEGATIVE          ‘El Arriero ’ Afforestation on degraded grasslands
  [204/304]   898   0.4s  kml_parse_failed           Fuelling a greener future for farmers in Malawi th
  [205/304]  1674  13.8s  RED_FLAG_NEGATIVE          Gilé National Reserve REDD Project
  [206/304]  1153   0.5s  kml_parse_failed           Shade Coffee & Cacao Reforestation Project
  [207/304]  1311  16.2s  RED_FLAG_NEGATIVE          Carbon Emissions Reduction Project in the Corridor
  [208/304]  1650   7.1s  RED_FLAG_NEGATIVE          Reduced Emissions from Deforestation and Degradati
  [209/304]  1015   0.5s  kml_parse_failed           Community-based reforestation project on degraded 
  [210/304]   993   1.7s  kml_parse_failed           TIST Program in Uganda, VCS 005
  [211/304]   994  11.7s  RED_FLAG_NEGATIVE          TIST Program in India, VCS-001
  [212/304]   995   0.8s  kml_parse_failed           TIST Program in Uganda, VCS 006
  [213/304]   824   9.8s  kml_parse_failed           TIST Program in Uganda, VCS 001
  [214/304]   825   2.2s  kml_parse_failed           TIST Program in Uganda, VCS 002
  [215/304]   826   2.3s  kml_parse_failed           TIST Program in Uganda, VCS 004
  [216/304]   827   3.6s  kml_parse_failed           TIST Program in Uganda, VCS 003
  [217/304]   899   0.5s  kml_parse_failed           TIST Program in Kenya, VCS 006
  [218/304]  1147   0.7s  kml_parse_failed           Amazon Rio IFM
  [219/304]  1622  11.6s  RED_FLAG_NEGATIVE          REDD+ Project for Caribbean Guatemala: The Conserv
  [220/304]   689   2.4s  SEVERE_UNDERDELIVERY       Reforestation of degraded land in Chhattisgarh, In
  [221/304]   737   3.4s  kml_parse_failed           TIST Program in Kenya, VCS 005
  [222/304]   658   0.4s  kml_parse_failed           Reforestation of pastures in Campo Verde with nati
  [223/304]  1113   0.6s  kml_parse_failed           The Valparaiso Project
  [224/304]  1118   4.8s  RED_FLAG_NEGATIVE          Suruí Forest Carbon Project
  [225/304]   738   0.7s  kml_parse_failed           Carbon Project in the Emas-Taquari Biodiversity Co
  [226/304]   796   2.8s  kml_parse_failed           Alto Huayabamba: Carbon Dioxide sequestration thro
  [227/304]   856   5.3s  SEVERE_UNDERDELIVERY       The Chocó-Darién Conservation Corridor REDD Projec
  [228/304]   812   3.8s  SEVERE_UNDERDELIVERY       Bull Run Overseas Forest Carbon Project
  [229/304]   904   6.9s  RED_FLAG_NEGATIVE          Reduced Emissions from Deforestation and Degradati
  [230/304]   665   2.8s  SEVERE_UNDERDELIVERY       Multi-Species Reforestation in Mato Grosso, Brazil
  [231/304]   607   0.6s  kml_parse_failed           Darkwoods Forest Carbon Project
  [232/304]  1343   4.9s  SEVERE_UNDERDELIVERY       Kuzuko Lodge Private Game Reserve thicket restorat
  [233/304]  1112   0.8s  kml_parse_failed           The Russas Project
  [234/304]   514   1.0s  kml_parse_failed           Promoting Sustainable Development through Natural 
  [235/304]   962   8.0s  RED_FLAG_NEGATIVE          Forteko afforestation on degraded grasslands under
  [236/304]   562   4.4s  SEVERE_UNDERDELIVERY       The Kasigau Corridor REDD Project – Phase I Ruking
  [237/304]  1395   6.8s  SEVERE_UNDERDELIVERY       Bajo Calima y Bahía Málaga (BCBM) REDD+ Project
  [238/304]   958   6.8s  SEVERE_UNDERDELIVERY       BIOCORREDOR MARTIN SAGRADO REDD+ PROJECT
  [239/304]   852   0.5s  kml_parse_failed           Rio Bravo Climate Action Project
  [240/304]  1571   3.6s  RED_FLAG_NEGATIVE          Manoa REDD+ Project
  [241/304]  1218   0.8s  kml_parse_failed           Evio Kuiñaji Ese´Eja Cuana, To Mitigate Climate Ch
  [242/304]  1328  12.1s  RED_FLAG_NEGATIVE          Araku Valley Livelihood Project
  [243/304]  1122   8.6s  RED_FLAG_NEGATIVE          April Salumei Rainforest Community Conservation Pr
  [244/304]   576   4.3s  RED_FLAG_NEGATIVE          Restoration of degraded areas and reforestation in
  [245/304]  1566   2.8s  RED_FLAG_NEGATIVE          REDD+ Project Resguardo Indigena Unificado Selva d
  [246/304]  1055  22.4s  RED_FLAG_NEGATIVE          Reforesting Degraded Lands in Chile through the us
  [247/304]   934   9.8s  RED_FLAG_NEGATIVE          The Mai Ndombe REDD+ Project
  [248/304]  1390   5.9s  RED_FLAG_NEGATIVE          Carmen del Darién (CDD) REDD+ Project
  [249/304]   142   6.2s  RED_FLAG_NEGATIVE          Reforestation of degraded grasslands in Uchindile 
  [250/304]   875  21.8s  PASS                       FLORESTAL SANTA MARIA PROJECT
  [251/304]  1396   9.4s  RED_FLAG_NEGATIVE          Rio Pepe y ACABA REDD+ Project
  [252/304]  1408   9.0s  RED_FLAG_NEGATIVE          Chyulu Hills REDD+ Project
  [253/304]  1389  17.7s  RED_FLAG_NEGATIVE          Acapa -­ Bajo Mira Y Frontera REDD+ Project
  [254/304]  1400   7.4s  RED_FLAG_NEGATIVE          Concosta REDD+ Project
  [255/304]  1391   5.6s  RED_FLAG_NEGATIVE          SIVIRÚ-USARAGÁ-PIZARRO-PILIZÁ (SUPP) REDD+ Project
  [256/304]  1392   6.0s  RED_FLAG_NEGATIVE          Cajambre REDD+ Project
  [257/304]  1399   5.5s  SEVERE_UNDERDELIVERY       Mutatá REDD+ Project
  [258/304]  1558  12.3s  RED_FLAG_NEGATIVE          Agroforestry and forest restoration for ecological
  [259/304]   868   1.1s  kml_parse_failed           REDD project in Brazil nut concessions in Madre de
  [260/304]   844   0.6s  kml_parse_failed           Madre de Dios Amazon REDD+ Project
  [261/304]  1340  27.0s  RED_FLAG_NEGATIVE          Bale Mountains Eco-region REDD+ project
  [262/304]  1133   2.9s  RED_FLAG_NEGATIVE          Yacumama Forest Carbon Project
  [263/304]  1543   7.9s  RED_FLAG_NEGATIVE          Bosques del Uruguay Afforestation through High Qua
  [264/304]  1541  38.9s  PASS                       Lacandon – Forest for life REDD+ Project
  [265/304]  1538   0.9s  kml_parse_failed           ECO2 Rubber Forests Guatemala
  [266/304]  1326   1.4s  SEVERE_UNDERDELIVERY       Laguna Seca Forest Carbon Project
  [267/304]  1532  54.6s  RED_FLAG_NEGATIVE          COMACO Landscape Management Project
  [268/304]  1530   7.9s  RED_FLAG_NEGATIVE          Grouped Project for Commercial Forest Plantations 
  [269/304]  1141  112.8s  hansen_read_failed(20N_10  Fresh Breeze Afforestation Project
  [270/304]  1115  31.3s  PASS                       JARI/AMAPÁ REDD+ PROJECT
  [271/304]   996   2.7s  kml_parse_failed           TIST Program in Kenya, VCS 009
  [272/304]   594   1.0s  kml_parse_failed           TIST Program in Kenya, VCS 001
  [273/304]   595   1.7s  kml_parse_failed           TIST Program in Kenya, VCS 002
  [274/304]   596   1.7s  kml_parse_failed           TIST Program in Kenya, VCS 003
  [275/304]   597   5.1s  kml_parse_failed           TIST Program in Kenya, VCS 004
  [276/304]  1325  15.7s  RED_FLAG_NEGATIVE          Village Climate Solutions
  [277/304]   673   0.8s  kml_parse_failed           Natural High Forest Rehabilitation Project on degr
  [278/304]   612   5.7s  SEVERE_UNDERDELIVERY       The Kasigau Corridor REDD Project - Phase II The C
  [279/304]  1403   0.8s  kml_parse_failed           The Paraguay Forest Conservation Project – Reducti
  [280/304]  1503   0.7s  kml_parse_failed           RESEX Rio Preto-Jacundá REDD+ Project
  [281/304]   963   3.2s  RED_FLAG_NEGATIVE          The Purus Project
  [282/304]   832   0.8s  kml_parse_failed           Cikel Brazilian Amazon REDD APD Project   Avoiding
  [283/304]  1201   0.6s  kml_parse_failed           Gola REDD project
  [284/304]   818   0.4s  kml_parse_failed           Protection of the Bolivian Amazon Forest
  [285/304]   953   0.4s  kml_parse_failed           The Paraguay Forest Conservation Project - Reducti
  [286/304]  1496  22.8s  RED_FLAG_NEGATIVE          Jubilación Segura : Agroforestry And Reforestation
  [287/304]  1493  16.5s  RED_FLAG_NEGATIVE          Mangrove restoration and coastal greenbelt protect
  [288/304]  1318   6.2s  implausible_area: 1060657  Livelihoods' mangrove restoration grouped project 
  [289/304]   674   0.4s  kml_parse_failed           Rimba Raya Biodiversity Reserve Project
  [290/304]  1477  18.5s  RED_FLAG_NEGATIVE          Katingan Peatland Restoration and Conservation Pro
  [291/304]  1463   4.9s  kml_parse_failed           India Sundarbans Mangrove Restoration
  [292/304]  1361   6.0s  SEVERE_UNDERDELIVERY       Reforestation Project in Qinghai Province 2012
  [293/304]   985   1.2s  kml_parse_failed           Cordillera Azul National Park REDD Project
  [294/304]  1367   0.6s  kml_parse_failed           EFM Improved Forest Management Group Project
  [295/304]  1378   4.3s  SEVERE_UNDERDELIVERY       Forestry Project for the Basin of the Chinchina Ri
  [296/304]   944   0.6s  kml_parse_failed           Alto Mayo Conservation Initiative
  [297/304]   959   0.9s  kml_parse_failed           ‘Guanaré’ Forest Plantations on degraded grassland
  [298/304]  1202   4.4s  RED_FLAG_NEGATIVE          LOWER ZAMBEZI REDD+ PROJECT
  [299/304]  1317   1.0s  kml_parse_failed           Reforestation Grouped Project at Pratigi Environme
  [300/304]   872   5.2s  RED_FLAG_NEGATIVE          Afognak Forest Carbon Project
  [301/304]  1382   3.5s  RED_FLAG_NEGATIVE          The Envira Amazonia Project - A Tropical Forest Co
  [302/304]  1351   2.3s  RED_FLAG_NEGATIVE          Planting for the Future: Financially sustainable a
  [303/304]  1067  14.9s  RED_FLAG_NEGATIVE          Reduction of deforestation and degradation in Tamb
  [304/304]   647   2.1s  SEVERE_UNDERDELIVERY       Boden Creek Ecological Preserve Forest Carbon Proj

Total time: 59.2 min
Saved 304 results to /Users/ajay/exalted/signalos/verticals/carbon_offsets/data/forest_scan_results.json
