[lca auto] have ['FY2024_Q4', 'FY2025_Q4']; fetching missing: ['FY2026_Q3', 'FY2026_Q2', 'FY2026_Q1', 'FY2025_Q3', 'FY2025_Q2']
[lca] Playwright fetch (land-first past Akamai): https://www.dol.gov/sites/dolgov/files/ETA/oflc/pdfs/LCA_Disclosure_Data_FY2026_Q3.xlsx
[lca] auto-fetch failed (context.request HTTP 403). MANUAL PATH:
      1. In a browser, download: https://www.dol.gov/sites/dolgov/files/ETA/oflc/pdfs/LCA_Disclosure_Data_FY2026_Q3.xlsx
      2. Save it to: /Users/ajay/exalted/signalos/verticals/public_co/data/_dol_data/
      3. Run: python3 -m verticals.public_co.lca_pyramid slim /Users/ajay/exalted/signalos/verticals/public_co/data/_dol_data/LCA_Disclosure_Data_FY2026_Q3.xlsx FY2026_Q3
[lca] Playwright fetch (land-first past Akamai): https://www.dol.gov/sites/dolgov/files/ETA/oflc/pdfs/LCA_Disclosure_Data_FY2026_Q2.xlsx
[lca] auto-fetch failed (context.request HTTP 403). MANUAL PATH:
      1. In a browser, download: https://www.dol.gov/sites/dolgov/files/ETA/oflc/pdfs/LCA_Disclosure_Data_FY2026_Q2.xlsx
      2. Save it to: /Users/ajay/exalted/signalos/verticals/public_co/data/_dol_data/
      3. Run: python3 -m verticals.public_co.lca_pyramid slim /Users/ajay/exalted/signalos/verticals/public_co/data/_dol_data/LCA_Disclosure_Data_FY2026_Q2.xlsx FY2026_Q2
[lca] Playwright fetch (land-first past Akamai): https://www.dol.gov/sites/dolgov/files/ETA/oflc/pdfs/LCA_Disclosure_Data_FY2026_Q1.xlsx
[lca] downloaded 76MB — slimming…
[lca] slimmed FY2026_Q1: 1,042,437 rows -> 5,781 target-employer rows -> lca_FY2026_Q1_targets.csv
[lca] FY2026_Q1 ingested. Run `trend` for the updated nowcast.
[lca] Playwright fetch (land-first past Akamai): https://www.dol.gov/sites/dolgov/files/ETA/oflc/pdfs/LCA_Disclosure_Data_FY2025_Q3.xlsx
[lca] downloaded 144MB — slimming…
[lca] slimmed FY2025_Q3: 683,534 rows -> 19,481 target-employer rows -> lca_FY2025_Q3_targets.csv
[lca] FY2025_Q3 ingested. Run `trend` for the updated nowcast.
[lca] Playwright fetch (land-first past Akamai): https://www.dol.gov/sites/dolgov/files/ETA/oflc/pdfs/LCA_Disclosure_Data_FY2025_Q2.xlsx
[lca] downloaded 107MB — slimming…
[lca] slimmed FY2025_Q2: 132,133 rows -> 8,341 target-employer rows -> lca_FY2025_Q2_targets.csv
[lca] FY2025_Q2 ingested. Run `trend` for the updated nowcast.
==========================================================================
DOL H-1B/LCA PYRAMID NOWCAST  —  headcount is the consultancy's P&L
junior% = wage-tier <$95k (comparable across quarters); L I/II/III/IV mix shown where present.
VOLUME + median WAGE are the robust deltas; small US-visa books (EPAM/G/CNXC, n<70) are NOISY.
==========================================================================

ACN  [5q: FY2024_Q4..FY2026_Q1]
   FY2024_Q4: n=  842  cert=  830  med=  $123,754  junior=  8%  (no level col)
   FY2025_Q2: n=  568  cert=  557  med=  $129,043  junior=  6%  L I/II/III/IV 0/74/239/255
   FY2025_Q3: n= 1229  cert= 1212  med=  $118,000  junior= 12%  L I/II/III/IV 5/374/502/348
   FY2025_Q4: n=  607  cert=  602  med=  $143,100  junior=  2%  L I/II/III/IV 4/75/229/299
   FY2026_Q1: n=  308  cert=  303  med=  $148,050  junior=  1%  L I/II/III/IV 2/29/116/161
   -> PYRAMID FLATTENING (vol -49%, wage +3%, junior -1pp) — pruning juniors, keeping value

CAP  [5q: FY2024_Q4..FY2026_Q1]
   FY2024_Q4: n=  789  cert=  779  med=  $128,000  junior=  6%  (no level col)
   FY2025_Q2: n=  532  cert=  522  med=  $130,000  junior=  5%  L I/II/III/IV 0/174/319/39
   FY2025_Q3: n= 1062  cert= 1051  med=  $128,000  junior=  6%  L I/II/III/IV 1/474/552/35
   FY2025_Q4: n=  650  cert=  642  med=  $131,144  junior=  4%  L I/II/III/IV 0/214/383/53
   FY2026_Q1: n=  476  cert=  469  med=  $130,707  junior=  4%  L I/II/III/IV 0/138/295/43
   -> CONTRACTION (vol -27%, wage -0%) — broad demand loss (the TRAP signal)

CNXC  [5q: FY2024_Q4..FY2026_Q1]
   FY2024_Q4: n=   61  cert=   61  med=  $112,965  junior= 11%  (no level col)
   FY2025_Q2: n=   68  cert=   68  med=  $114,461  junior= 19%  L I/II/III/IV 1/27/38/2
   FY2025_Q3: n=   90  cert=   90  med=  $105,997  junior= 21%  L I/II/III/IV 3/60/24/3
   FY2025_Q4: n=   43  cert=   43  med=  $116,376  junior= 14%  L I/II/III/IV 5/25/12/1
   FY2026_Q1: n=   45  cert=   45  med=  $118,165  junior= 11%  L I/II/III/IV 0/26/18/1
   -> STABLE (vol +5%, wage +2%)

CTSH  [5q: FY2024_Q4..FY2026_Q1]
   FY2024_Q4: n= 2767  cert= 2710  med=  $108,493  junior= 27%  (no level col)
   FY2025_Q2: n= 2089  cert= 2073  med=  $111,384  junior= 21%  L I/II/III/IV 0/452/1128/509
   FY2025_Q3: n= 4489  cert= 4477  med=  $103,875  junior= 36%  L I/II/III/IV 1/1729/2080/679
   FY2025_Q4: n= 2517  cert= 2501  med=  $114,000  junior= 22%  L I/II/III/IV 0/585/1311/621
   FY2026_Q1: n= 1396  cert= 1396  med=  $114,962  junior= 21%  L I/II/III/IV 0/294/684/418
   -> CONTRACTION (vol -45%, wage +1%) — broad demand loss (the TRAP signal)

DXC  [5q: FY2024_Q4..FY2026_Q1]
   FY2024_Q4: n=   28  cert=   28  med=  $131,676  junior=  4%  (no level col)
   FY2025_Q2: n=   23  cert=   22  med=  $140,000  junior=  0%  L I/II/III/IV 2/2/12/5
   FY2025_Q3: n=   39  cert=   39  med=  $124,921  junior= 21%  L I/II/III/IV 4/10/11/3
   FY2025_Q4: n=   34  cert=   34  med=  $136,450  junior=  3%  L I/II/III/IV 0/5/18/4
   FY2026_Q1: n=   18  cert=   17  med=  $131,250  junior=  0%  L I/II/III/IV 3/2/9/3
   -> PYRAMID FLATTENING (vol -47%, wage -4%, junior -3pp) — pruning juniors, keeping value

EPAM  [5q: FY2024_Q4..FY2026_Q1]
   FY2024_Q4: n=   47  cert=   46  med=  $120,000  junior= 11%  (no level col)
   FY2025_Q2: n=   15  cert=   15  med=  $113,000  junior= 13%  L I/II/III/IV 0/14/1/0
   FY2025_Q3: n=   53  cert=   53  med=  $110,000  junior=  8%  L I/II/III/IV 2/47/4/0
   FY2025_Q4: n=   24  cert=   24  med=  $117,500  junior=  4%  L I/II/III/IV 1/19/3/1
   FY2026_Q1: n=   11  cert=   11  med=  $132,000  junior=  0%  L I/II/III/IV 0/11/0/0
   -> PYRAMID FLATTENING (vol -54%, wage +12%, junior -4pp) — pruning juniors, keeping value

G  [5q: FY2024_Q4..FY2026_Q1]
   FY2024_Q4: n=   54  cert=   54  med=  $123,678  junior=  2%  (no level col)
   FY2025_Q2: n=   30  cert=   30  med=  $119,225  junior=  7%  L I/II/III/IV 0/24/5/1
   FY2025_Q3: n=   96  cert=   96  med=  $112,648  junior= 18%  L I/II/III/IV 0/82/10/4
   FY2025_Q4: n=   53  cert=   53  med=  $150,000  junior=  2%  L I/II/III/IV 0/27/15/11
   FY2026_Q1: n=   44  cert=   43  med=  $140,850  junior=  2%  L I/II/III/IV 0/24/13/7
   -> CONTRACTION (vol -17%, wage -6%) — broad demand loss (the TRAP signal)

HCLTECH  [5q: FY2024_Q4..FY2026_Q1]
   FY2024_Q4: n= 1031  cert= 1026  med=  $109,782  junior= 29%  (no level col)
   FY2025_Q2: n=  565  cert=  552  med=  $113,988  junior= 19%  L I/II/III/IV 14/327/138/86
   FY2025_Q3: n= 1439  cert= 1405  med=   $99,115  junior= 45%  L I/II/III/IV 131/1039/174/95
   FY2025_Q4: n=  732  cert=  725  med=  $113,692  junior= 20%  L I/II/III/IV 35/494/136/67
   FY2026_Q1: n=  299  cert=  295  med=  $121,118  junior= 11%  L I/II/III/IV 1/67/199/32
   -> PYRAMID FLATTENING (vol -59%, wage +7%, junior -9pp) — pruning juniors, keeping value

IBM  [5q: FY2024_Q4..FY2026_Q1]
   FY2024_Q4: n=  706  cert=  704  med=  $117,998  junior= 18%  (no level col)
   FY2025_Q2: n=  583  cert=  581  med=  $121,514  junior= 17%  L I/II/III/IV 0/185/266/132
   FY2025_Q3: n= 1352  cert= 1342  med=  $110,032  junior= 20%  L I/II/III/IV 0/535/656/161
   FY2025_Q4: n=  468  cert=  465  med=  $127,234  junior= 10%  L I/II/III/IV 0/133/216/119
   FY2026_Q1: n=  282  cert=  281  med=  $126,818  junior= 14%  L I/II/III/IV 0/111/92/78
   -> CONTRACTION (vol -40%, wage -0%) — broad demand loss (the TRAP signal)

INFY  [5q: FY2024_Q4..FY2026_Q1]
   FY2024_Q4: n= 1090  cert= 1076  med=  $107,141  junior= 27%  (no level col)
   FY2025_Q2: n=  787  cert=  779  med=  $103,875  junior= 36%  L I/II/III/IV 16/309/243/219
   FY2025_Q3: n= 2614  cert= 2590  med=   $85,696  junior= 65%  L I/II/III/IV 29/1994/470/121
   FY2025_Q4: n= 1954  cert= 1948  med=   $92,581  junior= 63%  L I/II/III/IV 18/1439/409/88
   FY2026_Q1: n=  783  cert=  777  med=   $94,952  junior= 54%  L I/II/III/IV 3/520/224/36
   -> PYRAMID FLATTENING (vol -60%, wage +3%, junior -9pp) — pruning juniors, keeping value

LTIM  [5q: FY2024_Q4..FY2026_Q1]
   FY2024_Q4: n=  550  cert=  550  med=  $105,997  junior= 28%  (no level col)
   FY2025_Q2: n=  640  cert=  638  med=  $108,098  junior= 30%  L I/II/III/IV 0/585/54/1
   FY2025_Q3: n=  950  cert=  950  med=  $108,098  junior= 27%  L I/II/III/IV 62/843/43/2
   FY2025_Q4: n=  522  cert=  519  med=   $99,195  junior= 45%  L I/II/III/IV 1/467/51/3
   FY2026_Q1: n=  283  cert=  280  med=  $100,797  junior= 38%  L I/II/III/IV 0/256/25/2
   -> PYRAMID FLATTENING (vol -46%, wage +2%, junior -7pp) — pruning juniors, keeping value

MPHASIS  [5q: FY2024_Q4..FY2026_Q1]
   FY2024_Q4: n=  379  cert=  379  med=  $117,000  junior= 22%  (no level col)
   FY2025_Q2: n=  385  cert=  385  med=  $120,000  junior= 13%  L I/II/III/IV 38/328/17/2
   FY2025_Q3: n=  598  cert=  597  med=  $113,350  junior= 24%  L I/II/III/IV 143/433/19/3
   FY2025_Q4: n=  410  cert=  410  med=  $120,000  junior= 20%  L I/II/III/IV 43/342/24/1
   FY2026_Q1: n=  361  cert=  360  med=  $121,140  junior= 15%  L I/II/III/IV 28/327/5/1
   -> PYRAMID FLATTENING (vol -12%, wage +1%, junior -5pp) — pruning juniors, keeping value

TCS  [5q: FY2024_Q4..FY2026_Q1]
   FY2024_Q4: n= 1579  cert= 1564  med=   $87,838  junior= 71%  (no level col)
   FY2025_Q2: n= 1346  cert= 1339  med=   $86,986  junior= 71%  L I/II/III/IV 0/1150/173/23
   FY2025_Q3: n= 3962  cert= 3934  med=   $84,396  junior= 77%  L I/II/III/IV 0/3682/268/12
   FY2025_Q4: n= 1319  cert= 1313  med=   $89,149  junior= 72%  L I/II/III/IV 0/1151/160/8
   FY2026_Q1: n=  786  cert=  781  med=   $91,302  junior= 72%  L I/II/III/IV 0/684/93/9
   -> PYRAMID FLATTENING (vol -40%, wage +2%, junior -0pp) — pruning juniors, keeping value

TECHM  [5q: FY2024_Q4..FY2026_Q1]
   FY2024_Q4: n=  287  cert=  280  med=  $105,997  junior= 28%  (no level col)
   FY2025_Q2: n=  235  cert=  225  med=  $110,000  junior= 26%  L I/II/III/IV 0/235/0/0
   FY2025_Q3: n=  616  cert=  598  med=  $103,550  junior= 38%  L I/II/III/IV 0/616/0/0
   FY2025_Q4: n=  258  cert=  252  med=  $110,000  junior= 22%  L I/II/III/IV 0/258/0/0
   FY2026_Q1: n=  118  cert=  116  med=  $114,274  junior= 19%  L I/II/III/IV 0/118/0/0
   -> PYRAMID FLATTENING (vol -54%, wage +4%, junior -2pp) — pruning juniors, keeping value

WIT  [5q: FY2024_Q4..FY2026_Q1]
   FY2024_Q4: n=  660  cert=  646  med=   $86,402  junior= 66%  (no level col)
   FY2025_Q2: n=  475  cert=  456  med=   $89,814  junior= 62%  L I/II/III/IV 0/398/76/1
   FY2025_Q3: n=  892  cert=  885  med=   $88,764  junior= 66%  L I/II/III/IV 0/802/88/2
   FY2025_Q4: n=  545  cert=  539  med=   $92,581  junior= 58%  L I/II/III/IV 1/469/74/1
   FY2026_Q1: n=  571  cert=  563  med=  $100,485  junior= 42%  L I/II/III/IV 1/482/85/3
   -> STABLE (vol +5%, wage +9%)

[lca] -> lca_pyramid_state.json
