   [UNIF] +0 → universe 0
   [UNIFIED] +0 → universe 0
   [ELEM] +108 → universe 108
   [ELEMENTARY] +0 → universe 108
   [HIGH SCH] +113 → universe 221
   [SCH DIST] +109 → universe 330
   [SCHOOL] +9 → universe 339
   [UNION] +35 → universe 374
   [CMNTY COLL] +125 → universe 499
   [COMMUNITY COLL] +0 → universe 499
   [COLLEGE] +0 → universe 499
   [REGENTS] +0 → universe 499
   [UNIV OF CALIF] +0 → universe 499
   [STATE UNIV] +1 → universe 500
   [WATER] +109 → universe 609
   [WTR] +113 → universe 722
   [SEWER] +4 → universe 726
   [SANITAT] +0 → universe 726
   [IRRIGATION] +0 → universe 726
   [UTILITY] +0 → universe 726
   [UTIL] +130 → universe 856
   [MUNICIPAL UTIL] +0 → universe 856
   [PUBLIC UTIL] +0 → universe 856
   [RECLAMATION] +0 → universe 856
   [POWER] +0 → universe 856
   [ELECTRIC] +2 → universe 858
[refresh] 858 unique insulated-candidate CUSIPs; pricing...
   priced 40/858
   priced 80/858
   priced 120/858
   priced 160/858
   priced 200/858
   priced 240/858
   priced 280/858
   priced 320/858
   priced 360/858
   priced 400/858
   priced 440/858
   priced 480/858
   priced 520/858
   priced 560/858
   priced 600/858
   priced 640/858
   priced 680/858
   priced 720/858
   priced 760/858
   priced 800/858
   priced 840/858
   priced 858/858
[refresh] wrote bonds_priced_refreshed.json: 858 bonds (848 priced)
