[scan] OpenFIGI resolving 67 new issuers...
[scan] universe new&feasible=3206 → insulated pre-filter=1113
[scan] tested 25, qualified 12...
[scan] tested 50, qualified 23...
[scan] tested 75, qualified 32...
[scan] tested 100, qualified 43...
# New Bond Candidates — 2026-06-17

_Scanner pass: 3206 new&feasible names → 130 EMMA-tested → **60 qualified** (insulated pledge + not taxable + liquidity floor passed). Ranked by de-minimis-aware after-tax TEY. ‡ = de-minimis. Limits are resting-bid levels (last customer-buy + tolerance). Credit/zone/fire DD pending before promotion._

## Promote-ready (59) — peer-range yield, DD then add

| CUSIP | Security | Cpn/Mat | After-tax TEY | Px | **Limit** | n365 | 2sd | Fit |
|---|---|---|---|---|---|---|---|---|
| 148371BY2 | CA school/CC district GO | 4.0s 2042-08 | 8.63% | 98.453 | **96.83** | 22 | 5 | fills 2042 rung; new issuer |
| 058219UM6 | CA school/CC district GO‡ | 3.0s 2046-08 | 8.60% | 76.654 | **78.94** | 43 | 6 | fills 2046 rung; new issuer |
| 519547EE9 | CA school/CC district GO | 4.0s 2046-08 | 8.54% | 96.631 | **96.88** | 47 | 7 | fills 2046 rung; new issuer |
| 714369DP7 | CA school/CC district GO | 4.0s 2046-08 | 8.50% | 96.893 | **97.14** | 52 | 7 | fills 2046 rung; new issuer |
| 032555NK6 | CA school/CC district GO‡ | 3.0s 2046-08 | 8.47% | 78.837 | **79.24** | 327 | 35 | fills 2046 rung; new issuer |
| 69674TCB0 | essential-service water/wastewater revenue | 4.0s 2046-10 | 8.46% | 97.069 | **97.42** | 38 | 10 | fills 2046 rung; new issuer |
| 21931DAX9 | essential-service water/wastewater revenue | 4.0s 2042-09 | 8.34% | 98.221 | **98.47** | 21 | 3 | fills 2042 rung; new issuer |
| 63877NLV7 | CA school/CC district GO‡ | 3.0s 2045-08 | 8.57% | 77.405 | **79.56** | 42 | 1 | new issuer |
| 906573HM5 | CA school/CC district GO | 4.0s 2046-09 | 8.23% | 98.592 | **98.94** | 89 | 6 | fills 2046 rung; new issuer |
| 900211CN1 | CA school/CC district GO‡ | 3.0s 2042-08 | 8.29% | 81.86 | **82.31** | 21 | 1 | fills 2042 rung |
| 785870B70 | CA school/CC district GO | 4.0s 2044-08 | 8.41% | 98.215 | **97.91** | 54 | 6 | new issuer |
| 564538GA8 | CA school/CC district GO | 4.0s 2045-08 | 8.32% | 98.148 | **98.4** | 41 | 5 | new issuer |
| 899124LL3 | essential-service water/wastewater revenue | 4.0s 2041-11 | 8.32% | 98.401 | **98.65** | 136 | 18 | new issuer |
| 417123GM2 | CA school/CC district GO‡ | 3.0s 2045-08 | 8.30% | 79.402 | **81.43** | 19 | 2 | new issuer |
| 835577LE5 | essential-service water/wastewater revenue | 4.0s 2045-07 | 8.30% | 98.292 | **98.54** | 21 | 7 | new issuer |
| 542411NC3 | CA school/CC district GO | 4.0s 2045-08 | 8.30% | 98.322 | **98.57** | 94 | 3 | new issuer |
| 601670LZ3 | CA school/CC district GO‡ | 3.0s 2042-08 | 7.99% | 83.954 | **84.55** | 36 | 9 | fills 2042 rung; new issuer |
| 861419ZJ1 | CA school/CC district GO | 4.0s 2045-08 | 8.28% | 98.109 | **98.71** | 120 | 12 | new issuer |
| 34440PBY6 | CA school/CC district GO | 4.0s 2044-10 | 8.28% | 98.462 | **98.71** | 231 | 19 | new issuer |
| 925836KH0 | CA school/CC district GO | 4.0s 2044-08 | 8.28% | 98.475 | **98.72** | 79 | 7 | new issuer |
| 612582BL9 | CA school/CC district GO | 4.0s 2045-08 | 8.23% | 98.569 | **99.0** | 65 | 13 | new issuer |
| 87970GNS2 | CA school/CC district GO | 4.0s 2045-08 | 8.22% | 98.327 | **99.06** | 203 | 32 | new issuer |
| 34440VCP1 | CA school/CC district GO | 4.0s 2043-10 | 8.20% | 98.083 | **99.25** | 122 | 6 | new issuer |
| 444258HB6 | CA school/CC district GO‡ | 3.0s 2044-08 | 8.15% | 81.912 | **82.46** | 29 | 6 | new issuer |
| 899124LN9 | essential-service water/wastewater revenue | 4.0s 2044-11 | 8.14% | 98.38 | **99.58** | 41 | 4 | new issuer |
| 3582324T0 | CA school/CC district GO | 4.0s 2043-08 | 8.12% | 98.45 | **99.78** | 75 | 8 | new issuer |
| 936818CQ4 | CA school/CC district GO‡ | 3.0s 2042-05 | 7.79% | 85.602 | **86.0** | 17 | 4 | fills 2042 rung; new issuer |
| 50964EBK3 | CA school/CC district GO | 4.0s 2044-08 | 8.08% | 98.434 | **99.96** | 46 | 4 | new issuer |
| 835577LC9 | essential-service water/wastewater revenue | 4.0s 2043-07 | 8.07% | 98.503 | **100.05** | 14 | 3 | new issuer |
| 4212906Y8 | CA school/CC district GO | 4.0s 2045-08 | 8.06% | 98.07 | **100.13** | 173 | 10 | new issuer |
| 952347L75 | CA school/CC district GO | 4.0s 2041-08 | 8.06% | 98.354 | **100.13** | 83 | 18 | new issuer |
| 59266TMA6 | essential-service water/wastewater revenue | 4.0s 2045-07 | 8.04% | 98.387 | **100.24** | 64 | 11 | new issuer |
| 58661PDN9 | CA school/CC district GO‡ | 3.0s 2041-08 | 7.94% | 84.902 | **85.3** | 34 | 3 | new issuer |
| 069077FZ3 | CA school/CC district GO‡ | 3.3s 2039-08 | 7.54% | 93.108 | **93.59** | 15 | 4 | fills 2039 rung; new issuer |
| 68881TBH9 | essential-service water/wastewater revenue‡ | 3.0s 2036-09 | 7.49% | 90.364 | **90.93** | 42 | 4 | fills 2036 rung; new issuer |
| 936818CP6 | CA school/CC district GO‡ | 3.0s 2041-05 | 7.77% | 86.121 | **86.63** | 26 | 7 | new issuer |
| 671890AV3 | essential-service water/wastewater revenue‡ | 3.0s 2038-08 | 7.45% | 89.557 | **90.16** | 37 | 3 | fills 2038 rung; new issuer |
| 000416V53 | CA school/CC district GO‡ | 3.0s 2038-08 | 7.39% | 88.962 | **90.94** | 57 | 3 | fills 2038 rung; new issuer |
| 988176HR7 | CA school/CC district GO‡ | 3.0s 2037-08 | 7.37% | 90.755 | **91.16** | 111 | 8 | fills 2037 rung; new issuer |
| 088023MT0 | CA school/CC district GO‡ | 3.0s 2040-08 | 7.35% | 89.585 | **89.98** | 96 | 16 | fills 2040 rung; new issuer |
| 604617AY6 | CA school/CC district GO‡ | 3.0s 2037-08 | 7.34% | 90.898 | **91.3** | 19 | 3 | fills 2037 rung; new issuer |
| 979585BZ8 | essential-service water/wastewater revenue | 3.2s 2039-03 | 7.33% | 96.908 | **95.72** | 29 | 6 | fills 2039 rung; new issuer |
| 039069JG5 | CA school/CC district GO‡ | 2.0s 2037-08 | 6.96% | 78.945 | **79.41** | 20 | 7 | fills 2037 rung; new issuer |
| 607735CS4 | CA school/CC district GO‡ | 3.0s 2036-08 | 7.09% | 93.067 | **93.47** | 18 | 1 | fills 2036 rung |
| 680799EE9 | essential-service water/wastewater revenue‡ | 3.0s 2039-06 | 6.92% | 87.11 | **97.21** | 35 | 7 | fills 2039 rung; new issuer |
| 032591TR0 | CA school/CC district GO‡ | 3.0s 2038-08 | 7.05% | 90.243 | **93.7** | 21 | 3 | fills 2038 rung |
| 677765EM7 | CA school/CC district GO‡ | 3.0s 2037-08 | 6.84% | 92.872 | **95.13** | 63 | 9 | fills 2037 rung; new issuer |
| 000416V38 | CA school/CC district GO‡ | 3.0s 2036-08 | 6.80% | 94.681 | **95.38** | 39 | 4 | fills 2036 rung; new issuer |
| 271014D33 | essential-service water/wastewater revenue‡ | 3.0s 2037-06 | 6.79% | 94.633 | **95.08** | 23 | 5 | fills 2037 rung; new issuer |
| 417123FR2 | CA school/CC district GO‡ | 3.0s 2036-08 | 6.70% | 95.464 | **95.71** | 12 | 1 | fills 2036 rung; new issuer |
| 76886PHK2 | CA school/CC district GO‡ | 3.0s 2035-08 | 6.68% | 96.845 | **95.92** | 18 | 2 | fills 2035 rung; new issuer |
| 623053CM5 | CA school/CC district GO‡ | 3.0s 2035-08 | 6.66% | 94.433 | **96.69** | 49 | 3 | fills 2035 rung; new issuer |
| 517624PT3 | CA school/CC district GO | 3.0s 2035-07 | 6.56% | 97.927 | **98.18** | 27 | 4 | fills 2035 rung; new issuer |
| 979585BP0 | essential-service water/wastewater revenue‡ | 3.0s 2034-03 | 6.54% | 97.136 | **97.39** | 33 | 5 | fills 2034 rung; new issuer |
| 623053CN3 | CA school/CC district GO‡ | 3.0s 2036-08 | 6.53% | 95.813 | **97.11** | 20 | 1 | fills 2036 rung; new issuer |
| 623053CP8 | CA school/CC district GO‡ | 3.0s 2037-08 | 6.50% | 92.721 | **99.28** | 14 | 1 | fills 2037 rung; new issuer |
| 612574EN9 | CA school/CC district GO‡ | 3.0s 2034-08 | 6.48% | 97.14 | **97.73** | 43 | 1 | fills 2034 rung; new issuer |
| 082023PE6 | CA school/CC district GO | 3.0s 2035-08 | 6.39% | 98.574 | **98.82** | 15 | 5 | fills 2035 rung; new issuer |
| 673646GF6 | CA school/CC district GO‡ | 3.0s 2036-08 | 6.33% | 96.415 | **98.59** | 30 | 3 | fills 2036 rung; new issuer |

## Outliers (1) — cheap for a reason? PRIORITY DD before trusting the TEY

| CUSIP | Security | Cpn/Mat | After-tax TEY | Px | **Limit** | n365 | 2sd | Fit |
|---|---|---|---|---|---|---|---|---|
| 89656BBR5 | essential-service electric/utility revenue‡ | 3.0s 2035-04 | 9.16% | 82.696 | **83.1** | 31 | 4 | fills 2035 rung; new issuer |
- **89656BBR5** — yield>peer (gross 5.50%) — verify credit/duration/structure

[standing want-list] +59 new promote-ready → /Users/ajay/exalted/signalos/verticals/muni_credit/outputs/SCANNER_STANDING_WANTLIST.md
