
===== 2026-06-27 11:46 (desk) =====
=== CONSUMER VIRALITY POLL 2026-06-27 (TikTok CC, authed, $0 agent — DAILY) ===
  Beauty & Personal Care  : #hairtok(460.7Mv), #primeday(197.6Mv), #haircare(129.3Mv), #hyperpigmentation(59.4Mv), #acneproneskin(54.6Mv), #skintok(51Mv)
  Food & Beverage         : #food(919.3Mv), #coffee(197.2Mv), #steak(77.7Mv), #mealprep(75.6Mv), #texasroadhouse(37.3Mv), #coffeetok(36.3Mv)
  Apparel & Accessories   : #tiktokmademebuyit(646.7Mv), #summeroutfits(115.4Mv), #levis(48Mv), #250thanniversary(12.6Mv), #liquidation(3.3Mv), #halarafabric(2.6Mv)
  Tech & Electronics      : #digicam(41.5Mv), #securitycamera(27.3Mv), #screenprotector(22.7Mv), #canong7x(13.8Mv), #bambulab(10.1Mv), #carcharger(4.3Mv)
  Household Products      : #storage(33.3Mv), #cleaningmotivation(28.5Mv), #pottery(25.3Mv), #hotsleeper(11.9Mv), #laundryday(9.4Mv), #storagehacks(9.2Mv)
  -> VIRAL -> PUBLIC vehicle:
     #texasroadhouse         37.3Mv -> TXRH     Texas Roadhouse [food]
     #medicubetiktokshop      1.4Mv -> 278470.KS APR Corp []
[-> beauty_velocity_log.jsonl]

/Users/ajay/Library/Python/3.9/lib/python/site-packages/urllib3/__init__.py:35: NotOpenSSLWarning: urllib3 v2 only supports OpenSSL 1.1.1+, currently the 'ssl' module is compiled with 'LibreSSL 2.8.3'. See: https://github.com/urllib3/urllib3/issues/3020
  warnings.warn(

===== 2026-06-29 00:31 (desk) =====
=== CONSUMER VIRALITY POLL 2026-06-29 (TikTok CC, authed, $0 agent — DAILY) ===
  Beauty & Personal Care  : #hairtok(467.6Mv), #primeday(198.9Mv), #hyperpigmentation(60.4Mv), #acneproneskin(52.1Mv), #oralcare(46.8Mv), #primedaydeals(30.3Mv)
  Food & Beverage         : #food(924.2Mv), #mealprep(77.1Mv), #texasroadhouse(38.9Mv), #drinktok(23.5Mv), #wholefoods(20.7Mv), #lunchbox(15.1Mv)
  Apparel & Accessories   : #summeroutfits(117.4Mv), #summeroutfit(48.5Mv), #giftforher(27.4Mv), #flowergirl(4.1Mv), #anillo(3Mv), #dresstok(2Mv)
  Tech & Electronics      : #tech(151.2Mv), #ipad(62.3Mv), #macbook(19.2Mv), #smartphone(12.8Mv), #tripod(9.7Mv), #emergencykit(4.2Mv)
  Household Products      : #limpieza(27.4Mv), #mattresstopper(20.9Mv), #mop(9.4Mv), #cleaninghack(8.7Mv), #bonelesscouch(8.5Mv), #floorcleaning(7.7Mv)
  -> VIRAL -> PUBLIC vehicle:
     #texasroadhouse         38.9Mv -> TXRH     Texas Roadhouse [food]
[-> beauty_velocity_log.jsonl]

/Users/ajay/Library/Python/3.9/lib/python/site-packages/urllib3/__init__.py:35: NotOpenSSLWarning: urllib3 v2 only supports OpenSSL 1.1.1+, currently the 'ssl' module is compiled with 'LibreSSL 2.8.3'. See: https://github.com/urllib3/urllib3/issues/3020
  warnings.warn(

===== 2026-06-30 01:30 (desk) =====
=== CONSUMER VIRALITY POLL 2026-06-30 (TikTok CC, authed, $0 agent — DAILY) ===
  Beauty & Personal Care  : #primeday(192.2Mv), #primedaydeals(30.8Mv), #fluoridefree(7.6Mv)
  Food & Beverage         : #whitechocolate(6.9Mv), #foodietok(6.5Mv)
  Apparel & Accessories   : #vinted(146.2Mv)
  Tech & Electronics      : #fridgemagnets(2.6Mv)
  Household Products      : #washingmachineheart(5.9Mv), #householdltems(3.1Mv), #usefu(3Mv)
  -> VIRAL -> PUBLIC vehicle:
     (no trending hashtag mapped to a public ticker today — mostly themes/private/foreign)
[-> beauty_velocity_log.jsonl]

/Users/ajay/Library/Python/3.9/lib/python/site-packages/urllib3/__init__.py:35: NotOpenSSLWarning: urllib3 v2 only supports OpenSSL 1.1.1+, currently the 'ssl' module is compiled with 'LibreSSL 2.8.3'. See: https://github.com/urllib3/urllib3/issues/3020
  warnings.warn(

===== 2026-07-01 01:31 (desk) =====
=== CONSUMER VIRALITY POLL 2026-07-01 (TikTok CC, authed, $0 agent — DAILY) ===
  Beauty & Personal Care  : #primeday(180.6Mv), #fluoridefree(8.3Mv)
  Food & Beverage         : #foodietok(6.2Mv)
  Apparel & Accessories   : #vinted(158.1Mv)
  Tech & Electronics      : #ergonomic(2.1Mv)
  Household Products      : #washingmachineheart(6.2Mv), #usefu(2.4Mv), #householdltems(2.4Mv)
  -> VIRAL -> PUBLIC vehicle:
     (no trending hashtag mapped to a public ticker today — mostly themes/private/foreign)
[-> beauty_velocity_log.jsonl]

/Users/ajay/Library/Python/3.9/lib/python/site-packages/urllib3/__init__.py:35: NotOpenSSLWarning: urllib3 v2 only supports OpenSSL 1.1.1+, currently the 'ssl' module is compiled with 'LibreSSL 2.8.3'. See: https://github.com/urllib3/urllib3/issues/3020
  warnings.warn(

===== 2026-07-02 02:30 (desk) =====
=== CONSUMER VIRALITY POLL 2026-07-02 (TikTok CC, authed, $0 agent — DAILY) ===
  Beauty & Personal Care  : #fluoridefree(13Mv), #dentalsecrets(12.3Mv)
  Food & Beverage         : #kitchen(64.1Mv), #foodietok(6.1Mv)
  Apparel & Accessories   : #vinted(164.5Mv)
  Tech & Electronics      : #ergonomic(2.3Mv), #smartlighting(1.5Mv)
  Household Products      : #cleaningtips(22.6Mv), #washingmachineheart(6.3Mv), #usefu(2.4Mv)
  -> VIRAL -> PUBLIC vehicle:
     (no trending hashtag mapped to a public ticker today — mostly themes/private/foreign)
[-> beauty_velocity_log.jsonl]

/Users/ajay/Library/Python/3.9/lib/python/site-packages/urllib3/__init__.py:35: NotOpenSSLWarning: urllib3 v2 only supports OpenSSL 1.1.1+, currently the 'ssl' module is compiled with 'LibreSSL 2.8.3'. See: https://github.com/urllib3/urllib3/issues/3020
  warnings.warn(

===== 2026-07-03 02:31 (desk) =====
=== CONSUMER VIRALITY POLL 2026-07-03 (TikTok CC, authed, $0 agent — DAILY) ===
  Beauty & Personal Care  : #fluoridefree(14.8Mv)
  Food & Beverage         : #foodietok(6Mv)
  Apparel & Accessories   : #vinted(162.8Mv)
  Tech & Electronics      : #smartlighting(1.4Mv)
  Household Products      : #cleaningtips(22.8Mv), #bissell(10.4Mv)
  -> VIRAL -> PUBLIC vehicle:
     (no trending hashtag mapped to a public ticker today — mostly themes/private/foreign)
[-> beauty_velocity_log.jsonl]

/Users/ajay/Library/Python/3.9/lib/python/site-packages/urllib3/__init__.py:35: NotOpenSSLWarning: urllib3 v2 only supports OpenSSL 1.1.1+, currently the 'ssl' module is compiled with 'LibreSSL 2.8.3'. See: https://github.com/urllib3/urllib3/issues/3020
  warnings.warn(

===== 2026-07-06 00:35 (desk) =====
=== CONSUMER VIRALITY POLL 2026-07-06 (TikTok CC, authed, $0 agent — DAILY) ===
  Beauty & Personal Care  : #summerglowup(24.4Mv), #babyhair(8Mv), #finehair(5.7Mv)
  Food & Beverage         : #hotdog(52Mv), #fruitypebbles(45Mv), #4thofjulyparty(8.3Mv)
  Apparel & Accessories   : #250thanniversary(28.7Mv), #forthofjuly(13.4Mv), #250yearsoffreedom(12.2Mv)
  Tech & Electronics      : #linux(4.9Mv), #hotoutside(3Mv)
  Household Products      : #bathroomaccessories(1.4Mv), #organizedlife(1.2Mv)
  -> VIRAL -> PUBLIC vehicle:
     (no trending hashtag mapped to a public ticker today — mostly themes/private/foreign)
[-> beauty_velocity_log.jsonl]

/Users/ajay/Library/Python/3.9/lib/python/site-packages/urllib3/__init__.py:35: NotOpenSSLWarning: urllib3 v2 only supports OpenSSL 1.1.1+, currently the 'ssl' module is compiled with 'LibreSSL 2.8.3'. See: https://github.com/urllib3/urllib3/issues/3020
  warnings.warn(

===== 2026-07-07 07:35 (desk) =====
=== CONSUMER VIRALITY POLL 2026-07-07 (TikTok CC, authed, $0 agent — DAILY) ===
  Beauty & Personal Care  : #summerglowup(24.4Mv), #babyhair(8Mv), #finehair(5.7Mv)
  Food & Beverage         : #hotdog(52Mv), #fruitypebbles(45Mv), #4thofjulyparty(8.3Mv)
  Apparel & Accessories   : #250thanniversary(28.7Mv), #forthofjuly(13.4Mv), #250yearsoffreedom(12.2Mv)
  Tech & Electronics      : #linux(4.9Mv), #hotoutside(3Mv)
  Household Products      : #bathroomaccessories(1.4Mv), #organizedlife(1.2Mv)
  -> VIRAL -> PUBLIC vehicle:
     (no trending hashtag mapped to a public ticker today — mostly themes/private/foreign)
[-> beauty_velocity_log.jsonl]

/Users/ajay/Library/Python/3.9/lib/python/site-packages/urllib3/__init__.py:35: NotOpenSSLWarning: urllib3 v2 only supports OpenSSL 1.1.1+, currently the 'ssl' module is compiled with 'LibreSSL 2.8.3'. See: https://github.com/urllib3/urllib3/issues/3020
  warnings.warn(

===== 2026-07-08 08:33 (desk) =====
=== CONSUMER VIRALITY POLL 2026-07-08 (TikTok CC, authed, $0 agent — DAILY) ===
  Beauty & Personal Care  : #summerglowup(26.1Mv), #dentalhacks(14.1Mv), #babyhair(8.5Mv)
  Food & Beverage         : #hotdog(75.3Mv), #redwhiteblue(6.7Mv), #forthofjuly🇺🇸(2Mv)
  Apparel & Accessories   : #250thanniversary(49.9Mv), #forthofjuly(39.7Mv), #250yearsoffreedom(17.4Mv)
  Tech & Electronics      : #hotoutside(3.7Mv), #4in1selfiestickwithfilllighttripod(2.1Mv)
  Household Products      : #toiletbrush(3.2Mv), #organizacion(2.2Mv)
  -> VIRAL -> PUBLIC vehicle:
     (no trending hashtag mapped to a public ticker today — mostly themes/private/foreign)
[-> beauty_velocity_log.jsonl]

/Users/ajay/Library/Python/3.9/lib/python/site-packages/urllib3/__init__.py:35: NotOpenSSLWarning: urllib3 v2 only supports OpenSSL 1.1.1+, currently the 'ssl' module is compiled with 'LibreSSL 2.8.3'. See: https://github.com/urllib3/urllib3/issues/3020
  warnings.warn(

===== 2026-07-09 09:35 (desk) =====
=== CONSUMER VIRALITY POLL 2026-07-09 (TikTok CC, authed, $0 agent — DAILY) ===
  Beauty & Personal Care  : #summerglowup(27.3Mv), #dentalhacks(14.9Mv), #babyhair(8.6Mv)
  Food & Beverage         : #hotdog(77.1Mv), #cookout(40.9Mv), #forthofjuly🇺🇸(2.2Mv)
  Apparel & Accessories   : #redwhiteandblue(52.5Mv), #250thanniversary(52.2Mv), #250yearsoffreedom(18.1Mv)
  Tech & Electronics      : #hotoutside(2.9Mv), #4in1selfiestickwithfilllighttripod(2.1Mv)
  Household Products      : #coolingpillowcases(5.6Mv), #toiletbrush(3Mv), #halloweenblanket(1.5Mv)
  -> VIRAL -> PUBLIC vehicle:
     (no trending hashtag mapped to a public ticker today — mostly themes/private/foreign)
[-> beauty_velocity_log.jsonl]

/Users/ajay/Library/Python/3.9/lib/python/site-packages/urllib3/__init__.py:35: NotOpenSSLWarning: urllib3 v2 only supports OpenSSL 1.1.1+, currently the 'ssl' module is compiled with 'LibreSSL 2.8.3'. See: https://github.com/urllib3/urllib3/issues/3020
  warnings.warn(

===== 2026-07-10 10:37 (desk) =====
=== CONSUMER VIRALITY POLL 2026-07-10 (TikTok CC, authed, $0 agent — DAILY) ===
  Beauty & Personal Care  : #summerglowup(25Mv), #babyhair(8.4Mv), #balding(8.2Mv)
  Food & Beverage         : #hotdog(79.7Mv), #cookout(42.2Mv), #forthofjuly🇺🇸(2.2Mv)
  Apparel & Accessories   : #250thanniversary(53.1Mv), #redwhiteandblue(50.2Mv), #250yearsoffreedom(18.5Mv)
  Tech & Electronics      : #hotoutside(2.2Mv), #4in1selfiestickwithfilllighttripod(2.1Mv)
  Household Products      : #coolingpillowcases(5Mv), #halloweenblanket(1.6Mv)
  -> VIRAL -> PUBLIC vehicle:
     (no trending hashtag mapped to a public ticker today — mostly themes/private/foreign)
[-> beauty_velocity_log.jsonl]

/Users/ajay/Library/Python/3.9/lib/python/site-packages/urllib3/__init__.py:35: NotOpenSSLWarning: urllib3 v2 only supports OpenSSL 1.1.1+, currently the 'ssl' module is compiled with 'LibreSSL 2.8.3'. See: https://github.com/urllib3/urllib3/issues/3020
  warnings.warn(

===== 2026-07-13 00:35 (desk) =====
=== CONSUMER VIRALITY POLL 2026-07-13 (TikTok CC, authed, $0 agent — DAILY) ===
  Beauty & Personal Care  : #cysticacne(9.2Mv), #adultacne(6.1Mv), #balding(5.8Mv)
  Food & Beverage         : #7eleven(19.8Mv), #starbuckscup(10.3Mv), #slurpee(9.2Mv)
  Apparel & Accessories   : #loveshackfancy(41.4Mv), #alixmiamiswimsuit(9.2Mv), #tryingtogoviral(1.3Mv)
  Tech & Electronics      : #tinyfan(1.5Mv)
  Household Products      : —
  -> VIRAL -> PUBLIC vehicle:
     #starbuckscup           10.3Mv -> SBUX     Starbucks [food]
[-> beauty_velocity_log.jsonl]

/Users/ajay/Library/Python/3.9/lib/python/site-packages/urllib3/__init__.py:35: NotOpenSSLWarning: urllib3 v2 only supports OpenSSL 1.1.1+, currently the 'ssl' module is compiled with 'LibreSSL 2.8.3'. See: https://github.com/urllib3/urllib3/issues/3020
  warnings.warn(

===== 2026-07-14 01:33 (desk) =====
=== CONSUMER VIRALITY POLL 2026-07-14 (TikTok CC, authed, $0 agent — DAILY) ===
  Beauty & Personal Care  : #cysticacne(9.6Mv), #adultacne(6.6Mv), #balding(6.1Mv)
  Food & Beverage         : #7eleven(23.3Mv), #popeyes(21Mv), #slurpee(10.4Mv)
  Apparel & Accessories   : #backtoschoolshopping(97.6Mv), #alixmiamiswimsuit(9.7Mv), #tryingtogoviral(1.3Mv)
  Tech & Electronics      : #tinyfan(1.5Mv), #deskorganization(1Mv)
  Household Products      : —
  -> VIRAL -> PUBLIC vehicle:
     (no trending hashtag mapped to a public ticker today — mostly themes/private/foreign)
[-> beauty_velocity_log.jsonl]

/Users/ajay/Library/Python/3.9/lib/python/site-packages/urllib3/__init__.py:35: NotOpenSSLWarning: urllib3 v2 only supports OpenSSL 1.1.1+, currently the 'ssl' module is compiled with 'LibreSSL 2.8.3'. See: https://github.com/urllib3/urllib3/issues/3020
  warnings.warn(

===== 2026-07-15 02:39 (desk) =====
=== CONSUMER VIRALITY POLL 2026-07-15 (TikTok CC, authed, $0 agent — DAILY) ===
  Beauty & Personal Care  : #cysticacne(9.6Mv), #adultacne(6.6Mv), #balding(6.1Mv)
  Food & Beverage         : #7eleven(23.3Mv), #popeyes(21Mv), #slurpee(10.4Mv)
  Apparel & Accessories   : #backtoschoolshopping(97.6Mv), #alixmiamiswimsuit(9.7Mv), #tryingtogoviral(1.3Mv)
  Tech & Electronics      : #tinyfan(1.5Mv), #deskorganization(1Mv)
  Household Products      : —
  -> VIRAL -> PUBLIC vehicle:
     (no trending hashtag mapped to a public ticker today — mostly themes/private/foreign)
[-> beauty_velocity_log.jsonl]

/Users/ajay/Library/Python/3.9/lib/python/site-packages/urllib3/__init__.py:35: NotOpenSSLWarning: urllib3 v2 only supports OpenSSL 1.1.1+, currently the 'ssl' module is compiled with 'LibreSSL 2.8.3'. See: https://github.com/urllib3/urllib3/issues/3020
  warnings.warn(

===== 2026-07-16 03:39 (desk) =====
=== CONSUMER VIRALITY POLL 2026-07-16 (TikTok CC, authed, $0 agent — DAILY) ===
  Beauty & Personal Care  : #healthyhair(39.9Mv), #cysticacne(9.5Mv), #balding(6Mv)
  Food & Beverage         : #7eleven(25.4Mv), #popeyes(24.9Mv), #slurpee(10.4Mv)
  Apparel & Accessories   : #summerfinds(23.3Mv), #loveislandfinale(16.4Mv), #tryingtogoviral(1.2Mv)
  Tech & Electronics      : #gadgetfinds(3.6Mv), #deskorganization(1Mv)
  Household Products      : —
  -> VIRAL -> PUBLIC vehicle:
     (no trending hashtag mapped to a public ticker today — mostly themes/private/foreign)
[-> beauty_velocity_log.jsonl]

/Users/ajay/Library/Python/3.9/lib/python/site-packages/urllib3/__init__.py:35: NotOpenSSLWarning: urllib3 v2 only supports OpenSSL 1.1.1+, currently the 'ssl' module is compiled with 'LibreSSL 2.8.3'. See: https://github.com/urllib3/urllib3/issues/3020
  warnings.warn(

===== 2026-07-17 10:55 (desk) =====
=== CONSUMER VIRALITY POLL 2026-07-17 (TikTok CC, authed, $0 agent — DAILY) ===
  Beauty & Personal Care  : #healthyhair(39.7Mv), #cysticacne(9.4Mv), #adultacne(6.3Mv)
  Food & Beverage         : #popeyes(31.9Mv), #7eleven(27.2Mv)
  Apparel & Accessories   : #summerfinds(26.8Mv), #fizztopia(3.6Mv), #fizztopia2026(2.6Mv)
  Tech & Electronics      : #gadgetfinds(3.6Mv), #deskorganization(1.1Mv)
  Household Products      : —
  -> VIRAL -> PUBLIC vehicle:
     (no trending hashtag mapped to a public ticker today — mostly themes/private/foreign)
[-> beauty_velocity_log.jsonl]

/Users/ajay/Library/Python/3.9/lib/python/site-packages/urllib3/__init__.py:35: NotOpenSSLWarning: urllib3 v2 only supports OpenSSL 1.1.1+, currently the 'ssl' module is compiled with 'LibreSSL 2.8.3'. See: https://github.com/urllib3/urllib3/issues/3020
  warnings.warn(

===== 2026-07-20 11:10 (desk) =====
=== CONSUMER VIRALITY POLL 2026-07-20 (TikTok CC, authed, $0 agent — DAILY) ===
  TikTok CC: ERR — Page.goto: net::ERR_INTERNET_DISCONNECTED at https://ads.tiktok.com/business/creativecenter/inspiration/popular/hashtag/pc/en
Call log:
  - navigating to "https


===== 2026-07-21 11:49 (desk) =====
=== CONSUMER VIRALITY POLL 2026-07-21 (TikTok CC, authed, $0 agent — DAILY) ===
  Beauty & Personal Care  : #thingsworthbuying(24.2Mv), #whiteteeth(16.9Mv), #smilemakeover(14.1Mv)
  Food & Beverage         : #popeyes(97.3Mv), #lettuce(54.7Mv)
  Apparel & Accessories   : #summerfinds(77.8Mv), #parke(47.4Mv)
  Tech & Electronics      : #macbookneo(8.6Mv), #momcozybabymonitor(1.4Mv), #bequiet(1.4Mv)
  Household Products      : #extramoney(995.6Kv), #bathroomrefresh(782.7Kv)
  -> VIRAL -> PUBLIC vehicle:
     (no trending hashtag mapped to a public ticker today — mostly themes/private/foreign)
[-> beauty_velocity_log.jsonl]

/Users/ajay/Library/Python/3.9/lib/python/site-packages/urllib3/__init__.py:35: NotOpenSSLWarning: urllib3 v2 only supports OpenSSL 1.1.1+, currently the 'ssl' module is compiled with 'LibreSSL 2.8.3'. See: https://github.com/urllib3/urllib3/issues/3020
  warnings.warn(

===== 2026-07-22 13:52 (desk) =====
=== CONSUMER VIRALITY POLL 2026-07-22 (TikTok CC, authed, $0 agent — DAILY) ===
  Beauty & Personal Care  : #thingsworthbuying(24.2Mv), #whiteteeth(16.9Mv), #smilemakeover(14.1Mv)
  Food & Beverage         : #popeyes(97.3Mv), #lettuce(54.7Mv)
  Apparel & Accessories   : #summerfinds(77.8Mv), #parke(47.4Mv)
  Tech & Electronics      : #macbookneo(8.6Mv), #momcozybabymonitor(1.4Mv), #bequiet(1.4Mv)
  Household Products      : #extramoney(995.6Kv), #bathroomrefresh(782.7Kv)
  -> VIRAL -> PUBLIC vehicle:
     (no trending hashtag mapped to a public ticker today — mostly themes/private/foreign)
[-> beauty_velocity_log.jsonl]

/Users/ajay/Library/Python/3.9/lib/python/site-packages/urllib3/__init__.py:35: NotOpenSSLWarning: urllib3 v2 only supports OpenSSL 1.1.1+, currently the 'ssl' module is compiled with 'LibreSSL 2.8.3'. See: https://github.com/urllib3/urllib3/issues/3020
  warnings.warn(

===== 2026-07-23 14:42 (desk) =====
=== CONSUMER VIRALITY POLL 2026-07-23 (TikTok CC, authed, $0 agent — DAILY) ===
  Beauty & Personal Care  : #whiteteeth(17.1Mv)
  Food & Beverage         : #lettuce(69.4Mv), #nationalicecreamday(9.9Mv)
  Apparel & Accessories   : #summerfinds(94.3Mv), #kendrascott(6.4Mv)
  Tech & Electronics      : #torch(4.9Mv), #pageturner(910.5Kv)
  Household Products      : #homegoodshaul(5.2Mv)
  -> VIRAL -> PUBLIC vehicle:
     (no trending hashtag mapped to a public ticker today — mostly themes/private/foreign)
[-> beauty_velocity_log.jsonl]

/Users/ajay/Library/Python/3.9/lib/python/site-packages/urllib3/__init__.py:35: NotOpenSSLWarning: urllib3 v2 only supports OpenSSL 1.1.1+, currently the 'ssl' module is compiled with 'LibreSSL 2.8.3'. See: https://github.com/urllib3/urllib3/issues/3020
  warnings.warn(

===== 2026-07-27 09:56 (desk) =====
=== CONSUMER VIRALITY POLL 2026-07-27 (TikTok CC, authed, $0 agent — DAILY) ===
  Beauty & Personal Care  : #bob(117Mv), #recedinghairline(2.9Mv)
  Food & Beverage         : #nationaltequiladay(6.5Mv), #nationalicecreamday(5.9Mv)
  Apparel & Accessories   : #rushready(325.5Mv)
  Tech & Electronics      : #smartphones(4.8Mv), #lifehackproducts(1Mv)
  Household Products      : #classroomorganization(5Mv), #householditems(1.1Mv)
  -> VIRAL -> PUBLIC vehicle:
     (no trending hashtag mapped to a public ticker today — mostly themes/private/foreign)
[-> beauty_velocity_log.jsonl]

/Users/ajay/Library/Python/3.9/lib/python/site-packages/urllib3/__init__.py:35: NotOpenSSLWarning: urllib3 v2 only supports OpenSSL 1.1.1+, currently the 'ssl' module is compiled with 'LibreSSL 2.8.3'. See: https://github.com/urllib3/urllib3/issues/3020
  warnings.warn(

===== 2026-07-28 07:45 (desk) =====
=== CONSUMER VIRALITY POLL 2026-07-28 (TikTok CC, authed, $0 agent — DAILY) ===
  Beauty & Personal Care  : #bob(118.5Mv), #finehair(7.3Mv)
  Food & Beverage         : #nationaltequiladay(7Mv), #mcdonaldsworker(1.7Mv)
  Apparel & Accessories   : #rushready(399.1Mv), #polyester(21.5Mv)
  Tech & Electronics      : #galaxyzfold8(10.1Mv), #smartphones(6.7Mv), #lifehackproducts(1Mv)
  Household Products      : #householditems(1.2Mv)
  -> VIRAL -> PUBLIC vehicle:
     (no trending hashtag mapped to a public ticker today — mostly themes/private/foreign)
[-> beauty_velocity_log.jsonl]

/Users/ajay/Library/Python/3.9/lib/python/site-packages/urllib3/__init__.py:35: NotOpenSSLWarning: urllib3 v2 only supports OpenSSL 1.1.1+, currently the 'ssl' module is compiled with 'LibreSSL 2.8.3'. See: https://github.com/urllib3/urllib3/issues/3020
  warnings.warn(

===== 2026-07-29 08:44 (desk) =====
=== CONSUMER VIRALITY POLL 2026-07-29 (TikTok CC, authed, $0 agent — DAILY) ===
  Beauty & Personal Care  : #bob(118.5Mv), #finehair(7.3Mv)
  Food & Beverage         : #nationaltequiladay(7Mv), #mcdonaldsworker(1.7Mv)
  Apparel & Accessories   : #rushready(399.1Mv), #polyester(21.5Mv)
  Tech & Electronics      : #galaxyzfold8(10.1Mv), #smartphones(6.7Mv), #lifehackproducts(1Mv)
  Household Products      : #householditems(1.2Mv)
  -> VIRAL -> PUBLIC vehicle:
     (no trending hashtag mapped to a public ticker today — mostly themes/private/foreign)
[-> beauty_velocity_log.jsonl]

/Users/ajay/Library/Python/3.9/lib/python/site-packages/urllib3/__init__.py:35: NotOpenSSLWarning: urllib3 v2 only supports OpenSSL 1.1.1+, currently the 'ssl' module is compiled with 'LibreSSL 2.8.3'. See: https://github.com/urllib3/urllib3/issues/3020
  warnings.warn(

===== 2026-07-30 09:44 (desk) =====
=== CONSUMER VIRALITY POLL 2026-07-30 (TikTok CC, authed, $0 agent — DAILY) ===
  Beauty & Personal Care  : #teethwhitening(87Mv), #hairtips(26.4Mv), #finehair(7.3Mv)
  Food & Beverage         : #nationaltequiladay(7.4Mv), #watermeloncarving(3.2Mv)
  Apparel & Accessories   : #rushready(444.7Mv), #wildberries(32.3Mv), #summersales(12.2Mv)
  Tech & Electronics      : #samsung(72.1Mv), #galaxyzfold8(13.6Mv), #honorrobotphone(775.6Kv)
  Household Products      : #airdryclay(3.7Mv)
  -> VIRAL -> PUBLIC vehicle:
     (no trending hashtag mapped to a public ticker today — mostly themes/private/foreign)
[-> beauty_velocity_log.jsonl]

/Users/ajay/Library/Python/3.9/lib/python/site-packages/urllib3/__init__.py:35: NotOpenSSLWarning: urllib3 v2 only supports OpenSSL 1.1.1+, currently the 'ssl' module is compiled with 'LibreSSL 2.8.3'. See: https://github.com/urllib3/urllib3/issues/3020
  warnings.warn(

===== 2026-07-31 10:50 (desk) =====
=== CONSUMER VIRALITY POLL 2026-07-31 (TikTok CC, authed, $0 agent — DAILY) ===
  Beauty & Personal Care  : #hairtips(26.8Mv), #dientesblancos(5.8Mv), #caídadelcabello(3.7Mv)
  Food & Beverage         : #nationaltequiladay(5.8Mv), #watermeloncarving(3.3Mv), #fruitcarving(2.7Mv)
  Apparel & Accessories   : #rushready(454.7Mv), #polyester(33.7Mv), #wildberries(33.3Mv)
  Tech & Electronics      : #galaxyzfold8(18.7Mv), #smartphones(7.5Mv)
  Household Products      : #airdryclay(3.9Mv)
  -> VIRAL -> PUBLIC vehicle:
     (no trending hashtag mapped to a public ticker today — mostly themes/private/foreign)
[-> beauty_velocity_log.jsonl]

/Users/ajay/Library/Python/3.9/lib/python/site-packages/urllib3/__init__.py:35: NotOpenSSLWarning: urllib3 v2 only supports OpenSSL 1.1.1+, currently the 'ssl' module is compiled with 'LibreSSL 2.8.3'. See: https://github.com/urllib3/urllib3/issues/3020
  warnings.warn(

===== 2026-08-03 00:57 (desk) =====
=== CONSUMER VIRALITY POLL 2026-08-03 (TikTok CC, authed, $0 agent — DAILY) ===
  Beauty & Personal Care  : #edp(26.8Mv), #caídadelcabello(2.8Mv), #alientofresco(2Mv)
  Food & Beverage         : #augtober(3.8Mv), #batidos(1.3Mv)
  Apparel & Accessories   : #polyester(70.2Mv)
  Tech & Electronics      : #galaxyzfold8(29.5Mv), #inductionspeaker(10.7Mv)
  Household Products      : #airdryclay(4Mv), #storageorganizer(1.3Mv), #cleaningessentials(1Mv)
  -> VIRAL -> PUBLIC vehicle:
     (no trending hashtag mapped to a public ticker today — mostly themes/private/foreign)
[-> beauty_velocity_log.jsonl]

/Users/ajay/Library/Python/3.9/lib/python/site-packages/urllib3/__init__.py:35: NotOpenSSLWarning: urllib3 v2 only supports OpenSSL 1.1.1+, currently the 'ssl' module is compiled with 'LibreSSL 2.8.3'. See: https://github.com/urllib3/urllib3/issues/3020
  warnings.warn(

===== 2026-08-04 01:46 (desk) =====
=== CONSUMER VIRALITY POLL 2026-08-04 (TikTok CC, authed, $0 agent — DAILY) ===
  Beauty & Personal Care  : #edp(26.8Mv), #caídadelcabello(2.8Mv), #alientofresco(2Mv)
  Food & Beverage         : #augtober(3.8Mv), #batidos(1.3Mv)
  Apparel & Accessories   : #polyester(70.2Mv)
  Tech & Electronics      : #galaxyzfold8(29.5Mv), #inductionspeaker(10.7Mv)
  Household Products      : #airdryclay(4Mv), #storageorganizer(1.3Mv), #cleaningessentials(1Mv)
  -> VIRAL -> PUBLIC vehicle:
     (no trending hashtag mapped to a public ticker today — mostly themes/private/foreign)
[-> beauty_velocity_log.jsonl]

/Users/ajay/Library/Python/3.9/lib/python/site-packages/urllib3/__init__.py:35: NotOpenSSLWarning: urllib3 v2 only supports OpenSSL 1.1.1+, currently the 'ssl' module is compiled with 'LibreSSL 2.8.3'. See: https://github.com/urllib3/urllib3/issues/3020
  warnings.warn(

===== 2026-08-05 02:52 (desk) =====
=== CONSUMER VIRALITY POLL 2026-08-05 (TikTok CC, authed, $0 agent — DAILY) ===
  Beauty & Personal Care  : #edp(26.8Mv), #caídadelcabello(2.8Mv), #alientofresco(2Mv)
  Food & Beverage         : #augtober(3.8Mv), #batidos(1.3Mv)
  Apparel & Accessories   : #polyester(70.2Mv)
  Tech & Electronics      : #galaxyzfold8(29.5Mv), #inductionspeaker(10.7Mv)
  Household Products      : #airdryclay(4Mv), #storageorganizer(1.3Mv), #cleaningessentials(1Mv)
  -> VIRAL -> PUBLIC vehicle:
     (no trending hashtag mapped to a public ticker today — mostly themes/private/foreign)
[-> beauty_velocity_log.jsonl]

/Users/ajay/Library/Python/3.9/lib/python/site-packages/urllib3/__init__.py:35: NotOpenSSLWarning: urllib3 v2 only supports OpenSSL 1.1.1+, currently the 'ssl' module is compiled with 'LibreSSL 2.8.3'. See: https://github.com/urllib3/urllib3/issues/3020
  warnings.warn(

===== 2026-08-06 03:46 (desk) =====
=== CONSUMER VIRALITY POLL 2026-08-06 (TikTok CC, authed, $0 agent — DAILY) ===
  Beauty & Personal Care  : #dientes(7.5Mv)
  Food & Beverage         : #augtober(9.3Mv)
  Apparel & Accessories   : #polyester(89Mv)
  Tech & Electronics      : #putare(7.5Mv), #productphotography(3.2Mv)
  Household Products      : #airdryclay(4.5Mv), #storageorganizer(1.2Mv)
  -> VIRAL -> PUBLIC vehicle:
     (no trending hashtag mapped to a public ticker today — mostly themes/private/foreign)
[-> beauty_velocity_log.jsonl]

/Users/ajay/Library/Python/3.9/lib/python/site-packages/urllib3/__init__.py:35: NotOpenSSLWarning: urllib3 v2 only supports OpenSSL 1.1.1+, currently the 'ssl' module is compiled with 'LibreSSL 2.8.3'. See: https://github.com/urllib3/urllib3/issues/3020
  warnings.warn(

===== 2026-08-07 04:50 (desk) =====
=== CONSUMER VIRALITY POLL 2026-08-07 (TikTok CC, authed, $0 agent — DAILY) ===
  Beauty & Personal Care  : #dientes(8.6Mv)
  Food & Beverage         : #twf(16.8Mv), #augtober(16.1Mv)
  Apparel & Accessories   : #tiktokshopbacktoschool(127.8Mv), #polyester(114.3Mv)
  Tech & Electronics      : #iphone18(20.9Mv), #flashlights(2Mv)
  Household Products      : #airdryclay(4.3Mv), #chairs(2Mv)
  -> VIRAL -> PUBLIC vehicle:
     (no trending hashtag mapped to a public ticker today — mostly themes/private/foreign)
[-> beauty_velocity_log.jsonl]

/Users/ajay/Library/Python/3.9/lib/python/site-packages/urllib3/__init__.py:35: NotOpenSSLWarning: urllib3 v2 only supports OpenSSL 1.1.1+, currently the 'ssl' module is compiled with 'LibreSSL 2.8.3'. See: https://github.com/urllib3/urllib3/issues/3020
  warnings.warn(

===== 2026-08-10 00:55 (desk) =====
=== CONSUMER VIRALITY POLL 2026-08-10 (TikTok CC, authed, $0 agent — DAILY) ===
  Beauty & Personal Care  : #caidadelcabello(3.3Mv), #champu(2.4Mv)
  Food & Beverage         : #augtober(20.3Mv), #witchesbrew(5.4Mv)
  Apparel & Accessories   : #tiktokshopbacktoschool(300.1Mv), #lastfirstday(25.1Mv)
  Tech & Electronics      : #macbookneo(14Mv), #flashlights(1.7Mv)
  Household Products      : #storageessentials(1.3Mv)
  -> VIRAL -> PUBLIC vehicle:
     (no trending hashtag mapped to a public ticker today — mostly themes/private/foreign)
[-> beauty_velocity_log.jsonl]

/Users/ajay/Library/Python/3.9/lib/python/site-packages/urllib3/__init__.py:35: NotOpenSSLWarning: urllib3 v2 only supports OpenSSL 1.1.1+, currently the 'ssl' module is compiled with 'LibreSSL 2.8.3'. See: https://github.com/urllib3/urllib3/issues/3020
  warnings.warn(

===== 2026-08-11 01:58 (desk) =====
=== CONSUMER VIRALITY POLL 2026-08-11 (TikTok CC, authed, $0 agent — DAILY) ===
  Beauty & Personal Care  : #caidadelcabello(3.3Mv), #champu(2.4Mv)
  Food & Beverage         : #augtober(20.3Mv), #witchesbrew(5.4Mv)
  Apparel & Accessories   : #tiktokshopbacktoschool(300.1Mv), #lastfirstday(25.1Mv)
  Tech & Electronics      : #macbookneo(14Mv), #flashlights(1.7Mv)
  Household Products      : #storageessentials(1.3Mv)
  -> VIRAL -> PUBLIC vehicle:
     (no trending hashtag mapped to a public ticker today — mostly themes/private/foreign)
[-> beauty_velocity_log.jsonl]

/Users/ajay/Library/Python/3.9/lib/python/site-packages/urllib3/__init__.py:35: NotOpenSSLWarning: urllib3 v2 only supports OpenSSL 1.1.1+, currently the 'ssl' module is compiled with 'LibreSSL 2.8.3'. See: https://github.com/urllib3/urllib3/issues/3020
  warnings.warn(

===== 2026-08-12 07:59 (desk) =====
=== CONSUMER VIRALITY POLL 2026-08-12 (TikTok CC, authed, $0 agent — DAILY) ===
  Beauty & Personal Care  : #cleangirlaesthetic(10Mv), #champu(2.9Mv)
  Food & Beverage         : #kitchen(63.8Mv), #nestle(22.4Mv)
  Apparel & Accessories   : #tiktokshopbacktoschool(457Mv)
  Tech & Electronics      : #macbookneo(17.4Mv), #zfold8(7.3Mv), #elementsfestival(1.4Mv)
  Household Products      : #storageessentials(1.5Mv)
  -> VIRAL -> PUBLIC vehicle:
     (no trending hashtag mapped to a public ticker today — mostly themes/private/foreign)
[-> beauty_velocity_log.jsonl]

/Users/ajay/Library/Python/3.9/lib/python/site-packages/urllib3/__init__.py:35: NotOpenSSLWarning: urllib3 v2 only supports OpenSSL 1.1.1+, currently the 'ssl' module is compiled with 'LibreSSL 2.8.3'. See: https://github.com/urllib3/urllib3/issues/3020
  warnings.warn(

===== 2026-08-13 09:16 (desk) =====
=== CONSUMER VIRALITY POLL 2026-08-13 (TikTok CC, authed, $0 agent — DAILY) ===
  Beauty & Personal Care  : #grwmforschool(17.4Mv), #cleangirlaesthetic(10.1Mv), #makeupforbeginners(5.2Mv)
  Food & Beverage         : #kitchen(63.9Mv), #witchesbrew(9.9Mv)
  Apparel & Accessories   : #tiktokshopbacktoschool(541.3Mv)
  Tech & Electronics      : #zfold8(7.6Mv), #freetrial(2.3Mv), #elementsfestival(1.7Mv)
  Household Products      : #qvc(56.7Mv), #บรีสเอกเซล(2.9Mv)
  -> VIRAL -> PUBLIC vehicle:
     (no trending hashtag mapped to a public ticker today — mostly themes/private/foreign)
[-> beauty_velocity_log.jsonl]

/Users/ajay/Library/Python/3.9/lib/python/site-packages/urllib3/__init__.py:35: NotOpenSSLWarning: urllib3 v2 only supports OpenSSL 1.1.1+, currently the 'ssl' module is compiled with 'LibreSSL 2.8.3'. See: https://github.com/urllib3/urllib3/issues/3020
  warnings.warn(

===== 2026-08-14 10:05 (desk) =====
=== CONSUMER VIRALITY POLL 2026-08-14 (TikTok CC, authed, $0 agent — DAILY) ===
  Beauty & Personal Care  : #edp(57Mv)
  Food & Beverage         : #kitchen(61.6Mv), #alaninu(19.5Mv), #witchesbrew(16.1Mv)
  Apparel & Accessories   : #tiktokshopbacktoschool(652.1Mv), #alixmiamiswimsuit(20.3Mv)
  Tech & Electronics      : #hometheater(3.6Mv), #freetrial(2.5Mv), #elementsfestival(2.2Mv)
  Household Products      : #qvc(54.2Mv), #บรีสเอกเซล(4.3Mv)
  -> VIRAL -> PUBLIC vehicle:
     #alaninu                19.5Mv -> CELH     Celsius (Alani Nu) [bev]
[-> beauty_velocity_log.jsonl]

/Users/ajay/Library/Python/3.9/lib/python/site-packages/urllib3/__init__.py:35: NotOpenSSLWarning: urllib3 v2 only supports OpenSSL 1.1.1+, currently the 'ssl' module is compiled with 'LibreSSL 2.8.3'. See: https://github.com/urllib3/urllib3/issues/3020
  warnings.warn(

===== 2026-08-17 09:00 (desk) =====
=== CONSUMER VIRALITY POLL 2026-08-17 (TikTok CC, authed, $0 agent — DAILY) ===
  Beauty & Personal Care  : #edp(67.6Mv)
  Food & Beverage         : #unicornfrappuccino(82Mv), #kitchen(59.2Mv), #witchesbrew(17.3Mv)
  Apparel & Accessories   : #summersover(6.4Mv)
  Tech & Electronics      : #charging(4.5Mv), #aitips(4.3Mv)
  Household Products      : #bidet(3.5Mv), #homeessential(1.2Mv)
  -> VIRAL -> PUBLIC vehicle:
     (no trending hashtag mapped to a public ticker today — mostly themes/private/foreign)
[-> beauty_velocity_log.jsonl]

/Users/ajay/Library/Python/3.9/lib/python/site-packages/urllib3/__init__.py:35: NotOpenSSLWarning: urllib3 v2 only supports OpenSSL 1.1.1+, currently the 'ssl' module is compiled with 'LibreSSL 2.8.3'. See: https://github.com/urllib3/urllib3/issues/3020
  warnings.warn(

===== 2026-09-11 01:39 (desk) =====
=== CONSUMER VIRALITY POLL 2026-09-11 (TikTok CC, authed, $0 agent — DAILY) ===
  Beauty & Personal Care  : #septum(21.5Mv), #personalcare(4.8Mv)
  Food & Beverage         : —
  Apparel & Accessories   : —
  Tech & Electronics      : #labordaysale(42.2Mv), #applewallpaper(2.4Mv)
  Household Products      : #nightsweats(2.9Mv), #stainremoval(2.3Mv)
  -> VIRAL -> PUBLIC vehicle:
     (no trending hashtag mapped to a public ticker today — mostly themes/private/foreign)
[-> beauty_velocity_log.jsonl]

/Users/ajay/Library/Python/3.9/lib/python/site-packages/urllib3/__init__.py:35: NotOpenSSLWarning: urllib3 v2 only supports OpenSSL 1.1.1+, currently the 'ssl' module is compiled with 'LibreSSL 2.8.3'. See: https://github.com/urllib3/urllib3/issues/3020
  warnings.warn(

===== 2026-09-11 01:44 (desk) =====
=== CONSUMER VIRALITY POLL 2026-09-11 (TikTok CC, authed, $0 agent — DAILY) ===
  Beauty & Personal Care  : #septum(21.5Mv), #personalcare(4.8Mv)
  Food & Beverage         : —
  Apparel & Accessories   : —
  Tech & Electronics      : #labordaysale(42.2Mv), #applewallpaper(2.4Mv)
  Household Products      : #nightsweats(2.9Mv), #stainremoval(2.3Mv)
  -> VIRAL -> PUBLIC vehicle:
     (no trending hashtag mapped to a public ticker today — mostly themes/private/foreign)
[-> beauty_velocity_log.jsonl]

/Users/ajay/Library/Python/3.9/lib/python/site-packages/urllib3/__init__.py:35: NotOpenSSLWarning: urllib3 v2 only supports OpenSSL 1.1.1+, currently the 'ssl' module is compiled with 'LibreSSL 2.8.3'. See: https://github.com/urllib3/urllib3/issues/3020
  warnings.warn(
