
===== 2026-07-02 00:30 (desk) =====
=== ATTENTION-DIVERGENCE SCANNER  2026-07-02  (9 ledger names with wiki series) ===
  HOT (attention accelerating):
   OLN       Olin (Winchester)                      yoy    +26.1%  accel    +45.2pp  z +1.2
   NRGV      Energy Vault                           yoy    -11.8%  accel    +20.4pp  z +0.6
   GTM       ZoomInfo (GTM)                         yoy     +5.6%  accel    +20.1pp  z +0.6
   MMS       Maximus                                yoy    -24.2%  accel    +19.3pp  z +0.6
   HSX.L     Hiscox                                 yoy     -2.6%  accel     +6.2pp  z +0.2
   NTRS      Northern Trust                         yoy    -24.8%  accel     +5.4pp  z +0.2
   CB        Chubb                                  yoy     -1.5%  accel     -1.4pp  z +0.0
   APO       Apollo Global                          yoy     +5.5%  accel    -40.2pp  z -1.0
   OWL       Blue Owl Capital                       yoy    +25.9%  accel    -90.9pp  z -2.3
  COLD (attention rolling over):
   OWL       Blue Owl Capital                       yoy    +25.9%  accel    -90.9pp  z -2.3
   APO       Apollo Global                          yoy     +5.5%  accel    -40.2pp  z -1.0
   CB        Chubb                                  yoy     -1.5%  accel     -1.4pp  z +0.0
   NTRS      Northern Trust                         yoy    -24.8%  accel     +5.4pp  z +0.2
   HSX.L     Hiscox                                 yoy     -2.6%  accel     +6.2pp  z +0.2
   MMS       Maximus                                yoy    -24.2%  accel    +19.3pp  z +0.6
   GTM       ZoomInfo (GTM)                         yoy     +5.6%  accel    +20.1pp  z +0.6
   NRGV      Energy Vault                           yoy    -11.8%  accel    +20.4pp  z +0.6
  diligence pointers only (backtest: ~0.4-0.5 corr to fundamentals, NULL print edge); demand-vs-drama check (search-up/news-down) = manual Trends step on anything worth chasing
[-> ATTENTION_ANOMALIES.json]


===== 2026-07-09 00:30 (desk) =====
=== ATTENTION-DIVERGENCE SCANNER  2026-07-09  (8 ledger names with wiki series) ===
  HOT (attention accelerating):
   MMS       Maximus                                yoy    -24.2%  accel    +19.3pp  z +0.4
   HSX.L     Hiscox                                 yoy     -2.6%  accel     +6.2pp  z +0.4
   NTRS      Northern Trust                         yoy    -24.8%  accel     +5.4pp  z +0.4
   CB        Chubb                                  yoy     -1.5%  accel     -1.4pp  z +0.4
   APO       Apollo Global                          yoy     +5.5%  accel    -40.2pp  z +0.4
   DFIN      DFIN                                   yoy    -57.1%  accel    -79.4pp  z +0.4
   OWL       Blue Owl Capital                       yoy    +25.9%  accel    -90.9pp  z +0.4
   ELF       e.l.f. Beauty                          yoy   +100.9%  accel -21549.1pp  z -2.6
  COLD (attention rolling over):
   ELF       e.l.f. Beauty                          yoy   +100.9%  accel -21549.1pp  z -2.6
   OWL       Blue Owl Capital                       yoy    +25.9%  accel    -90.9pp  z +0.4
   DFIN      DFIN                                   yoy    -57.1%  accel    -79.4pp  z +0.4
   APO       Apollo Global                          yoy     +5.5%  accel    -40.2pp  z +0.4
   CB        Chubb                                  yoy     -1.5%  accel     -1.4pp  z +0.4
   NTRS      Northern Trust                         yoy    -24.8%  accel     +5.4pp  z +0.4
   HSX.L     Hiscox                                 yoy     -2.6%  accel     +6.2pp  z +0.4
   MMS       Maximus                                yoy    -24.2%  accel    +19.3pp  z +0.4
  diligence pointers only (backtest: ~0.4-0.5 corr to fundamentals, NULL print edge); demand-vs-drama check (search-up/news-down) = manual Trends step on anything worth chasing
[-> ATTENTION_ANOMALIES.json]


===== 2026-07-16 00:30 (desk) =====
=== ATTENTION-DIVERGENCE SCANNER  2026-07-16  (7 ledger names with wiki series) ===
  HOT (attention accelerating):
   WST       West Pharmaceutical                    yoy   +200.0%  accel   +150.0pp  z +2.2
   HSX.L     Hiscox                                 yoy     -2.6%  accel     +6.2pp  z +0.1
   NTRS      Northern Trust                         yoy    -24.8%  accel     +5.4pp  z +0.1
   CB        Chubb                                  yoy     -1.5%  accel     -1.4pp  z -0.1
   HIMS      Hims & Hers                            yoy    -65.5%  accel    -16.1pp  z -0.3
   APO       Apollo Global                          yoy     +5.5%  accel    -40.2pp  z -0.6
   OWL       Blue Owl Capital                       yoy    +25.9%  accel    -90.9pp  z -1.4
  COLD (attention rolling over):
   OWL       Blue Owl Capital                       yoy    +25.9%  accel    -90.9pp  z -1.4
   APO       Apollo Global                          yoy     +5.5%  accel    -40.2pp  z -0.6
   HIMS      Hims & Hers                            yoy    -65.5%  accel    -16.1pp  z -0.3
   CB        Chubb                                  yoy     -1.5%  accel     -1.4pp  z -0.1
   NTRS      Northern Trust                         yoy    -24.8%  accel     +5.4pp  z +0.1
   HSX.L     Hiscox                                 yoy     -2.6%  accel     +6.2pp  z +0.1
   WST       West Pharmaceutical                    yoy   +200.0%  accel   +150.0pp  z +2.2
  diligence pointers only (backtest: ~0.4-0.5 corr to fundamentals, NULL print edge); demand-vs-drama check (search-up/news-down) = manual Trends step on anything worth chasing
[-> ATTENTION_ANOMALIES.json]


===== 2026-07-23 00:30 (desk) =====
=== ATTENTION-DIVERGENCE SCANNER  2026-07-23  (10 ledger names with wiki series) ===
  HOT (attention accelerating):
   WST       West Pharmaceutical                    yoy   +200.0%  accel   +150.0pp  z +0.4
   MMS       Maximus                                yoy    -24.2%  accel    +19.3pp  z +0.3
   HSX.L     Hiscox                                 yoy     -2.6%  accel     +6.2pp  z +0.3
   NTRS      Northern Trust                         yoy    -24.8%  accel     +5.4pp  z +0.3
   CB        Chubb                                  yoy     -1.5%  accel     -1.4pp  z +0.3
   HIMS      Hims & Hers                            yoy    -65.5%  accel    -16.1pp  z +0.3
   APO       Apollo Global                          yoy     +5.5%  accel    -40.2pp  z +0.3
   DFIN      DFIN                                   yoy    -57.1%  accel    -79.4pp  z +0.3
   OWL       Blue Owl Capital                       yoy    +25.9%  accel    -90.9pp  z +0.3
   ELF       e.l.f. Beauty                          yoy   +100.9%  accel -21549.1pp  z -3.0
  COLD (attention rolling over):
   ELF       e.l.f. Beauty                          yoy   +100.9%  accel -21549.1pp  z -3.0
   OWL       Blue Owl Capital                       yoy    +25.9%  accel    -90.9pp  z +0.3
   DFIN      DFIN                                   yoy    -57.1%  accel    -79.4pp  z +0.3
   APO       Apollo Global                          yoy     +5.5%  accel    -40.2pp  z +0.3
   HIMS      Hims & Hers                            yoy    -65.5%  accel    -16.1pp  z +0.3
   CB        Chubb                                  yoy     -1.5%  accel     -1.4pp  z +0.3
   NTRS      Northern Trust                         yoy    -24.8%  accel     +5.4pp  z +0.3
   HSX.L     Hiscox                                 yoy     -2.6%  accel     +6.2pp  z +0.3
  diligence pointers only (backtest: ~0.4-0.5 corr to fundamentals, NULL print edge); demand-vs-drama check (search-up/news-down) = manual Trends step on anything worth chasing
[-> ATTENTION_ANOMALIES.json]


===== 2026-07-30 00:34 (desk) =====
=== ATTENTION-DIVERGENCE SCANNER  2026-07-30  (0 ledger names with wiki series) ===
  HOT (attention accelerating):
  COLD (attention rolling over):
  diligence pointers only (backtest: ~0.4-0.5 corr to fundamentals, NULL print edge); demand-vs-drama check (search-up/news-down) = manual Trends step on anything worth chasing
[-> ATTENTION_ANOMALIES.json]


===== 2026-08-06 01:31 (desk) =====
=== ATTENTION-DIVERGENCE SCANNER  2026-08-06  (4 ledger names with wiki series) ===
  HOT (attention accelerating):
   ORCL      Oracle Corp                            yoy    +31.9%  accel    +46.4pp  z +0.0
   ACN       Accenture                              yoy    -14.4%  accel    +17.0pp  z +0.0
   EFX       Equifax                                yoy     -8.9%  accel     +0.3pp  z +0.0
   TRU       TransUnion                             yoy    -10.4%  accel     -5.0pp  z +0.0
  COLD (attention rolling over):
   TRU       TransUnion                             yoy    -10.4%  accel     -5.0pp  z +0.0
   EFX       Equifax                                yoy     -8.9%  accel     +0.3pp  z +0.0
   ACN       Accenture                              yoy    -14.4%  accel    +17.0pp  z +0.0
   ORCL      Oracle Corp                            yoy    +31.9%  accel    +46.4pp  z +0.0
  diligence pointers only (backtest: ~0.4-0.5 corr to fundamentals, NULL print edge); demand-vs-drama check (search-up/news-down) = manual Trends step on anything worth chasing
[-> ATTENTION_ANOMALIES.json]


===== 2026-08-13 08:57 (desk) =====
=== ATTENTION-DIVERGENCE SCANNER  2026-08-13  (14 ledger names with wiki series) ===
  HOT (attention accelerating):
   INSW      INSW                                   yoy   +300.0%  accel   +320.0pp  z +0.3
   WST       West Pharmaceutical                    yoy   +200.0%  accel   +150.0pp  z +0.3
   LMT       LMT                                    yoy    +11.0%  accel    +36.2pp  z +0.3
   WPM       WPM                                    yoy     +3.3%  accel    +25.7pp  z +0.3
   MMS       Maximus                                yoy    -24.2%  accel    +19.3pp  z +0.3
   BA.L      BA.L                                   yoy    -10.4%  accel    +15.6pp  z +0.3
   HSX.L     Hiscox                                 yoy     -2.6%  accel     +6.2pp  z +0.3
   NTRS      Northern Trust                         yoy    -24.8%  accel     +5.4pp  z +0.3
   CB        Chubb                                  yoy     -1.5%  accel     -1.4pp  z +0.3
   HIMS      Hims & Hers                            yoy    -65.5%  accel    -16.1pp  z +0.3
  COLD (attention rolling over):
   ELF       e.l.f. Beauty                          yoy   +100.9%  accel -21549.1pp  z -3.6
   OWL       Blue Owl Capital                       yoy    +25.9%  accel    -90.9pp  z +0.3
   DFIN      DFIN                                   yoy    -57.1%  accel    -79.4pp  z +0.3
   APO       Apollo Global                          yoy     +5.5%  accel    -40.2pp  z +0.3
   HIMS      Hims & Hers                            yoy    -65.5%  accel    -16.1pp  z +0.3
   CB        Chubb                                  yoy     -1.5%  accel     -1.4pp  z +0.3
   NTRS      Northern Trust                         yoy    -24.8%  accel     +5.4pp  z +0.3
   HSX.L     Hiscox                                 yoy     -2.6%  accel     +6.2pp  z +0.3
  diligence pointers only (backtest: ~0.4-0.5 corr to fundamentals, NULL print edge); demand-vs-drama check (search-up/news-down) = manual Trends step on anything worth chasing
[-> ATTENTION_ANOMALIES.json]


===== 2026-09-11 01:04 (desk) =====
=== ATTENTION-DIVERGENCE SCANNER  2026-09-11  (7 ledger names with wiki series) ===
  HOT (attention accelerating):
   NRGV      Energy Vault                           yoy    -11.8%  accel    +20.4pp  z +1.0
   GTM       ZoomInfo (GTM)                         yoy     +5.6%  accel    +20.1pp  z +1.0
   ACN       Accenture                              yoy    -14.4%  accel    +17.0pp  z +0.8
   UBER      Uber                                   yoy    -12.8%  accel     +9.9pp  z +0.3
   EFX       Equifax                                yoy     -8.9%  accel     +0.3pp  z -0.5
   TRU       TransUnion                             yoy    -10.4%  accel     -5.0pp  z -0.8
   ARE       Alexandria Real Estate                 yoy    -32.9%  accel    -17.8pp  z -1.8
  COLD (attention rolling over):
   ARE       Alexandria Real Estate                 yoy    -32.9%  accel    -17.8pp  z -1.8
   TRU       TransUnion                             yoy    -10.4%  accel     -5.0pp  z -0.8
   EFX       Equifax                                yoy     -8.9%  accel     +0.3pp  z -0.5
   UBER      Uber                                   yoy    -12.8%  accel     +9.9pp  z +0.3
   ACN       Accenture                              yoy    -14.4%  accel    +17.0pp  z +0.8
   GTM       ZoomInfo (GTM)                         yoy     +5.6%  accel    +20.1pp  z +1.0
   NRGV      Energy Vault                           yoy    -11.8%  accel    +20.4pp  z +1.0
  diligence pointers only (backtest: ~0.4-0.5 corr to fundamentals, NULL print edge); demand-vs-drama check (search-up/news-down) = manual Trends step on anything worth chasing
[-> ATTENTION_ANOMALIES.json]

