
===== 2026-07-02 00:31 (desk) =====
=== FEDERAL AWARD-FLOW SCANNER  2026-07-02  (342 recipients >= $50M, window 2025-12-01..2026-06-30 vs 2024-12-01..2025-06-30) ===
  TOP ACCELERATING (who's winning federal money faster?):
   Fisher Sand & Gravel Co                                    $ 13,345M  yoy  +3913.8%
   Minnesota Department Of Transportation                     $  1,804M  yoy   +358.4%
   Loyal Source Government Services Llc                       $  1,820M  yoy   +295.1%
   North Carolina Department Of Public Safety                 $  1,620M  yoy   +240.0%
   Homeland Security & Emergency                              $    878M  yoy   +222.4%
   Northrop Grumman Systems Corp                              $  2,856M  yoy   +154.6%
   Miscellaneous Foreign Awardees                             $  1,162M  yoy   +139.5%
   Transportation North Carolina Department                   $  1,945M  yoy   +139.3%
   Georgia Emergency Management And Homeland Security Agency  $  1,646M  yoy   +119.1%
   Veterans Evaluation Services, Inc                          $  1,423M  yoy   +109.5%
   Oracle Health Government Services, Inc.                    $  1,266M  yoy   +108.0%
   Merck Sharp & Dohme Llc                                    $  1,718M  yoy   +107.6%
   National Center For Manufacturing Sciences Inc             $    889M  yoy   +104.9%
   Illinois State Board Of Education                          $    544M  yoy   +102.9%
   Savannah River Nuclear Solutions Llc                       $  2,529M  yoy    +97.6%
  TOP DECELERATING (contract-cut tells):
   Government Of The Virgin Islands                           $    479M  yoy    -92.3%
   Economic And Community Affairs, Alabama Department Of      $    259M  yoy    -83.8%
   Fermi Forward Discovery Group, Llc                         $    444M  yoy    -67.9%
   Oshkosh Defense Llc                                        $    330M  yoy    -66.4%
   Valero Marketing And Supply Co                             $    243M  yoy    -66.3%
   Rhode Island Dot                                           $    247M  yoy    -63.4%
   Vectrus Systems Llc                                        $    397M  yoy    -62.7%
   Bae Systems Land & Armaments L.P.                          $    516M  yoy    -61.8%
   Department Of Transportation New York                      $    767M  yoy    -61.4%
   New Jersey Transit Corporation                             $    332M  yoy    -59.4%
  NEW ENTRANTS >= $50M (no prior-year base):
   Barnard Construction Company, Incorporated                 $  5,872M
   Ufcw - Northern California Employers Joint Pension Plan    $  2,596M
   United Nations Office For The Coordination Of Humanitarian A $  2,400M
   Spencer Construction Llc                                   $  2,360M
   Southwest Valley Constructors Co                           $  2,248M
   Sls Federal Services Llc                                   $  2,006M
  PROMOTE: SignalOS mapping pass (family rollup -> ticker -> seed) on the movers.
[-> AWARD_FLOW_ANOMALIES.json]


===== 2026-07-09 01:31 (desk) =====
=== FEDERAL AWARD-FLOW SCANNER  2026-07-09  (341 recipients >= $50M, window 2025-12-01..2026-06-30 vs 2024-12-01..2025-06-30) ===
  TOP ACCELERATING (who's winning federal money faster?):
   Fisher Sand & Gravel Co                                    $ 13,345M  yoy  +3913.8%
   Minnesota Department Of Transportation                     $  1,848M  yoy   +369.4%
   Loyal Source Government Services Llc                       $  1,821M  yoy   +295.4%
   North Carolina Department Of Public Safety                 $  1,814M  yoy   +280.6%
   Homeland Security & Emergency                              $    895M  yoy   +228.6%
   Transportation North Carolina Department                   $  2,172M  yoy   +167.2%
   Northrop Grumman Systems Corp                              $  2,859M  yoy   +154.9%
   Miscellaneous Foreign Awardees                             $  1,181M  yoy   +143.3%
   Georgia Emergency Management And Homeland Security Agency  $  1,655M  yoy   +120.4%
   New York State Division Of Homeland Security & Emergency Ser $  2,446M  yoy   +110.3%
   Veterans Evaluation Services, Inc                          $  1,423M  yoy   +109.5%
   Oracle Health Government Services, Inc.                    $  1,266M  yoy   +108.0%
   Merck Sharp & Dohme Llc                                    $  1,718M  yoy   +107.6%
   National Center For Manufacturing Sciences Inc             $    889M  yoy   +104.9%
   Illinois State Board Of Education                          $    544M  yoy   +102.9%
  TOP DECELERATING (contract-cut tells):
   Government Of The Virgin Islands                           $    481M  yoy    -92.2%
   Fermi Forward Discovery Group, Llc                         $    444M  yoy    -67.9%
   Oshkosh Defense Llc                                        $    330M  yoy    -66.3%
   Valero Marketing And Supply Co                             $    266M  yoy    -63.2%
   Bae Systems Land & Armaments L.P.                          $    516M  yoy    -61.8%
   Vectrus Systems Llc                                        $    416M  yoy    -61.0%
   New Jersey Transit Corporation                             $    332M  yoy    -59.4%
   Department Of Transportation New York                      $    857M  yoy    -56.9%
   Fca Us Llc                                                 $    350M  yoy    -55.6%
   Rhode Island Dot                                           $    306M  yoy    -54.7%
  NEW ENTRANTS >= $50M (no prior-year base):
   Barnard Construction Company, Incorporated                 $  5,872M
   Ufcw - Northern California Employers Joint Pension Plan    $  2,596M
   United Nations Office For The Coordination Of Humanitarian A $  2,400M
   Spencer Construction Llc                                   $  2,360M
   Southwest Valley Constructors Co                           $  2,248M
   Sls Federal Services Llc                                   $  2,006M
  PROMOTE: SignalOS mapping pass (family rollup -> ticker -> seed) on the movers.
[-> AWARD_FLOW_ANOMALIES.json]


===== 2026-07-16 02:30 (desk) =====
=== FEDERAL AWARD-FLOW SCANNER  2026-07-16  (341 recipients >= $50M, window 2025-12-01..2026-06-30 vs 2024-12-01..2025-06-30) ===
  TOP ACCELERATING (who's winning federal money faster?):
   Fisher Sand & Gravel Co                                    $ 13,345M  yoy  +3913.8%
   Minnesota Department Of Transportation                     $  1,848M  yoy   +369.4%
   Loyal Source Government Services Llc                       $  1,821M  yoy   +295.4%
   North Carolina Department Of Public Safety                 $  1,811M  yoy   +280.1%
   Homeland Security & Emergency                              $    896M  yoy   +229.0%
   Transportation North Carolina Department                   $  2,172M  yoy   +167.2%
   Northrop Grumman Systems Corp                              $  2,865M  yoy   +155.4%
   Miscellaneous Foreign Awardees                             $  1,184M  yoy   +143.9%
   Georgia Emergency Management And Homeland Security Agency  $  1,655M  yoy   +120.4%
   New York State Division Of Homeland Security & Emergency Ser $  2,446M  yoy   +110.3%
   Veterans Evaluation Services, Inc                          $  1,423M  yoy   +109.5%
   Oracle Health Government Services, Inc.                    $  1,266M  yoy   +108.0%
   Merck Sharp & Dohme Llc                                    $  1,718M  yoy   +107.6%
   National Center For Manufacturing Sciences Inc             $    889M  yoy   +104.9%
   Illinois State Board Of Education                          $    544M  yoy   +102.9%
  TOP DECELERATING (contract-cut tells):
   Government Of The Virgin Islands                           $    481M  yoy    -92.2%
   Fermi Forward Discovery Group, Llc                         $    444M  yoy    -67.9%
   Bae Systems Land & Armaments L.P.                          $    516M  yoy    -61.8%
   Valero Marketing And Supply Co                             $    290M  yoy    -61.6%
   Oshkosh Defense Llc                                        $    390M  yoy    -60.2%
   Vectrus Systems Llc                                        $    427M  yoy    -60.0%
   New Jersey Transit Corporation                             $    332M  yoy    -59.4%
   Department Of Transportation New York                      $    857M  yoy    -56.9%
   Fca Us Llc                                                 $    350M  yoy    -55.6%
   Rolls-Royce Corporation                                    $    394M  yoy    -55.4%
  NEW ENTRANTS >= $50M (no prior-year base):
   Barnard Construction Company, Incorporated                 $  5,872M
   Ufcw - Northern California Employers Joint Pension Plan    $  2,596M
   United Nations Office For The Coordination Of Humanitarian A $  2,500M
   Spencer Construction Llc                                   $  2,360M
   Southwest Valley Constructors Co                           $  2,246M
   Sls Federal Services Llc                                   $  2,006M
  PROMOTE: SignalOS mapping pass (family rollup -> ticker -> seed) on the movers.
[-> AWARD_FLOW_ANOMALIES.json]


===== 2026-07-23 02:30 (desk) =====
=== FEDERAL AWARD-FLOW SCANNER  2026-07-23  (341 recipients >= $50M, window 2025-12-01..2026-06-30 vs 2024-12-01..2025-06-30) ===
  TOP ACCELERATING (who's winning federal money faster?):
   Fisher Sand & Gravel Co                                    $ 13,345M  yoy  +3913.8%
   Minnesota Department Of Transportation                     $  1,848M  yoy   +369.4%
   Loyal Source Government Services Llc                       $  1,821M  yoy   +295.4%
   North Carolina Department Of Public Safety                 $  1,811M  yoy   +280.1%
   Homeland Security & Emergency                              $    896M  yoy   +229.0%
   Transportation North Carolina Department                   $  2,172M  yoy   +167.2%
   Northrop Grumman Systems Corp                              $  2,951M  yoy   +163.1%
   Miscellaneous Foreign Awardees                             $  1,185M  yoy   +144.2%
   Georgia Emergency Management And Homeland Security Agency  $  1,655M  yoy   +120.4%
   New York State Division Of Homeland Security & Emergency Ser $  2,446M  yoy   +110.3%
   Veterans Evaluation Services, Inc                          $  1,423M  yoy   +109.5%
   Oracle Health Government Services, Inc.                    $  1,266M  yoy   +108.0%
   Merck Sharp & Dohme Llc                                    $  1,718M  yoy   +107.6%
   National Center For Manufacturing Sciences Inc             $    889M  yoy   +104.9%
   Illinois State Board Of Education                          $    544M  yoy   +102.9%
  TOP DECELERATING (contract-cut tells):
   Government Of The Virgin Islands                           $    481M  yoy    -92.2%
   Fermi Forward Discovery Group, Llc                         $    444M  yoy    -67.9%
   Bae Systems Land & Armaments L.P.                          $    516M  yoy    -61.8%
   Valero Marketing And Supply Co                             $    301M  yoy    -60.2%
   New Jersey Transit Corporation                             $    332M  yoy    -59.4%
   V2X Systems Llc                                            $    448M  yoy    -58.0%
   Oshkosh Defense Llc                                        $    417M  yoy    -57.5%
   Department Of Transportation New York                      $    857M  yoy    -56.9%
   Fca Us Llc                                                 $    350M  yoy    -55.6%
   Rhode Island Dot                                           $    306M  yoy    -54.7%
  NEW ENTRANTS >= $50M (no prior-year base):
   Barnard Construction Company, Incorporated                 $  5,872M
   Ufcw - Northern California Employers Joint Pension Plan    $  2,596M
   United Nations Office For The Coordination Of Humanitarian A $  2,500M
   Spencer Construction Llc                                   $  2,360M
   Southwest Valley Constructors Co                           $  2,246M
   Sls Federal Services Llc                                   $  2,006M
  PROMOTE: SignalOS mapping pass (family rollup -> ticker -> seed) on the movers.
[-> AWARD_FLOW_ANOMALIES.json]


===== 2026-07-30 02:34 (desk) =====
=== FEDERAL AWARD-FLOW SCANNER  2026-07-30  (341 recipients >= $50M, window 2025-12-01..2026-06-30 vs 2024-12-01..2025-06-30) ===
  TOP ACCELERATING (who's winning federal money faster?):
   Fisher Sand & Gravel Co                                    $ 13,345M  yoy  +3913.8%
   Minnesota Department Of Transportation                     $  1,848M  yoy   +369.4%
   Loyal Source Government Services Llc                       $  1,821M  yoy   +295.4%
   North Carolina Department Of Public Safety                 $  1,811M  yoy   +280.1%
   Homeland Security & Emergency                              $    896M  yoy   +229.0%
   Northrop Grumman Systems Corp                              $  3,325M  yoy   +196.5%
   Transportation North Carolina Department                   $  2,172M  yoy   +167.2%
   Miscellaneous Foreign Awardees                             $  1,189M  yoy   +145.0%
   Georgia Emergency Management And Homeland Security Agency  $  1,655M  yoy   +120.4%
   New York State Division Of Homeland Security & Emergency Ser $  2,446M  yoy   +110.3%
   Veterans Evaluation Services, Inc                          $  1,423M  yoy   +109.5%
   Oracle Health Government Services, Inc.                    $  1,266M  yoy   +108.0%
   Merck Sharp & Dohme Llc                                    $  1,718M  yoy   +107.6%
   National Center For Manufacturing Sciences Inc             $    889M  yoy   +104.9%
   Illinois State Board Of Education                          $    544M  yoy   +102.9%
  TOP DECELERATING (contract-cut tells):
   Government Of The Virgin Islands                           $    481M  yoy    -92.2%
   Fermi Forward Discovery Group, Llc                         $    444M  yoy    -67.9%
   Bae Systems Land & Armaments L.P.                          $    517M  yoy    -61.7%
   New Jersey Transit Corporation                             $    332M  yoy    -59.4%
   Oshkosh Defense Llc                                        $    420M  yoy    -57.2%
   Department Of Transportation New York                      $    857M  yoy    -56.9%
   Valero Marketing And Supply Co                             $    329M  yoy    -56.4%
   Fca Us Llc                                                 $    350M  yoy    -55.6%
   Rhode Island Dot                                           $    306M  yoy    -54.7%
   Dragados/Hawaiian Dredging/Orion Jv                        $    301M  yoy    -50.2%
  NEW ENTRANTS >= $50M (no prior-year base):
   Barnard Construction Company, Incorporated                 $  5,873M
   Ufcw - Northern California Employers Joint Pension Plan    $  2,596M
   United Nations Office For The Coordination Of Humanitarian A $  2,500M
   Spencer Construction Llc                                   $  2,360M
   Southwest Valley Constructors Co                           $  2,246M
   Sls Federal Services Llc                                   $  2,006M
  PROMOTE: SignalOS mapping pass (family rollup -> ticker -> seed) on the movers.
[-> AWARD_FLOW_ANOMALIES.json]


===== 2026-08-06 03:32 (desk) =====
=== FEDERAL AWARD-FLOW SCANNER  2026-08-06  (353 recipients >= $50M, window 2026-01-01..2026-07-31 vs 2025-01-01..2025-07-31) ===
  TOP ACCELERATING (who's winning federal money faster?):
   Fisher Sand & Gravel Co                                    $  9,545M  yoy  +2770.9%
   Thalle Construction Co Inc                                 $  1,740M  yoy   +527.9%
   Minnesota Department Of Transportation                     $  2,103M  yoy   +336.1%
   North Carolina Department Of Public Safety                 $  1,826M  yoy   +317.3%
   Governor'S Authorized Representative                       $  1,539M  yoy   +255.9%
   Transportation North Carolina Department                   $  2,230M  yoy   +160.4%
   Dynetics, Inc.                                             $    763M  yoy   +158.4%
   Metropolitan Transportation Authority                      $  2,391M  yoy   +147.0%
   National Railroad Passenger Corporation                    $  7,056M  yoy   +143.4%
   New York State Division Of Homeland Security & Emergency Ser $  2,593M  yoy   +135.4%
   Oracle Health Government Services, Inc.                    $  1,251M  yoy   +102.4%
   State Of Florida Division Of Emergency Management          $  2,264M  yoy    +98.7%
   National Center For Manufacturing Sciences Inc             $    937M  yoy    +97.5%
   The Geo Group, Inc.                                        $    829M  yoy    +93.5%
   Maryland Department Of Transportation                      $    586M  yoy    +83.0%
  TOP DECELERATING (contract-cut tells):
   Government Of The Virgin Islands                           $    512M  yoy    -90.8%
   Dragados/Hawaiian Dredging/Orion Jv                        $    301M  yoy    -79.5%
   Fca Us Llc                                                 $    268M  yoy    -66.1%
   Oshkosh Defense Llc                                        $    308M  yoy    -65.3%
   L3Harris Technologies, Inc.                                $    312M  yoy    -62.5%
   Valero Marketing And Supply Co                             $    285M  yoy    -60.8%
   V2X Systems Llc                                            $    457M  yoy    -56.5%
   Rhode Island Dot                                           $    295M  yoy    -55.8%
   Bae Systems Technology Solutions & Services Inc.           $    400M  yoy    -54.0%
   Lockheed Martin Corp                                       $  2,507M  yoy    -51.7%
  NEW ENTRANTS >= $50M (no prior-year base):
   Barnard Construction Company, Incorporated                 $  5,838M
   Davie Defense Inc.                                         $  3,500M
   United Nations Office For The Coordination Of Humanitarian A $  2,935M
   Ufcw - Northern California Employers Joint Pension Plan    $  2,596M
   Spencer Construction Llc                                   $  2,360M
   Southwest Valley Constructors Co                           $  2,248M
  PROMOTE: SignalOS mapping pass (family rollup -> ticker -> seed) on the movers.
[-> AWARD_FLOW_ANOMALIES.json]


===== 2026-08-13 08:59 (desk) =====
=== FEDERAL AWARD-FLOW SCANNER  2026-08-13  (355 recipients >= $50M, window 2026-01-01..2026-07-31 vs 2025-01-01..2025-07-31) ===
  TOP ACCELERATING (who's winning federal money faster?):
   Fisher Sand & Gravel Co                                    $  9,545M  yoy  +2770.9%
   Thalle Construction Co Inc                                 $  1,740M  yoy   +527.9%
   Minnesota Department Of Transportation                     $  2,103M  yoy   +336.1%
   North Carolina Department Of Public Safety                 $  1,828M  yoy   +317.5%
   Governor'S Authorized Representative                       $  1,535M  yoy   +255.2%
   Transportation North Carolina Department                   $  2,230M  yoy   +160.4%
   Dynetics, Inc.                                             $    765M  yoy   +159.1%
   Metropolitan Transportation Authority                      $  2,391M  yoy   +147.0%
   National Railroad Passenger Corporation                    $  7,056M  yoy   +143.4%
   New York State Division Of Homeland Security & Emergency Ser $  2,592M  yoy   +135.4%
   National Steel And Shipbuilding Company                    $  1,027M  yoy   +112.1%
   Oracle Health Government Services, Inc.                    $  1,251M  yoy   +102.4%
   State Of Florida Division Of Emergency Management          $  2,264M  yoy    +98.6%
   National Center For Manufacturing Sciences Inc             $    937M  yoy    +97.5%
   The Geo Group, Inc.                                        $    829M  yoy    +93.5%
  TOP DECELERATING (contract-cut tells):
   Government Of The Virgin Islands                           $    512M  yoy    -90.8%
   Dragados/Hawaiian Dredging/Orion Jv                        $    301M  yoy    -79.5%
   Fca Us Llc                                                 $    268M  yoy    -66.1%
   Oshkosh Defense Llc                                        $    315M  yoy    -64.4%
   L3Harris Technologies, Inc.                                $    328M  yoy    -60.6%
   Valero Marketing And Supply Co                             $    293M  yoy    -59.8%
   Rhode Island Dot                                           $    295M  yoy    -55.8%
   V2X Systems Llc                                            $    485M  yoy    -53.8%
   Bae Systems Technology Solutions & Services Inc.           $    409M  yoy    -52.8%
   Lockheed Martin Corp                                       $  2,488M  yoy    -52.1%
  NEW ENTRANTS >= $50M (no prior-year base):
   Barnard Construction Company, Incorporated                 $  5,838M
   Davie Defense Inc.                                         $  3,500M
   United Nations Office For The Coordination Of Humanitarian A $  2,935M
   Ufcw - Northern California Employers Joint Pension Plan    $  2,596M
   Spencer Construction Llc                                   $  2,360M
   Southwest Valley Constructors Co                           $  2,248M
  PROMOTE: SignalOS mapping pass (family rollup -> ticker -> seed) on the movers.
[-> AWARD_FLOW_ANOMALIES.json]


===== 2026-09-11 01:05 (desk) =====
=== FEDERAL AWARD-FLOW SCANNER  2026-09-11  (364 recipients >= $50M, window 2026-03-01..2026-08-31 vs 2025-03-01..2025-08-31) ===
  TOP ACCELERATING (who's winning federal money faster?):
   Fisher Sand & Gravel Co                                    $  7,571M  yoy  +1967.6%
   Thalle Construction Co Inc                                 $  1,737M  yoy   +529.2%
   Minnesota Department Of Transportation                     $  1,954M  yoy   +361.7%
   Northrop Grumman Systems Corp                              $  2,001M  yoy   +353.5%
   North Carolina Department Of Public Safety                 $  1,364M  yoy   +270.9%
   State Of Florida Division Of Emergency Management          $  1,837M  yoy   +206.3%
   Bell Textron Inc                                           $    911M  yoy   +204.7%
   Dynetics, Inc.                                             $    760M  yoy   +165.3%
   Oracle Health Government Services, Inc.                    $  1,418M  yoy   +150.4%
   Whiting-Turner Contracting Company, The                    $    713M  yoy   +136.8%
   Metropolitan Transportation Authority                      $  2,442M  yoy   +136.2%
   The State Of Ohio Office Of Budget And Management          $    666M  yoy   +128.5%
   National Steel And Shipbuilding Company                    $    935M  yoy   +119.5%
   Transportation North Carolina Department                   $  2,211M  yoy    +99.3%
   Csi Aviation, Inc                                          $    610M  yoy    +93.3%
  TOP DECELERATING (contract-cut tells):
   Dragados/Hawaiian Dredging/Orion Jv                        $    301M  yoy    -79.5%
   Triad National Security, Llc                               $    764M  yoy    -72.5%
   North Carolina Department Of Environmental Quality         $    264M  yoy    -71.3%
   L3Harris Technologies, Inc.                                $    309M  yoy    -60.6%
   Rhode Island Dot                                           $    273M  yoy    -57.1%
   Fluor Marine Propulsion, Llc                               $    717M  yoy    -56.7%
   Honeywell Federal Manufacturing & Technologies, Llc        $    431M  yoy    -56.5%
   Valero Marketing And Supply Co                             $    261M  yoy    -51.7%
   Lawrence Livermore National Security, Llc                  $    906M  yoy    -50.8%
   Rtx Corporation                                            $  2,112M  yoy    -49.7%
  NEW ENTRANTS >= $50M (no prior-year base):
   Barnard Construction Company, Incorporated                 $  5,468M
   Davie Defense Inc.                                         $  3,320M
   Ufcw - Northern California Employers Joint Pension Plan    $  2,596M
   Southwest Valley Constructors Co                           $  2,245M
   Spencer Construction Llc                                   $  2,100M
   United Nations World Food Programme                        $  1,442M
  PROMOTE: SignalOS mapping pass (family rollup -> ticker -> seed) on the movers.
[-> AWARD_FLOW_ANOMALIES.json]

