
===== 2026-07-13 10:34 (desk) =====
=== CEF TERM / TARGET-TERM LIQUIDATION SCANNER  2026-07-13  (16/16 resolved, NAV 9/16 = 56.2% coverage) ===
  distribution: 9 priced | 1 WIDE-disc & near-term | median disc 3.6%
  WIDE-DISCOUNT NEAR-TERM CANDIDATES (buy the discount; verify term/tender terms in the proxy):
    BGB    Blackstone Strategic Credit 2027 T px $ 11.31 nav $11.8200 +4.36% disc  term 2027-09-15 ( 1.2y)  ~+3.71%/yr
  NAV coverage gap (discount NULL, FLAGGED): ['ETX', 'PDX', 'NMCO', 'NDMO', 'PAXS', 'RFMZ', 'RMMZ']
[-> CEF_TERM.json]

/Users/ajay/Library/Python/3.9/lib/python/site-packages/urllib3/__init__.py:35: NotOpenSSLWarning: urllib3 v2 only supports OpenSSL 1.1.1+, currently the 'ssl' module is compiled with 'LibreSSL 2.8.3'. See: https://github.com/urllib3/urllib3/issues/3020
  warnings.warn(
HTTP Error 404: {"quoteSummary":{"result":null,"error":{"code":"Not Found","description":"Quote not found for symbol: XETXX"}}}
$XETXX: possibly delisted; no price data found  (period=1y) (Yahoo error = "No data found, symbol may be delisted")
$XETXX: possibly delisted; no price data found  (period=5d) (Yahoo error = "No data found, symbol may be delisted")
HTTP Error 404: {"quoteSummary":{"result":null,"error":{"code":"Not Found","description":"Quote not found for symbol: XPDXX"}}}
$XPDXX: possibly delisted; no price data found  (period=1y) (Yahoo error = "No data found, symbol may be delisted")
$XPDXX: possibly delisted; no price data found  (period=5d) (Yahoo error = "No data found, symbol may be delisted")
$XNMCOX: possibly delisted; no price data found  (period=1y) (Yahoo error = "No data found, symbol may be delisted")
$XNMCOX: possibly delisted; no price data found  (period=5d) (Yahoo error = "No data found, symbol may be delisted")
$XNDMOX: possibly delisted; no price data found  (period=1y) (Yahoo error = "No data found, symbol may be delisted")
$XNDMOX: possibly delisted; no price data found  (period=5d) (Yahoo error = "No data found, symbol may be delisted")
$XPAXSX: possibly delisted; no price data found  (period=1y) (Yahoo error = "No data found, symbol may be delisted")
$XPAXSX: possibly delisted; no price data found  (period=5d) (Yahoo error = "No data found, symbol may be delisted")
$XRFMZX: possibly delisted; no price data found  (period=1y) (Yahoo error = "No data found, symbol may be delisted")
$XRFMZX: possibly delisted; no price data found  (period=5d) (Yahoo error = "No data found, symbol may be delisted")
$XRMMZX: possibly delisted; no price data found  (period=1y) (Yahoo error = "No data found, symbol may be delisted")
$XRMMZX: possibly delisted; no price data found  (period=5d) (Yahoo error = "No data found, symbol may be delisted")

===== 2026-07-20 17:38 (desk) =====
=== CEF TERM / TARGET-TERM LIQUIDATION SCANNER  2026-07-20  (16/16 resolved, NAV 9/16 = 56.2% coverage) ===
  distribution: 9 priced | 2 WIDE-disc & near-term | median disc 3.61%
  WIDE-DISCOUNT NEAR-TERM CANDIDATES (buy the discount; verify term/tender terms in the proxy):
    BSL    Blackstone Senior Floating Rate 20 px $ 13.05 nav $13.4800 +3.19% disc  term 2027-05-31 ( 0.9y)  ~+3.70%/yr
    BGB    Blackstone Strategic Credit 2027 T px $ 11.33 nav $11.8300 +4.23% disc  term 2027-09-15 ( 1.2y)  ~+3.66%/yr
  NAV coverage gap (discount NULL, FLAGGED): ['ETX', 'PDX', 'NMCO', 'NDMO', 'PAXS', 'RFMZ', 'RMMZ']
[-> CEF_TERM.json]

/Users/ajay/Library/Python/3.9/lib/python/site-packages/urllib3/__init__.py:35: NotOpenSSLWarning: urllib3 v2 only supports OpenSSL 1.1.1+, currently the 'ssl' module is compiled with 'LibreSSL 2.8.3'. See: https://github.com/urllib3/urllib3/issues/3020
  warnings.warn(
HTTP Error 404: {"quoteSummary":{"result":null,"error":{"code":"Not Found","description":"Quote not found for symbol: XETXX"}}}
$XETXX: possibly delisted; no price data found  (period=1y) (Yahoo error = "No data found, symbol may be delisted")
$XETXX: possibly delisted; no price data found  (period=5d) (Yahoo error = "No data found, symbol may be delisted")
HTTP Error 404: {"quoteSummary":{"result":null,"error":{"code":"Not Found","description":"Quote not found for symbol: XPDXX"}}}
$XPDXX: possibly delisted; no price data found  (period=1y) (Yahoo error = "No data found, symbol may be delisted")
$XPDXX: possibly delisted; no price data found  (period=5d) (Yahoo error = "No data found, symbol may be delisted")
$XNMCOX: possibly delisted; no price data found  (period=1y) (Yahoo error = "No data found, symbol may be delisted")
$XNMCOX: possibly delisted; no price data found  (period=5d) (Yahoo error = "No data found, symbol may be delisted")
$XNDMOX: possibly delisted; no price data found  (period=1y) (Yahoo error = "No data found, symbol may be delisted")
$XNDMOX: possibly delisted; no price data found  (period=5d) (Yahoo error = "No data found, symbol may be delisted")
$XPAXSX: possibly delisted; no price data found  (period=1y) (Yahoo error = "No data found, symbol may be delisted")
$XPAXSX: possibly delisted; no price data found  (period=5d) (Yahoo error = "No data found, symbol may be delisted")
$XRFMZX: possibly delisted; no price data found  (period=1y) (Yahoo error = "No data found, symbol may be delisted")
$XRFMZX: possibly delisted; no price data found  (period=5d) (Yahoo error = "No data found, symbol may be delisted")
$XRMMZX: possibly delisted; no price data found  (period=1y) (Yahoo error = "No data found, symbol may be delisted")
$XRMMZX: possibly delisted; no price data found  (period=5d) (Yahoo error = "No data found, symbol may be delisted")

===== 2026-07-27 23:33 (desk) =====
=== CEF TERM / TARGET-TERM LIQUIDATION SCANNER  2026-07-27  (0/16 resolved, NAV 0/0 = None% coverage) ===
  distribution: 0 priced | 0 WIDE-disc & near-term | median disc None%
  no wide-discount near-term names this run — tightest of the priced set:
  dropped (unresolved/terminated, 16): ['BSL', 'BGB', 'ETX', 'RMI', 'BTT', 'PDX', 'RMM', 'NMCO', 'NDMO', 'PDO', 'WDI', 'PAXS', 'RFM', 'RFMZ', 'BMN', 'RMMZ']
[-> CEF_TERM.json]

/Users/ajay/Library/Python/3.9/lib/python/site-packages/urllib3/__init__.py:35: NotOpenSSLWarning: urllib3 v2 only supports OpenSSL 1.1.1+, currently the 'ssl' module is compiled with 'LibreSSL 2.8.3'. See: https://github.com/urllib3/urllib3/issues/3020
  warnings.warn(

===== 2026-08-04 00:37 (desk) =====
=== CEF TERM / TARGET-TERM LIQUIDATION SCANNER  2026-08-04  (16/16 resolved, NAV 9/16 = 56.2% coverage) ===
  distribution: 9 priced | 1 WIDE-disc & near-term | median disc 4.2%
  WIDE-DISCOUNT NEAR-TERM CANDIDATES (buy the discount; verify term/tender terms in the proxy):
    BGB    Blackstone Strategic Credit 2027 T px $ 11.20 nav $11.7700 +4.84% disc  term 2027-09-15 ( 1.1y)  ~+4.34%/yr
  NAV coverage gap (discount NULL, FLAGGED): ['ETX', 'PDX', 'NMCO', 'NDMO', 'PAXS', 'RFMZ', 'RMMZ']
[-> CEF_TERM.json]

/Users/ajay/Library/Python/3.9/lib/python/site-packages/urllib3/__init__.py:35: NotOpenSSLWarning: urllib3 v2 only supports OpenSSL 1.1.1+, currently the 'ssl' module is compiled with 'LibreSSL 2.8.3'. See: https://github.com/urllib3/urllib3/issues/3020
  warnings.warn(
HTTP Error 404: {"quoteSummary":{"result":null,"error":{"code":"Not Found","description":"Quote not found for symbol: XETXX"}}}
$XETXX: possibly delisted; no price data found  (period=1y) (Yahoo error = "No data found, symbol may be delisted")
$XETXX: possibly delisted; no price data found  (period=5d) (Yahoo error = "No data found, symbol may be delisted")
HTTP Error 404: {"quoteSummary":{"result":null,"error":{"code":"Not Found","description":"Quote not found for symbol: XPDXX"}}}
$XPDXX: possibly delisted; no price data found  (period=1y) (Yahoo error = "No data found, symbol may be delisted")
$XPDXX: possibly delisted; no price data found  (period=5d) (Yahoo error = "No data found, symbol may be delisted")
$XNMCOX: possibly delisted; no price data found  (period=1y) (Yahoo error = "No data found, symbol may be delisted")
$XNMCOX: possibly delisted; no price data found  (period=5d) (Yahoo error = "No data found, symbol may be delisted")
$XNDMOX: possibly delisted; no price data found  (period=1y) (Yahoo error = "No data found, symbol may be delisted")
$XNDMOX: possibly delisted; no price data found  (period=5d) (Yahoo error = "No data found, symbol may be delisted")
$XPAXSX: possibly delisted; no price data found  (period=1y) (Yahoo error = "No data found, symbol may be delisted")
$XPAXSX: possibly delisted; no price data found  (period=5d) (Yahoo error = "No data found, symbol may be delisted")
$XRFMZX: possibly delisted; no price data found  (period=1y) (Yahoo error = "No data found, symbol may be delisted")
$XRFMZX: possibly delisted; no price data found  (period=5d) (Yahoo error = "No data found, symbol may be delisted")
$XRMMZX: possibly delisted; no price data found  (period=1y) (Yahoo error = "No data found, symbol may be delisted")
$XRMMZX: possibly delisted; no price data found  (period=5d) (Yahoo error = "No data found, symbol may be delisted")

===== 2026-08-11 01:45 (desk) =====
=== CEF TERM / TARGET-TERM LIQUIDATION SCANNER  2026-08-11  (16/16 resolved, NAV 9/16 = 56.2% coverage) ===
  distribution: 9 priced | 1 WIDE-disc & near-term | median disc 4.32%
  WIDE-DISCOUNT NEAR-TERM CANDIDATES (buy the discount; verify term/tender terms in the proxy):
    BGB    Blackstone Strategic Credit 2027 T px $ 11.30 nav $11.8100 +4.32% disc  term 2027-09-15 ( 1.1y)  ~+3.94%/yr
  NAV coverage gap (discount NULL, FLAGGED): ['ETX', 'PDX', 'NMCO', 'NDMO', 'PAXS', 'RFMZ', 'RMMZ']
[-> CEF_TERM.json]

/Users/ajay/Library/Python/3.9/lib/python/site-packages/urllib3/__init__.py:35: NotOpenSSLWarning: urllib3 v2 only supports OpenSSL 1.1.1+, currently the 'ssl' module is compiled with 'LibreSSL 2.8.3'. See: https://github.com/urllib3/urllib3/issues/3020
  warnings.warn(
HTTP Error 404: {"quoteSummary":{"result":null,"error":{"code":"Not Found","description":"Quote not found for symbol: XETXX"}}}
$XETXX: possibly delisted; no price data found  (period=1y) (Yahoo error = "No data found, symbol may be delisted")
$XETXX: possibly delisted; no price data found  (period=5d) (Yahoo error = "No data found, symbol may be delisted")
HTTP Error 404: {"quoteSummary":{"result":null,"error":{"code":"Not Found","description":"Quote not found for symbol: XPDXX"}}}
$XPDXX: possibly delisted; no price data found  (period=1y) (Yahoo error = "No data found, symbol may be delisted")
$XPDXX: possibly delisted; no price data found  (period=5d) (Yahoo error = "No data found, symbol may be delisted")
$XNMCOX: possibly delisted; no price data found  (period=1y) (Yahoo error = "No data found, symbol may be delisted")
$XNMCOX: possibly delisted; no price data found  (period=5d) (Yahoo error = "No data found, symbol may be delisted")
$XNDMOX: possibly delisted; no price data found  (period=1y) (Yahoo error = "No data found, symbol may be delisted")
$XNDMOX: possibly delisted; no price data found  (period=5d) (Yahoo error = "No data found, symbol may be delisted")
$XPAXSX: possibly delisted; no price data found  (period=1y) (Yahoo error = "No data found, symbol may be delisted")
$XPAXSX: possibly delisted; no price data found  (period=5d) (Yahoo error = "No data found, symbol may be delisted")
$XRFMZX: possibly delisted; no price data found  (period=1y) (Yahoo error = "No data found, symbol may be delisted")
$XRFMZX: possibly delisted; no price data found  (period=5d) (Yahoo error = "No data found, symbol may be delisted")
$XRMMZX: possibly delisted; no price data found  (period=1y) (Yahoo error = "No data found, symbol may be delisted")
$XRMMZX: possibly delisted; no price data found  (period=5d) (Yahoo error = "No data found, symbol may be delisted")

===== 2026-09-11 01:19 (desk) =====
=== CEF TERM / TARGET-TERM LIQUIDATION SCANNER  2026-09-11  (16/16 resolved, NAV 9/16 = 56.2% coverage) ===
  distribution: 9 priced | 2 WIDE-disc & near-term | median disc 4.95%
  WIDE-DISCOUNT NEAR-TERM CANDIDATES (buy the discount; verify term/tender terms in the proxy):
    BSL    Blackstone Senior Floating Rate 20 px $ 12.93 nav $13.5200 +4.36% disc  term 2027-05-31 ( 0.7y)  ~+6.08%/yr
    BGB    Blackstone Strategic Credit 2027 T px $ 11.20 nav $11.8400 +5.41% disc  term 2027-09-15 ( 1.0y)  ~+5.35%/yr
  NAV coverage gap (discount NULL, FLAGGED): ['ETX', 'PDX', 'NMCO', 'NDMO', 'PAXS', 'RFMZ', 'RMMZ']
[-> CEF_TERM.json]

/Users/ajay/Library/Python/3.9/lib/python/site-packages/urllib3/__init__.py:35: NotOpenSSLWarning: urllib3 v2 only supports OpenSSL 1.1.1+, currently the 'ssl' module is compiled with 'LibreSSL 2.8.3'. See: https://github.com/urllib3/urllib3/issues/3020
  warnings.warn(
HTTP Error 404: {"quoteSummary":{"result":null,"error":{"code":"Not Found","description":"Quote not found for symbol: XETXX"}}}
$XETXX: possibly delisted; no price data found  (period=1y) (Yahoo error = "No data found, symbol may be delisted")
$XETXX: possibly delisted; no price data found  (period=5d) (Yahoo error = "No data found, symbol may be delisted")
HTTP Error 404: {"quoteSummary":{"result":null,"error":{"code":"Not Found","description":"Quote not found for symbol: XPDXX"}}}
$XPDXX: possibly delisted; no price data found  (period=1y) (Yahoo error = "No data found, symbol may be delisted")
$XPDXX: possibly delisted; no price data found  (period=5d) (Yahoo error = "No data found, symbol may be delisted")
$XNMCOX: possibly delisted; no price data found  (period=1y) (Yahoo error = "No data found, symbol may be delisted")
$XNMCOX: possibly delisted; no price data found  (period=5d) (Yahoo error = "No data found, symbol may be delisted")
$XNDMOX: possibly delisted; no price data found  (period=1y) (Yahoo error = "No data found, symbol may be delisted")
$XNDMOX: possibly delisted; no price data found  (period=5d) (Yahoo error = "No data found, symbol may be delisted")
$XPAXSX: possibly delisted; no price data found  (period=1y) (Yahoo error = "No data found, symbol may be delisted")
$XPAXSX: possibly delisted; no price data found  (period=5d) (Yahoo error = "No data found, symbol may be delisted")
$XRFMZX: possibly delisted; no price data found  (period=1y) (Yahoo error = "No data found, symbol may be delisted")
$XRFMZX: possibly delisted; no price data found  (period=5d) (Yahoo error = "No data found, symbol may be delisted")
$XRMMZX: possibly delisted; no price data found  (period=1y) (Yahoo error = "No data found, symbol may be delisted")
$XRMMZX: possibly delisted; no price data found  (period=5d) (Yahoo error = "No data found, symbol may be delisted")
