
===== 2026-08-14 00:33 (desk) =====
[cohort_dislocation] sweep context: DISLOCATION_SWEEP.json=2026-08-12; INTL_DISLOCATION_SWEEP.json=2026-08-11; US_BROAD_DISLOCATION_SWEEP.json=2026-08-14
[cohort_dislocation] industry map: 150 mapped / 281 probed (+0 this run of 120 attempted, 120 refused)
AUTO LEG PROVISIONAL: industry map covers 4.5% of the 2804 liquid names (gate 50%) — 9 auto cohorts built but WITHHELD from firing (a 4-name 'industry' is an arbitrary sample, not a theme). Curated cohorts fire normally.
[cohort_dislocation] 2026-08-14: 4 cohorts (4 curated + 0 auto-industry), 3 evaluated, 0 FIRED
DEGRADED-LOUD: 38 of 40 cohort members priced; 2 DEGRADED — SMAR, ZI
DEGRADED-LOUD: 2679 liquid names (>= $1.0B) have NO industry row and are invisible to the auto leg — the map fills 120/run; 23 more runs to close

/Users/ajay/Library/Python/3.9/lib/python/site-packages/urllib3/__init__.py:35: NotOpenSSLWarning: urllib3 v2 only supports OpenSSL 1.1.1+, currently the 'ssl' module is compiled with 'LibreSSL 2.8.3'. See: https://github.com/urllib3/urllib3/issues/3020
  warnings.warn(
$ZI: possibly delisted; no price data found  (period=9mo) (Yahoo error = "No data found, symbol may be delisted")
$SMAR: possibly delisted; no price data found  (period=9mo) (Yahoo error = "No data found, symbol may be delisted")

2 Failed downloads:
['ZI', 'SMAR']: possibly delisted; no price data found  (period=9mo) (Yahoo error = "No data found, symbol may be delisted")

===== 2026-08-17 08:43 (desk) =====
[cohort_dislocation] sweep context: DISLOCATION_SWEEP.json=2026-08-17; INTL_DISLOCATION_SWEEP.json=2026-08-11; US_BROAD_DISLOCATION_SWEEP.json=2026-08-17
[cohort_dislocation] industry map: 469 mapped / 641 probed (+96 this run of 120 attempted, 24 refused)
DETFIRE|cohort_dislocation|narrative:financial_data_vendors|MED|cohort de-rate [21d leg]: median 21d excess -10.5pp vs SPY; breadth 60% of 5 members negative; 63d median +6.6pp (20% breadth); ex-worst(MSCI -15.3pp) median -3.8pp — SKEW: dropping the deepest member takes the cohort back above the fire bar, so this is a CONCENTRATED de-rate, not a uniform one; do not tell the court 'the whole cohort re-rated'. BEST-IN-CLASS DRAGGED: SPGI (-13.0pp, mcap $124.6B, net DEBT $11.61B). COURT QUESTION: cohort de-rate: is SPGI dislocated with its cohort or correctly repriced? — PROPOSES ONLY: cause-check -> discovery_state -> court (v1.4) before any staging; a cohort that fell together may be correctly repriced, and a shallow 'no cause found' is beta, not a dislocation
DETFIRE|cohort_dislocation|SPGI|MED|best-in-class member of the de-rating cohort 'narrative:financial_data_vendors' (-13.0pp 21d excess vs SPY; ranked #1 of 3 on size+balance-sheet). COURT QUESTION: cohort de-rate: is SPGI dislocated with its cohort or correctly repriced? — PROPOSES ONLY: the cohort fired, not this name; cause-check -> discovery_state -> court (v1.4) before any staging
AUTO LEG PROVISIONAL: industry map covers 12.8% of the 2802 liquid names (gate 50%) — 31 auto cohorts built but WITHHELD from firing (a 4-name 'industry' is an arbitrary sample, not a theme). Curated cohorts fire normally.
[cohort_dislocation] 2026-08-17: 7 cohorts (7 curated + 0 auto-industry), 6 evaluated, 1 FIRED
DEGRADED-LOUD: 64 of 66 cohort members priced; 2 DEGRADED — SMAR, ZI
DEGRADED-LOUD: 2442 liquid names (>= $1.0B) have NO industry row and are invisible to the auto leg — the map fills 120/run; 21 more runs to close

/Users/ajay/Library/Python/3.9/lib/python/site-packages/urllib3/__init__.py:35: NotOpenSSLWarning: urllib3 v2 only supports OpenSSL 1.1.1+, currently the 'ssl' module is compiled with 'LibreSSL 2.8.3'. See: https://github.com/urllib3/urllib3/issues/3020
  warnings.warn(
HTTP Error 404: {"quoteSummary":{"result":null,"error":{"code":"Not Found","description":"Quote not found for symbol: ACSO"}}}
HTTP Error 404: {"quoteSummary":{"result":null,"error":{"code":"Not Found","description":"Quote not found for symbol: GENL"}}}
HTTP Error 404: {"quoteSummary":{"result":null,"error":{"code":"Not Found","description":"Quote not found for symbol: PEBB"}}}
HTTP Error 404: {"quoteSummary":{"result":null,"error":{"code":"Not Found","description":"Quote not found for symbol: SPR"}}}
$ZI: possibly delisted; no price data found  (period=9mo) (Yahoo error = "No data found, symbol may be delisted")
$SMAR: possibly delisted; no price data found  (period=9mo) (Yahoo error = "No data found, symbol may be delisted")

2 Failed downloads:
['ZI', 'SMAR']: possibly delisted; no price data found  (period=9mo) (Yahoo error = "No data found, symbol may be delisted")

===== 2026-09-11 00:53 (desk) =====
[cohort_dislocation] sweep context: DISLOCATION_SWEEP.json=2026-09-11; INTL_DISLOCATION_SWEEP.json=2026-09-11; US_BROAD_DISLOCATION_SWEEP.json=2026-09-11
[cohort_dislocation] industry map: 589 mapped / 761 probed (+120 this run of 120 attempted, 0 refused)
DETFIRE|cohort_dislocation|narrative:private_credit_managers|MED|cohort de-rate [21d leg]: median 21d excess -8.1pp vs SPY; breadth 100% of 8 members negative; 63d median +0.6pp (50% breadth); ex-worst(BX -13.1pp) median -7.5pp. BEST-IN-CLASS DRAGGED: BX (-13.1pp, mcap $178.5B, net DEBT $12.64B). COURT QUESTION: cohort de-rate: is BX dislocated with its cohort or correctly repriced? — PROPOSES ONLY: cause-check -> discovery_state -> court (v1.4) before any staging; a cohort that fell together may be correctly repriced, and a shallow 'no cause found' is beta, not a dislocation
DETFIRE|cohort_dislocation|BX|MED|best-in-class member of the de-rating cohort 'narrative:private_credit_managers' (-13.1pp 21d excess vs SPY; ranked #1 of 8 on size+balance-sheet). COURT QUESTION: cohort de-rate: is BX dislocated with its cohort or correctly repriced? — PROPOSES ONLY: the cohort fired, not this name; cause-check -> discovery_state -> court (v1.4) before any staging
AUTO LEG PROVISIONAL: industry map covers 16.7% of the 2786 liquid names (gate 50%) — 42 auto cohorts built but WITHHELD from firing (a 4-name 'industry' is an arbitrary sample, not a theme). Curated cohorts fire normally.
[cohort_dislocation] 2026-09-11: 7 cohorts (7 curated + 0 auto-industry), 6 evaluated, 1 FIRED
DEGRADED-LOUD: 64 of 66 cohort members priced; 2 DEGRADED — SMAR, ZI
DEGRADED-LOUD: 2321 liquid names (>= $1.0B) have NO industry row and are invisible to the auto leg — the map fills 120/run; 20 more runs to close

/Users/ajay/Library/Python/3.9/lib/python/site-packages/urllib3/__init__.py:35: NotOpenSSLWarning: urllib3 v2 only supports OpenSSL 1.1.1+, currently the 'ssl' module is compiled with 'LibreSSL 2.8.3'. See: https://github.com/urllib3/urllib3/issues/3020
  warnings.warn(
$SMAR: possibly delisted; no price data found  (period=9mo) (Yahoo error = "No data found, symbol may be delisted")
$ZI: possibly delisted; no price data found  (period=9mo) (Yahoo error = "No data found, symbol may be delisted")

2 Failed downloads:
['SMAR', 'ZI']: possibly delisted; no price data found  (period=9mo) (Yahoo error = "No data found, symbol may be delisted")
