
===== 2026-07-03 10:30 (desk) =====
=== CROSS-BORDER TWIN SCANNER  2026-07-03  (13 pairs, 1 rejected) ===
  KOF            PE  12.7 vs KO      PE  24.2 | EY gap   3.7pp just.  2.1pp -> EXCESS   1.7pp GROWTH-EXPLAINED | KO owns ~28% + FEMSA control; bottler vs bran
  WALMEX.MX      PE  14.7 vs WMT     PE  34.0 | EY gap   3.8pp just.  2.3pp -> EXCESS   1.5pp GROWTH-EXPLAINED | WMT owns ~70%; float ok; same format/brand
  GFNORTEO.MX    PE   7.9 vs USB     PE  10.9 | EY gap   3.5pp just.  2.4pp -> EXCESS   1.0pp | bank; no controlling parent (true float) — cl
  AC.MX          PE  14.4 vs KO      PE  24.2 | EY gap   2.8pp just.  1.9pp -> EXCESS   0.9pp GROWTH-EXPLAINED | bottler vs brand caveat as KOF
  CX             PE  13.6 vs HOLN.SW PE  18.1 | EY gap   1.8pp just.  1.5pp -> EXCESS   0.4pp | CX ~40% US/EU revenue -> lambda 0.6; leverage
  BAP            PE  11.6 vs JPM     PE  14.1 | EY gap   1.5pp just.  1.8pp -> EXCESS  -0.3pp | bank pair kept for continuity w/ CRP scanner;
  TLK            PE   9.0 vs DTE.DE  PE  10.1 | EY gap   1.1pp just.  2.5pp -> EXCESS  -1.3pp | SOE (state 52%) — structure-earned discount c
  SQM            PE  11.8 vs ALB     PE  11.0 | EY gap  -0.6pp just.  0.8pp -> EXCESS  -1.4pp | lithium twins; both cyclical — PE unstable at
  ABEV           PE  14.2 vs BUD     PE  16.6 | EY gap   1.0pp just.  2.9pp -> EXCESS  -1.9pp | ABI owns ~62%; same brands; BUD itself carrie
  UNVR.JK        PE  16.9 vs ULVR.L  PE  15.8 | EY gap  -0.4pp just.  1.7pp -> EXCESS  -2.1pp | parent owns ~85%; float thin; SAME products
  HINDUNILVR.NS  PE  41.0 vs ULVR.L  PE  15.8 | EY gap  -3.9pp just.  1.5pp -> EXCESS  -5.4pp | parent ~62%; the REVERSE tell — India glamour
  NESTLEIND.NS   PE  61.4 vs NESN.SW PE  17.9 | EY gap  -4.0pp just.  2.3pp -> EXCESS  -6.2pp | parent ~63%; reverse-tell candidate
  MHPC.L         PE   6.8 vs TSN     PE  13.0 | EY gap   7.0pp just. 15.0pp -> EXCESS  -8.0pp | war-risk extreme case; CRP table lacks Ukrain
  REJECT BIMBOA.MX/K: no usable PE
[-> CROSSBORDER_TWINS.json]  The scanner proposes; the pipeline disposes.

/Users/ajay/Library/Python/3.9/lib/python/site-packages/urllib3/__init__.py:35: NotOpenSSLWarning: urllib3 v2 only supports OpenSSL 1.1.1+, currently the 'ssl' module is compiled with 'LibreSSL 2.8.3'. See: https://github.com/urllib3/urllib3/issues/3020
  warnings.warn(
HTTP Error 404: {"quoteSummary":{"result":null,"error":{"code":"Not Found","description":"Quote not found for symbol: K"}}}

===== 2026-07-06 00:33 (desk) =====
=== CROSS-BORDER TWIN SCANNER  2026-07-06  (13 pairs, 1 rejected) ===
  KOF            PE  12.7 vs KO      PE  24.2 | EY gap   3.7pp just.  2.1pp -> EXCESS   1.7pp GROWTH-EXPLAINED | KO owns ~28% + FEMSA control; bottler vs bran
  WALMEX.MX      PE  14.8 vs WMT     PE  34.0 | EY gap   3.8pp just.  2.3pp -> EXCESS   1.5pp GROWTH-EXPLAINED | WMT owns ~70%; float ok; same format/brand
  GFNORTEO.MX    PE   8.0 vs USB     PE  10.9 | EY gap   3.4pp just.  2.4pp -> EXCESS   1.0pp | bank; no controlling parent (true float) — cl
  AC.MX          PE  14.3 vs KO      PE  24.2 | EY gap   2.8pp just.  1.9pp -> EXCESS   0.9pp GROWTH-EXPLAINED | bottler vs brand caveat as KOF
  CX             PE  13.6 vs HOLN.SW PE  18.0 | EY gap   1.8pp just.  1.5pp -> EXCESS   0.3pp | CX ~40% US/EU revenue -> lambda 0.6; leverage
  BAP            PE  11.6 vs JPM     PE  14.1 | EY gap   1.5pp just.  1.8pp -> EXCESS  -0.3pp | bank pair kept for continuity w/ CRP scanner;
  TLK            PE   9.0 vs DTE.DE  PE  10.1 | EY gap   1.2pp just.  2.5pp -> EXCESS  -1.3pp | SOE (state 52%) — structure-earned discount c
  SQM            PE  11.6 vs ALB     PE  10.9 | EY gap  -0.5pp just.  0.8pp -> EXCESS  -1.3pp | lithium twins; both cyclical — PE unstable at
  ABEV           PE  14.3 vs BUD     PE  16.6 | EY gap   0.9pp just.  2.9pp -> EXCESS  -2.0pp | ABI owns ~62%; same brands; BUD itself carrie
  UNVR.JK        PE  16.7 vs ULVR.L  PE  15.9 | EY gap  -0.3pp just.  1.7pp -> EXCESS  -2.0pp | parent owns ~85%; float thin; SAME products
  HINDUNILVR.NS  PE  41.1 vs ULVR.L  PE  15.9 | EY gap  -3.9pp just.  1.5pp -> EXCESS  -5.3pp | parent ~62%; the REVERSE tell — India glamour
  NESTLEIND.NS   PE  61.6 vs NESN.SW PE  18.0 | EY gap  -3.9pp just.  2.3pp -> EXCESS  -6.2pp | parent ~63%; reverse-tell candidate
  MHPC.L         PE   6.8 vs TSN     PE  13.0 | EY gap   7.0pp just. 15.0pp -> EXCESS  -8.0pp | war-risk extreme case; CRP table lacks Ukrain
  REJECT BIMBOA.MX/K: no usable PE
[-> CROSSBORDER_TWINS.json]  The scanner proposes; the pipeline disposes.

/Users/ajay/Library/Python/3.9/lib/python/site-packages/urllib3/__init__.py:35: NotOpenSSLWarning: urllib3 v2 only supports OpenSSL 1.1.1+, currently the 'ssl' module is compiled with 'LibreSSL 2.8.3'. See: https://github.com/urllib3/urllib3/issues/3020
  warnings.warn(
HTTP Error 404: {"quoteSummary":{"result":null,"error":{"code":"Not Found","description":"Quote not found for symbol: K"}}}

===== 2026-07-07 07:33 (desk) =====
=== CROSS-BORDER TWIN SCANNER  2026-07-07  (13 pairs, 1 rejected) ===
  WALMEX.MX      PE  14.6 vs WMT     PE  34.3 | EY gap   3.9pp just.  2.3pp -> EXCESS   1.6pp GROWTH-EXPLAINED | WMT owns ~70%; float ok; same format/brand
  KOF            PE  12.9 vs KO      PE  24.4 | EY gap   3.6pp just.  2.1pp -> EXCESS   1.6pp GROWTH-EXPLAINED | KO owns ~28% + FEMSA control; bottler vs bran
  GFNORTEO.MX    PE   8.0 vs USB     PE  11.2 | EY gap   3.5pp just.  2.4pp -> EXCESS   1.1pp | bank; no controlling parent (true float) — cl
  AC.MX          PE  14.4 vs KO      PE  24.4 | EY gap   2.8pp just.  1.9pp -> EXCESS   0.9pp GROWTH-EXPLAINED | bottler vs brand caveat as KOF
  CX             PE  13.4 vs HOLN.SW PE  17.8 | EY gap   1.9pp just.  1.5pp -> EXCESS   0.4pp | CX ~40% US/EU revenue -> lambda 0.6; leverage
  BAP            PE  11.5 vs JPM     PE  14.3 | EY gap   1.7pp just.  1.8pp -> EXCESS  -0.2pp | bank pair kept for continuity w/ CRP scanner;
  TLK            PE   9.1 vs DTE.DE  PE  10.4 | EY gap   1.3pp just.  2.5pp -> EXCESS  -1.1pp | SOE (state 52%) — structure-earned discount c
  UNVR.JK        PE  16.6 vs ULVR.L  PE  16.2 | EY gap  -0.2pp just.  1.7pp -> EXCESS  -1.8pp | parent owns ~85%; float thin; SAME products
  ABEV           PE  14.3 vs BUD     PE  16.6 | EY gap   1.0pp just.  2.9pp -> EXCESS  -1.9pp | ABI owns ~62%; same brands; BUD itself carrie
  SQM            PE  11.5 vs ALB     PE   9.9 | EY gap  -1.5pp just.  0.8pp -> EXCESS  -2.3pp | lithium twins; both cyclical — PE unstable at
  HINDUNILVR.NS  PE  41.2 vs ULVR.L  PE  16.2 | EY gap  -3.8pp just.  1.5pp -> EXCESS  -5.2pp | parent ~62%; the REVERSE tell — India glamour
  NESTLEIND.NS   PE  61.9 vs NESN.SW PE  18.1 | EY gap  -3.9pp just.  2.3pp -> EXCESS  -6.2pp | parent ~63%; reverse-tell candidate
  MHPC.L         PE   6.8 vs TSN     PE  13.2 | EY gap   7.1pp just. 15.0pp -> EXCESS  -7.9pp | war-risk extreme case; CRP table lacks Ukrain
  REJECT BIMBOA.MX/K: no usable PE
[-> CROSSBORDER_TWINS.json]  The scanner proposes; the pipeline disposes.

/Users/ajay/Library/Python/3.9/lib/python/site-packages/urllib3/__init__.py:35: NotOpenSSLWarning: urllib3 v2 only supports OpenSSL 1.1.1+, currently the 'ssl' module is compiled with 'LibreSSL 2.8.3'. See: https://github.com/urllib3/urllib3/issues/3020
  warnings.warn(
HTTP Error 404: {"quoteSummary":{"result":null,"error":{"code":"Not Found","description":"Quote not found for symbol: K"}}}

===== 2026-07-08 08:32 (desk) =====
=== CROSS-BORDER TWIN SCANNER  2026-07-08  (13 pairs, 1 rejected) ===
  KOF            PE  12.3 vs KO      PE  24.2 | EY gap   4.0pp just.  2.1pp -> EXCESS   1.9pp GROWTH-EXPLAINED | KO owns ~28% + FEMSA control; bottler vs bran
  WALMEX.MX      PE  14.8 vs WMT     PE  34.4 | EY gap   3.9pp just.  2.3pp -> EXCESS   1.6pp GROWTH-EXPLAINED | WMT owns ~70%; float ok; same format/brand
  AC.MX          PE  14.2 vs KO      PE  24.2 | EY gap   2.9pp just.  1.9pp -> EXCESS   1.0pp GROWTH-EXPLAINED | bottler vs brand caveat as KOF
  GFNORTEO.MX    PE   7.8 vs USB     PE  10.7 | EY gap   3.4pp just.  2.4pp -> EXCESS   1.0pp | bank; no controlling parent (true float) — cl
  CX             PE  13.2 vs HOLN.SW PE  17.0 | EY gap   1.7pp just.  1.5pp -> EXCESS   0.3pp | CX ~40% US/EU revenue -> lambda 0.6; leverage
  BAP            PE  11.2 vs JPM     PE  14.0 | EY gap   1.8pp just.  1.8pp -> EXCESS  -0.1pp | bank pair kept for continuity w/ CRP scanner;
  TLK            PE   9.1 vs DTE.DE  PE  10.2 | EY gap   1.2pp just.  2.5pp -> EXCESS  -1.3pp | SOE (state 52%) — structure-earned discount c
  UNVR.JK        PE  16.3 vs ULVR.L  PE  15.9 | EY gap  -0.2pp just.  1.7pp -> EXCESS  -1.9pp | parent owns ~85%; float thin; SAME products
  ABEV           PE  14.0 vs BUD     PE  16.1 | EY gap   1.0pp just.  2.9pp -> EXCESS  -2.0pp | ABI owns ~62%; same brands; BUD itself carrie
  SQM            PE  11.5 vs ALB     PE   9.6 | EY gap  -1.7pp just.  0.8pp -> EXCESS  -2.5pp | lithium twins; both cyclical — PE unstable at
  HINDUNILVR.NS  PE  39.8 vs ULVR.L  PE  15.9 | EY gap  -3.8pp just.  1.5pp -> EXCESS  -5.3pp | parent ~62%; the REVERSE tell — India glamour
  NESTLEIND.NS   PE  61.0 vs NESN.SW PE  17.7 | EY gap  -4.0pp just.  2.3pp -> EXCESS  -6.3pp | parent ~63%; reverse-tell candidate
  MHPC.L         PE   6.8 vs TSN     PE  13.0 | EY gap   7.0pp just. 15.0pp -> EXCESS  -8.0pp | war-risk extreme case; CRP table lacks Ukrain
  REJECT BIMBOA.MX/K: no usable PE
[-> CROSSBORDER_TWINS.json]  The scanner proposes; the pipeline disposes.

/Users/ajay/Library/Python/3.9/lib/python/site-packages/urllib3/__init__.py:35: NotOpenSSLWarning: urllib3 v2 only supports OpenSSL 1.1.1+, currently the 'ssl' module is compiled with 'LibreSSL 2.8.3'. See: https://github.com/urllib3/urllib3/issues/3020
  warnings.warn(
HTTP Error 404: {"quoteSummary":{"result":null,"error":{"code":"Not Found","description":"Quote not found for symbol: K"}}}

===== 2026-07-09 09:33 (desk) =====
=== CROSS-BORDER TWIN SCANNER  2026-07-09  (13 pairs, 1 rejected) ===
  KOF            PE  12.4 vs KO      PE  23.7 | EY gap   3.9pp just.  2.1pp -> EXCESS   1.8pp GROWTH-EXPLAINED | KO owns ~28% + FEMSA control; bottler vs bran
  WALMEX.MX      PE  14.5 vs WMT     PE  34.0 | EY gap   3.9pp just.  2.3pp -> EXCESS   1.6pp GROWTH-EXPLAINED | WMT owns ~70%; float ok; same format/brand
  GFNORTEO.MX    PE   8.0 vs USB     PE  10.9 | EY gap   3.4pp just.  2.4pp -> EXCESS   1.0pp | bank; no controlling parent (true float) — cl
  AC.MX          PE  14.1 vs KO      PE  23.7 | EY gap   2.9pp just.  1.9pp -> EXCESS   0.9pp GROWTH-EXPLAINED | bottler vs brand caveat as KOF
  CX             PE  13.6 vs HOLN.SW PE  17.0 | EY gap   1.5pp just.  1.5pp -> EXCESS   0.0pp | CX ~40% US/EU revenue -> lambda 0.6; leverage
  BAP            PE  11.6 vs JPM     PE  14.1 | EY gap   1.5pp just.  1.8pp -> EXCESS  -0.3pp | bank pair kept for continuity w/ CRP scanner;
  TLK            PE   9.1 vs DTE.DE  PE  10.2 | EY gap   1.1pp just.  2.5pp -> EXCESS  -1.3pp | SOE (state 52%) — structure-earned discount c
  UNVR.JK        PE  16.1 vs ULVR.L  PE  15.6 | EY gap  -0.2pp just.  1.7pp -> EXCESS  -1.9pp | parent owns ~85%; float thin; SAME products
  ABEV           PE  14.1 vs BUD     PE  16.1 | EY gap   0.9pp just.  2.9pp -> EXCESS  -2.0pp | ABI owns ~62%; same brands; BUD itself carrie
  SQM            PE  11.8 vs ALB     PE   9.9 | EY gap  -1.7pp just.  0.8pp -> EXCESS  -2.4pp | lithium twins; both cyclical — PE unstable at
  HINDUNILVR.NS  PE  40.0 vs ULVR.L  PE  15.6 | EY gap  -3.9pp just.  1.5pp -> EXCESS  -5.4pp | parent ~62%; the REVERSE tell — India glamour
  NESTLEIND.NS   PE  61.5 vs NESN.SW PE  17.6 | EY gap  -4.0pp just.  2.3pp -> EXCESS  -6.3pp | parent ~63%; reverse-tell candidate
  MHPC.L         PE   6.8 vs TSN     PE  12.9 | EY gap   6.9pp just. 15.0pp -> EXCESS  -8.1pp | war-risk extreme case; CRP table lacks Ukrain
  REJECT BIMBOA.MX/K: no usable PE
[-> CROSSBORDER_TWINS.json]  The scanner proposes; the pipeline disposes.

/Users/ajay/Library/Python/3.9/lib/python/site-packages/urllib3/__init__.py:35: NotOpenSSLWarning: urllib3 v2 only supports OpenSSL 1.1.1+, currently the 'ssl' module is compiled with 'LibreSSL 2.8.3'. See: https://github.com/urllib3/urllib3/issues/3020
  warnings.warn(
HTTP Error 404: {"quoteSummary":{"result":null,"error":{"code":"Not Found","description":"Quote not found for symbol: K"}}}

===== 2026-07-10 10:35 (desk) =====
=== CROSS-BORDER TWIN SCANNER  2026-07-10  (13 pairs, 1 rejected) ===
  KOF            PE  12.4 vs KO      PE  24.0 | EY gap   3.9pp just.  2.1pp -> EXCESS   1.9pp GROWTH-EXPLAINED | KO owns ~28% + FEMSA control; bottler vs bran
  WALMEX.MX      PE  14.5 vs WMT     PE  34.6 | EY gap   4.0pp just.  2.3pp -> EXCESS   1.7pp GROWTH-EXPLAINED | WMT owns ~70%; float ok; same format/brand
  AC.MX          PE  13.8 vs KO      PE  24.0 | EY gap   3.1pp just.  1.9pp -> EXCESS   1.1pp GROWTH-EXPLAINED | bottler vs brand caveat as KOF
  GFNORTEO.MX    PE   8.0 vs USB     PE  11.0 | EY gap   3.4pp just.  2.4pp -> EXCESS   1.0pp | bank; no controlling parent (true float) — cl
  CX             PE  13.9 vs HOLN.SW PE  17.2 | EY gap   1.4pp just.  1.5pp -> EXCESS  -0.0pp | CX ~40% US/EU revenue -> lambda 0.6; leverage
  BAP            PE  11.9 vs JPM     PE  14.1 | EY gap   1.3pp just.  1.8pp -> EXCESS  -0.5pp | bank pair kept for continuity w/ CRP scanner;
  TLK            PE   9.1 vs DTE.DE  PE  10.4 | EY gap   1.4pp just.  2.5pp -> EXCESS  -1.0pp | SOE (state 52%) — structure-earned discount c
  UNVR.JK        PE  16.3 vs ULVR.L  PE  15.8 | EY gap  -0.2pp just.  1.7pp -> EXCESS  -1.9pp | parent owns ~85%; float thin; SAME products
  ABEV           PE  14.3 vs BUD     PE  16.2 | EY gap   0.8pp just.  2.9pp -> EXCESS  -2.1pp | ABI owns ~62%; same brands; BUD itself carrie
  SQM            PE  11.7 vs ALB     PE   9.7 | EY gap  -1.7pp just.  0.8pp -> EXCESS  -2.5pp | lithium twins; both cyclical — PE unstable at
  HINDUNILVR.NS  PE  40.1 vs ULVR.L  PE  15.8 | EY gap  -3.8pp just.  1.5pp -> EXCESS  -5.3pp | parent ~62%; the REVERSE tell — India glamour
  NESTLEIND.NS   PE  61.2 vs NESN.SW PE  17.6 | EY gap  -4.0pp just.  2.3pp -> EXCESS  -6.3pp | parent ~63%; reverse-tell candidate
  MHPC.L         PE   6.8 vs TSN     PE  12.7 | EY gap   6.8pp just. 15.0pp -> EXCESS  -8.2pp | war-risk extreme case; CRP table lacks Ukrain
  REJECT BIMBOA.MX/K: no usable PE
[-> CROSSBORDER_TWINS.json]  The scanner proposes; the pipeline disposes.

/Users/ajay/Library/Python/3.9/lib/python/site-packages/urllib3/__init__.py:35: NotOpenSSLWarning: urllib3 v2 only supports OpenSSL 1.1.1+, currently the 'ssl' module is compiled with 'LibreSSL 2.8.3'. See: https://github.com/urllib3/urllib3/issues/3020
  warnings.warn(
HTTP Error 404: {"quoteSummary":{"result":null,"error":{"code":"Not Found","description":"Quote not found for symbol: K"}}}

===== 2026-07-13 00:33 (desk) =====
=== CROSS-BORDER TWIN SCANNER  2026-07-13  (13 pairs, 1 rejected) ===
  KOF            PE  12.3 vs KO      PE  24.0 | EY gap   3.9pp just.  2.1pp -> EXCESS   1.9pp GROWTH-EXPLAINED | KO owns ~28% + FEMSA control; bottler vs bran
  WALMEX.MX      PE  14.6 vs WMT     PE  34.7 | EY gap   4.0pp just.  2.3pp -> EXCESS   1.7pp GROWTH-EXPLAINED | WMT owns ~70%; float ok; same format/brand
  AC.MX          PE  13.7 vs KO      PE  24.0 | EY gap   3.1pp just.  1.9pp -> EXCESS   1.2pp GROWTH-EXPLAINED | bottler vs brand caveat as KOF
  GFNORTEO.MX    PE   8.0 vs USB     PE  11.0 | EY gap   3.5pp just.  2.4pp -> EXCESS   1.0pp | bank; no controlling parent (true float) — cl
  CX             PE  13.8 vs HOLN.SW PE  17.0 | EY gap   1.3pp just.  1.5pp -> EXCESS  -0.1pp | CX ~40% US/EU revenue -> lambda 0.6; leverage
  BAP            PE  11.9 vs JPM     PE  14.1 | EY gap   1.3pp just.  1.8pp -> EXCESS  -0.5pp | bank pair kept for continuity w/ CRP scanner;
  TLK            PE   9.1 vs DTE.DE  PE  10.6 | EY gap   1.6pp just.  2.5pp -> EXCESS  -0.9pp | SOE (state 52%) — structure-earned discount c
  UNVR.JK        PE  15.8 vs ULVR.L  PE  15.9 | EY gap   0.0pp just.  1.7pp -> EXCESS  -1.6pp | parent owns ~85%; float thin; SAME products
  ABEV           PE  14.3 vs BUD     PE  16.2 | EY gap   0.8pp just.  2.9pp -> EXCESS  -2.1pp | ABI owns ~62%; same brands; BUD itself carrie
  SQM            PE  11.6 vs ALB     PE   9.7 | EY gap  -1.7pp just.  0.8pp -> EXCESS  -2.5pp | lithium twins; both cyclical — PE unstable at
  HINDUNILVR.NS  PE  39.8 vs ULVR.L  PE  15.9 | EY gap  -3.8pp just.  1.5pp -> EXCESS  -5.3pp | parent ~62%; the REVERSE tell — India glamour
  NESTLEIND.NS   PE  60.2 vs NESN.SW PE  17.7 | EY gap  -4.0pp just.  2.3pp -> EXCESS  -6.2pp | parent ~63%; reverse-tell candidate
  MHPC.L         PE   6.8 vs TSN     PE  12.8 | EY gap   6.9pp just. 15.0pp -> EXCESS  -8.1pp | war-risk extreme case; CRP table lacks Ukrain
  REJECT BIMBOA.MX/K: no usable PE
[-> CROSSBORDER_TWINS.json]  The scanner proposes; the pipeline disposes.

/Users/ajay/Library/Python/3.9/lib/python/site-packages/urllib3/__init__.py:35: NotOpenSSLWarning: urllib3 v2 only supports OpenSSL 1.1.1+, currently the 'ssl' module is compiled with 'LibreSSL 2.8.3'. See: https://github.com/urllib3/urllib3/issues/3020
  warnings.warn(
HTTP Error 404: {"quoteSummary":{"result":null,"error":{"code":"Not Found","description":"Quote not found for symbol: K"}}}

===== 2026-07-14 01:32 (desk) =====
=== CROSS-BORDER TWIN SCANNER  2026-07-14  (13 pairs, 1 rejected) ===
  KOF            PE  12.2 vs KO      PE  24.2 | EY gap   4.0pp just.  2.1pp -> EXCESS   2.0pp GROWTH-EXPLAINED | KO owns ~28% + FEMSA control; bottler vs bran
  WALMEX.MX      PE  14.7 vs WMT     PE  34.9 | EY gap   4.0pp just.  2.3pp -> EXCESS   1.7pp GROWTH-EXPLAINED | WMT owns ~70%; float ok; same format/brand
  GFNORTEO.MX    PE   7.8 vs USB     PE  11.0 | EY gap   3.8pp just.  2.4pp -> EXCESS   1.4pp | bank; no controlling parent (true float) — cl
  AC.MX          PE  13.7 vs KO      PE  24.2 | EY gap   3.2pp just.  1.9pp -> EXCESS   1.2pp GROWTH-EXPLAINED | bottler vs brand caveat as KOF
  CX             PE  13.8 vs HOLN.SW PE  17.2 | EY gap   1.4pp just.  1.5pp -> EXCESS  -0.0pp | CX ~40% US/EU revenue -> lambda 0.6; leverage
  BAP            PE  11.5 vs JPM     PE  14.0 | EY gap   1.5pp just.  1.8pp -> EXCESS  -0.3pp | bank pair kept for continuity w/ CRP scanner;
  TLK            PE   9.1 vs DTE.DE  PE  10.7 | EY gap   1.6pp just.  2.5pp -> EXCESS  -0.8pp | SOE (state 52%) — structure-earned discount c
  UNVR.JK        PE  15.8 vs ULVR.L  PE  15.5 | EY gap  -0.1pp just.  1.7pp -> EXCESS  -1.8pp | parent owns ~85%; float thin; SAME products
  ABEV           PE  14.2 vs BUD     PE  16.2 | EY gap   0.8pp just.  2.9pp -> EXCESS  -2.1pp | ABI owns ~62%; same brands; BUD itself carrie
  SQM            PE  11.4 vs ALB     PE   9.7 | EY gap  -1.6pp just.  0.8pp -> EXCESS  -2.4pp | lithium twins; both cyclical — PE unstable at
  HINDUNILVR.NS  PE  39.9 vs ULVR.L  PE  15.5 | EY gap  -3.9pp just.  1.5pp -> EXCESS  -5.4pp | parent ~62%; the REVERSE tell — India glamour
  NESTLEIND.NS   PE  60.2 vs NESN.SW PE  17.7 | EY gap  -4.0pp just.  2.3pp -> EXCESS  -6.3pp | parent ~63%; reverse-tell candidate
  MHPC.L         PE   6.8 vs TSN     PE  12.9 | EY gap   6.9pp just. 15.0pp -> EXCESS  -8.1pp | war-risk extreme case; CRP table lacks Ukrain
  REJECT BIMBOA.MX/K: no usable PE
[-> CROSSBORDER_TWINS.json]  The scanner proposes; the pipeline disposes.

/Users/ajay/Library/Python/3.9/lib/python/site-packages/urllib3/__init__.py:35: NotOpenSSLWarning: urllib3 v2 only supports OpenSSL 1.1.1+, currently the 'ssl' module is compiled with 'LibreSSL 2.8.3'. See: https://github.com/urllib3/urllib3/issues/3020
  warnings.warn(
HTTP Error 404: {"quoteSummary":{"result":null,"error":{"code":"Not Found","description":"Quote not found for symbol: K"}}}

===== 2026-07-15 02:37 (desk) =====
=== CROSS-BORDER TWIN SCANNER  2026-07-15  (13 pairs, 1 rejected) ===
  KOF            PE  12.2 vs KO      PE  23.9 | EY gap   4.0pp just.  2.1pp -> EXCESS   1.9pp GROWTH-EXPLAINED | KO owns ~28% + FEMSA control; bottler vs bran
  WALMEX.MX      PE  14.6 vs WMT     PE  34.6 | EY gap   4.0pp just.  2.3pp -> EXCESS   1.7pp GROWTH-EXPLAINED | WMT owns ~70%; float ok; same format/brand
  AC.MX          PE  13.7 vs KO      PE  23.9 | EY gap   3.1pp just.  1.9pp -> EXCESS   1.2pp GROWTH-EXPLAINED | bottler vs brand caveat as KOF
  GFNORTEO.MX    PE   7.9 vs USB     PE  10.9 | EY gap   3.5pp just.  2.4pp -> EXCESS   1.0pp | bank; no controlling parent (true float) — cl
  CX             PE  14.2 vs HOLN.SW PE  17.4 | EY gap   1.3pp just.  1.5pp -> EXCESS  -0.2pp | CX ~40% US/EU revenue -> lambda 0.6; leverage
  BAP            PE  11.6 vs JPM     PE  14.2 | EY gap   1.6pp just.  1.8pp -> EXCESS  -0.3pp | bank pair kept for continuity w/ CRP scanner;
  TLK            PE   9.2 vs DTE.DE  PE  10.5 | EY gap   1.3pp just.  2.5pp -> EXCESS  -1.1pp | SOE (state 52%) — structure-earned discount c
  UNVR.JK        PE  15.7 vs ULVR.L  PE  15.4 | EY gap  -0.1pp just.  1.7pp -> EXCESS  -1.8pp | parent owns ~85%; float thin; SAME products
  SQM            PE  11.2 vs ALB     PE   9.9 | EY gap  -1.2pp just.  0.8pp -> EXCESS  -2.0pp | lithium twins; both cyclical — PE unstable at
  ABEV           PE  14.4 vs BUD     PE  16.2 | EY gap   0.8pp just.  2.9pp -> EXCESS  -2.1pp | ABI owns ~62%; same brands; BUD itself carrie
  HINDUNILVR.NS  PE  39.2 vs ULVR.L  PE  15.4 | EY gap  -4.0pp just.  1.5pp -> EXCESS  -5.4pp | parent ~62%; the REVERSE tell — India glamour
  NESTLEIND.NS   PE  60.0 vs NESN.SW PE  17.6 | EY gap  -4.0pp just.  2.3pp -> EXCESS  -6.3pp | parent ~63%; reverse-tell candidate
  MHPC.L         PE   6.8 vs TSN     PE  12.8 | EY gap   6.9pp just. 15.0pp -> EXCESS  -8.1pp | war-risk extreme case; CRP table lacks Ukrain
  REJECT BIMBOA.MX/K: no usable PE
[-> CROSSBORDER_TWINS.json]  The scanner proposes; the pipeline disposes.

/Users/ajay/Library/Python/3.9/lib/python/site-packages/urllib3/__init__.py:35: NotOpenSSLWarning: urllib3 v2 only supports OpenSSL 1.1.1+, currently the 'ssl' module is compiled with 'LibreSSL 2.8.3'. See: https://github.com/urllib3/urllib3/issues/3020
  warnings.warn(
HTTP Error 404: {"quoteSummary":{"result":null,"error":{"code":"Not Found","description":"Quote not found for symbol: K"}}}

===== 2026-07-16 03:37 (desk) =====
=== CROSS-BORDER TWIN SCANNER  2026-07-16  (13 pairs, 1 rejected) ===
  WALMEX.MX      PE  14.7 vs WMT     PE  34.2 | EY gap   3.9pp just.  2.3pp -> EXCESS   1.6pp GROWTH-EXPLAINED | WMT owns ~70%; float ok; same format/brand
  KOF            PE  12.6 vs KO      PE  23.7 | EY gap   3.7pp just.  2.1pp -> EXCESS   1.6pp GROWTH-EXPLAINED | KO owns ~28% + FEMSA control; bottler vs bran
  GFNORTEO.MX    PE   7.8 vs USB     PE  11.1 | EY gap   3.7pp just.  2.4pp -> EXCESS   1.3pp | bank; no controlling parent (true float) — cl
  AC.MX          PE  13.6 vs KO      PE  23.7 | EY gap   3.1pp just.  1.9pp -> EXCESS   1.2pp GROWTH-EXPLAINED | bottler vs brand caveat as KOF
  CX             PE  14.5 vs HOLN.SW PE  17.5 | EY gap   1.2pp just.  1.5pp -> EXCESS  -0.3pp | CX ~40% US/EU revenue -> lambda 0.6; leverage
  BAP            PE  11.8 vs JPM     PE  14.2 | EY gap   1.4pp just.  1.8pp -> EXCESS  -0.4pp | bank pair kept for continuity w/ CRP scanner;
  TLK            PE   9.2 vs DTE.DE  PE  10.6 | EY gap   1.4pp just.  2.5pp -> EXCESS  -1.1pp | SOE (state 52%) — structure-earned discount c
  UNVR.JK        PE  15.9 vs ULVR.L  PE  15.6 | EY gap  -0.1pp just.  1.7pp -> EXCESS  -1.8pp | parent owns ~85%; float thin; SAME products
  ABEV           PE  14.1 vs BUD     PE  16.3 | EY gap   1.0pp just.  2.9pp -> EXCESS  -2.0pp | ABI owns ~62%; same brands; BUD itself carrie
  SQM            PE  11.0 vs ALB     PE   9.6 | EY gap  -1.3pp just.  0.8pp -> EXCESS  -2.1pp | lithium twins; both cyclical — PE unstable at
  HINDUNILVR.NS  PE  38.9 vs ULVR.L  PE  15.6 | EY gap  -3.9pp just.  1.5pp -> EXCESS  -5.3pp | parent ~62%; the REVERSE tell — India glamour
  NESTLEIND.NS   PE  59.8 vs NESN.SW PE  17.7 | EY gap  -4.0pp just.  2.3pp -> EXCESS  -6.2pp | parent ~63%; reverse-tell candidate
  MHPC.L         PE   6.8 vs TSN     PE  12.8 | EY gap   6.9pp just. 15.0pp -> EXCESS  -8.1pp | war-risk extreme case; CRP table lacks Ukrain
  REJECT BIMBOA.MX/K: no usable PE
[-> CROSSBORDER_TWINS.json]  The scanner proposes; the pipeline disposes.

/Users/ajay/Library/Python/3.9/lib/python/site-packages/urllib3/__init__.py:35: NotOpenSSLWarning: urllib3 v2 only supports OpenSSL 1.1.1+, currently the 'ssl' module is compiled with 'LibreSSL 2.8.3'. See: https://github.com/urllib3/urllib3/issues/3020
  warnings.warn(
HTTP Error 404: {"quoteSummary":{"result":null,"error":{"code":"Not Found","description":"Quote not found for symbol: K"}}}

===== 2026-07-17 10:53 (desk) =====
=== CROSS-BORDER TWIN SCANNER  2026-07-17  (13 pairs, 1 rejected) ===
  WALMEX.MX      PE  14.8 vs WMT     PE  34.7 | EY gap   3.9pp just.  2.3pp -> EXCESS   1.6pp GROWTH-EXPLAINED | WMT owns ~70%; float ok; same format/brand
  GFNORTEO.MX    PE   7.7 vs USB     PE  11.2 | EY gap   4.1pp just.  2.4pp -> EXCESS   1.6pp | bank; no controlling parent (true float) — cl
  KOF            PE  12.7 vs KO      PE  23.3 | EY gap   3.6pp just.  2.1pp -> EXCESS   1.5pp GROWTH-EXPLAINED | KO owns ~28% + FEMSA control; bottler vs bran
  AC.MX          PE  13.9 vs KO      PE  23.3 | EY gap   2.9pp just.  1.9pp -> EXCESS   1.0pp GROWTH-EXPLAINED | bottler vs brand caveat as KOF
  CX             PE  14.3 vs HOLN.SW PE  17.5 | EY gap   1.3pp just.  1.5pp -> EXCESS  -0.2pp | CX ~40% US/EU revenue -> lambda 0.6; leverage
  BAP            PE  11.6 vs JPM     PE  14.0 | EY gap   1.5pp just.  1.8pp -> EXCESS  -0.4pp | bank pair kept for continuity w/ CRP scanner;
  TLK            PE   9.5 vs DTE.DE  PE  10.8 | EY gap   1.2pp just.  2.5pp -> EXCESS  -1.2pp | SOE (state 52%) — structure-earned discount c
  UNVR.JK        PE  16.0 vs ULVR.L  PE  16.1 | EY gap   0.0pp just.  1.7pp -> EXCESS  -1.6pp | parent owns ~85%; float thin; SAME products
  ABEV           PE  14.1 vs BUD     PE  16.3 | EY gap   1.0pp just.  2.9pp -> EXCESS  -1.9pp | ABI owns ~62%; same brands; BUD itself carrie
  SQM            PE  10.7 vs ALB     PE   9.3 | EY gap  -1.4pp just.  0.8pp -> EXCESS  -2.1pp | lithium twins; both cyclical — PE unstable at
  HINDUNILVR.NS  PE  39.8 vs ULVR.L  PE  16.1 | EY gap  -3.7pp just.  1.5pp -> EXCESS  -5.2pp | parent ~62%; the REVERSE tell — India glamour
  NESTLEIND.NS   PE  60.0 vs NESN.SW PE  18.1 | EY gap  -3.9pp just.  2.3pp -> EXCESS  -6.1pp | parent ~63%; reverse-tell candidate
  MHPC.L         PE   6.8 vs TSN     PE  12.8 | EY gap   6.9pp just. 15.0pp -> EXCESS  -8.1pp | war-risk extreme case; CRP table lacks Ukrain
  REJECT BIMBOA.MX/K: no usable PE
[-> CROSSBORDER_TWINS.json]  The scanner proposes; the pipeline disposes.

/Users/ajay/Library/Python/3.9/lib/python/site-packages/urllib3/__init__.py:35: NotOpenSSLWarning: urllib3 v2 only supports OpenSSL 1.1.1+, currently the 'ssl' module is compiled with 'LibreSSL 2.8.3'. See: https://github.com/urllib3/urllib3/issues/3020
  warnings.warn(
HTTP Error 404: {"quoteSummary":{"result":null,"error":{"code":"Not Found","description":"Quote not found for symbol: K"}}}

===== 2026-07-20 10:52 (desk) =====
=== CROSS-BORDER TWIN SCANNER  2026-07-20  (0 pairs, 14 rejected) ===
  REJECT WALMEX.MX/WMT: no usable PE
  REJECT KOF/KO: no usable PE
  REJECT AC.MX/KO: no usable PE
  REJECT ABEV/BUD: no usable PE
  REJECT UNVR.JK/ULVR.L: no usable PE
  REJECT HINDUNILVR.NS/ULVR.L: no usable PE
  REJECT NESTLEIND.NS/NESN.SW: no usable PE
  REJECT CX/HOLN.SW: no usable PE
  REJECT TLK/DTE.DE: no usable PE
  REJECT BAP/JPM: no usable PE
  REJECT SQM/ALB: no usable PE
  REJECT GFNORTEO.MX/USB: no usable PE
  REJECT BIMBOA.MX/K: no usable PE
  REJECT MHPC.L/TSN: no usable PE
[-> CROSSBORDER_TWINS.json]  The scanner proposes; the pipeline disposes.

/Users/ajay/Library/Python/3.9/lib/python/site-packages/urllib3/__init__.py:35: NotOpenSSLWarning: urllib3 v2 only supports OpenSSL 1.1.1+, currently the 'ssl' module is compiled with 'LibreSSL 2.8.3'. See: https://github.com/urllib3/urllib3/issues/3020
  warnings.warn(

===== 2026-07-21 11:47 (desk) =====
=== CROSS-BORDER TWIN SCANNER  2026-07-21  (0 pairs, 14 rejected) ===
  REJECT WALMEX.MX/WMT: no usable PE
  REJECT KOF/KO: no usable PE
  REJECT AC.MX/KO: no usable PE
  REJECT ABEV/BUD: no usable PE
  REJECT UNVR.JK/ULVR.L: no usable PE
  REJECT HINDUNILVR.NS/ULVR.L: no usable PE
  REJECT NESTLEIND.NS/NESN.SW: no usable PE
  REJECT CX/HOLN.SW: no usable PE
  REJECT TLK/DTE.DE: no usable PE
  REJECT BAP/JPM: no usable PE
  REJECT SQM/ALB: no usable PE
  REJECT GFNORTEO.MX/USB: no usable PE
  REJECT BIMBOA.MX/K: no usable PE
  REJECT MHPC.L/TSN: no usable PE
[-> CROSSBORDER_TWINS.json]  The scanner proposes; the pipeline disposes.

/Users/ajay/Library/Python/3.9/lib/python/site-packages/urllib3/__init__.py:35: NotOpenSSLWarning: urllib3 v2 only supports OpenSSL 1.1.1+, currently the 'ssl' module is compiled with 'LibreSSL 2.8.3'. See: https://github.com/urllib3/urllib3/issues/3020
  warnings.warn(

===== 2026-07-22 13:51 (desk) =====
=== CROSS-BORDER TWIN SCANNER  2026-07-22  (13 pairs, 1 rejected) ===
  WALMEX.MX      PE  14.5 vs WMT     PE  33.3 | EY gap   3.9pp just.  2.3pp -> EXCESS   1.6pp GROWTH-EXPLAINED | WMT owns ~70%; float ok; same format/brand
  KOF            PE  13.1 vs KO      PE  23.6 | EY gap   3.4pp just.  2.1pp -> EXCESS   1.3pp GROWTH-EXPLAINED | KO owns ~28% + FEMSA control; bottler vs bran
  GFNORTEO.MX    PE   8.2 vs USB     PE  11.1 | EY gap   3.3pp just.  2.4pp -> EXCESS   0.9pp GROWTH-EXPLAINED | bank; no controlling parent (true float) — cl
  AC.MX          PE  14.2 vs KO      PE  23.6 | EY gap   2.8pp just.  1.9pp -> EXCESS   0.8pp GROWTH-EXPLAINED | bottler vs brand caveat as KOF
  CX             PE  14.1 vs HOLN.SW PE  17.3 | EY gap   1.3pp just.  1.5pp -> EXCESS  -0.1pp | CX ~40% US/EU revenue -> lambda 0.6; leverage
  BAP            PE  11.5 vs JPM     PE  14.1 | EY gap   1.6pp just.  1.8pp -> EXCESS  -0.3pp | bank pair kept for continuity w/ CRP scanner;
  TLK            PE   9.7 vs DTE.DE  PE  10.8 | EY gap   1.1pp just.  2.5pp -> EXCESS  -1.4pp | SOE (state 52%) — structure-earned discount c
  UNVR.JK        PE  16.0 vs ULVR.L  PE  15.8 | EY gap  -0.1pp just.  1.7pp -> EXCESS  -1.8pp | parent owns ~85%; float thin; SAME products
  SQM            PE  10.5 vs ALB     PE   9.4 | EY gap  -1.1pp just.  0.8pp -> EXCESS  -1.9pp | lithium twins; both cyclical — PE unstable at
  ABEV           PE  14.6 vs BUD     PE  16.9 | EY gap   0.9pp just.  2.9pp -> EXCESS  -2.0pp | ABI owns ~62%; same brands; BUD itself carrie
  HINDUNILVR.NS  PE  40.0 vs ULVR.L  PE  15.8 | EY gap  -3.8pp just.  1.5pp -> EXCESS  -5.3pp | parent ~62%; the REVERSE tell — India glamour
  NESTLEIND.NS   PE  62.3 vs NESN.SW PE  18.2 | EY gap  -3.9pp just.  2.3pp -> EXCESS  -6.1pp | parent ~63%; reverse-tell candidate
  MHPC.L         PE   6.8 vs TSN     PE  12.7 | EY gap   6.8pp just. 15.0pp -> EXCESS  -8.2pp | war-risk extreme case; CRP table lacks Ukrain
  REJECT BIMBOA.MX/K: no usable PE
[-> CROSSBORDER_TWINS.json]  The scanner proposes; the pipeline disposes.

/Users/ajay/Library/Python/3.9/lib/python/site-packages/urllib3/__init__.py:35: NotOpenSSLWarning: urllib3 v2 only supports OpenSSL 1.1.1+, currently the 'ssl' module is compiled with 'LibreSSL 2.8.3'. See: https://github.com/urllib3/urllib3/issues/3020
  warnings.warn(
HTTP Error 404: {"quoteSummary":{"result":null,"error":{"code":"Not Found","description":"Quote not found for symbol: K"}}}

===== 2026-07-23 14:40 (desk) =====
=== CROSS-BORDER TWIN SCANNER  2026-07-23  (13 pairs, 1 rejected) ===
  WALMEX.MX      PE  14.2 vs WMT     PE  33.0 | EY gap   4.0pp just.  2.3pp -> EXCESS   1.7pp GROWTH-EXPLAINED | WMT owns ~70%; float ok; same format/brand
  KOF            PE  12.8 vs KO      PE  23.3 | EY gap   3.5pp just.  2.1pp -> EXCESS   1.5pp GROWTH-EXPLAINED | KO owns ~28% + FEMSA control; bottler vs bran
  AC.MX          PE  13.6 vs KO      PE  23.3 | EY gap   3.1pp just.  1.9pp -> EXCESS   1.1pp GROWTH-EXPLAINED | bottler vs brand caveat as KOF
  GFNORTEO.MX    PE   8.1 vs USB     PE  11.0 | EY gap   3.3pp just.  2.4pp -> EXCESS   0.9pp GROWTH-EXPLAINED | bank; no controlling parent (true float) — cl
  CX             PE  13.6 vs HOLN.SW PE  17.2 | EY gap   1.5pp just.  1.5pp -> EXCESS   0.1pp | CX ~40% US/EU revenue -> lambda 0.6; leverage
  BAP            PE  11.4 vs JPM     PE  14.1 | EY gap   1.7pp just.  1.8pp -> EXCESS  -0.1pp | bank pair kept for continuity w/ CRP scanner;
  TLK            PE   9.4 vs DTE.DE  PE  10.4 | EY gap   1.0pp just.  2.5pp -> EXCESS  -1.4pp | SOE (state 52%) — structure-earned discount c
  UNVR.JK        PE  15.8 vs ULVR.L  PE  15.6 | EY gap  -0.1pp just.  1.7pp -> EXCESS  -1.8pp | parent owns ~85%; float thin; SAME products
  SQM            PE  10.5 vs ALB     PE   9.3 | EY gap  -1.2pp just.  0.8pp -> EXCESS  -2.0pp | lithium twins; both cyclical — PE unstable at
  ABEV           PE  14.4 vs BUD     PE  16.4 | EY gap   0.8pp just.  2.9pp -> EXCESS  -2.1pp | ABI owns ~62%; same brands; BUD itself carrie
  HINDUNILVR.NS  PE  40.1 vs ULVR.L  PE  15.6 | EY gap  -3.9pp just.  1.5pp -> EXCESS  -5.4pp | parent ~62%; the REVERSE tell — India glamour
  NESTLEIND.NS   PE  58.5 vs NESN.SW PE  16.7 | EY gap  -4.3pp just.  2.3pp -> EXCESS  -6.5pp | parent ~63%; reverse-tell candidate
  MHPC.L         PE   6.8 vs TSN     PE  12.7 | EY gap   6.8pp just. 15.0pp -> EXCESS  -8.2pp | war-risk extreme case; CRP table lacks Ukrain
  REJECT BIMBOA.MX/K: no usable PE
[-> CROSSBORDER_TWINS.json]  The scanner proposes; the pipeline disposes.

/Users/ajay/Library/Python/3.9/lib/python/site-packages/urllib3/__init__.py:35: NotOpenSSLWarning: urllib3 v2 only supports OpenSSL 1.1.1+, currently the 'ssl' module is compiled with 'LibreSSL 2.8.3'. See: https://github.com/urllib3/urllib3/issues/3020
  warnings.warn(
HTTP Error 404: {"quoteSummary":{"result":null,"error":{"code":"Not Found","description":"Quote not found for symbol: K"}}}

===== 2026-07-27 09:54 (desk) =====
=== CROSS-BORDER TWIN SCANNER  2026-07-27  (13 pairs, 1 rejected) ===
  WALMEX.MX      PE  14.6 vs WMT     PE  33.6 | EY gap   3.9pp just.  2.3pp -> EXCESS   1.6pp GROWTH-EXPLAINED | WMT owns ~70%; float ok; same format/brand
  KOF            PE  13.0 vs KO      PE  23.8 | EY gap   3.5pp just.  2.1pp -> EXCESS   1.4pp GROWTH-EXPLAINED | KO owns ~28% + FEMSA control; bottler vs bran
  AC.MX          PE  13.9 vs KO      PE  23.8 | EY gap   3.0pp just.  1.9pp -> EXCESS   1.0pp GROWTH-EXPLAINED | bottler vs brand caveat as KOF
  GFNORTEO.MX    PE   8.3 vs USB     PE  11.1 | EY gap   3.1pp just.  2.4pp -> EXCESS   0.7pp GROWTH-EXPLAINED | bank; no controlling parent (true float) — cl
  CX             PE  13.2 vs HOLN.SW PE  17.4 | EY gap   1.8pp just.  1.5pp -> EXCESS   0.4pp | CX ~40% US/EU revenue -> lambda 0.6; leverage
  BAP            PE  11.5 vs JPM     PE  14.5 | EY gap   1.8pp just.  1.8pp -> EXCESS  -0.1pp | bank pair kept for continuity w/ CRP scanner;
  TLK            PE   9.4 vs DTE.DE  PE  10.7 | EY gap   1.3pp just.  2.5pp -> EXCESS  -1.1pp | SOE (state 52%) — structure-earned discount c
  SQM            PE  10.0 vs ALB     PE   9.3 | EY gap  -0.8pp just.  0.8pp -> EXCESS  -1.5pp | lithium twins; both cyclical — PE unstable at
  UNVR.JK        PE  15.8 vs ULVR.L  PE  15.6 | EY gap  -0.1pp just.  1.7pp -> EXCESS  -1.7pp | parent owns ~85%; float thin; SAME products
  ABEV           PE  14.2 vs BUD     PE  16.3 | EY gap   0.9pp just.  2.9pp -> EXCESS  -2.0pp | ABI owns ~62%; same brands; BUD itself carrie
  HINDUNILVR.NS  PE  40.4 vs ULVR.L  PE  15.6 | EY gap  -3.9pp just.  1.5pp -> EXCESS  -5.4pp | parent ~62%; the REVERSE tell — India glamour
  NESTLEIND.NS   PE  58.2 vs NESN.SW PE  16.8 | EY gap  -4.2pp just.  2.3pp -> EXCESS  -6.5pp | parent ~63%; reverse-tell candidate
  MHPC.L         PE   6.8 vs TSN     PE  13.6 | EY gap   7.3pp just. 15.0pp -> EXCESS  -7.7pp | war-risk extreme case; CRP table lacks Ukrain
  REJECT BIMBOA.MX/K: no usable PE
[-> CROSSBORDER_TWINS.json]  The scanner proposes; the pipeline disposes.

/Users/ajay/Library/Python/3.9/lib/python/site-packages/urllib3/__init__.py:35: NotOpenSSLWarning: urllib3 v2 only supports OpenSSL 1.1.1+, currently the 'ssl' module is compiled with 'LibreSSL 2.8.3'. See: https://github.com/urllib3/urllib3/issues/3020
  warnings.warn(
HTTP Error 404: {"quoteSummary":{"result":null,"error":{"code":"Not Found","description":"Quote not found for symbol: K"}}}

===== 2026-07-28 07:43 (desk) =====
=== CROSS-BORDER TWIN SCANNER  2026-07-28  (13 pairs, 1 rejected) ===
  WALMEX.MX      PE  14.9 vs WMT     PE  35.2 | EY gap   3.9pp just.  2.3pp -> EXCESS   1.6pp GROWTH-EXPLAINED | WMT owns ~70%; float ok; same format/brand
  KOF            PE  13.8 vs KO      PE  25.9 | EY gap   3.4pp just.  2.1pp -> EXCESS   1.3pp GROWTH-EXPLAINED | KO owns ~28% + FEMSA control; bottler vs bran
  AC.MX          PE  14.3 vs KO      PE  25.9 | EY gap   3.1pp just.  1.9pp -> EXCESS   1.2pp GROWTH-EXPLAINED | bottler vs brand caveat as KOF
  CX             PE  13.3 vs HOLN.SW PE  17.2 | EY gap   1.7pp just.  1.5pp -> EXCESS   0.3pp | CX ~40% US/EU revenue -> lambda 0.6; leverage
  GFNORTEO.MX    PE   8.5 vs USB     PE  11.0 | EY gap   2.7pp just.  2.4pp -> EXCESS   0.3pp GROWTH-EXPLAINED | bank; no controlling parent (true float) — cl
  BAP            PE  11.4 vs JPM     PE  14.3 | EY gap   1.8pp just.  1.8pp -> EXCESS  -0.0pp | bank pair kept for continuity w/ CRP scanner;
  TLK            PE   9.5 vs DTE.DE  PE  11.0 | EY gap   1.5pp just.  2.5pp -> EXCESS  -1.0pp | SOE (state 52%) — structure-earned discount c
  UNVR.JK        PE  16.0 vs ULVR.L  PE  17.1 | EY gap   0.4pp just.  1.7pp -> EXCESS  -1.3pp | parent owns ~85%; float thin; SAME products
  SQM            PE   9.7 vs ALB     PE   9.0 | EY gap  -0.7pp just.  0.8pp -> EXCESS  -1.5pp | lithium twins; both cyclical — PE unstable at
  ABEV           PE  14.7 vs BUD     PE  17.0 | EY gap   0.9pp just.  2.9pp -> EXCESS  -2.0pp | ABI owns ~62%; same brands; BUD itself carrie
  HINDUNILVR.NS  PE  37.5 vs ULVR.L  PE  17.1 | EY gap  -3.2pp just.  1.5pp -> EXCESS  -4.6pp | parent ~62%; the REVERSE tell — India glamour
  NESTLEIND.NS   PE  60.0 vs NESN.SW PE  17.3 | EY gap  -4.1pp just.  2.3pp -> EXCESS  -6.4pp | parent ~63%; reverse-tell candidate
  MHPC.L         PE   6.8 vs TSN     PE  14.0 | EY gap   7.5pp just. 15.0pp -> EXCESS  -7.5pp | war-risk extreme case; CRP table lacks Ukrain
  REJECT BIMBOA.MX/K: no usable PE
[-> CROSSBORDER_TWINS.json]  The scanner proposes; the pipeline disposes.

/Users/ajay/Library/Python/3.9/lib/python/site-packages/urllib3/__init__.py:35: NotOpenSSLWarning: urllib3 v2 only supports OpenSSL 1.1.1+, currently the 'ssl' module is compiled with 'LibreSSL 2.8.3'. See: https://github.com/urllib3/urllib3/issues/3020
  warnings.warn(
HTTP Error 404: {"quoteSummary":{"result":null,"error":{"code":"Not Found","description":"Quote not found for symbol: K"}}}

===== 2026-07-29 08:43 (desk) =====
=== CROSS-BORDER TWIN SCANNER  2026-07-29  (13 pairs, 1 rejected) ===
  WALMEX.MX      PE  15.0 vs WMT     PE  34.5 | EY gap   3.8pp just.  2.3pp -> EXCESS   1.5pp GROWTH-EXPLAINED | WMT owns ~70%; float ok; same format/brand
  AC.MX          PE  13.7 vs KO      PE  26.0 | EY gap   3.5pp just.  1.9pp -> EXCESS   1.5pp GROWTH-EXPLAINED | bottler vs brand caveat as KOF
  KOF            PE  13.8 vs KO      PE  26.0 | EY gap   3.4pp just.  2.1pp -> EXCESS   1.3pp GROWTH-EXPLAINED | KO owns ~28% + FEMSA control; bottler vs bran
  CX             PE  12.8 vs HOLN.SW PE  17.0 | EY gap   2.0pp just.  1.5pp -> EXCESS   0.5pp | CX ~40% US/EU revenue -> lambda 0.6; leverage
  GFNORTEO.MX    PE   8.4 vs USB     PE  11.0 | EY gap   2.9pp just.  2.4pp -> EXCESS   0.4pp GROWTH-EXPLAINED | bank; no controlling parent (true float) — cl
  BAP            PE  11.2 vs JPM     PE  14.1 | EY gap   1.8pp just.  1.8pp -> EXCESS  -0.1pp | bank pair kept for continuity w/ CRP scanner;
  TLK            PE   9.4 vs DTE.DE  PE  10.9 | EY gap   1.5pp just.  2.5pp -> EXCESS  -1.0pp | SOE (state 52%) — structure-earned discount c
  UNVR.JK        PE  16.0 vs ULVR.L  PE  16.9 | EY gap   0.3pp just.  1.7pp -> EXCESS  -1.3pp | parent owns ~85%; float thin; SAME products
  SQM            PE   9.7 vs ALB     PE   9.0 | EY gap  -0.7pp just.  0.8pp -> EXCESS  -1.5pp | lithium twins; both cyclical — PE unstable at
  ABEV           PE  14.5 vs BUD     PE  17.2 | EY gap   1.1pp just.  2.9pp -> EXCESS  -1.8pp | ABI owns ~62%; same brands; BUD itself carrie
  HINDUNILVR.NS  PE  39.6 vs ULVR.L  PE  16.9 | EY gap  -3.4pp just.  1.5pp -> EXCESS  -4.9pp | parent ~62%; the REVERSE tell — India glamour
  NESTLEIND.NS   PE  60.5 vs NESN.SW PE  17.3 | EY gap  -4.1pp just.  2.3pp -> EXCESS  -6.4pp | parent ~63%; reverse-tell candidate
  MHPC.L         PE   6.8 vs TSN     PE  13.6 | EY gap   7.4pp just. 15.0pp -> EXCESS  -7.6pp | war-risk extreme case; CRP table lacks Ukrain
  REJECT BIMBOA.MX/K: no usable PE
[-> CROSSBORDER_TWINS.json]  The scanner proposes; the pipeline disposes.

/Users/ajay/Library/Python/3.9/lib/python/site-packages/urllib3/__init__.py:35: NotOpenSSLWarning: urllib3 v2 only supports OpenSSL 1.1.1+, currently the 'ssl' module is compiled with 'LibreSSL 2.8.3'. See: https://github.com/urllib3/urllib3/issues/3020
  warnings.warn(
HTTP Error 404: {"quoteSummary":{"result":null,"error":{"code":"Not Found","description":"Quote not found for symbol: K"}}}

===== 2026-07-30 09:43 (desk) =====
=== CROSS-BORDER TWIN SCANNER  2026-07-30  (13 pairs, 1 rejected) ===
  WALMEX.MX      PE  15.1 vs WMT     PE  33.8 | EY gap   3.6pp just.  2.3pp -> EXCESS   1.4pp GROWTH-EXPLAINED | WMT owns ~70%; float ok; same format/brand
  KOF            PE  13.8 vs KO      PE  25.0 | EY gap   3.3pp just.  2.1pp -> EXCESS   1.2pp | KO owns ~28% + FEMSA control; bottler vs bran
  AC.MX          PE  14.0 vs KO      PE  25.0 | EY gap   3.1pp just.  1.9pp -> EXCESS   1.2pp GROWTH-EXPLAINED | bottler vs brand caveat as KOF
  CX             PE  12.8 vs HOLN.SW PE  17.6 | EY gap   2.1pp just.  1.5pp -> EXCESS   0.7pp | CX ~40% US/EU revenue -> lambda 0.6; leverage
  GFNORTEO.MX    PE   8.5 vs USB     PE  10.9 | EY gap   2.6pp just.  2.4pp -> EXCESS   0.1pp GROWTH-EXPLAINED | bank; no controlling parent (true float) — cl
  BAP            PE  11.7 vs JPM     PE  14.1 | EY gap   1.5pp just.  1.8pp -> EXCESS  -0.4pp | bank pair kept for continuity w/ CRP scanner;
  TLK            PE   9.4 vs DTE.DE  PE  10.7 | EY gap   1.3pp just.  2.5pp -> EXCESS  -1.2pp | SOE (state 52%) — structure-earned discount c
  SQM            PE   9.8 vs ALB     PE   9.4 | EY gap  -0.4pp just.  0.8pp -> EXCESS  -1.2pp | lithium twins; both cyclical — PE unstable at
  ABEV           PE  14.2 vs BUD     PE  17.4 | EY gap   1.3pp just.  2.9pp -> EXCESS  -1.6pp | ABI owns ~62%; same brands; BUD itself carrie
  UNVR.JK        PE  16.1 vs ULVR.L  PE  16.5 | EY gap   0.1pp just.  1.7pp -> EXCESS  -1.6pp | parent owns ~85%; float thin; SAME products
  HINDUNILVR.NS  PE  39.6 vs ULVR.L  PE  16.5 | EY gap  -3.6pp just.  1.5pp -> EXCESS  -5.0pp | parent ~62%; the REVERSE tell — India glamour
  NESTLEIND.NS   PE  61.2 vs NESN.SW PE  17.3 | EY gap  -4.2pp just.  2.3pp -> EXCESS  -6.4pp | parent ~63%; reverse-tell candidate
  MHPC.L         PE   6.8 vs TSN     PE  13.5 | EY gap   7.3pp just. 15.0pp -> EXCESS  -7.7pp | war-risk extreme case; CRP table lacks Ukrain
  REJECT BIMBOA.MX/K: no usable PE
[-> CROSSBORDER_TWINS.json]  The scanner proposes; the pipeline disposes.

/Users/ajay/Library/Python/3.9/lib/python/site-packages/urllib3/__init__.py:35: NotOpenSSLWarning: urllib3 v2 only supports OpenSSL 1.1.1+, currently the 'ssl' module is compiled with 'LibreSSL 2.8.3'. See: https://github.com/urllib3/urllib3/issues/3020
  warnings.warn(
HTTP Error 404: {"quoteSummary":{"result":null,"error":{"code":"Not Found","description":"Quote not found for symbol: K"}}}

===== 2026-07-31 10:48 (desk) =====
=== CROSS-BORDER TWIN SCANNER  2026-07-31  (13 pairs, 1 rejected) ===
  WALMEX.MX      PE  15.4 vs WMT     PE  33.9 | EY gap   3.5pp just.  2.3pp -> EXCESS   1.2pp GROWTH-EXPLAINED | WMT owns ~70%; float ok; same format/brand
  KOF            PE  13.8 vs KO      PE  24.8 | EY gap   3.2pp just.  2.1pp -> EXCESS   1.2pp | KO owns ~28% + FEMSA control; bottler vs bran
  AC.MX          PE  14.0 vs KO      PE  24.8 | EY gap   3.1pp just.  1.9pp -> EXCESS   1.2pp GROWTH-EXPLAINED | bottler vs brand caveat as KOF
  CX             PE  12.9 vs HOLN.SW PE  17.1 | EY gap   1.9pp just.  1.5pp -> EXCESS   0.5pp | CX ~40% US/EU revenue -> lambda 0.6; leverage
  GFNORTEO.MX    PE   8.6 vs USB     PE  10.9 | EY gap   2.4pp just.  2.4pp -> EXCESS   0.0pp GROWTH-EXPLAINED | bank; no controlling parent (true float) — cl
  BAP            PE  11.8 vs JPM     PE  14.3 | EY gap   1.4pp just.  1.8pp -> EXCESS  -0.4pp | bank pair kept for continuity w/ CRP scanner;
  SQM            PE   9.7 vs ALB     PE   9.4 | EY gap  -0.2pp just.  0.8pp -> EXCESS  -1.0pp | lithium twins; both cyclical — PE unstable at
  TLK            PE   9.5 vs DTE.DE  PE  10.6 | EY gap   1.0pp just.  2.5pp -> EXCESS  -1.4pp | SOE (state 52%) — structure-earned discount c
  ABEV           PE  14.5 vs BUD     PE  17.6 | EY gap   1.2pp just.  2.9pp -> EXCESS  -1.7pp | ABI owns ~62%; same brands; BUD itself carrie
  UNVR.JK        PE  16.5 vs ULVR.L  PE  16.1 | EY gap  -0.2pp just.  1.7pp -> EXCESS  -1.8pp | parent owns ~85%; float thin; SAME products
  HINDUNILVR.NS  PE  39.5 vs ULVR.L  PE  16.1 | EY gap  -3.7pp just.  1.5pp -> EXCESS  -5.2pp | parent ~62%; the REVERSE tell — India glamour
  NESTLEIND.NS   PE  60.9 vs NESN.SW PE  17.0 | EY gap  -4.2pp just.  2.3pp -> EXCESS  -6.5pp | parent ~63%; reverse-tell candidate
  MHPC.L         PE   6.8 vs TSN     PE  13.4 | EY gap   7.2pp just. 15.0pp -> EXCESS  -7.8pp | war-risk extreme case; CRP table lacks Ukrain
  REJECT BIMBOA.MX/K: no usable PE
[-> CROSSBORDER_TWINS.json]  The scanner proposes; the pipeline disposes.

/Users/ajay/Library/Python/3.9/lib/python/site-packages/urllib3/__init__.py:35: NotOpenSSLWarning: urllib3 v2 only supports OpenSSL 1.1.1+, currently the 'ssl' module is compiled with 'LibreSSL 2.8.3'. See: https://github.com/urllib3/urllib3/issues/3020
  warnings.warn(
HTTP Error 404: {"quoteSummary":{"result":null,"error":{"code":"Not Found","description":"Quote not found for symbol: K"}}}

===== 2026-08-03 00:55 (desk) =====
=== CROSS-BORDER TWIN SCANNER  2026-08-03  (13 pairs, 1 rejected) ===
  WALMEX.MX      PE  15.3 vs WMT     PE  33.9 | EY gap   3.6pp just.  2.3pp -> EXCESS   1.3pp GROWTH-EXPLAINED | WMT owns ~70%; float ok; same format/brand
  KOF            PE  13.7 vs KO      PE  24.8 | EY gap   3.3pp just.  2.1pp -> EXCESS   1.2pp | KO owns ~28% + FEMSA control; bottler vs bran
  AC.MX          PE  14.0 vs KO      PE  24.8 | EY gap   3.1pp just.  1.9pp -> EXCESS   1.2pp GROWTH-EXPLAINED | bottler vs brand caveat as KOF
  CX             PE  12.8 vs HOLN.SW PE  16.8 | EY gap   1.8pp just.  1.5pp -> EXCESS   0.4pp | CX ~40% US/EU revenue -> lambda 0.6; leverage
  GFNORTEO.MX    PE   8.5 vs USB     PE  10.9 | EY gap   2.6pp just.  2.4pp -> EXCESS   0.2pp GROWTH-EXPLAINED | bank; no controlling parent (true float) — cl
  BAP            PE  11.7 vs JPM     PE  14.2 | EY gap   1.5pp just.  1.8pp -> EXCESS  -0.4pp | bank pair kept for continuity w/ CRP scanner;
  SQM            PE   9.7 vs ALB     PE   9.4 | EY gap  -0.3pp just.  0.8pp -> EXCESS  -1.0pp | lithium twins; both cyclical — PE unstable at
  TLK            PE   9.5 vs DTE.DE  PE  10.9 | EY gap   1.3pp just.  2.5pp -> EXCESS  -1.2pp | SOE (state 52%) — structure-earned discount c
  ABEV           PE  14.5 vs BUD     PE  17.5 | EY gap   1.2pp just.  2.9pp -> EXCESS  -1.7pp | ABI owns ~62%; same brands; BUD itself carrie
  UNVR.JK        PE  16.4 vs ULVR.L  PE  16.1 | EY gap  -0.1pp just.  1.7pp -> EXCESS  -1.8pp | parent owns ~85%; float thin; SAME products
  HINDUNILVR.NS  PE  39.7 vs ULVR.L  PE  16.1 | EY gap  -3.7pp just.  1.5pp -> EXCESS  -5.1pp | parent ~62%; the REVERSE tell — India glamour
  NESTLEIND.NS   PE  61.1 vs NESN.SW PE  16.9 | EY gap  -4.3pp just.  2.3pp -> EXCESS  -6.5pp | parent ~63%; reverse-tell candidate
  MHPC.L         PE   6.8 vs TSN     PE  12.9 | EY gap   7.0pp just. 15.0pp -> EXCESS  -8.0pp | war-risk extreme case; CRP table lacks Ukrain
  REJECT BIMBOA.MX/K: no usable PE
[-> CROSSBORDER_TWINS.json]  The scanner proposes; the pipeline disposes.

/Users/ajay/Library/Python/3.9/lib/python/site-packages/urllib3/__init__.py:35: NotOpenSSLWarning: urllib3 v2 only supports OpenSSL 1.1.1+, currently the 'ssl' module is compiled with 'LibreSSL 2.8.3'. See: https://github.com/urllib3/urllib3/issues/3020
  warnings.warn(
HTTP Error 404: {"quoteSummary":{"result":null,"error":{"code":"Not Found","description":"Quote not found for symbol: K"}}}

===== 2026-08-04 01:45 (desk) =====
=== CROSS-BORDER TWIN SCANNER  2026-08-04  (13 pairs, 1 rejected) ===
  WALMEX.MX      PE  15.2 vs WMT     PE  33.8 | EY gap   3.6pp just.  2.3pp -> EXCESS   1.3pp GROWTH-EXPLAINED | WMT owns ~70%; float ok; same format/brand
  KOF            PE  13.6 vs KO      PE  24.6 | EY gap   3.3pp just.  2.1pp -> EXCESS   1.3pp | KO owns ~28% + FEMSA control; bottler vs bran
  AC.MX          PE  13.8 vs KO      PE  24.6 | EY gap   3.2pp just.  1.9pp -> EXCESS   1.2pp GROWTH-EXPLAINED | bottler vs brand caveat as KOF
  CX             PE  12.9 vs HOLN.SW PE  17.0 | EY gap   1.9pp just.  1.5pp -> EXCESS   0.4pp | CX ~40% US/EU revenue -> lambda 0.6; leverage
  GFNORTEO.MX    PE   8.5 vs USB     PE  11.0 | EY gap   2.8pp just.  2.4pp -> EXCESS   0.4pp GROWTH-EXPLAINED | bank; no controlling parent (true float) — cl
  BAP            PE  11.6 vs JPM     PE  14.2 | EY gap   1.6pp just.  1.8pp -> EXCESS  -0.3pp | bank pair kept for continuity w/ CRP scanner;
  SQM            PE   9.7 vs ALB     PE   9.5 | EY gap  -0.2pp just.  0.8pp -> EXCESS  -0.9pp | lithium twins; both cyclical — PE unstable at
  TLK            PE   9.9 vs DTE.DE  PE  11.1 | EY gap   1.1pp just.  2.5pp -> EXCESS  -1.3pp | SOE (state 52%) — structure-earned discount c
  ABEV           PE  14.1 vs BUD     PE  17.0 | EY gap   1.2pp just.  2.9pp -> EXCESS  -1.7pp | ABI owns ~62%; same brands; BUD itself carrie
  UNVR.JK        PE  17.1 vs ULVR.L  PE  16.0 | EY gap  -0.4pp just.  1.7pp -> EXCESS  -2.1pp | parent owns ~85%; float thin; SAME products
  HINDUNILVR.NS  PE  39.0 vs ULVR.L  PE  16.0 | EY gap  -3.7pp just.  1.5pp -> EXCESS  -5.1pp | parent ~62%; the REVERSE tell — India glamour
  NESTLEIND.NS   PE  59.4 vs NESN.SW PE  16.8 | EY gap  -4.3pp just.  2.3pp -> EXCESS  -6.5pp | parent ~63%; reverse-tell candidate
  MHPC.L         PE   6.8 vs TSN     PE  13.4 | EY gap   7.2pp just. 15.0pp -> EXCESS  -7.8pp | war-risk extreme case; CRP table lacks Ukrain
  REJECT BIMBOA.MX/K: no usable PE
[-> CROSSBORDER_TWINS.json]  The scanner proposes; the pipeline disposes.

/Users/ajay/Library/Python/3.9/lib/python/site-packages/urllib3/__init__.py:35: NotOpenSSLWarning: urllib3 v2 only supports OpenSSL 1.1.1+, currently the 'ssl' module is compiled with 'LibreSSL 2.8.3'. See: https://github.com/urllib3/urllib3/issues/3020
  warnings.warn(
HTTP Error 404: {"quoteSummary":{"result":null,"error":{"code":"Not Found","description":"Quote not found for symbol: K"}}}

===== 2026-08-05 02:50 (desk) =====
=== CROSS-BORDER TWIN SCANNER  2026-08-05  (13 pairs, 1 rejected) ===
  WALMEX.MX      PE  15.2 vs WMT     PE  34.0 | EY gap   3.6pp just.  2.3pp -> EXCESS   1.3pp GROWTH-EXPLAINED | WMT owns ~70%; float ok; same format/brand
  AC.MX          PE  13.7 vs KO      PE  24.5 | EY gap   3.2pp just.  1.9pp -> EXCESS   1.3pp GROWTH-EXPLAINED | bottler vs brand caveat as KOF
  KOF            PE  13.8 vs KO      PE  24.5 | EY gap   3.2pp just.  2.1pp -> EXCESS   1.1pp | KO owns ~28% + FEMSA control; bottler vs bran
  CX             PE  12.6 vs HOLN.SW PE  16.8 | EY gap   2.0pp just.  1.5pp -> EXCESS   0.5pp | CX ~40% US/EU revenue -> lambda 0.6; leverage
  GFNORTEO.MX    PE   8.4 vs USB     PE  11.1 | EY gap   2.9pp just.  2.4pp -> EXCESS   0.4pp GROWTH-EXPLAINED | bank; no controlling parent (true float) — cl
  BAP            PE  11.5 vs JPM     PE  14.4 | EY gap   1.7pp just.  1.8pp -> EXCESS  -0.1pp | bank pair kept for continuity w/ CRP scanner;
  SQM            PE   9.9 vs ALB     PE   9.7 | EY gap  -0.2pp just.  0.8pp -> EXCESS  -1.0pp | lithium twins; both cyclical — PE unstable at
  TLK            PE   9.9 vs DTE.DE  PE  10.8 | EY gap   0.8pp just.  2.5pp -> EXCESS  -1.6pp | SOE (state 52%) — structure-earned discount c
  ABEV           PE  14.1 vs BUD     PE  17.1 | EY gap   1.3pp just.  2.9pp -> EXCESS  -1.7pp | ABI owns ~62%; same brands; BUD itself carrie
  UNVR.JK        PE  17.4 vs ULVR.L  PE  16.2 | EY gap  -0.4pp just.  1.7pp -> EXCESS  -2.1pp | parent owns ~85%; float thin; SAME products
  HINDUNILVR.NS  PE  39.1 vs ULVR.L  PE  16.2 | EY gap  -3.6pp just.  1.5pp -> EXCESS  -5.1pp | parent ~62%; the REVERSE tell — India glamour
  NESTLEIND.NS   PE  61.3 vs NESN.SW PE  17.1 | EY gap  -4.2pp just.  2.3pp -> EXCESS  -6.5pp | parent ~63%; reverse-tell candidate
  MHPC.L         PE   6.8 vs TSN     PE  13.2 | EY gap   7.1pp just. 15.0pp -> EXCESS  -7.9pp | war-risk extreme case; CRP table lacks Ukrain
  REJECT BIMBOA.MX/K: no usable PE
[-> CROSSBORDER_TWINS.json]  The scanner proposes; the pipeline disposes.

/Users/ajay/Library/Python/3.9/lib/python/site-packages/urllib3/__init__.py:35: NotOpenSSLWarning: urllib3 v2 only supports OpenSSL 1.1.1+, currently the 'ssl' module is compiled with 'LibreSSL 2.8.3'. See: https://github.com/urllib3/urllib3/issues/3020
  warnings.warn(
HTTP Error 404: {"quoteSummary":{"result":null,"error":{"code":"Not Found","description":"Quote not found for symbol: K"}}}

===== 2026-08-06 03:44 (desk) =====
=== CROSS-BORDER TWIN SCANNER  2026-08-06  (13 pairs, 1 rejected) ===
  WALMEX.MX      PE  14.8 vs WMT     PE  34.2 | EY gap   3.8pp just.  2.3pp -> EXCESS   1.5pp GROWTH-EXPLAINED | WMT owns ~70%; float ok; same format/brand
  AC.MX          PE  13.6 vs KO      PE  24.6 | EY gap   3.3pp just.  1.9pp -> EXCESS   1.3pp GROWTH-EXPLAINED | bottler vs brand caveat as KOF
  KOF            PE  13.7 vs KO      PE  24.6 | EY gap   3.2pp just.  2.1pp -> EXCESS   1.2pp | KO owns ~28% + FEMSA control; bottler vs bran
  CX             PE  12.6 vs HOLN.SW PE  17.0 | EY gap   2.1pp just.  1.5pp -> EXCESS   0.6pp | CX ~40% US/EU revenue -> lambda 0.6; leverage
  GFNORTEO.MX    PE   8.5 vs USB     PE  11.1 | EY gap   2.8pp just.  2.4pp -> EXCESS   0.4pp GROWTH-EXPLAINED | bank; no controlling parent (true float) — cl
  BAP            PE  11.6 vs JPM     PE  14.4 | EY gap   1.7pp just.  1.8pp -> EXCESS  -0.1pp | bank pair kept for continuity w/ CRP scanner;
  TLK            PE   9.6 vs DTE.DE  PE  11.4 | EY gap   1.6pp just.  2.5pp -> EXCESS  -0.9pp | SOE (state 52%) — structure-earned discount c
  SQM            PE  10.1 vs ALB     PE   9.5 | EY gap  -0.6pp just.  0.8pp -> EXCESS  -1.4pp | lithium twins; both cyclical — PE unstable at
  ABEV           PE  14.0 vs BUD     PE  17.2 | EY gap   1.3pp just.  2.9pp -> EXCESS  -1.6pp | ABI owns ~62%; same brands; BUD itself carrie
  UNVR.JK        PE  16.9 vs ULVR.L  PE  16.3 | EY gap  -0.2pp just.  1.7pp -> EXCESS  -1.9pp | parent owns ~85%; float thin; SAME products
  HINDUNILVR.NS  PE  39.1 vs ULVR.L  PE  16.3 | EY gap  -3.6pp just.  1.5pp -> EXCESS  -5.1pp | parent ~62%; the REVERSE tell — India glamour
  NESTLEIND.NS   PE  61.2 vs NESN.SW PE  17.3 | EY gap  -4.2pp just.  2.3pp -> EXCESS  -6.4pp | parent ~63%; reverse-tell candidate
  MHPC.L         PE   6.8 vs TSN     PE  13.1 | EY gap   7.1pp just. 15.0pp -> EXCESS  -7.9pp | war-risk extreme case; CRP table lacks Ukrain
  REJECT BIMBOA.MX/K: no usable PE
[-> CROSSBORDER_TWINS.json]  The scanner proposes; the pipeline disposes.

/Users/ajay/Library/Python/3.9/lib/python/site-packages/urllib3/__init__.py:35: NotOpenSSLWarning: urllib3 v2 only supports OpenSSL 1.1.1+, currently the 'ssl' module is compiled with 'LibreSSL 2.8.3'. See: https://github.com/urllib3/urllib3/issues/3020
  warnings.warn(
HTTP Error 404: {"quoteSummary":{"result":null,"error":{"code":"Not Found","description":"Quote not found for symbol: K"}}}

===== 2026-08-07 04:49 (desk) =====
=== CROSS-BORDER TWIN SCANNER  2026-08-07  (13 pairs, 1 rejected) ===
  WALMEX.MX      PE  14.9 vs WMT     PE  34.2 | EY gap   3.8pp just.  2.3pp -> EXCESS   1.5pp GROWTH-EXPLAINED | WMT owns ~70%; float ok; same format/brand
  AC.MX          PE  13.7 vs KO      PE  24.6 | EY gap   3.2pp just.  1.9pp -> EXCESS   1.3pp GROWTH-EXPLAINED | bottler vs brand caveat as KOF
  KOF            PE  13.9 vs KO      PE  24.6 | EY gap   3.2pp just.  2.1pp -> EXCESS   1.1pp | KO owns ~28% + FEMSA control; bottler vs bran
  CX             PE  12.3 vs HOLN.SW PE  16.7 | EY gap   2.1pp just.  1.5pp -> EXCESS   0.7pp | CX ~40% US/EU revenue -> lambda 0.6; leverage
  GFNORTEO.MX    PE   8.5 vs USB     PE  11.0 | EY gap   2.7pp just.  2.4pp -> EXCESS   0.3pp GROWTH-EXPLAINED | bank; no controlling parent (true float) — cl
  BAP            PE  11.5 vs JPM     PE  14.2 | EY gap   1.7pp just.  1.8pp -> EXCESS  -0.2pp | bank pair kept for continuity w/ CRP scanner;
  TLK            PE   9.8 vs DTE.DE  PE  11.4 | EY gap   1.5pp just.  2.5pp -> EXCESS  -1.0pp | SOE (state 52%) — structure-earned discount c
  SQM            PE  10.4 vs ALB     PE  10.0 | EY gap  -0.4pp just.  0.8pp -> EXCESS  -1.2pp | lithium twins; both cyclical — PE unstable at
  ABEV           PE  13.9 vs BUD     PE  16.9 | EY gap   1.3pp just.  2.9pp -> EXCESS  -1.7pp | ABI owns ~62%; same brands; BUD itself carrie
  UNVR.JK        PE  17.1 vs ULVR.L  PE  15.9 | EY gap  -0.4pp just.  1.7pp -> EXCESS  -2.1pp | parent owns ~85%; float thin; SAME products
  HINDUNILVR.NS  PE  39.4 vs ULVR.L  PE  15.9 | EY gap  -3.7pp just.  1.5pp -> EXCESS  -5.2pp | parent ~62%; the REVERSE tell — India glamour
  NESTLEIND.NS   PE  62.0 vs NESN.SW PE  17.0 | EY gap  -4.3pp just.  2.3pp -> EXCESS  -6.5pp | parent ~63%; reverse-tell candidate
  MHPC.L         PE   6.8 vs TSN     PE  13.2 | EY gap   7.1pp just. 15.0pp -> EXCESS  -7.9pp | war-risk extreme case; CRP table lacks Ukrain
  REJECT BIMBOA.MX/K: no usable PE
[-> CROSSBORDER_TWINS.json]  The scanner proposes; the pipeline disposes.

/Users/ajay/Library/Python/3.9/lib/python/site-packages/urllib3/__init__.py:35: NotOpenSSLWarning: urllib3 v2 only supports OpenSSL 1.1.1+, currently the 'ssl' module is compiled with 'LibreSSL 2.8.3'. See: https://github.com/urllib3/urllib3/issues/3020
  warnings.warn(
HTTP Error 404: {"quoteSummary":{"result":null,"error":{"code":"Not Found","description":"Quote not found for symbol: K"}}}

===== 2026-08-10 00:53 (desk) =====
=== CROSS-BORDER TWIN SCANNER  2026-08-10  (13 pairs, 1 rejected) ===
  WALMEX.MX      PE  15.1 vs WMT     PE  34.1 | EY gap   3.7pp just.  2.3pp -> EXCESS   1.4pp GROWTH-EXPLAINED | WMT owns ~70%; float ok; same format/brand
  AC.MX          PE  14.0 vs KO      PE  24.7 | EY gap   3.1pp just.  1.9pp -> EXCESS   1.2pp GROWTH-EXPLAINED | bottler vs brand caveat as KOF
  KOF            PE  14.0 vs KO      PE  24.7 | EY gap   3.1pp just.  2.1pp -> EXCESS   1.0pp | KO owns ~28% + FEMSA control; bottler vs bran
  CX             PE  12.3 vs HOLN.SW PE  16.5 | EY gap   2.1pp just.  1.5pp -> EXCESS   0.6pp | CX ~40% US/EU revenue -> lambda 0.6; leverage
  GFNORTEO.MX    PE   8.5 vs USB     PE  11.0 | EY gap   2.7pp just.  2.4pp -> EXCESS   0.3pp GROWTH-EXPLAINED | bank; no controlling parent (true float) — cl
  BAP            PE  11.3 vs JPM     PE  14.3 | EY gap   1.8pp just.  1.8pp -> EXCESS  -0.0pp | bank pair kept for continuity w/ CRP scanner;
  SQM            PE  10.4 vs ALB     PE  11.3 | EY gap   0.8pp just.  0.8pp -> EXCESS   0.0pp | lithium twins; both cyclical — PE unstable at
  TLK            PE   9.8 vs DTE.DE  PE  11.3 | EY gap   1.3pp just.  2.5pp -> EXCESS  -1.1pp | SOE (state 52%) — structure-earned discount c
  ABEV           PE  13.9 vs BUD     PE  16.8 | EY gap   1.3pp just.  2.9pp -> EXCESS  -1.6pp | ABI owns ~62%; same brands; BUD itself carrie
  UNVR.JK        PE  17.0 vs ULVR.L  PE  15.7 | EY gap  -0.5pp just.  1.7pp -> EXCESS  -2.1pp | parent owns ~85%; float thin; SAME products
  HINDUNILVR.NS  PE  39.4 vs ULVR.L  PE  15.7 | EY gap  -3.8pp just.  1.5pp -> EXCESS  -5.3pp | parent ~62%; the REVERSE tell — India glamour
  NESTLEIND.NS   PE  61.6 vs NESN.SW PE  16.8 | EY gap  -4.3pp just.  2.3pp -> EXCESS  -6.6pp | parent ~63%; reverse-tell candidate
  MHPC.L         PE   6.8 vs TSN     PE  13.0 | EY gap   7.0pp just. 15.0pp -> EXCESS  -8.0pp | war-risk extreme case; CRP table lacks Ukrain
  REJECT BIMBOA.MX/K: no usable PE
[-> CROSSBORDER_TWINS.json]  The scanner proposes; the pipeline disposes.

/Users/ajay/Library/Python/3.9/lib/python/site-packages/urllib3/__init__.py:35: NotOpenSSLWarning: urllib3 v2 only supports OpenSSL 1.1.1+, currently the 'ssl' module is compiled with 'LibreSSL 2.8.3'. See: https://github.com/urllib3/urllib3/issues/3020
  warnings.warn(
HTTP Error 404: {"quoteSummary":{"result":null,"error":{"code":"Not Found","description":"Quote not found for symbol: K"}}}

===== 2026-08-11 01:56 (desk) =====
=== CROSS-BORDER TWIN SCANNER  2026-08-11  (13 pairs, 1 rejected) ===
  WALMEX.MX      PE  14.7 vs WMT     PE  34.3 | EY gap   3.9pp just.  2.3pp -> EXCESS   1.6pp GROWTH-EXPLAINED | WMT owns ~70%; float ok; same format/brand
  AC.MX          PE  13.8 vs KO      PE  24.6 | EY gap   3.2pp just.  1.9pp -> EXCESS   1.2pp GROWTH-EXPLAINED | bottler vs brand caveat as KOF
  KOF            PE  13.8 vs KO      PE  24.6 | EY gap   3.2pp just.  2.1pp -> EXCESS   1.1pp | KO owns ~28% + FEMSA control; bottler vs bran
  CX             PE  12.3 vs HOLN.SW PE  16.4 | EY gap   2.0pp just.  1.5pp -> EXCESS   0.6pp | CX ~40% US/EU revenue -> lambda 0.6; leverage
  GFNORTEO.MX    PE   8.4 vs USB     PE  11.1 | EY gap   2.9pp just.  2.4pp -> EXCESS   0.5pp GROWTH-EXPLAINED | bank; no controlling parent (true float) — cl
  BAP            PE  11.2 vs JPM     PE  14.4 | EY gap   2.0pp just.  1.8pp -> EXCESS   0.1pp GROWTH-EXPLAINED | bank pair kept for continuity w/ CRP scanner;
  SQM            PE  10.5 vs ALB     PE  11.4 | EY gap   0.7pp just.  0.8pp -> EXCESS  -0.0pp | lithium twins; both cyclical — PE unstable at
  TLK            PE   9.7 vs DTE.DE  PE  11.1 | EY gap   1.3pp just.  2.5pp -> EXCESS  -1.2pp | SOE (state 52%) — structure-earned discount c
  ABEV           PE  13.6 vs BUD     PE  16.7 | EY gap   1.4pp just.  2.9pp -> EXCESS  -1.5pp | ABI owns ~62%; same brands; BUD itself carrie
  UNVR.JK        PE  16.4 vs ULVR.L  PE  15.6 | EY gap  -0.3pp just.  1.7pp -> EXCESS  -2.0pp | parent owns ~85%; float thin; SAME products
  HINDUNILVR.NS  PE  39.0 vs ULVR.L  PE  15.6 | EY gap  -3.8pp just.  1.5pp -> EXCESS  -5.3pp | parent ~62%; the REVERSE tell — India glamour
  NESTLEIND.NS   PE  60.4 vs NESN.SW PE  16.6 | EY gap  -4.4pp just.  2.3pp -> EXCESS  -6.6pp | parent ~63%; reverse-tell candidate
  MHPC.L         PE   6.8 vs TSN     PE  12.8 | EY gap   6.8pp just. 15.0pp -> EXCESS  -8.2pp | war-risk extreme case; CRP table lacks Ukrain
  REJECT BIMBOA.MX/K: no usable PE
[-> CROSSBORDER_TWINS.json]  The scanner proposes; the pipeline disposes.

/Users/ajay/Library/Python/3.9/lib/python/site-packages/urllib3/__init__.py:35: NotOpenSSLWarning: urllib3 v2 only supports OpenSSL 1.1.1+, currently the 'ssl' module is compiled with 'LibreSSL 2.8.3'. See: https://github.com/urllib3/urllib3/issues/3020
  warnings.warn(
HTTP Error 404: {"quoteSummary":{"result":null,"error":{"code":"Not Found","description":"Quote not found for symbol: K"}}}

===== 2026-08-12 07:58 (desk) =====
=== CROSS-BORDER TWIN SCANNER  2026-08-12  (13 pairs, 1 rejected) ===
  WALMEX.MX      PE  14.8 vs WMT     PE  35.0 | EY gap   3.9pp just.  2.3pp -> EXCESS   1.6pp GROWTH-EXPLAINED | WMT owns ~70%; float ok; same format/brand
  AC.MX          PE  13.7 vs KO      PE  24.6 | EY gap   3.2pp just.  1.9pp -> EXCESS   1.3pp GROWTH-EXPLAINED | bottler vs brand caveat as KOF
  KOF            PE  14.0 vs KO      PE  24.6 | EY gap   3.1pp just.  2.1pp -> EXCESS   1.0pp | KO owns ~28% + FEMSA control; bottler vs bran
  CX             PE  12.2 vs HOLN.SW PE  16.7 | EY gap   2.2pp just.  1.5pp -> EXCESS   0.7pp | CX ~40% US/EU revenue -> lambda 0.6; leverage
  GFNORTEO.MX    PE   8.3 vs USB     PE  11.2 | EY gap   3.1pp just.  2.4pp -> EXCESS   0.6pp GROWTH-EXPLAINED | bank; no controlling parent (true float) — cl
  BAP            PE  11.1 vs JPM     PE  14.6 | EY gap   2.2pp just.  1.8pp -> EXCESS   0.3pp GROWTH-EXPLAINED | bank pair kept for continuity w/ CRP scanner;
  SQM            PE  10.3 vs ALB     PE  11.2 | EY gap   0.8pp just.  0.8pp -> EXCESS   0.0pp | lithium twins; both cyclical — PE unstable at
  TLK            PE   9.5 vs DTE.DE  PE  11.1 | EY gap   1.5pp just.  2.5pp -> EXCESS  -1.0pp | SOE (state 52%) — structure-earned discount c
  ABEV           PE  13.2 vs BUD     PE  15.9 | EY gap   1.3pp just.  2.9pp -> EXCESS  -1.7pp | ABI owns ~62%; same brands; BUD itself carrie
  UNVR.JK        PE  16.6 vs ULVR.L  PE  15.4 | EY gap  -0.4pp just.  1.7pp -> EXCESS  -2.1pp | parent owns ~85%; float thin; SAME products
  HINDUNILVR.NS  PE  38.8 vs ULVR.L  PE  15.4 | EY gap  -3.9pp just.  1.5pp -> EXCESS  -5.4pp | parent ~62%; the REVERSE tell — India glamour
  NESTLEIND.NS   PE  60.7 vs NESN.SW PE  16.4 | EY gap  -4.4pp just.  2.3pp -> EXCESS  -6.7pp | parent ~63%; reverse-tell candidate
  MHPC.L         PE   6.8 vs TSN     PE  12.5 | EY gap   6.7pp just. 15.0pp -> EXCESS  -8.3pp | war-risk extreme case; CRP table lacks Ukrain
  REJECT BIMBOA.MX/K: no usable PE
[-> CROSSBORDER_TWINS.json]  The scanner proposes; the pipeline disposes.

/Users/ajay/Library/Python/3.9/lib/python/site-packages/urllib3/__init__.py:35: NotOpenSSLWarning: urllib3 v2 only supports OpenSSL 1.1.1+, currently the 'ssl' module is compiled with 'LibreSSL 2.8.3'. See: https://github.com/urllib3/urllib3/issues/3020
  warnings.warn(
HTTP Error 404: {"quoteSummary":{"result":null,"error":{"code":"Not Found","description":"Quote not found for symbol: K"}}}

===== 2026-08-13 09:15 (desk) =====
=== CROSS-BORDER TWIN SCANNER  2026-08-13  (13 pairs, 1 rejected) ===
  WALMEX.MX      PE  14.4 vs WMT     PE  35.2 | EY gap   4.1pp just.  2.3pp -> EXCESS   1.8pp GROWTH-EXPLAINED | WMT owns ~70%; float ok; same format/brand
  AC.MX          PE  13.7 vs KO      PE  24.9 | EY gap   3.3pp just.  1.9pp -> EXCESS   1.4pp GROWTH-EXPLAINED | bottler vs brand caveat as KOF
  KOF            PE  13.9 vs KO      PE  24.9 | EY gap   3.2pp just.  2.1pp -> EXCESS   1.1pp | KO owns ~28% + FEMSA control; bottler vs bran
  CX             PE  12.0 vs HOLN.SW PE  16.6 | EY gap   2.3pp just.  1.5pp -> EXCESS   0.8pp | CX ~40% US/EU revenue -> lambda 0.6; leverage
  GFNORTEO.MX    PE   8.3 vs USB     PE  11.2 | EY gap   3.2pp just.  2.4pp -> EXCESS   0.8pp GROWTH-EXPLAINED | bank; no controlling parent (true float) — cl
  BAP            PE  11.0 vs JPM     PE  14.5 | EY gap   2.2pp just.  1.8pp -> EXCESS   0.3pp GROWTH-EXPLAINED | bank pair kept for continuity w/ CRP scanner;
  SQM            PE  10.5 vs ALB     PE  11.4 | EY gap   0.8pp just.  0.8pp -> EXCESS  -0.0pp | lithium twins; both cyclical — PE unstable at
  TLK            PE   9.5 vs DTE.DE  PE  11.2 | EY gap   1.5pp just.  2.5pp -> EXCESS  -0.9pp | SOE (state 52%) — structure-earned discount c
  ABEV           PE  13.1 vs BUD     PE  16.1 | EY gap   1.4pp just.  2.9pp -> EXCESS  -1.5pp | ABI owns ~62%; same brands; BUD itself carrie
  UNVR.JK        PE  16.3 vs ULVR.L  PE  15.7 | EY gap  -0.2pp just.  1.7pp -> EXCESS  -1.9pp | parent owns ~85%; float thin; SAME products
  HINDUNILVR.NS  PE  39.3 vs ULVR.L  PE  15.7 | EY gap  -3.8pp just.  1.5pp -> EXCESS  -5.3pp | parent ~62%; the REVERSE tell — India glamour
  NESTLEIND.NS   PE  60.7 vs NESN.SW PE  16.8 | EY gap  -4.3pp just.  2.3pp -> EXCESS  -6.6pp | parent ~63%; reverse-tell candidate
  MHPC.L         PE   6.8 vs TSN     PE  12.6 | EY gap   6.8pp just. 15.0pp -> EXCESS  -8.2pp | war-risk extreme case; CRP table lacks Ukrain
  REJECT BIMBOA.MX/K: no usable PE
[-> CROSSBORDER_TWINS.json]  The scanner proposes; the pipeline disposes.

/Users/ajay/Library/Python/3.9/lib/python/site-packages/urllib3/__init__.py:35: NotOpenSSLWarning: urllib3 v2 only supports OpenSSL 1.1.1+, currently the 'ssl' module is compiled with 'LibreSSL 2.8.3'. See: https://github.com/urllib3/urllib3/issues/3020
  warnings.warn(
HTTP Error 404: {"quoteSummary":{"result":null,"error":{"code":"Not Found","description":"Quote not found for symbol: K"}}}

===== 2026-08-14 10:03 (desk) =====
=== CROSS-BORDER TWIN SCANNER  2026-08-14  (13 pairs, 1 rejected) ===
  WALMEX.MX      PE  14.5 vs WMT     PE  35.1 | EY gap   4.1pp just.  2.3pp -> EXCESS   1.8pp GROWTH-EXPLAINED | WMT owns ~70%; float ok; same format/brand
  AC.MX          PE  13.6 vs KO      PE  24.9 | EY gap   3.3pp just.  1.9pp -> EXCESS   1.4pp GROWTH-EXPLAINED | bottler vs brand caveat as KOF
  KOF            PE  13.8 vs KO      PE  24.9 | EY gap   3.2pp just.  2.1pp -> EXCESS   1.2pp | KO owns ~28% + FEMSA control; bottler vs bran
  GFNORTEO.MX    PE   8.1 vs USB     PE  11.2 | EY gap   3.5pp just.  2.4pp -> EXCESS   1.1pp GROWTH-EXPLAINED | bank; no controlling parent (true float) — cl
  CX             PE  12.0 vs HOLN.SW PE  16.6 | EY gap   2.3pp just.  1.5pp -> EXCESS   0.8pp | CX ~40% US/EU revenue -> lambda 0.6; leverage
  BAP            PE  11.3 vs JPM     PE  14.5 | EY gap   2.0pp just.  1.8pp -> EXCESS   0.1pp GROWTH-EXPLAINED | bank pair kept for continuity w/ CRP scanner;
  SQM            PE  10.7 vs ALB     PE  11.8 | EY gap   0.9pp just.  0.8pp -> EXCESS   0.1pp | lithium twins; both cyclical — PE unstable at
  TLK            PE   9.7 vs DTE.DE  PE  11.3 | EY gap   1.5pp just.  2.5pp -> EXCESS  -1.0pp | SOE (state 52%) — structure-earned discount c
  ABEV           PE  12.9 vs BUD     PE  16.0 | EY gap   1.5pp just.  2.9pp -> EXCESS  -1.4pp | ABI owns ~62%; same brands; BUD itself carrie
  UNVR.JK        PE  16.7 vs ULVR.L  PE  15.6 | EY gap  -0.4pp just.  1.7pp -> EXCESS  -2.1pp | parent owns ~85%; float thin; SAME products
  HINDUNILVR.NS  PE  39.0 vs ULVR.L  PE  15.6 | EY gap  -3.9pp just.  1.5pp -> EXCESS  -5.3pp | parent ~62%; the REVERSE tell — India glamour
  NESTLEIND.NS   PE  60.4 vs NESN.SW PE  16.8 | EY gap  -4.3pp just.  2.3pp -> EXCESS  -6.6pp | parent ~63%; reverse-tell candidate
  MHPC.L         PE   6.8 vs TSN     PE  13.0 | EY gap   7.0pp just. 15.0pp -> EXCESS  -8.0pp | war-risk extreme case; CRP table lacks Ukrain
  REJECT BIMBOA.MX/K: no usable PE
[-> CROSSBORDER_TWINS.json]  The scanner proposes; the pipeline disposes.

/Users/ajay/Library/Python/3.9/lib/python/site-packages/urllib3/__init__.py:35: NotOpenSSLWarning: urllib3 v2 only supports OpenSSL 1.1.1+, currently the 'ssl' module is compiled with 'LibreSSL 2.8.3'. See: https://github.com/urllib3/urllib3/issues/3020
  warnings.warn(
HTTP Error 404: {"quoteSummary":{"result":null,"error":{"code":"Not Found","description":"Quote not found for symbol: K"}}}

===== 2026-08-17 08:59 (desk) =====
=== CROSS-BORDER TWIN SCANNER  2026-08-17  (13 pairs, 1 rejected) ===
  WALMEX.MX      PE  14.4 vs WMT     PE  34.9 | EY gap   4.1pp just.  2.3pp -> EXCESS   1.8pp GROWTH-EXPLAINED | WMT owns ~70%; float ok; same format/brand
  KOF            PE  13.3 vs KO      PE  24.7 | EY gap   3.5pp just.  2.1pp -> EXCESS   1.4pp | KO owns ~28% + FEMSA control; bottler vs bran
  AC.MX          PE  13.5 vs KO      PE  24.7 | EY gap   3.4pp just.  1.9pp -> EXCESS   1.4pp GROWTH-EXPLAINED | bottler vs brand caveat as KOF
  GFNORTEO.MX    PE   8.0 vs USB     PE  11.3 | EY gap   3.7pp just.  2.4pp -> EXCESS   1.3pp GROWTH-EXPLAINED | bank; no controlling parent (true float) — cl
  CX             PE  12.1 vs HOLN.SW PE  16.6 | EY gap   2.2pp just.  1.5pp -> EXCESS   0.8pp | CX ~40% US/EU revenue -> lambda 0.6; leverage
  BAP            PE  11.2 vs JPM     PE  14.5 | EY gap   2.0pp just.  1.8pp -> EXCESS   0.2pp GROWTH-EXPLAINED | bank pair kept for continuity w/ CRP scanner;
  SQM            PE  10.7 vs ALB     PE  11.6 | EY gap   0.7pp just.  0.8pp -> EXCESS  -0.1pp | lithium twins; both cyclical — PE unstable at
  TLK            PE   9.7 vs DTE.DE  PE  11.2 | EY gap   1.4pp just.  2.5pp -> EXCESS  -1.1pp | SOE (state 52%) — structure-earned discount c
  ABEV           PE  13.0 vs BUD     PE  15.6 | EY gap   1.3pp just.  2.9pp -> EXCESS  -1.6pp | ABI owns ~62%; same brands; BUD itself carrie
  UNVR.JK        PE  16.7 vs ULVR.L  PE  15.3 | EY gap  -0.5pp just.  1.7pp -> EXCESS  -2.2pp | parent owns ~85%; float thin; SAME products
  HINDUNILVR.NS  PE  38.6 vs ULVR.L  PE  15.3 | EY gap  -3.9pp just.  1.5pp -> EXCESS  -5.4pp | parent ~62%; the REVERSE tell — India glamour
  NESTLEIND.NS   PE  59.2 vs NESN.SW PE  16.3 | EY gap  -4.4pp just.  2.3pp -> EXCESS  -6.7pp | parent ~63%; reverse-tell candidate
  MHPC.L         PE   6.8 vs TSN     PE  13.0 | EY gap   7.0pp just. 15.0pp -> EXCESS  -8.0pp | war-risk extreme case; CRP table lacks Ukrain
  REJECT BIMBOA.MX/K: no usable PE
[-> CROSSBORDER_TWINS.json]  The scanner proposes; the pipeline disposes.

/Users/ajay/Library/Python/3.9/lib/python/site-packages/urllib3/__init__.py:35: NotOpenSSLWarning: urllib3 v2 only supports OpenSSL 1.1.1+, currently the 'ssl' module is compiled with 'LibreSSL 2.8.3'. See: https://github.com/urllib3/urllib3/issues/3020
  warnings.warn(
HTTP Error 404: {"quoteSummary":{"result":null,"error":{"code":"Not Found","description":"Quote not found for symbol: K"}}}

===== 2026-09-11 01:37 (desk) =====
=== CROSS-BORDER TWIN SCANNER  2026-09-11  (13 pairs, 1 rejected) ===
  >>> FLAG TWIN-DISLOCATION: TLK vs DTE.DE excess moved -2.0pp vs the Jul-2026 baseline (now -3.3pp) — check what broke: FX panic / country headline / earnings; same-business pair = the Oakland-playbook shape IF the cause doesn't touch the business
  WALMEX.MX      PE  14.3 vs WMT     PE  32.7 | EY gap   3.9pp just.  2.3pp -> EXCESS   1.6pp GROWTH-EXPLAINED | WMT owns ~70%; float ok; same format/brand
  AC.MX          PE  14.0 vs KO      PE  24.9 | EY gap   3.1pp just.  1.9pp -> EXCESS   1.2pp GROWTH-EXPLAINED | bottler vs brand caveat as KOF
  KOF            PE  13.9 vs KO      PE  24.9 | EY gap   3.2pp just.  2.1pp -> EXCESS   1.1pp | KO owns ~28% + FEMSA control; bottler vs bran
  CX             PE  11.6 vs HOLN.SW PE  16.3 | EY gap   2.5pp just.  1.5pp -> EXCESS   1.0pp | CX ~40% US/EU revenue -> lambda 0.6; leverage
  GFNORTEO.MX    PE   8.4 vs USB     PE  10.8 | EY gap   2.6pp just.  2.4pp -> EXCESS   0.2pp | bank; no controlling parent (true float) — cl
  BAP            PE  11.1 vs JPM     PE  14.1 | EY gap   1.9pp just.  1.8pp -> EXCESS   0.1pp GROWTH-EXPLAINED | bank pair kept for continuity w/ CRP scanner;
  SQM            PE  10.8 vs ALB     PE  10.8 | EY gap   0.0pp just.  0.8pp -> EXCESS  -0.8pp | lithium twins; both cyclical — PE unstable at
  UNVR.JK        PE  15.3 vs ULVR.L  PE  15.4 | EY gap   0.0pp just.  1.7pp -> EXCESS  -1.7pp | parent owns ~85%; float thin; SAME products
  ABEV           PE  14.2 vs BUD     PE  15.6 | EY gap   0.6pp just.  2.9pp -> EXCESS  -2.3pp | ABI owns ~62%; same brands; BUD itself carrie
  TLK            PE  12.2 vs DTE.DE  PE  11.0 | EY gap  -0.9pp just.  2.5pp -> EXCESS  -3.3pp | SOE (state 52%) — structure-earned discount c
  HINDUNILVR.NS  PE  36.4 vs ULVR.L  PE  15.4 | EY gap  -3.8pp just.  1.5pp -> EXCESS  -5.2pp | parent ~62%; the REVERSE tell — India glamour
  NESTLEIND.NS   PE  55.9 vs NESN.SW PE  16.1 | EY gap  -4.4pp just.  2.3pp -> EXCESS  -6.7pp | parent ~63%; reverse-tell candidate
  MHPC.L         PE   6.8 vs TSN     PE  12.6 | EY gap   6.7pp just. 15.0pp -> EXCESS  -8.3pp | war-risk extreme case; CRP table lacks Ukrain
  REJECT BIMBOA.MX/K: no usable PE
[-> CROSSBORDER_TWINS.json]  The scanner proposes; the pipeline disposes.

/Users/ajay/Library/Python/3.9/lib/python/site-packages/urllib3/__init__.py:35: NotOpenSSLWarning: urllib3 v2 only supports OpenSSL 1.1.1+, currently the 'ssl' module is compiled with 'LibreSSL 2.8.3'. See: https://github.com/urllib3/urllib3/issues/3020
  warnings.warn(
HTTP Error 404: {"quoteSummary":{"result":null,"error":{"code":"Not Found","description":"Quote not found for symbol: K"}}}

===== 2026-09-11 01:42 (desk) =====
=== CROSS-BORDER TWIN SCANNER  2026-09-11  (13 pairs, 1 rejected) ===
  >>> FLAG TWIN-DISLOCATION: TLK vs DTE.DE excess moved -2.0pp vs the Jul-2026 baseline (now -3.3pp) — check what broke: FX panic / country headline / earnings; same-business pair = the Oakland-playbook shape IF the cause doesn't touch the business
  WALMEX.MX      PE  14.3 vs WMT     PE  32.7 | EY gap   3.9pp just.  2.3pp -> EXCESS   1.6pp GROWTH-EXPLAINED | WMT owns ~70%; float ok; same format/brand
  AC.MX          PE  14.0 vs KO      PE  24.9 | EY gap   3.1pp just.  1.9pp -> EXCESS   1.2pp GROWTH-EXPLAINED | bottler vs brand caveat as KOF
  KOF            PE  13.9 vs KO      PE  24.9 | EY gap   3.2pp just.  2.1pp -> EXCESS   1.1pp | KO owns ~28% + FEMSA control; bottler vs bran
  CX             PE  11.6 vs HOLN.SW PE  16.3 | EY gap   2.5pp just.  1.5pp -> EXCESS   1.0pp | CX ~40% US/EU revenue -> lambda 0.6; leverage
  GFNORTEO.MX    PE   8.4 vs USB     PE  10.8 | EY gap   2.6pp just.  2.4pp -> EXCESS   0.2pp | bank; no controlling parent (true float) — cl
  BAP            PE  11.1 vs JPM     PE  14.1 | EY gap   1.9pp just.  1.8pp -> EXCESS   0.1pp GROWTH-EXPLAINED | bank pair kept for continuity w/ CRP scanner;
  SQM            PE  10.8 vs ALB     PE  10.8 | EY gap   0.0pp just.  0.8pp -> EXCESS  -0.8pp | lithium twins; both cyclical — PE unstable at
  UNVR.JK        PE  15.3 vs ULVR.L  PE  15.4 | EY gap   0.0pp just.  1.7pp -> EXCESS  -1.6pp | parent owns ~85%; float thin; SAME products
  ABEV           PE  14.2 vs BUD     PE  15.6 | EY gap   0.6pp just.  2.9pp -> EXCESS  -2.3pp | ABI owns ~62%; same brands; BUD itself carrie
  TLK            PE  12.2 vs DTE.DE  PE  11.0 | EY gap  -0.9pp just.  2.5pp -> EXCESS  -3.3pp | SOE (state 52%) — structure-earned discount c
  HINDUNILVR.NS  PE  36.4 vs ULVR.L  PE  15.4 | EY gap  -3.8pp just.  1.5pp -> EXCESS  -5.2pp | parent ~62%; the REVERSE tell — India glamour
  NESTLEIND.NS   PE  55.8 vs NESN.SW PE  16.1 | EY gap  -4.4pp just.  2.3pp -> EXCESS  -6.7pp | parent ~63%; reverse-tell candidate
  MHPC.L         PE   6.8 vs TSN     PE  12.6 | EY gap   6.7pp just. 15.0pp -> EXCESS  -8.3pp | war-risk extreme case; CRP table lacks Ukrain
  REJECT BIMBOA.MX/K: no usable PE
[-> CROSSBORDER_TWINS.json]  The scanner proposes; the pipeline disposes.

/Users/ajay/Library/Python/3.9/lib/python/site-packages/urllib3/__init__.py:35: NotOpenSSLWarning: urllib3 v2 only supports OpenSSL 1.1.1+, currently the 'ssl' module is compiled with 'LibreSSL 2.8.3'. See: https://github.com/urllib3/urllib3/issues/3020
  warnings.warn(
HTTP Error 404: {"quoteSummary":{"result":null,"error":{"code":"Not Found","description":"Quote not found for symbol: K"}}}
