
===== 2026-07-02 00:32 (desk) =====
=== 8-K DISTRESS SCANNER  2026-07-02  (44 tells since 2026-06-25) ===
  late_10K (29):
   2026-06-30  AVAI BIO, INC.  (AVAI)  (CIK 0001740797)                 NT 10-K
   2026-06-30  King Resources, Inc.  (KRFG)  (CIK 0000774415)           NT 10-K
   2026-06-30  DeltaSoft Corp  (CIK 0002020919)                         NT 10-K
   2026-06-30  Xenous Holdings, Inc.  (XITO)  (CIK 0001651932)          NT 10-K
   2026-06-30  Caro Holdings Inc.  (CAHO)  (CIK 0001678105)             NT 10-K
   2026-06-30  OFA Group  (OFAL)  (CIK 0002036307)                      NT 10-K
   ... +23 more
  going_concern_8k (15):
   2026-06-30  COLLEGIUM PHARMACEUTICAL, INC  (COLL)  (CIK 0001267565)  EX-99.1
   2026-06-26  Quantum Cyber N.V.  (QUCY)  (CIK 0001874252)             8-K
   2026-06-26  Wilco 63 Corp  (WLCO, WLCOU)  (CIK 0002101470)           EX-99.1
   2026-06-29  NextBoat Inc.  (NXB)  (CIK 0002067767)                   EX-99.1
   2026-06-26  Texas Ventures Acquisition IV Corp  (TVIV, TVIVU)  (CIK  EX-99.1
   2026-06-29  Greenland Mines Ltd  (GRML, GRMLW)  (CIK 0001907223)     8-K
   ... +9 more
  PROMOTE: avoid/short seeds; ALSO check each vs the dislocation-buy pattern (headline that doesn't reach the asset).
[-> DISTRESS_8K.json]


===== 2026-07-09 01:31 (desk) =====
=== 8-K DISTRESS SCANNER  2026-07-09  (76 tells since 2026-07-02) ===
  auditor_change (18):
   2026-07-02  BiomX Inc.  (PHGE)  (CIK 0001739174)                     8-K
   2026-07-08  ONCOLYTICS BIOTECH INC  (ONCY)  (CIK 0001129928)         EX-16.1
   2026-07-02  ABVC BIOPHARMA, INC.  (ABVC)  (CIK 0001173313)           EX-16.1
   2026-07-06  CXApp Inc.  (CXAI, CXAIW)  (CIK 0001820875)              EX-16.1
   2026-07-08  ONCOLYTICS BIOTECH INC  (ONCY)  (CIK 0001129928)         8-K
   2026-07-02  Praxis Precision Medicines, Inc.  (PRAX)  (CIK 000168954 EX-16.1
   ... +12 more
  covenant_waiver (40):
   2026-07-02  Backblaze, Inc.  (BLZE)  (CIK 0001462056)                EX-10.1
   2026-07-02  Abacus Global Management, Inc.  (ABX, ABXL)  (CIK 000181 EX-10.1
   2026-07-08  Contango Silver & Gold Inc.  (CTGO)  (CIK 0001502377)    EX-10.1
   2026-07-02  ANALOG DEVICES INC  (ADI)  (CIK 0000006281)              EX-10.1
   2026-07-08  CANADIAN PACIFIC KANSAS CITY LTD/CN  (CP)  (CIK 00000168 EX-10.1
   2026-07-02  CareView Communications Inc  (CRVW)  (CIK 0001377149)    EX-10.47
   ... +34 more
  going_concern_8k (18):
   2026-07-06  Futurewave Acquisition Corp  (FWAC, FWACU)  (CIK 0002116 EX-99.1
   2026-07-02  StableCoinX Inc.  (USDE, USDEW)  (CIK 0002080215)        EX-99.1
   2026-07-07  Banzai International, Inc.  (BNZI, BNZIW)  (CIK 00018260 EX-99.1
   2026-07-06  Synergy Empire Ltd  (CIK 0001766267)                     EX-99.1
   2026-07-08  Quantum Leap Acquisition Corp  (QLEP, QLEP-WT)  (CIK 000 EX-99.1
   2026-07-06  Digimarc Corp  (DMRC)  (CIK 0002119322)                  8-K
   ... +12 more
  PROMOTE: avoid/short seeds; ALSO check each vs the dislocation-buy pattern (headline that doesn't reach the asset).
[-> DISTRESS_8K.json]


===== 2026-07-16 02:30 (desk) =====
=== 8-K DISTRESS SCANNER  2026-07-16  (83 tells since 2026-07-09) ===
  auditor_change (24):
   2026-07-09  BestGofer Inc.  (BGFR)  (CIK 0001722556)                 8-K/A
   2026-07-15  SemiLEDs Corp  (LEDS)  (CIK 0001333822)                  8-K/A
   2026-07-09  Minerva Gold Inc.  (MINR)  (CIK 0001854816)              EX-16.1
   2026-07-09  BIO KEY INTERNATIONAL INC  (BKYI)  (CIK 0001019034)      EX-16.1
   2026-07-10  Ainos, Inc.  (AIMD, AIMDW)  (CIK 0001014763)             8-K
   2026-07-14  Datavault AI Inc.  (DVLT)  (CIK 0001682149)              8-K
   ... +18 more
  late_10Q (9):
   2026-07-15  Ankam, Inc.  (ANKM)  (CIK 0001781629)                    NT 10-Q
   2026-07-15  Hestia Insight Inc.  (HSTA)  (CIK 0001813603)            NT 10-Q
   2026-07-15  AI Era Corp.  (AERA)  (CIK 0001605331)                   NT 10-Q
   2026-07-15  Pineapple Financial Inc.  (PAPL)  (CIK 0001938109)       NT 10-Q
   2026-07-15  Purebase Corp  (PUBC)  (CIK 0001575858)                  NT 10-Q
   2026-07-15  PARK AEROSPACE CORP  (PKE)  (CIK 0000076267)             NT 10-Q
   ... +3 more
  covenant_waiver (40):
   2026-07-09  ENERPAC TOOL GROUP CORP  (EPAC)  (CIK 0000006955)        EX-10.1
   2026-07-13  GoPro, Inc.  (GPRO)  (CIK 0001500435)                    8-K
   2026-07-14  Anika Therapeutics, Inc.  (ANIK)  (CIK 0000898437)       EX-10.2
   2026-07-10  LINCOLN EDUCATIONAL SERVICES CORP  (LINC)  (CIK 00012866 EX-10.1
   2026-07-14  WABASH NATIONAL Corp  (WNC)  (CIK 0000879526)            EX-10.1
   2026-07-15  Tennessee Valley Authority  (TVC, TVE)  (CIK 0001376986) EX-10.1
   ... +34 more
  going_concern_8k (10):
   2026-07-14  AMERICAS CARMART INC  (CRMT)  (CIK 0000799850)           EX-99.1
   2026-07-13  Royale Energy, Inc.  (ROYL)  (CIK 0001694617)            EX-99.1
   2026-07-09  BIO KEY INTERNATIONAL INC  (BKYI)  (CIK 0001019034)      EX-16.1
   2026-07-14  Starfighters Space, Inc.  (FJET)  (CIK 0001947016)       8-K
   2026-07-15  RetinalGenix Technologies Inc.  (RTGN)  (CIK 0001836295) 8-K
   2026-07-10  INNSUITES HOSPITALITY TRUST  (IHT)  (CIK 0000082473)     8-K
   ... +4 more
  PROMOTE: avoid/short seeds; ALSO check each vs the dislocation-buy pattern (headline that doesn't reach the asset).
[-> DISTRESS_8K.json]


===== 2026-07-23 02:30 (desk) =====
=== 8-K DISTRESS SCANNER  2026-07-23  (68 tells since 2026-07-16) ===
  auditor_change (15):
   2026-07-20  SATIVUS TECH CORP.  (SATT)  (CIK 0001661600)             8-K
   2026-07-17  Polomar Health Services, Inc.  (PMHS)  (CIK 0001265521)  8-K
   2026-07-20  SATIVUS TECH CORP.  (SATT)  (CIK 0001661600)             EX-16.1
   2026-07-21  American Well Corp  (AMWL)  (CIK 0001393584)             EX-16.1
   2026-07-20  Logicquest Technology, Inc  (CIK 0000768216)             EX-16.1
   2026-07-16  Compass Diversified Holdings  (CODI, CODI-PA, CODI-PB, C EX-16.1
   ... +9 more
  late_10Q (1):
   2026-07-17  Royale Energy, Inc.  (ROYL)  (CIK 0001694617)            NT 10-Q
  covenant_waiver (40):
   2026-07-21  ACME UNITED CORP  (ACU)  (CIK 0000002098)                EX-10.4
   2026-07-21  TXNM ENERGY INC  (TXNM)  (CIK 0001108426)                EX-10.1
   2026-07-17  Bain Capital Private Credit  (CIK 0001899017)            EX-10.1
   2026-07-21  ASCENT INDUSTRIES CO.  (ACNT)  (CIK 0000095953)          EX-10.1
   2026-07-22  ARES CAPITAL CORP  (ARCC)  (CIK 0001287750)              EX-10.1
   2026-07-16  Distribution Solutions Group, Inc.  (DSGR)  (CIK 0000703 EX-2.1
   ... +34 more
  going_concern_8k (12):
   2026-07-21  HUGOTON ROYALTY TRUST  (HGTXU)  (CIK 0000862022)         EX-99.1
   2026-07-16  GRAY MEDIA, INC  (GTN, GTN-A)  (CIK 0000043196)          EX-99.1
   2026-07-22  Black Rock Petroleum Co  (CIK 0001580095)                8-K
   2026-07-16  Clean Energy Technologies, Inc.  (CETY)  (CIK 0001329606 8-K
   2026-07-21  Flag Ship Acquisition Corp  (FSHP, FSHPR, FSHPU)  (CIK 0 8-K
   2026-07-16  Compass Diversified Holdings  (CODI, CODI-PA, CODI-PB, C 8-K
   ... +6 more
  PROMOTE: avoid/short seeds; ALSO check each vs the dislocation-buy pattern (headline that doesn't reach the asset).
[-> DISTRESS_8K.json]


===== 2026-07-30 02:34 (desk) =====
=== 8-K DISTRESS SCANNER  2026-07-30  (92 tells since 2026-07-23) ===
  auditor_change (28):
   2026-07-27  Arax Holdings Corp  (CIK 0001566243)                     8-K
   2026-07-23  BOXABL Inc.  (BXBL, FGMCR, FGMCU)  (CIK 0001906364)      EX-16.1
   2026-07-29  Smartbird, Inc.  (BIRD)  (CIK 0001653909)                EX-16.1
   2026-07-24  Freenome, Inc.  (PCSC)  (CIK 0002017526)                 EX-16.1
   2026-07-24  Starfighters Space, Inc.  (FJET)  (CIK 0001947016)       8-K
   2026-07-27  SemiLEDs Corp  (LEDS)  (CIK 0001333822)                  8-K
   ... +22 more
  late_10K (7):
   2026-07-29  Mag Magna Corp  (MGNC)  (CIK 0001949864)                 NT 10-K
   2026-07-29  Ocean Power Technologies, Inc.  (OPTT)  (CIK 0001378140) NT 10-K
   2026-07-29  SPARTA COMMERCIAL SERVICES, INC.  (SRCO)  (CIK 000031829 NT 10-K
   2026-07-29  GEORGE RISK INDUSTRIES, INC.  (RSKIA)  (CIK 0000084112)  NT 10-K
   2026-07-29  Netcapital Inc.  (NCPL, NCPLW)  (CIK 0001414767)         NT 10-K
   2026-07-29  Maison Solutions Inc.  (MSS)  (CIK 0001892292)           NT 10-K
   ... +1 more
  covenant_waiver (40):
   2026-07-29  NABORS INDUSTRIES LTD  (NBR)  (CIK 0001163739)           EX-10.1
   2026-07-29  NABORS INDUSTRIES LTD  (NBR)  (CIK 0001163739)           8-K
   2026-07-24  Taylor Morrison Home Corp  (TMHC)  (CIK 0001562476)      EX-10.1
   2026-07-23  ADTRAN Holdings, Inc.  (ADTN)  (CIK 0000926282)          EX-10.2
   2026-07-27  BALCHEM CORP  (BCPC)  (CIK 0000009326)                   EX-10.2
   2026-07-24  CareCloud, Inc.  (CCLD)  (CIK 0001582982)                EX-10.3
   ... +34 more
  going_concern_8k (17):
   2026-07-28  Southern Cross Acquisition I Corp.  (NCO)  (CIK 00021162 EX-99.1
   2026-07-24  Laser Photonics Corp  (LASE)  (CIK 0001807887)           8-K
   2026-07-27  PetVivo Holdings, Inc.  (PETV, PETVW)  (CIK 0001512922)  8-K
   2026-07-23  BOXABL Inc.  (BXBL, FGMCR, FGMCU)  (CIK 0001906364)      EX-99.2
   2026-07-27  Papaya Growth Opportunity Corp. I  (CIK 0001894057)      8-K
   2026-07-29  CleanCore Solutions, Inc.  (ZONE)  (CIK 0001956741)      EX-99.1
   ... +11 more
  PROMOTE: avoid/short seeds; ALSO check each vs the dislocation-buy pattern (headline that doesn't reach the asset).
[-> DISTRESS_8K.json]


===== 2026-08-06 03:32 (desk) =====
=== 8-K DISTRESS SCANNER  2026-08-06  (46 tells since 2026-07-30) ===
  auditor_change (12):
   2026-08-05  Securetech Innovations, Inc.  (SCTH)  (CIK 0001703157)   EX-16.1
   2026-08-05  Securetech Innovations, Inc.  (SCTH)  (CIK 0001703157)   8-K
   2026-08-05  ALEXANDER TECH CORP  (CIK 0001347491)                    EX-16
   2026-08-03  Blue Line Holdings, Inc.  (BLNH)  (CIK 0002029586)       EX-16.1
   2026-07-30  Vertical Data Inc.  (VDTA)  (CIK 0002033264)             EX-16.1
   2026-08-05  Eagle Nuclear Energy Corp.  (NUCL, NUCLW)  (CIK 00020892 8-K
   ... +6 more
  late_10K (6):
   2026-07-30  GPO Plus, Inc.  (GPOX)  (CIK 0001673475)                 NT 10-K
   2026-07-30  AIRWA INC.  (YYAI)  (CIK 0001674440)                     NT 10-K
   2026-07-30  Calor Del Sol Inc.  (CIK 0002008027)                     NT 10-K
   2026-07-30  DEFENSE TECHNOLOGIES INTERNATIONAL CORP.  (DTII)  (CIK 0 NT 10-K
   2026-07-30  ALEXANDER TECH CORP  (CIK 0001347491)                    NT 10-K
   2026-07-30  Marwynn Holdings, Inc.  (MWYN)  (CIK 0002030522)         NT 10-K
  late_10Q (4):
   2026-07-30  East West Ave Acquisition Corp.  (EWAV)  (CIK 0002100704 NT 10-Q
   2026-07-30  ALEXANDER TECH CORP  (CIK 0001347491)                    NT 10-Q
   2026-07-30  ALEXANDER TECH CORP  (CIK 0001347491)                    NT 10-Q
   2026-07-30  ALEXANDER TECH CORP  (CIK 0001347491)                    NT 10-Q
  going_concern_8k (24):
   2026-07-30  Quince Therapeutics, Inc.  (QNCX)  (CIK 0001662774)      EX-99.6
   2026-08-03  SHARING ECONOMY INTERNATIONAL INC.  (SEII)  (CIK 0000819 EX-99.1
   2026-07-31  Pelican Acquisition II Corp  (PLCI, PLCIU)  (CIK 0002122 EX-99.1
   2026-08-03  SHARING ECONOMY INTERNATIONAL INC.  (SEII)  (CIK 0000819 EX-99.2
   2026-08-05  BED BATH & BEYOND, INC.  (BBBY, BBBY-WT)  (CIK 000113071 EX-99.2
   2026-08-05  BED BATH & BEYOND, INC.  (BBBY, BBBY-WT)  (CIK 000113071 EX-99.4
   ... +18 more
  PROMOTE: avoid/short seeds; ALSO check each vs the dislocation-buy pattern (headline that doesn't reach the asset).
[-> DISTRESS_8K.json]


===== 2026-08-13 08:59 (desk) =====
=== 8-K DISTRESS SCANNER  2026-08-13  (116 tells since 2026-08-06) ===
  auditor_change (18):
   2026-08-06  BioKey (Cayman), Inc.  (CIK 0002108359)                  8-K
   2026-08-06  Nexentis Technologies Inc.  (NXTS)  (CIK 0001789192)     8-K
   2026-08-07  BioKey (Cayman), Inc.  (CIK 0002108359)                  EX-16.1
   2026-08-07  OLENOX INDUSTRIES INC.  (OLOX)  (CIK 0001023994)         EX-16.1
   2026-08-07  Canopy Growth Corp  (CGC)  (CIK 0001737927)              EX-16.1
   2026-08-12  Shepherd's Finance, LLC  (CIK 0001544190)                8-K
   ... +12 more
  late_10Q (18):
   2026-08-13  Totaligent, Inc.  (TGNT)  (CIK 0000846377)               NT 10-Q
   2026-08-12  AI Financial Corp  (AIFC)  (CIK 0000862861)              NT 10-Q
   2026-08-12  Embrace Change Acquisition Corp.  (EMCGF)  (CIK 00018696 NT 10-Q
   2026-08-12  SunPower Inc.  (SPWR, SPWRW)  (CIK 0001838987)           NT 10-Q
   2026-08-12  Virtuix Holdings Inc.  (VTIX)  (CIK 0001606242)          NT 10-Q
   2026-08-12  HARMONIC INC.  (HLIT)  (CIK 0000851310)                  NT 10-Q
   ... +12 more
  covenant_waiver (40):
   2026-08-12  Workhorse Group Inc.  (WKHS)  (CIK 0001425287)           EX-10.1
   2026-08-06  Karman Holdings Inc.  (KRMN)  (CIK 0002040127)           EX-10.1
   2026-08-11  BioXcel Therapeutics, Inc.  (BTAI)  (CIK 0001720893)     EX-10.1
   2026-08-06  RUSH ENTERPRISES INC \TX\  (RUSHA, RUSHB)  (CIK 00010120 EX-10.1
   2026-08-10  Amneal Pharmaceuticals, Inc.  (AMRX)  (CIK 0001723128)   EX-10.2
   2026-08-10  CoreWeave, Inc.  (CRWV)  (CIK 0001769628)                EX-10.2
   ... +34 more
  going_concern_8k (40):
   2026-08-11  ADIAL PHARMACEUTICALS, INC.  (ADIL)  (CIK 0001513525)    EX-99.3
   2026-08-07  Tamboran Resources Corp  (TBN, TBNRL)  (CIK 0001997652)  EX-99.2
   2026-08-11  ADIAL PHARMACEUTICALS, INC.  (ADIL)  (CIK 0001513525)    EX-99.4
   2026-08-07  Canopy Growth Corp  (CGC)  (CIK 0001737927)              8-K
   2026-08-10  Pioneer Bancorp, Inc./MD  (PBFS)  (CIK 0001769663)       EX-99.1
   2026-08-11  Microvast Holdings, Inc.  (MVST)  (CIK 0001760689)       EX-99.2
   ... +34 more
  PROMOTE: avoid/short seeds; ALSO check each vs the dislocation-buy pattern (headline that doesn't reach the asset).
[-> DISTRESS_8K.json]


===== 2026-09-11 01:13 (desk) =====
=== 8-K DISTRESS SCANNER  2026-09-11  (74 tells since 2026-09-04) ===
  auditor_change (16):
   2026-09-04  REGENEREX PHARMA, INC.  (CIK 0001357878)                 EX-16.1
   2026-09-10  BioRestorative Therapies, Inc.  (BRTX)  (CIK 0001505497) 8-K/A
   2026-09-09  LEE ENTERPRISES, Inc  (LEE)  (CIK 0000058361)            8-K
   2026-09-10  BioRestorative Therapies, Inc.  (BRTX)  (CIK 0001505497) EX-16.1
   2026-09-09  LEE ENTERPRISES, Inc  (LEE)  (CIK 0000058361)            EX-16.1
   2026-09-10  AZIO AI HOLDINGS, INC.  (AZIO)  (CIK 0001563568)         EX-16.1
   ... +10 more
  covenant_waiver (40):
   2026-09-04  AIR T INC  (AIRT, AIRTP)  (CIK 0000353184)               EX-10.2
   2026-09-04  AIR T INC  (AIRT, AIRTP)  (CIK 0000353184)               EX-10.1
   2026-09-04  AIR T INC  (AIRT, AIRTP)  (CIK 0000353184)               EX-10.3
   2026-09-08  DPC Holdings PLC  (DPC)  (CIK 0002107018)                EX-10.2
   2026-09-04  AMERICAS CARMART INC  (CRMT)  (CIK 0000799850)           8-K
   2026-09-04  Blue Owl Technology Finance Corp.  (OTF)  (CIK 000174777 EX-10.1
   ... +34 more
  going_concern_8k (18):
   2026-09-08  Artificial Intelligence Technology Solutions Inc.  (AITX 8-K
   2026-09-08  Artificial Intelligence Technology Solutions Inc.  (AITX EX-99.1
   2026-09-09  Artificial Intelligence Technology Solutions Inc.  (AITX EX-99.1
   2026-09-10  Linkhome Holdings Inc.  (LHAI)  (CIK 0002017758)         EX-99.1
   2026-09-09  Breeze Acquisition Corp. II  (BREZ, BREZR)  (CIK 0002095 EX-99.1
   2026-09-10  Artificial Intelligence Technology Solutions Inc.  (AITX EX-99.1
   ... +12 more
  PROMOTE: avoid/short seeds; ALSO check each vs the dislocation-buy pattern (headline that doesn't reach the asset).
[-> DISTRESS_8K.json]

