
===== 2026-07-02 00:31 (desk) =====
=== FDA CLEARANCE-VELOCITY SCANNER  2026-07-02  (691 applicants, window 2026-04-01..2026-06-30) ===
  ACCELERATING (product cycle loading):
   Zhejiang Decans Medical Devices Co., Ltd.              8 vs   0  (+8)
   Shenzhen Root Innovation Technology Co., Ltd.          7 vs   0  (+7)
   Roche Diagnostics                                      6 vs   1  (+5)
   Siemens Medical Solutions Usa, Inc.                    6 vs   1  (+5)
   Zimmer, Inc.                                           5 vs   0  (+5)
   Tyber Medical, Llc                                     4 vs   0  (+4)
   Cmt Health Pte., Ltd.                                  3 vs   0  (+3)
   Med-El Elektromedizinische Geräte Gmbh                 3 vs   0  (+3)
   Mirco-Tech (Nanjing) Co., Ltd.                         3 vs   0  (+3)
   Radiometer Medicals Aps                                3 vs   0  (+3)
  STALLING (clearance flow halved+):
   Intuitive Surgical, Inc.                               0 vs   5  (-5)
   Pearl, Inc.                                            0 vs   5  (-5)
   Abbott Medical                                         1 vs   5  (-4)
   Alembic, Llc                                           0 vs   4  (-4)
   Brainlab Ag                                            0 vs   4  (-4)
   Olympus Medical Systems Corporation                    0 vs   4  (-4)
   Thermo Fisher Scientific                               0 vs   4  (-4)
   Shanghai United Imaging Healthcare Co., Ltd.           3 vs   6  (-3)
[-> FDA_VELOCITY.json]


===== 2026-07-09 01:31 (desk) =====
=== FDA CLEARANCE-VELOCITY SCANNER  2026-07-09  (740 applicants, window 2026-04-01..2026-06-30) ===
  ACCELERATING (product cycle loading):
   Zhejiang Decans Medical Devices Co., Ltd.              8 vs   0  (+8)
   Shenzhen Root Innovation Technology Co., Ltd.          7 vs   0  (+7)
   Siemens Medical Solutions Usa, Inc.                    7 vs   1  (+6)
   Roche Diagnostics                                      6 vs   1  (+5)
   Zimmer, Inc.                                           5 vs   0  (+5)
   Tyber Medical, Llc                                     4 vs   0  (+4)
   Cmt Health Pte., Ltd.                                  3 vs   0  (+3)
   Edwards Lifesciences                                   3 vs   0  (+3)
   Med-El Elektromedizinische Geräte Gmbh                 3 vs   0  (+3)
   Mirco-Tech (Nanjing) Co., Ltd.                         3 vs   0  (+3)
  STALLING (clearance flow halved+):
   Intuitive Surgical, Inc.                               0 vs   5  (-5)
   Pearl, Inc.                                            0 vs   5  (-5)
   Alembic, Llc                                           0 vs   4  (-4)
   Brainlab Ag                                            0 vs   4  (-4)
   Thermo Fisher Scientific                               0 vs   4  (-4)
   Shanghai United Imaging Healthcare Co., Ltd.           3 vs   6  (-3)
   Asahi Intecc Co., Ltd.                                 1 vs   4  (-3)
   Fresenius Medical Care Renal Therapies Group, Llc      1 vs   4  (-3)
[-> FDA_VELOCITY.json]


===== 2026-07-16 02:30 (desk) =====
=== FDA CLEARANCE-VELOCITY SCANNER  2026-07-16  (755 applicants, window 2026-04-01..2026-06-30) ===
  ACCELERATING (product cycle loading):
   Zhejiang Decans Medical Devices Co., Ltd.              8 vs   0  (+8)
   Siemens Medical Solutions Usa, Inc.                    7 vs   1  (+6)
   Zimmer, Inc.                                           5 vs   0  (+5)
   Roche Diagnostics                                      6 vs   1  (+5)
   Tyber Medical, Llc                                     4 vs   0  (+4)
   Suzhou Zenith Vascular Scitech Limited                 3 vs   0  (+3)
   Edwards Lifesciences                                   3 vs   0  (+3)
   Cmt Health Pte., Ltd.                                  3 vs   0  (+3)
   Radiometer Medicals Aps                                3 vs   0  (+3)
   Mirco-Tech (Nanjing) Co., Ltd.                         3 vs   0  (+3)
  STALLING (clearance flow halved+):
   Intuitive Surgical, Inc.                               0 vs   5  (-5)
   Pearl, Inc.                                            0 vs   5  (-5)
   Alembic, Llc                                           0 vs   4  (-4)
   Brainlab Ag                                            0 vs   4  (-4)
   Thermo Fisher Scientific                               0 vs   4  (-4)
   Shanghai United Imaging Healthcare Co., Ltd.           3 vs   6  (-3)
   Asahi Intecc Co., Ltd.                                 1 vs   4  (-3)
   Fresenius Medical Care Renal Therapies Group, Llc      1 vs   4  (-3)
[-> FDA_VELOCITY.json]


===== 2026-07-23 02:30 (desk) =====
=== FDA CLEARANCE-VELOCITY SCANNER  2026-07-23  (755 applicants, window 2026-04-01..2026-06-30) ===
  ACCELERATING (product cycle loading):
   Zhejiang Decans Medical Devices Co., Ltd.              8 vs   0  (+8)
   Siemens Medical Solutions Usa, Inc.                    7 vs   1  (+6)
   Roche Diagnostics                                      6 vs   1  (+5)
   Zimmer, Inc.                                           5 vs   0  (+5)
   Tyber Medical, Llc                                     4 vs   0  (+4)
   Suzhou Zenith Vascular Scitech Limited                 3 vs   0  (+3)
   Radiometer Medicals Aps                                3 vs   0  (+3)
   Edwards Lifesciences                                   3 vs   0  (+3)
   Med-El Elektromedizinische Geräte Gmbh                 3 vs   0  (+3)
   Mirco-Tech (Nanjing) Co., Ltd.                         3 vs   0  (+3)
  STALLING (clearance flow halved+):
   Intuitive Surgical, Inc.                               0 vs   5  (-5)
   Pearl, Inc.                                            0 vs   5  (-5)
   Alembic, Llc                                           0 vs   4  (-4)
   Brainlab Ag                                            0 vs   4  (-4)
   Thermo Fisher Scientific                               0 vs   4  (-4)
   Shanghai United Imaging Healthcare Co., Ltd.           3 vs   6  (-3)
   Asahi Intecc Co., Ltd.                                 1 vs   4  (-3)
   Fresenius Medical Care Renal Therapies Group, Llc      1 vs   4  (-3)
[-> FDA_VELOCITY.json]


===== 2026-07-30 02:34 (desk) =====
=== FDA CLEARANCE-VELOCITY SCANNER  2026-07-30  (755 applicants, window 2026-04-01..2026-06-30) ===
  ACCELERATING (product cycle loading):
   Zhejiang Decans Medical Devices Co., Ltd.              8 vs   0  (+8)
   Siemens Medical Solutions Usa, Inc.                    7 vs   1  (+6)
   Zimmer, Inc.                                           5 vs   0  (+5)
   Roche Diagnostics                                      6 vs   1  (+5)
   Tyber Medical, Llc                                     4 vs   0  (+4)
   Med-El Elektromedizinische Geräte Gmbh                 3 vs   0  (+3)
   Edwards Lifesciences                                   3 vs   0  (+3)
   Radiometer Medicals Aps                                3 vs   0  (+3)
   Suzhou Zenith Vascular Scitech Limited                 3 vs   0  (+3)
   Mirco-Tech (Nanjing) Co., Ltd.                         3 vs   0  (+3)
  STALLING (clearance flow halved+):
   Intuitive Surgical, Inc.                               0 vs   5  (-5)
   Pearl, Inc.                                            0 vs   5  (-5)
   Alembic, Llc                                           0 vs   4  (-4)
   Brainlab Ag                                            0 vs   4  (-4)
   Thermo Fisher Scientific                               0 vs   4  (-4)
   Shanghai United Imaging Healthcare Co., Ltd.           3 vs   6  (-3)
   Asahi Intecc Co., Ltd.                                 1 vs   4  (-3)
   Fresenius Medical Care Renal Therapies Group, Llc      1 vs   4  (-3)
[-> FDA_VELOCITY.json]


===== 2026-08-06 03:31 (desk) =====
=== FDA CLEARANCE-VELOCITY SCANNER  2026-08-06  (680 applicants, window 2026-05-01..2026-07-31) ===
  ACCELERATING (product cycle loading):
   Zhejiang Decans Medical Devices Co., Ltd.              5 vs   0  (+5)
   Shenzhen Root Innovation Technology Co., Ltd.          4 vs   0  (+4)
   Dexcom, Inc.                                           3 vs   0  (+3)
   Covidien, Llc                                          3 vs   0  (+3)
   Boston Scientific Corporation                          7 vs   4  (+3)
   Gc America, Inc.                                       3 vs   0  (+3)
   Diadent Group International                            3 vs   0  (+3)
   Tyber Medical, Llc                                     3 vs   1  (+2)
   Medtronic Sofamor Danek Usa, Inc.                      3 vs   1  (+2)
   Depuy Ireland Uc                                       3 vs   1  (+2)
  STALLING (clearance flow halved+):
   Shanghai United Imaging Healthcare Co., Ltd.           1 vs   8  (-7)
   Intuitive Surgical, Inc.                               1 vs   7  (-6)
   Olympus Medical Systems Corporation                    1 vs   7  (-6)
   Medacta International S.A.                             1 vs   6  (-5)
   Brainlab Ag                                            0 vs   5  (-5)
   Ge Medical Systems Ultrasound And Primary Care Diagnostics   1 vs   5  (-4)
   Becton Dickinson Infusion Therapy Systems, Inc.        0 vs   4  (-4)
   Becton, Dickinson And Company                          0 vs   4  (-4)
[-> FDA_VELOCITY.json]


===== 2026-08-13 08:58 (desk) =====
=== FDA CLEARANCE-VELOCITY SCANNER  2026-08-13  (725 applicants, window 2026-05-01..2026-07-31) ===
  ACCELERATING (product cycle loading):
   Zhejiang Decans Medical Devices Co., Ltd.              5 vs   0  (+5)
   Shenzhen Root Innovation Technology Co., Ltd.          4 vs   0  (+4)
   Covidien, Llc                                          3 vs   0  (+3)
   Neurocareai, Inc. (Dba Savelife.Ai)                    3 vs   0  (+3)
   Dexcom, Inc.                                           3 vs   0  (+3)
   Boston Scientific Corporation                          7 vs   4  (+3)
   Diadent Group International                            3 vs   0  (+3)
   Gc America, Inc.                                       3 vs   0  (+3)
   Merit Medical Systems, Inc.                            3 vs   1  (+2)
   Mediclus Co., Ltd.                                     3 vs   1  (+2)
  STALLING (clearance flow halved+):
   Shanghai United Imaging Healthcare Co., Ltd.           2 vs   8  (-6)
   Intuitive Surgical, Inc.                               2 vs   7  (-5)
   Olympus Medical Systems Corporation                    2 vs   7  (-5)
   Medacta International S.A.                             1 vs   6  (-5)
   Brainlab Ag                                            0 vs   5  (-5)
   Becton Dickinson Infusion Therapy Systems, Inc.        0 vs   4  (-4)
   Becton, Dickinson And Company                          0 vs   4  (-4)
   Pearl, Inc.                                            0 vs   4  (-4)
[-> FDA_VELOCITY.json]


===== 2026-09-11 01:05 (desk) =====
=== FDA CLEARANCE-VELOCITY SCANNER  2026-09-11  (697 applicants, window 2026-06-01..2026-08-31) ===
  ACCELERATING (product cycle loading):
   Boston Scientific Corporation                          7 vs   3  (+4)
   Zhejiang Innuovo Rehabilitation Devices Co.,Ltd        4 vs   0  (+4)
   Roche Molecular Systems, Inc.                          4 vs   1  (+3)
   Surgentec, Llc                                         4 vs   1  (+3)
   Varian Medical Systems, Inc.                           3 vs   0  (+3)
   Beijing Fule Science & Technology Development Co., Ltd.   3 vs   0  (+3)
   Taiwan Surgical Corporation                            3 vs   0  (+3)
   Sterilance Medical (Suzhou), Inc.                      3 vs   0  (+3)
   Dexcom, Inc.                                           3 vs   0  (+3)
   Samsung Electronics Co., Ltd.                          3 vs   0  (+3)
  STALLING (clearance flow halved+):
   Dentsply Sirona, Inc.                                  0 vs   6  (-6)
   Intuitive Surgical, Inc.                               3 vs   8  (-5)
   Siemens Medical Solutions Usa, Inc.                    3 vs   8  (-5)
   Medacta International S.A.                             1 vs   6  (-5)
   Beckman Coulter, Inc.                                  0 vs   5  (-5)
   Becton Dickinson Infusion Therapy Systems, Inc.        0 vs   4  (-4)
   Becton, Dickinson And Company                          0 vs   4  (-4)
   Brainlab Ag                                            0 vs   4  (-4)
[-> FDA_VELOCITY.json]

