
===== 2026-07-02 00:31 (desk) =====
=== HIRING-WAVE SCANNER  2026-07-02  (swept 25/102 ledger names, 0 degraded, 50 tracked) ===
   no >=8-posting moves this sweep (baselines accumulate as the cursor rotates)
  page-1 card counts (saturate at 25) — a coarse wave/freeze tell, not a census; SignalOS verifies any move at the source before it seeds
[-> HIRING_WAVES.json]


===== 2026-07-03 01:31 (desk) =====
=== HIRING-WAVE SCANNER  2026-07-03  (swept 25/131 ledger names, 0 degraded, 75 tracked) ===
   no >=8-posting moves this sweep (baselines accumulate as the cursor rotates)
  page-1 card counts (saturate at 25) — a coarse wave/freeze tell, not a census; SignalOS verifies any move at the source before it seeds
[-> HIRING_WAVES.json]


===== 2026-07-06 00:33 (desk) =====
=== HIRING-WAVE SCANNER  2026-07-06  (swept 25/182 ledger names, 0 degraded, 100 tracked) ===
   no >=8-posting moves this sweep (baselines accumulate as the cursor rotates)
  page-1 card counts (saturate at 25) — a coarse wave/freeze tell, not a census; SignalOS verifies any move at the source before it seeds
[-> HIRING_WAVES.json]


===== 2026-07-07 07:33 (desk) =====
=== HIRING-WAVE SCANNER  2026-07-07  (swept 25/200 ledger names, 0 degraded, 125 tracked) ===
   no >=8-posting moves this sweep (baselines accumulate as the cursor rotates)
  page-1 card counts (saturate at 25) — a coarse wave/freeze tell, not a census; SignalOS verifies any move at the source before it seeds
[-> HIRING_WAVES.json]


===== 2026-07-08 08:31 (desk) =====
=== HIRING-WAVE SCANNER  2026-07-08  (swept 25/220 ledger names, 0 degraded, 150 tracked) ===
   no >=8-posting moves this sweep (baselines accumulate as the cursor rotates)
  page-1 card counts (saturate at 25) — a coarse wave/freeze tell, not a census; SignalOS verifies any move at the source before it seeds
[-> HIRING_WAVES.json]


===== 2026-07-09 09:33 (desk) =====
=== HIRING-WAVE SCANNER  2026-07-09  (swept 25/226 ledger names, 0 degraded, 175 tracked) ===
   no >=8-posting moves this sweep (baselines accumulate as the cursor rotates)
  page-1 card counts (saturate at 25) — a coarse wave/freeze tell, not a census; SignalOS verifies any move at the source before it seeds
[-> HIRING_WAVES.json]


===== 2026-07-10 10:33 (desk) =====
=== HIRING-WAVE SCANNER  2026-07-10  (swept 25/229 ledger names, 0 degraded, 200 tracked) ===
   no >=8-posting moves this sweep (baselines accumulate as the cursor rotates)
  page-1 card counts (saturate at 25) — a coarse wave/freeze tell, not a census; SignalOS verifies any move at the source before it seeds
[-> HIRING_WAVES.json]


===== 2026-07-13 00:33 (desk) =====
=== HIRING-WAVE SCANNER  2026-07-13  (swept 25/259 ledger names, 0 degraded, 225 tracked) ===
   no >=8-posting moves this sweep (baselines accumulate as the cursor rotates)
  page-1 card counts (saturate at 25) — a coarse wave/freeze tell, not a census; SignalOS verifies any move at the source before it seeds
[-> HIRING_WAVES.json]


===== 2026-07-14 01:31 (desk) =====
=== HIRING-WAVE SCANNER  2026-07-14  (swept 25/278 ledger names, 0 degraded, 250 tracked) ===
   no >=8-posting moves this sweep (baselines accumulate as the cursor rotates)
  page-1 card counts (saturate at 25) — a coarse wave/freeze tell, not a census; SignalOS verifies any move at the source before it seeds
[-> HIRING_WAVES.json]


===== 2026-07-15 02:37 (desk) =====
=== HIRING-WAVE SCANNER  2026-07-15  (swept 25/290 ledger names, 0 degraded, 275 tracked) ===
   no >=8-posting moves this sweep (baselines accumulate as the cursor rotates)
  page-1 card counts (saturate at 25) — a coarse wave/freeze tell, not a census; SignalOS verifies any move at the source before it seeds
[-> HIRING_WAVES.json]


===== 2026-07-16 03:37 (desk) =====
=== HIRING-WAVE SCANNER  2026-07-16  (swept 25/303 ledger names, 0 degraded, 300 tracked) ===
   no >=8-posting moves this sweep (baselines accumulate as the cursor rotates)
  page-1 card counts (saturate at 25) — a coarse wave/freeze tell, not a census; SignalOS verifies any move at the source before it seeds
[-> HIRING_WAVES.json]


===== 2026-07-17 10:52 (desk) =====
=== HIRING-WAVE SCANNER  2026-07-17  (swept 25/328 ledger names, 0 degraded, 325 tracked) ===
   no >=8-posting moves this sweep (baselines accumulate as the cursor rotates)
  page-1 card counts (saturate at 25) — a coarse wave/freeze tell, not a census; SignalOS verifies any move at the source before it seeds
[-> HIRING_WAVES.json]


===== 2026-07-20 10:06 (desk) =====
=== HIRING-WAVE SCANNER  2026-07-20  (swept 25/330 ledger names, 0 degraded, 330 tracked) ===
   EQH       Equitable Holdings                     30 -> 0  (-30)  FREEZE
  page-1 card counts (saturate at 25) — a coarse wave/freeze tell, not a census; SignalOS verifies any move at the source before it seeds
[-> HIRING_WAVES.json]


===== 2026-07-21 10:31 (desk) =====
=== HIRING-WAVE SCANNER  2026-07-21  (swept 25/390 ledger names, 0 degraded, 330 tracked) ===
   ATKR      Atkore Inc.                            0 -> 30  (+30)  WAVE
   STZ       Constellation Brands, Inc.             30 -> 0  (-30)  FREEZE
   VITL      Vital Farms, Inc.                      30 -> 0  (-30)  FREEZE
   BWIN      Baldwin Insurance Group, Inc.          0 -> 30  (+30)  WAVE
  page-1 card counts (saturate at 25) — a coarse wave/freeze tell, not a census; SignalOS verifies any move at the source before it seeds
[-> HIRING_WAVES.json]


===== 2026-07-22 11:31 (desk) =====
=== HIRING-WAVE SCANNER  2026-07-22  (swept 25/390 ledger names, 0 degraded, 330 tracked) ===
   WIZZ.L    Wizz Air Holdings plc                  0 -> 30  (+30)  WAVE
   EMAARDEV  Emaar Development PJSC                 0 -> 30  (+30)  WAVE
   GALD      GALD                                   0 -> 30  (+30)  WAVE
   BEI.DE    BEI.DE                                 0 -> 30  (+30)  WAVE
   CRDA      CRDA                                   0 -> 30  (+30)  WAVE
   VERU      VERU                                   3 -> 30  (+27)  WAVE
  page-1 card counts (saturate at 25) — a coarse wave/freeze tell, not a census; SignalOS verifies any move at the source before it seeds
[-> HIRING_WAVES.json]


===== 2026-07-23 12:31 (desk) =====
=== HIRING-WAVE SCANNER  2026-07-23  (swept 25/415 ledger names, 0 degraded, 330 tracked) ===
   UKRAIN-StepUp-B Ukraine Sovereign Step-Up B bond       30 -> 0  (-30)  FREEZE
   AST.WAR   Astarta Holding                        0 -> 30  (+30)  WAVE
   CRH       CRH plc                                0 -> 30  (+30)  WAVE
   SLS       SELLAS Life Sciences                   0 -> 30  (+30)  WAVE
   AMV0.DE   Aumovio SE                             30 -> 0  (-30)  FREEZE
   HSBK.L    Halyk Bank                             30 -> 0  (-30)  FREEZE
   EOLS      Evolus                                 21 -> 30  (+9)  WAVE
  page-1 card counts (saturate at 25) — a coarse wave/freeze tell, not a census; SignalOS verifies any move at the source before it seeds
[-> HIRING_WAVES.json]


===== 2026-07-27 09:35 (desk) =====
=== HIRING-WAVE SCANNER  2026-07-27  (swept 25/435 ledger names, 0 degraded, 330 tracked) ===
   POWW      Outdoor Holding                        30 -> 0  (-30)  FREEZE
   CRCT      CRCT                                   0 -> 30  (+30)  WAVE
   SPL.WA    Santander Bank Polska                  30 -> 0  (-30)  FREEZE
  page-1 card counts (saturate at 25) — a coarse wave/freeze tell, not a census; SignalOS verifies any move at the source before it seeds
[-> HIRING_WAVES.json]


===== 2026-07-28 07:31 (desk) =====
=== HIRING-WAVE SCANNER  2026-07-28  (swept 25/435 ledger names, 1 degraded, 330 tracked) ===
   SBS       Sabesp                                 0 -> 30  (+30)  WAVE
   BSBR      BSBR                                   0 -> 30  (+30)  WAVE
   PKO.WA    PKO.WA                                 30 -> 0  (-30)  FREEZE
   RBI.VI    RBI.VI                                 30 -> 0  (-30)  FREEZE
   TGB       TGB                                    30 -> 18  (-12)  FREEZE
  page-1 card counts (saturate at 25) — a coarse wave/freeze tell, not a census; SignalOS verifies any move at the source before it seeds
[-> HIRING_WAVES.json]


===== 2026-07-29 08:31 (desk) =====
=== HIRING-WAVE SCANNER  2026-07-29  (swept 25/448 ledger names, 0 degraded, 330 tracked) ===
   005387.KS 005387.KS                              30 -> 0  (-30)  FREEZE
   7937.T    7937.T                                 30 -> 0  (-30)  FREEZE
   HRTG      HRTG                                   0 -> 30  (+30)  WAVE
   PLRX      PLRX                                   0 -> 30  (+30)  WAVE
   LUMI.TA   LUMI.TA                                30 -> 0  (-30)  FREEZE
   STNG      STNG                                   30 -> 0  (-30)  FREEZE
   051910.KS 051910.KS                              0 -> 30  (+30)  WAVE
   MBGL      MBGL                                   3 -> 30  (+27)  WAVE
  page-1 card counts (saturate at 25) — a coarse wave/freeze tell, not a census; SignalOS verifies any move at the source before it seeds
[-> HIRING_WAVES.json]


===== 2026-07-30 09:31 (desk) =====
=== HIRING-WAVE SCANNER  2026-07-30  (swept 25/464 ledger names, 0 degraded, 330 tracked) ===
   CGEO.L    CGEO.L                                 30 -> 0  (-30)  FREEZE
   PHYS      Sprott Physical Gold Trust             30 -> 0  (-30)  FREEZE
   TAIL-PROGRAM TAIL-PROGRAM                           0 -> 30  (+30)  WAVE
   SEPT-DEPLOY SEPT-DEPLOY                            0 -> 30  (+30)  WAVE
   ZDPY      ZDPY                                   30 -> 0  (-30)  FREEZE
   SPPP      SPPP                                   30 -> 6  (-24)  FREEZE
  page-1 card counts (saturate at 25) — a coarse wave/freeze tell, not a census; SignalOS verifies any move at the source before it seeds
[-> HIRING_WAVES.json]


===== 2026-07-31 10:36 (desk) =====
=== HIRING-WAVE SCANNER  2026-07-31  (swept 25/471 ledger names, 0 degraded, 330 tracked) ===
   IVVD      IVVD                                   30 -> 0  (-30)  FREEZE
   BABYBOND-SLEEVE BABYBOND-SLEEVE                        30 -> 0  (-30)  FREEZE
   RILY-NOTES RILY-NOTES                             0 -> 30  (+30)  WAVE
   MFINL     MFINL                                  0 -> 30  (+30)  WAVE
   BANKPOND-SLEEVE BANKPOND-SLEEVE                        30 -> 0  (-30)  FREEZE
   NECB      NECB                                   30 -> 0  (-30)  FREEZE
   8737.T    8737.T                                 30 -> 0  (-30)  FREEZE
   ADIG      ADIG                                   30 -> 0  (-30)  FREEZE
   OXLCZ     OXLCZ                                  30 -> 0  (-30)  FREEZE
   OXLCL     OXLCL                                  30 -> 0  (-30)  FREEZE
  page-1 card counts (saturate at 25) — a coarse wave/freeze tell, not a census; SignalOS verifies any move at the source before it seeds
[-> HIRING_WAVES.json]


===== 2026-08-03 00:43 (desk) =====
=== HIRING-WAVE SCANNER  2026-08-03  (swept 25/488 ledger names, 0 degraded, 330 tracked) ===
   LCUT      LCUT                                   0 -> 30  (+30)  WAVE
   CURV      Torrid Holdings                        0 -> 30  (+30)  WAVE
   OTP       OTP Bank                               30 -> 0  (-30)  FREEZE
   PAC       Grupo Aeroportuario del Pacifico       0 -> 30  (+30)  WAVE
   KAP       Kazatomprom                            30 -> 0  (-30)  FREEZE
   CVV       CVV                                    3 -> 30  (+27)  WAVE
   VERO      Venus Concept                          28 -> 9  (-19)  FREEZE
   ICFI      ICF International                      30 -> 12  (-18)  FREEZE
   HBB       HBB                                    30 -> 15  (-15)  FREEZE
  page-1 card counts (saturate at 25) — a coarse wave/freeze tell, not a census; SignalOS verifies any move at the source before it seeds
[-> HIRING_WAVES.json]


===== 2026-08-04 01:32 (desk) =====
=== HIRING-WAVE SCANNER  2026-08-04  (swept 25/570 ledger names, 0 degraded, 330 tracked) ===
   NNDM      Nano Dimension                         30 -> 0  (-30)  FREEZE
   GNL-PB    Global Net Lease Pfd B                 0 -> 30  (+30)  WAVE
   KALSHI-DIVERGENCE-SLEEVE Kalshi Divergence                      0 -> 30  (+30)  WAVE
   IPX       IperionX                               0 -> 30  (+30)  WAVE
   LSTA      Lisata Therapeutics                    30 -> 0  (-30)  FREEZE
   005387    Hyundai Motor 2nd pref                 0 -> 30  (+30)  WAVE
   006260    LS Corp                                30 -> 0  (-30)  FREEZE
   034730    SK Inc                                 30 -> 9  (-21)  FREEZE
   JJSF      J&J Snack Foods                        30 -> 18  (-12)  FREEZE
  page-1 card counts (saturate at 25) — a coarse wave/freeze tell, not a census; SignalOS verifies any move at the source before it seeds
[-> HIRING_WAVES.json]


===== 2026-08-05 02:38 (desk) =====
=== HIRING-WAVE SCANNER  2026-08-05  (swept 25/607 ledger names, 0 degraded, 330 tracked) ===
   6481.T    6481.T                                 30 -> 0  (-30)  FREEZE
   ETL.PA    ETL.PA                                 0 -> 30  (+30)  WAVE
   SSTK      SSTK                                   30 -> 0  (-30)  FREEZE
   TRU.L     TruFin plc                             29 -> 0  (-29)  FREEZE
   NDLS      Noodles & Co                           6 -> 30  (+24)  WAVE
   NUS       NUS                                    15 -> 24  (+9)  WAVE
  page-1 card counts (saturate at 25) — a coarse wave/freeze tell, not a census; SignalOS verifies any move at the source before it seeds
[-> HIRING_WAVES.json]


===== 2026-08-06 03:31 (desk) =====
=== HIRING-WAVE SCANNER  2026-08-06  (swept 25/607 ledger names, 0 degraded, 330 tracked) ===
   CGNX      CGNX                                   0 -> 30  (+30)  WAVE
   5595.T    5595.T                                 0 -> 30  (+30)  WAVE
   6758.T    6758.T                                 0 -> 30  (+30)  WAVE
   BYRN      BYRN                                   0 -> 30  (+30)  WAVE
   OSPN      OSPN                                   0 -> 30  (+30)  WAVE
   NUTX      NUTX                                   0 -> 30  (+30)  WAVE
   SPCX      SpaceX                                 6 -> 30  (+24)  WAVE
  page-1 card counts (saturate at 25) — a coarse wave/freeze tell, not a census; SignalOS verifies any move at the source before it seeds
[-> HIRING_WAVES.json]


===== 2026-08-07 04:35 (desk) =====
=== HIRING-WAVE SCANNER  2026-08-07  (swept 25/631 ledger names, 0 degraded, 345 tracked) ===
   no >=8-posting moves this sweep (baselines accumulate as the cursor rotates)
  page-1 card counts (saturate at 25) — a coarse wave/freeze tell, not a census; SignalOS verifies any move at the source before it seeds
[-> HIRING_WAVES.json]


===== 2026-08-10 00:40 (desk) =====
=== HIRING-WAVE SCANNER  2026-08-10  (swept 25/668 ledger names, 0 degraded, 370 tracked) ===
   no >=8-posting moves this sweep (baselines accumulate as the cursor rotates)
  page-1 card counts (saturate at 25) — a coarse wave/freeze tell, not a census; SignalOS verifies any move at the source before it seeds
[-> HIRING_WAVES.json]


===== 2026-08-11 01:38 (desk) =====
=== HIRING-WAVE SCANNER  2026-08-11  (swept 25/683 ledger names, 0 degraded, 395 tracked) ===
   no >=8-posting moves this sweep (baselines accumulate as the cursor rotates)
  page-1 card counts (saturate at 25) — a coarse wave/freeze tell, not a census; SignalOS verifies any move at the source before it seeds
[-> HIRING_WAVES.json]


===== 2026-08-12 07:44 (desk) =====
=== HIRING-WAVE SCANNER  2026-08-12  (swept 25/700 ledger names, 1 degraded, 419 tracked) ===
   no >=8-posting moves this sweep (baselines accumulate as the cursor rotates)
  page-1 card counts (saturate at 25) — a coarse wave/freeze tell, not a census; SignalOS verifies any move at the source before it seeds
[-> HIRING_WAVES.json]


===== 2026-08-13 08:58 (desk) =====
=== HIRING-WAVE SCANNER  2026-08-13  (swept 25/700 ledger names, 0 degraded, 444 tracked) ===
   no >=8-posting moves this sweep (baselines accumulate as the cursor rotates)
  page-1 card counts (saturate at 25) — a coarse wave/freeze tell, not a census; SignalOS verifies any move at the source before it seeds
[-> HIRING_WAVES.json]


===== 2026-08-14 09:43 (desk) =====
=== HIRING-WAVE SCANNER  2026-08-14  (swept 25/706 ledger names, 0 degraded, 468 tracked) ===
   no >=8-posting moves this sweep (baselines accumulate as the cursor rotates)
  page-1 card counts (saturate at 25) — a coarse wave/freeze tell, not a census; SignalOS verifies any move at the source before it seeds
[-> HIRING_WAVES.json]


===== 2026-08-17 08:45 (desk) =====
=== HIRING-WAVE SCANNER  2026-08-17  (swept 25/751 ledger names, 0 degraded, 493 tracked) ===
   no >=8-posting moves this sweep (baselines accumulate as the cursor rotates)
  page-1 card counts (saturate at 25) — a coarse wave/freeze tell, not a census; SignalOS verifies any move at the source before it seeds
[-> HIRING_WAVES.json]


===== 2026-09-11 01:05 (desk) =====
=== HIRING-WAVE SCANNER  2026-09-11  (swept 25/966 ledger names, 0 degraded, 518 tracked) ===
   no >=8-posting moves this sweep (baselines accumulate as the cursor rotates)
  page-1 card counts (saturate at 25) — a coarse wave/freeze tell, not a census; SignalOS verifies any move at the source before it seeds
[-> HIRING_WAVES.json]

