
===== 2026-07-13 09:32 (desk) =====
=== INSIDER 10b5-1 SCANNER  2026-07-13  (5 code-P buys in the 10d window; 1 clusters; 52 10b5-1 termination hits) ===
  BUY CLUSTERS (>=2 distinct insiders, >=$50k each — DISCRETIONARY first):
   IPX    IPERIONX Ltd                       2 insiders  $ 2,378,393  [DISCR  ] 2026-07-10..2026-07-10  (officer)
  10b5-1 PLAN TERMINATION hits (v1/best-effort — REVIEW queue, confirm in DD):
   ?      Babcock & Wilcox Enterprises, Inc. 8-K   2026-07-13  https://www.sec.gov/Archives/edgar/data/1630805/000110465926082840/tm2620294d1_ex99-1.htm
   ONAR   Onar Holding Corp                  10-Q  2026-07-13  https://www.sec.gov/Archives/edgar/data/1682265/000147793226004268/onar_10q.htm
   ?      Lantics Corp.                      10-Q  2026-07-13  https://www.sec.gov/Archives/edgar/data/2112585/000168316826005469/lantics_i10q-063026.htm
   ?      XFLH Capital Corp                  10-Q  2026-07-13  https://www.sec.gov/Archives/edgar/data/2088103/000118518526002905/xflh10q053126.htm
   EQPT   EquipmentShare.com Inc             8-K   2026-07-10  https://www.sec.gov/Archives/edgar/data/1693736/000169373626000013/eqpt-20260709.htm
   ?      CYBRIATECH INC                     10-Q  2026-07-10  https://www.sec.gov/Archives/edgar/data/2072184/000168316826005443/cybriatech_i10q-053126.htm
   ?      DeltaSoft Corp                     10-K  2026-07-10  https://www.sec.gov/Archives/edgar/data/2020919/000168316826005450/deltasoft_i10k-033126.htm
   RDSC   Radiant Strategies Corp            10-K  2026-07-10  https://www.sec.gov/Archives/edgar/data/2056016/000149315226032759/form10-k.htm
   ?      RF Acquisition Corp III            8-K   2026-07-10  https://www.sec.gov/Archives/edgar/data/2091712/000182912626007475/rfacquisition3_ex10-2.htm
   ?      DISCIPLINED GROWTH ACQUISITION Cor 10-Q  2026-07-10  https://www.sec.gov/Archives/edgar/data/2111038/000118518526002893/dgac10q033126.htm
  PROMOTE: trap-screen the DISCRETIONARY small/mid clusters first; termination hits -> DD resolves the
  plan holder + the pending event. DOCTRINE: no edge claimed on public Form 4s; attention-allocation + the
  10b5-1 dimension. The scanner proposes; it never sizes.
[-> INSIDER_10B51.json]


===== 2026-07-14 10:37 (desk) =====
=== INSIDER 10b5-1 SCANNER  2026-07-14  (9 code-P buys in the 10d window; 1 clusters; 61 10b5-1 termination hits) ===
  BUY CLUSTERS (>=2 distinct insiders, >=$50k each — DISCRETIONARY first):
   IPX    IPERIONX Ltd                       2 insiders  $ 2,378,393  [DISCR  ] 2026-07-10..2026-07-10  (officer)
  10b5-1 PLAN TERMINATION hits (v1/best-effort — REVIEW queue, confirm in DD):
   ?      OXO, Inc                           10-Q  2026-07-14  https://www.sec.gov/Archives/edgar/data/2107170/000168316826005499/oxo_i10q-053126.htm
   NXTC   NextCure, Inc.                     8-K   2026-07-14  https://www.sec.gov/Archives/edgar/data/1661059/000110465926083326/tm2620428d1_ex10-5.htm
   BCRD   BlueOne Technologies, Inc.         10-K  2026-07-14  https://www.sec.gov/Archives/edgar/data/1496690/000168316826005495/blueone_i10k-033126.htm
   LEDS   SemiLEDs Corp                      10-Q  2026-07-14  https://www.sec.gov/Archives/edgar/data/1333822/000119312526302451/leds-20260531.htm
   ANRO   Alto Neuroscience, Inc.            8-K   2026-07-14  https://www.sec.gov/Archives/edgar/data/1999480/000110465926083274/tm2620328d1_ex1-1.htm
   ?      UY Scuti Acquisition Corp.         10-K  2026-07-14  https://www.sec.gov/Archives/edgar/data/2036973/000118518526002932/uyscu10k033126.htm
   OFAL   OFA Group                          10-K  2026-07-14  https://www.sec.gov/Archives/edgar/data/2036307/000149315226033093/form10-k.htm
   ?      Babcock & Wilcox Enterprises, Inc. 8-K   2026-07-13  https://www.sec.gov/Archives/edgar/data/1630805/000110465926082840/tm2620294d1_ex99-1.htm
   ONAR   Onar Holding Corp                  10-Q  2026-07-13  https://www.sec.gov/Archives/edgar/data/1682265/000147793226004268/onar_10q.htm
   ?      Lantics Corp.                      10-Q  2026-07-13  https://www.sec.gov/Archives/edgar/data/2112585/000168316826005469/lantics_i10q-063026.htm
  PROMOTE: trap-screen the DISCRETIONARY small/mid clusters first; termination hits -> DD resolves the
  plan holder + the pending event. DOCTRINE: no edge claimed on public Form 4s; attention-allocation + the
  10b5-1 dimension. The scanner proposes; it never sizes.
[-> INSIDER_10B51.json]


===== 2026-07-15 11:30 (desk) =====
=== INSIDER 10b5-1 SCANNER  2026-07-15  (9 code-P buys in the 10d window; 1 clusters; 82 10b5-1 termination hits) ===
  BUY CLUSTERS (>=2 distinct insiders, >=$50k each — DISCRETIONARY first):
   IPX    IPERIONX Ltd                       2 insiders  $ 2,378,393  [DISCR  ] 2026-07-10..2026-07-10  (officer)
  10b5-1 PLAN TERMINATION hits (v1/best-effort — REVIEW queue, confirm in DD):
   ?      Alphega Innovations Corp           10-Q  2026-07-15  https://www.sec.gov/Archives/edgar/data/2038564/000203856426000008/alpga-20260531_10q.htm
   WINA   WINMARK CORP                       10-Q  2026-07-15  https://www.sec.gov/Archives/edgar/data/908315/000090831526000028/wina-20260627x10q.htm
   PCSC   Perceptive Capital Solutions Corp  10-Q  2026-07-15  https://www.sec.gov/Archives/edgar/data/2017526/000114036126028480/ef20075512_10q.htm
   ARTW   ARTS WAY MANUFACTURING CO INC      10-Q  2026-07-15  https://www.sec.gov/Archives/edgar/data/7623/000143774926023597/artw20260531_10q.htm
   ELV    Elevance Health, Inc.              10-Q  2026-07-15  https://www.sec.gov/Archives/edgar/data/1156039/000115603926000060/elv-20260630.htm
   ?      OXO, Inc                           10-Q  2026-07-14  https://www.sec.gov/Archives/edgar/data/2107170/000168316826005499/oxo_i10q-053126.htm
   NXTC   NextCure, Inc.                     8-K   2026-07-14  https://www.sec.gov/Archives/edgar/data/1661059/000110465926083326/tm2620428d1_ex10-5.htm
   PXED   Phoenix Education Partners, Inc.   10-Q  2026-07-14  https://www.sec.gov/Archives/edgar/data/1600222/000119312526303175/pxed-20260531.htm
   RMCF   Rocky Mountain Chocolate Factory,  10-Q  2026-07-14  https://www.sec.gov/Archives/edgar/data/1616262/000119312526303159/rmcf-20260531.htm
   LOOP   Loop Industries, Inc.              10-Q  2026-07-14  https://www.sec.gov/Archives/edgar/data/1504678/000143774926023542/loop20260531_10q.htm
  PROMOTE: trap-screen the DISCRETIONARY small/mid clusters first; termination hits -> DD resolves the
  plan holder + the pending event. DOCTRINE: no edge claimed on public Form 4s; attention-allocation + the
  10b5-1 dimension. The scanner proposes; it never sizes.
[-> INSIDER_10B51.json]


===== 2026-07-16 11:38 (desk) =====
=== INSIDER 10b5-1 SCANNER  2026-07-16  (10 code-P buys in the 10d window; 1 clusters; 97 10b5-1 termination hits) ===
  BUY CLUSTERS (>=2 distinct insiders, >=$50k each — DISCRETIONARY first):
   IPX    IPERIONX Ltd                       2 insiders  $ 2,378,393  [DISCR  ] 2026-07-10..2026-07-10  (officer)
  10b5-1 PLAN TERMINATION hits (v1/best-effort — REVIEW queue, confirm in DD):
   IIIN   INSTEEL INDUSTRIES INC             10-Q  2026-07-16  https://www.sec.gov/Archives/edgar/data/764401/000143774926023682/iiin20260627_10q.htm
   ?      New Horizon Aircraft Ltd.          10-K  2026-07-16  https://www.sec.gov/Archives/edgar/data/1930021/000121390026078490/ea0295260-10k_newhorizon.htm
   SKWD   Skyward Specialty Insurance Group, 8-K   2026-07-15  https://www.sec.gov/Archives/edgar/data/1519449/000151944926000044/skwd-20260715.htm
   ?      Alphega Innovations Corp           10-Q  2026-07-15  https://www.sec.gov/Archives/edgar/data/2038564/000203856426000008/alpga-20260531_10q.htm
   WINA   WINMARK CORP                       10-Q  2026-07-15  https://www.sec.gov/Archives/edgar/data/908315/000090831526000028/wina-20260627x10q.htm
   PCSC   Perceptive Capital Solutions Corp  10-Q  2026-07-15  https://www.sec.gov/Archives/edgar/data/2017526/000114036126028480/ef20075512_10q.htm
   ?      Illumination Acquisition Corp. I   10-Q  2026-07-15  https://www.sec.gov/Archives/edgar/data/2101135/000120677426000355/illuu4663231-10q.htm
   ARTW   ARTS WAY MANUFACTURING CO INC      10-Q  2026-07-15  https://www.sec.gov/Archives/edgar/data/7623/000143774926023597/artw20260531_10q.htm
   QTTB   Q32 Bio Inc.                       8-K   2026-07-15  https://www.sec.gov/Archives/edgar/data/1661998/000119312526304964/d150730dex11.htm
   ELV    Elevance Health, Inc.              10-Q  2026-07-15  https://www.sec.gov/Archives/edgar/data/1156039/000115603926000060/elv-20260630.htm
  PROMOTE: trap-screen the DISCRETIONARY small/mid clusters first; termination hits -> DD resolves the
  plan holder + the pending event. DOCTRINE: no edge claimed on public Form 4s; attention-allocation + the
  10b5-1 dimension. The scanner proposes; it never sizes.
[-> INSIDER_10B51.json]


===== 2026-07-17 21:39 (desk) =====
=== INSIDER 10b5-1 SCANNER  2026-07-17  (12 code-P buys in the 10d window; 1 clusters; 100 10b5-1 termination hits) ===
  BUY CLUSTERS (>=2 distinct insiders, >=$50k each — DISCRETIONARY first):
   IPX    IPERIONX Ltd                       2 insiders  $ 2,378,393  [DISCR  ] 2026-07-10..2026-07-10  (officer)
  10b5-1 PLAN TERMINATION hits (v1/best-effort — REVIEW queue, confirm in DD):
   NFLX   NETFLIX INC                        10-Q  2026-07-17  https://www.sec.gov/Archives/edgar/data/1065280/000106528026000212/nflx-20260630.htm
   FEIM   FREQUENCY ELECTRONICS INC          10-K  2026-07-17  https://www.sec.gov/Archives/edgar/data/39020/000118518526002997/feim10k043026.htm
   TRV    TRAVELERS COMPANIES, INC.          10-Q  2026-07-17  https://www.sec.gov/Archives/edgar/data/86312/000008631226000145/trv-20260630.htm
   ?      Snow Rothschild Acquisition Corp.  10-Q  2026-07-17  https://www.sec.gov/Archives/edgar/data/2123475/000121390026079195/ea0297921-10q_snow.htm
   CSAI   CLOUDASTRUCTURE, INC.              10-Q  2026-07-17  https://www.sec.gov/Archives/edgar/data/1709628/000168316826005585/cloudastructure_i10q-033126.htm
   CULP   CULP INC                           10-K  2026-07-17  https://www.sec.gov/Archives/edgar/data/723603/000119312526307064/culp-20260503.htm
   PAYX   PAYCHEX INC                        10-K  2026-07-17  https://www.sec.gov/Archives/edgar/data/723531/000119312526307785/payx-20260531.htm
   ?      Jasper Therapeutics, Inc.          8-K   2026-07-17  https://www.sec.gov/Archives/edgar/data/1788028/000121390026078887/ea029822901ex2-1.htm
   IIIN   INSTEEL INDUSTRIES INC             10-Q  2026-07-16  https://www.sec.gov/Archives/edgar/data/764401/000143774926023682/iiin20260627_10q.htm
   BSFC   Blue Star Foods Corp.              10-Q  2026-07-16  https://www.sec.gov/Archives/edgar/data/1730773/000149315226033571/form10-q.htm
  PROMOTE: trap-screen the DISCRETIONARY small/mid clusters first; termination hits -> DD resolves the
  plan holder + the pending event. DOCTRINE: no edge claimed on public Form 4s; attention-allocation + the
  10b5-1 dimension. The scanner proposes; it never sizes.
[-> INSIDER_10B51.json]


===== 2026-07-20 10:36 (desk) =====
=== INSIDER 10b5-1 SCANNER  2026-07-20  (0 code-P buys in the 10d window; 0 clusters; 0 10b5-1 termination hits) ===
  no buy clusters in the window (honest null — single-insider buys are not surfaced)
  no 'Rule 10b5-1'+'terminated' filing hits in the window
  PROMOTE: trap-screen the DISCRETIONARY small/mid clusters first; termination hits -> DD resolves the
  plan holder + the pending event. DOCTRINE: no edge claimed on public Form 4s; attention-allocation + the
  10b5-1 dimension. The scanner proposes; it never sizes.
[-> INSIDER_10B51.json]


===== 2026-07-21 11:36 (desk) =====
=== INSIDER 10b5-1 SCANNER  2026-07-21  (8 code-P buys in the 10d window; 0 clusters; 75 10b5-1 termination hits) ===
  no buy clusters in the window (honest null — single-insider buys are not surfaced)
  10b5-1 PLAN TERMINATION hits (v1/best-effort — REVIEW queue, confirm in DD):
   AREC   American Resources Corp            8-K   2026-07-21  https://www.sec.gov/Archives/edgar/data/1590715/000165495426006764/arec_8k.htm
   CONC   CONECTISYS CORP                    10-Q  2026-07-21  https://www.sec.gov/Archives/edgar/data/790273/000168316826005674/conectisys_i10q-063026.htm
   SFCX   SUPA Consolidated Inc.             10-Q  2026-07-21  https://www.sec.gov/Archives/edgar/data/1624985/000168316826005672/supa_i10q-063026.htm
   GPC    GENUINE PARTS CO                   10-Q  2026-07-21  https://www.sec.gov/Archives/edgar/data/40987/000004098726000033/gpc-20260630.htm
   MSCI   MSCI Inc.                          10-Q  2026-07-21  https://www.sec.gov/Archives/edgar/data/1408198/000140819826000046/msci-20260630.htm
   DHR    DANAHER CORP /DE/                  10-Q  2026-07-21  https://www.sec.gov/Archives/edgar/data/313616/000031361626000161/dhr-20260626.htm
   MMM    3M CO                              10-Q  2026-07-21  https://www.sec.gov/Archives/edgar/data/66740/000006674026000246/mmm-20260630.htm
   DPZ    DOMINOS PIZZA INC                  10-Q  2026-07-20  https://www.sec.gov/Archives/edgar/data/1286681/000128668126000035/dpz-20260614.htm
   HSTA   Hestia Insight Inc.                10-Q  2026-07-20  https://www.sec.gov/Archives/edgar/data/1813603/000168316826005655/hestia_i10q-053126.htm
   ?      Eagle Nuclear Energy Corp.         10-Q  2026-07-20  https://www.sec.gov/Archives/edgar/data/2089283/000110465926085069/tmb-20260531x10q.htm
  PROMOTE: trap-screen the DISCRETIONARY small/mid clusters first; termination hits -> DD resolves the
  plan holder + the pending event. DOCTRINE: no edge claimed on public Form 4s; attention-allocation + the
  10b5-1 dimension. The scanner proposes; it never sizes.
[-> INSIDER_10B51.json]


===== 2026-07-22 12:40 (desk) =====
=== INSIDER 10b5-1 SCANNER  2026-07-22  (10 code-P buys in the 10d window; 0 clusters; 95 10b5-1 termination hits) ===
  no buy clusters in the window (honest null — single-insider buys are not surfaced)
  10b5-1 PLAN TERMINATION hits (v1/best-effort — REVIEW queue, confirm in DD):
   ?      Kensington Capital Acquisition Cor 8-K   2026-07-22  https://www.sec.gov/Archives/edgar/data/2102713/000119312526311388/d140185dex104.htm
   ANKM   Ankam, Inc.                        10-Q  2026-07-22  https://www.sec.gov/Archives/edgar/data/1781629/000168316826005694/ankam_i10q-053126.htm
   IRDM   Iridium Communications Inc.        10-Q  2026-07-22  https://www.sec.gov/Archives/edgar/data/1418819/000141881926000045/irdm-20260630.htm
   WAB    WESTINGHOUSE AIR BRAKE TECHNOLOGIE 10-Q  2026-07-22  https://www.sec.gov/Archives/edgar/data/943452/000162828026049139/wab-20260630.htm
   TNL    Travel & Leisure Co.               10-Q  2026-07-22  https://www.sec.gov/Archives/edgar/data/1361658/000136165826000053/wyn-20260630.htm
   GEV    GE Vernova Inc.                    10-Q  2026-07-22  https://www.sec.gov/Archives/edgar/data/1996810/000199681026000148/gev2q2026form10-q.pdf
   AIR    AAR CORP                           10-K  2026-07-22  https://www.sec.gov/Archives/edgar/data/1750/000110465926085459/air-20260531x10k.htm
   CALM   CAL-MAINE FOODS INC                10-K  2026-07-22  https://www.sec.gov/Archives/edgar/data/16160/000156276226000080/calm2026053010K.htm
   RPM    RPM INTERNATIONAL INC/DE/          10-K  2026-07-22  https://www.sec.gov/Archives/edgar/data/110621/000119312526312142/rpm-20260531.htm
   SPSC   SPS COMMERCE INC                   10-Q/A 2026-07-21  https://www.sec.gov/Archives/edgar/data/1092699/000109269926000059/spsc-20260331.htm
  PROMOTE: trap-screen the DISCRETIONARY small/mid clusters first; termination hits -> DD resolves the
  plan holder + the pending event. DOCTRINE: no edge claimed on public Form 4s; attention-allocation + the
  10b5-1 dimension. The scanner proposes; it never sizes.
[-> INSIDER_10B51.json]


===== 2026-07-23 13:39 (desk) =====
=== INSIDER 10b5-1 SCANNER  2026-07-23  (11 code-P buys in the 10d window; 1 clusters; 99 10b5-1 termination hits) ===
  BUY CLUSTERS (>=2 distinct insiders, >=$50k each — DISCRETIONARY first):
   TSM    TAIWAN SEMICONDUCTOR MANUFACTURING 2 insiders  $   663,490  [DISCR  ] 2026-07-19..2026-07-21  (officer)
  10b5-1 PLAN TERMINATION hits (v1/best-effort — REVIEW queue, confirm in DD):
   MEDP   Medpace Holdings, Inc.             10-Q  2026-07-23  https://www.sec.gov/Archives/edgar/data/1668397/000166839726000025/medp-20260630.htm
   WST    WEST PHARMACEUTICAL SERVICES INC   10-Q  2026-07-23  https://www.sec.gov/Archives/edgar/data/105770/000010577026000099/wst-20260630.htm
   THRM   Gentherm Inc                       8-K   2026-07-23  https://www.sec.gov/Archives/edgar/data/903129/000119312526313204/thrm-20260723.htm
   KNSL   Kinsale Capital Group, Inc.        10-Q  2026-07-23  https://www.sec.gov/Archives/edgar/data/1669162/000166916226000040/knsl-20260630.htm
   DGX    QUEST DIAGNOSTICS INC              10-Q  2026-07-23  https://www.sec.gov/Archives/edgar/data/1022079/000102207926000070/dgx-20260630.htm
   AMSF   AMERISAFE INC                      10-Q  2026-07-23  https://www.sec.gov/Archives/edgar/data/1018979/000119312526314074/amsf-20260630.htm
   VC     VISTEON CORP                       8-K   2026-07-23  https://www.sec.gov/Archives/edgar/data/1111335/000111133526000045/ex-1012026asr.htm
   IMAX   IMAX CORP                          10-Q  2026-07-23  https://www.sec.gov/Archives/edgar/data/921582/000162828026049300/imax-20260630.htm
   ?      TEXAS CAPITAL BANCSHARES INC/TX    10-Q  2026-07-23  https://www.sec.gov/Archives/edgar/data/1077428/000107742826000059/tcbi-20260630.htm
   WEX    WEX Inc.                           10-Q  2026-07-23  https://www.sec.gov/Archives/edgar/data/1309108/000130910826000029/wex-20260630.htm
  PROMOTE: trap-screen the DISCRETIONARY small/mid clusters first; termination hits -> DD resolves the
  plan holder + the pending event. DOCTRINE: no edge claimed on public Form 4s; attention-allocation + the
  10b5-1 dimension. The scanner proposes; it never sizes.
[-> INSIDER_10B51.json]


===== 2026-07-27 09:38 (desk) =====
=== INSIDER 10b5-1 SCANNER  2026-07-27  (11 code-P buys in the 10d window; 2 clusters; 98 10b5-1 termination hits) ===
  BUY CLUSTERS (>=2 distinct insiders, >=$50k each — DISCRETIONARY first):
   TSM    TAIWAN SEMICONDUCTOR MANUFACTURING 2 insiders  $   663,490  [DISCR  ] 2026-07-19..2026-07-21  (officer)
   BYRN   Byrna Technologies Inc.            2 insiders  $   227,939  [DISCR  ] 2026-07-22..2026-07-22  (director/officer)
  10b5-1 PLAN TERMINATION hits (v1/best-effort — REVIEW queue, confirm in DD):
   NEUP   Neuphoria Therapeutics Inc.        8-K   2026-07-24  https://www.sec.gov/Archives/edgar/data/1191070/000121390026081052/ea029891401ex10-3.htm
   HAL    HALLIBURTON CO                     10-Q  2026-07-24  https://www.sec.gov/Archives/edgar/data/45012/000004501226000061/hal-20260630.htm
   INTC   INTEL CORP                         10-Q  2026-07-24  https://www.sec.gov/Archives/edgar/data/50863/000005086326000157/intc-20260627.htm
   ?      BPGC Acquisition Corp.             10-Q  2026-07-24  https://www.sec.gov/Archives/edgar/data/1841610/000118518526003121/bpgcacq10q033126.htm
   QS     QuantumScape Corp                  10-Q  2026-07-24  https://www.sec.gov/Archives/edgar/data/1811414/000119312526316073/qs-20260630.htm
   HCSG   HEALTHCARE SERVICES GROUP INC      10-Q  2026-07-24  https://www.sec.gov/Archives/edgar/data/731012/000073101226000046/hcsg-20260630.htm
   RLI    RLI CORP                           10-Q  2026-07-24  https://www.sec.gov/Archives/edgar/data/84246/000110465926086576/rli-20260630x10q.htm
   TDY    TELEDYNE TECHNOLOGIES INC          10-Q  2026-07-24  https://www.sec.gov/Archives/edgar/data/1094285/000109428526000043/tdy-20260628.htm
   SAFT   SAFETY INSURANCE GROUP INC         8-K   2026-07-24  https://www.sec.gov/Archives/edgar/data/1172052/000110465926086488/tm2621207d1_ex10-1.htm
   LVS    LAS VEGAS SANDS CORP               10-Q  2026-07-24  https://www.sec.gov/Archives/edgar/data/1300514/000130051426000085/lvs-20260630.htm
  PROMOTE: trap-screen the DISCRETIONARY small/mid clusters first; termination hits -> DD resolves the
  plan holder + the pending event. DOCTRINE: no edge claimed on public Form 4s; attention-allocation + the
  10b5-1 dimension. The scanner proposes; it never sizes.
[-> INSIDER_10B51.json]


===== 2026-07-28 07:32 (desk) =====
=== INSIDER 10b5-1 SCANNER  2026-07-28  (9 code-P buys in the 10d window; 2 clusters; 98 10b5-1 termination hits) ===
  BUY CLUSTERS (>=2 distinct insiders, >=$50k each — DISCRETIONARY first):
   TSM    TAIWAN SEMICONDUCTOR MANUFACTURING 2 insiders  $   663,490  [DISCR  ] 2026-07-19..2026-07-21  (officer)
   BYRN   Byrna Technologies Inc.            2 insiders  $   227,939  [DISCR  ] 2026-07-22..2026-07-22  (director/officer)
  10b5-1 PLAN TERMINATION hits (v1/best-effort — REVIEW queue, confirm in DD):
   ALKS   Alkermes plc.                      10-Q  2026-07-28  https://www.sec.gov/Archives/edgar/data/1520262/000119312526319022/alks-20260630.htm
   JBLU   JETBLUE AIRWAYS CORP               10-Q  2026-07-28  https://www.sec.gov/Archives/edgar/data/1158463/000115846326000075/jblu-20260630.htm
   ACI    Albertsons Companies, Inc.         10-Q  2026-07-28  https://www.sec.gov/Archives/edgar/data/1646972/000164697226000046/aci-20260620.htm
   HLT    Hilton Worldwide Holdings Inc.     10-Q  2026-07-28  https://www.sec.gov/Archives/edgar/data/1585689/000158568926000043/hlt-20260630.htm
   CNC    CENTENE CORP                       10-Q  2026-07-28  https://www.sec.gov/Archives/edgar/data/1071739/000107173926000153/cnc-20260630.htm
   ?      HYCROFT MINING HOLDING CORP        10-Q  2026-07-28  https://www.sec.gov/Archives/edgar/data/1718405/000171840526000020/hymc-20260630.htm
   AWI    ARMSTRONG WORLD INDUSTRIES INC     10-Q  2026-07-28  https://www.sec.gov/Archives/edgar/data/7431/000119312526318838/awi-20260630.htm
   ?      BREAD FINANCIAL HOLDINGS, INC.     10-Q  2026-07-28  https://www.sec.gov/Archives/edgar/data/1101215/000110121526000074/bfh-20260630.htm
   ?      Core Scientific, Inc./tx           10-Q  2026-07-28  https://www.sec.gov/Archives/edgar/data/1839341/000183934126000014/core-20260630.htm
   NP     Neptune Insurance Holdings Inc.    10-Q  2026-07-27  https://www.sec.gov/Archives/edgar/data/2067129/000162828026049809/np-20260630.htm
  PROMOTE: trap-screen the DISCRETIONARY small/mid clusters first; termination hits -> DD resolves the
  plan holder + the pending event. DOCTRINE: no edge claimed on public Form 4s; attention-allocation + the
  10b5-1 dimension. The scanner proposes; it never sizes.
[-> INSIDER_10B51.json]


===== 2026-07-29 08:31 (desk) =====
=== INSIDER 10b5-1 SCANNER  2026-07-29  (9 code-P buys in the 10d window; 2 clusters; 98 10b5-1 termination hits) ===
  BUY CLUSTERS (>=2 distinct insiders, >=$50k each — DISCRETIONARY first):
   TSM    TAIWAN SEMICONDUCTOR MANUFACTURING 2 insiders  $   663,490  [DISCR  ] 2026-07-19..2026-07-21  (officer)
   BYRN   Byrna Technologies Inc.            2 insiders  $   227,939  [DISCR  ] 2026-07-22..2026-07-22  (director/officer)
  10b5-1 PLAN TERMINATION hits (v1/best-effort — REVIEW queue, confirm in DD):
   MAS    MASCO CORP /DE/                    10-Q  2026-07-29  https://www.sec.gov/Archives/edgar/data/62996/000006299626000027/mas-20260630.htm
   ULCC   Frontier Group Holdings, Inc.      10-Q  2026-07-29  https://www.sec.gov/Archives/edgar/data/1670076/000167007626000087/fron-20260630.htm
   GRMN   GARMIN LTD                         10-Q  2026-07-29  https://www.sec.gov/Archives/edgar/data/1121788/000119312526322114/grmn-20260627.htm
   VLTO   Veralto Corp                       10-Q  2026-07-29  https://www.sec.gov/Archives/edgar/data/1967680/000196768026000044/vlto-20260703.htm
   NHTC   NATURAL HEALTH TRENDS CORP         10-Q  2026-07-29  https://www.sec.gov/Archives/edgar/data/912061/000143774926024770/nhtc20260630_10q.htm
   VRSK   Verisk Analytics, Inc.             10-Q  2026-07-29  https://www.sec.gov/Archives/edgar/data/1442145/000143774926024749/vrsk20260630_10q.htm
   QURE   uniQure N.V.                       10-Q  2026-07-29  https://www.sec.gov/Archives/edgar/data/1590560/000110465926087815/qure-20260630x10q.htm
   CHEF   Chefs' Warehouse, Inc.             10-Q  2026-07-29  https://www.sec.gov/Archives/edgar/data/1517175/000151717526000028/chef-20260626.htm
   ROG    ROGERS CORP                        10-Q  2026-07-29  https://www.sec.gov/Archives/edgar/data/84748/000008474826000048/rog-20260630.htm
   SYBX   SYNLOGIC, INC.                     8-K   2026-07-29  https://www.sec.gov/Archives/edgar/data/1527599/000119312526322160/d91010dex103.htm
  PROMOTE: trap-screen the DISCRETIONARY small/mid clusters first; termination hits -> DD resolves the
  plan holder + the pending event. DOCTRINE: no edge claimed on public Form 4s; attention-allocation + the
  10b5-1 dimension. The scanner proposes; it never sizes.
[-> INSIDER_10B51.json]


===== 2026-07-30 09:31 (desk) =====
=== INSIDER 10b5-1 SCANNER  2026-07-30  (9 code-P buys in the 10d window; 2 clusters; 96 10b5-1 termination hits) ===
  BUY CLUSTERS (>=2 distinct insiders, >=$50k each — DISCRETIONARY first):
   TSM    TAIWAN SEMICONDUCTOR MANUFACTURING 2 insiders  $   521,950  [DISCR  ] 2026-07-20..2026-07-28  (officer)
   BYRN   Byrna Technologies Inc.            2 insiders  $   227,939  [DISCR  ] 2026-07-22..2026-07-22  (director/officer)
  10b5-1 PLAN TERMINATION hits (v1/best-effort — REVIEW queue, confirm in DD):
   NPKI   NPK International Inc.             10-Q  2026-07-30  https://www.sec.gov/Archives/edgar/data/71829/000007182926000042/a2026q210qexhibit191.htm
   WVE    Wave Life Sciences Ltd.            10-Q  2026-07-30  https://www.sec.gov/Archives/edgar/data/1631574/000119312526324949/wve-20260630.htm
   CNK    Cinemark Holdings, Inc.            10-Q  2026-07-30  https://www.sec.gov/Archives/edgar/data/1385280/000119312526324847/cnk-20260630.htm
   VCEL   Vericel Corp                       10-Q  2026-07-30  https://www.sec.gov/Archives/edgar/data/887359/000162828026050836/vcel-20260630.htm
   ALKT   ALKAMI TECHNOLOGY, INC.            10-Q  2026-07-30  https://www.sec.gov/Archives/edgar/data/1529274/000152927426000052/alk-20260630.htm
   LAUR   LAUREATE EDUCATION, INC.           10-Q  2026-07-30  https://www.sec.gov/Archives/edgar/data/912766/000162828026050794/laur-20260630.htm
   ?      PITNEY BOWES INC /DE/              10-Q  2026-07-30  https://www.sec.gov/Archives/edgar/data/78814/000162828026050908/pbi-20260630.htm
   NEU    NEWMARKET CORP                     10-Q  2026-07-30  https://www.sec.gov/Archives/edgar/data/1282637/000128263726000016/neu-20260630.htm
   LTH    Life Time Group Holdings, Inc.     10-Q  2026-07-30  https://www.sec.gov/Archives/edgar/data/1869198/000186919826000042/lth-20260630.htm
   PHIN   PHINIA INC.                        10-Q  2026-07-30  https://www.sec.gov/Archives/edgar/data/1968915/000196891526000111/phin-20260630.htm
  PROMOTE: trap-screen the DISCRETIONARY small/mid clusters first; termination hits -> DD resolves the
  plan holder + the pending event. DOCTRINE: no edge claimed on public Form 4s; attention-allocation + the
  10b5-1 dimension. The scanner proposes; it never sizes.
[-> INSIDER_10B51.json]


===== 2026-07-31 10:37 (desk) =====
=== INSIDER 10b5-1 SCANNER  2026-07-31  (7 code-P buys in the 10d window; 1 clusters; 97 10b5-1 termination hits) ===
  BUY CLUSTERS (>=2 distinct insiders, >=$50k each — DISCRETIONARY first):
   BYRN   Byrna Technologies Inc.            2 insiders  $   227,939  [DISCR  ] 2026-07-22..2026-07-22  (director/officer)
  10b5-1 PLAN TERMINATION hits (v1/best-effort — REVIEW queue, confirm in DD):
   PLNH   Planet 13 Holdings Inc.            8-K   2026-07-31  https://www.sec.gov/Archives/edgar/data/1813452/000143774926025119/ex_995839.htm
   ALGM   ALLEGRO MICROSYSTEMS, INC.         10-Q  2026-07-31  https://www.sec.gov/Archives/edgar/data/866291/000119312526327128/algm-20260626.htm
   EFOR   Everforth Inc                      10-Q  2026-07-31  https://www.sec.gov/Archives/edgar/data/890564/000089056426000050/asgn-20260630.htm
   IESC   IES Holdings, Inc.                 10-Q  2026-07-31  https://www.sec.gov/Archives/edgar/data/1048268/000104826826000130/iesc-20260630.htm
   COHU   COHU INC                           10-Q  2026-07-31  https://www.sec.gov/Archives/edgar/data/21535/000143774926025144/cohu20260627_10q.htm
   EMN    EASTMAN CHEMICAL CO                10-Q  2026-07-31  https://www.sec.gov/Archives/edgar/data/915389/000091538926000141/emn-20260630.htm
   ?      BrightSpring Health Services, Inc. 10-Q  2026-07-31  https://www.sec.gov/Archives/edgar/data/1865782/000119312526327014/btsg-20260630.htm
   FET    FORUM ENERGY TECHNOLOGIES, INC.    10-Q  2026-07-31  https://www.sec.gov/Archives/edgar/data/1401257/000140125726000053/fet-20260630.htm
   VZ     VERIZON COMMUNICATIONS INC         10-Q  2026-07-31  https://www.sec.gov/Archives/edgar/data/732712/000073271226000046/vz-20260630.htm
   NPKI   NPK International Inc.             10-Q  2026-07-30  https://www.sec.gov/Archives/edgar/data/71829/000007182926000042/a2026q210qexhibit191.htm
  PROMOTE: trap-screen the DISCRETIONARY small/mid clusters first; termination hits -> DD resolves the
  plan holder + the pending event. DOCTRINE: no edge claimed on public Form 4s; attention-allocation + the
  10b5-1 dimension. The scanner proposes; it never sizes.
[-> INSIDER_10B51.json]


===== 2026-08-03 00:43 (desk) =====
=== INSIDER 10b5-1 SCANNER  2026-08-03  (4 code-P buys in the 10d window; 0 clusters; 98 10b5-1 termination hits) ===
  no buy clusters in the window (honest null — single-insider buys are not surfaced)
  10b5-1 PLAN TERMINATION hits (v1/best-effort — REVIEW queue, confirm in DD):
   PLNH   Planet 13 Holdings Inc.            8-K   2026-07-31  https://www.sec.gov/Archives/edgar/data/1813452/000143774926025119/ex_995839.htm
   ALGM   ALLEGRO MICROSYSTEMS, INC.         10-Q  2026-07-31  https://www.sec.gov/Archives/edgar/data/866291/000119312526327128/algm-20260626.htm
   EFOR   Everforth Inc                      10-Q  2026-07-31  https://www.sec.gov/Archives/edgar/data/890564/000089056426000050/asgn-20260630.htm
   GATX   GATX CORP                          10-Q  2026-07-31  https://www.sec.gov/Archives/edgar/data/40211/000004021126000079/gmt-20260630.htm
   MTH    Meritage Homes CORP                10-Q  2026-07-31  https://www.sec.gov/Archives/edgar/data/833079/000083307926000128/mth-20260630.htm
   IESC   IES Holdings, Inc.                 10-Q  2026-07-31  https://www.sec.gov/Archives/edgar/data/1048268/000104826826000130/iesc-20260630.htm
   COHU   COHU INC                           10-Q  2026-07-31  https://www.sec.gov/Archives/edgar/data/21535/000143774926025144/cohu20260627_10q.htm
   EMN    EASTMAN CHEMICAL CO                10-Q  2026-07-31  https://www.sec.gov/Archives/edgar/data/915389/000091538926000141/emn-20260630.htm
   ?      BrightSpring Health Services, Inc. 10-Q  2026-07-31  https://www.sec.gov/Archives/edgar/data/1865782/000119312526327014/btsg-20260630.htm
   ILMN   ILLUMINA, INC.                     10-Q  2026-07-31  https://www.sec.gov/Archives/edgar/data/1110803/000111080326000160/ilmn-20260628.htm
  PROMOTE: trap-screen the DISCRETIONARY small/mid clusters first; termination hits -> DD resolves the
  plan holder + the pending event. DOCTRINE: no edge claimed on public Form 4s; attention-allocation + the
  10b5-1 dimension. The scanner proposes; it never sizes.
[-> INSIDER_10B51.json]


===== 2026-08-04 01:33 (desk) =====
=== INSIDER 10b5-1 SCANNER  2026-08-04  (4 code-P buys in the 10d window; 0 clusters; 97 10b5-1 termination hits) ===
  no buy clusters in the window (honest null — single-insider buys are not surfaced)
  10b5-1 PLAN TERMINATION hits (v1/best-effort — REVIEW queue, confirm in DD):
   TSN    TYSON FOODS, INC.                  10-Q  2026-08-03  https://www.sec.gov/Archives/edgar/data/100493/000010049326000058/tsn2026q3exh19.htm
   TKO    TKO Group Holdings, Inc.           10-Q  2026-08-03  https://www.sec.gov/Archives/edgar/data/1973266/000119312526330592/tko-20260630.htm
   OBX    Obsidian Therapeutics, Inc.        8-K   2026-08-03  https://www.sec.gov/Archives/edgar/data/2130606/000119312526330810/d309963dex103.htm
   SNX    TD SYNNEX CORP                     8-K   2026-08-03  https://www.sec.gov/Archives/edgar/data/1177394/000162828026051808/ex102tdsynnex-noticeofrsua.htm
   AEIS   ADVANCED ENERGY INDUSTRIES INC     10-Q  2026-08-03  https://www.sec.gov/Archives/edgar/data/927003/000092700326000032/aeis-20260630x10q.htm
   MED    MEDIFAST INC                       10-Q  2026-08-03  https://www.sec.gov/Archives/edgar/data/910329/000162828026051928/med-20260630.htm
   NEWH   NewHydrogen, Inc.                  10-Q  2026-08-03  https://www.sec.gov/Archives/edgar/data/1371128/000149315226035837/form10-q.htm
   STOK   Stoke Therapeutics, Inc.           10-Q  2026-08-03  https://www.sec.gov/Archives/edgar/data/1623526/000119312526330557/stok-20260630.htm
   LIND   LINDBLAD EXPEDITIONS HOLDINGS, INC 10-Q  2026-08-03  https://www.sec.gov/Archives/edgar/data/1512499/000143774926025462/lindb20260630c_10q.htm
   CLPT   ClearPoint Neuro, Inc.             10-Q  2026-08-03  https://www.sec.gov/Archives/edgar/data/1285550/000119312526330842/clpt-20260630.htm
  PROMOTE: trap-screen the DISCRETIONARY small/mid clusters first; termination hits -> DD resolves the
  plan holder + the pending event. DOCTRINE: no edge claimed on public Form 4s; attention-allocation + the
  10b5-1 dimension. The scanner proposes; it never sizes.
[-> INSIDER_10B51.json]


===== 2026-08-05 02:38 (desk) =====
=== INSIDER 10b5-1 SCANNER  2026-08-05  (6 code-P buys in the 10d window; 0 clusters; 98 10b5-1 termination hits) ===
  no buy clusters in the window (honest null — single-insider buys are not surfaced)
  10b5-1 PLAN TERMINATION hits (v1/best-effort — REVIEW queue, confirm in DD):
   DORM   Dorman Products, Inc.              10-Q  2026-08-04  https://www.sec.gov/Archives/edgar/data/868780/000086878026000039/dorm-20260627.htm
   W      Wayfair Inc.                       10-Q  2026-08-04  https://www.sec.gov/Archives/edgar/data/1616707/000161670726000150/w-20260630.htm
   BL     BLACKLINE, INC.                    8-K   2026-08-04  https://www.sec.gov/Archives/edgar/data/1666134/000162828026052541/bl-20260731.htm
   EVER   EverQuote, Inc.                    10-Q  2026-08-04  https://www.sec.gov/Archives/edgar/data/1640428/000119312526332775/ever-20260630.htm
   GLRE   GREENLIGHT CAPITAL RE, LTD.        8-K   2026-08-04  https://www.sec.gov/Archives/edgar/data/1385613/000138561326000097/glre-20260804.htm
   CBC    Central Bancompany, Inc.           8-K   2026-08-04  https://www.sec.gov/Archives/edgar/data/2065601/000162828026052174/cbci-20260804.htm
   BV     BrightView Holdings, Inc.          10-Q  2026-08-04  https://www.sec.gov/Archives/edgar/data/1734713/000119312526332820/bv-ex19_1.htm
   WLFC   WILLIS LEASE FINANCE CORP          10-Q  2026-08-04  https://www.sec.gov/Archives/edgar/data/1018164/000101816426000068/wlfc-20260630.htm
   STRL   STERLING INFRASTRUCTURE, INC.      10-Q  2026-08-04  https://www.sec.gov/Archives/edgar/data/874238/000087423826000103/strl-20260630.htm
   SIBN   SI-BONE, Inc.                      10-Q  2026-08-04  https://www.sec.gov/Archives/edgar/data/1459839/000145983926000069/sibn-20260630.htm
  PROMOTE: trap-screen the DISCRETIONARY small/mid clusters first; termination hits -> DD resolves the
  plan holder + the pending event. DOCTRINE: no edge claimed on public Form 4s; attention-allocation + the
  10b5-1 dimension. The scanner proposes; it never sizes.
[-> INSIDER_10B51.json]


===== 2026-08-06 03:33 (desk) =====
=== INSIDER 10b5-1 SCANNER  2026-08-06  (13 code-P buys in the 10d window; 2 clusters; 97 10b5-1 termination hits) ===
  BUY CLUSTERS (>=2 distinct insiders, >=$50k each — DISCRETIONARY first):
   BSX    BOSTON SCIENTIFIC CORP             2 insiders  $ 9,058,295  [DISCR  ] 2026-08-03..2026-08-03  (director/officer)
   GBFH   GBank Financial Holdings Inc.      2 insiders  $   412,823  [DISCR  ] 2026-08-04..2026-08-04  (director/officer)
  10b5-1 PLAN TERMINATION hits (v1/best-effort — REVIEW queue, confirm in DD):
   DUOL   Duolingo, Inc.                     10-Q  2026-08-06  https://www.sec.gov/Archives/edgar/data/1562088/000162828026053603/duol-20260630.htm
   GCT    GigaCloud Technology Inc           8-K   2026-08-06  https://www.sec.gov/Archives/edgar/data/1857816/000185781626000072/gct-20260806.htm
   ATNI   ATN International, Inc.            8-K   2026-08-06  https://www.sec.gov/Archives/edgar/data/879585/000110465926091377/tm2622375d1_8k.htm
   PTRN   Pattern Group Inc.                 10-Q  2026-08-06  https://www.sec.gov/Archives/edgar/data/1811935/000181193526000054/ptrn-20260630.htm
   PSBD   Palmer Square Capital BDC Inc.     10-Q  2026-08-05  https://www.sec.gov/Archives/edgar/data/1794776/000119312526333791/psbd-20260630.htm
   TDC    TERADATA CORP /DE/                 10-Q  2026-08-05  https://www.sec.gov/Archives/edgar/data/816761/000162828026053103/tdc-20260630.htm
   CHYM   Chime Financial, Inc.              8-K   2026-08-05  https://www.sec.gov/Archives/edgar/data/1795586/000179558626000046/ex101-transitionagreement.htm
   RMBS   RAMBUS INC                         8-K   2026-08-05  https://www.sec.gov/Archives/edgar/data/917273/000119312526333887/d122300dex101.htm
   CMC    COMMERCIAL METALS Co               8-K   2026-08-05  https://www.sec.gov/Archives/edgar/data/22444/000119312526333797/d95091dex993.htm
   DEA    Easterly Government Properties, In 8-K   2026-08-05  https://www.sec.gov/Archives/edgar/data/1622194/000119312526333959/dea-ex1_3.htm
  PROMOTE: trap-screen the DISCRETIONARY small/mid clusters first; termination hits -> DD resolves the
  plan holder + the pending event. DOCTRINE: no edge claimed on public Form 4s; attention-allocation + the
  10b5-1 dimension. The scanner proposes; it never sizes.
[-> INSIDER_10B51.json]


===== 2026-08-07 04:36 (desk) =====
=== INSIDER 10b5-1 SCANNER  2026-08-07  (14 code-P buys in the 10d window; 2 clusters; 96 10b5-1 termination hits) ===
  BUY CLUSTERS (>=2 distinct insiders, >=$50k each — DISCRETIONARY first):
   BSX    BOSTON SCIENTIFIC CORP             2 insiders  $ 9,058,295  [DISCR  ] 2026-08-03..2026-08-03  (director/officer)
   GBFH   GBank Financial Holdings Inc.      2 insiders  $   412,823  [DISCR  ] 2026-08-04..2026-08-04  (director/officer)
  10b5-1 PLAN TERMINATION hits (v1/best-effort — REVIEW queue, confirm in DD):
   ?      NEWS CORP                          10-K  2026-08-07  https://www.sec.gov/Archives/edgar/data/1564708/000156470826000175/ex-191xsecuritiestradingpo.htm
   NNN    NNN REIT, INC.                     8-K   2026-08-07  https://www.sec.gov/Archives/edgar/data/751364/000119312526338984/d141531dex13.htm
   ?      Priority Technology Holdings, Inc. 10-Q  2026-08-06  https://www.sec.gov/Archives/edgar/data/1653558/000165355826000130/exhibit1024seankiewiet10.htm
   PTON   PELOTON INTERACTIVE, INC.          10-K  2026-08-06  https://www.sec.gov/Archives/edgar/data/1639825/000163982526000038/q4fy26ex191insidertradingp.htm
   CGNX   COGNEX CORP                        10-Q  2026-08-06  https://www.sec.gov/Archives/edgar/data/851205/000085120526000065/cgnx-20260705.htm
   CW     CURTISS WRIGHT CORP                10-Q  2026-08-06  https://www.sec.gov/Archives/edgar/data/26324/000162828026054196/cw-20260630.htm
   DUOL   Duolingo, Inc.                     10-Q  2026-08-06  https://www.sec.gov/Archives/edgar/data/1562088/000162828026053603/duol-20260630.htm
   ?      REVELATION BIOSCIENCES, INC.       10-Q  2026-08-06  https://www.sec.gov/Archives/edgar/data/1810560/000119312526337967/revb-ex10_2.htm
   ?      Amprius Technologies, Inc.         10-Q  2026-08-06  https://www.sec.gov/Archives/edgar/data/1899287/000189928726000059/ampx-20260630.htm
   AAOI   APPLIED OPTOELECTRONICS, INC.      10-Q  2026-08-06  https://www.sec.gov/Archives/edgar/data/1158114/000143774926026278/ex_997621.htm
  PROMOTE: trap-screen the DISCRETIONARY small/mid clusters first; termination hits -> DD resolves the
  plan holder + the pending event. DOCTRINE: no edge claimed on public Form 4s; attention-allocation + the
  10b5-1 dimension. The scanner proposes; it never sizes.
[-> INSIDER_10B51.json]


===== 2026-08-10 00:41 (desk) =====
=== INSIDER 10b5-1 SCANNER  2026-08-10  (13 code-P buys in the 10d window; 3 clusters; 97 10b5-1 termination hits) ===
  BUY CLUSTERS (>=2 distinct insiders, >=$50k each — DISCRETIONARY first):
   BSX    BOSTON SCIENTIFIC CORP             2 insiders  $ 9,158,232  [DISCR  ] 2026-08-03..2026-08-05  (director/officer)
   GBFH   GBank Financial Holdings Inc.      2 insiders  $   412,823  [DISCR  ] 2026-08-04..2026-08-04  (director/officer)
   BBBY   BED BATH & BEYOND, INC.            2 insiders  $   293,994  [DISCR  ] 2026-08-05..2026-08-06  (director/officer)
  10b5-1 PLAN TERMINATION hits (v1/best-effort — REVIEW queue, confirm in DD):
   LRCX   LAM RESEARCH CORP                  10-K  2026-08-07  https://www.sec.gov/Archives/edgar/data/707549/000070754926000037/exhibit191insidertradingpo.htm
   ?      NEWS CORP                          10-K  2026-08-07  https://www.sec.gov/Archives/edgar/data/1564708/000156470826000175/ex-191xsecuritiestradingpo.htm
   NNN    NNN REIT, INC.                     8-K   2026-08-07  https://www.sec.gov/Archives/edgar/data/751364/000119312526338984/d141531dex13.htm
   LASR   NLIGHT, INC.                       10-Q  2026-08-07  https://www.sec.gov/Archives/edgar/data/1124796/000112479626000038/lasr-20260630.htm
   ACMR   ACM Research, Inc.                 10-Q  2026-08-07  https://www.sec.gov/Archives/edgar/data/1680062/000162828026054832/acmr-20260630.htm
   GRND   Grindr Inc.                        10-Q  2026-08-07  https://www.sec.gov/Archives/edgar/data/1820144/000182014426000025/grnd-20260630.htm
   CLOV   CLOVER HEALTH INVESTMENTS, CORP. / 10-Q  2026-08-07  https://www.sec.gov/Archives/edgar/data/1801170/000180117026000200/clov-20260630.htm
   TXRH   Texas Roadhouse, Inc.              10-Q  2026-08-07  https://www.sec.gov/Archives/edgar/data/1289460/000110465926092408/txrh-20260630x10q.htm
   OKLO   Oklo Inc.                          10-Q  2026-08-07  https://www.sec.gov/Archives/edgar/data/1849056/000162828026054571/oklo-20260630.htm
   ?      Priority Technology Holdings, Inc. 10-Q  2026-08-06  https://www.sec.gov/Archives/edgar/data/1653558/000165355826000130/exhibit1024seankiewiet10.htm
  PROMOTE: trap-screen the DISCRETIONARY small/mid clusters first; termination hits -> DD resolves the
  plan holder + the pending event. DOCTRINE: no edge claimed on public Form 4s; attention-allocation + the
  10b5-1 dimension. The scanner proposes; it never sizes.
[-> INSIDER_10B51.json]


===== 2026-08-11 01:43 (desk) =====
=== INSIDER 10b5-1 SCANNER  2026-08-11  (15 code-P buys in the 10d window; 3 clusters; 97 10b5-1 termination hits) ===
  BUY CLUSTERS (>=2 distinct insiders, >=$50k each — DISCRETIONARY first):
   BSX    BOSTON SCIENTIFIC CORP             2 insiders  $ 9,158,232  [DISCR  ] 2026-08-03..2026-08-05  (director/officer)
   GBFH   GBank Financial Holdings Inc.      2 insiders  $   412,823  [DISCR  ] 2026-08-04..2026-08-04  (director/officer)
   BBBY   BED BATH & BEYOND, INC.            2 insiders  $   293,994  [DISCR  ] 2026-08-05..2026-08-06  (director/officer)
  10b5-1 PLAN TERMINATION hits (v1/best-effort — REVIEW queue, confirm in DD):
   TLS    TELOS CORP                         10-Q  2026-08-10  https://www.sec.gov/Archives/edgar/data/320121/000032012126000037/ex-191insidertradingpolicy.htm
   ?      NewtekOne, Inc.                    10-Q  2026-08-10  https://www.sec.gov/Archives/edgar/data/1587987/000162828026055245/newtekoneinsidertradingp.htm
   GLXZ   Galaxy Gaming, Inc.                10-Q  2026-08-10  https://www.sec.gov/Archives/edgar/data/13156/000119312526340606/glxz-20260630.htm
   RKLB   Rocket Lab Corp                    10-Q  2026-08-10  https://www.sec.gov/Archives/edgar/data/1819994/000181999426000062/rklb-20260630.htm
   MAIA   MAIA Biotechnology, Inc.           10-Q  2026-08-10  https://www.sec.gov/Archives/edgar/data/1878313/000149315226036764/form10-q.htm
   ?      Outdoor Holding Co                 10-Q  2026-08-10  https://www.sec.gov/Archives/edgar/data/1015383/000119312526341113/poww-20260630.htm
   NTHI   NEONC TECHNOLOGIES HOLDINGS, INC.  10-Q  2026-08-10  https://www.sec.gov/Archives/edgar/data/1979414/000182912626008512/neonctechnologies_10q.htm
   PRMB   Primo Brands Corp                  8-K   2026-08-10  https://www.sec.gov/Archives/edgar/data/2042694/000119312526340542/d117342dex11.htm
   COGT   Cogent Biosciences, Inc.           10-Q  2026-08-10  https://www.sec.gov/Archives/edgar/data/1622229/000119312526342393/cogt-20260630.htm
   VOC    VOC Energy Trust                   10-Q  2026-08-10  https://www.sec.gov/Archives/edgar/data/1505413/000110465926093389/tm2622518d1_10q.htm
  PROMOTE: trap-screen the DISCRETIONARY small/mid clusters first; termination hits -> DD resolves the
  plan holder + the pending event. DOCTRINE: no edge claimed on public Form 4s; attention-allocation + the
  10b5-1 dimension. The scanner proposes; it never sizes.
[-> INSIDER_10B51.json]


===== 2026-08-12 07:45 (desk) =====
=== INSIDER 10b5-1 SCANNER  2026-08-12  (0 code-P buys in the 10d window; 0 clusters; 97 10b5-1 termination hits) ===
  no buy clusters in the window (honest null — single-insider buys are not surfaced)
  10b5-1 PLAN TERMINATION hits (v1/best-effort — REVIEW queue, confirm in DD):
   MNPR   Monopar Therapeutics               10-Q  2026-08-12  https://www.sec.gov/Archives/edgar/data/1645469/000143774926027164/mnpr20260630_10q.htm
   ZONE   CleanCore Solutions, Inc.          8-K   2026-08-12  https://www.sec.gov/Archives/edgar/data/1956741/000121390026088083/ea030170301ex10-3.htm
   IVHI   Invech Holdings, Inc.              10-Q  2026-08-12  https://www.sec.gov/Archives/edgar/data/1009919/000168316826006245/invech_i10q-063026.htm
   TARA   Protara Therapeutics, Inc.         10-Q  2026-08-11  https://www.sec.gov/Archives/edgar/data/1359931/000121390026087508/ea0298600-10q_protara.htm
   KOPN   KOPIN CORP                         10-Q  2026-08-11  https://www.sec.gov/Archives/edgar/data/771266/000149315226037194/form10-q.htm
   ATEX   Anterix Inc.                       10-Q  2026-08-11  https://www.sec.gov/Archives/edgar/data/1304492/000130449226000046/atex-20260630.htm
   SLS    SELLAS Life Sciences Group, Inc.   10-Q  2026-08-11  https://www.sec.gov/Archives/edgar/data/1390478/000139047826000012/sls-20260630.htm
   NLST   NETLIST INC                        10-Q  2026-08-11  https://www.sec.gov/Archives/edgar/data/1282631/000110465926094127/nlst-20260627x10q.htm
   NCMI   National CineMedia, Inc.           10-Q  2026-08-11  https://www.sec.gov/Archives/edgar/data/1377630/000119312526344956/ncmi-20260702.htm
   BOXL   Boxlight Corp                      8-K   2026-08-11  https://www.sec.gov/Archives/edgar/data/1624512/000121390026087806/ea030100301ex10-4.htm
  PROMOTE: trap-screen the DISCRETIONARY small/mid clusters first; termination hits -> DD resolves the
  plan holder + the pending event. DOCTRINE: no edge claimed on public Form 4s; attention-allocation + the
  10b5-1 dimension. The scanner proposes; it never sizes.
[-> INSIDER_10B51.json]


===== 2026-08-13 09:00 (desk) =====
=== INSIDER 10b5-1 SCANNER  2026-08-13  (34 code-P buys in the 10d window; 7 clusters; 96 10b5-1 termination hits) ===
  BUY CLUSTERS (>=2 distinct insiders, >=$50k each — DISCRETIONARY first):
   PNAQ   Pinnacle Acquisition Corp          6 insiders  $29,800,000  [DISCR  ] 2026-08-10..2026-08-10  (10%+/director/officer)
   AMRZ   Amrize Ltd                         4 insiders  $   555,323  [DISCR  ] 2026-08-11..2026-08-11  (officer)
   BSX    BOSTON SCIENTIFIC CORP             2 insiders  $ 9,158,232  [DISCR  ] 2026-08-03..2026-08-05  (director/officer)
   ACDC   ProFrac Holding Corp.              2 insiders  $ 4,018,492  [DISCR  ] 2026-08-10..2026-08-10  (10%+/officer)
   GBFH   GBank Financial Holdings Inc.      2 insiders  $   412,823  [DISCR  ] 2026-08-04..2026-08-04  (director/officer)
   BBBY   BED BATH & BEYOND, INC.            2 insiders  $   393,298  [DISCR  ] 2026-08-05..2026-08-12  (director/officer)
   FEMY   FEMASYS INC                        2 insiders  $   100,000  [DISCR  ] 2026-08-07..2026-08-07  (officer)
  10b5-1 PLAN TERMINATION hits (v1/best-effort — REVIEW queue, confirm in DD):
   KPTI   Karyopharm Therapeutics Inc.       10-Q  2026-08-13  https://www.sec.gov/Archives/edgar/data/1503802/000119312526347906/kpti-ex10_3.htm
   RMTI   ROCKWELL MEDICAL, INC.             10-Q  2026-08-13  https://www.sec.gov/Archives/edgar/data/1041024/000162828026056461/rmti-20260630.htm
   KMT    KENNAMETAL INC                     10-K  2026-08-12  https://www.sec.gov/Archives/edgar/data/55242/000162828026056143/kmt630202610kex191.htm
   MNPR   Monopar Therapeutics               10-Q  2026-08-12  https://www.sec.gov/Archives/edgar/data/1645469/000143774926027164/mnpr20260630_10q.htm
   ZONE   CleanCore Solutions, Inc.          8-K   2026-08-12  https://www.sec.gov/Archives/edgar/data/1956741/000121390026088083/ea030170301ex10-3.htm
   DC     Dakota Gold Corp.                  10-Q  2026-08-12  https://www.sec.gov/Archives/edgar/data/1852353/000110465926094733/tmb-20260630x10q.htm
   SPRO   Spero Therapeutics, Inc.           10-Q  2026-08-12  https://www.sec.gov/Archives/edgar/data/1701108/000119312526346795/spro-ex10_3.htm
   CNTB   Connect Biopharma Holdings Ltd     10-Q  2026-08-12  https://www.sec.gov/Archives/edgar/data/1835268/000183526826000028/cntb-20260630.htm
   IVHI   Invech Holdings, Inc.              10-Q  2026-08-12  https://www.sec.gov/Archives/edgar/data/1009919/000168316826006245/invech_i10q-063026.htm
   TARA   Protara Therapeutics, Inc.         10-Q  2026-08-11  https://www.sec.gov/Archives/edgar/data/1359931/000121390026087508/ea0298600-10q_protara.htm
  PROMOTE: trap-screen the DISCRETIONARY small/mid clusters first; termination hits -> DD resolves the
  plan holder + the pending event. DOCTRINE: no edge claimed on public Form 4s; attention-allocation + the
  10b5-1 dimension. The scanner proposes; it never sizes.
[-> INSIDER_10B51.json]


===== 2026-08-14 09:44 (desk) =====
=== INSIDER 10b5-1 SCANNER  2026-08-14  (35 code-P buys in the 10d window; 6 clusters; 97 10b5-1 termination hits) ===
  BUY CLUSTERS (>=2 distinct insiders, >=$50k each — DISCRETIONARY first):
   PNAQ   Pinnacle Acquisition Corp          6 insiders  $29,800,000  [DISCR  ] 2026-08-10..2026-08-10  (10%+/director/officer)
   AMRZ   Amrize Ltd                         4 insiders  $   555,323  [DISCR  ] 2026-08-11..2026-08-11  (officer)
   ACDC   ProFrac Holding Corp.              2 insiders  $ 4,018,492  [DISCR  ] 2026-08-10..2026-08-10  (10%+/officer)
   GBFH   GBank Financial Holdings Inc.      2 insiders  $   412,823  [DISCR  ] 2026-08-04..2026-08-04  (director/officer)
   BBBY   BED BATH & BEYOND, INC.            2 insiders  $   393,298  [DISCR  ] 2026-08-05..2026-08-12  (director/officer)
   FEMY   FEMASYS INC                        2 insiders  $   100,000  [DISCR  ] 2026-08-07..2026-08-07  (officer)
  10b5-1 PLAN TERMINATION hits (v1/best-effort — REVIEW queue, confirm in DD):
   ?      Amcor plc                          10-K  2026-08-14  https://www.sec.gov/Archives/edgar/data/1748790/000174879026000022/exhibit19-amcorplcinsiders.htm
   KPTI   Karyopharm Therapeutics Inc.       10-Q  2026-08-13  https://www.sec.gov/Archives/edgar/data/1503802/000119312526347906/kpti-ex10_3.htm
   SKFG   Stark Focus Group, Inc.            10-Q  2026-08-13  https://www.sec.gov/Archives/edgar/data/1794942/000164033426001340/stark_10q.htm
   AEMD   AETHLON MEDICAL INC                10-Q  2026-08-13  https://www.sec.gov/Archives/edgar/data/882291/000168316826006347/aethlon_i10q-063026.htm
   YTFD   Yale Transaction Finders, Inc.     10-Q  2026-08-13  https://www.sec.gov/Archives/edgar/data/1311673/000149315226037814/form10-q.htm
   RMTI   ROCKWELL MEDICAL, INC.             10-Q  2026-08-13  https://www.sec.gov/Archives/edgar/data/1041024/000162828026056461/rmti-20260630.htm
   ECTM   ECA Marcellus Trust I              10-Q  2026-08-13  https://www.sec.gov/Archives/edgar/data/1487798/000110465926095922/tm2616215d1_10q.htm
   KMT    KENNAMETAL INC                     10-K  2026-08-12  https://www.sec.gov/Archives/edgar/data/55242/000162828026056143/kmt630202610kex191.htm
   MNPR   Monopar Therapeutics               10-Q  2026-08-12  https://www.sec.gov/Archives/edgar/data/1645469/000143774926027164/mnpr20260630_10q.htm
   ZONE   CleanCore Solutions, Inc.          8-K   2026-08-12  https://www.sec.gov/Archives/edgar/data/1956741/000121390026088083/ea030170301ex10-3.htm
  PROMOTE: trap-screen the DISCRETIONARY small/mid clusters first; termination hits -> DD resolves the
  plan holder + the pending event. DOCTRINE: no edge claimed on public Form 4s; attention-allocation + the
  10b5-1 dimension. The scanner proposes; it never sizes.
[-> INSIDER_10B51.json]


===== 2026-08-17 08:46 (desk) =====
=== INSIDER 10b5-1 SCANNER  2026-08-17  (35 code-P buys in the 10d window; 5 clusters; 98 10b5-1 termination hits) ===
  BUY CLUSTERS (>=2 distinct insiders, >=$50k each — DISCRETIONARY first):
   PNAQ   Pinnacle Acquisition Corp          6 insiders  $29,800,000  [DISCR  ] 2026-08-10..2026-08-10  (10%+/director/officer)
   AMRZ   Amrize Ltd                         4 insiders  $   555,323  [DISCR  ] 2026-08-11..2026-08-11  (officer)
   ACDC   ProFrac Holding Corp.              2 insiders  $ 4,018,492  [DISCR  ] 2026-08-10..2026-08-10  (10%+/officer)
   ONON   On Holding AG                      2 insiders  $ 3,987,580  [DISCR  ] 2026-08-14..2026-08-14  (officer)
   FEMY   FEMASYS INC                        2 insiders  $   100,000  [DISCR  ] 2026-08-07..2026-08-07  (officer)
  10b5-1 PLAN TERMINATION hits (v1/best-effort — REVIEW queue, confirm in DD):
   WDC    WESTERN DIGITAL CORP               10-K  2026-08-14  https://www.sec.gov/Archives/edgar/data/106040/000162828026057139/fy26xex19xinsidertradingpo.htm
   HRB    H&R BLOCK INC                      10-K  2026-08-14  https://www.sec.gov/Archives/edgar/data/12659/000001265926000026/hrb20260630ex191-hrblockin.htm
   HCWB   HCW Biologics Inc.                 10-Q  2026-08-14  https://www.sec.gov/Archives/edgar/data/1828673/000149315226038262/ex10-11.htm
   ?      Amcor plc                          10-K  2026-08-14  https://www.sec.gov/Archives/edgar/data/1748790/000174879026000022/exhibit19-amcorplcinsiders.htm
   ANY    Sphere 3D Corp.                    10-Q  2026-08-14  https://www.sec.gov/Archives/edgar/data/1591956/000159195626000021/exhibit191insidertradingpo.htm
   CRIS   CURIS INC                          10-Q  2026-08-14  https://www.sec.gov/Archives/edgar/data/1108205/000110820526000118/formofrestrictedstockunita.htm
   CBDW   1606 CORP.                         10-Q  2026-08-14  https://www.sec.gov/Archives/edgar/data/1877461/000147793226005063/cbdw_10q.htm
   NUMD   Nu-Med Plus, Inc.                  10-Q  2026-08-14  https://www.sec.gov/Archives/edgar/data/1543637/000157587226000575/numd-20260630.htm
   ANVS   Annovis Bio, Inc.                  10-Q  2026-08-14  https://www.sec.gov/Archives/edgar/data/1477845/000110465926097228/anvs-20260630x10q.htm
   CAPR   CAPRICOR THERAPEUTICS, INC.        10-Q  2026-08-14  https://www.sec.gov/Archives/edgar/data/1133869/000110465926097294/capr-20260630x10q.htm
  PROMOTE: trap-screen the DISCRETIONARY small/mid clusters first; termination hits -> DD resolves the
  plan holder + the pending event. DOCTRINE: no edge claimed on public Form 4s; attention-allocation + the
  10b5-1 dimension. The scanner proposes; it never sizes.
[-> INSIDER_10B51.json]


===== 2026-09-11 01:16 (desk) =====
=== INSIDER 10b5-1 SCANNER  2026-09-11  (17 code-P buys in the 10d window; 1 clusters; 99 10b5-1 termination hits) ===
  BUY CLUSTERS (>=2 distinct insiders, >=$50k each — DISCRETIONARY first):
   INBX   Inhibrx Biosciences, Inc.          3 insiders  $ 3,499,596  [DISCR  ] 2026-09-08..2026-09-08  (director/officer)
  10b5-1 PLAN TERMINATION hits (v1/best-effort — REVIEW queue, confirm in DD):
   SKYX   SKYX Platforms Corp.               8-K   2026-09-10  https://www.sec.gov/Archives/edgar/data/1598981/000149315226042086/ex2-1.htm
   BBW    BUILD-A-BEAR WORKSHOP INC          10-Q  2026-09-10  https://www.sec.gov/Archives/edgar/data/1113809/000143774926030081/bbw20260801c_10q.htm
   ?      SUN                                10-Q  2026-09-10  https://www.sec.gov/Archives/edgar/data/2070845/000168316826007050/sun_i10q-073126.htm
   FIZZ   NATIONAL BEVERAGE CORP             10-Q  2026-09-10  https://www.sec.gov/Archives/edgar/data/69891/000143774926030095/fizz20260801_10q.htm
   SAIL   SailPoint, Inc.                    10-Q  2026-09-10  https://www.sec.gov/Archives/edgar/data/2030781/000203078126000021/sail-20260731.htm
   SVBL   SILVER BULL RESOURCES, INC.        10-Q  2026-09-10  https://www.sec.gov/Archives/edgar/data/1031093/000107997326001240/svbl-20260731.htm
   INGM   Ingram Micro Holding Corp          8-K   2026-09-10  https://www.sec.gov/Archives/edgar/data/1897762/000162828026061347/exhibit11-closing8xksept20.htm
   ?      ALLIANCE ENTERTAINMENT HOLDING COR 10-K  2026-09-10  https://www.sec.gov/Archives/edgar/data/1823584/000149315226042141/form10-k.htm
   ?      Vernal Capital Acquisition Corp.   10-Q  2026-09-10  https://www.sec.gov/Archives/edgar/data/2081690/000121390026098818/ea0304100-10q_vernal.htm
   ALZN   Alzamend Neuro, Inc.               10-Q  2026-09-10  https://www.sec.gov/Archives/edgar/data/1677077/000121465926011572/alz9226210q.htm
  PROMOTE: trap-screen the DISCRETIONARY small/mid clusters first; termination hits -> DD resolves the
  plan holder + the pending event. DOCTRINE: no edge claimed on public Form 4s; attention-allocation + the
  10b5-1 dimension. The scanner proposes; it never sizes.
[-> INSIDER_10B51.json]

