
===== 2026-07-02 00:31 (desk) =====
=== INSIDER CLUSTER SCANNER  2026-07-02  (0 new code-P buys parsed; 248 buys in the 7d window) ===
  CLUSTERS (>=2 distinct insiders, >=$50k each) — attention-allocation seeds:
   DPC    DPC Holdings Ltd                           9 insiders  $151,642,986  (director/officer)
   NONE   Blackstone Infrastructure Strategies L.P.  6 insiders  $576,813,532  (10%+/director/officer)
   SPG    SIMON PROPERTY GROUP INC.                  5 insiders  $   793,354  (director)
   N/A    TPG Twin Brook Capital Income Fund         3 insiders  $640,810,000  (10%+)
   LILA   Liberty Latin America Ltd.                 3 insiders  $ 7,389,524  (10%+/director/officer)
   MOBI   Mobia Medical, Inc.                        2 insiders  $22,177,440  (10%+)
   NVCT   Nuvectis Pharma, Inc.                      2 insiders  $ 2,332,000  (10%+/officer)
   KMX    CARMAX INC                                 2 insiders  $ 1,218,872  (director)
  PROMOTE: trap-screen the small/uncovered clusters first (capacity niche); famous names are priced.
  DOCTRINE: no informational edge claimed (Form 4s are public); value = attention allocation + the
  CONDITIONED small-cap subset pending our own drift backtest. The scanner proposes; the pipeline disposes.
[-> INSIDER_CLUSTERS.json]


===== 2026-07-03 01:31 (desk) =====
=== INSIDER CLUSTER SCANNER  2026-07-03  (0 new code-P buys parsed; 85 buys in the 7d window) ===
  CLUSTERS (>=2 distinct insiders, >=$50k each) — attention-allocation seeds:
   DPC    DPC Holdings Ltd                           9 insiders  $75,821,493  (director/officer)
   NONE   Blackstone Infrastructure Strategies L.P.  5 insiders  $118,874,008  (10%+/director)
   SPG    SIMON PROPERTY GROUP INC.                  5 insiders  $   396,677  (director)
   N/A    TPG Twin Brook Capital Income Fund         3 insiders  $120,405,000  (10%+)
   LILA   Liberty Latin America Ltd.                 2 insiders  $ 3,493,862  (10%+/officer)
   MOBI   Mobia Medical, Inc.                        2 insiders  $ 2,623,050  (10%+)
   NVCT   Nuvectis Pharma, Inc.                      2 insiders  $ 1,166,000  (10%+/officer)
   KMX    CARMAX INC                                 2 insiders  $   609,436  (director)
  PROMOTE: trap-screen the small/uncovered clusters first (capacity niche); famous names are priced.
  DOCTRINE: no informational edge claimed (Form 4s are public); value = attention allocation + the
  CONDITIONED small-cap subset pending our own drift backtest. The scanner proposes; the pipeline disposes.
[-> INSIDER_CLUSTERS.json]


===== 2026-07-06 00:33 (desk) =====
=== INSIDER CLUSTER SCANNER  2026-07-06  (0 new code-P buys parsed; 59 buys in the 7d window) ===
  CLUSTERS (>=2 distinct insiders, >=$50k each) — attention-allocation seeds:
   SPG    SIMON PROPERTY GROUP INC.                  5 insiders  $   396,677  (director)
   NONE   Blackstone Infrastructure Strategies L.P.  3 insiders  $36,373,000  (10%+/director)
   LILA   Liberty Latin America Ltd.                 2 insiders  $ 3,493,862  (10%+/officer)
   MOBI   Mobia Medical, Inc.                        2 insiders  $ 2,623,050  (10%+)
   NVCT   Nuvectis Pharma, Inc.                      2 insiders  $ 1,166,000  (10%+/officer)
  PROMOTE: trap-screen the small/uncovered clusters first (capacity niche); famous names are priced.
  DOCTRINE: no informational edge claimed (Form 4s are public); value = attention allocation + the
  CONDITIONED small-cap subset pending our own drift backtest. The scanner proposes; the pipeline disposes.
[-> INSIDER_CLUSTERS.json]


===== 2026-07-07 07:33 (desk) =====
=== INSIDER CLUSTER SCANNER  2026-07-07  (0 new code-P buys parsed; 34 buys in the 7d window) ===
  CLUSTERS (>=2 distinct insiders, >=$50k each) — attention-allocation seeds:
   SPG    SIMON PROPERTY GROUP INC.                  5 insiders  $   396,677  (director)
   NVCT   Nuvectis Pharma, Inc.                      2 insiders  $ 1,166,000  (10%+/officer)
   NONE   Blackstone Infrastructure Strategies L.P.  2 insiders  $   373,000  (director)
  PROMOTE: trap-screen the small/uncovered clusters first (capacity niche); famous names are priced.
  DOCTRINE: no informational edge claimed (Form 4s are public); value = attention allocation + the
  CONDITIONED small-cap subset pending our own drift backtest. The scanner proposes; the pipeline disposes.
[-> INSIDER_CLUSTERS.json]


===== 2026-07-08 08:31 (desk) =====
=== INSIDER CLUSTER SCANNER  2026-07-08  (0 new code-P buys parsed; 21 buys in the 7d window) ===
  CLUSTERS (>=2 distinct insiders, >=$50k each) — attention-allocation seeds:
   SPG    SIMON PROPERTY GROUP INC.                  5 insiders  $   396,677  (director)
   NVCT   Nuvectis Pharma, Inc.                      2 insiders  $ 1,166,000  (10%+/officer)
   NONE   Blackstone Infrastructure Strategies L.P.  2 insiders  $   373,000  (director)
  PROMOTE: trap-screen the small/uncovered clusters first (capacity niche); famous names are priced.
  DOCTRINE: no informational edge claimed (Form 4s are public); value = attention allocation + the
  CONDITIONED small-cap subset pending our own drift backtest. The scanner proposes; the pipeline disposes.
[-> INSIDER_CLUSTERS.json]


===== 2026-07-09 09:33 (desk) =====
=== INSIDER CLUSTER SCANNER  2026-07-09  (0 new code-P buys parsed; 0 buys in the 7d window) ===
  no clusters in the window
  DOCTRINE: no informational edge claimed (Form 4s are public); value = attention allocation + the
  CONDITIONED small-cap subset pending our own drift backtest. The scanner proposes; the pipeline disposes.
[-> INSIDER_CLUSTERS.json]


===== 2026-07-10 10:33 (desk) =====
=== INSIDER CLUSTER SCANNER  2026-07-10  (0 new code-P buys parsed; 0 buys in the 7d window) ===
  no clusters in the window
  DOCTRINE: no informational edge claimed (Form 4s are public); value = attention allocation + the
  CONDITIONED small-cap subset pending our own drift backtest. The scanner proposes; the pipeline disposes.
[-> INSIDER_CLUSTERS.json]


===== 2026-07-13 00:33 (desk) =====
=== INSIDER CLUSTER SCANNER  2026-07-13  (0 new code-P buys parsed; 0 buys in the 7d window) ===
  no clusters in the window
  DOCTRINE: no informational edge claimed (Form 4s are public); value = attention allocation + the
  CONDITIONED small-cap subset pending our own drift backtest. The scanner proposes; the pipeline disposes.
[-> INSIDER_CLUSTERS.json]


===== 2026-07-14 01:31 (desk) =====
=== INSIDER CLUSTER SCANNER  2026-07-14  (0 new code-P buys parsed; 0 buys in the 7d window) ===
  no clusters in the window
  DOCTRINE: no informational edge claimed (Form 4s are public); value = attention allocation + the
  CONDITIONED small-cap subset pending our own drift backtest. The scanner proposes; the pipeline disposes.
[-> INSIDER_CLUSTERS.json]


===== 2026-07-15 02:37 (desk) =====
=== INSIDER CLUSTER SCANNER  2026-07-15  (0 new code-P buys parsed; 0 buys in the 7d window) ===
  no clusters in the window
  DOCTRINE: no informational edge claimed (Form 4s are public); value = attention allocation + the
  CONDITIONED small-cap subset pending our own drift backtest. The scanner proposes; the pipeline disposes.
[-> INSIDER_CLUSTERS.json]


===== 2026-07-16 03:37 (desk) =====
=== INSIDER CLUSTER SCANNER  2026-07-16  (0 new code-P buys parsed; 0 buys in the 7d window) ===
  no clusters in the window
  DOCTRINE: no informational edge claimed (Form 4s are public); value = attention allocation + the
  CONDITIONED small-cap subset pending our own drift backtest. The scanner proposes; the pipeline disposes.
[-> INSIDER_CLUSTERS.json]


===== 2026-07-17 10:52 (desk) =====
=== INSIDER CLUSTER SCANNER  2026-07-17  (0 new code-P buys parsed; 0 buys in the 7d window) ===
  no clusters in the window
  DOCTRINE: no informational edge claimed (Form 4s are public); value = attention allocation + the
  CONDITIONED small-cap subset pending our own drift backtest. The scanner proposes; the pipeline disposes.
[-> INSIDER_CLUSTERS.json]


===== 2026-07-20 10:06 (desk) =====
=== INSIDER CLUSTER SCANNER  2026-07-20  (0 new code-P buys parsed; 0 buys in the 7d window) ===
  no clusters in the window
  DOCTRINE: no informational edge claimed (Form 4s are public); value = attention allocation + the
  CONDITIONED small-cap subset pending our own drift backtest. The scanner proposes; the pipeline disposes.
[-> INSIDER_CLUSTERS.json]


===== 2026-07-21 10:31 (desk) =====
=== INSIDER CLUSTER SCANNER  2026-07-21  (0 new code-P buys parsed; 0 buys in the 7d window) ===
  no clusters in the window
  DOCTRINE: no informational edge claimed (Form 4s are public); value = attention allocation + the
  CONDITIONED small-cap subset pending our own drift backtest. The scanner proposes; the pipeline disposes.
[-> INSIDER_CLUSTERS.json]


===== 2026-07-22 11:31 (desk) =====
=== INSIDER CLUSTER SCANNER  2026-07-22  (0 new code-P buys parsed; 0 buys in the 7d window) ===
  no clusters in the window
  DOCTRINE: no informational edge claimed (Form 4s are public); value = attention allocation + the
  CONDITIONED small-cap subset pending our own drift backtest. The scanner proposes; the pipeline disposes.
[-> INSIDER_CLUSTERS.json]


===== 2026-07-23 12:31 (desk) =====
=== INSIDER CLUSTER SCANNER  2026-07-23  (0 new code-P buys parsed; 0 buys in the 7d window) ===
  no clusters in the window
  DOCTRINE: no informational edge claimed (Form 4s are public); value = attention allocation + the
  CONDITIONED small-cap subset pending our own drift backtest. The scanner proposes; the pipeline disposes.
[-> INSIDER_CLUSTERS.json]


===== 2026-07-27 09:37 (desk) =====
=== INSIDER CLUSTER SCANNER  2026-07-27  (11 new code-P buys parsed; 11 buys in the 7d window) ===
  CLUSTERS (>=2 distinct insiders, >=$50k each) — attention-allocation seeds:
   FSBC   FIVE STAR BANCORP                          5 insiders  $ 6,230,004  (director)
  PROMOTE: trap-screen the small/uncovered clusters first (capacity niche); famous names are priced.
  DOCTRINE: no informational edge claimed (Form 4s are public); value = attention allocation + the
  CONDITIONED small-cap subset pending our own drift backtest. The scanner proposes; the pipeline disposes.
[-> INSIDER_CLUSTERS.json]


===== 2026-07-28 07:31 (desk) =====
=== INSIDER CLUSTER SCANNER  2026-07-28  (0 new code-P buys parsed; 11 buys in the 7d window) ===
  CLUSTERS (>=2 distinct insiders, >=$50k each) — attention-allocation seeds:
   FSBC   FIVE STAR BANCORP                          5 insiders  $ 6,230,004  (director)
  PROMOTE: trap-screen the small/uncovered clusters first (capacity niche); famous names are priced.
  DOCTRINE: no informational edge claimed (Form 4s are public); value = attention allocation + the
  CONDITIONED small-cap subset pending our own drift backtest. The scanner proposes; the pipeline disposes.
[-> INSIDER_CLUSTERS.json]


===== 2026-07-29 08:31 (desk) =====
=== INSIDER CLUSTER SCANNER  2026-07-29  (0 new code-P buys parsed; 11 buys in the 7d window) ===
  CLUSTERS (>=2 distinct insiders, >=$50k each) — attention-allocation seeds:
   FSBC   FIVE STAR BANCORP                          5 insiders  $ 6,230,004  (director)
  PROMOTE: trap-screen the small/uncovered clusters first (capacity niche); famous names are priced.
  DOCTRINE: no informational edge claimed (Form 4s are public); value = attention allocation + the
  CONDITIONED small-cap subset pending our own drift backtest. The scanner proposes; the pipeline disposes.
[-> INSIDER_CLUSTERS.json]


===== 2026-07-30 09:31 (desk) =====
=== INSIDER CLUSTER SCANNER  2026-07-30  (0 new code-P buys parsed; 11 buys in the 7d window) ===
  CLUSTERS (>=2 distinct insiders, >=$50k each) — attention-allocation seeds:
   FSBC   FIVE STAR BANCORP                          5 insiders  $ 6,230,004  (director)
  PROMOTE: trap-screen the small/uncovered clusters first (capacity niche); famous names are priced.
  DOCTRINE: no informational edge claimed (Form 4s are public); value = attention allocation + the
  CONDITIONED small-cap subset pending our own drift backtest. The scanner proposes; the pipeline disposes.
[-> INSIDER_CLUSTERS.json]


===== 2026-07-31 10:36 (desk) =====
=== INSIDER CLUSTER SCANNER  2026-07-31  (0 new code-P buys parsed; 11 buys in the 7d window) ===
  CLUSTERS (>=2 distinct insiders, >=$50k each) — attention-allocation seeds:
   FSBC   FIVE STAR BANCORP                          5 insiders  $ 6,230,004  (director)
  PROMOTE: trap-screen the small/uncovered clusters first (capacity niche); famous names are priced.
  DOCTRINE: no informational edge claimed (Form 4s are public); value = attention allocation + the
  CONDITIONED small-cap subset pending our own drift backtest. The scanner proposes; the pipeline disposes.
[-> INSIDER_CLUSTERS.json]


===== 2026-08-03 00:43 (desk) =====
=== INSIDER CLUSTER SCANNER  2026-08-03  (0 new code-P buys parsed; 0 buys in the 7d window) ===
  no clusters in the window
  DOCTRINE: no informational edge claimed (Form 4s are public); value = attention allocation + the
  CONDITIONED small-cap subset pending our own drift backtest. The scanner proposes; the pipeline disposes.
[-> INSIDER_CLUSTERS.json]


===== 2026-08-04 01:33 (desk) =====
=== INSIDER CLUSTER SCANNER  2026-08-04  (0 new code-P buys parsed; 0 buys in the 7d window) ===
  no clusters in the window
  DOCTRINE: no informational edge claimed (Form 4s are public); value = attention allocation + the
  CONDITIONED small-cap subset pending our own drift backtest. The scanner proposes; the pipeline disposes.
[-> INSIDER_CLUSTERS.json]


===== 2026-08-05 02:38 (desk) =====
=== INSIDER CLUSTER SCANNER  2026-08-05  (0 new code-P buys parsed; 0 buys in the 7d window) ===
  no clusters in the window
  DOCTRINE: no informational edge claimed (Form 4s are public); value = attention allocation + the
  CONDITIONED small-cap subset pending our own drift backtest. The scanner proposes; the pipeline disposes.
[-> INSIDER_CLUSTERS.json]


===== 2026-08-06 03:32 (desk) =====
=== INSIDER CLUSTER SCANNER  2026-08-06  (0 new code-P buys parsed; 0 buys in the 7d window) ===
  no clusters in the window
  DOCTRINE: no informational edge claimed (Form 4s are public); value = attention allocation + the
  CONDITIONED small-cap subset pending our own drift backtest. The scanner proposes; the pipeline disposes.
[-> INSIDER_CLUSTERS.json]


===== 2026-08-07 04:35 (desk) =====
=== INSIDER CLUSTER SCANNER  2026-08-07  (0 new code-P buys parsed; 0 buys in the 7d window) ===
  no clusters in the window
  DOCTRINE: no informational edge claimed (Form 4s are public); value = attention allocation + the
  CONDITIONED small-cap subset pending our own drift backtest. The scanner proposes; the pipeline disposes.
[-> INSIDER_CLUSTERS.json]


===== 2026-08-10 00:40 (desk) =====
=== INSIDER CLUSTER SCANNER  2026-08-10  (0 new code-P buys parsed; 0 buys in the 7d window) ===
  no clusters in the window
  DOCTRINE: no informational edge claimed (Form 4s are public); value = attention allocation + the
  CONDITIONED small-cap subset pending our own drift backtest. The scanner proposes; the pipeline disposes.
[-> INSIDER_CLUSTERS.json]


===== 2026-08-11 01:38 (desk) =====
=== INSIDER CLUSTER SCANNER  2026-08-11  (0 new code-P buys parsed; 0 buys in the 7d window) ===
  no clusters in the window
  DOCTRINE: no informational edge claimed (Form 4s are public); value = attention allocation + the
  CONDITIONED small-cap subset pending our own drift backtest. The scanner proposes; the pipeline disposes.
[-> INSIDER_CLUSTERS.json]


===== 2026-08-12 07:45 (desk) =====
=== INSIDER CLUSTER SCANNER  2026-08-12  (0 new code-P buys parsed; 0 buys in the 7d window) ===
  no clusters in the window
  DOCTRINE: no informational edge claimed (Form 4s are public); value = attention allocation + the
  CONDITIONED small-cap subset pending our own drift backtest. The scanner proposes; the pipeline disposes.
[-> INSIDER_CLUSTERS.json]


===== 2026-08-13 08:59 (desk) =====
=== INSIDER CLUSTER SCANNER  2026-08-13  (0 new code-P buys parsed; 0 buys in the 7d window) ===
  no clusters in the window
  DOCTRINE: no informational edge claimed (Form 4s are public); value = attention allocation + the
  CONDITIONED small-cap subset pending our own drift backtest. The scanner proposes; the pipeline disposes.
[-> INSIDER_CLUSTERS.json]


===== 2026-08-14 09:43 (desk) =====
=== INSIDER CLUSTER SCANNER  2026-08-14  (0 new code-P buys parsed; 0 buys in the 7d window) ===
  no clusters in the window
  DOCTRINE: no informational edge claimed (Form 4s are public); value = attention allocation + the
  CONDITIONED small-cap subset pending our own drift backtest. The scanner proposes; the pipeline disposes.
[-> INSIDER_CLUSTERS.json]


===== 2026-08-17 08:45 (desk) =====
=== INSIDER CLUSTER SCANNER  2026-08-17  (0 new code-P buys parsed; 0 buys in the 7d window) ===
  no clusters in the window
  DOCTRINE: no informational edge claimed (Form 4s are public); value = attention allocation + the
  CONDITIONED small-cap subset pending our own drift backtest. The scanner proposes; the pipeline disposes.
[-> INSIDER_CLUSTERS.json]


===== 2026-09-11 01:13 (desk) =====
=== INSIDER CLUSTER SCANNER  2026-09-11  (69 new code-P buys parsed; 69 buys in the 7d window) ===
  CLUSTERS (>=2 distinct insiders, >=$50k each) — attention-allocation seeds:
   GME    GameStop Corp.                             4 insiders  $21,705,932  (director/officer)
   INBX   Inhibrx Biosciences, Inc.                  3 insiders  $ 3,499,596  (director/officer)
   UBER   Uber Technologies, Inc                     2 insiders  $15,314,016  (officer)
   CYBN   CYBIN INC.                                 2 insiders  $ 4,551,332  (officer)
   PRTS   CarParts.com, Inc.                         2 insiders  $ 1,764,291  (officer)
  PROMOTE: trap-screen the small/uncovered clusters first (capacity niche); famous names are priced.
  DOCTRINE: no informational edge claimed (Form 4s are public); value = attention allocation + the
  CONDITIONED small-cap subset pending our own drift backtest. The scanner proposes; the pipeline disposes.
[-> INSIDER_CLUSTERS.json]

