
===== 2026-07-13 10:34 (desk) =====
=== JANUARY REVERSAL SCANNER  2026-07-13 ===
  PHASE: DORMANT — off-season (pre-selling)
  SELLING window  2026-12-01 -> 2026-12-31  (opens +141d)
  REVERSAL window 2026-12-20 -> 2027-01-31  (opens +160d, closes +202d)
  ACTION: Nothing to do; the loss basket isn't set until the December tax-loss window. Selling opens ~2026-12-01 (+141d); the reversal RE-ENTRY window opens ~2026-12-20 (+160d).
  basket: dormant — loss basket not set until the December window
  candidates: [] — DORMANT off-season BY DESIGN (nothing to buy the bounce in yet)
[-> JANUARY_REVERSAL.json]


===== 2026-07-20 17:38 (desk) =====
=== JANUARY REVERSAL SCANNER  2026-07-20 ===
  PHASE: DORMANT — off-season (pre-selling)
  SELLING window  2026-12-01 -> 2026-12-31  (opens +134d)
  REVERSAL window 2026-12-20 -> 2027-01-31  (opens +153d, closes +195d)
  ACTION: Nothing to do; the loss basket isn't set until the December tax-loss window. Selling opens ~2026-12-01 (+134d); the reversal RE-ENTRY window opens ~2026-12-20 (+153d).
  basket: dormant — loss basket not set until the December window
  candidates: [] — DORMANT off-season BY DESIGN (nothing to buy the bounce in yet)
[-> JANUARY_REVERSAL.json]


===== 2026-07-27 23:33 (desk) =====
=== JANUARY REVERSAL SCANNER  2026-07-27 ===
  PHASE: DORMANT — off-season (pre-selling)
  SELLING window  2026-12-01 -> 2026-12-31  (opens +127d)
  REVERSAL window 2026-12-20 -> 2027-01-31  (opens +146d, closes +188d)
  ACTION: Nothing to do; the loss basket isn't set until the December tax-loss window. Selling opens ~2026-12-01 (+127d); the reversal RE-ENTRY window opens ~2026-12-20 (+146d).
  basket: dormant — loss basket not set until the December window
  candidates: [] — DORMANT off-season BY DESIGN (nothing to buy the bounce in yet)
[-> JANUARY_REVERSAL.json]


===== 2026-08-04 00:37 (desk) =====
=== JANUARY REVERSAL SCANNER  2026-08-04 ===
  PHASE: DORMANT — off-season (pre-selling)
  SELLING window  2026-12-01 -> 2026-12-31  (opens +119d)
  REVERSAL window 2026-12-20 -> 2027-01-31  (opens +138d, closes +180d)
  ACTION: Nothing to do; the loss basket isn't set until the December tax-loss window. Selling opens ~2026-12-01 (+119d); the reversal RE-ENTRY window opens ~2026-12-20 (+138d).
  basket: dormant — loss basket not set until the December window
  candidates: [] — DORMANT off-season BY DESIGN (nothing to buy the bounce in yet)
[-> JANUARY_REVERSAL.json]


===== 2026-08-11 01:45 (desk) =====
=== JANUARY REVERSAL SCANNER  2026-08-11 ===
  PHASE: DORMANT — off-season (pre-selling)
  SELLING window  2026-12-01 -> 2026-12-31  (opens +112d)
  REVERSAL window 2026-12-20 -> 2027-01-31  (opens +131d, closes +173d)
  ACTION: Nothing to do; the loss basket isn't set until the December tax-loss window. Selling opens ~2026-12-01 (+112d); the reversal RE-ENTRY window opens ~2026-12-20 (+131d).
  basket: dormant — loss basket not set until the December window
  candidates: [] — DORMANT off-season BY DESIGN (nothing to buy the bounce in yet)
[-> JANUARY_REVERSAL.json]


===== 2026-09-11 01:19 (desk) =====
=== JANUARY REVERSAL SCANNER  2026-09-11 ===
  PHASE: DORMANT — off-season (pre-selling)
  SELLING window  2026-12-01 -> 2026-12-31  (opens +81d)
  REVERSAL window 2026-12-20 -> 2027-01-31  (opens +100d, closes +142d)
  ACTION: Nothing to do; the loss basket isn't set until the December tax-loss window. Selling opens ~2026-12-01 (+81d); the reversal RE-ENTRY window opens ~2026-12-20 (+100d).
  basket: dormant — loss basket not set until the December window
  candidates: [] — DORMANT off-season BY DESIGN (nothing to buy the bounce in yet)
[-> JANUARY_REVERSAL.json]

