
===== 2026-08-04 10:34 (desk) =====
[announced] crawling TDnet, 8d lookback
  tdnet 2026-08-04 :  345 disclosures,  6 lane rows
  tdnet 2026-08-03 :  560 disclosures,  4 lane rows
[announced] 0 new lane events; 111 in store
[announced] 38 deals, 9 live
   3276 ＪＰＭＣ             offer=2250.0 spot=None gross=None ann=None DATED NO_PRINT
   2371 カカクコム            offer=3450.0 spot=None gross=None ann=None TIMING_UNBOUNDED NO_PRINT
   9110 ユナイテド海           offer=10600.0 spot=None gross=None ann=None TIMING_UNBOUNDED NO_PRINT
   2162 ｎｍｓ　ＨＤ           offer=540.0 spot=None gross=None ann=None DATED_STEP2 NO_PRINT
   4722 フューチャー           offer=2451.0 spot=None gross=None ann=None DATED NO_PRINT
   8283 ＰＡＬＴＡＣ           offer=6650.0 spot=None gross=None ann=None DATED_STEP2 NO_PRINT
   4171 グローバルＩ           offer=1680.0 spot=None gross=None ann=None DATED_STEP2 NO_PRINT
   7523 アールビバン           offer=1900.0 spot=None gross=None ann=None DATED NO_PRINT
   2997 Ｇ－ストレージ王         offer=1340.0 spot=None gross=None ann=None DATED NO_PRINT
[anticipatory] scanning cached EDINET annual reports
  universe 1316 listed non-financial issuers -> 320 clear a control gate (A_PARENT_SUB 238, B_SUCCESSION 82)
  size floor ¥3bn: 275 ranked, 45 excluded as too small to own (14 of those had no cached market cap at all)
[anticipatory] top 60
   9311 score=9 ASAGAMI COPORATION           pp=52.53 cm=0.653 pb=0.487
   4222 score=8 KODAMA CHEMICAL INDUSTRY CO. pp=52.07 cm=1.249 pb=0.335
   6428 score=8 OIZUMI Corporation           pp=47.25 cm=1.133 pb=0.379
   4628 score=8 SK KAKEN CO.,LTD.            pp=31.88 cm=0.878 pb=0.686
   6964 score=8 SANKO CO.,LTD.               pp=51.22 cm=0.793 pb=0.38
   7937 score=8 TSUTSUMI JEWELRY CO.,LTD.    pp=51.21 cm=0.785 pb=0.586
   8920 score=8 TOSHO CO., LTD.              pp=43.71 cm=0.7 pb=0.783
   9158 score=8                              pp=63.45 cm=0.641 pb=0.74
   5388 score=8 KUNIMINE INDUSTRIES CO.,LTD  pp=40.31 cm=0.635 pb=0.677
   3423 score=8 SE Corporation               pp=36.3 cm=0.612 pb=0.798
   7238 score=8 AKEBONO BRAKE INDUSTRY CO.,L pp=50.75 cm=0.601 pb=0.596
   7222 score=8 NISSAN SHATAI CO.,LTD.       pp=50.0 cm=0.574 pb=0.708  [HELD]
   9380 score=8 Azuma Shipping Co.,Ltd.      pp=39.38 cm=0.485 pb=0.65
   8291 score=8 NISSAN TOKYO SALES HOLDINGS  pp=38.02 cm=0.479 pb=0.558
   9115 score=7 MEIJI SHIPPING GROUP CO.,LTD pp=8.3 cm=1.843 pb=0.563
[held-overlap] announced targets vs held Japan book: NONE
[held-overlap] anticipatory candidates already held: 7222
[store] /Users/ajay/exalted/signalos/verticals/generators/data/JAPAN_TOB.json
[intake] /Users/ajay/exalted/signalos/desk/data/JAPAN_TOB_INTAKE_20260804.md

/Users/ajay/Library/Python/3.9/lib/python/site-packages/urllib3/__init__.py:35: NotOpenSSLWarning: urllib3 v2 only supports OpenSSL 1.1.1+, currently the 'ssl' module is compiled with 'LibreSSL 2.8.3'. See: https://github.com/urllib3/urllib3/issues/3020
  warnings.warn(

9 Failed downloads:
['3276.T', '7523.T', '4171.T', '2371.T', '2997.T', '8283.T', '4722.T', '9110.T', '2162.T']: YFRateLimitError('Too Many Requests. Rate limited. Try after a while.')
  edinet fingerprint 0/1525
  edinet fingerprint 300/1525
  edinet fingerprint 600/1525
  edinet fingerprint 1200/1525
  edinet fingerprint 1500/1525
/Users/ajay/exalted/signalos/verticals/generators/japan_tob_lane.py:1134: FutureWarning: Calling float on a single element Series is deprecated and will raise a TypeError in the future. Use float(ser.iloc[0]) instead
  return float(h.iloc[-1])

===== 2026-08-05 11:30 (desk) =====
[announced] crawling TDnet, 8d lookback
  tdnet 2026-08-05 :  579 disclosures,  5 lane rows
  tdnet 2026-08-04 :  345 disclosures,  6 lane rows
  tdnet 2026-08-03 :  560 disclosures,  4 lane rows
[announced] 5 new lane events; 116 in store
[announced] 40 deals, 10 live
   4171 グローバルＩ           offer=1680.0 spot=1665.5 gross=0.871 ann=26.5 DATED_STEP2 THIN
   8283 ＰＡＬＴＡＣ           offer=6650.0 spot=6630.0 gross=0.302 ann=13.8 DATED_STEP2 QUOTABLE
   2162 ｎｍｓ　ＨＤ           offer=540.0 spot=536.5 gross=0.652 ann=8.8 DATED_STEP2 THIN
   2997 Ｇ－ストレージ王         offer=1340.0 spot=1336.0 gross=0.299 ann=4.7 DATED QUOTABLE_SMALL
   3276 ＪＰＭＣ             offer=2250.0 spot=2244.0 gross=0.267 ann=1.9 DATED QUOTABLE
   7523 アールビバン           offer=1900.0 spot=1897.5 gross=0.132 ann=1.8 DATED THIN
   4722 フューチャー           offer=2451.0 spot=2446.5 gross=0.184 ann=1.6 DATED QUOTABLE
   2371 カカクコム            offer=3450.0 spot=3701.0 gross=-6.782 ann=None TIMING_UNBOUNDED QUOTABLE
   9110 ユナイテド海           offer=10600.0 spot=10410.0 gross=1.825 ann=None TIMING_UNBOUNDED QUOTABLE
   4320 ＣＥＨＤ             offer=None spot=1719.5 gross=None ann=None TIMING_UNPARSED QUOTABLE_SMALL
[anticipatory] scanning cached EDINET annual reports
  universe 1316 listed non-financial issuers -> 320 clear a control gate (A_PARENT_SUB 238, B_SUCCESSION 82)
  size floor ¥3bn: 275 ranked, 45 excluded as too small to own (14 of those had no cached market cap at all)
[anticipatory] top 60
   9311 score=9 ASAGAMI COPORATION           pp=52.53 cm=0.653 pb=0.487
   4222 score=8 KODAMA CHEMICAL INDUSTRY CO. pp=52.07 cm=1.249 pb=0.335
   6428 score=8 OIZUMI Corporation           pp=47.25 cm=1.133 pb=0.379
   4628 score=8 SK KAKEN CO.,LTD.            pp=31.88 cm=0.878 pb=0.686
   6964 score=8 SANKO CO.,LTD.               pp=51.22 cm=0.793 pb=0.38
   7937 score=8 TSUTSUMI JEWELRY CO.,LTD.    pp=51.21 cm=0.785 pb=0.586
   8920 score=8 TOSHO CO., LTD.              pp=43.71 cm=0.7 pb=0.783
   9158 score=8                              pp=63.45 cm=0.641 pb=0.74
   5388 score=8 KUNIMINE INDUSTRIES CO.,LTD  pp=40.31 cm=0.635 pb=0.677
   3423 score=8 SE Corporation               pp=36.3 cm=0.612 pb=0.798
   7238 score=8 AKEBONO BRAKE INDUSTRY CO.,L pp=50.75 cm=0.601 pb=0.596
   7222 score=8 NISSAN SHATAI CO.,LTD.       pp=50.0 cm=0.574 pb=0.708  [HELD]
   9380 score=8 Azuma Shipping Co.,Ltd.      pp=39.38 cm=0.485 pb=0.65
   8291 score=8 NISSAN TOKYO SALES HOLDINGS  pp=38.02 cm=0.479 pb=0.558
   9115 score=7 MEIJI SHIPPING GROUP CO.,LTD pp=8.3 cm=1.843 pb=0.563
[held-overlap] announced targets vs held Japan book: NONE
[held-overlap] anticipatory candidates already held: 7222
[store] /Users/ajay/exalted/signalos/verticals/generators/data/JAPAN_TOB.json
[intake] /Users/ajay/exalted/signalos/desk/data/JAPAN_TOB_INTAKE_20260805.md

/Users/ajay/Library/Python/3.9/lib/python/site-packages/urllib3/__init__.py:35: NotOpenSSLWarning: urllib3 v2 only supports OpenSSL 1.1.1+, currently the 'ssl' module is compiled with 'LibreSSL 2.8.3'. See: https://github.com/urllib3/urllib3/issues/3020
  warnings.warn(
  edinet fingerprint 0/1525
  edinet fingerprint 300/1525
  edinet fingerprint 600/1525
  edinet fingerprint 1200/1525
  edinet fingerprint 1500/1525
/Users/ajay/exalted/signalos/verticals/generators/japan_tob_lane.py:1134: FutureWarning: Calling float on a single element Series is deprecated and will raise a TypeError in the future. Use float(ser.iloc[0]) instead
  return float(h.iloc[-1])

===== 2026-08-06 11:30 (desk) =====
[announced] crawling TDnet, 8d lookback
  tdnet 2026-08-06 :  831 disclosures,  5 lane rows
  tdnet 2026-08-05 :  579 disclosures,  5 lane rows
  tdnet 2026-08-04 :  345 disclosures,  6 lane rows
[announced] 5 new lane events; 121 in store
[announced] 41 deals, 11 live
   4171 グローバルＩ           offer=1680.0 spot=1665.0 gross=0.901 ann=29.9 DATED_STEP2 THIN
   8283 ＰＡＬＴＡＣ           offer=6650.0 spot=6625.0 gross=0.377 ann=19.7 DATED_STEP2 QUOTABLE
   2162 ｎｍｓ　ＨＤ           offer=540.0 spot=536.5 gross=0.652 ann=9.2 DATED_STEP2 THIN
   2997 Ｇ－ストレージ王         offer=1340.0 spot=1335.5 gross=0.337 ann=5.6 DATED QUOTABLE_SMALL
   3276 ＪＰＭＣ             offer=2250.0 spot=2244.5 gross=0.245 ann=1.8 DATED QUOTABLE
   7523 アールビバン           offer=1900.0 spot=1898.0 gross=0.105 ann=1.5 DATED THIN
   4722 フューチャー           offer=2451.0 spot=2447.0 gross=0.163 ann=1.4 DATED QUOTABLE
   2371 カカクコム            offer=3450.0 spot=3707.5 gross=-6.945 ann=None TIMING_UNBOUNDED QUOTABLE
   9110 ユナイテド海           offer=10600.0 spot=10430.0 gross=1.63 ann=None TIMING_UNBOUNDED QUOTABLE
   4320 ＣＥＨＤ             offer=None spot=1647.0 gross=None ann=None TIMING_UNPARSED QUOTABLE_SMALL
   3676 デジハＨＤ            offer=None spot=753.5 gross=None ann=None TIMING_UNPARSED QUOTABLE_SMALL
[anticipatory] scanning cached EDINET annual reports
  universe 1316 listed non-financial issuers -> 320 clear a control gate (A_PARENT_SUB 238, B_SUCCESSION 82)
  size floor ¥3bn: 272 ranked, 48 excluded as too small to own (18 of those had no cached market cap at all)
[anticipatory] top 60
   9311 score=9 ASAGAMI COPORATION           pp=52.53 cm=0.673 pb=0.472
   4222 score=8 KODAMA CHEMICAL INDUSTRY CO. pp=52.07 cm=1.239 pb=0.337
   6428 score=8 OIZUMI Corporation           pp=47.25 cm=1.122 pb=0.382
   7937 score=8 TSUTSUMI JEWELRY CO.,LTD.    pp=51.21 cm=0.807 pb=0.569
   6964 score=8 SANKO CO.,LTD.               pp=51.22 cm=0.805 pb=0.374
   8920 score=8 TOSHO CO., LTD.              pp=43.71 cm=0.789 pb=0.695
   4628 score=8 SK KAKEN CO.,LTD.            pp=31.88 cm=0.766 pb=0.786
   9158 score=8                              pp=63.45 cm=0.725 pb=0.654
   7222 score=8 NISSAN SHATAI CO.,LTD.       pp=50.0 cm=0.586 pb=0.693  [HELD]
   7238 score=8 AKEBONO BRAKE INDUSTRY CO.,L pp=50.75 cm=0.58 pb=0.618
   9380 score=8 Azuma Shipping Co.,Ltd.      pp=39.38 cm=0.485 pb=0.65
   8291 score=8 NISSAN TOKYO SALES HOLDINGS  pp=38.02 cm=0.477 pb=0.56
   9115 score=7 MEIJI SHIPPING GROUP CO.,LTD pp=8.3 cm=1.684 pb=0.616
   7297 score=7 CAR MATE MFG.CO.,LTD         pp=45.94 cm=1.632 pb=0.449
   6615 score=7 UMC Electronics Co.,Ltd.     pp=34.61 cm=1.555 pb=0.399
[held-overlap] announced targets vs held Japan book: NONE
[held-overlap] anticipatory candidates already held: 7222
[store] /Users/ajay/exalted/signalos/verticals/generators/data/JAPAN_TOB.json
[intake] /Users/ajay/exalted/signalos/desk/data/JAPAN_TOB_INTAKE_20260806.md

/Users/ajay/Library/Python/3.9/lib/python/site-packages/urllib3/__init__.py:35: NotOpenSSLWarning: urllib3 v2 only supports OpenSSL 1.1.1+, currently the 'ssl' module is compiled with 'LibreSSL 2.8.3'. See: https://github.com/urllib3/urllib3/issues/3020
  warnings.warn(
  edinet fingerprint 0/1525
  edinet fingerprint 300/1525
  edinet fingerprint 600/1525
  edinet fingerprint 1200/1525
  edinet fingerprint 1500/1525
/Users/ajay/exalted/signalos/verticals/generators/japan_tob_lane.py:1134: FutureWarning: Calling float on a single element Series is deprecated and will raise a TypeError in the future. Use float(ser.iloc[0]) instead
  return float(h.iloc[-1])

===== 2026-08-07 11:30 (desk) =====
[announced] crawling TDnet, 8d lookback
  tdnet 2026-08-07 : 1627 disclosures,  6 lane rows
  tdnet 2026-08-06 :  831 disclosures,  5 lane rows
  tdnet 2026-08-05 :  579 disclosures,  5 lane rows
[announced] 6 new lane events; 127 in store
[announced] 41 deals, 11 live
   4171 グローバルＩ           offer=1680.0 spot=1665.5 gross=0.871 ann=31.8 DATED_STEP2 THIN
   8283 ＰＡＬＴＡＣ           offer=6650.0 spot=6635.0 gross=0.226 ann=13.7 DATED_STEP2 QUOTABLE
   2162 ｎｍｓ　ＨＤ           offer=540.0 spot=536.5 gross=0.652 ann=9.5 DATED_STEP2 THIN
   2997 Ｇ－ストレージ王         offer=1340.0 spot=1335.5 gross=0.337 ann=5.9 DATED QUOTABLE_SMALL
   3276 ＪＰＭＣ             offer=2250.0 spot=2244.5 gross=0.245 ann=1.8 DATED QUOTABLE
   4722 フューチャー           offer=2451.0 spot=2446.5 gross=0.184 ann=1.6 DATED QUOTABLE
   7523 アールビバン           offer=1900.0 spot=1898.5 gross=0.079 ann=1.2 DATED THIN
   2371 カカクコム            offer=3450.0 spot=3725.0 gross=-7.383 ann=None TIMING_UNBOUNDED QUOTABLE
   9110 ユナイテド海           offer=10600.0 spot=10465.0 gross=1.29 ann=None TIMING_UNBOUNDED QUOTABLE
   4320 ＣＥＨＤ             offer=None spot=1651.0 gross=None ann=None TIMING_UNPARSED QUOTABLE_SMALL
   3676 デジハＨＤ            offer=None spot=903.0 gross=None ann=None TIMING_UNPARSED LIMIT_LOCKED
[anticipatory] scanning cached EDINET annual reports
  universe 1316 listed non-financial issuers -> 320 clear a control gate (A_PARENT_SUB 238, B_SUCCESSION 82)
  size floor ¥3bn: 272 ranked, 48 excluded as too small to own (18 of those had no cached market cap at all)
[anticipatory] top 60
   9311 score=9 ASAGAMI COPORATION           pp=52.53 cm=0.673 pb=0.472
   4222 score=8 KODAMA CHEMICAL INDUSTRY CO. pp=52.07 cm=1.239 pb=0.337
   6428 score=8 OIZUMI Corporation           pp=47.25 cm=1.122 pb=0.382
   7937 score=8 TSUTSUMI JEWELRY CO.,LTD.    pp=51.21 cm=0.807 pb=0.569
   6964 score=8 SANKO CO.,LTD.               pp=51.22 cm=0.805 pb=0.374
   8920 score=8 TOSHO CO., LTD.              pp=43.71 cm=0.789 pb=0.695
   4628 score=8 SK KAKEN CO.,LTD.            pp=31.88 cm=0.766 pb=0.786
   9158 score=8                              pp=63.45 cm=0.725 pb=0.654
   7222 score=8 NISSAN SHATAI CO.,LTD.       pp=50.0 cm=0.586 pb=0.693  [HELD]
   7238 score=8 AKEBONO BRAKE INDUSTRY CO.,L pp=50.75 cm=0.58 pb=0.618
   9380 score=8 Azuma Shipping Co.,Ltd.      pp=39.38 cm=0.485 pb=0.65
   8291 score=8 NISSAN TOKYO SALES HOLDINGS  pp=38.02 cm=0.477 pb=0.56
   9115 score=7 MEIJI SHIPPING GROUP CO.,LTD pp=8.3 cm=1.684 pb=0.616
   7297 score=7 CAR MATE MFG.CO.,LTD         pp=45.94 cm=1.632 pb=0.449
   6615 score=7 UMC Electronics Co.,Ltd.     pp=34.61 cm=1.555 pb=0.399
[held-overlap] announced targets vs held Japan book: NONE
[held-overlap] anticipatory candidates already held: 7222
[store] /Users/ajay/exalted/signalos/verticals/generators/data/JAPAN_TOB.json
[intake] /Users/ajay/exalted/signalos/desk/data/JAPAN_TOB_INTAKE_20260807.md

/Users/ajay/Library/Python/3.9/lib/python/site-packages/urllib3/__init__.py:35: NotOpenSSLWarning: urllib3 v2 only supports OpenSSL 1.1.1+, currently the 'ssl' module is compiled with 'LibreSSL 2.8.3'. See: https://github.com/urllib3/urllib3/issues/3020
  warnings.warn(
  edinet fingerprint 0/1525
  edinet fingerprint 300/1525
  edinet fingerprint 600/1525
  edinet fingerprint 1200/1525
  edinet fingerprint 1500/1525
/Users/ajay/exalted/signalos/verticals/generators/japan_tob_lane.py:1134: FutureWarning: Calling float on a single element Series is deprecated and will raise a TypeError in the future. Use float(ser.iloc[0]) instead
  return float(h.iloc[-1])

===== 2026-08-10 00:35 (desk) =====
[announced] crawling TDnet, 8d lookback
  tdnet 2026-08-10 :  673 disclosures,  3 lane rows
[announced] 3 new lane events; 130 in store
[announced] 41 deals, 12 live
   3276 ＪＰＭＣ             offer=2250.0 spot=None gross=None ann=None DATED NO_PRINT
   2371 カカクコム            offer=3450.0 spot=None gross=None ann=None TIMING_UNBOUNDED NO_PRINT
   9110 ユナイテド海           offer=10600.0 spot=None gross=None ann=None TIMING_UNBOUNDED NO_PRINT
   2162 ｎｍｓ　ＨＤ           offer=540.0 spot=None gross=None ann=None DATED_STEP2 NO_PRINT
   4722 フューチャー           offer=2451.0 spot=None gross=None ann=None DATED NO_PRINT
   3480 ジェイ・エス・ビー        offer=None spot=None gross=None ann=None TIMING_UNPARSED NO_PRINT
   8283 ＰＡＬＴＡＣ           offer=6650.0 spot=None gross=None ann=None DATED_STEP2 NO_PRINT
   4171 グローバルＩ           offer=1680.0 spot=None gross=None ann=None DATED_STEP2 NO_PRINT
   7523 アールビバン           offer=1900.0 spot=None gross=None ann=None DATED NO_PRINT
   2997 Ｇ－ストレージ王         offer=1340.0 spot=None gross=None ann=None DATED NO_PRINT
   4320 ＣＥＨＤ             offer=None spot=None gross=None ann=None TIMING_UNPARSED NO_PRINT
   3676 デジハＨＤ            offer=None spot=None gross=None ann=None TIMING_UNPARSED NO_PRINT
[anticipatory] scanning cached EDINET annual reports
  universe 1316 listed non-financial issuers -> 320 clear a control gate (A_PARENT_SUB 238, B_SUCCESSION 82)
  size floor ¥3bn: 272 ranked, 48 excluded as too small to own (18 of those had no cached market cap at all)
[anticipatory] top 60
   9311 score=9 ASAGAMI COPORATION           pp=52.53 cm=0.673 pb=0.472
   4222 score=8 KODAMA CHEMICAL INDUSTRY CO. pp=52.07 cm=1.239 pb=0.337
   6428 score=8 OIZUMI Corporation           pp=47.25 cm=1.122 pb=0.382
   7937 score=8 TSUTSUMI JEWELRY CO.,LTD.    pp=51.21 cm=0.807 pb=0.569
   6964 score=8 SANKO CO.,LTD.               pp=51.22 cm=0.805 pb=0.374
   8920 score=8 TOSHO CO., LTD.              pp=43.71 cm=0.789 pb=0.695
   4628 score=8 SK KAKEN CO.,LTD.            pp=31.88 cm=0.766 pb=0.786
   9158 score=8                              pp=63.45 cm=0.725 pb=0.654
   7222 score=8 NISSAN SHATAI CO.,LTD.       pp=50.0 cm=0.586 pb=0.693  [HELD]
   7238 score=8 AKEBONO BRAKE INDUSTRY CO.,L pp=50.75 cm=0.58 pb=0.618
   9380 score=8 Azuma Shipping Co.,Ltd.      pp=39.38 cm=0.485 pb=0.65
   8291 score=8 NISSAN TOKYO SALES HOLDINGS  pp=38.02 cm=0.477 pb=0.56
   9115 score=7 MEIJI SHIPPING GROUP CO.,LTD pp=8.3 cm=1.684 pb=0.616
   7297 score=7 CAR MATE MFG.CO.,LTD         pp=45.94 cm=1.632 pb=0.449
   6615 score=7 UMC Electronics Co.,Ltd.     pp=34.61 cm=1.555 pb=0.399
[held-overlap] announced targets vs held Japan book: NONE
[held-overlap] anticipatory candidates already held: 7222
[store] /Users/ajay/exalted/signalos/verticals/generators/data/JAPAN_TOB.json
[intake] /Users/ajay/exalted/signalos/desk/data/JAPAN_TOB_INTAKE_20260810.md

/Users/ajay/Library/Python/3.9/lib/python/site-packages/urllib3/__init__.py:35: NotOpenSSLWarning: urllib3 v2 only supports OpenSSL 1.1.1+, currently the 'ssl' module is compiled with 'LibreSSL 2.8.3'. See: https://github.com/urllib3/urllib3/issues/3020
  warnings.warn(

12 Failed downloads:
['3480.T', '4320.T', '4722.T', '2997.T', '8283.T', '3676.T', '4171.T', '3276.T', '2162.T', '9110.T', '2371.T', '7523.T']: YFRateLimitError('Too Many Requests. Rate limited. Try after a while.')
  edinet fingerprint 0/1525
  edinet fingerprint 300/1525
  edinet fingerprint 600/1525
  edinet fingerprint 1200/1525
  edinet fingerprint 1500/1525
/Users/ajay/exalted/signalos/verticals/generators/japan_tob_lane.py:1134: FutureWarning: Calling float on a single element Series is deprecated and will raise a TypeError in the future. Use float(ser.iloc[0]) instead
  return float(h.iloc[-1])

===== 2026-08-11 01:35 (desk) =====
[announced] crawling TDnet, 8d lookback
  tdnet 2026-08-11 :    1 disclosures,  0 lane rows
  tdnet 2026-08-10 :  752 disclosures,  3 lane rows
[announced] 0 new lane events; 130 in store
[announced] 41 deals, 12 live
   8283 ＰＡＬＴＡＣ           offer=6650.0 spot=6630.0 gross=0.302 ann=55.1 DATED_STEP2 QUOTABLE
   4171 グローバルＩ           offer=1680.0 spot=1665.0 gross=0.901 ann=54.8 DATED_STEP2 THIN
   2162 ｎｍｓ　ＨＤ           offer=540.0 spot=536.0 gross=0.746 ann=13.0 DATED_STEP2 THIN
   2997 Ｇ－ストレージ王         offer=1340.0 spot=1337.0 gross=0.224 ann=4.8 DATED QUOTABLE_SMALL
   4722 フューチャー           offer=2451.0 spot=2444.0 gross=0.286 ann=2.8 DATED QUOTABLE
   3276 ＪＰＭＣ             offer=2250.0 spot=2244.0 gross=0.267 ann=2.2 DATED QUOTABLE
   7523 アールビバン           offer=1900.0 spot=1898.0 gross=0.105 ann=1.8 DATED THIN
   2371 カカクコム            offer=3450.0 spot=3720.0 gross=-7.258 ann=None TIMING_UNBOUNDED QUOTABLE
   9110 ユナイテド海           offer=10600.0 spot=10450.0 gross=1.435 ann=None TIMING_UNBOUNDED QUOTABLE
   3480 ジェイ・エス・ビー        offer=None spot=8950.0 gross=None ann=None TIMING_UNPARSED QUOTABLE
   4320 ＣＥＨＤ             offer=None spot=1650.0 gross=None ann=None TIMING_UNPARSED QUOTABLE_SMALL
   3676 デジハＨＤ            offer=None spot=1053.0 gross=None ann=None TIMING_UNPARSED LIMIT_LOCKED
[anticipatory] scanning cached EDINET annual reports
  universe 1316 listed non-financial issuers -> 320 clear a control gate (A_PARENT_SUB 238, B_SUCCESSION 82)
  size floor ¥3bn: 272 ranked, 48 excluded as too small to own (18 of those had no cached market cap at all)
[anticipatory] top 60
   9311 score=9 ASAGAMI COPORATION           pp=52.53 cm=0.673 pb=0.472
   4222 score=8 KODAMA CHEMICAL INDUSTRY CO. pp=52.07 cm=1.239 pb=0.337
   6428 score=8 OIZUMI Corporation           pp=47.25 cm=1.122 pb=0.382
   7937 score=8 TSUTSUMI JEWELRY CO.,LTD.    pp=51.21 cm=0.807 pb=0.569
   6964 score=8 SANKO CO.,LTD.               pp=51.22 cm=0.805 pb=0.374
   8920 score=8 TOSHO CO., LTD.              pp=43.71 cm=0.789 pb=0.695
   4628 score=8 SK KAKEN CO.,LTD.            pp=31.88 cm=0.766 pb=0.786
   9158 score=8                              pp=63.45 cm=0.725 pb=0.654
   7222 score=8 NISSAN SHATAI CO.,LTD.       pp=50.0 cm=0.586 pb=0.693  [HELD]
   7238 score=8 AKEBONO BRAKE INDUSTRY CO.,L pp=50.75 cm=0.58 pb=0.618
   9380 score=8 Azuma Shipping Co.,Ltd.      pp=39.38 cm=0.485 pb=0.65
   8291 score=8 NISSAN TOKYO SALES HOLDINGS  pp=38.02 cm=0.477 pb=0.56
   9115 score=7 MEIJI SHIPPING GROUP CO.,LTD pp=8.3 cm=1.684 pb=0.616
   7297 score=7 CAR MATE MFG.CO.,LTD         pp=45.94 cm=1.632 pb=0.449
   6615 score=7 UMC Electronics Co.,Ltd.     pp=34.61 cm=1.555 pb=0.399
[held-overlap] announced targets vs held Japan book: NONE
[held-overlap] anticipatory candidates already held: 7222
[store] /Users/ajay/exalted/signalos/verticals/generators/data/JAPAN_TOB.json
[intake] /Users/ajay/exalted/signalos/desk/data/JAPAN_TOB_INTAKE_20260811.md

/Users/ajay/Library/Python/3.9/lib/python/site-packages/urllib3/__init__.py:35: NotOpenSSLWarning: urllib3 v2 only supports OpenSSL 1.1.1+, currently the 'ssl' module is compiled with 'LibreSSL 2.8.3'. See: https://github.com/urllib3/urllib3/issues/3020
  warnings.warn(
  edinet fingerprint 0/1525
  edinet fingerprint 300/1525
  edinet fingerprint 600/1525
  edinet fingerprint 1200/1525
  edinet fingerprint 1500/1525
/Users/ajay/exalted/signalos/verticals/generators/japan_tob_lane.py:1134: FutureWarning: Calling float on a single element Series is deprecated and will raise a TypeError in the future. Use float(ser.iloc[0]) instead
  return float(h.iloc[-1])

===== 2026-08-12 07:39 (desk) =====
[announced] crawling TDnet, 8d lookback
  tdnet 2026-08-12 :  527 disclosures,  1 lane rows
  tdnet 2026-08-11 :    2 disclosures,  0 lane rows
  tdnet 2026-08-10 :  752 disclosures,  3 lane rows
[announced] 1 new lane events; 131 in store
[announced] 41 deals, 12 live
   8283 ＰＡＬＴＡＣ           offer=6650.0 spot=6630.0 gross=0.302 ann=110.2 DATED_STEP2 STALE
   4171 グローバルＩ           offer=1680.0 spot=1665.0 gross=0.901 ann=65.8 DATED_STEP2 THIN
   2162 ｎｍｓ　ＨＤ           offer=540.0 spot=536.0 gross=0.746 ann=13.6 DATED_STEP2 THIN
   2997 Ｇ－ストレージ王         offer=1340.0 spot=1336.0 gross=0.299 ann=6.8 DATED QUOTABLE_SMALL
   4722 フューチャー           offer=2451.0 spot=2445.0 gross=0.245 ann=2.5 DATED QUOTABLE
   3276 ＪＰＭＣ             offer=2250.0 spot=2244.0 gross=0.267 ann=2.2 DATED QUOTABLE
   7523 アールビバン           offer=1900.0 spot=1898.0 gross=0.105 ann=1.9 DATED THIN
   2371 カカクコム            offer=3450.0 spot=3720.0 gross=-7.258 ann=None TIMING_UNBOUNDED QUOTABLE
   9110 ユナイテド海           offer=10600.0 spot=10430.0 gross=1.63 ann=None TIMING_UNBOUNDED QUOTABLE
   3480 ジェイ・エス・ビー        offer=None spot=8970.0 gross=None ann=None TIMING_UNPARSED QUOTABLE
   4320 ＣＥＨＤ             offer=None spot=1648.0 gross=None ann=None TIMING_UNPARSED QUOTABLE_SMALL
   3676 デジハＨＤ            offer=None spot=1057.0 gross=None ann=None TIMING_UNPARSED QUOTABLE
[anticipatory] scanning cached EDINET annual reports
  universe 1316 listed non-financial issuers -> 320 clear a control gate (A_PARENT_SUB 238, B_SUCCESSION 82)
  size floor ¥3bn: 272 ranked, 48 excluded as too small to own (18 of those had no cached market cap at all)
[anticipatory] top 60
   9311 score=9 ASAGAMI COPORATION           pp=52.53 cm=0.673 pb=0.472
   4222 score=8 KODAMA CHEMICAL INDUSTRY CO. pp=52.07 cm=1.239 pb=0.337
   6428 score=8 OIZUMI Corporation           pp=47.25 cm=1.122 pb=0.382
   7937 score=8 TSUTSUMI JEWELRY CO.,LTD.    pp=51.21 cm=0.807 pb=0.569
   6964 score=8 SANKO CO.,LTD.               pp=51.22 cm=0.805 pb=0.374
   8920 score=8 TOSHO CO., LTD.              pp=43.71 cm=0.789 pb=0.695
   4628 score=8 SK KAKEN CO.,LTD.            pp=31.88 cm=0.766 pb=0.786
   9158 score=8                              pp=63.45 cm=0.725 pb=0.654
   7222 score=8 NISSAN SHATAI CO.,LTD.       pp=50.0 cm=0.586 pb=0.693  [HELD]
   7238 score=8 AKEBONO BRAKE INDUSTRY CO.,L pp=50.75 cm=0.58 pb=0.618
   9380 score=8 Azuma Shipping Co.,Ltd.      pp=39.38 cm=0.485 pb=0.65
   8291 score=8 NISSAN TOKYO SALES HOLDINGS  pp=38.02 cm=0.477 pb=0.56
   9115 score=7 MEIJI SHIPPING GROUP CO.,LTD pp=8.3 cm=1.684 pb=0.616
   7297 score=7 CAR MATE MFG.CO.,LTD         pp=45.94 cm=1.632 pb=0.449
   6615 score=7 UMC Electronics Co.,Ltd.     pp=34.61 cm=1.555 pb=0.399
[held-overlap] announced targets vs held Japan book: NONE
[held-overlap] anticipatory candidates already held: 7222
[store] /Users/ajay/exalted/signalos/verticals/generators/data/JAPAN_TOB.json
[intake] /Users/ajay/exalted/signalos/desk/data/JAPAN_TOB_INTAKE_20260812.md

/Users/ajay/Library/Python/3.9/lib/python/site-packages/urllib3/__init__.py:35: NotOpenSSLWarning: urllib3 v2 only supports OpenSSL 1.1.1+, currently the 'ssl' module is compiled with 'LibreSSL 2.8.3'. See: https://github.com/urllib3/urllib3/issues/3020
  warnings.warn(
  edinet fingerprint 0/1525
  edinet fingerprint 300/1525
  edinet fingerprint 600/1525
  edinet fingerprint 1200/1525
  edinet fingerprint 1500/1525
/Users/ajay/exalted/signalos/verticals/generators/japan_tob_lane.py:1134: FutureWarning: Calling float on a single element Series is deprecated and will raise a TypeError in the future. Use float(ser.iloc[0]) instead
  return float(h.iloc[-1])

===== 2026-08-13 08:47 (desk) =====
[announced] crawling TDnet, 8d lookback
  tdnet 2026-08-13 :  624 disclosures,  4 lane rows
  tdnet 2026-08-12 :  527 disclosures,  1 lane rows
  tdnet 2026-08-11 :    2 disclosures,  0 lane rows
[announced] 4 new lane events; 135 in store
[announced] 42 deals, 13 live
   3276 ＪＰＭＣ             offer=2250.0 spot=None gross=None ann=None DATED NO_PRINT
   2371 カカクコム            offer=3450.0 spot=None gross=None ann=None TIMING_UNBOUNDED NO_PRINT
   9110 ユナイテド海           offer=10600.0 spot=None gross=None ann=None TIMING_UNBOUNDED NO_PRINT
   2162 ｎｍｓ　ＨＤ           offer=540.0 spot=None gross=None ann=None DATED_STEP2 NO_PRINT
   4722 フューチャー           offer=2451.0 spot=None gross=None ann=None DATED NO_PRINT
   3480 ジェイ・エス・ビー        offer=None spot=None gross=None ann=None TIMING_UNPARSED NO_PRINT
   8283 ＰＡＬＴＡＣ           offer=6650.0 spot=None gross=None ann=None PAST_STEP2 NO_PRINT
   4171 グローバルＩ           offer=1680.0 spot=None gross=None ann=None DATED_STEP2 NO_PRINT
   7523 アールビバン           offer=1900.0 spot=None gross=None ann=None DATED NO_PRINT
   2997 Ｇ－ストレージ王         offer=1340.0 spot=None gross=None ann=None DATED NO_PRINT
   4320 ＣＥＨＤ             offer=None spot=None gross=None ann=None TIMING_UNPARSED NO_PRINT
   3676 デジハＨＤ            offer=None spot=None gross=None ann=None TIMING_UNPARSED NO_PRINT
   7462 ＣＡＰＩＴＡ           offer=None spot=None gross=None ann=None TIMING_UNPARSED NO_PRINT
[anticipatory] scanning cached EDINET annual reports
  universe 1316 listed non-financial issuers -> 321 clear a control gate (A_PARENT_SUB 238, B_SUCCESSION 83)
  size floor ¥3bn: 273 ranked, 48 excluded as too small to own (18 of those had no cached market cap at all)
[anticipatory] top 60
   9311 score=9 ASAGAMI COPORATION           pp=52.53 cm=0.673 pb=0.472
   4222 score=8 KODAMA CHEMICAL INDUSTRY CO. pp=52.07 cm=1.239 pb=0.337
   6428 score=8 OIZUMI Corporation           pp=47.25 cm=1.122 pb=0.382
   7937 score=8 TSUTSUMI JEWELRY CO.,LTD.    pp=51.21 cm=0.807 pb=0.569
   6964 score=8 SANKO CO.,LTD.               pp=51.22 cm=0.805 pb=0.374
   8920 score=8 TOSHO CO., LTD.              pp=43.71 cm=0.789 pb=0.695
   4628 score=8 SK KAKEN CO.,LTD.            pp=31.88 cm=0.766 pb=0.786
   9158 score=8                              pp=63.45 cm=0.725 pb=0.654
   7222 score=8 NISSAN SHATAI CO.,LTD.       pp=50.0 cm=0.586 pb=0.693  [HELD]
   7238 score=8 AKEBONO BRAKE INDUSTRY CO.,L pp=50.75 cm=0.58 pb=0.618
   9380 score=8 Azuma Shipping Co.,Ltd.      pp=39.38 cm=0.485 pb=0.65
   8291 score=8 NISSAN TOKYO SALES HOLDINGS  pp=38.02 cm=0.477 pb=0.56
   9115 score=7 MEIJI SHIPPING GROUP CO.,LTD pp=8.3 cm=1.684 pb=0.616
   7297 score=7 CAR MATE MFG.CO.,LTD         pp=45.94 cm=1.632 pb=0.449
   6615 score=7 UMC Electronics Co.,Ltd.     pp=34.61 cm=1.555 pb=0.399
[held-overlap] announced targets vs held Japan book: NONE
[held-overlap] anticipatory candidates already held: 7222
[store] /Users/ajay/exalted/signalos/verticals/generators/data/JAPAN_TOB.json
[intake] /Users/ajay/exalted/signalos/desk/data/JAPAN_TOB_INTAKE_20260813.md

/Users/ajay/Library/Python/3.9/lib/python/site-packages/urllib3/__init__.py:35: NotOpenSSLWarning: urllib3 v2 only supports OpenSSL 1.1.1+, currently the 'ssl' module is compiled with 'LibreSSL 2.8.3'. See: https://github.com/urllib3/urllib3/issues/3020
  warnings.warn(

13 Failed downloads:
['2371.T', '4722.T', '8283.T', '3276.T', '7462.T', '3676.T', '4171.T', '4320.T', '9110.T', '2997.T', '3480.T', '7523.T', '2162.T']: YFRateLimitError('Too Many Requests. Rate limited. Try after a while.')
  edinet fingerprint 0/1525
  edinet fingerprint 300/1525
  edinet fingerprint 600/1525
  edinet fingerprint 1200/1525
  edinet fingerprint 1500/1525
/Users/ajay/exalted/signalos/verticals/generators/japan_tob_lane.py:1134: FutureWarning: Calling float on a single element Series is deprecated and will raise a TypeError in the future. Use float(ser.iloc[0]) instead
  return float(h.iloc[-1])

===== 2026-08-14 09:40 (desk) =====
[announced] crawling TDnet, 8d lookback
  tdnet 2026-08-14 : 1072 disclosures,  4 lane rows
  tdnet 2026-08-13 :  624 disclosures,  4 lane rows
  tdnet 2026-08-12 :  527 disclosures,  1 lane rows
[announced] 4 new lane events; 139 in store
[announced] 42 deals, 13 live
   4171 グローバルＩ           offer=1680.0 spot=1665.0 gross=0.901 ann=109.6 DATED_STEP2 THIN
   2162 ｎｍｓ　ＨＤ           offer=540.0 spot=536.0 gross=0.746 ann=15.1 DATED_STEP2 THIN
   2997 Ｇ－ストレージ王         offer=1340.0 spot=1335.5 gross=0.337 ann=8.8 DATED QUOTABLE_SMALL
   4722 フューチャー           offer=2451.0 spot=2445.0 gross=0.245 ann=2.6 DATED QUOTABLE
   3276 ＪＰＭＣ             offer=2250.0 spot=2244.5 gross=0.245 ann=2.1 DATED QUOTABLE
   7523 アールビバン           offer=1900.0 spot=1898.0 gross=0.105 ann=2.1 DATED THIN
   2371 カカクコム            offer=3450.0 spot=3727.0 gross=-7.432 ann=None TIMING_UNBOUNDED QUOTABLE
   9110 ユナイテド海           offer=10600.0 spot=10445.0 gross=1.484 ann=None TIMING_UNBOUNDED QUOTABLE
   3480 ジェイ・エス・ビー        offer=None spot=8900.0 gross=None ann=None TIMING_UNPARSED QUOTABLE
   8283 ＰＡＬＴＡＣ           offer=6650.0 spot=6630.0 gross=0.302 ann=None PAST_STEP2 STALE
   4320 ＣＥＨＤ             offer=None spot=1649.0 gross=None ann=None TIMING_UNPARSED QUOTABLE_SMALL
   3676 デジハＨＤ            offer=None spot=1058.0 gross=None ann=None TIMING_UNPARSED QUOTABLE
   7462 ＣＡＰＩＴＡ           offer=None spot=394.0 gross=None ann=None TIMING_UNPARSED THIN
[anticipatory] scanning cached EDINET annual reports
  universe 1316 listed non-financial issuers -> 321 clear a control gate (A_PARENT_SUB 238, B_SUCCESSION 83)
  size floor ¥3bn: 273 ranked, 48 excluded as too small to own (18 of those had no cached market cap at all)
[anticipatory] top 60
   9311 score=9 ASAGAMI COPORATION           pp=52.53 cm=0.673 pb=0.472
   4222 score=8 KODAMA CHEMICAL INDUSTRY CO. pp=52.07 cm=1.239 pb=0.337
   6428 score=8 OIZUMI Corporation           pp=47.25 cm=1.122 pb=0.382
   7937 score=8 TSUTSUMI JEWELRY CO.,LTD.    pp=51.21 cm=0.807 pb=0.569
   6964 score=8 SANKO CO.,LTD.               pp=51.22 cm=0.805 pb=0.374
   8920 score=8 TOSHO CO., LTD.              pp=43.71 cm=0.789 pb=0.695
   4628 score=8 SK KAKEN CO.,LTD.            pp=31.88 cm=0.766 pb=0.786
   9158 score=8                              pp=63.45 cm=0.725 pb=0.654
   7222 score=8 NISSAN SHATAI CO.,LTD.       pp=50.0 cm=0.586 pb=0.693  [HELD]
   7238 score=8 AKEBONO BRAKE INDUSTRY CO.,L pp=50.75 cm=0.58 pb=0.618
   9380 score=8 Azuma Shipping Co.,Ltd.      pp=39.38 cm=0.485 pb=0.65
   8291 score=8 NISSAN TOKYO SALES HOLDINGS  pp=38.02 cm=0.477 pb=0.56
   9115 score=7 MEIJI SHIPPING GROUP CO.,LTD pp=8.3 cm=1.684 pb=0.616
   7297 score=7 CAR MATE MFG.CO.,LTD         pp=45.94 cm=1.632 pb=0.449
   6615 score=7 UMC Electronics Co.,Ltd.     pp=34.61 cm=1.555 pb=0.399
[held-overlap] announced targets vs held Japan book: NONE
[held-overlap] anticipatory candidates already held: 7222
[store] /Users/ajay/exalted/signalos/verticals/generators/data/JAPAN_TOB.json
[intake] /Users/ajay/exalted/signalos/desk/data/JAPAN_TOB_INTAKE_20260814.md

/Users/ajay/Library/Python/3.9/lib/python/site-packages/urllib3/__init__.py:35: NotOpenSSLWarning: urllib3 v2 only supports OpenSSL 1.1.1+, currently the 'ssl' module is compiled with 'LibreSSL 2.8.3'. See: https://github.com/urllib3/urllib3/issues/3020
  warnings.warn(
  edinet fingerprint 0/1525
  edinet fingerprint 300/1525
  edinet fingerprint 600/1525
  edinet fingerprint 1200/1525
  edinet fingerprint 1500/1525
/Users/ajay/exalted/signalos/verticals/generators/japan_tob_lane.py:1134: FutureWarning: Calling float on a single element Series is deprecated and will raise a TypeError in the future. Use float(ser.iloc[0]) instead
  return float(h.iloc[-1])

===== 2026-08-17 08:43 (desk) =====
[announced] crawling TDnet, 8d lookback
  tdnet 2026-08-17 :  163 disclosures,  1 lane rows
[announced] 1 new lane events; 140 in store
[announced] 43 deals, 13 live
   2162 ｎｍｓ　ＨＤ           offer=540.0 spot=536.5 gross=0.652 ann=15.9 DATED_STEP2 THIN
   2997 Ｇ－ストレージ王         offer=1340.0 spot=1335.0 gross=0.375 ann=12.4 DATED QUOTABLE_SMALL
   4722 フューチャー           offer=2451.0 spot=2445.0 gross=0.245 ann=2.9 DATED QUOTABLE
   3276 ＪＰＭＣ             offer=2250.0 spot=2244.5 gross=0.245 ann=2.3 DATED QUOTABLE
   7523 アールビバン           offer=1900.0 spot=1898.5 gross=0.079 ann=1.9 DATED THIN
   2371 カカクコム            offer=3450.0 spot=3709.5 gross=-6.996 ann=None TIMING_UNBOUNDED QUOTABLE
   9110 ユナイテド海           offer=10600.0 spot=10445.0 gross=1.484 ann=None TIMING_UNBOUNDED QUOTABLE
   3480 ジェイ・エス・ビー        offer=None spot=8930.0 gross=None ann=None TIMING_UNPARSED QUOTABLE
   8283 ＰＡＬＴＡＣ           offer=6650.0 spot=6630.0 gross=0.302 ann=None PAST_STEP2 STALE
   4171 グローバルＩ           offer=1680.0 spot=1665.0 gross=0.901 ann=None PAST_STEP2 STALE
   4320 ＣＥＨＤ             offer=None spot=1658.0 gross=None ann=None TIMING_UNPARSED QUOTABLE_SMALL
   3676 デジハＨＤ            offer=None spot=1058.0 gross=None ann=None TIMING_UNPARSED QUOTABLE
   7462 ＣＡＰＩＴＡ           offer=None spot=378.0 gross=None ann=None TIMING_UNPARSED THIN
[anticipatory] scanning cached EDINET annual reports
  universe 1316 listed non-financial issuers -> 321 clear a control gate (A_PARENT_SUB 238, B_SUCCESSION 83)
  size floor ¥3bn: 273 ranked, 48 excluded as too small to own (18 of those had no cached market cap at all)
[anticipatory] top 60
   9311 score=9 ASAGAMI COPORATION           pp=52.53 cm=0.673 pb=0.472
   4222 score=8 KODAMA CHEMICAL INDUSTRY CO. pp=52.07 cm=1.239 pb=0.337
   6428 score=8 OIZUMI Corporation           pp=47.25 cm=1.122 pb=0.382
   7937 score=8 TSUTSUMI JEWELRY CO.,LTD.    pp=51.21 cm=0.807 pb=0.569
   6964 score=8 SANKO CO.,LTD.               pp=51.22 cm=0.805 pb=0.374
   8920 score=8 TOSHO CO., LTD.              pp=43.71 cm=0.789 pb=0.695
   4628 score=8 SK KAKEN CO.,LTD.            pp=31.88 cm=0.766 pb=0.786
   9158 score=8                              pp=63.45 cm=0.725 pb=0.654
   7222 score=8 NISSAN SHATAI CO.,LTD.       pp=50.0 cm=0.586 pb=0.693  [HELD]
   7238 score=8 AKEBONO BRAKE INDUSTRY CO.,L pp=50.75 cm=0.58 pb=0.618
   9380 score=8 Azuma Shipping Co.,Ltd.      pp=39.38 cm=0.485 pb=0.65
   8291 score=8 NISSAN TOKYO SALES HOLDINGS  pp=38.02 cm=0.477 pb=0.56
   9115 score=7 MEIJI SHIPPING GROUP CO.,LTD pp=8.3 cm=1.684 pb=0.616
   7297 score=7 CAR MATE MFG.CO.,LTD         pp=45.94 cm=1.632 pb=0.449
   6615 score=7 UMC Electronics Co.,Ltd.     pp=34.61 cm=1.555 pb=0.399
[held-overlap] announced targets vs held Japan book: NONE
[held-overlap] anticipatory candidates already held: 7222
[store] /Users/ajay/exalted/signalos/verticals/generators/data/JAPAN_TOB.json
[intake] /Users/ajay/exalted/signalos/desk/data/JAPAN_TOB_INTAKE_20260817.md

/Users/ajay/Library/Python/3.9/lib/python/site-packages/urllib3/__init__.py:35: NotOpenSSLWarning: urllib3 v2 only supports OpenSSL 1.1.1+, currently the 'ssl' module is compiled with 'LibreSSL 2.8.3'. See: https://github.com/urllib3/urllib3/issues/3020
  warnings.warn(
  edinet fingerprint 0/1525
  edinet fingerprint 300/1525
  edinet fingerprint 600/1525
  edinet fingerprint 1200/1525
  edinet fingerprint 1500/1525
/Users/ajay/exalted/signalos/verticals/generators/japan_tob_lane.py:1134: FutureWarning: Calling float on a single element Series is deprecated and will raise a TypeError in the future. Use float(ser.iloc[0]) instead
  return float(h.iloc[-1])

===== 2026-09-11 00:54 (desk) =====
[announced] crawling TDnet, 8d lookback
  tdnet 2026-09-11 :  313 disclosures,  8 lane rows
  tdnet 2026-09-10 :  240 disclosures,  6 lane rows
  tdnet 2026-09-09 :  127 disclosures,  3 lane rows
  tdnet 2026-09-08 :  132 disclosures,  4 lane rows
  tdnet 2026-09-07 :  155 disclosures,  4 lane rows
  tdnet 2026-09-04 :  170 disclosures,  2 lane rows
[announced] 27 new lane events; 167 in store
[announced] 48 deals, 14 live
   3276 ＪＰＭＣ             offer=2250.0 spot=2248.0 gross=0.089 ann=2.3 DATED QUOTABLE
   2371 カカクコム            offer=3450.0 spot=3796.0 gross=-9.115 ann=None TIMING_UNBOUNDED QUOTABLE
   9110 ユナイテド海           offer=10600.0 spot=10480.0 gross=1.145 ann=None TIMING_UNBOUNDED QUOTABLE
   2162 ｎｍｓ　ＨＤ           offer=540.0 spot=538.0 gross=0.372 ann=None PAST_STEP2 STALE
   3480 ジェイ・エス・ビー        offer=None spot=8940.0 gross=None ann=None TIMING_UNPARSED STALE
   8283 ＰＡＬＴＡＣ           offer=6650.0 spot=None gross=None ann=None PAST_STEP2 NO_PRINT
   4171 グローバルＩ           offer=1680.0 spot=1665.0 gross=0.901 ann=None PAST_STEP2 STALE
   7523 アールビバン           offer=1900.0 spot=1875.0 gross=1.333 ann=None EXPIRED_NO_RESULT THIN
   2997 Ｇ－ストレージ王         offer=1340.0 spot=1323.0 gross=1.285 ann=None EXPIRED_NO_RESULT THIN
   4320 ＣＥＨＤ             offer=None spot=1646.0 gross=None ann=None TIMING_UNPARSED QUOTABLE
   3676 デジハＨＤ            offer=None spot=1058.0 gross=None ann=None TIMING_UNPARSED QUOTABLE
   3989 Ｇ－シェアリングＴ        offer=None spot=1544.0 gross=None ann=None TIMING_UNPARSED QUOTABLE
   7475 アルビス             offer=None spot=3775.0 gross=None ann=None TIMING_UNPARSED QUOTABLE_SMALL
   4477 ＳＢＩ              offer=None spot=336.0 gross=None ann=None TIMING_UNPARSED QUOTABLE
[anticipatory] scanning cached EDINET annual reports
  universe 1316 listed non-financial issuers -> 321 clear a control gate (A_PARENT_SUB 238, B_SUCCESSION 83)
  size floor ¥3bn: 273 ranked, 48 excluded as too small to own (18 of those had no cached market cap at all)
[anticipatory] top 60
   9311 score=9 ASAGAMI COPORATION           pp=52.53 cm=0.673 pb=0.472
   4222 score=8 KODAMA CHEMICAL INDUSTRY CO. pp=52.07 cm=1.239 pb=0.337
   6428 score=8 OIZUMI Corporation           pp=47.25 cm=1.122 pb=0.382
   7937 score=8 TSUTSUMI JEWELRY CO.,LTD.    pp=51.21 cm=0.807 pb=0.569
   6964 score=8 SANKO CO.,LTD.               pp=51.22 cm=0.805 pb=0.374
   8920 score=8 TOSHO CO., LTD.              pp=43.71 cm=0.789 pb=0.695
   4628 score=8 SK KAKEN CO.,LTD.            pp=31.88 cm=0.766 pb=0.786
   9158 score=8                              pp=63.45 cm=0.725 pb=0.654
   7222 score=8 NISSAN SHATAI CO.,LTD.       pp=50.0 cm=0.586 pb=0.693  [HELD]
   7238 score=8 AKEBONO BRAKE INDUSTRY CO.,L pp=50.75 cm=0.58 pb=0.618
   9380 score=8 Azuma Shipping Co.,Ltd.      pp=39.38 cm=0.485 pb=0.65
   8291 score=8 NISSAN TOKYO SALES HOLDINGS  pp=38.02 cm=0.477 pb=0.56
   9115 score=7 MEIJI SHIPPING GROUP CO.,LTD pp=8.3 cm=1.684 pb=0.616
   7297 score=7 CAR MATE MFG.CO.,LTD         pp=45.94 cm=1.632 pb=0.449
   6615 score=7 UMC Electronics Co.,Ltd.     pp=34.61 cm=1.555 pb=0.399
[held-overlap] announced targets vs held Japan book: NONE
[held-overlap] anticipatory candidates already held: 7222
[store] /Users/ajay/exalted/signalos/verticals/generators/data/JAPAN_TOB.json
[intake] /Users/ajay/exalted/signalos/desk/data/JAPAN_TOB_INTAKE_20260911.md

/Users/ajay/Library/Python/3.9/lib/python/site-packages/urllib3/__init__.py:35: NotOpenSSLWarning: urllib3 v2 only supports OpenSSL 1.1.1+, currently the 'ssl' module is compiled with 'LibreSSL 2.8.3'. See: https://github.com/urllib3/urllib3/issues/3020
  warnings.warn(
$8283.T: possibly delisted; no price data found  (period=1mo)

1 Failed download:
['8283.T']: possibly delisted; no price data found  (period=1mo)
  edinet fingerprint 0/1525
  edinet fingerprint 300/1525
  edinet fingerprint 600/1525
  edinet fingerprint 1200/1525
  edinet fingerprint 1500/1525
/Users/ajay/exalted/signalos/verticals/generators/japan_tob_lane.py:1134: FutureWarning: Calling float on a single element Series is deprecated and will raise a TypeError in the future. Use float(ser.iloc[0]) instead
  return float(h.iloc[-1])
