
===== 2026-07-13 00:33 (desk) =====
=== KALSHI DIVERGENCE  2026-07-13  (11 series, 0 price-div, 7 KPI-nowcasts) ===
  KPI PRINT-NOWCASTS (crowd-implied median per metric, native Kalshi units):
    CMG    print 2026-08-21
        total restaurant count in Q2 202   median ~4155.56  (9 strikes)
        comparable restaurant sales incr   median ~1.77  (7 strikes)
    URBN   print 2026-09-25
        total urbn stores in Q2 2027?      median ~810.2  (7 strikes)
    SCHW   print 2026-11-18
        million Active Brokerage Account   median ~39746376.81  (8 strikes)
    CCL    print 2027-01-26
        million available lower berth da   median ~24915068.49  (7 strikes)
    AMZN   print 2028-03-31
        Employees (full-time and part-ti   median ~1570138.89  (5 strikes)
    MO     print 2028-03-31
        billion domestic cigarette shipm   median ~58187500000.0  (14 strikes)
    COIN   print 2026-11-27
        level                              median ~176666666666.67  (15 strikes)
        million monthly transacting user   median ~7911764.71  (7 strikes)
  (no open markets: ['KXINXE', 'KXLULUA', 'KXFDAAPPROVALDATELLY'])
[-> KALSHI_DIVERGENCE.json]

/Users/ajay/Library/Python/3.9/lib/python/site-packages/urllib3/__init__.py:35: NotOpenSSLWarning: urllib3 v2 only supports OpenSSL 1.1.1+, currently the 'ssl' module is compiled with 'LibreSSL 2.8.3'. See: https://github.com/urllib3/urllib3/issues/3020
  warnings.warn(

===== 2026-07-14 01:31 (desk) =====
=== KALSHI DIVERGENCE  2026-07-14  (11 series, 0 price-div, 8 KPI-nowcasts) ===
  KPI PRINT-NOWCASTS (crowd-implied median per metric, native Kalshi units):
    CMG    print 2026-08-21
        total restaurant count in Q2 202   median ~4157.14  (9 strikes)
        comparable restaurant sales incr   median ~1.77  (7 strikes)
    URBN   print 2026-09-25
        total urbn stores in Q2 2027?      median ~810.2  (7 strikes)
    LULU   print 2027-05-30  ⚡feeds market_p for ['2026-12-15', '2026-08-28']
        americas comparable sales growth   median ~-2.8  (11 strikes)
    SCHW   print 2026-11-18
        million Active Brokerage Account   median ~39749333.33  (8 strikes)
    CCL    print 2027-01-26
        million available lower berth da   median ~24915068.49  (7 strikes)
    AMZN   print 2028-03-31  ⚡feeds market_p for ['2026-07-30']
        Employees (full-time and part-ti   median ~1570138.89  (5 strikes)
    MO     print 2028-03-31
        billion domestic cigarette shipm   median ~58187500000.0  (14 strikes)
    COIN   print 2026-11-27
        level                              median ~176212121212.12  (16 strikes)
        million monthly transacting user   median ~7906250.0  (7 strikes)
  (no open markets: ['KXINXE', 'KXFDAAPPROVALDATELLY'])
[-> KALSHI_DIVERGENCE.json]

/Users/ajay/Library/Python/3.9/lib/python/site-packages/urllib3/__init__.py:35: NotOpenSSLWarning: urllib3 v2 only supports OpenSSL 1.1.1+, currently the 'ssl' module is compiled with 'LibreSSL 2.8.3'. See: https://github.com/urllib3/urllib3/issues/3020
  warnings.warn(

===== 2026-07-15 02:37 (desk) =====
=== KALSHI DIVERGENCE  2026-07-15  (11 series, 0 price-div, 8 KPI-nowcasts) ===
  KPI PRINT-NOWCASTS (crowd-implied median per metric, native Kalshi units):
    CMG    print 2026-08-21
        total restaurant count in Q2 202   median ~4156.94  (9 strikes)
        comparable restaurant sales incr   median ~1.77  (7 strikes)
    URBN   print 2026-09-25
        total urbn stores in Q2 2027?      median ~810.2  (7 strikes)
    LULU   print 2027-05-30  ⚡feeds market_p for ['2026-12-15', '2026-08-28']
        americas comparable sales growth   median n/a (no 0.5 crossing)  (11 strikes)
    SCHW   print 2026-11-18
        million Active Brokerage Account   median ~39749315.07  (8 strikes)
    CCL    print 2027-01-26
        million available lower berth da   median ~24916666.67  (7 strikes)
    AMZN   print 2028-03-31  ⚡feeds market_p for ['2026-07-30']
        Employees (full-time and part-ti   median ~1570138.89  (5 strikes)
    MO     print 2028-03-31
        billion domestic cigarette shipm   median ~58187500000.0  (14 strikes)
    COIN   print 2026-11-27
        level                              median ~164500000000.0  (16 strikes)
        million monthly transacting user   median ~7906250.0  (7 strikes)
  (no open markets: ['KXINXE', 'KXFDAAPPROVALDATELLY'])
[-> KALSHI_DIVERGENCE.json]

/Users/ajay/Library/Python/3.9/lib/python/site-packages/urllib3/__init__.py:35: NotOpenSSLWarning: urllib3 v2 only supports OpenSSL 1.1.1+, currently the 'ssl' module is compiled with 'LibreSSL 2.8.3'. See: https://github.com/urllib3/urllib3/issues/3020
  warnings.warn(

===== 2026-07-16 03:37 (desk) =====
=== KALSHI DIVERGENCE  2026-07-16  (11 series, 0 price-div, 8 KPI-nowcasts) ===
  KPI PRINT-NOWCASTS (crowd-implied median per metric, native Kalshi units):
    CMG    print 2026-08-21
        total restaurant count in Q2 202   median ~4156.94  (9 strikes)
        comparable restaurant sales incr   median ~1.77  (7 strikes)
    URBN   print 2026-09-25
        total urbn stores in Q2 2027?      median ~810.2  (7 strikes)
    LULU   print 2027-05-30  ⚡feeds market_p for ['2026-12-15', '2026-08-28']
        americas comparable sales growth   median n/a (no 0.5 crossing)  (11 strikes)
    SCHW   print 2026-11-18
        million Active Brokerage Account   median ~39747761.19  (8 strikes)
    CCL    print 2027-01-26
        million available lower berth da   median ~24910526.32  (7 strikes)
    AMZN   print 2028-03-31  ⚡feeds market_p for ['2026-07-30']
        Employees (full-time and part-ti   median ~1567567.57  (5 strikes)
    MO     print 2028-03-31
        billion domestic cigarette shipm   median ~58187500000.0  (14 strikes)
    COIN   print 2026-11-27
        level                              median ~163157894736.84  (16 strikes)
        million monthly transacting user   median ~7906250.0  (7 strikes)
  (no open markets: ['KXINXE', 'KXFDAAPPROVALDATELLY'])
[-> KALSHI_DIVERGENCE.json]

/Users/ajay/Library/Python/3.9/lib/python/site-packages/urllib3/__init__.py:35: NotOpenSSLWarning: urllib3 v2 only supports OpenSSL 1.1.1+, currently the 'ssl' module is compiled with 'LibreSSL 2.8.3'. See: https://github.com/urllib3/urllib3/issues/3020
  warnings.warn(

===== 2026-07-17 10:52 (desk) =====
=== KALSHI DIVERGENCE  2026-07-17  (11 series, 0 price-div, 8 KPI-nowcasts) ===
  KPI PRINT-NOWCASTS (crowd-implied median per metric, native Kalshi units):
    CMG    print 2026-08-21
        total restaurant count in Q2 202   median ~4158.93  (9 strikes)
        comparable restaurant sales incr   median ~1.79  (7 strikes)
    URBN   print 2026-09-25
        total urbn stores in Q2 2027?      median ~810.2  (7 strikes)
    LULU   print 2027-05-30  ⚡feeds market_p for ['2026-12-15', '2026-08-28']
        americas comparable sales growth   median n/a (no 0.5 crossing)  (11 strikes)
    SCHW   print 2026-11-18
        million Active Brokerage Account   median ~39740000.0  (8 strikes)
    CCL    print 2027-01-26
        million available lower berth da   median ~24900000.0  (7 strikes)
    AMZN   print 2028-03-31  ⚡feeds market_p for ['2026-07-30']
        Employees (full-time and part-ti   median ~1569696.97  (5 strikes)
    MO     print 2028-03-31
        billion domestic cigarette shipm   median ~58187500000.0  (14 strikes)
    COIN   print 2026-11-27
        level                              median ~160434782608.7  (16 strikes)
        million monthly transacting user   median ~7862500.0  (7 strikes)
  (no open markets: ['KXINXE', 'KXFDAAPPROVALDATELLY'])
[-> KALSHI_DIVERGENCE.json]

/Users/ajay/Library/Python/3.9/lib/python/site-packages/urllib3/__init__.py:35: NotOpenSSLWarning: urllib3 v2 only supports OpenSSL 1.1.1+, currently the 'ssl' module is compiled with 'LibreSSL 2.8.3'. See: https://github.com/urllib3/urllib3/issues/3020
  warnings.warn(

===== 2026-07-20 10:06 (desk) =====
=== KALSHI DIVERGENCE  2026-07-20  (11 series, 0 price-div, 8 KPI-nowcasts) ===
  KPI PRINT-NOWCASTS (crowd-implied median per metric, native Kalshi units):
    CMG    print 2026-08-21
        total restaurant count in Q2 202   median ~4159.26  (9 strikes)
        comparable restaurant sales incr   median ~1.44  (7 strikes)
    URBN   print 2026-09-25
        total urbn stores in Q2 2027?      median ~810.2  (7 strikes)
    LULU   print 2027-05-30  ⚡feeds market_p for ['2026-12-15', '2026-08-28']
        americas comparable sales growth   median n/a (no 0.5 crossing)  (11 strikes)
    SCHW   print 2026-11-18
        million Active Brokerage Account   median ~39760655.74  (8 strikes)
    CCL    print 2027-01-26
        million available lower berth da   median ~24898823.53  (7 strikes)
    AMZN   print 2028-03-31  ⚡feeds market_p for ['2026-07-30']
        Employees (full-time and part-ti   median ~1569696.97  (5 strikes)
    MO     print 2028-03-31
        billion domestic cigarette shipm   median ~58187500000.0  (14 strikes)
    COIN   print 2026-11-27
        level                              median ~152474747474.75  (17 strikes)
        million monthly transacting user   median ~7862500.0  (7 strikes)
  (no open markets: ['KXINXE', 'KXFDAAPPROVALDATELLY'])
[-> KALSHI_DIVERGENCE.json]

/Users/ajay/Library/Python/3.9/lib/python/site-packages/urllib3/__init__.py:35: NotOpenSSLWarning: urllib3 v2 only supports OpenSSL 1.1.1+, currently the 'ssl' module is compiled with 'LibreSSL 2.8.3'. See: https://github.com/urllib3/urllib3/issues/3020
  warnings.warn(

===== 2026-07-21 10:31 (desk) =====
=== KALSHI DIVERGENCE  2026-07-21  (11 series, 0 price-div, 7 KPI-nowcasts) ===
  KPI PRINT-NOWCASTS (crowd-implied median per metric, native Kalshi units):
    CMG    print 2026-08-21
        comparable restaurant sales incr   median ~0.75  (9 strikes)
        total restaurant count in Q2 202   median ~4156.76  (9 strikes)
    URBN   print 2026-09-25
        total urbn stores in Q2 2027?      median ~810.2  (7 strikes)
    LULU   print 2027-05-30  ⚡feeds market_p for ['2026-12-15', '2026-08-28']
        americas comparable sales growth   median n/a (no 0.5 crossing)  (11 strikes)
    CCL    print 2027-01-26
        million available lower berth da   median ~24898823.53  (7 strikes)
    AMZN   print 2028-03-31  ⚡feeds market_p for ['2026-07-30']
        Employees (full-time and part-ti   median ~1568055.56  (5 strikes)
    MO     print 2028-03-31
        billion domestic cigarette shipm   median ~58187500000.0  (14 strikes)
    COIN   print 2026-11-27
        level                              median ~156351351351.35  (17 strikes)
        million monthly transacting user   median ~7851063.83  (7 strikes)
  (no open markets: ['KXINXE', 'KXSCHW', 'KXFDAAPPROVALDATELLY'])
[-> KALSHI_DIVERGENCE.json]

/Users/ajay/Library/Python/3.9/lib/python/site-packages/urllib3/__init__.py:35: NotOpenSSLWarning: urllib3 v2 only supports OpenSSL 1.1.1+, currently the 'ssl' module is compiled with 'LibreSSL 2.8.3'. See: https://github.com/urllib3/urllib3/issues/3020
  warnings.warn(

===== 2026-07-22 11:31 (desk) =====
=== KALSHI DIVERGENCE  2026-07-22  (11 series, 0 price-div, 8 KPI-nowcasts) ===
  KPI PRINT-NOWCASTS (crowd-implied median per metric, native Kalshi units):
    CMG    print 2026-08-21
        comparable restaurant sales incr   median ~0.7  (9 strikes)
        total restaurant count in Q2 202   median ~4156.06  (9 strikes)
    URBN   print 2026-09-25
        total urbn stores in Q2 2027?      median ~810.2  (7 strikes)
    LULU   print 2027-05-30  ⚡feeds market_p for ['2026-12-15', '2026-08-28']
        americas comparable sales growth   median n/a (no 0.5 crossing)  (11 strikes)
    SCHW   print 2027-02-12
        million active brokerage account   median n/a (no 0.5 crossing)  (9 strikes)
    CCL    print 2027-01-26
        million available lower berth da   median ~24898823.53  (7 strikes)
    AMZN   print 2028-03-31  ⚡feeds market_p for ['2026-07-30']
        Employees (full-time and part-ti   median ~1570312.5  (5 strikes)
    MO     print 2028-03-31
        billion domestic cigarette shipm   median ~58187500000.0  (14 strikes)
    COIN   print 2026-11-27
        level                              median ~156527777777.78  (17 strikes)
        million monthly transacting user   median ~7851063.83  (7 strikes)
  (no open markets: ['KXINXE', 'KXFDAAPPROVALDATELLY'])
[-> KALSHI_DIVERGENCE.json]

/Users/ajay/Library/Python/3.9/lib/python/site-packages/urllib3/__init__.py:35: NotOpenSSLWarning: urllib3 v2 only supports OpenSSL 1.1.1+, currently the 'ssl' module is compiled with 'LibreSSL 2.8.3'. See: https://github.com/urllib3/urllib3/issues/3020
  warnings.warn(

===== 2026-07-23 12:31 (desk) =====
=== KALSHI DIVERGENCE  2026-07-23  (11 series, 0 price-div, 8 KPI-nowcasts) ===
  KPI PRINT-NOWCASTS (crowd-implied median per metric, native Kalshi units):
    CMG    print 2026-08-21
        comparable restaurant sales incr   median ~-0.44  (9 strikes)
        total restaurant count in Q2 202   median ~4158.18  (9 strikes)
    URBN   print 2026-09-25
        total urbn stores in Q2 2027?      median ~810.2  (7 strikes)
    LULU   print 2027-05-30  ⚡feeds market_p for ['2026-12-15', '2026-08-28']
        americas comparable sales growth   median n/a (no 0.5 crossing)  (14 strikes)
    SCHW   print 2027-02-12
        million active brokerage account   median n/a (no 0.5 crossing)  (12 strikes)
    CCL    print 2027-01-26
        million available lower berth da   median ~24898823.53  (7 strikes)
    AMZN   print 2028-03-31  ⚡feeds market_p for ['2026-07-30']
        Employees (full-time and part-ti   median ~1569078.95  (5 strikes)
    MO     print 2028-03-31
        billion domestic cigarette shipm   median ~58187500000.0  (14 strikes)
    COIN   print 2026-11-27
        level                              median ~157222222222.22  (17 strikes)
        million monthly transacting user   median ~7843750.0  (7 strikes)
  (no open markets: ['KXINXE', 'KXFDAAPPROVALDATELLY'])
[-> KALSHI_DIVERGENCE.json]

/Users/ajay/Library/Python/3.9/lib/python/site-packages/urllib3/__init__.py:35: NotOpenSSLWarning: urllib3 v2 only supports OpenSSL 1.1.1+, currently the 'ssl' module is compiled with 'LibreSSL 2.8.3'. See: https://github.com/urllib3/urllib3/issues/3020
  warnings.warn(

===== 2026-07-27 09:37 (desk) =====
=== KALSHI DIVERGENCE  2026-07-27  (11 series, 0 price-div, 8 KPI-nowcasts) ===
  KPI PRINT-NOWCASTS (crowd-implied median per metric, native Kalshi units):
    CMG    print 2026-08-21
        comparable restaurant sales incr   median ~-0.44  (9 strikes)
        total restaurant count in Q2 202   median ~4165.45  (9 strikes)
    URBN   print 2026-09-25
        total urbn stores in Q2 2027?      median ~810.2  (7 strikes)
    LULU   print 2027-05-30  ⚡feeds market_p for ['2026-12-15', '2026-08-28']
        americas comparable sales growth   median n/a (no 0.5 crossing)  (14 strikes)
    SCHW   print 2027-02-12
        million active brokerage account   median n/a (no 0.5 crossing)  (12 strikes)
    CCL    print 2027-01-26
        million available lower berth da   median ~24898823.53  (7 strikes)
    AMZN   print 2028-03-31  ⚡feeds market_p for ['2026-07-30']
        Employees (full-time and part-ti   median ~1568750.0  (5 strikes)
    MO     print 2028-03-31
        billion domestic cigarette shipm   median ~58187500000.0  (14 strikes)
    COIN   print 2026-11-27
        level                              median ~157162162162.16  (17 strikes)
        million monthly transacting user   median ~7851063.83  (7 strikes)
  (no open markets: ['KXINXE', 'KXFDAAPPROVALDATELLY'])
[-> KALSHI_DIVERGENCE.json]

/Users/ajay/Library/Python/3.9/lib/python/site-packages/urllib3/__init__.py:35: NotOpenSSLWarning: urllib3 v2 only supports OpenSSL 1.1.1+, currently the 'ssl' module is compiled with 'LibreSSL 2.8.3'. See: https://github.com/urllib3/urllib3/issues/3020
  warnings.warn(

===== 2026-07-28 07:32 (desk) =====
=== KALSHI DIVERGENCE  2026-07-28  (11 series, 0 price-div, 8 KPI-nowcasts) ===
  KPI PRINT-NOWCASTS (crowd-implied median per metric, native Kalshi units):
    CMG    print 2026-08-21
        comparable restaurant sales incr   median ~1.6  (9 strikes)
        total restaurant count in Q2 202   median ~4165.86  (9 strikes)
    URBN   print 2026-09-25
        total urbn stores in Q2 2027?      median ~810.2  (7 strikes)
    LULU   print 2027-05-30  ⚡feeds market_p for ['2026-12-15', '2026-08-28']
        americas comparable sales growth   median n/a (no 0.5 crossing)  (14 strikes)
    SCHW   print 2027-02-12
        million active brokerage account   median n/a (no 0.5 crossing)  (12 strikes)
    CCL    print 2027-01-26
        million available lower berth da   median ~24891139.24  (7 strikes)
    AMZN   print 2028-03-31  ⚡feeds market_p for ['2026-07-30']
        Employees (full-time and part-ti   median ~1570454.55  (5 strikes)
    MO     print 2028-03-31
        billion domestic cigarette shipm   median ~58187500000.0  (14 strikes)
    COIN   print 2026-11-27
        level                              median ~157236842105.26  (17 strikes)
        million monthly transacting user   median ~7851063.83  (7 strikes)
  (no open markets: ['KXINXE', 'KXFDAAPPROVALDATELLY'])
[-> KALSHI_DIVERGENCE.json]

/Users/ajay/Library/Python/3.9/lib/python/site-packages/urllib3/__init__.py:35: NotOpenSSLWarning: urllib3 v2 only supports OpenSSL 1.1.1+, currently the 'ssl' module is compiled with 'LibreSSL 2.8.3'. See: https://github.com/urllib3/urllib3/issues/3020
  warnings.warn(

===== 2026-07-29 08:31 (desk) =====
=== KALSHI DIVERGENCE  2026-07-29  (11 series, 0 price-div, 8 KPI-nowcasts) ===
  KPI PRINT-NOWCASTS (crowd-implied median per metric, native Kalshi units):
    CMG    print 2026-08-21
        comparable restaurant sales incr   median ~1.67  (9 strikes)
        total restaurant count in Q2 202   median ~4186.76  (9 strikes)
    URBN   print 2026-09-25
        total urbn stores in Q2 2027?      median ~810.2  (7 strikes)
    LULU   print 2027-05-30  ⚡feeds market_p for ['2026-12-15', '2026-08-28']
        americas comparable sales growth   median ~-7.78  (14 strikes)
    SCHW   print 2027-02-12
        million active brokerage account   median ~40498039.22  (12 strikes)
    CCL    print 2027-01-26
        million available lower berth da   median ~24891139.24  (7 strikes)
    AMZN   print 2028-03-31  ⚡feeds market_p for ['2026-07-30']
        Employees (full-time and part-ti   median ~1569230.77  (5 strikes)
    MO     print 2028-03-31
        billion domestic cigarette shipm   median ~58187500000.0  (14 strikes)
    COIN   print 2026-11-27
        level                              median ~156774193548.39  (17 strikes)
        million monthly transacting user   median ~7851063.83  (7 strikes)
  (no open markets: ['KXINXE', 'KXFDAAPPROVALDATELLY'])
[-> KALSHI_DIVERGENCE.json]

/Users/ajay/Library/Python/3.9/lib/python/site-packages/urllib3/__init__.py:35: NotOpenSSLWarning: urllib3 v2 only supports OpenSSL 1.1.1+, currently the 'ssl' module is compiled with 'LibreSSL 2.8.3'. See: https://github.com/urllib3/urllib3/issues/3020
  warnings.warn(

===== 2026-07-30 09:31 (desk) =====
=== KALSHI DIVERGENCE  2026-07-30  (11 series, 0 price-div, 8 KPI-nowcasts) ===
  KPI PRINT-NOWCASTS (crowd-implied median per metric, native Kalshi units):
    CMG    print 2027-02-19
        total restaurant count in Q3 202   median ~4259.8  (8 strikes)
        comparable restaurant sales incr   median n/a (no 0.5 crossing)  (7 strikes)
    URBN   print 2026-09-25
        total urbn stores in Q2 2027?      median ~810.2  (7 strikes)
    LULU   print 2027-05-30  ⚡feeds market_p for ['2026-12-15', '2026-08-28']
        americas comparable sales growth   median ~-6.64  (14 strikes)
    SCHW   print 2027-02-12
        million active brokerage account   median ~40498039.22  (12 strikes)
    CCL    print 2027-01-26
        million available lower berth da   median ~24891139.24  (7 strikes)
    AMZN   print 2028-03-31  ⚡feeds market_p for ['2026-07-30']
        Employees (full-time and part-ti   median ~1569696.97  (5 strikes)
    MO     print 2028-03-31
        billion domestic cigarette shipm   median ~58187500000.0  (14 strikes)
    COIN   print 2026-11-27
        level                              median ~157375000000.0  (17 strikes)
        million monthly transacting user   median ~7813725.49  (7 strikes)
  (no open markets: ['KXINXE', 'KXFDAAPPROVALDATELLY'])
[-> KALSHI_DIVERGENCE.json]

/Users/ajay/Library/Python/3.9/lib/python/site-packages/urllib3/__init__.py:35: NotOpenSSLWarning: urllib3 v2 only supports OpenSSL 1.1.1+, currently the 'ssl' module is compiled with 'LibreSSL 2.8.3'. See: https://github.com/urllib3/urllib3/issues/3020
  warnings.warn(

===== 2026-07-31 10:36 (desk) =====
=== KALSHI DIVERGENCE  2026-07-31  (11 series, 0 price-div, 7 KPI-nowcasts) ===
  KPI PRINT-NOWCASTS (crowd-implied median per metric, native Kalshi units):
    CMG    print 2027-02-19
        total restaurant count in Q3 202   median ~4274.06  (8 strikes)
        comparable restaurant sales incr   median ~0.33  (7 strikes)
    URBN   print 2026-09-25
        total urbn stores in Q2 2027?      median ~810.2  (7 strikes)
    LULU   print 2027-05-30  ⚡feeds market_p for ['2026-12-15', '2026-08-28']
        americas comparable sales growth   median ~-6.53  (14 strikes)
    SCHW   print 2027-02-12
        million active brokerage account   median ~40498039.22  (12 strikes)
    CCL    print 2027-01-26
        million available lower berth da   median ~24891139.24  (7 strikes)
    AMZN   print 2028-03-31
        Employees (full-time and part-ti   median ~1570833.33  (5 strikes)
    MO     print 2028-03-31
        billion domestic cigarette shipm   median ~58187500000.0  (14 strikes)
  (no open markets: ['KXINXE', 'KXCOINBASE', 'KXFDAAPPROVALDATELLY'])
[-> KALSHI_DIVERGENCE.json]

/Users/ajay/Library/Python/3.9/lib/python/site-packages/urllib3/__init__.py:35: NotOpenSSLWarning: urllib3 v2 only supports OpenSSL 1.1.1+, currently the 'ssl' module is compiled with 'LibreSSL 2.8.3'. See: https://github.com/urllib3/urllib3/issues/3020
  warnings.warn(

===== 2026-08-03 00:43 (desk) =====
=== KALSHI DIVERGENCE  2026-08-03  (11 series, 0 price-div, 7 KPI-nowcasts) ===
  KPI PRINT-NOWCASTS (crowd-implied median per metric, native Kalshi units):
    CMG    print 2027-02-19
        total restaurant count in Q3 202   median ~4274.38  (8 strikes)
        comparable restaurant sales incr   median ~1.52  (7 strikes)
    URBN   print 2026-09-25
        total urbn stores in Q2 2027?      median ~810.34  (7 strikes)
    LULU   print 2027-05-30  ⚡feeds market_p for ['2026-12-15', '2026-08-28']
        americas comparable sales growth   median ~-6.17  (14 strikes)
    SCHW   print 2027-02-12
        million active brokerage account   median n/a (no 0.5 crossing)  (12 strikes)
    CCL    print 2027-01-26
        million available lower berth da   median ~24891139.24  (7 strikes)
    AMZN   print 2028-03-31
        Employees (full-time and part-ti   median ~1570833.33  (5 strikes)
    MO     print 2028-03-31
        billion domestic cigarette shipm   median ~58187500000.0  (14 strikes)
  (no open markets: ['KXINXE', 'KXCOINBASE', 'KXFDAAPPROVALDATELLY'])
[-> KALSHI_DIVERGENCE.json]

/Users/ajay/Library/Python/3.9/lib/python/site-packages/urllib3/__init__.py:35: NotOpenSSLWarning: urllib3 v2 only supports OpenSSL 1.1.1+, currently the 'ssl' module is compiled with 'LibreSSL 2.8.3'. See: https://github.com/urllib3/urllib3/issues/3020
  warnings.warn(

===== 2026-08-04 01:33 (desk) =====
=== KALSHI DIVERGENCE  2026-08-04  (11 series, 0 price-div, 8 KPI-nowcasts) ===
  KPI PRINT-NOWCASTS (crowd-implied median per metric, native Kalshi units):
    CMG    print 2027-02-19
        total restaurant count in Q3 202   median ~4274.38  (8 strikes)
        comparable restaurant sales incr   median ~1.52  (7 strikes)
    URBN   print 2026-09-25
        total urbn stores in Q2 2027?      median ~810.29  (7 strikes)
    LULU   print 2027-05-30  ⚡feeds market_p for ['2026-12-15', '2026-08-28']
        americas comparable sales growth   median ~-6.5  (14 strikes)
    SCHW   print 2027-02-12
        million active brokerage account   median n/a (no 0.5 crossing)  (12 strikes)
    CCL    print 2027-01-26
        million available lower berth da   median ~24891139.24  (7 strikes)
    AMZN   print 2028-03-31
        Employees (full-time and part-ti   median ~1570833.33  (5 strikes)
    MO     print 2028-03-31
        billion domestic cigarette shipm   median ~58187500000.0  (14 strikes)
    COIN   print 2027-03-04
        million monthly transacting user   median n/a (no 0.5 crossing)  (7 strikes)
  (no open markets: ['KXINXE', 'KXFDAAPPROVALDATELLY'])
[-> KALSHI_DIVERGENCE.json]

/Users/ajay/Library/Python/3.9/lib/python/site-packages/urllib3/__init__.py:35: NotOpenSSLWarning: urllib3 v2 only supports OpenSSL 1.1.1+, currently the 'ssl' module is compiled with 'LibreSSL 2.8.3'. See: https://github.com/urllib3/urllib3/issues/3020
  warnings.warn(

===== 2026-08-05 02:38 (desk) =====
=== KALSHI DIVERGENCE  2026-08-05  (11 series, 0 price-div, 8 KPI-nowcasts) ===
  KPI PRINT-NOWCASTS (crowd-implied median per metric, native Kalshi units):
    CMG    print 2027-02-19
        total restaurant count in Q3 202   median ~4274.38  (8 strikes)
        comparable restaurant sales incr   median ~1.52  (7 strikes)
    URBN   print 2026-09-25
        total urbn stores in Q2 2027?      median ~810.27  (7 strikes)
    LULU   print 2027-05-30  ⚡feeds market_p for ['2026-12-15', '2026-08-28']
        americas comparable sales growth   median ~-6.71  (14 strikes)
    SCHW   print 2027-02-12
        million active brokerage account   median n/a (no 0.5 crossing)  (12 strikes)
    CCL    print 2027-01-26
        million available lower berth da   median ~24891139.24  (7 strikes)
    AMZN   print 2028-03-31
        Employees (full-time and part-ti   median ~1568589.74  (5 strikes)
    MO     print 2028-03-31
        billion domestic cigarette shipm   median ~58187500000.0  (14 strikes)
    COIN   print 2027-03-04
        million monthly transacting user   median n/a (no 0.5 crossing)  (7 strikes)
  (no open markets: ['KXINXE', 'KXFDAAPPROVALDATELLY'])
[-> KALSHI_DIVERGENCE.json]

/Users/ajay/Library/Python/3.9/lib/python/site-packages/urllib3/__init__.py:35: NotOpenSSLWarning: urllib3 v2 only supports OpenSSL 1.1.1+, currently the 'ssl' module is compiled with 'LibreSSL 2.8.3'. See: https://github.com/urllib3/urllib3/issues/3020
  warnings.warn(

===== 2026-08-06 03:32 (desk) =====
=== KALSHI DIVERGENCE  2026-08-06  (11 series, 0 price-div, 8 KPI-nowcasts) ===
  KPI PRINT-NOWCASTS (crowd-implied median per metric, native Kalshi units):
    CMG    print 2027-02-19
        total restaurant count in Q3 202   median ~4274.38  (8 strikes)
        comparable restaurant sales incr   median ~1.52  (7 strikes)
    URBN   print 2027-03-24
        total urbn stores in Q2 2027?      median ~810.27  (7 strikes)
        total retail segment comparable    median n/a (no 0.5 crossing)  (5 strikes)
    LULU   print 2027-05-30  ⚡feeds market_p for ['2026-12-15', '2026-08-28']
        americas comparable sales growth   median ~-6.45  (14 strikes)
    SCHW   print 2027-02-12
        million active brokerage account   median n/a (no 0.5 crossing)  (12 strikes)
    CCL    print 2027-01-26
        million available lower berth da   median ~24902272.73  (7 strikes)
    AMZN   print 2028-03-31
        Employees (full-time and part-ti   median ~1568589.74  (5 strikes)
    MO     print 2028-03-31
        billion domestic cigarette shipm   median ~58562500000.0  (14 strikes)
    COIN   print 2027-03-04
        million monthly transacting user   median n/a (no 0.5 crossing)  (7 strikes)
  (no open markets: ['KXINXE', 'KXFDAAPPROVALDATELLY'])
[-> KALSHI_DIVERGENCE.json]

/Users/ajay/Library/Python/3.9/lib/python/site-packages/urllib3/__init__.py:35: NotOpenSSLWarning: urllib3 v2 only supports OpenSSL 1.1.1+, currently the 'ssl' module is compiled with 'LibreSSL 2.8.3'. See: https://github.com/urllib3/urllib3/issues/3020
  warnings.warn(

===== 2026-08-07 04:35 (desk) =====
=== KALSHI DIVERGENCE  2026-08-07  (11 series, 0 price-div, 8 KPI-nowcasts) ===
  KPI PRINT-NOWCASTS (crowd-implied median per metric, native Kalshi units):
    CMG    print 2027-02-19
        total restaurant count in Q3 202   median ~4274.38  (8 strikes)
        comparable restaurant sales incr   median ~1.52  (7 strikes)
    URBN   print 2027-03-24
        total urbn stores in Q2 2027?      median ~810.27  (7 strikes)
        total retail segment comparable    median n/a (no 0.5 crossing)  (5 strikes)
    LULU   print 2027-05-30  ⚡feeds market_p for ['2026-12-15', '2026-08-28']
        americas comparable sales growth   median ~-6.45  (14 strikes)
    SCHW   print 2027-02-12
        million active brokerage account   median n/a (no 0.5 crossing)  (12 strikes)
    CCL    print 2027-01-26
        million available lower berth da   median ~24902272.73  (7 strikes)
    AMZN   print 2028-03-31
        Employees (full-time and part-ti   median ~1568589.74  (5 strikes)
    MO     print 2028-03-31
        billion domestic cigarette shipm   median ~58375000000.0  (14 strikes)
    COIN   print 2027-03-04
        million monthly transacting user   median n/a (no 0.5 crossing)  (7 strikes)
  (no open markets: ['KXINXE', 'KXFDAAPPROVALDATELLY'])
[-> KALSHI_DIVERGENCE.json]

/Users/ajay/Library/Python/3.9/lib/python/site-packages/urllib3/__init__.py:35: NotOpenSSLWarning: urllib3 v2 only supports OpenSSL 1.1.1+, currently the 'ssl' module is compiled with 'LibreSSL 2.8.3'. See: https://github.com/urllib3/urllib3/issues/3020
  warnings.warn(

===== 2026-08-10 00:40 (desk) =====
=== KALSHI DIVERGENCE  2026-08-10  (11 series, 0 price-div, 8 KPI-nowcasts) ===
  KPI PRINT-NOWCASTS (crowd-implied median per metric, native Kalshi units):
    CMG    print 2027-02-19
        total restaurant count in Q3 202   median ~4274.38  (8 strikes)
        comparable restaurant sales incr   median ~1.58  (7 strikes)
    URBN   print 2027-03-24
        total urbn stores in Q2 2027?      median ~810.27  (7 strikes)
        total retail segment comparable    median n/a (no 0.5 crossing)  (5 strikes)
    LULU   print 2027-05-30  ⚡feeds market_p for ['2026-12-15', '2026-08-28']
        americas comparable sales growth   median ~-6.33  (14 strikes)
    SCHW   print 2027-02-12
        million active brokerage account   median n/a (no 0.5 crossing)  (12 strikes)
    CCL    print 2027-01-26
        million available lower berth da   median ~24911111.11  (7 strikes)
    AMZN   print 2028-03-31
        Employees (full-time and part-ti   median ~1570833.33  (5 strikes)
    MO     print 2028-03-31
        billion domestic cigarette shipm   median ~58375000000.0  (14 strikes)
    COIN   print 2027-03-04
        million monthly transacting user   median n/a (no 0.5 crossing)  (7 strikes)
  (no open markets: ['KXINXE', 'KXFDAAPPROVALDATELLY'])
[-> KALSHI_DIVERGENCE.json]

/Users/ajay/Library/Python/3.9/lib/python/site-packages/urllib3/__init__.py:35: NotOpenSSLWarning: urllib3 v2 only supports OpenSSL 1.1.1+, currently the 'ssl' module is compiled with 'LibreSSL 2.8.3'. See: https://github.com/urllib3/urllib3/issues/3020
  warnings.warn(

===== 2026-08-11 01:38 (desk) =====
=== KALSHI DIVERGENCE  2026-08-11  (11 series, 0 price-div, 8 KPI-nowcasts) ===
  KPI PRINT-NOWCASTS (crowd-implied median per metric, native Kalshi units):
    CMG    print 2027-02-19
        total restaurant count in Q3 202   median ~4274.38  (8 strikes)
        comparable restaurant sales incr   median ~1.58  (7 strikes)
    URBN   print 2027-03-24
        total urbn stores in Q2 2027?      median ~810.27  (7 strikes)
        total retail segment comparable    median n/a (no 0.5 crossing)  (5 strikes)
    LULU   print 2027-05-30  ⚡feeds market_p for ['2026-12-15', '2026-08-28']
        americas comparable sales growth   median ~-6.33  (14 strikes)
    SCHW   print 2027-02-12
        million active brokerage account   median n/a (no 0.5 crossing)  (12 strikes)
    CCL    print 2027-01-26
        million available lower berth da   median ~24911111.11  (7 strikes)
    AMZN   print 2028-03-31
        Employees (full-time and part-ti   median ~1568750.0  (5 strikes)
    MO     print 2028-03-31
        billion domestic cigarette shipm   median ~58375000000.0  (14 strikes)
    COIN   print 2027-03-04
        million monthly transacting user   median n/a (no 0.5 crossing)  (7 strikes)
  (no open markets: ['KXINXE', 'KXFDAAPPROVALDATELLY'])
[-> KALSHI_DIVERGENCE.json]

/Users/ajay/Library/Python/3.9/lib/python/site-packages/urllib3/__init__.py:35: NotOpenSSLWarning: urllib3 v2 only supports OpenSSL 1.1.1+, currently the 'ssl' module is compiled with 'LibreSSL 2.8.3'. See: https://github.com/urllib3/urllib3/issues/3020
  warnings.warn(

===== 2026-08-12 07:45 (desk) =====
=== KALSHI DIVERGENCE  2026-08-12  (11 series, 0 price-div, 8 KPI-nowcasts) ===
  KPI PRINT-NOWCASTS (crowd-implied median per metric, native Kalshi units):
    CMG    print 2027-02-19
        total restaurant count in Q3 202   median ~4294.06  (8 strikes)
        comparable restaurant sales incr   median ~1.58  (7 strikes)
    URBN   print 2027-03-24
        total urbn stores in Q2 2027?      median ~809.09  (7 strikes)
        total retail segment comparable    median n/a (no 0.5 crossing)  (5 strikes)
    LULU   print 2027-05-30  ⚡feeds market_p for ['2026-12-15', '2026-08-28']
        americas comparable sales growth   median ~-8.64  (14 strikes)
    SCHW   print 2027-02-12
        million active brokerage account   median n/a (no 0.5 crossing)  (12 strikes)
    CCL    print 2027-01-26
        million available lower berth da   median ~24911111.11  (7 strikes)
    AMZN   print 2028-03-31
        Employees (full-time and part-ti   median ~1568243.24  (5 strikes)
    MO     print 2028-03-31
        billion domestic cigarette shipm   median ~58375000000.0  (14 strikes)
    COIN   print 2027-03-04
        million monthly transacting user   median n/a (no 0.5 crossing)  (7 strikes)
  (no open markets: ['KXINXE', 'KXFDAAPPROVALDATELLY'])
[-> KALSHI_DIVERGENCE.json]

/Users/ajay/Library/Python/3.9/lib/python/site-packages/urllib3/__init__.py:35: NotOpenSSLWarning: urllib3 v2 only supports OpenSSL 1.1.1+, currently the 'ssl' module is compiled with 'LibreSSL 2.8.3'. See: https://github.com/urllib3/urllib3/issues/3020
  warnings.warn(

===== 2026-08-13 08:59 (desk) =====
=== KALSHI DIVERGENCE  2026-08-13  (11 series, 0 price-div, 8 KPI-nowcasts) ===
  KPI PRINT-NOWCASTS (crowd-implied median per metric, native Kalshi units):
    CMG    print 2027-02-19
        total restaurant count in Q3 202   median ~4285.85  (8 strikes)
        comparable restaurant sales incr   median ~1.58  (7 strikes)
    URBN   print 2027-03-24
        total urbn stores in Q2 2027?      median ~809.05  (7 strikes)
        total retail segment comparable    median n/a (no 0.5 crossing)  (5 strikes)
    LULU   print 2027-05-30  ⚡feeds market_p for ['2026-12-15', '2026-08-28']
        americas comparable sales growth   median ~-8.64  (14 strikes)
    SCHW   print 2027-02-12
        million active brokerage account   median n/a (no 0.5 crossing)  (12 strikes)
    CCL    print 2027-01-26
        million available lower berth da   median ~24911111.11  (7 strikes)
    AMZN   print 2028-03-31
        Employees (full-time and part-ti   median ~1567424.24  (5 strikes)
    MO     print 2028-03-31
        billion domestic cigarette shipm   median ~58400000000.0  (14 strikes)
    COIN   print 2027-03-04
        million monthly transacting user   median n/a (no 0.5 crossing)  (7 strikes)
  (no open markets: ['KXINXE', 'KXFDAAPPROVALDATELLY'])
[-> KALSHI_DIVERGENCE.json]

/Users/ajay/Library/Python/3.9/lib/python/site-packages/urllib3/__init__.py:35: NotOpenSSLWarning: urllib3 v2 only supports OpenSSL 1.1.1+, currently the 'ssl' module is compiled with 'LibreSSL 2.8.3'. See: https://github.com/urllib3/urllib3/issues/3020
  warnings.warn(

===== 2026-08-14 09:43 (desk) =====
=== KALSHI DIVERGENCE  2026-08-14  (11 series, 0 price-div, 8 KPI-nowcasts) ===
  KPI PRINT-NOWCASTS (crowd-implied median per metric, native Kalshi units):
    CMG    print 2027-02-19
        total restaurant count in Q3 202   median ~4285.85  (8 strikes)
        comparable restaurant sales incr   median ~1.58  (7 strikes)
    URBN   print 2027-03-24
        total urbn stores in Q2 2027?      median ~809.05  (7 strikes)
        total retail segment comparable    median n/a (no 0.5 crossing)  (5 strikes)
    LULU   print 2027-05-30  ⚡feeds market_p for ['2026-12-15', '2026-08-28']
        americas comparable sales growth   median ~-8.66  (14 strikes)
    SCHW   print 2027-02-12
        million active brokerage account   median n/a (no 0.5 crossing)  (12 strikes)
    CCL    print 2027-01-26
        million available lower berth da   median ~24911111.11  (7 strikes)
    AMZN   print 2028-03-31
        Employees (full-time and part-ti   median ~1565540.54  (5 strikes)
    MO     print 2028-03-31
        billion domestic cigarette shipm   median ~58400000000.0  (14 strikes)
    COIN   print 2027-03-04
        million monthly transacting user   median n/a (no 0.5 crossing)  (7 strikes)
  (no open markets: ['KXINXE', 'KXFDAAPPROVALDATELLY'])
[-> KALSHI_DIVERGENCE.json]

/Users/ajay/Library/Python/3.9/lib/python/site-packages/urllib3/__init__.py:35: NotOpenSSLWarning: urllib3 v2 only supports OpenSSL 1.1.1+, currently the 'ssl' module is compiled with 'LibreSSL 2.8.3'. See: https://github.com/urllib3/urllib3/issues/3020
  warnings.warn(

===== 2026-08-17 08:45 (desk) =====
=== KALSHI DIVERGENCE  2026-08-17  (11 series, 0 price-div, 8 KPI-nowcasts) ===
  KPI PRINT-NOWCASTS (crowd-implied median per metric, native Kalshi units):
    CMG    print 2027-02-19
        total restaurant count in Q3 202   median ~4286.58  (8 strikes)
        comparable restaurant sales incr   median ~1.58  (7 strikes)
    URBN   print 2027-03-24
        total urbn stores in Q2 2027?      median ~809.09  (7 strikes)
        total retail segment comparable    median n/a (no 0.5 crossing)  (5 strikes)
    LULU   print 2027-05-30  ⚡feeds market_p for ['2026-12-15', '2026-08-28']
        americas comparable sales growth   median ~-8.66  (14 strikes)
    SCHW   print 2027-02-12
        million active brokerage account   median ~40241860.47  (12 strikes)
    CCL    print 2027-01-26
        million available lower berth da   median ~24895000.0  (7 strikes)
    AMZN   print 2028-03-31
        Employees (full-time and part-ti   median ~1567934.78  (5 strikes)
    MO     print 2028-03-31
        billion domestic cigarette shipm   median ~58650000000.0  (14 strikes)
    COIN   print 2027-03-04
        million monthly transacting user   median n/a (no 0.5 crossing)  (7 strikes)
  (no open markets: ['KXINXE', 'KXFDAAPPROVALDATELLY'])
[-> KALSHI_DIVERGENCE.json]

/Users/ajay/Library/Python/3.9/lib/python/site-packages/urllib3/__init__.py:35: NotOpenSSLWarning: urllib3 v2 only supports OpenSSL 1.1.1+, currently the 'ssl' module is compiled with 'LibreSSL 2.8.3'. See: https://github.com/urllib3/urllib3/issues/3020
  warnings.warn(

===== 2026-09-11 01:14 (desk) =====
=== KALSHI DIVERGENCE  2026-09-11  (11 series, 0 price-div, 8 KPI-nowcasts) ===
  KPI PRINT-NOWCASTS (crowd-implied median per metric, native Kalshi units):
    CMG    print 2027-02-19
        total restaurant count in Q3 202   median ~4275.0  (8 strikes)
        comparable restaurant sales incr   median ~1.54  (7 strikes)
    URBN   print 2027-09-23
        total urbn stores in Q1 2028?      median ~836.46  (10 strikes)
        total retail segment comparable    median n/a (no 0.5 crossing)  (6 strikes)
    LULU   print 2027-05-30  ⚡feeds market_p for ['2026-12-15', '2026-09-03', '2026-09-03', '2026-09-03', '2026-09-03', '2026-09-03', '2026-09-03']
        americas comparable sales growth   median ~-7.2  (14 strikes)
    SCHW   print 2027-02-12
        million active brokerage account   median ~40420000.0  (12 strikes)
    CCL    print 2027-01-26
        million available lower berth da   median ~24897727.27  (7 strikes)
    AMZN   print 2028-03-31
        Employees (full-time and part-ti   median ~1573571.43  (5 strikes)
    MO     print 2028-03-31
        billion domestic cigarette shipm   median ~58562500000.0  (14 strikes)
    COIN   print 2027-03-04
        million monthly transacting user   median n/a (no 0.5 crossing)  (7 strikes)
  (no open markets: ['KXINXE', 'KXFDAAPPROVALDATELLY'])
[-> KALSHI_DIVERGENCE.json]

/Users/ajay/Library/Python/3.9/lib/python/site-packages/urllib3/__init__.py:35: NotOpenSSLWarning: urllib3 v2 only supports OpenSSL 1.1.1+, currently the 'ssl' module is compiled with 'LibreSSL 2.8.3'. See: https://github.com/urllib3/urllib3/issues/3020
  warnings.warn(
