
===== 2026-07-02 00:31 (desk) =====
=== NEW-LITIGATION SCANNER  2026-07-02  (12 material federal suits w/ corporate defendants since 2026-06-25) ===
   2026-07-01  [securities/commodities] Stichting Pensioenfonds Metaal En Techniek v. Verizon Communicatio
   2026-06-30  [securities/commodities] Anderson v. Microsoft Corporation
   2026-06-30  [RICO                  ] Mitchell v. Oppenheimer & Co., Inc.
   2026-06-29  [securities/commodities] Lawler v. HUB GROUP, INC., a Delaware corporation
   2026-06-29  [securities/commodities] Reynolds v. Citadel Securities LLC
   2026-06-29  [RICO                  ] Jonguitud v. Newrez LLC
   2026-06-26  [securities/commodities] Tang v. Futu Holdings Limited
   2026-06-26  [securities/commodities] Donoghue v. Datavault AI, Inc.
   2026-06-25  [securities/commodities] Tejada v. ZoomInfo Technologies Inc
   2026-06-25  [securities/commodities] Ivan Tejada v. ZoomInfo Technologies Inc
   2026-06-25  [securities/commodities] McGeachy v. Peabody Energy Corporation
   2026-06-25  [qui tam (31 USC 3729) ] United States ex rel. Black Arrow Strategies LLC v. Quantum Corpor
  PROMOTE: SignalOS resolves corporate defendants -> tickers; PUBLIC defendants = avoid/short seeds; exclusion is the product.
[-> NEW_LITIGATION.json]


===== 2026-07-09 01:31 (desk) =====
=== NEW-LITIGATION SCANNER  2026-07-09  (9 material federal suits w/ corporate defendants since 2026-07-02) ===
   2026-07-08  [securities/commodities] Christofferson Robb & Company, LLC v. Kandeo Investment Advisors L
   2026-07-07  [securities/commodities] Mundy v. Megan Holdings Limited
   2026-07-06  [securities/commodities] Cooper v. Photronics, Inc.
   2026-07-05  [securities/commodities] BERG v. IAG ASSET MANAGEMENT CORPORATION
   2026-07-03  [securities/commodities] Alphatur, Inc. v. Canaras Capital Management LLC
   2026-07-02  [securities/commodities] CITY OF FORT LAUDERDALE POLICE AND FIREFIGHTERS' RETIREMENT SYSTEM
   2026-07-02  [securities/commodities] Lord v. New American Manufacturing LLC
   2026-07-02  [securities/commodities] Hu v. Insulet Corporation
   2026-07-02  [False Claims Act      ] Roberts v. 1425 Horsham SNF Operations LLC
  PROMOTE: SignalOS resolves corporate defendants -> tickers; PUBLIC defendants = avoid/short seeds; exclusion is the product.
[-> NEW_LITIGATION.json]


===== 2026-07-16 02:30 (desk) =====
=== NEW-LITIGATION SCANNER  2026-07-16  (10 material federal suits w/ corporate defendants since 2026-07-09) ===
   2026-07-15  [securities/commodities] Employees Retirement System of the City of St. Louis v. FS/KKR Adv
   2026-07-15  [qui tam (31 USC 3729) ] Deanna Lynn Silva v. Jiva Health, Inc.
   2026-07-14  [securities/commodities] City of Warren Police and Fire Retirement System v. GPGI, Inc.
   2026-07-14  [securities/commodities] Matsunaga v. Planet Fitness, Inc.
   2026-07-13  [securities/commodities] Retirement System for the General Employees of the Utility Board o
   2026-07-13  [securities/commodities] Almimeh v. AJA Pack Holdings Inc.
   2026-07-13  [securities/commodities] Police & Fire Retirement System of the City of Detroit, Individual
   2026-07-10  [securities/commodities] Baldwin v. Intuit Inc.
   2026-07-09  [False Claims Act      ] Hogeland v. Space Exploration Technologies Corp. d/b/a SpaceX
   2026-07-09  [False Claims Act      ] BRADSHAW v. UNIVERSAL SERVICE ADMINISTRATIVE COMPANY
  PROMOTE: SignalOS resolves corporate defendants -> tickers; PUBLIC defendants = avoid/short seeds; exclusion is the product.
[-> NEW_LITIGATION.json]


===== 2026-07-23 02:30 (desk) =====
=== NEW-LITIGATION SCANNER  2026-07-23  (8 material federal suits w/ corporate defendants since 2026-07-16) ===
   2026-07-22  [securities/commodities] Crawford v. First Class Consulting LLC
   2026-07-22  [RICO                  ] Citizens United Reciprocal Exchange v. Groesbeck Rx LLC
   2026-07-21  [securities/commodities] Boston Retirement System v. Primoris Services Corporation
   2026-07-21  [securities/commodities] Graham v. Microvast Holdings, Inc.
   2026-07-17  [securities/commodities] JLC PRIVATE INVESTMENTS LLC v. FIRST NATIONAL REALTY PARTNERS LLC
   2026-07-17  [securities/commodities] City Pension Fund for Firefighters and Police Officers in the City
   2026-07-16  [securities/commodities] Cheatham v. Regeneron Pharmaceuticals, Inc.
   2026-07-16  [RICO                  ] Henry Ford Hospital v. CVS Health Corporation
  PROMOTE: SignalOS resolves corporate defendants -> tickers; PUBLIC defendants = avoid/short seeds; exclusion is the product.
[-> NEW_LITIGATION.json]


===== 2026-07-30 02:34 (desk) =====
=== NEW-LITIGATION SCANNER  2026-07-30  (17 material federal suits w/ corporate defendants since 2026-07-23) ===
   2026-07-29  [securities/commodities] Shravan Reddy Kambam Family Protection Trust v. Iovance Biotherape
   2026-07-29  [securities/commodities] Morgan-Reed v. Rackspace Technology, Inc.
   2026-07-29  [securities/commodities] Moustacakis v. iTonic Holdings Ltd (f/k/a Pheton Holdings Ltd)
   2026-07-29  [securities/commodities] Securities and Exchange Commission v. RAD Diversified REIT, Inc.
   2026-07-29  [False Claims Act      ] Levine v. Informe Healthcare LLC
   2026-07-28  [securities/commodities] Kanungo v. GeneDx Holdings Corp.
   2026-07-28  [securities/commodities] Thomas v. Park Ha Biological Technology Co., Ltd
   2026-07-28  [RICO                  ] Funk v. Collectors Universe, Inc.
   2026-07-27  [securities/commodities] Dana Nessel v. KalshiEX LLC
   2026-07-27  [False Claims Act      ] GREENE v. Tidalhealth Peninsula Regional, Inc.
   2026-07-24  [securities/commodities] LaChance v. TruGolf Holdings Inc
   2026-07-24  [securities/commodities] Schweitzer v. Hertz Global Holdings, Inc.
   2026-07-24  [securities/commodities] Yappi v. Wix.com Ltd.
   2026-07-24  [securities/commodities] lachance v. TruGolf Holdings Inc
   2026-07-24  [securities/commodities] Operating Engineers Construction Industry and Miscellaneous Pensio
   ... +2 more in the JSON
  PROMOTE: SignalOS resolves corporate defendants -> tickers; PUBLIC defendants = avoid/short seeds; exclusion is the product.
[-> NEW_LITIGATION.json]


===== 2026-08-06 03:32 (desk) =====
=== NEW-LITIGATION SCANNER  2026-08-06  (13 material federal suits w/ corporate defendants since 2026-07-30) ===
   2026-08-05  [securities/commodities] Britannica Capital Management Limited v. Topwater Stonefly Fund LL
   2026-08-05  [securities/commodities] McFarland Ribbs v. ARS Pharmaceuticals, Inc.
   2026-08-05  [securities/commodities] CYGLER v. ALARUM TECHNOLOGIES LTD.
   2026-08-05  [securities/commodities] ARAMOUNI v. DATAVAULT AI, INC.
   2026-08-05  [securities/commodities] ARAMOUNI v. DATAVAULT AI, INC.
   2026-08-04  [securities/commodities] Wistisen v. Alibaba Group Holding Limited
   2026-08-03  [securities/commodities] Daniel v. Blaize Holdings, Inc.
   2026-08-03  [securities/commodities] Walters v. Pentair PLC
   2026-08-03  [securities/commodities] Ferraioli v. DNOW Inc.
   2026-08-03  [RICO                  ] Bartow Ethanol of Florida LC v. LeVecke Corporation
   2026-07-31  [securities/commodities] Daugherty v. Wise Group plc
   2026-07-30  [securities/commodities] Nkamga v. Capricor Therapeutics, Inc.
   2026-07-30  [securities/commodities] Nevins v. Bloom Energy Corporation
  PROMOTE: SignalOS resolves corporate defendants -> tickers; PUBLIC defendants = avoid/short seeds; exclusion is the product.
[-> NEW_LITIGATION.json]


===== 2026-08-13 08:59 (desk) =====
=== NEW-LITIGATION SCANNER  2026-08-13  (6 material federal suits w/ corporate defendants since 2026-08-06) ===
   2026-08-13  [securities/commodities] Wondermind SRS 44, LLC v. Wondermind Global Inc.
   2026-08-12  [securities/commodities] City of Warren General Retirement Health, Life and Disability Bene
   2026-08-12  [RICO                  ] Blatnick v. Laird Noller Automotive, Inc.
   2026-08-11  [securities/commodities] Securities and Exchange Commission v. Goliath Ventures Inc.
   2026-08-11  [securities/commodities] Commodity Futures Trading Commission v. Goliath Ventures, Inc.
   2026-08-06  [securities/commodities] Toor v. Replimune Group, Inc.
  PROMOTE: SignalOS resolves corporate defendants -> tickers; PUBLIC defendants = avoid/short seeds; exclusion is the product.
[-> NEW_LITIGATION.json]


===== 2026-09-11 01:13 (desk) =====
=== NEW-LITIGATION SCANNER  2026-09-11  (6 material federal suits w/ corporate defendants since 2026-09-04) ===
   2026-09-10  [securities/commodities] Moran v. Kalshi Inc.
   2026-09-10  [securities/commodities] Weiss v. Ryde Group Ltd
   2026-09-09  [RICO                  ] Ameritrust Mortgage Corporation v. FirstLoans Inc.
   2026-09-08  [securities/commodities] George v. Robinhood Markets, Inc.
   2026-09-04  [securities/commodities] Holtzman v. Beta Bionics, Inc.
   2026-09-04  [securities/commodities] PLUMBERS & PIPEFITTERS LOCAL UNION 295 PENSION FUND v. DICK'S SPOR
  PROMOTE: SignalOS resolves corporate defendants -> tickers; PUBLIC defendants = avoid/short seeds; exclusion is the product.
[-> NEW_LITIGATION.json]

