
===== 2026-07-13 09:30 (desk) =====
=== IPO LOCK-UP EXPIRY SCANNER  2026-07-13  (274 recent IPOs scanned, 60 prospectuses parsed) ===
  IMMINENT (unlock in 0-21d — the air-pocket window; buy the forced-seller washout):
    SGN    Signing Day Sports, Inc.           unlock 2026-07-13 (+0d, 180d ~est180)  IPO 2026-01-14  px?
    BCTXL  BriaCell Therapeutics Corp.        unlock 2026-07-13 (+0d, 180d ~est180)  IPO 2026-01-14  $0.89
    MTVA   MetaVia Inc.                       unlock 2026-07-15 (+2d, 180d ~est180)  IPO 2026-01-16  $1.84
    BTGO   BITGO HOLDINGS, INC.               unlock 2026-07-22 (+9d, 180d)  IPO 2026-01-23  $5.12
    PUMP   ProPetro Holding Corp.             unlock 2026-07-27 (+14d, 180d ~est180)  IPO 2026-01-28  $13.06
    BYAH   Park Ha Biological Technology Co., unlock 2026-07-27 (+14d, 180d ~est180)  IPO 2026-01-28  $0.44
    GTEC   Greenland Technologies Holding Cor unlock 2026-07-28 (+15d, 180d ~est180)  IPO 2026-01-29  $0.56
    LIFE   Ethos Technologies Inc.            unlock 2026-07-29 (+16d, 180d)  IPO 2026-01-30  $19.8
    YSS    Yellowstone Midco Holdings II, LLC unlock 2026-07-29 (+16d, 180d)  IPO 2026-01-30  $19.12
    FEAM   5E Advanced Materials, Inc.        unlock 2026-08-01 (+19d, 180d ~est180)  IPO 2026-02-02  $1.26
    PLYX   Polaryx Therapeutics, Inc.         unlock 2026-08-01 (+19d, 180d ~est180)  IPO 2026-02-02  $2.25
    OBAI   TG-17, Inc.                        unlock 2026-08-02 (+20d, 180d ~est180)  IPO 2026-02-03  $0.59
    OIMAU  OneIM Acquisition Corp.            unlock 2026-07-13 (+0d, 180d ~est180)  IPO 2026-01-14  $10.17 [SPAC/unit]
    IEAGU  Infinite Eagle Acquisition Corp.   unlock 2026-07-15 (+2d, 180d ~est180)  IPO 2026-01-16  $10.4 [SPAC/unit]
    FGIIU  FG Imperii Acquisition Corp.       unlock 2026-07-19 (+6d, 180d)  IPO 2026-01-20  $10.01 [SPAC/unit]
    XCBEW  X3 Acquisition Corp. Ltd.          unlock 2026-07-20 (+7d, 180d)  IPO 2026-01-21  $0.27 [SPAC/unit]
    ALOVU  Aldabra 4 Liquidity Opportunity Ve unlock 2026-07-21 (+8d, 180d ~est180)  IPO 2026-01-22  $10.09 [SPAC/unit]
    HLXC   Helix Acquisition Corp. III        unlock 2026-07-22 (+9d, 180d ~est180)  IPO 2026-01-23  $10.6 [SPAC/unit]
    ARCIW  Archimedes Tech SPAC Partners III  unlock 2026-07-25 (+12d, 180d)  IPO 2026-01-26  $0.74 [SPAC/unit]
    PTORU  Praetorian Acquisition Corp.       unlock 2026-07-25 (+12d, 180d ~est180)  IPO 2026-01-26  $10.15 [SPAC/unit]
    WNW    Meiwu Technology Co Ltd            unlock 2026-07-26 (+13d, 180d)  IPO 2026-01-27  $3.52 [SPAC/unit]
    GIXXU  GigCapital9 Corp.                  unlock 2026-07-27 (+14d, 180d)  IPO 2026-01-28  $10.22 [SPAC/unit]
    SAAQW  Space Asset Acquisition Corp.      unlock 2026-07-27 (+14d, 180d ~est180)  IPO 2026-01-28  $0.95 [SPAC/unit]
    MLAAU  Mountain Lake Acquisition Corp. II unlock 2026-07-27 (+14d, 180d ~est180)  IPO 2026-01-28  $10.1 [SPAC/unit]
    XSLLW  Xsolla SPAC 1                      unlock 2026-07-28 (+15d, 180d)  IPO 2026-01-29  $0.21 [SPAC/unit]
    KRAQW  KRAKacquisition Corp               unlock 2026-07-28 (+15d, 180d)  IPO 2026-01-29  $0.4 [SPAC/unit]
    KTWOR  K2 Capital Acquisition Corp        unlock 2026-07-29 (+16d, 180d ~est180)  IPO 2026-01-30  $0.23 [SPAC/unit]
    WPAC-UN White Pearl Acquisition Corp.      unlock 2026-07-29 (+16d, 180d)  IPO 2026-01-30  $10.3 [SPAC/unit]
    NBRGU  Newbridge Acquisition Ltd          unlock 2026-07-29 (+16d, 180d)  IPO 2026-01-30  $10.25 [SPAC/unit]
    MUZEU  Muzero Acquisition Corp            unlock 2026-08-01 (+19d, 180d ~est180)  IPO 2026-02-02  $10.19 [SPAC/unit]
    MEVOW  M Evo Global Acquisition Corp II   unlock 2026-08-01 (+19d, 180d ~est180)  IPO 2026-02-02  $0.4 [SPAC/unit]
    IRAB-WT Iris Acquisition Corp II           unlock 2026-08-02 (+20d, 180d)  IPO 2026-02-03  $0.28 [SPAC/unit]
    CLBR-WT Colombier Acquisition Corp. III    unlock 2026-08-03 (+21d, 180d ~est180)  IPO 2026-02-04  $0.86 [SPAC/unit]
  UPCOMING (22-90d — pre-drift watch; operating cos shown, SPAC/units hidden):
    BOBS   Bob's Discount Furniture, Inc.     unlock 2026-08-04 (+22d, 180d)
    EIKN   Eikon Therapeutics, Inc.           unlock 2026-08-04 (+22d, 180d)
    CEPS   Cantor Equity Partners VI, Inc.    unlock 2026-08-04 (+22d, 180d ~est180)
    AGMB   Agomab Therapeutics NV             unlock 2026-08-05 (+23d, 180d ~est180)
    SGP    SpyGlass Pharma, Inc.              unlock 2026-08-05 (+23d, 180d)
    OFRM   Once Upon a Farm, PBC              unlock 2026-08-08 (+26d, 180d)
    UOKAF  MDJM LTD                           unlock 2026-08-10 (+28d, 180d ~est180)
    NCI    Neo-Concept International Group Ho unlock 2026-08-10 (+28d, 180d ~est180)
    XFLH-RI XFLH Capital Corp                  unlock 2026-08-11 (+29d, 180d ~est180)
    APC    ARKO Petroleum Corp.               unlock 2026-08-12 (+30d, 180d ~est180)
    SOPAQ  SOCIETY PASS INCORPORATED.         unlock 2026-08-12 (+30d, 180d ~est180)
    BRTX   BioRestorative Therapies, Inc.     unlock 2026-08-12 (+30d, 180d ~est180)
    ZSPC   zSpace, Inc.                       unlock 2026-08-16 (+34d, 180d ~est180)
    HCWB   HCW Biologics Inc.                 unlock 2026-08-18 (+36d, 180d ~est180)
    SHAZ   SharonAI Holdings Inc.             unlock 2026-08-18 (+36d, 180d ~est180)
    ... +15 more operating-co upcoming
    (+44 SPAC/unit upcoming suppressed — in JSON, down-weighted)
[-> LOCKUP_EXPIRY.json]

/Users/ajay/Library/Python/3.9/lib/python/site-packages/urllib3/__init__.py:35: NotOpenSSLWarning: urllib3 v2 only supports OpenSSL 1.1.1+, currently the 'ssl' module is compiled with 'LibreSSL 2.8.3'. See: https://github.com/urllib3/urllib3/issues/3020
  warnings.warn(
HTTP Error 404: {"quoteSummary":{"result":null,"error":{"code":"Not Found","description":"Quote not found for symbol: SGN"}}}
$SGN: possibly delisted; no price data found  (period=1y) (Yahoo error = "No data found, symbol may be delisted")
$SGN: possibly delisted; no price data found  (period=5d) (Yahoo error = "No data found, symbol may be delisted")
$XCBEW: possibly delisted; no price data found  (period=5d)
$WPAC-UN: possibly delisted; no price data found  (period=5d)
$CMIIW: possibly delisted; no price data found  (period=5d)
$PAACW: possibly delisted; no price data found  (period=5d)
$ACAAW: possibly delisted; no price data found  (period=5d)
$SDSTW: possibly delisted; no price data found  (period=5d)

===== 2026-07-20 10:19 (desk) =====
=== IPO LOCK-UP EXPIRY SCANNER  2026-07-20  (274 recent IPOs scanned, 60 prospectuses parsed) ===
  IMMINENT (unlock in 0-21d — the air-pocket window; buy the forced-seller washout):
    BTGO   BITGO HOLDINGS, INC.               unlock 2026-07-22 (+2d, 180d)  IPO 2026-01-23  $5.06  ** VALUE-TRAP: broken IPO: $5.06 vs $18.0 IPO (28% of issue)
    BYAH   Park Ha Biological Technology Co., unlock 2026-07-27 (+7d, 180d ~est180)  IPO 2026-01-28  $0.48  ** VALUE-TRAP: broken IPO: $0.48 vs $4.0 IPO (12% of issue)
    LIFE   Ethos Technologies Inc.            unlock 2026-07-29 (+9d, 180d)  IPO 2026-01-30  $18.66
    YSS    Yellowstone Midco Holdings II, LLC unlock 2026-07-29 (+9d, 180d)  IPO 2026-01-30  $17.31
    OBAI   TG-17, Inc.                        unlock 2026-08-02 (+13d, 180d ~est180)  IPO 2026-02-03  $0.55  ** VALUE-TRAP: broken IPO: $0.55 vs $8.0 IPO (6% of issue)
    BOBS   Bob's Discount Furniture, Inc.     unlock 2026-08-04 (+15d, 180d)  IPO 2026-02-05  $16.26
    EIKN   Eikon Therapeutics, Inc.           unlock 2026-08-04 (+15d, 180d)  IPO 2026-02-05  $9.64  ** VALUE-TRAP: broken IPO: $9.64 vs $18.0 IPO (53% of issue)
    CEPS   Cantor Equity Partners VI, Inc.    unlock 2026-08-04 (+15d, 180d ~est180)  IPO 2026-02-05  $10.42
    AGMB   Agomab Therapeutics NV             unlock 2026-08-05 (+16d, 180d)  IPO 2026-02-06  $12.06
    SGP    SpyGlass Pharma, Inc.              unlock 2026-08-05 (+16d, 180d)  IPO 2026-02-06  $19.78
    OFRM   Once Upon a Farm, PBC              unlock 2026-08-08 (+19d, 180d)  IPO 2026-02-09  $16.6
    XCBEW  X3 Acquisition Corp. Ltd.          unlock 2026-07-20 (+0d, 180d)  IPO 2026-01-21  $0.25 [SPAC/unit]  ** VALUE-TRAP: broken IPO: $0.25 vs $11.5 IPO (2% of issue)
    ALOVU  Aldabra 4 Liquidity Opportunity Ve unlock 2026-07-21 (+1d, 180d ~est180)  IPO 2026-01-22  $10.09 [SPAC/unit]
    HLXC   Helix Acquisition Corp. III        unlock 2026-07-22 (+2d, 180d ~est180)  IPO 2026-01-23  $10.45 [SPAC/unit]
    ARCIW  Archimedes Tech SPAC Partners III  unlock 2026-07-25 (+5d, 180d)  IPO 2026-01-26  $0.62 [SPAC/unit]  ** VALUE-TRAP: broken IPO: $0.62 vs $11.5 IPO (5% of issue)
    PTORW  Praetorian Acquisition Corp.       unlock 2026-07-25 (+5d, 180d ~est180)  IPO 2026-01-26  $0.56 [SPAC/unit]  ** VALUE-TRAP: broken IPO: $0.56 vs $11.5 IPO (4% of issue)
    GIXXR  GigCapital9 Corp.                  unlock 2026-07-27 (+7d, 180d)  IPO 2026-01-28  $0.31 [SPAC/unit]  ** VALUE-TRAP: broken IPO: $0.31 vs $11.5 IPO (2% of issue)
    SAAQW  Space Asset Acquisition Corp.      unlock 2026-07-27 (+7d, 180d ~est180)  IPO 2026-01-28  $0.85 [SPAC/unit]  ** VALUE-TRAP: broken IPO: $0.85 vs $11.5 IPO (7% of issue)
    MLAAU  Mountain Lake Acquisition Corp. II unlock 2026-07-27 (+7d, 180d ~est180)  IPO 2026-01-28  $10.1 [SPAC/unit]
    XSLLW  Xsolla SPAC 1                      unlock 2026-07-28 (+8d, 180d)  IPO 2026-01-29  $0.21 [SPAC/unit]  ** VALUE-TRAP: broken IPO: $0.21 vs $11.5 IPO (1% of issue)
    KRAQW  KRAKacquisition Corp               unlock 2026-07-28 (+8d, 180d)  IPO 2026-01-29  $0.45 [SPAC/unit]  ** VALUE-TRAP: broken IPO: $0.45 vs $11.5 IPO (3% of issue)
    KTWOU  K2 Capital Acquisition Corp        unlock 2026-07-29 (+9d, 180d ~est180)  IPO 2026-01-30  $10.15 [SPAC/unit]
    WPAC-UN White Pearl Acquisition Corp.      unlock 2026-07-29 (+9d, 180d)  IPO 2026-01-30  $10.3 [SPAC/unit]
    NBRGU  Newbridge Acquisition Ltd          unlock 2026-07-29 (+9d, 180d)  IPO 2026-01-30  $10.25 [SPAC/unit]
    MUZEU  Muzero Acquisition Corp            unlock 2026-08-01 (+12d, 180d ~est180)  IPO 2026-02-02  $10.19 [SPAC/unit]
    MEVOW  M Evo Global Acquisition Corp II   unlock 2026-08-01 (+12d, 180d ~est180)  IPO 2026-02-02  $0.39 [SPAC/unit]  ** VALUE-TRAP: broken IPO: $0.39 vs $11.5 IPO (3% of issue)
    IRAB-WT Iris Acquisition Corp II           unlock 2026-08-02 (+13d, 180d)  IPO 2026-02-03  $0.29 [SPAC/unit]  ** VALUE-TRAP: broken IPO: $0.29 vs $11.5 IPO (2% of issue)
    CLBR-WT Colombier Acquisition Corp. III    unlock 2026-08-03 (+14d, 180d ~est180)  IPO 2026-02-04  $0.86 [SPAC/unit]  ** VALUE-TRAP: broken IPO: $0.86 vs $11.5 IPO (7% of issue)
    HCICU  Hennessy Capital Investment Corp.  unlock 2026-08-04 (+15d, 180d)  IPO 2026-02-05  $10.13 [SPAC/unit]
    SSACW  SPACSphere Acquisition Corp.       unlock 2026-08-05 (+16d, 180d)  IPO 2026-02-06  $0.14 [SPAC/unit]  ** VALUE-TRAP: broken IPO: $0.14 vs $11.5 IPO (1% of issue)
    CAQUW  Cambridge Acquisition Corp.        unlock 2026-08-05 (+16d, 180d)  IPO 2026-02-06  $0.35 [SPAC/unit]  ** VALUE-TRAP: broken IPO: $0.35 vs $11.5 IPO (3% of issue)
    SVIVW  Spring Valley Acquisition Corp. IV unlock 2026-08-09 (+20d, 180d ~est180)  IPO 2026-02-10  $0.7 [SPAC/unit]  ** VALUE-TRAP: broken IPO: $0.7 vs $11.5 IPO (6% of issue)
    CMIIW  Columbus Circle Capital Corp II    unlock 2026-08-10 (+21d, 180d ~est180)  IPO 2026-02-11  $1.2 [SPAC/unit]  ** VALUE-TRAP: broken IPO: $1.2 vs $11.5 IPO (10% of issue)
    IACOW  Idea Acquisition Corp.             unlock 2026-08-10 (+21d, 180d ~est180)  IPO 2026-02-11  $0.42 [SPAC/unit]  ** VALUE-TRAP: broken IPO: $0.42 vs $11.5 IPO (3% of issue)
    TMTSW  Spartacus Acquisition Corp. II     unlock 2026-08-10 (+21d, 180d)  IPO 2026-02-11  $0.6 [SPAC/unit]  ** VALUE-TRAP: broken IPO: $0.6 vs $11.5 IPO (5% of issue)
  UPCOMING (22-90d — pre-drift watch; operating cos shown, SPAC/units hidden):
    APC    ARKO Petroleum Corp.               unlock 2026-08-12 (+23d, 180d)
    ZSPC   zSpace, Inc.                       unlock 2026-08-16 (+27d, 180d ~est180)
    FGRS   Figure Technology Solutions, Inc.  unlock 2026-08-17 (+28d, 180d)
    HCWB   HCW Biologics Inc.                 unlock 2026-08-18 (+29d, 180d ~est180)
    ROC    Rank One Computing Corp            unlock 2026-08-19 (+30d, 180d ~est180)
    BHATF  Blue Hat Interactive Entertainment unlock 2026-08-22 (+33d, 180d ~est180)
    BCHT   Birchtech Corp.                    unlock 2026-08-26 (+37d, 180d ~est180)
    GENB   Generate Biomedicines, Inc.        unlock 2026-08-26 (+37d, 180d ~est180)
    MODD   Modular Medical, Inc.              unlock 2026-08-31 (+42d, 180d ~est180)
    INGM   Ingram Micro Holding Corp          unlock 2026-09-02 (+44d, 180d ~est180)
    MMED   MiniMed Group, Inc.                unlock 2026-09-02 (+44d, 180d ~est180)
    PAYP   PayPay Corp                        unlock 2026-09-08 (+50d, 180d ~est180)
    IBG    Innovation Beverage Group Ltd      unlock 2026-09-12 (+54d, 180d ~est180)
    GMTL   Guardian Metal Resources PLC       unlock 2026-09-19 (+61d, 180d ~est180)
    FBLG   FibroBiologics, Inc.               unlock 2026-09-28 (+70d, 180d ~est180)
    ... +9 more operating-co upcoming
    (+40 SPAC/unit upcoming suppressed — in JSON, down-weighted)
  REJECTED (not a fresh-IPO first lock-up — 30):
    FGIIU  FG Imperii Acquisition Corp.       IPO 2026-01-20  <- term_expired (unlock 2026-07-19 already passed)
    EQPT   EquipmentShare.com Inc             IPO 2026-01-26  <- term_expired (unlock 2026-04-26 already passed)
    DXR    DAXOR CORP                         IPO 2026-01-26  <- followon (prior 10-K 2012-03-28 predates IPO — established reporting issuer)
    SEV    Aptera Motors Corp                 IPO 2026-01-26  <- term_expired (unlock 2026-04-26 already passed)
    MTVA   MetaVia Inc.                       IPO 2026-01-16  <- renamed_shell (formerNames: NeuroBo Pharmaceuticals, Inc., Gemphire Therapeutics Inc.; prior 10-Q 2024-11-07 predates IPO — a reverse-merger shell, not a first IPO)
    IEAGU  Infinite Eagle Acquisition Corp.   IPO 2026-01-16  <- term_expired (unlock 2026-07-15 already passed)
    WNW    Meiwu Technology Co Ltd            IPO 2026-01-27  <- renamed_shell (formerNames: Wunong Net Technology Co Ltd; prior 20-F 2024-07-05 predates IPO — a reverse-merger shell, not a first IPO)
    PUMP   ProPetro Holding Corp.             IPO 2026-01-28  <- followon (prior 10-Q 2024-10-31 predates IPO — established reporting issuer)
    SGN    Signing Day Sports, Inc.           IPO 2026-01-14  <- followon (prior 10-Q 2024-11-14 predates IPO — established reporting issuer)
    OIMAU  OneIM Acquisition Corp.            IPO 2026-01-14  <- term_expired (unlock 2026-07-13 already passed)
    BCTXZ  BriaCell Therapeutics Corp.        IPO 2026-01-14  <- renamed_shell (formerNames: Ansell Capital Corp.; prior 10-Q 2024-12-16 predates IPO — a reverse-merger shell, not a first IPO)
    UAC-WT United Acquisition Corp. I         IPO 2026-01-29  <- term_expired (unlock 2026-04-29 already passed)
    GCDT   Green Circle Decarbonize Technolog IPO 2026-01-13  <- term_expired (unlock 2026-07-12 already passed)
    ATCX   ATLAS CRITICAL MINERALS Corp       IPO 2026-01-12  <- renamed_shell (formerNames: Jupiter Gold Corp; prior 20-F 2024-03-12 predates IPO — a reverse-merger shell, not a first IPO)
    BRAI   Braiin Ltd                         IPO 2026-02-02  <- term_expired (unlock 2026-05-03 already passed)
    FEAV   5E Advanced Materials, Inc.        IPO 2026-02-02  <- followon (prior 10-Q 2024-11-13 predates IPO — established reporting issuer)
    AKTS   Aktis Oncology, Inc.               IPO 2026-01-09  <- term_expired (unlock 2026-07-08 already passed)
    GFLT   GenFlat Holdings, Inc.             IPO 2026-02-03  <- renamed_shell (formerNames: Healthcare Business Resources, Inc.; prior 10-Q 2024-11-15 predates IPO — a reverse-merger shell, not a first IPO)
    JCAP   Jefferson Capital, Inc. / DE       IPO 2026-01-08  <- term_expired (unlock 2026-04-08 already passed)
    BUDA   BUDA JUICE, INC.                   IPO 2026-01-08  <- term_expired (unlock 2026-07-07 already passed)
    ... +10 more rejected
[-> LOCKUP_EXPIRY.json]

/Users/ajay/Library/Python/3.9/lib/python/site-packages/urllib3/__init__.py:35: NotOpenSSLWarning: urllib3 v2 only supports OpenSSL 1.1.1+, currently the 'ssl' module is compiled with 'LibreSSL 2.8.3'. See: https://github.com/urllib3/urllib3/issues/3020
  warnings.warn(
$ALOVU: possibly delisted; no price data found  (period=5d)
$MLAAU: possibly delisted; no price data found  (period=5d)
$XSLLW: possibly delisted; no price data found  (period=5d)
$WPAC-UN: possibly delisted; no price data found  (period=5d)
$NBRGU: possibly delisted; no price data found  (period=5d)
$MUZEU: possibly delisted; no price data found  (period=5d)
$MEVOW: possibly delisted; no price data found  (period=5d)
$CMIIW: possibly delisted; no price data found  (period=5d)
$PAACW: possibly delisted; no price data found  (period=5d)
$FGRS: possibly delisted; no price data found  (period=1y) (Yahoo error = "No data found, symbol may be delisted")
$FGRS: possibly delisted; no price data found  (period=5d) (Yahoo error = "No data found, symbol may be delisted")
Failed to get ticker 'ACAAU' reason: Failed to perform, curl: (6) Recv failure: Operation timed out. See https://curl.se/libcurl/c/libcurl-errors.html first for more details.
Failed to get ticker 'SHAZW' reason: Failed to perform, curl: (6) Could not resolve host: query2.finance.yahoo.com. See https://curl.se/libcurl/c/libcurl-errors.html first for more details.
Failed to get ticker 'CTAAR' reason: Failed to perform, curl: (6) Could not resolve host: query2.finance.yahoo.com. See https://curl.se/libcurl/c/libcurl-errors.html first for more details.
Failed to get ticker 'ILLUW' reason: Failed to perform, curl: (6) Could not resolve host: query2.finance.yahoo.com. See https://curl.se/libcurl/c/libcurl-errors.html first for more details.
Failed to get ticker 'GLED-UN' reason: Failed to perform, curl: (6) Could not resolve host: query2.finance.yahoo.com. See https://curl.se/libcurl/c/libcurl-errors.html first for more details.
Failed to get ticker 'PONOR' reason: Failed to perform, curl: (6) Could not resolve host: query2.finance.yahoo.com. See https://curl.se/libcurl/c/libcurl-errors.html first for more details.
Failed to get ticker 'MYXXR' reason: Failed to perform, curl: (6) Could not resolve host: query2.finance.yahoo.com. See https://curl.se/libcurl/c/libcurl-errors.html first for more details.
Failed to get ticker 'ARXS' reason: Failed to perform, curl: (6) Could not resolve host: query2.finance.yahoo.com. See https://curl.se/libcurl/c/libcurl-errors.html first for more details.
Failed to get ticker 'NHIVW' reason: Failed to perform, curl: (6) Could not resolve host: query2.finance.yahoo.com. See https://curl.se/libcurl/c/libcurl-errors.html first for more details.
Failed to get ticker 'QRED-RI' reason: Failed to perform, curl: (6) Could not resolve host: query2.finance.yahoo.com. See https://curl.se/libcurl/c/libcurl-errors.html first for more details.
Failed to get ticker 'KLRA' reason: Failed to perform, curl: (6) Could not resolve host: query2.finance.yahoo.com. See https://curl.se/libcurl/c/libcurl-errors.html first for more details.
Failed to get ticker 'ALMR' reason: Failed to perform, curl: (6) Could not resolve host: query2.finance.yahoo.com. See https://curl.se/libcurl/c/libcurl-errors.html first for more details.
Failed to get ticker 'JATT' reason: Failed to perform, curl: (6) Could not resolve host: query2.finance.yahoo.com. See https://curl.se/libcurl/c/libcurl-errors.html first for more details.
Failed to get ticker 'FCHL' reason: Failed to perform, curl: (6) Could not resolve host: query2.finance.yahoo.com. See https://curl.se/libcurl/c/libcurl-errors.html first for more details.
Failed to get ticker 'DETX' reason: Failed to perform, curl: (6) Could not resolve host: query2.finance.yahoo.com. See https://curl.se/libcurl/c/libcurl-errors.html first for more details.

===== 2026-07-27 23:32 (desk) =====
=== IPO LOCK-UP EXPIRY SCANNER  2026-07-27  (274 recent IPOs scanned, 60 prospectuses parsed) ===
  IMMINENT (unlock in 0-21d — the air-pocket window; buy the forced-seller washout):
    BYAH   Park Ha Biological Technology Co., unlock 2026-07-27 (+0d, 180d ~est180)  IPO 2026-01-28  px?
    LIFE   Ethos Technologies Inc.            unlock 2026-07-29 (+2d, 180d)  IPO 2026-01-30  px?
    YSS    Yellowstone Midco Holdings II, LLC unlock 2026-07-29 (+2d, 180d)  IPO 2026-01-30  px?
    OBAI   TG-17, Inc.                        unlock 2026-08-02 (+6d, 180d ~est180)  IPO 2026-02-03  px?
    BOBS   Bob's Discount Furniture, Inc.     unlock 2026-08-04 (+8d, 180d)  IPO 2026-02-05  px?
    EIKN   Eikon Therapeutics, Inc.           unlock 2026-08-04 (+8d, 180d)  IPO 2026-02-05  px?
    CEPS   Cantor Equity Partners VI, Inc.    unlock 2026-08-04 (+8d, 180d ~est180)  IPO 2026-02-05  px?
    AGMB   Agomab Therapeutics NV             unlock 2026-08-05 (+9d, 180d)  IPO 2026-02-06  px?
    SGP    SpyGlass Pharma, Inc.              unlock 2026-08-05 (+9d, 180d)  IPO 2026-02-06  px?
    OFRM   Once Upon a Farm, PBC              unlock 2026-08-08 (+12d, 180d)  IPO 2026-02-09  px?
    APC    ARKO Petroleum Corp.               unlock 2026-08-12 (+16d, 180d)  IPO 2026-02-13  px?
    ZSPC   zSpace, Inc.                       unlock 2026-08-16 (+20d, 180d ~est180)  IPO 2026-02-17  px?
    FGRS   Figure Technology Solutions, Inc.  unlock 2026-08-17 (+21d, 180d)  IPO 2026-02-18  px?
    GIXXR  GigCapital9 Corp.                  unlock 2026-07-27 (+0d, 180d)  IPO 2026-01-28  px? [SPAC/unit]
    SAAQU  Space Asset Acquisition Corp.      unlock 2026-07-27 (+0d, 180d ~est180)  IPO 2026-01-28  px? [SPAC/unit]
    MLAAU  Mountain Lake Acquisition Corp. II unlock 2026-07-27 (+0d, 180d ~est180)  IPO 2026-01-28  px? [SPAC/unit]
    XSLLW  Xsolla SPAC 1                      unlock 2026-07-28 (+1d, 180d)  IPO 2026-01-29  px? [SPAC/unit]
    KRAQW  KRAKacquisition Corp               unlock 2026-07-28 (+1d, 180d)  IPO 2026-01-29  px? [SPAC/unit]
    KTWOU  K2 Capital Acquisition Corp        unlock 2026-07-29 (+2d, 180d ~est180)  IPO 2026-01-30  px? [SPAC/unit]
    WPAC-UN White Pearl Acquisition Corp.      unlock 2026-07-29 (+2d, 180d)  IPO 2026-01-30  px? [SPAC/unit]
    NBRGU  Newbridge Acquisition Ltd          unlock 2026-07-29 (+2d, 180d)  IPO 2026-01-30  px? [SPAC/unit]
    MUZEU  Muzero Acquisition Corp            unlock 2026-08-01 (+5d, 180d ~est180)  IPO 2026-02-02  px? [SPAC/unit]
    MEVOW  M Evo Global Acquisition Corp II   unlock 2026-08-01 (+5d, 180d ~est180)  IPO 2026-02-02  px? [SPAC/unit]
    IRAB-WT Iris Acquisition Corp II           unlock 2026-08-02 (+6d, 180d)  IPO 2026-02-03  px? [SPAC/unit]
    CLBR-WT Colombier Acquisition Corp. III    unlock 2026-08-03 (+7d, 180d ~est180)  IPO 2026-02-04  px? [SPAC/unit]
    HCICU  Hennessy Capital Investment Corp.  unlock 2026-08-04 (+8d, 180d)  IPO 2026-02-05  px? [SPAC/unit]
    SSACW  SPACSphere Acquisition Corp.       unlock 2026-08-05 (+9d, 180d)  IPO 2026-02-06  px? [SPAC/unit]
    CAQUW  Cambridge Acquisition Corp.        unlock 2026-08-05 (+9d, 180d)  IPO 2026-02-06  px? [SPAC/unit]
    SVIVW  Spring Valley Acquisition Corp. IV unlock 2026-08-09 (+13d, 180d ~est180)  IPO 2026-02-10  px? [SPAC/unit]
    CMIIW  Columbus Circle Capital Corp II    unlock 2026-08-10 (+14d, 180d ~est180)  IPO 2026-02-11  px? [SPAC/unit]
    IACOW  Idea Acquisition Corp.             unlock 2026-08-10 (+14d, 180d ~est180)  IPO 2026-02-11  px? [SPAC/unit]
    TMTSW  Spartacus Acquisition Corp. II     unlock 2026-08-10 (+14d, 180d)  IPO 2026-02-11  px? [SPAC/unit]
    DBCAW  D. Boral Acquisition I Corp.       unlock 2026-08-11 (+15d, 180d)  IPO 2026-02-12  px? [SPAC/unit]
    HACQU  HCM IV Acquisition Corp.           unlock 2026-08-11 (+15d, 180d ~est180)  IPO 2026-02-12  px? [SPAC/unit]
    XFLH-UN XFLH Capital Corp                  unlock 2026-08-11 (+15d, 180d)  IPO 2026-02-12  px? [SPAC/unit]
    WLIIW  Willow Lane Acquisition Corp. II   unlock 2026-08-12 (+16d, 180d ~est180)  IPO 2026-02-13  px? [SPAC/unit]
    PAACW  Proem Acquisition Corp. I          unlock 2026-08-12 (+16d, 180d ~est180)  IPO 2026-02-13  px? [SPAC/unit]
    AACIW  Armada Acquisition Corp. III       unlock 2026-08-17 (+21d, 180d)  IPO 2026-02-18  px? [SPAC/unit]
    LIMNW  Liminatus Pharma, Inc.             unlock 2026-08-17 (+21d, 180d)  IPO 2026-02-18  px? [SPAC/unit]
    ACAAU  Averin Capital Acquisition Corp.   unlock 2026-08-17 (+21d, 180d)  IPO 2026-02-18  px? [SPAC/unit]
  UPCOMING (22-90d — pre-drift watch; operating cos shown, SPAC/units hidden):
    ROC    Rank One Computing Corp            unlock 2026-08-19 (+23d, 180d ~est180)
    GENB   Generate Biomedicines, Inc.        unlock 2026-08-26 (+30d, 180d ~est180)
    MMED   MiniMed Group, Inc.                unlock 2026-09-02 (+37d, 180d ~est180)
    PAYP   PayPay Corp                        unlock 2026-09-08 (+43d, 180d ~est180)
    IBG    Innovation Beverage Group Ltd      unlock 2026-09-12 (+47d, 180d ~est180)
    GMTL   Guardian Metal Resources PLC       unlock 2026-09-19 (+54d, 180d ~est180)
    HMH    HMH Holding Inc                    unlock 2026-09-28 (+63d, 180d ~est180)
    LGN    Legence Corp.                      unlock 2026-10-05 (+70d, 180d ~est180)
    MICC   Magnum Ice Cream Co N.V.           unlock 2026-10-10 (+75d, 180d ~est180)
    ARXS   Arxis, Inc.                        unlock 2026-10-13 (+78d, 180d ~est180)
    TJGC   TJGC GROUP Ltd                     unlock 2026-10-13 (+78d, 180d ~est180)
    KLRA   Kailera Therapeutics, Inc.         unlock 2026-10-14 (+79d, 180d ~est180)
    FCHL   Fitness Champs Holdings Ltd        unlock 2026-10-17 (+82d, 180d ~est180)
    DETX   LIBERTY DEFENSE HOLDINGS, LTD.     unlock 2026-10-18 (+83d, 180d ~est180)
    YSWY   Yesway, Inc.                       unlock 2026-10-20 (+85d, 180d ~est180)
    ... +2 more operating-co upcoming
    (+32 SPAC/unit upcoming suppressed — in JSON, down-weighted)
  REJECTED (not a fresh-IPO first lock-up — 69):
    PUMP   ProPetro Holding Corp.             IPO 2026-01-28  <- followon (prior 10-Q 2024-10-31 predates IPO — established reporting issuer)
    UAC-WT United Acquisition Corp. I         IPO 2026-01-29  <- term_expired (unlock 2026-04-29 already passed)
    WNW    Meiwu Technology Co Ltd            IPO 2026-01-27  <- renamed_shell (formerNames: Wunong Net Technology Co Ltd; prior 20-F 2024-07-05 predates IPO — a reverse-merger shell, not a first IPO)
    EQPT   EquipmentShare.com Inc             IPO 2026-01-26  <- term_expired (unlock 2026-04-26 already passed)
    DXR    DAXOR CORP                         IPO 2026-01-26  <- followon (prior 10-K 2012-03-28 predates IPO — established reporting issuer)
    ARCIW  Archimedes Tech SPAC Partners III  IPO 2026-01-26  <- term_expired (unlock 2026-07-25 already passed)
    PTORW  Praetorian Acquisition Corp.       IPO 2026-01-26  <- term_expired (unlock 2026-07-25 already passed)
    SEV    Aptera Motors Corp                 IPO 2026-01-26  <- term_expired (unlock 2026-04-26 already passed)
    BRAI   Braiin Ltd                         IPO 2026-02-02  <- term_expired (unlock 2026-05-03 already passed)
    FEAV   5E Advanced Materials, Inc.        IPO 2026-02-02  <- followon (prior 10-Q 2024-11-13 predates IPO — established reporting issuer)
    BTGO   BITGO HOLDINGS, INC.               IPO 2026-01-23  <- term_expired (unlock 2026-07-22 already passed)
    HLXC   Helix Acquisition Corp. III        IPO 2026-01-23  <- term_expired (unlock 2026-07-22 already passed)
    GFLT   GenFlat Holdings, Inc.             IPO 2026-02-03  <- renamed_shell (formerNames: Healthcare Business Resources, Inc.; prior 10-Q 2024-11-15 predates IPO — a reverse-merger shell, not a first IPO)
    ALOVU  Aldabra 4 Liquidity Opportunity Ve IPO 2026-01-22  <- term_expired (unlock 2026-07-21 already passed)
    XCBEW  X3 Acquisition Corp. Ltd.          IPO 2026-01-21  <- term_expired (unlock 2026-07-20 already passed)
    FGIIU  FG Imperii Acquisition Corp.       IPO 2026-01-20  <- term_expired (unlock 2026-07-19 already passed)
    LASE   Laser Photonics Corp               IPO 2026-02-09  <- followon (prior 10-Q 2024-11-18 predates IPO — established reporting issuer)
    MTVA   MetaVia Inc.                       IPO 2026-01-16  <- renamed_shell (formerNames: NeuroBo Pharmaceuticals, Inc., Gemphire Therapeutics Inc.; prior 10-Q 2024-11-07 predates IPO — a reverse-merger shell, not a first IPO)
    JAGU   Jaguar Uranium Corp.               IPO 2026-02-11  <- term_expired (unlock 2026-06-11 already passed)
    IVDAW  Iveda Solutions, Inc.              IPO 2026-02-11  <- renamed_shell (formerNames: Iveda Corp, Charmed Homes Inc.; prior 10-Q 2024-11-14 predates IPO — a reverse-merger shell, not a first IPO)
    ... +49 more rejected
[-> LOCKUP_EXPIRY.json]

/Users/ajay/Library/Python/3.9/lib/python/site-packages/urllib3/__init__.py:35: NotOpenSSLWarning: urllib3 v2 only supports OpenSSL 1.1.1+, currently the 'ssl' module is compiled with 'LibreSSL 2.8.3'. See: https://github.com/urllib3/urllib3/issues/3020
  warnings.warn(

===== 2026-08-04 00:35 (desk) =====
=== IPO LOCK-UP EXPIRY SCANNER  2026-08-04  (274 recent IPOs scanned, 60 prospectuses parsed) ===
  IMMINENT (unlock in 0-21d — the air-pocket window; buy the forced-seller washout):
    BOBS   Bob's Discount Furniture, Inc.     unlock 2026-08-04 (+0d, 180d)  IPO 2026-02-05  px?
    EIKN   Eikon Therapeutics, Inc.           unlock 2026-08-04 (+0d, 180d)  IPO 2026-02-05  px?
    CEPS   Cantor Equity Partners VI, Inc.    unlock 2026-08-04 (+0d, 180d ~est180)  IPO 2026-02-05  px?
    AGMB   Agomab Therapeutics NV             unlock 2026-08-05 (+1d, 180d)  IPO 2026-02-06  px?
    SGP    SpyGlass Pharma, Inc.              unlock 2026-08-05 (+1d, 180d)  IPO 2026-02-06  px?
    OFRM   Once Upon a Farm, PBC              unlock 2026-08-08 (+4d, 180d)  IPO 2026-02-09  px?
    XFLH-RI XFLH Capital Corp                  unlock 2026-08-11 (+7d, 180d)  IPO 2026-02-12  px?
    APC    ARKO Petroleum Corp.               unlock 2026-08-12 (+8d, 180d)  IPO 2026-02-13  px?
    ZSPC   zSpace, Inc.                       unlock 2026-08-16 (+12d, 180d ~est180)  IPO 2026-02-17  px?
    FGRS   Figure Technology Solutions, Inc.  unlock 2026-08-17 (+13d, 180d)  IPO 2026-02-18  px?
    ROC    Rank One Computing Corp            unlock 2026-08-19 (+15d, 180d)  IPO 2026-02-20  px?
    HCICU  Hennessy Capital Investment Corp.  unlock 2026-08-04 (+0d, 180d)  IPO 2026-02-05  px? [SPAC/unit]
    SSACW  SPACSphere Acquisition Corp.       unlock 2026-08-05 (+1d, 180d)  IPO 2026-02-06  px? [SPAC/unit]
    CAQUW  Cambridge Acquisition Corp.        unlock 2026-08-05 (+1d, 180d)  IPO 2026-02-06  px? [SPAC/unit]
    SVIVW  Spring Valley Acquisition Corp. IV unlock 2026-08-09 (+5d, 180d ~est180)  IPO 2026-02-10  px? [SPAC/unit]
    CMIIW  Columbus Circle Capital Corp II    unlock 2026-08-10 (+6d, 180d ~est180)  IPO 2026-02-11  px? [SPAC/unit]
    IACOW  Idea Acquisition Corp.             unlock 2026-08-10 (+6d, 180d ~est180)  IPO 2026-02-11  px? [SPAC/unit]
    TMTSW  Spartacus Acquisition Corp. II     unlock 2026-08-10 (+6d, 180d)  IPO 2026-02-11  px? [SPAC/unit]
    DBCAW  D. Boral Acquisition I Corp.       unlock 2026-08-11 (+7d, 180d)  IPO 2026-02-12  px? [SPAC/unit]
    HACQU  HCM IV Acquisition Corp.           unlock 2026-08-11 (+7d, 180d ~est180)  IPO 2026-02-12  px? [SPAC/unit]
    WLIIW  Willow Lane Acquisition Corp. II   unlock 2026-08-12 (+8d, 180d ~est180)  IPO 2026-02-13  px? [SPAC/unit]
    PAACW  Proem Acquisition Corp. I          unlock 2026-08-12 (+8d, 180d ~est180)  IPO 2026-02-13  px? [SPAC/unit]
    AACIW  Armada Acquisition Corp. III       unlock 2026-08-17 (+13d, 180d)  IPO 2026-02-18  px? [SPAC/unit]
    LIMNW  Liminatus Pharma, Inc.             unlock 2026-08-17 (+13d, 180d)  IPO 2026-02-18  px? [SPAC/unit]
    ACAAU  Averin Capital Acquisition Corp.   unlock 2026-08-17 (+13d, 180d)  IPO 2026-02-18  px? [SPAC/unit]
    AACOW  Abony Acquisition Corp. I          unlock 2026-08-18 (+14d, 180d ~est180)  IPO 2026-02-19  px? [SPAC/unit]
    CTAAR  Clearthink 1 Acquisition Corp.     unlock 2026-08-24 (+20d, 180d ~est180)  IPO 2026-02-25  px? [SPAC/unit]
    FVAV   Fortress Value Acquisition Corp. V unlock 2026-08-25 (+21d, 180d ~est180)  IPO 2026-02-26  px? [SPAC/unit]
    TRGSR  TRG Latin America Acquisitions Cor unlock 2026-08-25 (+21d, 180d ~est180)  IPO 2026-02-26  px? [SPAC/unit]
    MZYX-WT MOZAYYX Acquisition Corp.          unlock 2026-08-25 (+21d, 180d ~est180)  IPO 2026-02-26  px? [SPAC/unit]
  UPCOMING (22-90d — pre-drift watch; operating cos shown, SPAC/units hidden):
    GENB   Generate Biomedicines, Inc.        unlock 2026-08-26 (+22d, 180d ~est180)
    MMED   MiniMed Group, Inc.                unlock 2026-09-02 (+29d, 180d ~est180)
    PAYP   PayPay Corp                        unlock 2026-09-08 (+35d, 180d ~est180)
    IBG    Innovation Beverage Group Ltd      unlock 2026-09-12 (+39d, 180d ~est180)
    GMTL   Guardian Metal Resources PLC       unlock 2026-09-19 (+46d, 180d ~est180)
    HMH    HMH Holding Inc                    unlock 2026-09-28 (+55d, 180d ~est180)
    LGN    Legence Corp.                      unlock 2026-10-05 (+62d, 180d ~est180)
    MICC   Magnum Ice Cream Co N.V.           unlock 2026-10-10 (+67d, 180d ~est180)
    ARXS   Arxis, Inc.                        unlock 2026-10-13 (+70d, 180d ~est180)
    TJGC   TJGC GROUP Ltd                     unlock 2026-10-13 (+70d, 180d ~est180)
    KLRA   Kailera Therapeutics, Inc.         unlock 2026-10-14 (+71d, 180d ~est180)
    FCHL   Fitness Champs Holdings Ltd        unlock 2026-10-17 (+74d, 180d ~est180)
    DETX   LIBERTY DEFENSE HOLDINGS, LTD.     unlock 2026-10-18 (+75d, 180d ~est180)
    YSWY   Yesway, Inc.                       unlock 2026-10-20 (+77d, 180d ~est180)
    ELMT   Elmet Group Co.                    unlock 2026-10-20 (+77d, 180d ~est180)
    ... +7 more operating-co upcoming
    (+34 SPAC/unit upcoming suppressed — in JSON, down-weighted)
  REJECTED (not a fresh-IPO first lock-up — 77):
    CLBR-WT Colombier Acquisition Corp. III    IPO 2026-02-04  <- term_expired (unlock 2026-08-03 already passed)
    GFLT   GenFlat Holdings, Inc.             IPO 2026-02-03  <- renamed_shell (formerNames: Healthcare Business Resources, Inc.; prior 10-Q 2024-11-15 predates IPO — a reverse-merger shell, not a first IPO)
    IRAB-WT Iris Acquisition Corp II           IPO 2026-02-03  <- term_expired (unlock 2026-08-02 already passed)
    OBAI   TG-17, Inc.                        IPO 2026-02-03  <- term_expired (unlock 2026-08-02 already passed)
    BRAI   Braiin Ltd                         IPO 2026-02-02  <- term_expired (unlock 2026-05-03 already passed)
    FEAV   5E Advanced Materials, Inc.        IPO 2026-02-02  <- followon (prior 10-Q 2024-11-13 predates IPO — established reporting issuer)
    MUZEU  Muzero Acquisition Corp            IPO 2026-02-02  <- term_expired (unlock 2026-08-01 already passed)
    MEVOW  M Evo Global Acquisition Corp II   IPO 2026-02-02  <- term_expired (unlock 2026-08-01 already passed)
    LASE   Laser Photonics Corp               IPO 2026-02-09  <- followon (prior 10-Q 2024-11-18 predates IPO — established reporting issuer)
    JAGU   Jaguar Uranium Corp.               IPO 2026-02-11  <- term_expired (unlock 2026-06-11 already passed)
    IVDAW  Iveda Solutions, Inc.              IPO 2026-02-11  <- renamed_shell (formerNames: Iveda Corp, Charmed Homes Inc.; prior 10-Q 2024-11-14 predates IPO — a reverse-merger shell, not a first IPO)
    UOKAF  MDJM LTD                           IPO 2026-02-11  <- followon (prior 20-F 2024-04-29 predates IPO — established reporting issuer)
    NCI    Neo-Concept International Group Ho IPO 2026-02-11  <- followon (prior 20-F 2024-05-14 predates IPO — established reporting issuer)
    LIFE   Ethos Technologies Inc.            IPO 2026-01-30  <- term_expired (unlock 2026-07-29 already passed)
    YSS    Yellowstone Midco Holdings II, LLC IPO 2026-01-30  <- term_expired (unlock 2026-07-29 already passed)
    KTWOU  K2 Capital Acquisition Corp        IPO 2026-01-30  <- term_expired (unlock 2026-07-29 already passed)
    WPAC-UN White Pearl Acquisition Corp.      IPO 2026-01-30  <- term_expired (unlock 2026-07-29 already passed)
    NBRGU  Newbridge Acquisition Ltd          IPO 2026-01-30  <- term_expired (unlock 2026-07-29 already passed)
    RFAMU  RF Acquisition Corp III            IPO 2026-02-12  <- term_expired (unlock 2026-04-13 already passed)
    XSLLW  Xsolla SPAC 1                      IPO 2026-01-29  <- term_expired (unlock 2026-07-28 already passed)
    ... +57 more rejected
[-> LOCKUP_EXPIRY.json]

/Users/ajay/Library/Python/3.9/lib/python/site-packages/urllib3/__init__.py:35: NotOpenSSLWarning: urllib3 v2 only supports OpenSSL 1.1.1+, currently the 'ssl' module is compiled with 'LibreSSL 2.8.3'. See: https://github.com/urllib3/urllib3/issues/3020
  warnings.warn(

===== 2026-08-11 01:41 (desk) =====
=== IPO LOCK-UP EXPIRY SCANNER  2026-08-11  (273 recent IPOs scanned, 60 prospectuses parsed) ===
  IMMINENT (unlock in 0-21d — the air-pocket window; buy the forced-seller washout):
    XFLH-RI XFLH Capital Corp                  unlock 2026-08-11 (+0d, 180d)  IPO 2026-02-12  $0.1
    APC    ARKO Petroleum Corp.               unlock 2026-08-12 (+1d, 180d)  IPO 2026-02-13  $18.62
    ZSPC   zSpace, Inc.                       unlock 2026-08-16 (+5d, 180d ~est180)  IPO 2026-02-17  $0.17  ** VALUE-TRAP: broken IPO: $0.17 vs $3.25 IPO (5% of issue)
    FGRS   Figure Technology Solutions, Inc.  unlock 2026-08-17 (+6d, 180d)  IPO 2026-02-18  px?
    ROC    Rank One Computing Corp            unlock 2026-08-19 (+8d, 180d)  IPO 2026-02-20  $4.26
    DBCAW  D. Boral Acquisition I Corp.       unlock 2026-08-11 (+0d, 180d)  IPO 2026-02-12  $0.41 [SPAC/unit]  ** VALUE-TRAP: broken IPO: $0.41 vs $11.5 IPO (3% of issue)
    HACQU  HCM IV Acquisition Corp.           unlock 2026-08-11 (+0d, 180d ~est180)  IPO 2026-02-12  $10.17 [SPAC/unit]
    WLIIW  Willow Lane Acquisition Corp. II   unlock 2026-08-12 (+1d, 180d ~est180)  IPO 2026-02-13  $0.73 [SPAC/unit]  ** VALUE-TRAP: broken IPO: $0.73 vs $11.5 IPO (6% of issue)
    PAACW  Proem Acquisition Corp. I          unlock 2026-08-12 (+1d, 180d ~est180)  IPO 2026-02-13  $0.38 [SPAC/unit]  ** VALUE-TRAP: broken IPO: $0.38 vs $11.5 IPO (3% of issue)
    AACIW  Armada Acquisition Corp. III       unlock 2026-08-17 (+6d, 180d)  IPO 2026-02-18  $0.31 [SPAC/unit]  ** VALUE-TRAP: broken IPO: $0.31 vs $11.5 IPO (2% of issue)
    LIMNW  Liminatus Pharma, Inc.             unlock 2026-08-17 (+6d, 180d)  IPO 2026-02-18  $0.05 [SPAC/unit]  ** VALUE-TRAP: broken IPO: $0.05 vs $0.29 IPO (17% of issue)
    AACOW  Abony Acquisition Corp. I          unlock 2026-08-18 (+7d, 180d ~est180)  IPO 2026-02-19  $0.37 [SPAC/unit]  ** VALUE-TRAP: broken IPO: $0.37 vs $11.5 IPO (3% of issue)
    CTAAR  Clearthink 1 Acquisition Corp.     unlock 2026-08-24 (+13d, 180d ~est180)  IPO 2026-02-25  $0.22 [SPAC/unit]  ** VALUE-TRAP: broken IPO: $0.22 vs $10.0 IPO (2% of issue)
    TRGSR  TRG Latin America Acquisitions Cor unlock 2026-08-25 (+14d, 180d ~est180)  IPO 2026-02-26  $0.17 [SPAC/unit]  ** VALUE-TRAP: broken IPO: $0.17 vs $12.0 IPO (1% of issue)
    FVAV   Fortress Value Acquisition Corp. V unlock 2026-08-25 (+14d, 180d ~est180)  IPO 2026-02-26  $10.16 [SPAC/unit]
    MZYX-UN MOZAYYX Acquisition Corp.          unlock 2026-08-25 (+14d, 180d ~est180)  IPO 2026-02-26  $10.19 [SPAC/unit]
    TRAD-UN APEX Tech Acquisition Inc.         unlock 2026-08-26 (+15d, 180d)  IPO 2026-02-27  $10.29 [SPAC/unit]
    ILLUW  Illumination Acquisition Corp. I   unlock 2026-08-26 (+15d, 180d)  IPO 2026-02-27  $0.44 [SPAC/unit]  ** VALUE-TRAP: broken IPO: $0.44 vs $11.5 IPO (3% of issue)
    KCAC-WT Kensington Capital Acquisition Cor unlock 2026-09-01 (+21d, 180d)  IPO 2026-03-05  $1.18 [SPAC/unit]  ** VALUE-TRAP: broken IPO: $1.18 vs $11.5 IPO (10% of issue)
  UPCOMING (22-90d — pre-drift watch; operating cos shown, SPAC/units hidden):
    MMED   MiniMed Group, Inc.                unlock 2026-09-02 (+22d, 180d)
    PAYP   PayPay Corp                        unlock 2026-09-08 (+28d, 180d ~est180)
    IBG    Innovation Beverage Group Ltd      unlock 2026-09-12 (+32d, 180d ~est180)
    GMTL   Guardian Metal Resources PLC       unlock 2026-09-19 (+39d, 180d ~est180)
    HMH    HMH Holding Inc                    unlock 2026-09-28 (+48d, 180d ~est180)
    LGN    Legence Corp.                      unlock 2026-10-05 (+55d, 180d ~est180)
    MICC   Magnum Ice Cream Co N.V.           unlock 2026-10-10 (+60d, 180d ~est180)
    ARXS   Arxis, Inc.                        unlock 2026-10-13 (+63d, 180d ~est180)
    TJGC   TJGC GROUP Ltd                     unlock 2026-10-13 (+63d, 180d ~est180)
    KLRA   Kailera Therapeutics, Inc.         unlock 2026-10-14 (+64d, 180d ~est180)
    FCHL   Fitness Champs Holdings Ltd        unlock 2026-10-17 (+67d, 180d ~est180)
    DETX   LIBERTY DEFENSE HOLDINGS, LTD.     unlock 2026-10-18 (+68d, 180d ~est180)
    YSWY   Yesway, Inc.                       unlock 2026-10-20 (+70d, 180d ~est180)
    ELMT   Elmet Group Co.                    unlock 2026-10-20 (+70d, 180d ~est180)
    XE     X-Energy, Inc.                     unlock 2026-10-24 (+74d, 180d ~est180)
    ... +12 more operating-co upcoming
    (+32 SPAC/unit upcoming suppressed — in JSON, down-weighted)
  REJECTED (not a fresh-IPO first lock-up — 86):
    RFAMU  RF Acquisition Corp III            IPO 2026-02-12  <- term_expired (unlock 2026-04-13 already passed)
    SOPAQ  SOCIETY PASS INCORPORATED.         IPO 2026-02-13  <- followon (prior 10-Q 2024-11-15 predates IPO — established reporting issuer)
    JAGU   Jaguar Uranium Corp.               IPO 2026-02-11  <- term_expired (unlock 2026-06-11 already passed)
    IVDAW  Iveda Solutions, Inc.              IPO 2026-02-11  <- renamed_shell (formerNames: Iveda Corp, Charmed Homes Inc.; prior 10-Q 2024-11-14 predates IPO — a reverse-merger shell, not a first IPO)
    UOKAF  MDJM LTD                           IPO 2026-02-11  <- followon (prior 20-F 2024-04-29 predates IPO — established reporting issuer)
    CMIIW  Columbus Circle Capital Corp II    IPO 2026-02-11  <- term_expired (unlock 2026-08-10 already passed)
    IACOW  Idea Acquisition Corp.             IPO 2026-02-11  <- term_expired (unlock 2026-08-10 already passed)
    TMTSW  Spartacus Acquisition Corp. II     IPO 2026-02-11  <- term_expired (unlock 2026-08-10 already passed)
    NCI    Neo-Concept International Group Ho IPO 2026-02-11  <- followon (prior 20-F 2024-05-14 predates IPO — established reporting issuer)
    SVIVW  Spring Valley Acquisition Corp. IV IPO 2026-02-10  <- term_expired (unlock 2026-08-09 already passed)
    OFRM   Once Upon a Farm, PBC              IPO 2026-02-09  <- term_expired (unlock 2026-08-08 already passed)
    LASE   Laser Photonics Corp               IPO 2026-02-09  <- followon (prior 10-Q 2024-11-18 predates IPO — established reporting issuer)
    AGMB   Agomab Therapeutics NV             IPO 2026-02-06  <- term_expired (unlock 2026-08-05 already passed)
    SGP    SpyGlass Pharma, Inc.              IPO 2026-02-06  <- term_expired (unlock 2026-08-05 already passed)
    SSACU  SPACSphere Acquisition Corp.       IPO 2026-02-06  <- term_expired (unlock 2026-08-05 already passed)
    CAQUW  Cambridge Acquisition Corp.        IPO 2026-02-06  <- term_expired (unlock 2026-08-05 already passed)
    HCWB   HCW Biologics Inc.                 IPO 2026-02-19  <- followon (prior 10-Q 2024-11-14 predates IPO — established reporting issuer)
    SHAZW  SharonAI Holdings Inc.             IPO 2026-02-19  <- term_expired (unlock 2026-05-20 already passed)
    BOBS   Bob's Discount Furniture, Inc.     IPO 2026-02-05  <- term_expired (unlock 2026-08-04 already passed)
    EIKN   Eikon Therapeutics, Inc.           IPO 2026-02-05  <- term_expired (unlock 2026-08-04 already passed)
    ... +66 more rejected
[-> LOCKUP_EXPIRY.json]

/Users/ajay/Library/Python/3.9/lib/python/site-packages/urllib3/__init__.py:35: NotOpenSSLWarning: urllib3 v2 only supports OpenSSL 1.1.1+, currently the 'ssl' module is compiled with 'LibreSSL 2.8.3'. See: https://github.com/urllib3/urllib3/issues/3020
  warnings.warn(
$DBCAW: possibly delisted; no price data found  (period=5d)
$HACQU: possibly delisted; no price data found  (period=5d)
$WLIIW: possibly delisted; no price data found  (period=5d)
$PAACW: possibly delisted; no price data found  (period=5d)
$FGRS: possibly delisted; no price data found  (period=1y) (Yahoo error = "No data found, symbol may be delisted")
$FGRS: possibly delisted; no price data found  (period=5d) (Yahoo error = "No data found, symbol may be delisted")
$MZYX-UN: possibly delisted; no price data found  (period=5d)
$ILLUW: possibly delisted; no price data found  (period=5d)
$GLED-UN: possibly delisted; no price data found  (period=5d)
$SUMAR: possibly delisted; no price data found  (period=5d)
$MTAL-WT: possibly delisted; no price data found  (period=5d)
$BHAVR: possibly delisted; no price data found  (period=5d)
$BWIV-WT: possibly delisted; no price data found  (period=5d)
$QADRU: possibly delisted; no price data found  (period=5d)
$IPFXU: possibly delisted; no price data found  (period=5d)
$NHIVW: possibly delisted; no price data found  (period=5d)
$PLUN-UN: possibly delisted; no price data found  (period=5d)
$ARCLU: possibly delisted; no price data found  (period=5d)
$MCAHU: possibly delisted; no price data found  (period=5d)
$SAGU-WT: possibly delisted; no price data found  (period=5d)

===== 2026-09-11 01:15 (desk) =====
=== IPO LOCK-UP EXPIRY SCANNER  2026-09-11  (264 recent IPOs scanned, 60 prospectuses parsed) ===
  IMMINENT (unlock in 0-21d — the air-pocket window; buy the forced-seller washout):
    HMH    HMH Holding Inc                    unlock 2026-09-28 (+17d, 180d)  IPO 2026-04-01  $20.21
    SWMR   Swarmer, Inc                       unlock 2026-09-13 (+2d, 180d)  IPO 2026-03-17  $35.99 [SPAC/unit]
    BHAVR  BHAV Acquisition Corp              unlock 2026-09-16 (+5d, 180d ~est180)  IPO 2026-03-20  $0.2 [SPAC/unit]  ** VALUE-TRAP: broken IPO: $0.2 vs $12.0 IPO (1% of issue)
    BWIV-WT Blue Water Acquisition Corp. IV    unlock 2026-09-16 (+5d, 180d)  IPO 2026-03-20  $0.26 [SPAC/unit]  ** VALUE-TRAP: broken IPO: $0.26 vs $11.5 IPO (2% of issue)
    QADRU  QDRO Acquisition Corp.             unlock 2026-09-23 (+12d, 180d)  IPO 2026-03-27  $10.1 [SPAC/unit]
    FMACR  Future Money Acquisition Corp      unlock 2026-09-23 (+12d, 180d)  IPO 2026-03-27  $0.19 [SPAC/unit]  ** VALUE-TRAP: broken IPO: $0.19 vs $12.0 IPO (1% of issue)
    IPFXU  Inflection Point Acquisition Corp. unlock 2026-09-26 (+15d, 180d ~est180)  IPO 2026-03-30  $10.41 [SPAC/unit]
    KPET-UN KPET Ultra Paceline Corp           unlock 2026-09-28 (+17d, 180d ~est180)  IPO 2026-04-01  $10.2 [SPAC/unit]
  UPCOMING (22-90d — pre-drift watch; operating cos shown, SPAC/units hidden):
    MICC   Magnum Ice Cream Co N.V.           unlock 2026-10-10 (+29d, 180d ~est180)
    ARXS   Arxis, Inc.                        unlock 2026-10-13 (+32d, 180d)
    TJGC   TJGC GROUP Ltd                     unlock 2026-10-13 (+32d, 180d ~est180)
    KLRA   Kailera Therapeutics, Inc.         unlock 2026-10-14 (+33d, 180d)
    FCHL   Fitness Champs Holdings Ltd        unlock 2026-10-17 (+36d, 180d ~est180)
    DETX   LIBERTY DEFENSE HOLDINGS, LTD.     unlock 2026-10-18 (+37d, 180d)
    YSWY   Yesway, Inc.                       unlock 2026-10-20 (+39d, 180d ~est180)
    ELMT   Elmet Group Co.                    unlock 2026-10-20 (+39d, 180d)
    XE     X-Energy, Inc.                     unlock 2026-10-24 (+43d, 180d)
    AVLN   Avalyn Pharma Inc.                 unlock 2026-10-27 (+46d, 180d)
    PS     PERSHING SQUARE INC.               unlock 2026-10-27 (+46d, 180d)
    PSUS   Pershing Square USA, Ltd.          unlock 2026-10-27 (+46d, 180d)
    SBMT   SILVER BOW MINING CORP.            unlock 2026-10-28 (+47d, 180d)
    PMI    Picard Medical, Inc.               unlock 2026-11-02 (+52d, 180d ~est180)
    HAWK   HawkEye 360, Inc.                  unlock 2026-11-03 (+53d, 180d ~est180)
    ... +34 more operating-co upcoming
    (+47 SPAC/unit upcoming suppressed — in JSON, down-weighted)
  REJECTED (not a fresh-IPO first lock-up — 79):
    IBG    Innovation Beverage Group Ltd      IPO 2026-03-16  <- term_expired (unlock 2026-06-14 already passed)
    PONOR  Pono Capital Four, Inc.            IPO 2026-03-13  <- term_expired (unlock 2026-09-09 already passed)
    PAYP   PayPay Corp                        IPO 2026-03-12  <- term_expired (unlock 2026-09-08 already passed)
    MTAL-WT Metals Acquisition Corp. II        IPO 2026-03-12  <- term_expired (unlock 2026-09-08 already passed)
    SUMAR  SUMA Acquisition Corp              IPO 2026-03-11  <- term_expired (unlock 2026-09-07 already passed)
    UCAR   U Power Ltd                        IPO 2026-03-20  <- followon (prior 20-F 2024-05-15 predates IPO — established reporting issuer)
    GMTL   Guardian Metal Resources PLC       IPO 2026-03-23  <- term_expired (unlock 2026-06-21 already passed)
    LNKS   Linkers Industries Ltd             IPO 2026-03-24  <- followon (prior 20-F 2024-10-31 predates IPO — established reporting issuer)
    INGM   Ingram Micro Holding Corp          IPO 2026-03-06  <- followon (prior 10-K 2025-03-05 predates IPO — established reporting issuer)
    MMED   MiniMed Group, Inc.                IPO 2026-03-06  <- term_expired (unlock 2026-09-02 already passed)
    GLED-UN GalaxyEdge Acquisition Corp        IPO 2026-03-06  <- term_expired (unlock 2026-05-05 already passed)
    LOBO   LOBO TECHNOLOGIES LTD.             IPO 2026-03-25  <- renamed_shell (formerNames: LOBO EV TECHNOLOGIES LTD; prior 20-F 2024-04-30 predates IPO — a reverse-merger shell, not a first IPO)
    KCA-UN Kensington Capital Acquisition Cor IPO 2026-03-05  <- term_expired (unlock 2026-09-01 already passed)
    MODD   Modular Medical, Inc.              IPO 2026-03-04  <- renamed_shell (formerNames: BEAR LAKE RECREATION INC; prior 10-Q 2025-02-13 predates IPO — a reverse-merger shell, not a first IPO)
    SDSTW  Stardust Power Inc.                IPO 2026-03-03  <- renamed_shell (formerNames: Global Partner Acquisition Corp II; prior 10-Q 2024-11-14 predates IPO — a reverse-merger shell, not a first IPO)
    TRAD-UN APEX Tech Acquisition Inc.         IPO 2026-02-27  <- term_expired (unlock 2026-08-26 already passed)
    ILLUW  Illumination Acquisition Corp. I   IPO 2026-02-27  <- term_expired (unlock 2026-08-26 already passed)
    BCHT   Birchtech Corp.                    IPO 2026-02-27  <- renamed_shell (formerNames: Midwest Energy Emissions Corp., China Youth Media, Inc., DIGICORP, INC., DIGICORP; prior 10-Q 2024-11-14 predates IPO — a reverse-merger shell, not a first IPO)
    GENB   Generate Biomedicines, Inc.        IPO 2026-02-27  <- term_expired (unlock 2026-05-28 already passed)
    MGN    Megan Holdings Ltd.                IPO 2026-02-27  <- term_expired (unlock 2026-08-26 already passed)
    ... +59 more rejected
[-> LOCKUP_EXPIRY.json]

/Users/ajay/Library/Python/3.9/lib/python/site-packages/urllib3/__init__.py:35: NotOpenSSLWarning: urllib3 v2 only supports OpenSSL 1.1.1+, currently the 'ssl' module is compiled with 'LibreSSL 2.8.3'. See: https://github.com/urllib3/urllib3/issues/3020
  warnings.warn(
$BHAVR: possibly delisted; no price data found  (period=5d)
$QADRU: possibly delisted; no price data found  (period=5d)
$FMACR: possibly delisted; no price data found  (period=5d)
$ACGCW: possibly delisted; no price data found  (period=5d)
$NHIVU: possibly delisted; no price data found  (period=5d)
$MCAHU: possibly delisted; no price data found  (period=5d)
$SAGU-RI: possibly delisted; no price data found  (period=5d)
$GSRVU: possibly delisted; no price data found  (period=5d)
$IDACU: possibly delisted; no price data found  (period=5d)
$PTACW: possibly delisted; no price data found  (period=5d)
$APURR: possibly delisted; no price data found  (period=5d)
$ISNRU: possibly delisted; no price data found  (period=5d)
$JABRR: possibly delisted; no price data found  (period=5d)
