/Users/ajay/Library/Python/3.9/lib/python/site-packages/urllib3/__init__.py:35: NotOpenSSLWarning: urllib3 v2 only supports OpenSSL 1.1.1+, currently the 'ssl' module is compiled with 'LibreSSL 2.8.3'. See: https://github.com/urllib3/urllib3/issues/3020
  warnings.warn(
HTTP Error 404: {"quoteSummary":{"result":null,"error":{"code":"Not Found","description":"Quote not found for symbol: EVR.L"}}}
$EVR.L: possibly delisted; no price data found  (period=1y) (Yahoo error = "No data found, symbol may be delisted")

1 Failed download:
['EVR.L']: possibly delisted; no price data found  (period=1y) (Yahoo error = "No data found, symbol may be delisted")
$BVS.L: possibly delisted; no price data found  (period=1y) (Yahoo error = "No data found, symbol may be delisted")

1 Failed download:
['BVS.L']: possibly delisted; no price data found  (period=1y) (Yahoo error = "No data found, symbol may be delisted")
universe: 1599 lines (generated 2026-08-04T16:54:21Z) | FX: live yfinance FX (12/12 pairs)
takeover panel: 39 live offer periods
pre-filter drops: mcap_band=505, financials_vehicles=373, fund_vehicle_name=138, non_ordinary_line=113, dup_issuer_line=41, no_price=9, no_mcap=2
in the mcap band: 418
pulling 1y daily bars for 418 names (median ADV + path)...
  bars for 416/418
candidates for fundamentals: 310
pulling fundamentals for 310 names (0 cached, 310 retrying), 2 workers
  ...50/310  (50 with a balance sheet)
  ...100/310  (100 with a balance sheet)
  ...150/310  (150 with a balance sheet)
  ...200/310  (200 with a balance sheet)
  ...250/310  (250 with a balance sheet)
  ...300/310  (300 with a balance sheet)
  ...310/310  (310 with a balance sheet)
post-filter drops: balance_shape_vehicle=3, financial_industry=3, float_floor=1, unknown_currency=1, no_income_anchor=1
scored population: 301
fundamentals coverage: AIM 158/158, MAINMARKET 152/152
  plane check AIM: median P/B 2.03 on n=146 OK
  plane check MAINMARKET: median P/B 2.06 on n=142 OK
resolving incorporation + touch for 249 shelf names (LSE instrument API)...
  ...25/249
  ...50/249
  ...75/249
  ...100/249
  ...125/249
  ...150/249
  ...175/249
  ...200/249
  ...225/249

wrote /Users/ajay/exalted/signalos/verticals/generators/data/LSE_SHELF.json  (249 scored rows)

LSE MAIN + AIM SMALL-VALUE SHELF  n=249  orphans=38  AIM=118  durability-demoted=31  in-offer-demoted=9
  tidm   mkt     mc$M  ADV$k EV/EBT  FCFy   P/Bncash/m off-lo an   WHT stmp name                     flags

  (mc/ADV in USD, ADV = MEDIAN daily turnover over 63 sessions; every RATIO computed in the reporting ccy — 'fx!' = reports in something other than GBP; 'stmp' = stamp duty % on a PURCHASE; EV carries IFRS-16 lease debt AND the pension obligation)

===== 2026-08-04 10:44 (desk) =====
universe: 1599 lines (generated 2026-08-04T16:54:21Z) | FX: live yfinance FX (12/12 pairs)
takeover panel: 39 live offer periods
pre-filter drops: mcap_band=505, financials_vehicles=373, fund_vehicle_name=138, non_ordinary_line=113, dup_issuer_line=41, no_price=9, no_mcap=2
in the mcap band: 418
pulling 1y daily bars for 418 names (median ADV + path)...
  bars for 416/418
candidates for fundamentals: 310
post-filter drops: balance_shape_vehicle=3, financial_industry=3, float_floor=1, unknown_currency=1, no_income_anchor=1
scored population: 301
fundamentals coverage: AIM 158/158, MAINMARKET 152/152
  plane check AIM: median P/B 2.03 on n=146 OK
  plane check MAINMARKET: median P/B 2.06 on n=142 OK
resolving incorporation + touch for 249 shelf names (LSE instrument API)...
  ...25/249
  ...50/249
  ...75/249
  ...100/249
  ...125/249
  ...150/249
  ...175/249
  ...200/249
  ...225/249

wrote /Users/ajay/exalted/signalos/verticals/generators/data/LSE_SHELF.json  (249 scored rows)

LSE MAIN + AIM SMALL-VALUE SHELF  n=249  orphans=38  AIM=118  durability-demoted=31  in-offer-demoted=9
  tidm   mkt     mc$M  ADV$k EV/EBT  FCFy   P/Bncash/m off-lo an   WHT stmp name                     flags
  THX    AIM      489    291    1.6   41%  1.18   0.32    38%  2    0%  0.0 THOR EXPLORATIONS LTD    thin touch370bp prov-proxy fx!
  CHH    AIM       57     89    6.2   12%  0.69   0.18    35%  2    0%  0.0 CHURCHILL CHINA PLC      thin blocky touch260bp pens? conid
  SRB    AIM      253    984    2.3   16%  1.27   0.24    32%  3    0%  0.0 SERABI GOLD PLC          touch400bp prov-proxy fx!
  ACSO   AIM      152    158    8.5   17%  0.78   0.19    28%  3    0%  0.0 ACCESSO TECHNOLOGY GROUP thin shares? fx! PE-sector conid
  GENL   MAIN     189    102      -    7%  0.54   0.60     2%  4    0%  0.0 GENEL ENERGY PLC         thin prov-proxy melt-0.1x PFIC? fx! WC-FCF PE-sector
  LBG    AIM       96    100    3.9    6%  0.86   0.19    36%  4    0%  0.0 LBG MEDIA PLC            thin blocky touch299bp prov-proxy late-entry
  AEP    MAIN     923   1254    6.1    9%  1.59   0.27    98%  3    0%  0.5 AEP PLANTATIONS PLC      late-entry fx!
  KMK    AIM       74    115    4.6   23%  0.97  -0.06    75%  -    0%  0.0 KROMEK GROUP PLC         orphan thin touch859bp pens? dur-watch late-entry shares?
  CAML   AIM      342   1536    4.3   13%  1.20   0.19    16%  4    0%  0.0 CENTRAL ASIA METALS PLC  fx! conid
  OMG    AIM       58    130      -    4%  0.71   0.24     2%  2    0%  0.0 OXFORD METRICS PLC       thin touch237bp secs-as-cash secs-book prov-proxy melt-0.1x cap-intang PFIC? WC-FCF PE-sector
  VTY    MAIN    1222   7055    6.1   19%  0.27  -0.49    27% 17    0%  0.5 VISTRY GROUP PLC         PROV! prov-proxy shares?
  WYN    AIM      114     88    9.8   11%  0.63  -0.05    14%  1    0%  0.0 WYNNSTAY GROUP PLC       orphan thin touch408bp pens? melt0.4x
  SPR    AIM      159    127    6.8   27%  0.69  -0.40    12%  2    0%  0.0 SPRINGFIELD PROPERTIES P thin touch302bp prov-proxy
  CLBS   AIM       57    134      -    7%  1.47   0.55    44%  2    0%  0.0 CELEBRUS TECHNOLOGIES PL thin melt-0.2x PFIC? late-entry fx! WC-FCF PE-sector
  TFW    AIM      386    129    7.3    8%  1.54   0.18     6%  -    0%  0.0 THORPE (F.W.) PLC        orphan thin touch233bp prov-proxy PE-sector
  EAH    AIM       90    104   10.6    6%  0.79   0.20    37%  5    0%  0.0 ECO ANIMAL HEALTH GROUP  thin touch400bp cap-intang
  SLP    AIM      276    851    3.6    2%  1.02   0.19    14%  3    0%  0.0 SYLVANIA PLATINUM LIMITE touch253bp prov-proxy shares? fx!
  PEBB   AIM      110    171   10.2   10%  1.00   0.05    37%  1    0%  0.0 THE PEBBLE GROUP PLC     orphan thin blocky touch357bp pens? cap-intang shares?
  CGS    MAIN     171     87   11.3    8%  1.00   0.12    31%  2    0%  0.5 CASTINGS PLC             thin blocky pens?
  YU.    AIM      402    356    3.2   10%  3.06   0.32    23%  2    0%  0.0 YU GROUP PLC             touch225bp pens?
  STEM   MAIN     454    826   11.6   16%  1.44   0.05    93%  4    0%  0.5 STHREE PLC               prov-proxy melt0.3x cap-intang late-entry shares? PE-sector
  SOM    AIM      167    156    9.8   10%  2.03   0.18    31%  1    0%  0.0 SOMERO ENTERPRISE INC.   orphan thin blocky touch435bp pens? melt0.3x fx!
  CAPD   MAIN     304    285    7.6   12%  0.81  -0.22    13%  4    0%  0.0 CAPITAL LIMITED          thin NETDEBT-CONFLICT! secs-book pens? fx! conid
  KOO    AIM       72     92    7.9    2%  1.69   0.40    48%  4    0%  0.0 KOOTH PLC                thin touch462bp melt0.4x cap-intang PFIC? PE-sector
  COST   MAIN     758   1973    8.9    9%  2.18   0.29    69%  6    0%  0.5 COSTAIN GROUP PLC        pens? cap-intang late-entry
  FDM    MAIN     168    271    8.2   17%  2.39   0.12    18%  4    0%  0.5 FDM GROUP (HOLDINGS) PLC thin prov-proxy melt0.2x PE-sector
  FDEV   AIM      208    716   11.1   13%  1.64   0.14    42%  5    0%  0.0 FRONTIER DEVELOPMENTS PL prov-proxy dur-watch
  HTG    MAIN     911   1566   13.0   11%  1.04   0.03    53%  9    0%  0.5 HUNTING PLC              prov-proxy trough-anchor late-entry fx! PE-sector
  DOTD   AIM      208    606    8.7    6%  1.45   0.19    21%  5    0%  0.0 DOTDIGITAL GROUP PLC     prov-proxy cap-intang capdev PE-sector
  HSP    AIM      358    244      -   17%  1.32  -0.03    31%  2    0%  0.0 HARGREAVES SERVICES PLC  thin shares?

  (mc/ADV in USD, ADV = MEDIAN daily turnover over 63 sessions; every RATIO computed in the reporting ccy — 'fx!' = reports in something other than GBP; 'stmp' = stamp duty % on a PURCHASE; EV carries IFRS-16 lease debt AND the pension obligation)

/Users/ajay/Library/Python/3.9/lib/python/site-packages/urllib3/__init__.py:35: NotOpenSSLWarning: urllib3 v2 only supports OpenSSL 1.1.1+, currently the 'ssl' module is compiled with 'LibreSSL 2.8.3'. See: https://github.com/urllib3/urllib3/issues/3020
  warnings.warn(
HTTP Error 404: {"quoteSummary":{"result":null,"error":{"code":"Not Found","description":"Quote not found for symbol: EVR.L"}}}
$EVR.L: possibly delisted; no price data found  (period=1y) (Yahoo error = "No data found, symbol may be delisted")

1 Failed download:
['EVR.L']: possibly delisted; no price data found  (period=1y) (Yahoo error = "No data found, symbol may be delisted")
$BVS.L: possibly delisted; no price data found  (period=1y) (Yahoo error = "No data found, symbol may be delisted")

1 Failed download:
['BVS.L']: possibly delisted; no price data found  (period=1y) (Yahoo error = "No data found, symbol may be delisted")

===== 2026-08-11 12:54 (desk) =====
universe: 1599 lines (generated 2026-08-04T16:54:21Z) | FX: live yfinance FX (12/12 pairs)
takeover panel: 42 live offer periods
pre-filter drops: mcap_band=505, financials_vehicles=373, fund_vehicle_name=138, non_ordinary_line=113, dup_issuer_line=41, no_price=9, no_mcap=2
in the mcap band: 418
pulling 1y daily bars for 418 names (median ADV + path)...
  bars for 416/418
candidates for fundamentals: 312
pulling fundamentals for 4 names (308 cached, 0 retrying), 2 workers
  ...4/4  (4 with a balance sheet)
post-filter drops: balance_shape_vehicle=3, financial_industry=3, float_floor=2, no_income_anchor=1
scored population: 303
fundamentals coverage: AIM 160/160, MAINMARKET 152/152
  plane check AIM: median P/B 2.09 on n=147 OK
  plane check MAINMARKET: median P/B 2.02 on n=143 OK
resolving incorporation + touch for 252 shelf names (LSE instrument API)...
  ...25/252
  ...50/252
  ...75/252
  ...100/252
  ...125/252
  ...150/252
  ...175/252
  ...200/252
  ...225/252
  ...250/252

wrote /Users/ajay/exalted/signalos/verticals/generators/data/LSE_SHELF.json  (252 scored rows)

LSE MAIN + AIM SMALL-VALUE SHELF  n=252  orphans=40  AIM=120  durability-demoted=31  in-offer-demoted=11
  tidm   mkt     mc$M  ADV$k EV/EBT  FCFy   P/Bncash/m off-lo an   WHT stmp name                     flags
  THX    AIM      492    293    1.6   41%  1.18   0.31    33%  2    0%  0.0 THOR EXPLORATIONS LTD    thin touch339bp prov-proxy fx!
  CHH    AIM       57     99    6.2   12%  0.69   0.18    37%  2    0%  0.0 CHURCHILL CHINA PLC      thin blocky touch513bp pens? conid
  SRB    AIM      254    996    2.3   16%  1.28   0.24    64%  3    0%  0.0 SERABI GOLD PLC          prov-proxy late-entry fx!
  ACSO   AIM      153    159    8.6   17%  0.78   0.19    25%  3    0%  0.0 ACCESSO TECHNOLOGY GROUP thin shares? fx! PE-sector conid
  LBG    AIM       96     92    3.9    6%  0.86   0.19    36%  4    0%  0.0 LBG MEDIA PLC            thin blocky touch208bp prov-proxy late-entry
  AEP    MAIN     927   1162    6.1    9%  1.60   0.27    64%  3    0%  0.5 AEP PLANTATIONS PLC      late-entry fx!
  KMK    AIM       74    115    4.6   23%  0.97  -0.06    77%  -    0%  0.0 KROMEK GROUP PLC         orphan thin touch471bp pens? dur-watch late-entry shares?
  CAML   AIM      344   1634    4.4   12%  1.21   0.19    20%  4    0%  0.0 CENTRAL ASIA METALS PLC  fx! conid
  OMG    AIM       59    133      -    4%  0.71   0.24     4%  2    0%  0.0 OXFORD METRICS PLC       thin secs-as-cash secs-book prov-proxy melt-0.1x cap-intang PFIC? WC-FCF PE-sector
  VTY    MAIN    1228   6698    6.1   19%  0.27  -0.49    15% 17    0%  0.5 VISTRY GROUP PLC         PROV! prov-proxy shares?
  WYN    AIM      114     96    9.8   11%  0.63  -0.05    16%  1    0%  0.0 WYNNSTAY GROUP PLC       orphan thin touch403bp pens? melt0.4x
  SPR    AIM      160    128    6.8   27%  0.69  -0.40    16%  2    0%  0.0 SPRINGFIELD PROPERTIES P thin prov-proxy
  CLBS   AIM       57    139      -    7%  1.48   0.55    38%  2    0%  0.0 CELEBRUS TECHNOLOGIES PL thin melt-0.2x PFIC? late-entry fx! WC-FCF PE-sector
  TFW    AIM      388    132    7.3    8%  1.54   0.18     8%  -    0%  0.0 THORPE (F.W.) PLC        orphan thin prov-proxy PE-sector
  EAH    AIM       90    112   10.6    6%  0.79   0.20    33%  5    0%  0.0 ECO ANIMAL HEALTH GROUP  thin touch412bp cap-intang
  SLP    AIM      278    823    3.7    2%  1.02   0.19    20%  3    0%  0.0 SYLVANIA PLATINUM LIMITE prov-proxy shares? fx!
  PEBB   AIM      111    166   10.2   10%  1.00   0.05    40%  1    0%  0.0 THE PEBBLE GROUP PLC     orphan thin blocky touch351bp pens? cap-intang shares?
  CGS    MAIN     172    101   11.3    8%  1.00   0.12    37%  2    0%  0.5 CASTINGS PLC             thin blocky touch430bp pens?
  YU.    AIM      404    348    3.2   10%  3.06   0.32    17%  2    0%  0.0 YU GROUP PLC             pens?
  STEM   MAIN     456    951   11.6   16%  1.44   0.05   109%  4    0%  0.5 STHREE PLC               prov-proxy melt0.3x cap-intang late-entry shares? PE-sector
  SOM    AIM      168    157    9.9   10%  2.04   0.18    37%  1    0%  0.0 SOMERO ENTERPRISE INC.   orphan thin blocky touch339bp pens? melt0.3x fx!
  CAPD   MAIN     306    310    7.6   12%  0.81  -0.22    12%  4    0%  0.0 CAPITAL LIMITED          NETDEBT-CONFLICT! secs-book pens? fx! conid
  COST   MAIN     762   1855    8.9    9%  2.18   0.29    74%  6    0%  0.5 COSTAIN GROUP PLC        pens? cap-intang late-entry
  KOO    AIM       72     90    7.9    2%  1.69   0.40    50%  4    0%  0.0 KOOTH PLC                thin touch267bp melt0.4x cap-intang PFIC? PE-sector
  FDM    MAIN     169    376    8.2   17%  2.39   0.12    18%  4    0%  0.5 FDM GROUP (HOLDINGS) PLC prov-proxy melt0.2x PE-sector
  FDEV   AIM      209    573   11.1   13%  1.64   0.14    42%  5    0%  0.0 FRONTIER DEVELOPMENTS PL prov-proxy dur-watch
  HTG    MAIN     915   1574   13.1   11%  1.04   0.03    60%  9    0%  0.5 HUNTING PLC              prov-proxy trough-anchor late-entry fx! PE-sector
  HSP    AIM      359    255      -   17%  1.32  -0.03    30%  2    0%  0.0 HARGREAVES SERVICES PLC  thin shares?
  DOTD   AIM      209    606    8.7    6%  1.45   0.19    22%  5    0%  0.0 DOTDIGITAL GROUP PLC     prov-proxy cap-intang capdev PE-sector
  PTAL   AIM      311    135    5.5   20%  0.59  -0.08    39%  2    0%  0.0 PETROTAL CORPORATION     thin touch392bp prov-proxy melt0.3x fx! PE-sector

  (mc/ADV in USD, ADV = MEDIAN daily turnover over 63 sessions; every RATIO computed in the reporting ccy — 'fx!' = reports in something other than GBP; 'stmp' = stamp duty % on a PURCHASE; EV carries IFRS-16 lease debt AND the pension obligation)

/Users/ajay/Library/Python/3.9/lib/python/site-packages/urllib3/__init__.py:35: NotOpenSSLWarning: urllib3 v2 only supports OpenSSL 1.1.1+, currently the 'ssl' module is compiled with 'LibreSSL 2.8.3'. See: https://github.com/urllib3/urllib3/issues/3020
  warnings.warn(
HTTP Error 404: {"quoteSummary":{"result":null,"error":{"code":"Not Found","description":"Quote not found for symbol: EVR.L"}}}
$EVR.L: possibly delisted; no price data found  (period=1y) (Yahoo error = "No data found, symbol may be delisted")

1 Failed download:
['EVR.L']: possibly delisted; no price data found  (period=1y) (Yahoo error = "No data found, symbol may be delisted")

===== 2026-09-11 01:32 (desk) =====
universe: 1599 lines (generated 2026-08-04T16:54:21Z) | FX: live yfinance FX (12/12 pairs)
takeover panel: 37 live offer periods
pre-filter drops: mcap_band=505, financials_vehicles=373, fund_vehicle_name=138, non_ordinary_line=113, dup_issuer_line=41, no_price=9, no_mcap=2
in the mcap band: 418
pulling 1y daily bars for 418 names (median ADV + path)...
  bars for 417/418
candidates for fundamentals: 308
pulling fundamentals for 4 names (304 cached, 0 retrying), 2 workers
  ...4/4  (3 with a balance sheet)
post-filter drops: balance_shape_vehicle=3, financial_industry=3, float_floor=1, no_fundamentals=1, no_income_anchor=1
scored population: 299
fundamentals coverage: AIM 158/158, MAINMARKET 149/150
  plane check AIM: median P/B 2.17 on n=146 OK
  plane check MAINMARKET: median P/B 2.00 on n=140 OK
resolving incorporation + touch for 248 shelf names (LSE instrument API)...
  ...25/248
  ...50/248
  ...75/248
  ...100/248
  ...125/248
  ...150/248
  ...175/248
  ...200/248
  ...225/248

wrote /Users/ajay/exalted/signalos/verticals/generators/data/LSE_SHELF.json  (248 scored rows)

LSE MAIN + AIM SMALL-VALUE SHELF  n=248  orphans=39  AIM=118  durability-demoted=28  in-offer-demoted=12
  tidm   mkt     mc$M  ADV$k EV/EBT  FCFy   P/Bncash/m off-lo an   WHT stmp name                     flags
  THX    AIM      492    323    1.6   41%  1.18   0.31    30%  2    0%  0.0 THOR EXPLORATIONS LTD    prov-proxy fx!
  CHH    AIM       57     84    6.2   12%  0.69   0.18    29%  2    0%  0.0 CHURCHILL CHINA PLC      thin touch408bp pens? conid
  SRB    AIM      254    826    2.3   16%  1.28   0.24    27%  3    0%  0.0 SERABI GOLD PLC          touch690bp prov-proxy fx!
  ACSO   AIM      153    110    8.6   17%  0.78   0.19    30%  3    0%  0.0 ACCESSO TECHNOLOGY GROUP thin blocky shares? fx! PE-sector conid
  GENL   MAIN     190    177      -    7%  0.54   0.59    16%  4    0%  0.0 GENEL ENERGY PLC         thin blocky prov-proxy melt-0.1x PFIC? fx! WC-FCF PE-sector
  KMK    AIM       74     92    4.6   23%  0.97  -0.06    52%  -    0%  0.0 KROMEK GROUP PLC         orphan thin touch548bp pens? dur-watch late-entry shares?
  AEP    MAIN     927    848    6.1    9%  1.60   0.27    60%  3    0%  0.5 AEP PLANTATIONS PLC      late-entry fx!
  CAML   AIM      344   1692    4.4   12%  1.21   0.19    31%  4    0%  0.0 CENTRAL ASIA METALS PLC  fx! conid
  OMG    AIM       59    145      -    4%  0.71   0.24     3%  2    0%  0.0 OXFORD METRICS PLC       thin secs-as-cash secs-book prov-proxy melt-0.1x cap-intang PFIC? WC-FCF PE-sector
  VTY    MAIN    1228   6347    6.1   19%  0.27  -0.49    16% 17    0%  0.5 VISTRY GROUP PLC         PROV! prov-proxy shares?
  WYN    AIM      114     93    9.8   11%  0.63  -0.05    15%  1    0%  0.0 WYNNSTAY GROUP PLC       orphan thin touch274bp pens? melt0.4x
  SPR    AIM      160    132    6.8   27%  0.69  -0.40    20%  2    0%  0.0 SPRINGFIELD PROPERTIES P thin prov-proxy
  TFW    AIM      388    122    7.3    8%  1.54   0.18     7%  -    0%  0.0 THORPE (F.W.) PLC        orphan thin touch434bp prov-proxy PE-sector
  CLBS   AIM       57    134      -    7%  1.48   0.55    22%  2    0%  0.0 CELEBRUS TECHNOLOGIES PL thin touch331bp melt-0.2x PFIC? fx! WC-FCF PE-sector
  EAH    AIM       90    141   10.6    6%  0.79   0.20    40%  5    0%  0.0 ECO ANIMAL HEALTH GROUP  thin touch392bp cap-intang
  SLP    AIM      278    784    3.7    2%  1.02   0.19    21%  3    0%  0.0 SYLVANIA PLATINUM LIMITE touch444bp prov-proxy shares? fx!
  PEBB   AIM      111    227   10.2   10%  1.00   0.05    51%  1    0%  0.0 THE PEBBLE GROUP PLC     orphan thin touch328bp pens? cap-intang late-entry shares?
  CGS    MAIN     172    127   11.3    8%  1.00   0.12    33%  2    0%  0.5 CASTINGS PLC             thin blocky touch396bp pens?
  YU.    AIM      404    291    3.2   10%  3.06   0.32    21%  2    0%  0.0 YU GROUP PLC             thin pens?
  SOM    AIM      168    134    9.9   10%  2.04   0.18    49%  1    0%  0.0 SOMERO ENTERPRISE INC.   orphan thin blocky touch392bp pens? melt0.3x fx!
  CAPD   MAIN     306    341    7.6   12%  0.81  -0.22    26%  4    0%  0.0 CAPITAL LIMITED          NETDEBT-CONFLICT! secs-book pens? fx! conid
  COST   MAIN     762   1924    8.9    9%  2.18   0.29    79%  6    0%  0.5 COSTAIN GROUP PLC        pens? cap-intang late-entry
  FDM    MAIN     169    386    8.2   17%  2.39   0.12     4%  4    0%  0.5 FDM GROUP (HOLDINGS) PLC touch748bp prov-proxy melt0.2x PE-sector
  KOO    AIM       72     81    7.9    2%  1.69   0.40    80%  4    0%  0.0 KOOTH PLC                thin blocky touch282bp melt0.4x cap-intang PFIC? late-entry PE-sector
  FDEV   AIM      209    396   11.1   13%  1.64   0.14    76%  5    0%  0.0 FRONTIER DEVELOPMENTS PL prov-proxy dur-watch late-entry
  HSP    AIM      359    296      -   17%  1.32  -0.03    39%  2    0%  0.0 HARGREAVES SERVICES PLC  thin blocky touch328bp shares?
  PTAL   AIM      311    143    5.5   20%  0.59  -0.08    63%  2    0%  0.0 PETROTAL CORPORATION     thin touch333bp prov-proxy melt0.3x late-entry fx! PE-sector
  DOTD   AIM      209    441    8.7    6%  1.45   0.19    15%  5    0%  0.0 DOTDIGITAL GROUP PLC     blocky touch353bp prov-proxy cap-intang capdev PE-sector
  HTG    MAIN     915   1606   13.1   11%  1.04   0.03    29%  9    0%  0.5 HUNTING PLC              prov-proxy trough-anchor fx! PE-sector
  SPSY   AIM      116    139    4.6    8%  2.28   0.05    31%  2    0%  0.0 SPECTRA SYSTEMS CORPORAT thin touch256bp cap-intang fx! PE-sector

  (mc/ADV in USD, ADV = MEDIAN daily turnover over 63 sessions; every RATIO computed in the reporting ccy — 'fx!' = reports in something other than GBP; 'stmp' = stamp duty % on a PURCHASE; EV carries IFRS-16 lease debt AND the pension obligation)

/Users/ajay/Library/Python/3.9/lib/python/site-packages/urllib3/__init__.py:35: NotOpenSSLWarning: urllib3 v2 only supports OpenSSL 1.1.1+, currently the 'ssl' module is compiled with 'LibreSSL 2.8.3'. See: https://github.com/urllib3/urllib3/issues/3020
  warnings.warn(
HTTP Error 404: {"quoteSummary":{"result":null,"error":{"code":"Not Found","description":"Quote not found for symbol: EVR.L"}}}
$EVR.L: possibly delisted; no price data found  (period=1y) (Yahoo error = "No data found, symbol may be delisted")

1 Failed download:
['EVR.L']: possibly delisted; no price data found  (period=1y) (Yahoo error = "No data found, symbol may be delisted")

===== 2026-09-11 01:39 (desk) =====
universe: 1599 lines (generated 2026-08-04T16:54:21Z) | FX: live yfinance FX (12/12 pairs)
takeover panel: 37 live offer periods
pre-filter drops: mcap_band=505, financials_vehicles=373, fund_vehicle_name=138, non_ordinary_line=113, dup_issuer_line=41, no_price=9, no_mcap=2
in the mcap band: 418
pulling 1y daily bars for 418 names (median ADV + path)...
  bars for 417/418
candidates for fundamentals: 308
pulling fundamentals for 1 names (307 cached, 1 retrying), 2 workers
  ...1/1  (0 with a balance sheet)
post-filter drops: balance_shape_vehicle=3, financial_industry=3, float_floor=1, no_fundamentals=1, no_income_anchor=1
scored population: 299
fundamentals coverage: AIM 158/158, MAINMARKET 149/150
  plane check AIM: median P/B 2.17 on n=146 OK
  plane check MAINMARKET: median P/B 2.00 on n=140 OK
resolving incorporation + touch for 248 shelf names (LSE instrument API)...
  ...25/248
  ...50/248
  ...75/248
  ...100/248
  ...125/248
  ...150/248
  ...175/248
  ...200/248
  ...225/248

wrote /Users/ajay/exalted/signalos/verticals/generators/data/LSE_SHELF.json  (248 scored rows)

LSE MAIN + AIM SMALL-VALUE SHELF  n=248  orphans=39  AIM=118  durability-demoted=28  in-offer-demoted=12
  tidm   mkt     mc$M  ADV$k EV/EBT  FCFy   P/Bncash/m off-lo an   WHT stmp name                     flags
  THX    AIM      492    323    1.6   41%  1.18   0.31    30%  2    0%  0.0 THOR EXPLORATIONS LTD    prov-proxy fx!
  CHH    AIM       57     84    6.2   12%  0.69   0.18    29%  2    0%  0.0 CHURCHILL CHINA PLC      thin touch408bp pens? conid
  SRB    AIM      254    826    2.3   16%  1.28   0.24    27%  3    0%  0.0 SERABI GOLD PLC          touch690bp prov-proxy fx!
  ACSO   AIM      153    110    8.6   17%  0.78   0.19    30%  3    0%  0.0 ACCESSO TECHNOLOGY GROUP thin blocky shares? fx! PE-sector conid
  GENL   MAIN     190    177      -    7%  0.54   0.59    16%  4    0%  0.0 GENEL ENERGY PLC         thin blocky prov-proxy melt-0.1x PFIC? fx! WC-FCF PE-sector
  KMK    AIM       74     92    4.6   23%  0.97  -0.06    52%  -    0%  0.0 KROMEK GROUP PLC         orphan thin touch548bp pens? dur-watch late-entry shares?
  AEP    MAIN     927    848    6.1    9%  1.60   0.27    60%  3    0%  0.5 AEP PLANTATIONS PLC      late-entry fx!
  CAML   AIM      344   1692    4.4   12%  1.21   0.19    31%  4    0%  0.0 CENTRAL ASIA METALS PLC  fx! conid
  OMG    AIM       59    145      -    4%  0.71   0.24     3%  2    0%  0.0 OXFORD METRICS PLC       thin secs-as-cash secs-book prov-proxy melt-0.1x cap-intang PFIC? WC-FCF PE-sector
  VTY    MAIN    1228   6347    6.1   19%  0.27  -0.49    16% 17    0%  0.5 VISTRY GROUP PLC         PROV! prov-proxy shares?
  WYN    AIM      114     93    9.8   11%  0.63  -0.05    15%  1    0%  0.0 WYNNSTAY GROUP PLC       orphan thin touch274bp pens? melt0.4x
  SPR    AIM      160    132    6.8   27%  0.69  -0.40    20%  2    0%  0.0 SPRINGFIELD PROPERTIES P thin prov-proxy
  TFW    AIM      388    122    7.3    8%  1.54   0.18     7%  -    0%  0.0 THORPE (F.W.) PLC        orphan thin touch434bp prov-proxy PE-sector
  CLBS   AIM       57    134      -    7%  1.48   0.55    22%  2    0%  0.0 CELEBRUS TECHNOLOGIES PL thin touch331bp melt-0.2x PFIC? fx! WC-FCF PE-sector
  EAH    AIM       90    141   10.6    6%  0.79   0.20    36%  5    0%  0.0 ECO ANIMAL HEALTH GROUP  thin touch296bp cap-intang
  SLP    AIM      278    784    3.7    2%  1.02   0.19    21%  3    0%  0.0 SYLVANIA PLATINUM LIMITE touch444bp prov-proxy shares? fx!
  PEBB   AIM      111    227   10.2   10%  1.00   0.05    51%  1    0%  0.0 THE PEBBLE GROUP PLC     orphan thin touch328bp pens? cap-intang late-entry shares?
  CGS    MAIN     172    127   11.3    8%  1.00   0.12    33%  2    0%  0.5 CASTINGS PLC             thin blocky touch396bp pens?
  YU.    AIM      404    291    3.2   10%  3.06   0.32    21%  2    0%  0.0 YU GROUP PLC             thin pens?
  SOM    AIM      168    134    9.9   10%  2.04   0.18    49%  1    0%  0.0 SOMERO ENTERPRISE INC.   orphan thin blocky touch392bp pens? melt0.3x fx!
  CAPD   MAIN     306    341    7.6   12%  0.81  -0.22    26%  4    0%  0.0 CAPITAL LIMITED          NETDEBT-CONFLICT! secs-book pens? fx! conid
  COST   MAIN     762   1924    8.9    9%  2.18   0.29    80%  6    0%  0.5 COSTAIN GROUP PLC        pens? cap-intang late-entry
  FDM    MAIN     169    386    8.2   17%  2.39   0.12     4%  4    0%  0.5 FDM GROUP (HOLDINGS) PLC touch748bp prov-proxy melt0.2x PE-sector
  KOO    AIM       72     82    7.9    2%  1.69   0.40    78%  4    0%  0.0 KOOTH PLC                thin blocky touch282bp melt0.4x cap-intang PFIC? late-entry PE-sector
  FDEV   AIM      209    396   11.1   13%  1.64   0.14    76%  5    0%  0.0 FRONTIER DEVELOPMENTS PL prov-proxy dur-watch late-entry
  HSP    AIM      359    296      -   17%  1.32  -0.03    39%  2    0%  0.0 HARGREAVES SERVICES PLC  thin blocky touch328bp shares?
  PTAL   AIM      311    143    5.5   20%  0.59  -0.08    63%  2    0%  0.0 PETROTAL CORPORATION     thin touch333bp prov-proxy melt0.3x late-entry fx! PE-sector
  DOTD   AIM      209    441    8.7    6%  1.45   0.19    14%  5    0%  0.0 DOTDIGITAL GROUP PLC     blocky touch353bp prov-proxy cap-intang capdev PE-sector
  HTG    MAIN     915   1606   13.1   11%  1.04   0.03    29%  9    0%  0.5 HUNTING PLC              prov-proxy trough-anchor fx! PE-sector
  SPSY   AIM      116    139    4.6    8%  2.28   0.05    31%  2    0%  0.0 SPECTRA SYSTEMS CORPORAT thin touch256bp cap-intang fx! PE-sector

  (mc/ADV in USD, ADV = MEDIAN daily turnover over 63 sessions; every RATIO computed in the reporting ccy — 'fx!' = reports in something other than GBP; 'stmp' = stamp duty % on a PURCHASE; EV carries IFRS-16 lease debt AND the pension obligation)

/Users/ajay/Library/Python/3.9/lib/python/site-packages/urllib3/__init__.py:35: NotOpenSSLWarning: urllib3 v2 only supports OpenSSL 1.1.1+, currently the 'ssl' module is compiled with 'LibreSSL 2.8.3'. See: https://github.com/urllib3/urllib3/issues/3020
  warnings.warn(
HTTP Error 404: {"quoteSummary":{"result":null,"error":{"code":"Not Found","description":"Quote not found for symbol: EVR.L"}}}
$EVR.L: possibly delisted; no price data found  (period=1y) (Yahoo error = "No data found, symbol may be delisted")

1 Failed download:
['EVR.L']: possibly delisted; no price data found  (period=1y) (Yahoo error = "No data found, symbol may be delisted")
