
===== 2026-07-02 00:31 (desk) =====
=== NIH SBIR/STTR GRANT-FLOW SCANNER  2026-07-02  (FY2026 partial, 66 orgs >= $1M) ===
   Evidation Health, Inc.                                   $   2.0M  (prior $0.3M)
   Xleratehealth, Llc                                       $   1.3M  (prior $0.0M)
   Potomac Affinity Proteins, Llc                           $   1.1M  (prior $0.0M)
   Oligomerix, Inc                                          $   1.5M  (prior $0.5M)
   Noctrix Health, Inc                                      $   1.3M  (prior $0.5M)
   Amplo Biotechnology, Inc.                                $   1.4M  (prior $0.6M)
   Amelia Technologies, Llc                                 $   1.0M  (prior $0.3M)
   Peer Technologies, Pllc                                  $   1.3M  (prior $0.8M)
   Nanonewron Llc                                           $   1.5M  (prior $1.0M)
   Advanced Smart Systems/Evaluation Techno                 $   1.6M  (prior $1.2M)
   Lebrun Labs, Llc                                         $   1.1M  (prior $0.7M)
   Surgivance, Inc.                                         $   1.3M  (prior $1.0M)
   Altis Biosystems, Inc.                                   $   1.0M  (prior $0.8M)
   Corvion, Inc.                                            $   1.1M  (prior $1.0M)
  FY2026 is PARTIAL (Oct-Jul) vs full FY2025 — deltas understate; org->ticker = SignalOS; private clusters = IPO watchlist
[-> NIH_GRANT_FLOW.json]


===== 2026-07-09 01:31 (desk) =====
=== NIH SBIR/STTR GRANT-FLOW SCANNER  2026-07-09  (FY2026 partial, 87 orgs >= $1M) ===
   Evidation Health, Inc.                                   $   2.0M  (prior $0.3M)
   Potomac Affinity Proteins, Llc                           $   1.5M  (prior $0.0M)
   Modendo Inc.                                             $   1.5M  (prior $0.0M)
   Xleratehealth, Llc                                       $   1.3M  (prior $0.0M)
   Cellular Vehicles Inc.                                   $   1.0M  (prior $0.0M)
   Oligomerix, Inc                                          $   1.5M  (prior $0.5M)
   Noctrix Health, Inc                                      $   1.3M  (prior $0.5M)
   Malama Health, Inc.                                      $   1.1M  (prior $0.3M)
   Guided Clinical Solutions, Inc.                          $   1.1M  (prior $0.3M)
   Amplo Biotechnology, Inc.                                $   1.4M  (prior $0.6M)
   Hart3S - A Social Purpose Corporation                    $   1.0M  (prior $0.3M)
   Trestle Optics Llc                                       $   1.0M  (prior $0.3M)
   Invizyne Technologies, Inc.                              $   1.0M  (prior $0.3M)
   Amelia Technologies, Llc                                 $   1.0M  (prior $0.3M)
  FY2026 is PARTIAL (Oct-Jul) vs full FY2025 — deltas understate; org->ticker = SignalOS; private clusters = IPO watchlist
[-> NIH_GRANT_FLOW.json]


===== 2026-07-16 02:30 (desk) =====
=== NIH SBIR/STTR GRANT-FLOW SCANNER  2026-07-16  (FY2026 partial, 99 orgs >= $1M) ===
   Evidation Health, Inc.                                   $   2.0M  (prior $0.3M)
   Potomac Affinity Proteins, Llc                           $   1.5M  (prior $0.0M)
   Modendo Inc.                                             $   1.5M  (prior $0.0M)
   Xleratehealth, Llc                                       $   1.3M  (prior $0.0M)
   X-Therma Inc.                                            $   1.1M  (prior $0.0M)
   Cellular Vehicles Inc.                                   $   1.0M  (prior $0.0M)
   Oligomerix, Inc                                          $   1.5M  (prior $0.5M)
   Noctrix Health, Inc                                      $   1.3M  (prior $0.5M)
   Malama Health, Inc.                                      $   1.1M  (prior $0.3M)
   Guided Clinical Solutions, Inc.                          $   1.1M  (prior $0.3M)
   Amplo Biotechnology, Inc.                                $   1.4M  (prior $0.6M)
   Intero Biosystems Inc.                                   $   1.0M  (prior $0.3M)
   Hart3S - A Social Purpose Corporation                    $   1.0M  (prior $0.3M)
   Trestle Optics Llc                                       $   1.0M  (prior $0.3M)
  FY2026 is PARTIAL (Oct-Jul) vs full FY2025 — deltas understate; org->ticker = SignalOS; private clusters = IPO watchlist
[-> NIH_GRANT_FLOW.json]


===== 2026-07-23 02:30 (desk) =====
=== NIH SBIR/STTR GRANT-FLOW SCANNER  2026-07-23  (FY2026 partial, 110 orgs >= $1M) ===
   Evidation Health, Inc.                                   $   2.0M  (prior $0.3M)
   Potomac Affinity Proteins, Llc                           $   1.5M  (prior $0.0M)
   Modendo Inc.                                             $   1.5M  (prior $0.0M)
   Epicure Therapeutics, Inc.                               $   1.5M  (prior $0.0M)
   Xleratehealth, Llc                                       $   1.3M  (prior $0.0M)
   X-Therma Inc.                                            $   1.1M  (prior $0.0M)
   Intero Biosystems Inc.                                   $   1.4M  (prior $0.3M)
   Curatix, Llc                                             $   1.0M  (prior $0.0M)
   Cellular Vehicles Inc.                                   $   1.0M  (prior $0.0M)
   Oligomerix, Inc                                          $   1.5M  (prior $0.5M)
   Noctrix Health, Inc                                      $   1.3M  (prior $0.5M)
   Malama Health, Inc.                                      $   1.1M  (prior $0.3M)
   Guided Clinical Solutions, Inc.                          $   1.1M  (prior $0.3M)
   Xcellassay, Inc.                                         $   1.1M  (prior $0.3M)
  FY2026 is PARTIAL (Oct-Jul) vs full FY2025 — deltas understate; org->ticker = SignalOS; private clusters = IPO watchlist
[-> NIH_GRANT_FLOW.json]


===== 2026-07-30 02:34 (desk) =====
=== NIH SBIR/STTR GRANT-FLOW SCANNER  2026-07-30  (FY2026 partial, 117 orgs >= $1M) ===
   Evidation Health, Inc.                                   $   2.0M  (prior $0.3M)
   Potomac Affinity Proteins, Llc                           $   1.5M  (prior $0.0M)
   Modendo Inc.                                             $   1.5M  (prior $0.0M)
   Epicure Therapeutics, Inc.                               $   1.5M  (prior $0.0M)
   Cognixion Corporation                                    $   1.3M  (prior $0.0M)
   Xleratehealth, Llc                                       $   1.3M  (prior $0.0M)
   Merakris Therapeutics Inc                                $   1.1M  (prior $0.0M)
   X-Therma Inc.                                            $   1.1M  (prior $0.0M)
   Intero Biosystems Inc.                                   $   1.4M  (prior $0.3M)
   Curatix, Llc                                             $   1.0M  (prior $0.0M)
   Cellular Vehicles Inc.                                   $   1.0M  (prior $0.0M)
   Oligomerix, Inc                                          $   1.5M  (prior $0.5M)
   Noctrix Health, Inc                                      $   1.3M  (prior $0.5M)
   Malama Health, Inc.                                      $   1.1M  (prior $0.3M)
  FY2026 is PARTIAL (Oct-Jul) vs full FY2025 — deltas understate; org->ticker = SignalOS; private clusters = IPO watchlist
[-> NIH_GRANT_FLOW.json]


===== 2026-08-06 03:31 (desk) =====
=== NIH SBIR/STTR GRANT-FLOW SCANNER  2026-08-06  (FY2026 partial, 148 orgs >= $1M) ===
   Evidation Health, Inc.                                   $   2.0M  (prior $0.3M)
   Glyphic Biotechnologies, Inc.                            $   1.6M  (prior $0.0M)
   Potomac Affinity Proteins, Llc                           $   1.5M  (prior $0.0M)
   Modendo Inc.                                             $   1.5M  (prior $0.0M)
   Epicure Therapeutics, Inc.                               $   1.5M  (prior $0.0M)
   Patchclamp Medtech, Inc.                                 $   1.5M  (prior $0.0M)
   Micro-Leads, Inc.                                        $   1.5M  (prior $0.0M)
   Pediastent Llc                                           $   1.5M  (prior $0.0M)
   Nightingale Labs Corporation                             $   1.4M  (prior $0.0M)
   Haystack Medical, Inc.                                   $   1.3M  (prior $0.0M)
   Cognixion Corporation                                    $   1.3M  (prior $0.0M)
   Xleratehealth, Llc                                       $   1.3M  (prior $0.0M)
   Merakris Therapeutics Inc                                $   1.1M  (prior $0.0M)
   X-Therma Inc.                                            $   1.1M  (prior $0.0M)
  FY2026 is PARTIAL (Oct-Aug) vs full FY2025 — deltas understate; org->ticker = SignalOS; private clusters = IPO watchlist
[-> NIH_GRANT_FLOW.json]


===== 2026-08-13 08:58 (desk) =====
=== NIH SBIR/STTR GRANT-FLOW SCANNER  2026-08-13  (FY2026 partial, 167 orgs >= $1M) ===
   Evidation Health, Inc.                                   $   2.0M  (prior $0.3M)
   Glyphic Biotechnologies, Inc.                            $   1.6M  (prior $0.0M)
   Potomac Affinity Proteins, Llc                           $   1.5M  (prior $0.0M)
   Modendo Inc.                                             $   1.5M  (prior $0.0M)
   Artificial Axon Labs Inc.                                $   1.5M  (prior $0.0M)
   Epicure Therapeutics, Inc.                               $   1.5M  (prior $0.0M)
   Patchclamp Medtech, Inc.                                 $   1.5M  (prior $0.0M)
   Micro-Leads, Inc.                                        $   1.5M  (prior $0.0M)
   Pediastent Llc                                           $   1.5M  (prior $0.0M)
   Deliberate Solutions, Inc.                               $   1.4M  (prior $0.0M)
   Nightingale Labs Corporation                             $   1.4M  (prior $0.0M)
   Haystack Medical, Inc.                                   $   1.3M  (prior $0.0M)
   Cognixion Corporation                                    $   1.3M  (prior $0.0M)
   Xleratehealth, Llc                                       $   1.3M  (prior $0.0M)
  FY2026 is PARTIAL (Oct-Aug) vs full FY2025 — deltas understate; org->ticker = SignalOS; private clusters = IPO watchlist
[-> NIH_GRANT_FLOW.json]


===== 2026-09-11 01:05 (desk) =====
=== NIH SBIR/STTR GRANT-FLOW SCANNER  2026-09-11  (FY2026 partial, 314 orgs >= $1M) ===
   Fibrotherapeutics, Inc.                                  $   2.8M  (prior $0.0M)
   Vivid Bioinnovations, Pbc                                $   3.3M  (prior $0.6M)
   Evidation Health, Inc.                                   $   2.0M  (prior $0.3M)
   Corvion, Inc.                                            $   2.6M  (prior $1.0M)
   Orlucent, Inc.                                           $   1.6M  (prior $0.0M)
   Glyphic Biotechnologies, Inc.                            $   1.6M  (prior $0.0M)
   Potomac Affinity Proteins, Llc                           $   1.5M  (prior $0.0M)
   Modendo Inc.                                             $   1.5M  (prior $0.0M)
   Artificial Axon Labs Inc.                                $   1.5M  (prior $0.0M)
   Epicure Therapeutics, Inc.                               $   1.5M  (prior $0.0M)
   Patchclamp Medtech, Inc.                                 $   1.5M  (prior $0.0M)
   Micro-Leads, Inc.                                        $   1.5M  (prior $0.0M)
   Pediastent Llc                                           $   1.5M  (prior $0.0M)
   Sarxion, Inc.                                            $   1.5M  (prior $0.0M)
  FY2026 is PARTIAL (Oct-Sep) vs full FY2025 — deltas understate; org->ticker = SignalOS; private clusters = IPO watchlist
[-> NIH_GRANT_FLOW.json]

