
===== 2026-07-02 00:30 (desk) =====
=== METHANE PLUME-CLUSTER SCANNER  2026-07-02  (1095 plumes, 107 clusters >=3 plumes, 60d) ===
   45.0,89.0        9 plumes  3,191,644 kg/hr  1A1
   22.5,39.0        8 plumes  2,705,788 kg/hr  1A1
   40.5,109.5       8 plumes  2,653,753 kg/hr  1A2
   52.0,75.5        3 plumes  2,601,008 kg/hr  1A1
   37.0,126.5       8 plumes  2,587,917 kg/hr  1A1
   39.5,111.0       4 plumes  2,216,114 kg/hr  1A1
   26.0,50.0        4 plumes  1,917,105 kg/hr  1A1
   22.5,70.0        6 plumes  1,803,413 kg/hr  1A1
   42.5,93.0        4 plumes  1,652,240 kg/hr  1A1
   35.5,113.0       4 plumes  1,527,419 kg/hr  1A1
   39.5,107.0       3 plumes  1,413,417 kg/hr  1A1
   24.0,38.5        5 plumes  1,291,026 kg/hr  1A1
  PROMOTE: SignalOS attributes dense NEW clusters to operators -> enforcement/liability seeds.
[-> PLUME_CLUSTERS.json]


===== 2026-07-09 00:30 (desk) =====
=== METHANE PLUME-CLUSTER SCANNER  2026-07-09  (1349 plumes, 124 clusters >=3 plumes, 60d) ===
   38.0,106.5      29 plumes  5,647,998 kg/hr  1A1
   45.0,89.0        9 plumes  3,191,644 kg/hr  1A1
   40.0,111.5       8 plumes  3,142,226 kg/hr  1A1
   39.5,111.0       7 plumes  3,025,524 kg/hr  1A1
   22.5,39.0        8 plumes  2,705,788 kg/hr  1A1
   40.5,109.5       7 plumes  2,653,753 kg/hr  other
   52.0,75.5        3 plumes  2,601,008 kg/hr  1A1
   37.0,126.5       8 plumes  2,587,917 kg/hr  1A1
   26.0,50.0        4 plumes  1,917,105 kg/hr  1A1
   22.5,70.0        6 plumes  1,803,413 kg/hr  1A1
   44.5,87.5        5 plumes  1,656,737 kg/hr  1A1
   42.5,93.0        4 plumes  1,652,240 kg/hr  1A1
  PROMOTE: SignalOS attributes dense NEW clusters to operators -> enforcement/liability seeds.
[-> PLUME_CLUSTERS.json]


===== 2026-07-16 00:30 (desk) =====
=== METHANE PLUME-CLUSTER SCANNER  2026-07-16  (1479 plumes, 131 clusters >=3 plumes, 60d) ===
   38.0,106.5      32 plumes  6,841,087 kg/hr  1A1
   30.0,122.0       4 plumes  4,275,612 kg/hr  1A1
   40.0,111.5      14 plumes  3,766,712 kg/hr  1A1
   26.0,50.0        4 plumes  3,218,634 kg/hr  1A1
   39.5,111.0      12 plumes  3,193,398 kg/hr  1A1
   45.0,89.0        9 plumes  3,191,644 kg/hr  1A1
   40.5,109.5       7 plumes  3,051,537 kg/hr  other
   22.5,39.0        8 plumes  2,705,788 kg/hr  1A1
   52.0,75.5        3 plumes  2,601,008 kg/hr  1A1
   37.0,126.5       8 plumes  2,587,917 kg/hr  1A1
   22.5,70.0        6 plumes  1,803,413 kg/hr  1A1
   39.5,107.0      12 plumes  1,691,242 kg/hr  1A1
  PROMOTE: SignalOS attributes dense NEW clusters to operators -> enforcement/liability seeds.
[-> PLUME_CLUSTERS.json]


===== 2026-07-23 00:30 (desk) =====
=== METHANE PLUME-CLUSTER SCANNER  2026-07-23  (1462 plumes, 150 clusters >=3 plumes, 60d) ===
   38.0,106.5      29 plumes  6,841,087 kg/hr  1A1
   30.0,122.0       4 plumes  4,275,612 kg/hr  1A1
   24.0,120.0       6 plumes  3,284,757 kg/hr  1A1
   26.0,50.0        4 plumes  3,218,634 kg/hr  1A1
   40.0,111.5      13 plumes  3,210,082 kg/hr  1A1
   45.0,89.0        9 plumes  3,191,644 kg/hr  1A1
   22.5,39.0        8 plumes  2,705,788 kg/hr  1A1
   52.0,75.5        3 plumes  2,601,008 kg/hr  1A1
   37.0,126.5       8 plumes  2,587,917 kg/hr  1A1
   24.0,120.5       7 plumes  2,565,595 kg/hr  1A1
   22.5,70.0        6 plumes  1,803,413 kg/hr  1A1
   39.5,107.0      12 plumes  1,691,242 kg/hr  1A1
  PROMOTE: SignalOS attributes dense NEW clusters to operators -> enforcement/liability seeds.
[-> PLUME_CLUSTERS.json]


===== 2026-07-30 00:34 (desk) =====
=== METHANE PLUME-CLUSTER SCANNER  2026-07-30  (1397 plumes, 134 clusters >=3 plumes, 60d) ===
   38.0,106.5      29 plumes  6,841,087 kg/hr  1A1
   40.0,111.5      17 plumes  6,203,863 kg/hr  1A1
   26.0,51.5        3 plumes  4,689,363 kg/hr  1A1
   30.0,122.0       4 plumes  4,275,612 kg/hr  1A1
   24.0,120.0       6 plumes  3,284,757 kg/hr  1A1
   26.0,50.0        4 plumes  3,218,634 kg/hr  1A1
   39.5,111.5       6 plumes  2,947,504 kg/hr  1A1
   37.0,126.5       8 plumes  2,587,917 kg/hr  1A1
   24.0,120.5       7 plumes  2,565,595 kg/hr  1A1
   21.5,84.0        7 plumes  1,870,404 kg/hr  1A1
   39.5,107.0      12 plumes  1,691,242 kg/hr  1A1
   44.5,87.5        5 plumes  1,656,737 kg/hr  1A1
  PROMOTE: SignalOS attributes dense NEW clusters to operators -> enforcement/liability seeds.
[-> PLUME_CLUSTERS.json]


===== 2026-08-06 01:30 (desk) =====
=== METHANE PLUME-CLUSTER SCANNER  2026-08-06  (1099 plumes, 110 clusters >=3 plumes, 60d) ===
   38.0,106.5      29 plumes  6,841,087 kg/hr  1A1
   26.0,51.5        3 plumes  4,689,363 kg/hr  1A1
   40.0,111.5      10 plumes  3,618,268 kg/hr  1A1
   24.0,120.0       6 plumes  3,284,757 kg/hr  1A1
   26.0,50.0        4 plumes  3,218,634 kg/hr  1A1
   39.5,111.5       6 plumes  2,947,504 kg/hr  1A1
   30.5,122.0       3 plumes  2,879,314 kg/hr  1A1
   24.0,120.5       7 plumes  2,565,595 kg/hr  1A1
   21.5,84.0        7 plumes  1,870,404 kg/hr  1A1
   39.5,107.0      12 plumes  1,691,242 kg/hr  1A1
   37.5,118.5       4 plumes  1,559,870 kg/hr  1A1
   36.5,113.0      11 plumes  1,461,424 kg/hr  1B1a
  PROMOTE: SignalOS attributes dense NEW clusters to operators -> enforcement/liability seeds.
[-> PLUME_CLUSTERS.json]


===== 2026-08-13 03:03 (desk) =====
=== METHANE PLUME-CLUSTER SCANNER  2026-08-13  (901 plumes, 94 clusters >=3 plumes, 60d) ===
   26.0,51.5        3 plumes  4,689,363 kg/hr  1A1
   40.0,111.5      10 plumes  3,618,268 kg/hr  1A1
   39.5,111.5       6 plumes  2,947,504 kg/hr  1A1
   30.5,122.0       3 plumes  2,879,314 kg/hr  1A1
   35.0,128.0       4 plumes  2,853,072 kg/hr  1A1
   35.0,127.5       7 plumes  2,510,068 kg/hr  1A2
   21.5,84.0        8 plumes  1,870,404 kg/hr  1A1
   25.5,104.5       4 plumes  1,660,007 kg/hr  1B1a
   37.5,118.5       4 plumes  1,559,870 kg/hr  1A1
   40.5,110.0       5 plumes  1,548,917 kg/hr  1A1
   24.0,120.5       3 plumes  1,468,660 kg/hr  1A1
   36.5,113.0      11 plumes  1,461,424 kg/hr  1B1a
  PROMOTE: SignalOS attributes dense NEW clusters to operators -> enforcement/liability seeds.
[-> PLUME_CLUSTERS.json]


===== 2026-09-11 01:03 (desk) =====
=== METHANE PLUME-CLUSTER SCANNER  2026-09-11  (825 plumes, 80 clusters >=3 plumes, 60d) ===
   38.0,106.5      21 plumes  12,802,042 kg/hr  1A1
   27.0,49.0       11 plumes  5,291,930 kg/hr  1A1
   44.0,116.0      12 plumes  4,034,882 kg/hr  1A1
   -27.0,30.0       3 plumes  3,707,234 kg/hr  1A1
   45.5,119.5      11 plumes  3,118,904 kg/hr  1A1
   26.0,50.5       11 plumes  2,811,865 kg/hr  1A1
   32.0,120.5       4 plumes  2,761,698 kg/hr  1A2
   30.5,122.0       3 plumes  1,419,695 kg/hr  1A1
   30.5,47.5        8 plumes  1,129,579 kg/hr  1A1
   -6.5,107.0       5 plumes  1,005,793 kg/hr  6A
   25.5,-100.0      4 plumes   987,222 kg/hr  6A
   30.0,31.5        3 plumes   973,454 kg/hr  1A2
  PROMOTE: SignalOS attributes dense NEW clusters to operators -> enforcement/liability seeds.
[-> PLUME_CLUSTERS.json]

