
===== 2026-07-06 00:33 (desk) =====
=== POLYMARKET WHALE SCANNER  2026-07-06T07:33  (>= $50k prints) ===
  $  74,298  SELL T1   @0.999  LoL: T1 vs FURIA Esports - Game 2 Winner
  $  66,540  BUY  T1   @0.9981158738  LoL: T1 vs FURIA Esports - Game 2 Winner
  $  50,150  SELL Yes  @0.999  Will "Minions & Monsters" Opening Weekend Box Office be less than 68m?
  $  58,378  BUY  T1   @0.9828100446  LoL: T1 vs FURIA Esports (BO5) - Mid-Season Invitational Playoffs
  $  64,121  SELL Bilibili Gaming @0.999  LoL: Bilibili Gaming vs LYON - Game 3 Winner
  $  67,271  SELL Bilibili Gaming @0.999  LoL: Bilibili Gaming vs LYON - Game 3 Winner
  $  55,405  SELL Bilibili Gaming @0.999  LoL: Bilibili Gaming vs LYON - Game 2 Winner
  $  57,808  SELL Bilibili Gaming @0.999  LoL: Bilibili Gaming vs LYON - Game 2 Winner
  $  59,802  BUY  Bilibili Gaming @0.996706894  LoL: Bilibili Gaming vs LYON - Game 2 Winner
  $  54,758  SELL Bilibili Gaming @0.999  LoL: Bilibili Gaming vs LYON - Game 1 Winner
  $  54,019  BUY  Bilibili Gaming @0.95  LoL: Bilibili Gaming vs LYON (BO5) - Mid-Season Invitational Playoffs
  $ 126,231  BUY  No   @0.999  Strait of Hormuz traffic returns to normal by end of June?
  $ 141,860  BUY  No   @0.9699425363  Strait of Hormuz traffic returns to normal by July 15?
  DOCTRINE: attention-allocation ONLY — pre-registered drift test NOT yet run; no seed priority.
[-> POLYMARKET_WHALES.json + whale_observation_log.jsonl]


===== 2026-07-07 07:33 (desk) =====
=== POLYMARKET WHALE SCANNER  2026-07-07T14:33  (>= $50k prints) ===
  $  53,862  SELL Team Liquid @0.9951741723  Dota 2: Team Liquid vs PlayTime - Game 1 Winner
  $  76,273  SELL Team Falcons @0.999  Dota 2: Team Falcons vs BetBoom Team - Game 2 Winner
  $  88,130  BUY  Yes  @0.85  Will there be no change in Fed interest rates after the July 2026 meeting?
  $ 114,040  BUY  No   @0.9177411563  Strait of Hormuz traffic returns to normal by July 31?
  $  65,737  SELL No   @0.999  Strait of Hormuz traffic returns to normal by end of June?
  DOCTRINE: attention-allocation ONLY — pre-registered drift test NOT yet run; no seed priority.
[-> POLYMARKET_WHALES.json + whale_observation_log.jsonl]


===== 2026-07-08 08:32 (desk) =====
=== POLYMARKET WHALE SCANNER  2026-07-08T15:32  (>= $50k prints) ===
  $  62,313  SELL Matej Dodig @0.999  Trieste: Michele Ribecai vs Matej Dodig
  $ 182,989  SELL Yi Zhou @0.999  Nottingham 3: Yi Zhou vs Daniel de Jonge
  $  51,349  BUY  No   @0.8889739215  Will Jonas Vingegaard win the 2026 Tour De France?
  $ 127,340  SELL Francesca Curmi @0.999  Contrexeville: Rebeka Masarova vs Francesca Curmi
  $  96,166  SELL G2 Esports @0.999  LoL: G2 Esports vs T1 (BO5) - Mid-Season Invitational Playoffs
  $ 216,286  SELL G2 Esports @0.999  LoL: G2 Esports vs T1 (BO5) - Mid-Season Invitational Playoffs
  $ 207,867  SELL G2 Esports @0.999  LoL: G2 Esports vs T1 - Game 4 Winner
  $  64,506  BUY  T1   @0.35  LoL: G2 Esports vs T1 - Game 3 Winner
  $ 214,051  BUY  T1   @0.5  LoL: G2 Esports vs T1 - Game 3 Winner
  $  57,338  SELL G2 Esports @0.999  LoL: G2 Esports vs T1 - Game 1 Winner
  $ 115,436  SELL Yes  @0.78  Will there be no change in Fed interest rates after the July 2026 meeting?
  $ 814,357  BUY  No   @0.999  Will Iran announce withdrawal from MOU negotiations by July 7?
  $  91,111  BUY  No   @0.82  US-Iran Final Nuclear Deal by August 31, 2026?
  $ 169,946  BUY  No   @0.849730643  US-Iran Final Nuclear Deal by August 18, 2026?
  $  64,427  BUY  LYON @0.9988344777  LoL: LYON vs Team Secret Whales - Game 2 Winner
  LEAK-PRONE CLASS prints (1) — the insider-signature arm's watch cohort (M&A/approvals/announcements):
    >>> $ 814,357  BUY No  Will Iran announce withdrawal from MOU negotiations by July 7?
  DOCTRINE: attention-allocation ONLY — pre-registered drift test NOT yet run; no seed priority.
[-> POLYMARKET_WHALES.json + whale_observation_log.jsonl]


===== 2026-07-09 09:33 (desk) =====
=== POLYMARKET WHALE SCANNER  2026-07-09T16:33  (>= $50k prints) ===
  $  62,476  SELL Hugo Gaston @0.999  Braunschweig: Hugo Gaston vs Mika Petkovic
  $ 200,502  SELL Bilibili Gaming @0.999  LoL: Bilibili Gaming vs Hanwha Life Esports (BO5) - Mid-Season Invitational Play
  $ 409,188  SELL Bilibili Gaming @0.999  LoL: Bilibili Gaming vs Hanwha Life Esports (BO5) - Mid-Season Invitational Play
  $  55,581  SELL Yes  @0.82  Will there be no change in Fed interest rates after the July 2026 meeting?
  $  97,345  SELL Bilibili Gaming @0.999  LoL: Bilibili Gaming vs Hanwha Life Esports - Game 4 Winner
  $ 108,906  SELL Bilibili Gaming @0.999  LoL: Bilibili Gaming vs Hanwha Life Esports - Game 4 Winner
  $ 120,000  BUY  Bilibili Gaming @0.8639922143  LoL: Bilibili Gaming vs Hanwha Life Esports (BO5) - Mid-Season Invitational Play
  $  51,090  BUY  Bilibili Gaming @0.9989800958  LoL: Bilibili Gaming vs Hanwha Life Esports - Game 2 Winner
  $ 105,051  BUY  Yes  @0.79  Will there be no change in Fed interest rates after the July 2026 meeting?
  $  94,377  BUY  Bilibili Gaming @0.999  LoL: Bilibili Gaming vs Hanwha Life Esports - Game 1 Winner
  $  53,230  BUY  Bilibili Gaming @0.43  LoL: Bilibili Gaming vs Hanwha Life Esports (BO5) - Mid-Season Invitational Play
  $  58,955  BUY  Bilibili Gaming @0.43  LoL: Bilibili Gaming vs Hanwha Life Esports (BO5) - Mid-Season Invitational Play
  $  99,260  BUY  Bilibili Gaming @0.42  LoL: Bilibili Gaming vs Hanwha Life Esports (BO5) - Mid-Season Invitational Play
  DOCTRINE: attention-allocation ONLY — pre-registered drift test NOT yet run; no seed priority.
[-> POLYMARKET_WHALES.json + whale_observation_log.jsonl]


===== 2026-07-10 10:35 (desk) =====
=== POLYMARKET WHALE SCANNER  2026-07-10T17:35  (>= $50k prints) ===
  $ 131,019  SELL Virtus.pro @0.999  Counter-Strike: B8 vs Virtus.pro (BO3) - RES Showdown Europe Playoffs
  $  57,638  BUY  No   @0.998  US x Iran diplomatic meeting by July 10, 2026?
  $  62,000  BUY  Fery @0.5  Set Handicap: Zverev (-2.5) vs Fery (+2.5)
  $  57,529  SELL LYON @0.999  LoL: G2 Esports vs LYON - Game 3 Winner
  $ 216,658  SELL LYON @0.999  LoL: G2 Esports vs LYON (BO5) - Mid-Season Invitational Playoffs
  $ 135,554  BUY  No   @0.999  Will a team from LEC (Europe / EMEA) win MSI 2026?
  $ 245,092  BUY  No   @0.999  Will a team from LEC (Europe / EMEA) win MSI 2026?
  $ 245,449  BUY  No   @0.999  Will G2 Esports win MSI 2026?
  $ 137,862  BUY  No   @0.999  Will G2 Esports win MSI 2026?
  $ 109,890  BUY  No   @0.999  Will G2 Esports win MSI 2026?
  $  99,900  BUY  No   @0.999  Will a team from LEC (Europe / EMEA) win MSI 2026?
  $  99,900  BUY  No   @0.999  Will G2 Esports win MSI 2026?
  $  74,925  BUY  No   @0.9989997037  Will G2 Esports win MSI 2026?
  $  81,070  BUY  LYON @0.718860229  LoL: G2 Esports vs LYON (BO5) - Mid-Season Invitational Playoffs
  $  55,247  BUY  No   @0.8298829538  Iran leadership change by December 31?
  DOCTRINE: attention-allocation ONLY — pre-registered drift test NOT yet run; no seed priority.
[-> POLYMARKET_WHALES.json + whale_observation_log.jsonl]


===== 2026-07-13 00:33 (desk) =====
=== POLYMARKET WHALE SCANNER  2026-07-13T07:33  (>= $50k prints) ===
  $  55,579  BUY  Up   @0.310045695  Bitcoin Up or Down - July 12, 11:35PM-11:40PM ET
  $ 299,100  BUY  No   @0.997  Strait of Hormuz traffic returns to normal by July 15?
  $  60,437  SELL Zverev @0.999  Set Handicap: Sinner (-2.5) vs Zverev (+2.5)
  $  57,000  BUY  Jeline Vandromme @0.8151962703  Contrexeville: Mayar Sherif vs Jeline Vandromme
  $  87,213  SELL Florian Broska @0.999  Liege: Florian Broska vs Lorenzo Giustino
  $  58,000  BUY  Zverev @0.6008832576  Set Handicap: Sinner (-2.5) vs Zverev (+2.5)
  $  98,611  SELL Hanwha Life Esports @0.999  LoL: Bilibili Gaming vs Hanwha Life Esports (BO5) - Mid-Season Invitational Play
  $ 144,575  SELL Hanwha Life Esports @0.999  LoL: Bilibili Gaming vs Hanwha Life Esports (BO5) - Mid-Season Invitational Play
  $ 255,025  SELL Hanwha Life Esports @0.999  LoL: Bilibili Gaming vs Hanwha Life Esports (BO5) - Mid-Season Invitational Play
  $  71,999  BUY  Hanwha Life Esports @0.4971472872  LoL: Bilibili Gaming vs Hanwha Life Esports (BO5) - Mid-Season Invitational Play
  $ 150,446  BUY  Hanwha Life Esports @0.45  LoL: Bilibili Gaming vs Hanwha Life Esports (BO5) - Mid-Season Invitational Play
  $  88,143  BUY  Hanwha Life Esports @0.2366226637  LoL: Bilibili Gaming vs Hanwha Life Esports (BO5) - Mid-Season Invitational Play
  $  67,397  BUY  Hanwha Life Esports @0.2175831596  LoL: Bilibili Gaming vs Hanwha Life Esports (BO5) - Mid-Season Invitational Play
  $  51,534  SELL Bilibili Gaming @0.999  LoL: Bilibili Gaming vs Hanwha Life Esports - Game 3 Winner
  DOCTRINE: attention-allocation ONLY — pre-registered drift test NOT yet run; no seed priority.
[-> POLYMARKET_WHALES.json + whale_observation_log.jsonl]


===== 2026-07-14 01:32 (desk) =====
=== POLYMARKET WHALE SCANNER  2026-07-14T08:32  (>= $50k prints) ===
  $  54,039  BUY  No   @0.997  Strait of Hormuz traffic returns to normal by July 15?
  $ 100,000  BUY  No   @0.997  Strait of Hormuz traffic returns to normal by July 15?
  $ 100,340  BUY  No   @0.998  Will Bitcoin reach $65,000 on July 13?
  $  50,260  SELL Paul Inchauspe @0.6354467769  Pozoblanco: Paul Inchauspe vs Hamish Stewart
  $  89,088  BUY  Yes  @0.8098902825  Will no Fed rate cuts happen in 2026?
  $ 204,192  BUY  No   @0.995  Will the Fed decrease interest rates by 25 bps after the July 2026 meeting?
  $  80,943  SELL No   @0.810000069  Will the U.S. invade Iran before 2027?
  $  55,579  BUY  Up   @0.310045695  Bitcoin Up or Down - July 12, 11:35PM-11:40PM ET
  $ 299,100  BUY  No   @0.997  Strait of Hormuz traffic returns to normal by July 15?
  $  60,437  SELL Zverev @0.999  Set Handicap: Sinner (-2.5) vs Zverev (+2.5)
  DOCTRINE: attention-allocation ONLY — pre-registered drift test NOT yet run; no seed priority.
[-> POLYMARKET_WHALES.json + whale_observation_log.jsonl]


===== 2026-07-15 02:37 (desk) =====
=== POLYMARKET WHALE SCANNER  2026-07-15T09:37  (>= $50k prints) ===
  $  67,830  BUY  No   @0.995  Will the Fed decrease interest rates by 25 bps after the July 2026 meeting?
  $  71,443  BUY  Yes  @0.999  Over $25M committed to the Credible public sale?
  $  60,975  BUY  No   @0.9848704324  Strait of Hormuz traffic returns to normal by July 31?
  $  72,701  BUY  No   @0.72  England leading at halftime?
  $  54,872  BUY  Murphy Cassone @0.5359458917  Granby: Murphy Cassone vs Tristan Schoolkate
  $  57,888  BUY  Alexander Blockx @0.800187187  Croatia Open: Titouan Droguet vs Alexander Blockx
  $  79,060  SELL Juan Carlos Prado @0.999  Croatia Open: Lukas Neumayer vs Juan Carlos Prado
  $  68,000  BUY  Juan Carlos Prado @0.8592454948  Croatia Open: Lukas Neumayer vs Juan Carlos Prado
  $  63,624  SELL Miriana Tona @0.999  Athens Open: Sapfo Sakellaridi vs Miriana Tona
  DOCTRINE: attention-allocation ONLY — pre-registered drift test NOT yet run; no seed priority.
[-> POLYMARKET_WHALES.json + whale_observation_log.jsonl]


===== 2026-07-16 03:37 (desk) =====
=== POLYMARKET WHALE SCANNER  2026-07-16T10:37  (>= $50k prints) ===
  $ 299,100  BUY  No   @0.997  Will the Fed increase interest rates by 50+ bps after the July 2026 meeting?
  $  54,323  BUY  No   @0.985  Will WTI Crude Oil (WTI) hit (LOW) $60 in July?
  $  83,361  BUY  No   @0.933  China x Taiwan military clash before 2027?
  $  55,866  BUY  Yes  @0.2  Will the U.S. invade Iran before 2027?
  DOCTRINE: attention-allocation ONLY — pre-registered drift test NOT yet run; no seed priority.
[-> POLYMARKET_WHALES.json + whale_observation_log.jsonl]


===== 2026-07-17 10:53 (desk) =====
=== POLYMARKET WHALE SCANNER  2026-07-17T17:53  (>= $50k prints) ===
  $  59,958  BUY  Julia Riera @0.99867905  Rome: Nuria Brancaccio vs Julia Riera
  $  74,876  BUY  No   @0.94  Will the US confirm that aliens exist before 2027?
  $ 126,290  SELL Yes  @0.9548948732  Will there be no change in Fed interest rates after the July 2026 meeting?
  $  79,218  BUY  No   @0.99  Strait of Hormuz traffic returns to normal by July 31?
  $  77,298  BUY  Oleksandra Oliynykova @0.7503532232  Iasi Open: Oleksandra Oliynykova vs Clara Burel
  $  51,033  BUY  Bilibili Gaming @0.9988179268  LoL: Bilibili Gaming vs Dplus KIA - Game 2 Winner
  $  89,797  SELL No   @0.997  Will the Fed increase interest rates by 50+ bps after the July 2026 meeting?
  $  72,437  SELL Andrey Rublev @0.999  Swedish Open: Andrey Rublev vs Sebastian Baez
  $ 299,700  SELL Karmine Corp @0.999  LoL: Anyone's Legend vs Karmine Corp - Game 1 Winner
  $  55,838  SELL Dplus KIA @0.999  LoL: Bilibili Gaming vs Dplus KIA - Game 1 Winner
  $  58,832  BUY  Vici Gaming @0.999  Dota 2: Team Falcons vs Vici Gaming - Game 2 Winner
  $  98,732  BUY  Team Falcons @0.6750367658  Dota 2: Team Falcons vs Vici Gaming - Game 2 Winner
  $  50,228  BUY  Up   @0.6697049573  BNB Up or Down - July 17, 8:20AM-8:25AM ET
  $  56,862  BUY  Up   @0.7993214589  BNB Up or Down - July 17, 8:10AM-8:15AM ET
  $ 115,321  BUY  Up   @0.8297814401  BNB Up or Down - July 17, 8:00AM-8:05AM ET
  DOCTRINE: attention-allocation ONLY — pre-registered drift test NOT yet run; no seed priority.
[-> POLYMARKET_WHALES.json + whale_observation_log.jsonl]


===== 2026-07-20 10:52 (desk) =====
=== POLYMARKET WHALE SCANNER  2026-07-20T17:52  (>= $50k prints) ===
  no qualifying prints this pass  [error: <urlopen error [Errno 8] nodename nor servname provided, or not known>]
  DOCTRINE: attention-allocation ONLY — pre-registered drift test NOT yet run; no seed priority.
[-> POLYMARKET_WHALES.json + whale_observation_log.jsonl]


===== 2026-07-21 11:47 (desk) =====
=== POLYMARKET WHALE SCANNER  2026-07-21T18:47  (>= $50k prints) ===
  $  51,016  SELL Yes  @0.8239138688  Will there be no change in Fed interest rates after the July 2026 meeting?
  $  54,192  SELL Astralis @0.999  Counter-Strike: Astralis vs FOKUS - Map 2 Winner
  $  55,356  BUY  Alliance @0.63  Counter-Strike: Alliance vs Wildcard (BO3) - BLAST Bounty Qualifier
  $  87,259  SELL No   @0.996  Will the Fed decrease interest rates by 25 bps after the July 2026 meeting?
  $ 199,600  BUY  Yes  @0.998  Will Trump be in the WC Champions Photo?
  $ 387,800  BUY  Yes  @0.998  Will Trump be in the WC Champions Photo?
  $  59,700  BUY  No   @0.995  Will the Fed increase interest rates by 50+ bps after the July 2026 meeting?
  $  62,582  SELL Astralis @0.999  Counter-Strike: Team Nemesis vs Astralis (BO3) - BLAST Bounty Qualifier
  $  50,783  BUY  Norbert Gombos @0.8578589388  Zug: Filip Jianu vs Norbert Gombos
  $  59,417  SELL Astralis @0.999  Counter-Strike: Team Nemesis vs Astralis - Map 2 Winner
  $  82,131  BUY  Yes  @0.998  Will Trump be in the WC Champions Photo?
  $  99,900  SELL No   @0.999  Strait of Hormuz traffic returns to normal by July 15?
  $ 101,701  BUY  T1   @0.9989350631  LoL: Gen.G vs T1 (BO1) - KeSPA Cup Group Stage
  $  56,856  BUY  BNK FEARX @0.9988066726  LoL: BNK FEARX vs Dplus KIA (BO1) - KeSPA Cup Group Stage
  $ 112,677  BUY  Yes  @0.997  Will Trump be in the WC Champions Photo?
  DOCTRINE: attention-allocation ONLY — pre-registered drift test NOT yet run; no seed priority.
[-> POLYMARKET_WHALES.json + whale_observation_log.jsonl]


===== 2026-07-22 13:51 (desk) =====
=== POLYMARKET WHALE SCANNER  2026-07-22T20:51  (>= $50k prints) ===
  $  52,511  SELL HOTU @0.999  Counter-Strike: HOTU vs GamerLegion (BO3) - BLAST Bounty Qualifier
  $  54,260  BUY  Team Falcons @0.75  Counter-Strike: Team Falcons vs 100 Thieves (BO3) - BLAST Bounty Qualifier
  $  53,671  SELL Tiago Torres @0.999  Estoril Open: Alejandro Tabilo vs Tiago Torres
  $ 140,749  BUY  HOTU @0.9989995032  Counter-Strike: HOTU vs GamerLegion (BO3) - BLAST Bounty Qualifier
  $  63,267  BUY  Team Falcons @0.86  Counter-Strike: Team Falcons vs 100 Thieves (BO3) - BLAST Bounty Qualifier
  $  99,240  BUY  No   @0.992  Will the Fed increase interest rates by 50+ bps after the July 2026 meeting?
  $  69,773  BUY  No   @0.831674063  Will WTI Crude Oil (WTI) hit (HIGH) $100 in July?
  $ 287,384  BUY  No   @0.993  Will the Fed increase interest rates by 50+ bps after the July 2026 meeting?
  $ 112,787  BUY  Yes  @0.7523192743  Will there be no change in Fed interest rates after the July 2026 meeting?
  $ 110,243  BUY  No   @0.9827782106  Will Alphabet be the largest company in the world by market cap on July 31?
  $  71,562  BUY  FaZe @0.999  Counter-Strike: EYEBALLERS vs FaZe (BO3) - BLAST Bounty Qualifier
  $  98,843  SELL LGD Gaming @0.999  LoL: LGD Gaming vs EDward Gaming (BO3) - LPL Group Ascend
  $ 222,109  BUY  LGD Gaming @0.999  LoL: LGD Gaming vs EDward Gaming - Game 1 Winner
  $  55,499  BUY  LGD Gaming @0.999  LoL: LGD Gaming vs EDward Gaming - Game 1 Winner
  $  77,837  BUY  Yes  @0.8567736934  Will there be no change in Fed interest rates after the July 2026 meeting?
  DOCTRINE: attention-allocation ONLY — pre-registered drift test NOT yet run; no seed priority.
[-> POLYMARKET_WHALES.json + whale_observation_log.jsonl]


===== 2026-07-23 14:40 (desk) =====
=== POLYMARKET WHALE SCANNER  2026-07-23T21:40  (>= $50k prints) ===
  $ 158,132  SELL Andres Martin @0.999  Bloomfield Hills: Roger Pascual vs Andres Martin
  $  74,171  SELL Elina Avanesyan @0.999  Hamburg European Open: Elina Avanesyan vs Yulia Putintseva
  $ 115,127  SELL Mina Hodzic @0.999  Palermo: Mina Hodzic vs Noemi Basiletti
  $  69,000  BUY  Mina Hodzic @0.5987394124  Palermo: Mina Hodzic vs Noemi Basiletti
  $ 166,416  SELL Jacob Fearnley @0.999  Bloomfield Hills: Jacob Fearnley vs Tristan Boyer
  $  50,086  BUY  FOKUS @0.3962262596  Counter-Strike: Heroic vs FOKUS (BO3) - StarLadder StarSeries European Qualifier
  $  71,945  BUY  No   @0.991  Will Bitcoin reach $77,500 in July?
  $  77,971  BUY  Yes  @0.724929933  Will there be no change in Fed interest rates after the July 2026 meeting?
  $  79,440  BUY  No   @0.993  Will the Fed increase interest rates by 50+ bps after the July 2026 meeting?
  $ 110,683  SELL Paula Badosa @0.999  Hamburg European Open: Paula Badosa vs Panna Udvardy
  $  82,409  BUY  Bilibili Gaming @0.9987697254  LoL: Bilibili Gaming vs ThunderTalk Gaming (BO3) - LPL Group Ascend
  $  56,317  BUY  Paula Badosa @0.5083014781  Hamburg European Open: Paula Badosa vs Panna Udvardy
  $  76,677  BUY  Yes  @0.739908643  Will there be no change in Fed interest rates after the July 2026 meeting?
  $ 199,800  SELL FOKUS @0.999  Counter-Strike: Aurora Gaming vs FOKUS (BO3) - BLAST Bounty Qualifier
  $  59,705  BUY  Aurora Gaming @0.74  Counter-Strike: Aurora Gaming vs FOKUS (BO3) - BLAST Bounty Qualifier
  DOCTRINE: attention-allocation ONLY — pre-registered drift test NOT yet run; no seed priority.
[-> POLYMARKET_WHALES.json + whale_observation_log.jsonl]


===== 2026-07-27 09:54 (desk) =====
=== POLYMARKET WHALE SCANNER  2026-07-27T13:54  (>= $50k prints) ===
  $ 260,655  BUY  No   @0.994  Will the Fed increase interest rates by 50+ bps after the July 2026 meeting?
  $  87,091  BUY  Mia Pohankova @0.78  Targu Mures: Caijsa Hennemann vs Mia Pohankova
  $  55,487  SELL T1   @0.999  LoL: Dplus KIA vs T1 (BO1) - KeSPA Cup Group Stage
  $  57,043  BUY  T1   @0.999  LoL: Dplus KIA vs T1 (BO1) - KeSPA Cup Group Stage
  $  58,125  BUY  T1   @0.92  LoL: Dplus KIA vs T1 (BO1) - KeSPA Cup Group Stage
  $  55,675  BUY  T1   @0.9  LoL: Dplus KIA vs T1 (BO1) - KeSPA Cup Group Stage
  $  58,997  SELL Gen.G @0.999  LoL: KT Rolster vs Gen.G (BO1) - KeSPA Cup Group Stage
  $  88,799  BUY  Gen.G @0.999  LoL: KT Rolster vs Gen.G (BO1) - KeSPA Cup Group Stage
  $ 233,820  BUY  Yes  @0.998  Will CXMT’s market cap be 400 billion yuan or greater at market close on IPO day
  $ 249,500  BUY  Yes  @0.998  Will CXMT’s market cap be 400 billion yuan or greater at market close on IPO day
  $ 249,500  BUY  Yes  @0.998  Will CXMT’s market cap be 400 billion yuan or greater at market close on IPO day
  $ 173,452  BUY  Yes  @0.998  Will CXMT’s market cap be 400 billion yuan or greater at market close on IPO day
  $  60,147  SELL Hanwha Life Esports @0.999  LoL: Dplus KIA vs Hanwha Life Esports (BO1) - KeSPA Cup Group Stage
  $  54,890  BUY  Yes  @0.998  Will CXMT’s market cap be 400 billion yuan or greater at market close on IPO day
  $  99,800  BUY  Yes  @0.998  Will CXMT’s market cap be 400 billion yuan or greater at market close on IPO day
  LEAK-PRONE CLASS prints (10) — the insider-signature arm's watch cohort (M&A/approvals/announcements):
    >>> $ 233,820  BUY Yes  Will CXMT’s market cap be 400 billion yuan or greater at market close on IPO day
    >>> $ 249,500  BUY Yes  Will CXMT’s market cap be 400 billion yuan or greater at market close on IPO day
    >>> $ 249,500  BUY Yes  Will CXMT’s market cap be 400 billion yuan or greater at market close on IPO day
    >>> $ 173,452  BUY Yes  Will CXMT’s market cap be 400 billion yuan or greater at market close on IPO day
    >>> $  54,890  BUY Yes  Will CXMT’s market cap be 400 billion yuan or greater at market close on IPO day
  DOCTRINE: attention-allocation ONLY — pre-registered drift test NOT yet run; no seed priority.
[-> POLYMARKET_WHALES.json + whale_observation_log.jsonl]


===== 2026-07-28 07:43 (desk) =====
=== POLYMARKET WHALE SCANNER  2026-07-28T14:43  (>= $50k prints) ===
  $  62,238  SELL DN SOOPers @0.999  LoL: DN SOOPers vs HANJIN BRION (BO3) - KeSPA Cup Last Chance Qualifier
  $  62,192  BUY  DN SOOPers @0.9982704238  LoL: DN SOOPers vs HANJIN BRION (BO3) - KeSPA Cup Last Chance Qualifier
  $  97,815  BUY  No   @0.998  Will the price of Bitcoin be above $66,000 on July 28?
  $ 193,310  SELL Yelyzaveta Kotliar @0.999  Targu Mures: Yelyzaveta Kotliar vs Dalila Spiteri
  $ 139,860  SELL Florent Bax @0.999  Samsun: Takuya Kumasaka vs Florent Bax
  $  64,182  BUY  Martin Krumich @0.9301470977  Liberec: Martin Krumich vs Philip Henning
  $ 128,514  SELL Florent Bax @0.999  Samsun: Takuya Kumasaka vs Florent Bax
  $  57,468  BUY  Florent Bax @0.896501031  Samsun: Takuya Kumasaka vs Florent Bax
  $  54,516  SELL Mia Ristic @0.999  Targu Mures: Mia Ristic vs Darja Semenistaja
  $  63,187  BUY  Paul Inchauspe @0.98  Samsun: Ergi Kirkin vs Paul Inchauspe
  $ 202,153  BUY  No   @0.7357628077  Will the Fed increase interest rates by 25 bps after the July 2026 meeting?
  $ 135,058  BUY  No   @0.996  Strait of Hormuz traffic returns to normal by July 31?
  $ 476,028  BUY  No   @0.999  Will the Fed decrease interest rates by 50+ bps after the July 2026 meeting?
  $ 792,906  BUY  No   @0.999  Will the Fed decrease interest rates by 50+ bps after the July 2026 meeting?
  $ 195,348  BUY  No   @0.7247657169  Will the Fed increase interest rates by 25 bps after the July 2026 meeting?
  LEAK-PRONE CLASS prints (15) — the insider-signature arm's watch cohort (M&A/approvals/announcements):
    >>> $ 267,733  BUY Yes  US announces halt in Iran offensive operations by July 31?
    >>> $ 149,850  BUY Yes  US announces halt in Iran offensive operations by July 31?
    >>> $ 139,860  BUY Yes  US announces halt in Iran offensive operations by July 31?
    >>> $ 163,882  BUY Yes  US announces halt in Iran offensive operations by July 31?
    >>> $  99,900  BUY Yes  US announces halt in Iran offensive operations by July 31?
  DOCTRINE: attention-allocation ONLY — pre-registered drift test NOT yet run; no seed priority.
[-> POLYMARKET_WHALES.json + whale_observation_log.jsonl]


===== 2026-07-29 08:43 (desk) =====
=== POLYMARKET WHALE SCANNER  2026-07-29T15:43  (>= $50k prints) ===
  $ 183,750  BUY  Yes  @0.7349994716  Will there be no change in Fed interest rates after the July 2026 meeting?
  $ 183,747  BUY  Yes  @0.7349860089  Will there be no change in Fed interest rates after the July 2026 meeting?
  $  68,916  BUY  Bilibili Gaming @0.9  LoL: Bilibili Gaming vs LGD Gaming (BO3) - LPL Group Ascend
  $  51,723  BUY  Bilibili Gaming @0.7755994679  LoL: Bilibili Gaming vs LGD Gaming - Game 2 Winner
  $  87,875  SELL KT Rolster @0.999  LoL: T1 vs KT Rolster (BO3) - LCK Round 3-4 Legend Group
  $  64,671  BUY  KT Rolster @0.989941347  LoL: T1 vs KT Rolster - Game 2 Winner
  $  60,390  BUY  KT Rolster @0.99  LoL: T1 vs KT Rolster - Game 2 Winner
  $  73,263  SELL KT Rolster @0.999  LoL: T1 vs KT Rolster - Game 1 Winner
  $ 199,600  SELL No   @0.998  Will the Fed decrease interest rates by 25 bps after the July 2026 meeting?
  $  74,201  SELL Nongshim Red Force @0.999  LoL: Kiwoom DRX vs Nongshim Red Force - Game 1 Winner
  $  53,673  SELL Anyones Legend @0.999  LoL: Top Esports vs Anyone's Legend - Game 1 Winner
  $  51,782  BUY  KT Rolster @0.99  LoL: T1 vs KT Rolster - Game 1 Winner
  $  58,827  BUY  Anyones Legend @0.95  LoL: Top Esports vs Anyone's Legend - Game 2 Winner
  $  57,207  SELL Nongshim Red Force @0.999  LoL: Kiwoom DRX vs Nongshim Red Force (BO3) - LCK Round 3-4 Rise Group
  $  52,945  BUY  Nongshim Red Force @0.96  LoL: Kiwoom DRX vs Nongshim Red Force (BO3) - LCK Round 3-4 Rise Group
  LEAK-PRONE CLASS prints (1) — the insider-signature arm's watch cohort (M&A/approvals/announcements):
    >>> $ 140,886  SELL Yes  US announces halt in Iran offensive operations by July 31?
  DOCTRINE: attention-allocation ONLY — pre-registered drift test NOT yet run; no seed priority.
[-> POLYMARKET_WHALES.json + whale_observation_log.jsonl]


===== 2026-07-30 09:43 (desk) =====
=== POLYMARKET WHALE SCANNER  2026-07-30T16:43  (>= $50k prints) ===
  $  65,700  SELL Vici Gaming @0.999  Dota 2: Nigma Galaxy vs Vici Gaming - Game 1 Winner
  $ 104,532  SELL No   @0.9650232497  Hantavirus pandemic in 2026?
  $  71,964  BUY  Spirit @0.88  Counter-Strike: Liquid vs Spirit (BO3) - BLAST Bounty Playoffs
  $  53,935  BUY  JD Gaming @0.9987995807  LoL: ThunderTalk Gaming vs JD Gaming (BO3) - LPL Group Ascend
  $  50,128  SELL Spirit @0.999  Counter-Strike: Liquid vs Spirit - Map 1 Winner
  $  56,921  BUY  JD Gaming @0.6400088342  LoL: ThunderTalk Gaming vs JD Gaming (BO3) - LPL Group Ascend
  $  74,503  BUY  Yes  @0.42  Will there be no change in Fed interest rates after the September 2026 meeting?
  $  65,940  BUY  Yes  @0.4069564652  Will there be no change in Fed interest rates after the September 2026 meeting?
  $  53,993  SELL Dplus KIA @0.999  LoL: Hanwha Life Esports vs Dplus KIA (BO3) - LCK Round 3-4 Legend Group
  $  50,446  SELL ThunderTalk Gaming @0.999  LoL: ThunderTalk Gaming vs JD Gaming - Game 1 Winner
  $ 153,044  BUY  Hanwha Life Esports @0.57  LoL: Hanwha Life Esports vs Dplus KIA (BO3) - LCK Round 3-4 Legend Group
  $  60,865  BUY  No   @0.964194791  Will the Fed decrease interest rates by 25 bps after the September 2026 meeting?
  $  84,998  BUY  No   @0.96  Will the Fed decrease interest rates by 25 bps after the September 2026 meeting?
  $ 136,433  BUY  Hanwha Life Esports @0.999  LoL: Hanwha Life Esports vs Dplus KIA - Game 2 Winner
  $  63,818  SELL Team WE @0.999  LoL: EDward Gaming vs Team WE - Game 2 Winner
  DOCTRINE: attention-allocation ONLY — pre-registered drift test NOT yet run; no seed priority.
[-> POLYMARKET_WHALES.json + whale_observation_log.jsonl]


===== 2026-07-31 10:48 (desk) =====
=== POLYMARKET WHALE SCANNER  2026-07-31T17:48  (>= $50k prints) ===
  $  84,507  SELL paiN @0.999  Counter-Strike: paiN vs Astralis - Map 1 Winner
  $  85,210  SELL No   @0.9621101389  Hantavirus pandemic in 2026?
  $  78,140  BUY  paiN @0.44  Counter-Strike: paiN vs Astralis (BO3) - BLAST Bounty Playoffs
  $  54,051  BUY  Koki Matsuda @0.5865441504  Samsun: Koki Matsuda vs Gabriel Debru
  $  64,016  SELL Federico Agustin Gomez @0.7086552381  Bonn: Matheus Pucinelli de Almeida vs Federico Agustin Gomez
  $  70,000  BUY  Matheus Pucinelli de Almeida @0.5613938954  Bonn: Matheus Pucinelli de Almeida vs Federico Agustin Gomez
  $ 172,500  SELL Laura Samson @0.999  Targu Mures: Laura Samson vs Mia Ristic
  $  56,419  SELL HANJIN BRION @0.999  LoL: HANJIN BRION vs Kiwoom DRX - Game 1 Winner
  $  57,230  BUY  Bilibili Gaming @0.97  LoL: Team WE vs Bilibili Gaming (BO3) - LPL Group Ascend
  $  54,870  BUY  HANJIN BRION @0.56  LoL: HANJIN BRION vs Kiwoom DRX (BO3) - LCK Round 3-4 Rise Group
  $  86,470  SELL T1   @0.999  LoL: Gen.G vs T1 (BO3) - LCK Round 3-4 Legend Group
  $  65,279  BUY  No   @0.999  Will WTI Crude Oil (WTI) hit (LOW) $65 in July?
  $  58,192  SELL T1   @0.999  LoL: Gen.G vs T1 - Game 2 Winner
  $  57,652  BUY  T1   @0.9897357013  LoL: Gen.G vs T1 - Game 2 Winner
  $  56,200  SELL Jan Kumstat @0.5827138595  Liberec: Jan Kumstat vs Frederico Ferreira Silva
  DOCTRINE: attention-allocation ONLY — pre-registered drift test NOT yet run; no seed priority.
[-> POLYMARKET_WHALES.json + whale_observation_log.jsonl]


===== 2026-08-03 00:55 (desk) =====
=== POLYMARKET WHALE SCANNER  2026-08-03T07:55  (>= $50k prints) ===
  $  55,210  BUY  Hanwha Life Esports @0.552104155  LoL: Gen.G vs Hanwha Life Esports (BO3) - KeSPA Cup Last Chance Qualifier
  $  61,551  BUY  No   @0.9835685454  Will Count Binface win the Clacton by-election?
  $  56,911  SELL No   @0.9544277639  US-Iran Final Nuclear Deal by August 31, 2026?
  $  54,305  SELL No   @0.79  Will the U.S. invade Iran before 2027?
  $  74,932  SELL Movistar KOI @0.999  LoL: Fnatic vs Movistar KOI (BO3) - LEC Regular Season
  $  95,240  SELL Fnatic @0.999  LoL: Fnatic vs Movistar KOI - Game 2 Winner
  $  66,171  BUY  Yakult Brothers @0.5  Dota 2: REKONIX vs Yakult Brothers (BO3) - Games of the Future Playoffs
  $  71,663  SELL Movistar KOI @0.999  LoL: Fnatic vs Movistar KOI - Game 1 Winner
  $ 121,238  BUY  LGD Gaming @0.83  Dota 2: Zero Tenacity vs LGD Gaming (BO3) - Games of the Future Playoffs
  $  76,211  BUY  Jessica Pegula @0.61  Mubadala Citi DC Open: Jessica Pegula vs Alexandra Eala
  $  61,716  BUY  Jessica Pegula @0.6050631294  Mubadala Citi DC Open: Jessica Pegula vs Alexandra Eala
  $ 152,491  SELL MOUZ @0.999  Counter-Strike: Spirit vs MOUZ (BO5) - BLAST Bounty Playoffs
  $  57,747  SELL GamerLegion @0.999  Dota 2: GamerLegion vs MOUZ - Game 1 Winner
  $  57,489  SELL Spirit @0.999  Counter-Strike: Spirit vs MOUZ - Map 3 Winner
  $  58,342  SELL Hanwha Life Esports @0.999  LoL: KT Rolster vs Hanwha Life Esports - Game 2 Winner
  DOCTRINE: attention-allocation ONLY — pre-registered drift test NOT yet run; no seed priority.
[-> POLYMARKET_WHALES.json + whale_observation_log.jsonl]


===== 2026-08-04 01:45 (desk) =====
=== POLYMARKET WHALE SCANNER  2026-08-04T08:45  (>= $50k prints) ===
  $  51,948  SELL Hanwha Life Esports @0.999  LoL: T1 vs Hanwha Life Esports - Game 1 Winner
  $  51,165  BUY  Yes  @0.520034134  Will Harry Kane win the 2026 Ballon d'Or?
  $  65,207  SELL Daniel Altmaier @0.7329383565  National Bank Open: Aleksandar Vukic vs Daniel Altmaier
  $  71,951  BUY  Gabriel Diallo @0.5114546937  National Bank Open: Gabriel Diallo vs Kyrian Jacquet
  $  53,141  BUY  Michael Zheng @0.7166316175  National Bank Open: Michael Zheng vs Miomir Kecmanovic
  $  63,734  SELL Taylor Townsend @0.6064864644  National Bank Open: Tereza Valentova vs Taylor Townsend
  $  89,765  SELL Rune Eaters @0.999  Dota 2: Rune Eaters vs LGD Gaming (BO3) - Games of the Future Playoffs
  $  53,908  BUY  Team Liquid @0.58  Dota 2: Team Liquid vs Vici Gaming (BO3) - 1win Essence Playoffs
  $  96,407  SELL Rune Eaters @0.999  Dota 2: Rune Eaters vs LGD Gaming (BO3) - Games of the Future Playoffs
  $ 124,881  SELL Vit Kopriva @0.6939004797  Canadian Open: Alexis Galarneau vs Vit Kopriva
  $  97,942  SELL Rune Eaters @0.999  Dota 2: Rune Eaters vs LGD Gaming - Game 2 Winner
  $  94,990  SELL Shuai Zhang @0.891976454  National Bank Open: Yulia Putintseva vs Shuai Zhang
  $ 107,253  BUY  Yanaki Milev @0.78  Plovdiv 2: Yanaki Milev vs Oriol Roca Batalla
  $ 157,751  BUY  No   @0.9859429419  Strait of Hormuz traffic returns to normal by August 15?
  $  73,276  SELL Talia Gibson @0.999  National Bank Open: Talia Gibson vs Elisabetta Cocciaretto
  DOCTRINE: attention-allocation ONLY — pre-registered drift test NOT yet run; no seed priority.
[-> POLYMARKET_WHALES.json + whale_observation_log.jsonl]


===== 2026-08-05 02:50 (desk) =====
=== POLYMARKET WHALE SCANNER  2026-08-05T09:50  (>= $50k prints) ===
  $ 369,576  BUY  No   @0.8093659055  Clarity Act (H.R.3633) signed into law in 2026?
  $  74,494  BUY  Yes  @0.998  Will Abdul El-Sayed win the 2026 Michigan Democratic Primary?
  $ 205,384  BUY  1win @0.4995662173  Dota 2: 1win vs BetBoom Team (BO3) - 1win Essence Playoffs
  $ 121,920  BUY  Luciano Darderi @0.9807216438  National Bank Open: Luciano Darderi vs Gabriel Diallo
  $  52,000  BUY  Luciano Darderi @0.98  National Bank Open: Luciano Darderi vs Gabriel Diallo
  $  89,068  BUY  Gabriel Diallo @0.89  National Bank Open: Luciano Darderi vs Gabriel Diallo
  $  70,448  BUY  Gabriel Diallo @0.8669651445  National Bank Open: Luciano Darderi vs Gabriel Diallo
  $  56,296  BUY  Luciano Darderi @0.71  National Bank Open: Luciano Darderi vs Gabriel Diallo
  $  58,817  BUY  Yes  @0.5899967871  Will Shri Thanedar be the Democratic Nominee for MI-13?
  $  69,812  SELL Juncheng Shang @0.999  National Bank Open: Juncheng Shang vs Andrey Rublev
  $  56,040  BUY  Jiri Lehecka @0.8006820617  National Bank Open: Jiri Lehecka vs Vit Kopriva
  $ 106,799  BUY  No   @0.999  Will Bitcoin reach $68,000 on August 4?
  $ 115,582  BUY  Gabriel Diallo @0.61  National Bank Open: Luciano Darderi vs Gabriel Diallo
  $ 115,707  BUY  Gabriel Diallo @0.5998703907  National Bank Open: Luciano Darderi vs Gabriel Diallo
  $  61,430  BUY  Gabriel Diallo @0.59  National Bank Open: Luciano Darderi vs Gabriel Diallo
  DOCTRINE: attention-allocation ONLY — pre-registered drift test NOT yet run; no seed priority.
[-> POLYMARKET_WHALES.json + whale_observation_log.jsonl]


===== 2026-08-06 03:44 (desk) =====
=== POLYMARKET WHALE SCANNER  2026-08-06T10:44  (>= $50k prints) ===
  $ 106,484  SELL Kiwoom DRX @0.999  LoL: Kiwoom DRX vs DN SOOPers (BO3) - LCK Round 3-4 Rise Group
  $  56,597  BUY  Felix Auger-Aliassime @0.51  National Bank Open: Titouan Droguet vs Felix Auger-Aliassime
  $  67,128  BUY  Felix Auger-Aliassime @0.5591702442  National Bank Open: Titouan Droguet vs Felix Auger-Aliassime
  $  68,489  BUY  Felix Auger-Aliassime @0.51  National Bank Open: Titouan Droguet vs Felix Auger-Aliassime
  $  55,499  SELL Iva Jovic @0.999  National Bank Open: Iva Jovic vs Magda Linette
  $  50,911  BUY  Iva Jovic @0.9164028602  National Bank Open: Iva Jovic vs Magda Linette
  $ 229,075  BUY  Team Falcons @0.6000013688  Dota 2: Team Falcons vs Team Liquid (BO5) - 1win Essence Playoffs
  $  50,411  BUY  No   @0.85  Strait of Hormuz traffic returns to normal by August 31?
  $  56,219  BUY  Team Falcons @0.580001238  Dota 2: Team Falcons vs Team Liquid (BO5) - 1win Essence Playoffs
  $ 325,000  BUY  Team Falcons @0.65  Dota 2: Team Falcons vs Team Liquid (BO5) - 1win Essence Playoffs
  $  94,830  SELL Mariano Navone @0.999  National Bank Open: Valentin Vacherot vs Mariano Navone
  $  57,720  BUY  Mariano Navone @0.78  National Bank Open: Valentin Vacherot vs Mariano Navone
  $  58,210  SELL Team Liquid @0.999  Dota 2: Team Liquid vs 1win - Game 2 Winner
  $ 250,414  BUY  Mariano Navone @0.39  National Bank Open: Valentin Vacherot vs Mariano Navone
  $  78,000  BUY  Mariano Navone @0.39  National Bank Open: Valentin Vacherot vs Mariano Navone
  DOCTRINE: attention-allocation ONLY — pre-registered drift test NOT yet run; no seed priority.
[-> POLYMARKET_WHALES.json + whale_observation_log.jsonl]


===== 2026-08-07 04:49 (desk) =====
=== POLYMARKET WHALE SCANNER  2026-08-07T11:49  (>= $50k prints) ===
  $  56,943  SELL HANJIN BRION @0.999  LoL: BNK FEARX vs HANJIN BRION - Game 1 Winner
  $  57,774  SELL Gen.G @0.999  LoL: KT Rolster vs Gen.G - Game 2 Winner
  $  70,222  SELL JD Gaming @0.999  LoL: JD Gaming vs EDward Gaming (BO3) - LPL Group Ascend
  $  65,357  SELL Gen.G @0.999  LoL: KT Rolster vs Gen.G - Game 1 Winner
  $  52,215  SELL JD Gaming @0.999  LoL: JD Gaming vs EDward Gaming - Game 1 Winner
  $  52,330  BUY  JD Gaming @0.85  LoL: JD Gaming vs EDward Gaming (BO3) - LPL Group Ascend
  $ 113,011  BUY  JD Gaming @0.86  LoL: JD Gaming vs EDward Gaming (BO3) - LPL Group Ascend
  $  65,202  BUY  Elina Svitolina @0.999  National Bank Open: Elina Svitolina vs Anastasia Potapova
  $  57,016  SELL Aryna Sabalenka @0.999  National Bank Open: Aryna Sabalenka vs Shuai Zhang
  $  50,000  BUY  Frances Tiafoe @0.64  National Bank Open: Frances Tiafoe vs Arthur Rinderknech
  $  62,518  BUY  Cameron Norrie @0.9601651135  National Bank Open: Cameron Norrie vs Alex de Minaur
  $  62,766  BUY  Alex de Minaur @0.7677803058  National Bank Open: Cameron Norrie vs Alex de Minaur
  $  98,300  BUY  No   @0.983  Will the Fed decrease interest rates by 25 bps after the September 2026 meeting?
  $  69,966  BUY  Yes  @0.5217362725  Will Barcelona win the 2026-27 LALIGA Championship?
  $ 128,380  BUY  Anyones Legend @0.48  LoL: Team WE vs Anyone's Legend (BO3) - LPL Group Ascend
  DOCTRINE: attention-allocation ONLY — pre-registered drift test NOT yet run; no seed priority.
[-> POLYMARKET_WHALES.json + whale_observation_log.jsonl]


===== 2026-08-10 00:53 (desk) =====
=== POLYMARKET WHALE SCANNER  2026-08-10T07:53  (>= $50k prints) ===
  $  66,681  BUY  Gen.G @0.61  LoL: Hanwha Life Esports vs Gen.G (BO3) - KeSPA Cup Last Chance Qualifier
  $ 102,690  BUY  Gen.G @0.6092650064  LoL: Hanwha Life Esports vs Gen.G (BO3) - KeSPA Cup Last Chance Qualifier
  $  75,304  BUY  Alexandra Eala @0.49  National Bank Open: Alexandra Eala vs Belinda Bencic
  $ 106,893  BUY  No   @0.9989996202  Will Bitcoin reach $68,000 August 3-9?
  $ 115,998  SELL No   @0.997  Strait of Hormuz traffic returns to normal by August 15?
  $ 173,786  SELL Coco Gauff @0.999  National Bank Open: Alina Korneeva vs Coco Gauff
  $  50,766  BUY  Yes  @0.998  Israel x Iran ceasefire continues through August 9?
  $  69,632  BUY  Coco Gauff @0.6841473537  National Bank Open: Alina Korneeva vs Coco Gauff
  $  96,250  BUY  Coco Gauff @0.77  National Bank Open: Alina Korneeva vs Coco Gauff
  $  76,000  BUY  Coco Gauff @0.76  National Bank Open: Alina Korneeva vs Coco Gauff
  $ 128,700  BUY  No   @0.99  Will James Fishback be the Republican nominee for Florida Governor?
  $  64,958  BUY  JD Gaming @0.9988650926  LoL: JD Gaming vs Team WE (BO3) - LPL Group Ascend
  $ 134,859  BUY  JD Gaming @0.9699990074  LoL: JD Gaming vs Team WE (BO3) - LPL Group Ascend
  $  60,046  SELL BNK FEARX @0.999  LoL: BNK FEARX vs Kiwoom DRX - Game 1 Winner
  $  59,530  SELL Dplus KIA @0.999  LoL: Dplus KIA vs KT Rolster (BO3) - LCK Round 3-4 Legend Group
  DOCTRINE: attention-allocation ONLY — pre-registered drift test NOT yet run; no seed priority.
[-> POLYMARKET_WHALES.json + whale_observation_log.jsonl]


===== 2026-08-11 01:56 (desk) =====
=== POLYMARKET WHALE SCANNER  2026-08-11T08:56  (>= $50k prints) ===
  $ 196,764  BUY  No   @0.7760741828  Clarity Act (H.R.3633) signed into law in 2026?
  $  97,512  BUY  No   @0.7555393893  Clarity Act (H.R.3633) signed into law in 2026?
  $  54,960  BUY  Hanwha Life Esports @0.808432788  LoL: Hanwha Life Esports vs DN SOOPers (BO5) - KeSPA Cup Playoffs
  $  50,877  BUY  No   @0.9613038552  US announces end of Iranian blockade by August 13, 2026?
  $  80,848  SELL LOS  @0.999  LoL: LOS vs paiN Gaming - Game 1 Winner
  $  59,912  BUY  No   @0.8656899915  Will Kai and Speed beat the Minecraft challenge by August 17?
  $  56,000  BUY  Rafael Jodar @0.56  National Bank Open: Rafael Jodar vs Arthur Fils
  $  82,616  BUY  Arthur Fils @0.44  National Bank Open: Rafael Jodar vs Arthur Fils
  $ 133,866  SELL Team Vitality @0.999  LoL: SK Gaming vs Team Vitality (BO3) - LEC Regular Season
  $  63,112  BUY  No   @0.9909243212  US announces end of Iranian blockade by August 11, 2026?
  $ 144,943  SELL No   @0.9976659934  Will MrBeast win the 2028 Democratic presidential nomination?
  $ 249,500  SELL No   @0.998  Will Kim Kardashian win the 2028 Democratic presidential nomination?
  $ 100,145  BUY  No   @0.7541177193  Clarity Act (H.R.3633) signed into law in 2026?
  $  53,354  BUY  Down @0.9989766718  Bitcoin Up or Down - August 10, 12:15PM-12:30PM ET
  $  99,000  SELL No   @0.99  Will the Fed decrease interest rates by 50+ bps after the September 2026 meeting
  LEAK-PRONE CLASS prints (3) — the insider-signature arm's watch cohort (M&A/approvals/announcements):
    >>> $  50,877  BUY No  US announces end of Iranian blockade by August 13, 2026?
    >>> $  63,112  BUY No  US announces end of Iranian blockade by August 11, 2026?
    >>> $  74,861  BUY No  US announces end of Iranian blockade by August 10, 2026?
  DOCTRINE: attention-allocation ONLY — pre-registered drift test NOT yet run; no seed priority.
[-> POLYMARKET_WHALES.json + whale_observation_log.jsonl]


===== 2026-08-12 07:58 (desk) =====
=== POLYMARKET WHALE SCANNER  2026-08-12T14:58  (>= $50k prints) ===
  $  54,074  SELL Welsh Fire @0.999  The Hundred, Women: Welsh Fire vs London Spirit
  $  80,629  BUY  Bilibili Gaming @0.999  LoL: Bilibili Gaming vs JD Gaming - Game 1 Winner
  $  50,313  BUY  Bilibili Gaming @0.95  LoL: Bilibili Gaming vs JD Gaming - Game 1 Winner
  $  54,146  SELL Anyones Legend @0.999  LoL: EDward Gaming vs Anyone's Legend - Game 2 Winner
  $  72,068  BUY  Dplus KIA @0.9982952057  LoL: KT Rolster vs Dplus KIA - Game 1 Winner
  $  55,944  SELL DN SOOPers @0.999  LoL: DN SOOPers vs Nongshim Red Force (BO3) - LCK Round 3-4 Rise Group
  $  54,842  BUY  Yes  @0.999  Will the price of Bitcoin be above $60,000 on August 12?
  $ 133,001  BUY  No   @0.7994589328  Clarity Act (H.R.3633) signed into law in 2026?
  $  62,748  SELL No   @0.997  Strait of Hormuz traffic returns to normal by August 15?
  $  70,005  BUY  No   @0.999  Will Francesca Hong win the 2026 Wisconsin Governor Democratic primary election?
  $  99,800  BUY  Yes  @0.998  Will David Crowley win the 2026 Wisconsin Governor Democratic primary election?
  $  57,001  BUY  No   @0.4  Will there be no change in Fed interest rates after the September 2026 meeting?
  $  66,062  BUY  No   @0.996  US-Iran Final Nuclear Deal by August 18, 2026?
  $  60,769  SELL Yes  @0.9879085227  Will Nigel Farage win the Clacton by-election?
  $  59,940  SELL Learner Tien @0.999  National Bank Open: Daniel Merida Aguilar vs Learner Tien
  DOCTRINE: attention-allocation ONLY — pre-registered drift test NOT yet run; no seed priority.
[-> POLYMARKET_WHALES.json + whale_observation_log.jsonl]


===== 2026-08-13 09:15 (desk) =====
=== POLYMARKET WHALE SCANNER  2026-08-13T16:15  (>= $50k prints) ===
  $  99,472  BUY  Martin Landaluce @0.52  Cincinnati Open: Martin Landaluce vs Jack Draper
  $ 249,777  BUY  No   @0.995  Will the Fed decrease interest rates by 50+ bps after the September 2026 meeting
  $  51,978  BUY  Yes  @0.999  Will the price of Ethereum be above $1,700 on August 13?
  $  82,673  SELL BoomBoys @0.999  Dota 2: BoomBoys vs Iron Wing (BO3) - The International Group Stage
  $  53,753  BUY  Ben Shelton @0.6865288522  National Bank Open: Ben Shelton vs Brandon Nakashima
  $  73,689  SELL Team Resilience @0.999  Dota 2: LGD Gaming vs Team Resilience - Game 1 Winner
  $ 168,761  SELL Team Spirit @0.999  Dota 2: Team Spirit vs Xtreme Gaming - Game 2 Winner
  $  71,386  SELL Team Spirit @0.999  Game Handicap: TS (-1.5) vs Xtreme Gaming (+1.5)
  $  79,782  SELL Aurora @0.999  Dota 2: Aurora vs GamerLegion - Game 2 Winner
  $  71,472  SELL Team Liquid @0.999  Dota 2: Team Liquid vs Vici Gaming - Game 2 Winner
  $  80,569  SELL Team Spirit @0.999  Dota 2: Team Spirit vs Xtreme Gaming (BO3) - The International Group Stage
  $ 183,534  SELL Team Spirit @0.999  Dota 2: Team Spirit vs Xtreme Gaming - Game 1 Winner
  $  54,066  SELL Team Liquid @0.999  Game Handicap: Liquid (-1.5) vs Vici Gaming (+1.5)
  $ 147,179  SELL Team Liquid @0.999  Dota 2: Team Liquid vs Vici Gaming - Game 1 Winner
  $  77,499  SELL Aurora @0.999  Dota 2: Aurora vs GamerLegion - Game 1 Winner
  DOCTRINE: attention-allocation ONLY — pre-registered drift test NOT yet run; no seed priority.
[-> POLYMARKET_WHALES.json + whale_observation_log.jsonl]


===== 2026-08-14 10:03 (desk) =====
=== POLYMARKET WHALE SCANNER  2026-08-14T17:03  (>= $50k prints) ===
  $  55,273  BUY  Alex Barrena @0.999  Todi: Alex Barrena vs Lukas Neumayer
  $  76,384  BUY  Maxim Mrva @0.989974079  Todi: Maxim Mrva vs Federico Agustin Gomez
  $  61,155  BUY  Nongshim Red Force @0.9989166295  LoL: Nongshim Red Force vs HANJIN BRION (BO3) - LCK Round 3-4 Rise Group
  $  70,870  SELL Dplus KIA @0.999  LoL: T1 vs Dplus KIA (BO3) - LCK Round 3-4 Legend Group
  $  60,190  SELL Vici Gaming @0.999  Dota 2: Vici Gaming vs GamerLegion (BO3) - The International Group Stage
  $  66,290  SELL Xtreme Gaming @0.999  Dota 2: Xtreme Gaming vs HULIGANI - Game 1 Winner
  $ 142,334  BUY  Dplus KIA @0.9989997901  LoL: T1 vs Dplus KIA - Game 2 Winner
  $  95,384  SELL TEAM VISION @0.999  Dota 2: BoomBoys vs TEAM VISION - Game 2 Winner
  $ 119,756  SELL Team Falcons @0.999  Dota 2: Iron Wing vs Team Falcons - Game 2 Winner
  $  69,422  SELL Team Resilience @0.999  Dota 2: Team Resilience vs OG - Game 1 Winner
  $  71,240  SELL GamerLegion @0.999  Dota 2: Vici Gaming vs GamerLegion - Game 1 Winner
  $  82,571  SELL TEAM VISION @0.999  Dota 2: BoomBoys vs TEAM VISION - Game 2 Winner
  $ 183,066  SELL TEAM VISION @0.999  Dota 2: BoomBoys vs TEAM VISION - Game 1 Winner
  $  54,297  SELL Nigma Galaxy @0.999  Dota 2: LGD Gaming vs Nigma Galaxy - Game 1 Winner
  $ 102,442  SELL Nigma Galaxy @0.999  Dota 2: LGD Gaming vs Nigma Galaxy - Game 1 Winner
  DOCTRINE: attention-allocation ONLY — pre-registered drift test NOT yet run; no seed priority.
[-> POLYMARKET_WHALES.json + whale_observation_log.jsonl]


===== 2026-08-17 08:59 (desk) =====
=== POLYMARKET WHALE SCANNER  2026-08-17T15:59  (>= $50k prints) ===
  $  76,794  BUY  No   @0.7999350573  Will Bitcoin dip to $45,000 by December 31, 2026?
  $  67,150  BUY  No   @0.79  Will Bitcoin dip to $45,000 by December 31, 2026?
  $  99,900  BUY  Tiago Boschmans @0.999  ITF M25 Idanha-a-Nova 2 Men: Artem Alekseychuk vs Tiago Boschmans
  $  55,150  SELL Tiago Boschmans @0.9900035417  ITF M25 Idanha-a-Nova 2 Men: Artem Alekseychuk vs Tiago Boschmans
  $  87,879  BUY  No   @0.9398771459  Will Novak Djokovic win the 2026 Men's US Open?
  $  76,781  SELL No   @0.92  Putin out as President of Russia by December 31, 2026?
  $ 156,400  SELL No   @0.92  Putin out as President of Russia by December 31, 2026?
  $  71,100  BUY  No   @0.78999638  Will Bitcoin dip to $45,000 by December 31, 2026?
  $ 103,302  BUY  No   @0.826418824  Will Team Falcons Win the CS2 EWC 2026?
  $  59,443  BUY  Elina Svitolina @0.89  Cincinnati Open: Tereza Valentova vs Elina Svitolina
  $  84,868  SELL Andrey Rublev @0.999  Cincinnati Open: Andrey Rublev vs Pablo Carreno Busta
  $  61,169  BUY  Daniel Merida Aguilar @0.56  Cincinnati Open: Daniel Merida Aguilar vs Zizou Bergs
  $  54,555  SELL Felix Auger-Aliassime @0.7707631064  Cincinnati Open: Stefanos Tsitsipas vs Felix Auger-Aliassime
  $  54,711  SELL Sara Bejlek @0.8719122187  Cincinnati Open: Barbora Krejcikova vs Sara Bejlek
  $  50,000  BUY  Sara Bejlek @0.5976285704  Cincinnati Open: Barbora Krejcikova vs Sara Bejlek
  DOCTRINE: attention-allocation ONLY — pre-registered drift test NOT yet run; no seed priority.
[-> POLYMARKET_WHALES.json + whale_observation_log.jsonl]


===== 2026-09-11 01:37 (desk) =====
=== POLYMARKET WHALE SCANNER  2026-09-11T08:37  (>= $50k prints) ===
  $ 196,839  BUY  FURIA @0.5584962249  Counter-Strike: FURIA vs G2 (BO3) - FISSURE PLAYGROUND Playoffs
  $  79,010  BUY  No   @0.997  Strait of Hormuz traffic returns to normal by September 15?
  $  98,703  BUY  No   @0.997  Strait of Hormuz traffic returns to normal by September 15?
  $  58,000  BUY  No   @0.9989107992  Will the price of Bitcoin be above $84,000 on September 11?
  $  52,312  BUY  Jessica Pegula @0.37  US Open WTA: Aryna Sabalenka vs Jessica Pegula
  $  75,779  BUY  Yes  @0.6474447743  Will the Fed increase interest rates by 25 bps after the September 2026 meeting?
  $  61,066  BUY  Yes  @0.6378428979  Will the Fed increase interest rates by 25 bps after the September 2026 meeting?
  $  73,288  BUY  1WIN @0.67  Counter-Strike: 1WIN vs B8 (BO3) - PGL Masters Bucharest: European Qualifier Pla
  $  54,795  SELL No   @0.85  Will the U.S. invade Iran before 2027?
  $ 219,097  BUY  Alliance @0.56  Counter-Strike: Alliance vs magic (BO3) - FISSURE PLAYGROUND Group B
  $ 112,000  BUY  B8   @0.56  Counter-Strike: 1WIN vs B8 (BO3) - PGL Masters Bucharest: European Qualifier Pla
  $  56,000  BUY  B8   @0.56  Counter-Strike: 1WIN vs B8 (BO3) - PGL Masters Bucharest: European Qualifier Pla
  $ 112,129  BUY  Alliance @0.6  Counter-Strike: Alliance vs magic (BO3) - FISSURE PLAYGROUND Group B
  $ 294,338  BUY  Alliance @0.62  Counter-Strike: Alliance vs magic (BO3) - FISSURE PLAYGROUND Group B
  $  56,000  BUY  B8   @0.56  Counter-Strike: 1WIN vs B8 (BO3) - PGL Masters Bucharest: European Qualifier Pla
  DOCTRINE: attention-allocation ONLY — pre-registered drift test NOT yet run; no seed priority.
[-> POLYMARKET_WHALES.json + whale_observation_log.jsonl]


===== 2026-09-11 01:42 (desk) =====
=== POLYMARKET WHALE SCANNER  2026-09-11T08:42  (>= $50k prints) ===
  $ 196,839  BUY  FURIA @0.5584962249  Counter-Strike: FURIA vs G2 (BO3) - FISSURE PLAYGROUND Playoffs
  $  79,010  BUY  No   @0.997  Strait of Hormuz traffic returns to normal by September 15?
  $  98,703  BUY  No   @0.997  Strait of Hormuz traffic returns to normal by September 15?
  $  58,000  BUY  No   @0.9989107992  Will the price of Bitcoin be above $84,000 on September 11?
  $  52,312  BUY  Jessica Pegula @0.37  US Open WTA: Aryna Sabalenka vs Jessica Pegula
  $  75,779  BUY  Yes  @0.6474447743  Will the Fed increase interest rates by 25 bps after the September 2026 meeting?
  $  61,066  BUY  Yes  @0.6378428979  Will the Fed increase interest rates by 25 bps after the September 2026 meeting?
  $  73,288  BUY  1WIN @0.67  Counter-Strike: 1WIN vs B8 (BO3) - PGL Masters Bucharest: European Qualifier Pla
  $  54,795  SELL No   @0.85  Will the U.S. invade Iran before 2027?
  $ 219,097  BUY  Alliance @0.56  Counter-Strike: Alliance vs magic (BO3) - FISSURE PLAYGROUND Group B
  $ 112,000  BUY  B8   @0.56  Counter-Strike: 1WIN vs B8 (BO3) - PGL Masters Bucharest: European Qualifier Pla
  $  56,000  BUY  B8   @0.56  Counter-Strike: 1WIN vs B8 (BO3) - PGL Masters Bucharest: European Qualifier Pla
  $ 112,129  BUY  Alliance @0.6  Counter-Strike: Alliance vs magic (BO3) - FISSURE PLAYGROUND Group B
  $ 294,338  BUY  Alliance @0.62  Counter-Strike: Alliance vs magic (BO3) - FISSURE PLAYGROUND Group B
  $  56,000  BUY  B8   @0.56  Counter-Strike: 1WIN vs B8 (BO3) - PGL Masters Bucharest: European Qualifier Pla
  DOCTRINE: attention-allocation ONLY — pre-registered drift test NOT yet run; no seed priority.
[-> POLYMARKET_WHALES.json + whale_observation_log.jsonl]

