
===== 2026-07-13 00:33 (desk) =====
=== PREFERRED / BABY-BOND ODD-LOT SCANNER  2026-07-13  (26/28 resolved, 6 candidates) ===
  ODD-LOT MISPRICING CANDIDATES (below par + illiquid — verify credit money-good in DD):
    SLG-PI   SL Green Realty        $ 21.25  +17.6% vs par  12.6%y  $    88k/d  score 0.234
    CIM-PA   Chimera Investment     $ 21.64  +15.5% vs par  7.2%y   $    91k/d  score 0.186
    GNL-PB   Global Net Lease       $ 21.72  +15.1% vs par  3.5%y   $    70k/d  score 0.165
    GNL-PA   Global Net Lease       $ 23.06   +8.4% vs par  3.3%y   $   115k/d  score 0.097
    CIM-PB   Chimera Investment     $ 23.60   +5.9% vs par  6.6%y   $   316k/d  score 0.086
    ECCV     Eagle Point Credit     $ 23.87   +4.7% vs par  5.6%y   $    26k/d  score 0.075
  dropped (unresolved): ['ECCX', 'ECCF']
[-> PREFERRED_ODDLOT.json]

/Users/ajay/Library/Python/3.9/lib/python/site-packages/urllib3/__init__.py:35: NotOpenSSLWarning: urllib3 v2 only supports OpenSSL 1.1.1+, currently the 'ssl' module is compiled with 'LibreSSL 2.8.3'. See: https://github.com/urllib3/urllib3/issues/3020
  warnings.warn(
HTTP Error 404: {"quoteSummary":{"result":null,"error":{"code":"Not Found","description":"Quote not found for symbol: ECCX"}}}
$ECCX: possibly delisted; no price data found  (period=1y) (Yahoo error = "No data found, symbol may be delisted")
$ECCX: possibly delisted; no price data found  (period=5d) (Yahoo error = "No data found, symbol may be delisted")
HTTP Error 404: {"quoteSummary":{"result":null,"error":{"code":"Not Found","description":"Quote not found for symbol: ECCF"}}}
$ECCF: possibly delisted; no price data found  (period=1y) (Yahoo error = "No data found, symbol may be delisted")
$ECCF: possibly delisted; no price data found  (period=5d) (Yahoo error = "No data found, symbol may be delisted")
$PBB: possibly delisted; no price data found  (period=1y)
$PBB: possibly delisted; no price data found  (period=5d)
$SACC: possibly delisted; no price data found  (period=1y)
$SACC: possibly delisted; no price data found  (period=5d)
$SCCB: possibly delisted; no price data found  (period=1y)
$SCCB: possibly delisted; no price data found  (period=5d)

===== 2026-07-20 10:06 (desk) =====
=== PREFERRED / BABY-BOND ODD-LOT SCANNER  2026-07-20  (26/28 resolved, 6 candidates) ===
  ODD-LOT MISPRICING CANDIDATES (below par + illiquid — verify credit money-good in DD):
    SLG-PI   SL Green Realty        $ 21.39  +16.9% vs par  12.5%y  $   322k/d  score 0.213
    CIM-PA   Chimera Investment     $ 21.82  +14.6% vs par  7.2%y   $    48k/d  score 0.179
    GNL-PB   Global Net Lease       $ 21.96  +13.8% vs par  3.5%y   $    27k/d  score 0.154
    GNL-PA   Global Net Lease       $ 23.10   +8.2% vs par  3.3%y   $    38k/d  score 0.097
    ECCV     Eagle Point Credit     $ 23.87   +4.7% vs par  5.6%y   $    68k/d  score 0.074
    CIM-PB   Chimera Investment     $ 24.00   +4.2% vs par  6.5%y   $   129k/d  score 0.073
  dropped (unresolved): ['ECCX', 'ECCF']
[-> PREFERRED_ODDLOT.json]

/Users/ajay/Library/Python/3.9/lib/python/site-packages/urllib3/__init__.py:35: NotOpenSSLWarning: urllib3 v2 only supports OpenSSL 1.1.1+, currently the 'ssl' module is compiled with 'LibreSSL 2.8.3'. See: https://github.com/urllib3/urllib3/issues/3020
  warnings.warn(
HTTP Error 404: {"quoteSummary":{"result":null,"error":{"code":"Not Found","description":"Quote not found for symbol: ECCX"}}}
$ECCX: possibly delisted; no price data found  (period=1y) (Yahoo error = "No data found, symbol may be delisted")
$ECCX: possibly delisted; no price data found  (period=5d) (Yahoo error = "No data found, symbol may be delisted")
HTTP Error 404: {"quoteSummary":{"result":null,"error":{"code":"Not Found","description":"Quote not found for symbol: ECCF"}}}
$ECCF: possibly delisted; no price data found  (period=1y) (Yahoo error = "No data found, symbol may be delisted")
$ECCF: possibly delisted; no price data found  (period=5d) (Yahoo error = "No data found, symbol may be delisted")
$PBB: possibly delisted; no price data found  (period=1y)
$PBB: possibly delisted; no price data found  (period=5d)
$SACC: possibly delisted; no price data found  (period=1y)
$SACC: possibly delisted; no price data found  (period=5d)
$SCCB: possibly delisted; no price data found  (period=1y)
$SCCB: possibly delisted; no price data found  (period=5d)

===== 2026-07-27 23:30 (desk) =====
=== PREFERRED / BABY-BOND ODD-LOT SCANNER  2026-07-27  (0/28 resolved, 0 candidates) ===
  ODD-LOT MISPRICING CANDIDATES (below par + illiquid — verify credit money-good in DD):
  dropped (unresolved): ['OXLCZ', 'OXLCL', 'OXLCN', 'ECCC', 'ECCV', 'ECCX', 'ECCF', 'PBB', 'SACC', 'SCCB', 'AGNCP', 'AGNCN', 'AGNCM', 'NLY-PF', 'NLY-PI', 'RITM-PA', 'RITM-PB', 'RITM-PD', 'TWO-PA', 'TWO-PB', 'GSL-PB', 'SB-PC', 'SB-PD', 'GNL-PA', 'GNL-PB', 'SLG-PI', 'CIM-PA', 'CIM-PB']
[-> PREFERRED_ODDLOT.json]

/Users/ajay/Library/Python/3.9/lib/python/site-packages/urllib3/__init__.py:35: NotOpenSSLWarning: urllib3 v2 only supports OpenSSL 1.1.1+, currently the 'ssl' module is compiled with 'LibreSSL 2.8.3'. See: https://github.com/urllib3/urllib3/issues/3020
  warnings.warn(

===== 2026-08-03 23:30 (desk) =====
=== PREFERRED / BABY-BOND ODD-LOT SCANNER  2026-08-03  (26/28 resolved, 4 candidates) ===
  ODD-LOT MISPRICING CANDIDATES (below par + illiquid — verify credit money-good in DD):
    SLG-PI   SL Green Realty        $ 21.57  +15.9% vs par  11.7%y  $    37k/d  score 0.215
    CIM-PA   Chimera Investment     $ 21.83  +14.5% vs par  7.2%y   $    46k/d  score 0.179
    GNL-PB   Global Net Lease       $ 21.70  +15.2% vs par  3.5%y   $    43k/d  score 0.167
    GNL-PA   Global Net Lease       $ 22.93   +9.0% vs par  3.3%y   $    72k/d  score 0.104
  dropped (unresolved): ['ECCX', 'ECCF']
[-> PREFERRED_ODDLOT.json]

/Users/ajay/Library/Python/3.9/lib/python/site-packages/urllib3/__init__.py:35: NotOpenSSLWarning: urllib3 v2 only supports OpenSSL 1.1.1+, currently the 'ssl' module is compiled with 'LibreSSL 2.8.3'. See: https://github.com/urllib3/urllib3/issues/3020
  warnings.warn(
HTTP Error 404: {"quoteSummary":{"result":null,"error":{"code":"Not Found","description":"Quote not found for symbol: ECCX"}}}
$ECCX: possibly delisted; no price data found  (period=1y) (Yahoo error = "No data found, symbol may be delisted")
$ECCX: possibly delisted; no price data found  (period=5d) (Yahoo error = "No data found, symbol may be delisted")
HTTP Error 404: {"quoteSummary":{"result":null,"error":{"code":"Not Found","description":"Quote not found for symbol: ECCF"}}}
$ECCF: possibly delisted; no price data found  (period=1y) (Yahoo error = "No data found, symbol may be delisted")
$ECCF: possibly delisted; no price data found  (period=5d) (Yahoo error = "No data found, symbol may be delisted")
$PBB: possibly delisted; no price data found  (period=1y)
$PBB: possibly delisted; no price data found  (period=5d)
$SACC: possibly delisted; no price data found  (period=1y)
$SACC: possibly delisted; no price data found  (period=5d)
$SCCB: possibly delisted; no price data found  (period=1y)
$SCCB: possibly delisted; no price data found  (period=5d)

===== 2026-08-10 23:34 (desk) =====
=== PREFERRED / BABY-BOND ODD-LOT SCANNER  2026-08-10  (0/28 resolved, 0 candidates) ===
  ODD-LOT MISPRICING CANDIDATES (below par + illiquid — verify credit money-good in DD):
  dropped (unresolved): ['OXLCZ', 'OXLCL', 'OXLCN', 'ECCC', 'ECCV', 'ECCX', 'ECCF', 'PBB', 'SACC', 'SCCB', 'AGNCP', 'AGNCN', 'AGNCM', 'NLY-PF', 'NLY-PI', 'RITM-PA', 'RITM-PB', 'RITM-PD', 'TWO-PA', 'TWO-PB', 'GSL-PB', 'SB-PC', 'SB-PD', 'GNL-PA', 'GNL-PB', 'SLG-PI', 'CIM-PA', 'CIM-PB']
[-> PREFERRED_ODDLOT.json]

/Users/ajay/Library/Python/3.9/lib/python/site-packages/urllib3/__init__.py:35: NotOpenSSLWarning: urllib3 v2 only supports OpenSSL 1.1.1+, currently the 'ssl' module is compiled with 'LibreSSL 2.8.3'. See: https://github.com/urllib3/urllib3/issues/3020
  warnings.warn(

===== 2026-09-11 01:14 (desk) =====
=== PREFERRED / BABY-BOND ODD-LOT SCANNER  2026-09-11  (26/28 resolved, 5 candidates) ===
  ODD-LOT MISPRICING CANDIDATES (below par + illiquid — verify credit money-good in DD):
    SLG-PI   SL Green Realty        $ 21.23  +17.8% vs par  15.6%y  $   239k/d  score 0.242
    CIM-PA   Chimera Investment     $ 20.75  +20.5% vs par  7.9%y   $    59k/d  score 0.24
    GNL-PB   Global Net Lease       $ 22.14  +12.9% vs par  3.4%y   $   382k/d  score 0.13
    GNL-PA   Global Net Lease       $ 22.75   +9.9% vs par  3.3%y   $   101k/d  score 0.112
    CIM-PB   Chimera Investment     $ 23.80   +5.0% vs par  6.9%y   $   499k/d  score 0.076
  dropped (unresolved): ['ECCX', 'ECCF']
[-> PREFERRED_ODDLOT.json]

/Users/ajay/Library/Python/3.9/lib/python/site-packages/urllib3/__init__.py:35: NotOpenSSLWarning: urllib3 v2 only supports OpenSSL 1.1.1+, currently the 'ssl' module is compiled with 'LibreSSL 2.8.3'. See: https://github.com/urllib3/urllib3/issues/3020
  warnings.warn(
HTTP Error 404: {"quoteSummary":{"result":null,"error":{"code":"Not Found","description":"Quote not found for symbol: ECCX"}}}
$ECCX: possibly delisted; no price data found  (period=1y) (Yahoo error = "No data found, symbol may be delisted")
$ECCX: possibly delisted; no price data found  (period=5d) (Yahoo error = "No data found, symbol may be delisted")
HTTP Error 404: {"quoteSummary":{"result":null,"error":{"code":"Not Found","description":"Quote not found for symbol: ECCF"}}}
$ECCF: possibly delisted; no price data found  (period=1y) (Yahoo error = "No data found, symbol may be delisted")
$ECCF: possibly delisted; no price data found  (period=5d) (Yahoo error = "No data found, symbol may be delisted")
$PBB: possibly delisted; no price data found  (period=1y)
$PBB: possibly delisted; no price data found  (period=5d)
$SACC: possibly delisted; no price data found  (period=1y)
$SACC: possibly delisted; no price data found  (period=5d)
$SCCB: possibly delisted; no price data found  (period=1y)
$SCCB: possibly delisted; no price data found  (period=5d)
