
===== 2026-07-13 10:33 (desk) =====
=== PTAB / ITC §337 DOCKET NOWCAST  2026-07-13 ===
  PTAB: 0 instituted proceedings (0 w/ verified listed party)
  ITC : 66 §337 investigations   (15 verified, 48 incl. low-confidence single-token maps)

  -- ITC §337 (verified-ticker rows first; ? = low-confidence single-token map, verify) --
    337-TA-1446    [imminent] tgt~29..99d      CRDO(complainant)      <- Credo Semiconductor Inc
    337-TA-1447    [upcoming] tgt~49..119d     BMRN(complainant)      <- BioMarin Pharmaceutical Inc
    337-TA-1458    [upcoming] tgt~144..214d    CBLL(complainant)      <- Ceribell, Inc
    337-TA-1466    [distant ] tgt~277..347d    ABBV(complainant)      <- AbbVie Inc
    337-TA-1471    [distant ] tgt~284..354d    ALGN(complainant)      <- Align Technology, Inc
    337-TA-1472    [distant ] tgt~288..358d    NLST(complainant)      <- Netlist, Inc
    337-TA-1481    [distant ] tgt~309..379d    IDCC(complainant)      <- InterDigital, Inc
    337-TA-1484    [distant ] tgt~334..404d    VICR(complainant)      <- Vicor Corporation
    337-TA-1490    [distant ] tgt~354..424d    PII(complainant)       <- Polaris Inc., Polaris Industries Inc; Polari
    337-TA-1491    [distant ] tgt~357..427d    GM(complainant), LBRJ?(complainant) <- General Motors LLC; GM Global Technology Ope
    337-TA-1494    [distant ] tgt~375..445d    FSLR(complainant)      <- First Solar, Inc
    337-TA-1495    [distant ] tgt~378..448d    IDCC(complainant)      <- InterDigital, Inc

  -- PTAB IPR/PGR (FWD-due, ticker-mapped first) --
    (none — PTAB leg unavailable; see caveats)

  CAVEATS:
    - PTAB leg DISABLED: USPTO Open Data Portal now requires an API key (as of 2026-06 the legacy keyless developer.uspto.gov PTAB API was decommissioned). Set env USPTO_ODP_KEY (free, self-serve at data.uspto.gov) to enable. No fabricated PTAB data is emitted.
    - ITC target-determination dates are ESTIMATED windows (statutory ~16-18mo from institution); the ALJ's exact target date is set ~45d post-institution and is marked UNVERIFIABLE here.
    - Respondent lists are best-effort from the Federal Register abstract; fresh institution notices usually list respondents only in the notice BODY, so respondent-side ticker hits under-count.
    - PTAB FWD-due is the §316(a)(11) statutory estimate (12mo, 18mo cap) from the institution date — a real forward date, but the Board can settle/terminate early; treat as the OUTER catalyst window.

[-> generators/data/PTAB_ITC_DOCKET.json]


===== 2026-07-20 17:38 (desk) =====
=== PTAB / ITC §337 DOCKET NOWCAST  2026-07-20 ===
  PTAB: 0 instituted proceedings (0 w/ verified listed party)
  ITC : 67 §337 investigations   (16 verified, 48 incl. low-confidence single-token maps)

  -- ITC §337 (verified-ticker rows first; ? = low-confidence single-token map, verify) --
    337-TA-1446    [imminent] tgt~22..92d      CRDO(complainant)      <- Credo Semiconductor Inc
    337-TA-1447    [imminent] tgt~42..112d     BMRN(complainant)      <- BioMarin Pharmaceutical Inc
    337-TA-1458    [upcoming] tgt~137..207d    CBLL(complainant)      <- Ceribell, Inc
    337-TA-1466    [distant ] tgt~270..340d    ABBV(complainant)      <- AbbVie Inc
    337-TA-1471    [distant ] tgt~277..347d    ALGN(complainant)      <- Align Technology, Inc
    337-TA-1472    [distant ] tgt~281..351d    NLST(complainant)      <- Netlist, Inc
    337-TA-1481    [distant ] tgt~302..372d    IDCC(complainant)      <- InterDigital, Inc
    337-TA-1484    [distant ] tgt~327..397d    VICR(complainant)      <- Vicor Corporation
    337-TA-1490    [distant ] tgt~347..417d    PII(complainant)       <- Polaris Inc., Polaris Industries Inc; Polari
    337-TA-1491    [distant ] tgt~350..420d    GM(complainant), LBRJ?(complainant) <- General Motors LLC; GM Global Technology Ope
    337-TA-1494    [distant ] tgt~368..438d    FSLR(complainant)      <- First Solar, Inc
    337-TA-1495    [distant ] tgt~371..441d    IDCC(complainant)      <- InterDigital, Inc

  -- PTAB IPR/PGR (FWD-due, ticker-mapped first) --
    (none — PTAB leg unavailable; see caveats)

  CAVEATS:
    - PTAB leg DISABLED: USPTO Open Data Portal now requires an API key (as of 2026-06 the legacy keyless developer.uspto.gov PTAB API was decommissioned). Set env USPTO_ODP_KEY (free, self-serve at data.uspto.gov) to enable. No fabricated PTAB data is emitted.
    - ITC target-determination dates are ESTIMATED windows (statutory ~16-18mo from institution); the ALJ's exact target date is set ~45d post-institution and is marked UNVERIFIABLE here.
    - Respondent lists are best-effort from the Federal Register abstract; fresh institution notices usually list respondents only in the notice BODY, so respondent-side ticker hits under-count.
    - PTAB FWD-due is the §316(a)(11) statutory estimate (12mo, 18mo cap) from the institution date — a real forward date, but the Board can settle/terminate early; treat as the OUTER catalyst window.

[-> generators/data/PTAB_ITC_DOCKET.json]


===== 2026-07-27 23:33 (desk) =====
=== PTAB / ITC §337 DOCKET NOWCAST  2026-07-27 ===
  PTAB: 0 instituted proceedings (0 w/ verified listed party)
  ITC : 68 §337 investigations   (16 verified, 47 incl. low-confidence single-token maps)

  -- ITC §337 (verified-ticker rows first; ? = low-confidence single-token map, verify) --
    337-TA-1446    [imminent] tgt~15..85d      CRDO(complainant)      <- Credo Semiconductor Inc
    337-TA-1447    [imminent] tgt~35..105d     BMRN(complainant)      <- BioMarin Pharmaceutical Inc
    337-TA-1458    [upcoming] tgt~130..200d    CBLL(complainant)      <- Ceribell, Inc
    337-TA-1466    [distant ] tgt~263..333d    ABBV(complainant)      <- AbbVie Inc
    337-TA-1471    [distant ] tgt~270..340d    ALGN(complainant)      <- Align Technology, Inc
    337-TA-1472    [distant ] tgt~274..344d    NLST(complainant)      <- Netlist, Inc
    337-TA-1481    [distant ] tgt~295..365d    IDCC(complainant)      <- InterDigital, Inc
    337-TA-1484    [distant ] tgt~320..390d    VICR(complainant)      <- Vicor Corporation
    337-TA-1490    [distant ] tgt~340..410d    PII(complainant)       <- Polaris Inc., Polaris Industries Inc; Polari
    337-TA-1491    [distant ] tgt~343..413d    GM(complainant), SPGI?(complainant) <- General Motors LLC; GM Global Technology Ope
    337-TA-1494    [distant ] tgt~361..431d    FSLR(complainant)      <- First Solar, Inc
    337-TA-1495    [distant ] tgt~364..434d    IDCC(complainant)      <- InterDigital, Inc

  -- PTAB IPR/PGR (FWD-due, ticker-mapped first) --
    (none — PTAB leg unavailable; see caveats)

  CAVEATS:
    - PTAB leg DISABLED: USPTO Open Data Portal now requires an API key (as of 2026-06 the legacy keyless developer.uspto.gov PTAB API was decommissioned). Set env USPTO_ODP_KEY (free, self-serve at data.uspto.gov) to enable. No fabricated PTAB data is emitted.
    - ITC target-determination dates are ESTIMATED windows (statutory ~16-18mo from institution); the ALJ's exact target date is set ~45d post-institution and is marked UNVERIFIABLE here.
    - Respondent lists are best-effort from the Federal Register abstract; fresh institution notices usually list respondents only in the notice BODY, so respondent-side ticker hits under-count.
    - PTAB FWD-due is the §316(a)(11) statutory estimate (12mo, 18mo cap) from the institution date — a real forward date, but the Board can settle/terminate early; treat as the OUTER catalyst window.

[-> generators/data/PTAB_ITC_DOCKET.json]


===== 2026-08-04 00:37 (desk) =====
=== PTAB / ITC §337 DOCKET NOWCAST  2026-08-04 ===
  PTAB: 0 instituted proceedings (0 w/ verified listed party)
  ITC : 68 §337 investigations   (16 verified, 47 incl. low-confidence single-token maps)

  -- ITC §337 (verified-ticker rows first; ? = low-confidence single-token map, verify) --
    337-TA-1446    [imminent] tgt~7..77d       CRDO(complainant)      <- Credo Semiconductor Inc
    337-TA-1447    [imminent] tgt~27..97d      BMRN(complainant)      <- BioMarin Pharmaceutical Inc
    337-TA-1458    [upcoming] tgt~122..192d    CBLL(complainant)      <- Ceribell, Inc
    337-TA-1466    [distant ] tgt~255..325d    ABBV(complainant)      <- AbbVie Inc
    337-TA-1471    [distant ] tgt~262..332d    ALGN(complainant)      <- Align Technology, Inc
    337-TA-1472    [distant ] tgt~266..336d    NLST(complainant)      <- Netlist, Inc
    337-TA-1481    [distant ] tgt~287..357d    IDCC(complainant)      <- InterDigital, Inc
    337-TA-1484    [distant ] tgt~312..382d    VICR(complainant)      <- Vicor Corporation
    337-TA-1490    [distant ] tgt~332..402d    PII(complainant)       <- Polaris Inc., Polaris Industries Inc; Polari
    337-TA-1491    [distant ] tgt~335..405d    GM(complainant), SPGI?(complainant) <- General Motors LLC; GM Global Technology Ope
    337-TA-1494    [distant ] tgt~353..423d    FSLR(complainant)      <- First Solar, Inc
    337-TA-1495    [distant ] tgt~356..426d    IDCC(complainant)      <- InterDigital, Inc

  -- PTAB IPR/PGR (FWD-due, ticker-mapped first) --
    (none — PTAB leg unavailable; see caveats)

  CAVEATS:
    - PTAB leg DISABLED: USPTO Open Data Portal now requires an API key (as of 2026-06 the legacy keyless developer.uspto.gov PTAB API was decommissioned). Set env USPTO_ODP_KEY (free, self-serve at data.uspto.gov) to enable. No fabricated PTAB data is emitted.
    - ITC target-determination dates are ESTIMATED windows (statutory ~16-18mo from institution); the ALJ's exact target date is set ~45d post-institution and is marked UNVERIFIABLE here.
    - Respondent lists are best-effort from the Federal Register abstract; fresh institution notices usually list respondents only in the notice BODY, so respondent-side ticker hits under-count.
    - PTAB FWD-due is the §316(a)(11) statutory estimate (12mo, 18mo cap) from the institution date — a real forward date, but the Board can settle/terminate early; treat as the OUTER catalyst window.

[-> generators/data/PTAB_ITC_DOCKET.json]


===== 2026-08-11 01:45 (desk) =====
=== PTAB / ITC §337 DOCKET NOWCAST  2026-08-11 ===
  PTAB: 0 instituted proceedings (0 w/ verified listed party)
  ITC : 68 §337 investigations   (16 verified, 47 incl. low-confidence single-token maps)

  -- ITC §337 (verified-ticker rows first; ? = low-confidence single-token map, verify) --
    337-TA-1446    [imminent] tgt~0..70d       CRDO(complainant)      <- Credo Semiconductor Inc
    337-TA-1447    [imminent] tgt~20..90d      BMRN(complainant)      <- BioMarin Pharmaceutical Inc
    337-TA-1458    [upcoming] tgt~115..185d    CBLL(complainant)      <- Ceribell, Inc
    337-TA-1466    [distant ] tgt~248..318d    ABBV(complainant)      <- AbbVie Inc
    337-TA-1471    [distant ] tgt~255..325d    ALGN(complainant)      <- Align Technology, Inc
    337-TA-1472    [distant ] tgt~259..329d    NLST(complainant)      <- Netlist, Inc
    337-TA-1481    [distant ] tgt~280..350d    IDCC(complainant)      <- InterDigital, Inc
    337-TA-1484    [distant ] tgt~305..375d    VICR(complainant)      <- Vicor Corporation
    337-TA-1490    [distant ] tgt~325..395d    PII(complainant)       <- Polaris Inc., Polaris Industries Inc; Polari
    337-TA-1491    [distant ] tgt~328..398d    GM(complainant), LBRJ?(complainant) <- General Motors LLC; GM Global Technology Ope
    337-TA-1494    [distant ] tgt~346..416d    FSLR(complainant)      <- First Solar, Inc
    337-TA-1495    [distant ] tgt~349..419d    IDCC(complainant)      <- InterDigital, Inc

  -- PTAB IPR/PGR (FWD-due, ticker-mapped first) --
    (none — PTAB leg unavailable; see caveats)

  CAVEATS:
    - PTAB leg DISABLED: USPTO Open Data Portal now requires an API key (as of 2026-06 the legacy keyless developer.uspto.gov PTAB API was decommissioned). Set env USPTO_ODP_KEY (free, self-serve at data.uspto.gov) to enable. No fabricated PTAB data is emitted.
    - ITC target-determination dates are ESTIMATED windows (statutory ~16-18mo from institution); the ALJ's exact target date is set ~45d post-institution and is marked UNVERIFIABLE here.
    - Respondent lists are best-effort from the Federal Register abstract; fresh institution notices usually list respondents only in the notice BODY, so respondent-side ticker hits under-count.
    - PTAB FWD-due is the §316(a)(11) statutory estimate (12mo, 18mo cap) from the institution date — a real forward date, but the Board can settle/terminate early; treat as the OUTER catalyst window.

[-> generators/data/PTAB_ITC_DOCKET.json]


===== 2026-09-11 01:19 (desk) =====
=== PTAB / ITC §337 DOCKET NOWCAST  2026-09-11 ===
  PTAB: 0 instituted proceedings (0 w/ verified listed party)
  ITC : 69 §337 investigations   (15 verified, 46 incl. low-confidence single-token maps)

  -- ITC §337 (verified-ticker rows first; ? = low-confidence single-token map, verify) --
    337-TA-1458    [upcoming] tgt~84..154d     CBLL(complainant)      <- Ceribell, Inc
    337-TA-1466    [distant ] tgt~217..287d    ABBV(complainant)      <- AbbVie Inc
    337-TA-1471    [distant ] tgt~224..294d    ALGN(complainant)      <- Align Technology, Inc
    337-TA-1472    [distant ] tgt~228..298d    NLST(complainant)      <- Netlist, Inc
    337-TA-1481    [distant ] tgt~249..319d    IDCC(complainant)      <- InterDigital, Inc
    337-TA-1484    [distant ] tgt~274..344d    VICR(complainant)      <- Vicor Corporation
    337-TA-1490    [distant ] tgt~294..364d    PII(complainant)       <- Polaris Inc., Polaris Industries Inc; Polari
    337-TA-1491    [distant ] tgt~297..367d    GM(complainant), SPGI?(complainant) <- General Motors LLC; GM Global Technology Ope
    337-TA-1494    [distant ] tgt~315..385d    FSLR(complainant)      <- First Solar, Inc
    337-TA-1495    [distant ] tgt~318..388d    IDCC(complainant)      <- InterDigital, Inc
    337-TA-1500    [distant ] tgt~346..416d    GFS(complainant)       <- GlobalFoundries U.S
    337-TA-1507    [distant ] tgt~407..477d    CAT(complainant)       <- Caterpillar Inc

  -- PTAB IPR/PGR (FWD-due, ticker-mapped first) --
    (none — PTAB leg unavailable; see caveats)

  CAVEATS:
    - PTAB leg DISABLED: USPTO Open Data Portal now requires an API key (as of 2026-06 the legacy keyless developer.uspto.gov PTAB API was decommissioned). Set env USPTO_ODP_KEY (free, self-serve at data.uspto.gov) to enable. No fabricated PTAB data is emitted.
    - ITC target-determination dates are ESTIMATED windows (statutory ~16-18mo from institution); the ALJ's exact target date is set ~45d post-institution and is marked UNVERIFIABLE here.
    - Respondent lists are best-effort from the Federal Register abstract; fresh institution notices usually list respondents only in the notice BODY, so respondent-side ticker hits under-count.
    - PTAB FWD-due is the §316(a)(11) statutory estimate (12mo, 18mo cap) from the institution date — a real forward date, but the Board can settle/terminate early; treat as the OUTER catalyst window.

[-> generators/data/PTAB_ITC_DOCKET.json]

