/Users/ajay/Library/Python/3.9/lib/python/site-packages/urllib3/__init__.py:35: NotOpenSSLWarning: urllib3 v2 only supports OpenSSL 1.1.1+, currently the 'ssl' module is compiled with 'LibreSSL 2.8.3'. See: https://github.com/urllib3/urllib3/issues/3020
  warnings.warn(
[quality_wishlist/screen] universe 917 (S&P500 503 + broad 702) -> 769 after ledger exclusion (148 already researched)
[quality_wishlist/screen] SIC: 363 resolved, 404 cached · financials excluded (§6) 191 · 2 UNRESOLVED (no CIK / fetch failure — kept OUT of scope rather than assumed non-financial) · 576 in scope
[quality_wishlist/screen] XBRL: 573 fetched, 0 cached, 3 FAILED, 0 no-CIK
[quality_wishlist/screen] gate: 51 PASS · 338 FAIL · 189 DEGRADED (never silently passed or failed)
[quality_wishlist/screen] band percentiles priced for 51/51 candidates (0 DEGRADED thin/no history)
[quality_wishlist/screen] wrote verticals/generators/data/QUALITY_WISHLIST_CANDIDATES.json and desk/reports/QUALITY_WISHLIST_CULL_SHEET_20260813.md in 224s
[quality_wishlist/screen] NOT ACTIVE: no band-fire is possible until the principal culls to ~75 and saves verticals/generators/data/quality_wishlist_active.json

===== 2026-08-14 00:33 (desk) =====
[quality_wishlist] INACTIVE — verticals/generators/data/quality_wishlist_active.json not present.
DEGRADED-LOUD: the wishlist is seeded but NOT ACTIVATED. 51 mechanical candidates are waiting in verticals/generators/data/QUALITY_WISHLIST_CANDIDATES.json (screened 2026-08-14); the principal must cull them to ~75 and save the survivors to verticals/generators/data/quality_wishlist_active.json. NO BAND-FIRE IS POSSIBLE UNTIL THEN — this silence is a DESIGN STATE, not a quiet tape.


===== 2026-08-14 00:33 (desk) =====
[quality_wishlist/refresh] wishlist not yet activated — refreshing the 51 mechanical candidates instead
[quality_wishlist/refresh] 0 refreshed, 51 still fresh, 0 FAILED


===== 2026-08-14 00:33 (desk) =====
[quality_wishlist/grade] 0 fires logged, none due


===== 2026-08-17 09:11 (desk) =====
[quality_wishlist] INACTIVE — verticals/generators/data/quality_wishlist_active.json not present.
DEGRADED-LOUD: the wishlist is seeded but NOT ACTIVATED. 51 mechanical candidates are waiting in verticals/generators/data/QUALITY_WISHLIST_CANDIDATES.json (screened 2026-08-14); the principal must cull them to ~75 and save the survivors to verticals/generators/data/quality_wishlist_active.json. NO BAND-FIRE IS POSSIBLE UNTIL THEN — this silence is a DESIGN STATE, not a quiet tape.


===== 2026-09-11 01:52 (desk) =====
[quality_wishlist] INACTIVE — verticals/generators/data/quality_wishlist_active.json not present.
DEGRADED-LOUD: the wishlist is seeded but NOT ACTIVATED. 51 mechanical candidates are waiting in verticals/generators/data/QUALITY_WISHLIST_CANDIDATES.json (screened 2026-08-14); the principal must cull them to ~75 and save the survivors to verticals/generators/data/quality_wishlist_active.json. NO BAND-FIRE IS POSSIBLE UNTIL THEN — this silence is a DESIGN STATE, not a quiet tape.


===== 2026-09-11 01:58 (desk) =====
[quality_wishlist] INACTIVE — verticals/generators/data/quality_wishlist_active.json not present.
DEGRADED-LOUD: the wishlist is seeded but NOT ACTIVATED. 51 mechanical candidates are waiting in verticals/generators/data/QUALITY_WISHLIST_CANDIDATES.json (screened 2026-08-14); the principal must cull them to ~75 and save the survivors to verticals/generators/data/quality_wishlist_active.json. NO BAND-FIRE IS POSSIBLE UNTIL THEN — this silence is a DESIGN STATE, not a quiet tape.


===== 2026-09-11 02:34 (desk) =====
[quality_wishlist/refresh] wishlist not yet activated — refreshing the 51 mechanical candidates instead
[quality_wishlist/refresh] 51 refreshed, 0 still fresh, 0 FAILED


===== 2026-09-11 02:34 (desk) =====
[quality_wishlist/grade] 0 fires logged, none due

