/Users/ajay/Library/Python/3.9/lib/python/site-packages/urllib3/__init__.py:35: NotOpenSSLWarning: urllib3 v2 only supports OpenSSL 1.1.1+, currently the 'ssl' module is compiled with 'LibreSSL 2.8.3'. See: https://github.com/urllib3/urllib3/issues/3020
  warnings.warn(
[quality_drawdown] universe 827 names, drawdown band 35%-78%
  HIT NFLX   dd -46% gm 49% score 87.5
  HIT PLTR   dd -41% gm 84% score 62.3
  HIT ARM    dd -46% gm 98% score 44.8
  HIT KLAC   dd -39% gm 61% score 37.9
  HIT SAP    dd -40% gm 74% score 85.6
  HIT NVO    dd -66% gm 83% score 55.3
  HIT TMUS   dd -35% gm 63% score 42.5
  ...100/827 scanned, 7 hits, 0 errors
  HIT MRVL   dd -41% gm 52% score 37.5
  HIT QCOM   dd -41% gm 54% score 61.3
  HIT CRM    dd -49% gm 78% score 90.6
  HIT APP    dd -46% gm 88% score 59.6
  HIT ISRG   dd -42% gm 67% score 95.6
  HIT PDD    dd -44% gm 56% score 92.3
  HIT GLW    dd -46% gm 36% score 31.5
  HIT NOW    dd -52% gm 75% score 95.1
  HIT ADBE   dd -61% gm 89% score 82.9
  HIT KKR    dd -39% gm 54% score 87.7
  HIT CMCSA  dd -40% gm 69% score 75.7
  HIT INTU   dd -60% gm 81% score 87.7
  ...200/827 scanned, 19 hits, 0 errors
  HIT HOOD   dd -43% gm 92% score 97.9
  HIT REGN   dd -36% gm 44% score 44.8
  HIT AEM    dd -42% gm 74% score 19.0
  HIT BSX    dd -57% gm 69% score 91.5
  HIT SE     dd -46% gm 44% score 57.7
  ...300/827 scanned, 24 hits, 0 errors
  HIT CCJ    dd -36% gm 35% score 68.9
  HIT COIN   dd -65% gm 86% score 77.1
  HIT UI     dd -49% gm 46% score 87.7
  HIT DXCM   dd -41% gm 62% score 41.7
  HIT ZTS    dd -60% gm 72% score 76.6
  HIT GFI    dd -46% gm 55% score 55.4
  HIT TCOM   dd -40% gm 80% score 95.8
  HIT RDDT   dd -48% gm 91% score 58.6
  HIT DOCN   dd -35% gm 58% score 39.1
  ...400/827 scanned, 33 hits, 0 errors
  HIT U      dd -36% gm 75% score 38.5
  HIT IONQ   dd -56% gm 36% score 50.8
  HIT MKC-V  dd -39% gm 39% score 42.2
  HIT LULU   dd -77% gm 56% score 65.1
  HIT MKC    dd -37% gm 39% score 41.2
  HIT DECK   dd -57% gm 58% score 78.1
  HIT PINS   dd -47% gm 80% score 44.6
  HIT GWRE   dd -42% gm 64% score 27.2
  HIT ONON   dd -43% gm 64% score 95.1
  HIT CHKP   dd -46% gm 88% score 86.8
  HIT NVMI   dd -36% gm 57% score 39.0
  HIT TYL    dd -52% gm 47% score 76.3
  ...500/827 scanned, 45 hits, 0 errors
  HIT S      dd -36% gm 73% score 41.7
  HIT APPF   dd -44% gm 64% score 95.6
  HIT PATH   dd -52% gm 83% score 61.8
  HIT GLBE   dd -37% gm 46% score 37.3
  HIT DSGX   dd -39% gm 77% score 93.7
  HIT CAMT   dd -36% gm 51% score 34.3
  HIT OTEX   dd -37% gm 76% score 59.7
  HIT DUOL   dd -75% gm 73% score 50.6
  HIT FBIN   dd -43% gm 45% score 30.3
  HIT LYFT   dd -35% gm 36% score 77.2
  ...600/827 scanned, 55 hits, 0 errors
  HIT AEO    dd -38% gm 38% score 19.0
  HIT ARIS   dd -41% gm 60% score 24.4
  HIT FRPT   dd -63% gm 41% score 74.4
  HIT BRZE   dd -58% gm 66% score 26.1
  HIT OUST   dd -38% gm 48% score 37.8
  HIT TMDX   dd -57% gm 59% score 87.3
  HIT SPSC   dd -66% gm 70% score 38.1
  HIT SII    dd -38% gm 37% score 20.9
  ...700/827 scanned, 63 hits, 0 errors
  HIT UPBD   dd -41% gm 49% score 71.9
  HIT UPWK   dd -59% gm 78% score 81.6
  HIT FINV   dd -51% gm 72% score 84.5
  HIT SDGR   dd -62% gm 55% score 77.8
  HIT ARHS   dd -60% gm 39% score 60.8
  HIT WLDN   dd -49% gm 38% score 75.7
  HIT UMAC   dd -37% gm 35% score 17.0
  HIT CRTO   dd -56% gm 54% score 29.5
  HIT GDRX   dd -66% gm 92% score 29.8
  HIT MUX    dd -40% gm 36% score 23.8
  HIT TUYA   dd -57% gm 48% score 73.9
  ...800/827 scanned, 74 hits, 1 errors
  HIT LWLG   dd -64% gm 98% score 38.7
  HIT LXRX   dd -36% gm 94% score 26.9
  HIT ELE    dd -35% gm 96% score 59.6

[quality_drawdown] 77 candidates (1 errors) -> /Users/ajay/exalted/signalos/verticals/generators/data/QUALITY_DRAWDOWN.json

rank tkr        dd%  offLo   gm%  fwd/tr  resid    cap$m    sc  flags · name
   1 HOOD      -43%    33%   92%    0.79  53.2%   81,223  97.9  Robinhood Markets, Inc.
   2 TCOM      -40%    18%   80%    0.67      —   29,785  95.8  FX-FIXED · Trip.com Group Limited
   3 ISRG      -42%     6%   67%    0.68      —  134,501  95.6  Intuitive Surgical, Inc.
   4 APPF      -44%    26%   64%    0.89      —    6,789  95.6  AppFolio, Inc.
   5 NOW       -52%    34%   75%    0.78      —  118,057  95.1  ServiceNow, Inc.
   6 ONON      -43%    14%   64%    1.41      —   12,650  95.1  FX-FIXED · On Holding AG
   7 DSGX      -39%    20%   77%    0.76      —    6,563  93.7  The Descartes Systems Group Inc
   8 PDD       -44%    21%   56%    1.06      —  128,319  92.3  FX-FIXED · PDD Holdings Inc.
   9 BSX       -57%    10%   69%    0.61      —   71,984  91.5  Boston Scientific Corporation
  10 CRM       -49%    23%   78%    0.72      —  152,293  90.6  Salesforce, Inc.
  11 KKR       -39%    21%   54%    7.98  51.0%   99,361  87.7  KKR & Co. Inc.
  12 INTU      -60%    24%   81%    1.09      —   87,091  87.7  Intuit Inc.
  13 UI        -49%    44%   46%    0.84      —   33,206  87.7  Ubiquiti Inc.
  14 NFLX      -46%     6%   49%    0.84      —  305,342  87.5  Netflix, Inc.
  15 TMDX      -57%    23%   59%    0.86      —    2,818  87.3  TransMedics Group, Inc.
  16 CHKP      -46%    13%   88%     4.6      —   12,555  86.8  Check Point Software Technologi
  17 SAP       -40%    25%   74%    1.26      —  218,895  85.6  FX-FIXED · SAP  SE
  18 FINV      -51%    12%   72%       —  57.1%    1,171  84.5  FX-FIXED · FinVolution Group
  19 ADBE      -61%    30%   89%    0.71      —   99,908  82.9  Adobe Inc.
  20 UPWK      -59%    17%   78%    4.31      —    1,178  81.6  Upwork Inc.
  21 DECK      -57%    22%   58%    1.29      —   13,550  78.1  falling · Deckers Outdoor Corporation
  22 SDGR      -62%    37%   55%       —      —    1,142  77.8  Schrodinger, Inc.
  23 LYFT      -35%    25%   36%    0.89      —    6,219  77.2  Lyft, Inc.
  24 COIN      -65%     4%   86%       —  73.2%   38,652  77.1  falling · Coinbase Global, Inc.
  25 ZTS       -60%     8%   72%    1.39      —   32,322  76.6  Zoetis Inc.

===== 2026-08-10 16:35 (desk) =====
[quality_drawdown] universe 821 names, drawdown band 35%-78%
  HIT NFLX   dd -43% gm 49% score 85.6
  HIT ARM    dd -39% gm 98% score 42.6
  HIT KLAC   dd -36% gm 61% score 36.3
  HIT NVO    dd -65% gm 82% score 85.3
  ...100/821 scanned, 4 hits, 0 errors
  HIT QCOM   dd -35% gm 54% score 65.1
  HIT CRM    dd -46% gm 78% score 92.8
  HIT ISRG   dd -36% gm 67% score 90.7
  HIT GLW    dd -38% gm 36% score 28.9
  HIT PDD    dd -41% gm 56% score 90.2
  HIT NOW    dd -46% gm 75% score 44.9
  HIT APP    dd -54% gm 88% score 55.8
  HIT ADBE   dd -57% gm 89% score 38.5
  HIT KKR    dd -37% gm 55% score 86.9
  HIT INTU   dd -58% gm 81% score 89.5
  HIT CMCSA  dd -37% gm 69% score 73.4
  ...200/821 scanned, 15 hits, 0 errors
  HIT HOOD   dd -38% gm 92% score 93.9
  HIT BSX    dd -53% gm 69% score 94.1
  HIT SE     dd -42% gm 44% score 55.7
  ...300/821 scanned, 18 hits, 0 errors
  HIT COIN   dd -65% gm 86% score 77.6
  HIT TEAM   dd -53% gm 86% score 27.7
  HIT UI     dd -47% gm 46% score 88.7
  HIT DXCM   dd -38% gm 62% score 40.7
  HIT ZTS    dd -61% gm 72% score 67.4
  HIT RDDT   dd -41% gm 91% score 62.7
  HIT TCOM   dd -40% gm 80% score 95.7
  HIT INSM   dd -36% gm 84% score 27.1
  HIT GRAB   dd -43% gm 40% score 85.2
  ...400/821 scanned, 27 hits, 0 errors
  HIT LULU   dd -75% gm 56% score 66.5
  HIT MKC-V  dd -38% gm 39% score 41.4
  HIT AGI    dd -40% gm 71% score 95.4
  HIT PINS   dd -46% gm 80% score 44.7
  HIT EQX    dd -38% gm 59% score 26.1
  HIT CHKP   dd -44% gm 88% score 85.5
  HIT DECK   dd -56% gm 58% score 78.3
  HIT TYL    dd -51% gm 47% score 77.3
  HIT ONON   dd -39% gm 64% score 92.1
  HIT CSGP   dd -68% gm 79% score 53.5
  ...500/821 scanned, 37 hits, 0 errors
  HIT ALGN   dd -53% gm 70% score 78.1
  HIT CELH   dd -72% gm 50% score 71.7
  HIT GTLB   dd -48% gm 87% score 44.5
  HIT DUOL   dd -75% gm 73% score 35.2
  HIT FND    dd -56% gm 45% score 29.7
  HIT DOX    dd -35% gm 38% score 58.3
  ...600/821 scanned, 43 hits, 0 errors
  HIT INTA   dd -48% gm 76% score 44.4
  HIT CLSK   dd -50% gm 47% score 78.5
  HIT COLM   dd -36% gm 52% score 56.7
  HIT FIZZ   dd -35% gm 37% score 57.8
  HIT IOVA   dd -63% gm 48% score 22.7
  HIT AVPT   dd -35% gm 73% score 91.6
  HIT SPSC   dd -65% gm 70% score 38.4
  ...700/821 scanned, 50 hits, 0 errors
  HIT TNC    dd -42% gm 39% score 59.6
  HIT LWLG   dd -58% gm 98% score 40.8
  HIT BKSY   dd -45% gm 70% score 44.5
  HIT TUYA   dd -52% gm 48% score 85.5
  HIT UPBD   dd -42% gm 49% score 72.3
  HIT FINV   dd -53% gm 72% score 83.5
  HIT BRUN   dd -55% gm 86% score 32.8
  ...800/821 scanned, 57 hits, 1 errors
  HIT PLTK   dd -69% gm 74% score 36.9

[quality_drawdown] 58 candidates (1 errors) -> /Users/ajay/exalted/signalos/verticals/generators/data/QUALITY_DRAWDOWN.json

rank tkr        dd%  offLo   gm%  fwd/tr  resid    cap$m    sc  flags · name
   1 TCOM      -40%    18%   80%    0.67      —   29,672  95.7  FX-FIXED · Trip.com Group Limited
   2 AGI       -40%    31%   71%    0.78  33.3%   13,893  95.4  Alamos Gold Inc.
   3 BSX       -53%    18%   69%    0.61      —   73,128  94.1  Boston Scientific Corporation
   4 HOOD      -38%    45%   92%    0.79  53.2%   84,981  93.9  Robinhood Markets, Inc.
   5 CRM       -46%    32%   78%    0.72      —  161,761  92.8  Salesforce, Inc.
   6 ONON      -39%    22%   64%     1.4      —   12,927  92.1  FX-FIXED · On Holding AG
   7 AVPT      -35%    44%   73%    0.92      —    2,748  91.6  AvePoint, Inc.
   8 ISRG      -36%    18%   67%    0.68      —  140,939  90.7  Intuitive Surgical, Inc.
   9 PDD       -41%    27%   56%    1.06      —  132,376  90.2  FX-FIXED · PDD Holdings Inc.
  10 INTU      -58%    32%   81%    1.09      —   91,479  89.5  Intuit Inc.
  11 UI        -47%    48%   46%    0.84      —   34,526  88.7  Ubiquiti Inc.
  12 KKR       -37%    24%   55%    2.28  51.0%   95,896  86.9  KKR & Co. Inc.
  13 NFLX      -43%    13%   49%    0.84      —  317,667  85.6  Netflix, Inc.
  14 CHKP      -44%    17%   88%     4.6      —   13,389  85.5  Check Point Software Technologi
  15 TUYA      -52%    14%   48%    1.41      —    1,134  85.5  Tuya Inc.
  16 NVO       -65%    37%   82%    1.24      —  211,002  85.3  FX-FIXED · Novo Nordisk A/S
  17 GRAB      -43%    12%   40%    1.04      —   14,970  85.2  Grab Holdings Limited
  18 FINV      -53%     9%   72%       —  57.1%    1,114  83.5  FX-FIXED · FinVolution Group
  19 CLSK      -50%    42%   47%       —  80.3%    2,974  78.5  falling · CleanSpark, Inc.
  20 DECK      -56%    22%   58%    1.29      —   13,270  78.3  falling · Deckers Outdoor Corporation
  21 ALGN      -53%    41%   70%    0.96      —   12,506  78.1  Align Technology, Inc.
  22 COIN      -65%     5%   86%       —  74.2%   39,227  77.6  falling · Coinbase Global, Inc.
  23 TYL       -51%    16%   47%    1.21      —   13,049  77.3  Tyler Technologies, Inc.
  24 CMCSA     -37%    15%   69%       —      —   89,426  73.4  Comcast Corporation
  25 UPBD      -42%    27%   49%    8.52      —    1,121  72.3  Upbound Group, Inc.

/Users/ajay/Library/Python/3.9/lib/python/site-packages/urllib3/__init__.py:35: NotOpenSSLWarning: urllib3 v2 only supports OpenSSL 1.1.1+, currently the 'ssl' module is compiled with 'LibreSSL 2.8.3'. See: https://github.com/urllib3/urllib3/issues/3020
  warnings.warn(

===== 2026-08-17 17:39 (desk) =====
[quality_drawdown] universe 797 names, drawdown band 35%-78%
  HIT NFLX   dd -43% gm 49% score 85.7
  HIT ARM    dd -38% gm 98% score 33.3
  HIT NVO    dd -67% gm 82% score 83.8
  ...100/797 scanned, 3 hits, 0 errors
  HIT QCOM   dd -35% gm 54% score 65.1
  HIT CRM    dd -47% gm 78% score 92.0
  HIT ISRG   dd -36% gm 67% score 91.1
  HIT PDD    dd -45% gm 56% score 79.1
  HIT NOW    dd -50% gm 75% score 97.2
  HIT INTU   dd -58% gm 81% score 89.5
  HIT CMCSA  dd -36% gm 69% score 72.7
  HIT MNST   dd -54% gm 56% score 46.6
  ...200/797 scanned, 11 hits, 0 errors
  HIT HOOD   dd -37% gm 92% score 93.1
  HIT BSX    dd -52% gm 69% score 94.8
  HIT SE     dd -39% gm 44% score 20.8
  HIT COIN   dd -64% gm 86% score 86.2
  ...300/797 scanned, 15 hits, 0 errors
  HIT UI     dd -46% gm 46% score 34.3
  HIT BIDU   dd -36% gm 42% score 45.9
  HIT DXCM   dd -37% gm 62% score 40.4
  HIT RDDT   dd -39% gm 91% score 61.6
  HIT CPRT   dd -50% gm 48% score 80.3
  HIT ZTS    dd -62% gm 72% score 66.6
  HIT ALNY   dd -54% gm 80% score 60.9
  HIT ZS     dd -45% gm 77% score 44.7
  HIT GRAB   dd -44% gm 40% score 86.2
  ...400/797 scanned, 24 hits, 0 errors
  HIT TME    dd -65% gm 44% score 51.9
  HIT AGI    dd -38% gm 71% score 94.2
  HIT EQX    dd -37% gm 59% score 25.9
  HIT LULU   dd -77% gm 56% score 64.6
  HIT TYL    dd -50% gm 47% score 77.5
  HIT CHKP   dd -46% gm 88% score 86.9
  HIT PINS   dd -49% gm 80% score 97.4
  HIT CSGP   dd -68% gm 79% score 53.5
  HIT HL     dd -41% gm 61% score 27.0
  ...500/797 scanned, 33 hits, 0 errors
  HIT BZ     dd -37% gm 86% score 79.2
  HIT APPF   dd -39% gm 64% score 91.9
  HIT GTLB   dd -48% gm 87% score 44.4
  HIT BIRK   dd -40% gm 58% score 76.8
  HIT HIMS   dd -58% gm 70% score 34.6
  HIT DSGX   dd -39% gm 77% score 93.9
  ...600/797 scanned, 39 hits, 0 errors
  HIT INTA   dd -48% gm 76% score 44.3
  HIT COLM   dd -36% gm 52% score 56.6
  HIT FIZZ   dd -35% gm 37% score 57.8
  HIT GRND   dd -36% gm 75% score 27.0
  HIT SPSC   dd -65% gm 70% score 38.6
  HIT AEO    dd -41% gm 38% score 38.4
  HIT TRIP   dd -64% gm 64% score 66.1
  ...700/797 scanned, 46 hits, 0 errors
  HIT MUX    dd -35% gm 37% score 35.0
  HIT TNC    dd -43% gm 39% score 60.6
  HIT LWLG   dd -59% gm 99% score 34.4
  HIT UPBD   dd -41% gm 49% score 71.8
  HIT TUYA   dd -54% gm 48% score 71.5
  HIT LUXE   dd -38% gm 47% score 43.1
  HIT ARDX   dd -58% gm 75% score 82.4

[quality_drawdown] 53 candidates (1 errors) -> /Users/ajay/exalted/signalos/verticals/generators/data/QUALITY_DRAWDOWN.json
[quality_drawdown] enqueue -> {'added': 5, 'updated': 0, 'deleted': 0, 'total': 366, 'already_tracked_skipped': 40, 'watchlist_ranking': [{'ticker': 'PINS', 'score': 97.4, 'dd3y_pct': 48.7}, {'ticker': 'NOW', 'score': 97.2, 'dd3y_pct': 49.7}, {'ticker': 'TCOM', 'score': 95.7, 'dd3y_pct': 40.3}, {'ticker': 'BSX', 'score': 94.8, 'dd3y_pct': 52.4}, {'ticker': 'AGI', 'score': 94.2, 'dd3y_pct': 38.4}, {'ticker': 'DSGX', 'score': 93.9, 'dd3y_pct': 38.8}, {'ticker': 'HOOD', 'score': 93.1, 'dd3y_pct': 36.9}, {'ticker': 'ONON', 'score': 92.1, 'dd3y_pct': 39.0}, {'ticker': 'CRM', 'score': 92.0, 'dd3y_pct': 47.4}, {'ticker': 'APPF', 'score': 91.9, 'dd3y_pct': 39.0}, {'ticker': 'AVPT', 'score': 91.6, 'dd3y_pct': 35.0}, {'ticker': 'ISRG', 'score': 91.1, 'dd3y_pct': 36.1}, {'ticker': 'INTU', 'score': 89.5, 'dd3y_pct': 58.0}, {'ticker': 'TMDX', 'score': 87.3, 'dd3y_pct': 56.6}, {'ticker': 'CHKP', 'score': 86.9, 'dd3y_pct': 45.6}, {'ticker': 'KKR', 'score': 86.9, 'dd3y_pct': 37.3}, {'ticker': 'COIN', 'score': 86.2, 'dd3y_pct': 64.1}, {'ticker': 'GRAB', 'score': 86.2, 'dd3y_pct': 44.5}, {'ticker': 'NFLX', 'score': 85.7, 'dd3y_pct': 43.2}, {'ticker': 'SAP', 'score': 85.6, 'dd3y_pct': 40.1}]}

rank tkr        dd%  offLo   gm%  fwd/tr  resid    cap$m    sc  flags · name
   1 PINS      -49%    50%   80%    0.72      —   12,923  97.4  Pinterest, Inc.
   2 NOW       -50%    42%   75%    0.78      —  121,686  97.2  ServiceNow, Inc.
   3 BSX       -52%    21%   69%    0.61      —   74,534  94.8  Boston Scientific Corporation
   4 AGI       -38%    32%   71%    0.72  33.2%   14,228  94.2  Alamos Gold Inc.
   5 DSGX      -39%    19%   77%    0.76      —    6,420  93.9  The Descartes Systems Group Inc
   6 HOOD      -37%    48%   92%     0.8  53.2%   86,537  93.1  Robinhood Markets, Inc.
   7 CRM       -47%    27%   78%    0.72      —  156,404  92.0  Salesforce, Inc.
   8 APPF      -39%    37%   64%    0.89      —    6,940  91.9  AppFolio, Inc.
   9 ISRG      -36%    18%   67%    0.68      —  139,847  91.1  Intuitive Surgical, Inc.
  10 INTU      -58%    32%   81%    1.09      —   91,799  89.5  Intuit Inc.
  11 CHKP      -46%    13%   88%     4.6      —   12,968  86.9  Check Point Software Technologi
  12 COIN      -64%     7%   86%       —  74.2%   39,721  86.2  Coinbase Global, Inc.
  13 GRAB      -44%    10%   40%    1.01      —   14,647  86.2  Grab Holdings Limited
  14 NFLX      -43%    12%   49%    0.84      —  316,543  85.7  Netflix, Inc.
  15 NVO       -67%    29%   82%    1.12      —  196,626  83.8  FX-FIXED · Novo Nordisk A/S
  16 ARDX      -58%     4%   75%    1.28      —    1,048  82.4  falling · Ardelyx, Inc.
  17 CPRT      -50%    17%   48%    1.87      —   30,537  80.3  Copart, Inc.
  18 BZ        -37%    23%   86%    1.65      —    6,949  79.2  STALE FX-FIXED · KANZHUN LIMITED - American Depo
  19 PDD       -45%    19%   56%    1.06      —  123,750  79.1  STALE FX-FIXED · PDD Holdings Inc.
  20 TYL       -50%    16%   47%    1.21      —   13,124  77.5  Tyler Technologies, Inc.
  21 BIRK      -40%    21%   58%    1.04      —    6,735  76.8  STALE FX-FIXED · Birkenstock Holding plc
  22 CMCSA     -36%    17%   69%       —      —   90,739  72.7  Comcast Corporation
  23 UPBD      -41%    29%   49%    8.52      —    1,132  71.8  Upbound Group, Inc.
  24 TUYA      -54%    10%   48%    1.41      —    1,091  71.5  STALE · Tuya Inc.
  25 ZTS       -62%     2%   72%       —      —   30,153  66.6  falling · Zoetis Inc.

/Users/ajay/Library/Python/3.9/lib/python/site-packages/urllib3/__init__.py:35: NotOpenSSLWarning: urllib3 v2 only supports OpenSSL 1.1.1+, currently the 'ssl' module is compiled with 'LibreSSL 2.8.3'. See: https://github.com/urllib3/urllib3/issues/3020
  warnings.warn(
