
===== 2026-07-13 00:33 (desk) =====
=== RUSSELL RECONSTITUTION  2026-07-13  (2027 cycle) ===
  PHASE: DORMANT — pre-rank
  rank day 2027-04-30 (+291d) · prelim lists 2027-05-28 (+319d) · EFFECTIVE 2027-06-25 (+347d)
  ACTION: Nothing to do; the 2027 membership isn't set until rank day (2027-04-30, 291d).
[-> RUSSELL_RECON.json]


===== 2026-07-20 10:06 (desk) =====
=== RUSSELL RECONSTITUTION  2026-07-20  (2027 cycle) ===
  PHASE: DORMANT — pre-rank
  rank day 2027-04-30 (+284d) · prelim lists 2027-05-28 (+312d) · EFFECTIVE 2027-06-25 (+340d)
  ACTION: Nothing to do; the 2027 membership isn't set until rank day (2027-04-30, 284d).
[-> RUSSELL_RECON.json]


===== 2026-07-27 23:30 (desk) =====
=== RUSSELL RECONSTITUTION  2026-07-27  (2027 cycle) ===
  PHASE: DORMANT — pre-rank
  rank day 2027-04-30 (+277d) · prelim lists 2027-05-28 (+305d) · EFFECTIVE 2027-06-25 (+333d)
  ACTION: Nothing to do; the 2027 membership isn't set until rank day (2027-04-30, 277d).
[-> RUSSELL_RECON.json]


===== 2026-08-03 23:30 (desk) =====
=== RUSSELL RECONSTITUTION  2026-08-03  (2027 cycle) ===
  PHASE: DORMANT — pre-rank
  rank day 2027-04-30 (+270d) · prelim lists 2027-05-28 (+298d) · EFFECTIVE 2027-06-25 (+326d)
  ACTION: Nothing to do; the 2027 membership isn't set until rank day (2027-04-30, 270d).
[-> RUSSELL_RECON.json]


===== 2026-08-10 23:34 (desk) =====
=== RUSSELL RECONSTITUTION  2026-08-10  (2027 cycle) ===
  PHASE: DORMANT — pre-rank
  rank day 2027-04-30 (+263d) · prelim lists 2027-05-28 (+291d) · EFFECTIVE 2027-06-25 (+319d)
  ACTION: Nothing to do; the 2027 membership isn't set until rank day (2027-04-30, 263d).
[-> RUSSELL_RECON.json]


===== 2026-09-11 01:14 (desk) =====
=== RUSSELL RECONSTITUTION  2026-09-11  (2027 cycle) ===
  PHASE: DORMANT — pre-rank
  rank day 2027-04-30 (+231d) · prelim lists 2027-05-28 (+259d) · EFFECTIVE 2027-06-25 (+287d)
  ACTION: Nothing to do; the 2027 membership isn't set until rank day (2027-04-30, 231d).
[-> RUSSELL_RECON.json]

