
===== 2026-07-13 09:31 (desk) =====
=== SPAC TRUST-ARB SCANNER  2026-07-13  (18/23 resolved, 1 below trust) ===
  distribution: 3 priced | 1 BELOW trust | 2 at/above | median disc -0.86%
  BELOW-TRUST CANDIDATES (buy the floor; verify current per-share + deadline in the proxy):
    LEGO   Legato Merger Corp IV          px $  9.96  trust $10.1001  +1.39% disc
  no redeemable-share XBRL (per-share NULL, FLAGGED): ['CCIX', 'FGII', 'GSRF', 'HCIC', 'HVII', 'IRHO', 'MBAV', 'MBVI', 'NPAC', 'OACC', 'PMTR', 'SPKL', 'SVAC', 'SVIV', 'VHCP']
  dropped (unresolved, 5): ['AAC', 'CEPF', 'CEPV', 'DTSQ', 'GSRV']
[-> SPAC_TRUST_ARB.json]

/Users/ajay/Library/Python/3.9/lib/python/site-packages/urllib3/__init__.py:35: NotOpenSSLWarning: urllib3 v2 only supports OpenSSL 1.1.1+, currently the 'ssl' module is compiled with 'LibreSSL 2.8.3'. See: https://github.com/urllib3/urllib3/issues/3020
  warnings.warn(

===== 2026-07-20 17:37 (desk) =====
=== SPAC TRUST-ARB SCANNER  2026-07-20  (18/23 resolved, 1 below trust) ===
  distribution: 3 priced | 1 BELOW trust | 2 at/above | median disc -0.86%
  BELOW-TRUST CANDIDATES (buy the floor; verify current per-share + deadline in the proxy):
    LEGO   Legato Merger Corp IV          px $  9.96  trust $10.1001  +1.39% disc
  no redeemable-share XBRL (per-share NULL, FLAGGED): ['CCIX', 'FGII', 'GSRF', 'HCIC', 'HVII', 'IRHO', 'MBAV', 'MBVI', 'NPAC', 'OACC', 'PMTR', 'SPKL', 'SVAC', 'SVIV', 'VHCP']
  dropped (unresolved, 5): ['AAC', 'CEPF', 'CEPV', 'DTSQ', 'GSRV']
[-> SPAC_TRUST_ARB.json]

/Users/ajay/Library/Python/3.9/lib/python/site-packages/urllib3/__init__.py:35: NotOpenSSLWarning: urllib3 v2 only supports OpenSSL 1.1.1+, currently the 'ssl' module is compiled with 'LibreSSL 2.8.3'. See: https://github.com/urllib3/urllib3/issues/3020
  warnings.warn(
$SVAC: possibly delisted; no price data found  (period=1y)
$SVAC: possibly delisted; no price data found  (period=5d)

===== 2026-07-27 23:32 (desk) =====
=== SPAC TRUST-ARB SCANNER  2026-07-27  (0/23 resolved, 0 below trust) ===
  distribution: 0 priced | 0 BELOW trust | 0 at/above | median disc None%
  no below-trust names this run (SPACs commonly trade a hair ABOVE trust — normal).
  tightest to trust (top of all_priced):
  dropped (unresolved, 23): ['AAC', 'CCIX', 'CEPF', 'CEPV', 'CLBR', 'DTSQ', 'FGII', 'GSRF', 'GSRV', 'HCIC', 'HVII', 'IRHO', 'LEGO', 'MACI', 'MBAV', 'MBVI', 'NPAC', 'OACC', 'PMTR', 'SPKL', 'SVAC', 'SVIV', 'VHCP']
[-> SPAC_TRUST_ARB.json]

/Users/ajay/Library/Python/3.9/lib/python/site-packages/urllib3/__init__.py:35: NotOpenSSLWarning: urllib3 v2 only supports OpenSSL 1.1.1+, currently the 'ssl' module is compiled with 'LibreSSL 2.8.3'. See: https://github.com/urllib3/urllib3/issues/3020
  warnings.warn(

===== 2026-08-04 00:35 (desk) =====
=== SPAC TRUST-ARB SCANNER  2026-08-04  (0/23 resolved, 0 below trust) ===
  distribution: 0 priced | 0 BELOW trust | 0 at/above | median disc None%
  no below-trust names this run (SPACs commonly trade a hair ABOVE trust — normal).
  tightest to trust (top of all_priced):
  dropped (unresolved, 23): ['AAC', 'CCIX', 'CEPF', 'CEPV', 'CLBR', 'DTSQ', 'FGII', 'GSRF', 'GSRV', 'HCIC', 'HVII', 'IRHO', 'LEGO', 'MACI', 'MBAV', 'MBVI', 'NPAC', 'OACC', 'PMTR', 'SPKL', 'SVAC', 'SVIV', 'VHCP']
[-> SPAC_TRUST_ARB.json]

/Users/ajay/Library/Python/3.9/lib/python/site-packages/urllib3/__init__.py:35: NotOpenSSLWarning: urllib3 v2 only supports OpenSSL 1.1.1+, currently the 'ssl' module is compiled with 'LibreSSL 2.8.3'. See: https://github.com/urllib3/urllib3/issues/3020
  warnings.warn(

===== 2026-08-11 01:42 (desk) =====
=== SPAC TRUST-ARB SCANNER  2026-08-11  (15/23 resolved, 1 below trust) ===
  distribution: 3 priced | 1 BELOW trust | 2 at/above | median disc -1.69%
  BELOW-TRUST CANDIDATES (buy the floor; verify current per-share + deadline in the proxy):
    LEGO   Legato Merger Corp IV          px $  9.98  trust $10.1001  +1.19% disc
  no redeemable-share XBRL (per-share NULL, FLAGGED): ['FGII', 'GSRF', 'HCIC', 'HVII', 'IRHO', 'MBVI', 'NPAC', 'OACC', 'PMTR', 'SPKL', 'SVIV', 'VHCP']
  dropped (unresolved, 8): ['AAC', 'CCIX', 'CEPF', 'CEPV', 'DTSQ', 'GSRV', 'MBAV', 'SVAC']
[-> SPAC_TRUST_ARB.json]

/Users/ajay/Library/Python/3.9/lib/python/site-packages/urllib3/__init__.py:35: NotOpenSSLWarning: urllib3 v2 only supports OpenSSL 1.1.1+, currently the 'ssl' module is compiled with 'LibreSSL 2.8.3'. See: https://github.com/urllib3/urllib3/issues/3020
  warnings.warn(

===== 2026-09-11 01:15 (desk) =====
=== SPAC TRUST-ARB SCANNER  2026-09-11  (17/23 resolved, 1 below trust) ===
  distribution: 2 priced | 1 BELOW trust | 1 at/above | median disc 0.99%
  BELOW-TRUST CANDIDATES (buy the floor; verify current per-share + deadline in the proxy):
    LEGO   Legato Merger Corp IV          px $ 10.00  trust $10.1001  +0.99% disc
  no redeemable-share XBRL (per-share NULL, FLAGGED): ['AAC', 'FGII', 'GSRF', 'GSRV', 'HCIC', 'HVII', 'IRHO', 'MACI', 'MBVI', 'NPAC', 'OACC', 'PMTR', 'SPKL', 'SVIV', 'VHCP']
  dropped (unresolved, 6): ['CCIX', 'CEPF', 'CEPV', 'DTSQ', 'MBAV', 'SVAC']
[-> SPAC_TRUST_ARB.json]

/Users/ajay/Library/Python/3.9/lib/python/site-packages/urllib3/__init__.py:35: NotOpenSSLWarning: urllib3 v2 only supports OpenSSL 1.1.1+, currently the 'ssl' module is compiled with 'LibreSSL 2.8.3'. See: https://github.com/urllib3/urllib3/issues/3020
  warnings.warn(
