
===== 2026-08-03 00:41 (desk) =====
=== SPIN-OFF ORPHAN GENERATOR  2026-08-03  (23 10-12B registrants over 400d, 23 information statements parsed, 0 new, 23 tracked) ===

  ORPHAN COHORT — trading, forced-selling window still open (<= 90d):
  **MBGL   Mobility Global Inc.           ex-SPGI           dist 2026-07-01 (33d, LATE_WINDOW)
        FORCED_SELL_DOWNGRADE  parent=SP500 spinco=SP600  | DUMP_THEN_BASE: first $21.19 -> trough $19.26 (-10.4%) -> $20.38 (+5.8% off low)
    HONA   Honeywell Aerospace Inc.       ex-HON            dist 2026-06-29 (35d, LATE_WINDOW)
        FORCED_BUY_INVERTED  parent=SP500 spinco=SP500  | DUMP_THEN_BASE: first $220.19 -> trough $195.87 (-20.7%) -> $206.74 (+5.5% off low)
  **MFP    Midera Food Processing, Inc.   ex-MIDD           dist 2026-06-29 (35d, LATE_WINDOW)
        FORCED_SELL_DOWNGRADE  parent=SP400 spinco=SP600  | DUMP_THEN_BASE: first $35.0 -> trough $35.0 (-12.5%) -> $47.95 (+37.0% off low)
    FDXF   FedEx Freight Holding Company, ex-FDX            dist 2026-05-27 (68d, LATE_WINDOW)
        FORCED_BUY_INVERTED  parent=SP500 spinco=SP500  | DUMPING: first $151.0 -> trough $137.55 (-25.6%) -> $140.53 (+2.2% off low)
    OCTV   Octave Intelligence plc        ex-HEXA           dist 2026-05-21 (74d, LATE_WINDOW)
        ORPHAN_UNINDEXED_PARENT  parent=NONE spinco=NONE  | DUMP_THEN_BASE: first $21.96 -> trough $15.5 (-29.4%) -> $18.24 (+17.7% off low)

  PIPELINE — registered, not yet distributed (read the information statement NOW):
    ADIG   ADI GLOBAL DISTRIBUTION INC.       ex-Resideo                WHEN_ISSUED                3A last 2026-07-01 WI:ADIG-WI  ** LEVERAGE-TO-PARENT (informed-seller tell)
    CRGT   Cortigent, Inc.                    ex-Vivani Medical, Inc    LATE_STAGE_REGISTRATION    2A last 2025-09-19
    ?      Electrified Materials Corp         ex-American Resources Cor REGISTERED                 1A last 2025-12-22
    ?      Vylor Inc.                         ex-Corteva                REGISTERED                 0A last 2026-06-29

  WINDOW CLOSED (6) — history, for backtesting the sub-cohorts:
    TRAX   First Tracks Biotherapeuti ORPHAN_UNINDEXED_PARENT 105d  DUMP_THEN_BASE  tot 136.8%
    VGNT   Versigent Ltd              FORCED_SELL_DOWNGRADE  124d  RIPPING  tot 48.5%
    RNA    Atrium Therapeutics, Inc.  ORPHAN_UNINDEXED_PARENT 157d  DUMPING  tot -23.1%
    VSNT   Versant Media Group, Inc.  FORCED_SELL_DOWNGRADE  213d  DUMP_THEN_BASE  tot -22.9%
    Q      Qnity Electronics, Inc.    FORCED_BUY_INVERTED    280d  DUMP_THEN_BASE  tot 37.6%
    SOLS   Solstice Advanced Material FORCED_SELL_DOWNGRADE  287d  DUMP_THEN_BASE  tot 24.3%

  REJECTED (not a spin-off orphan — 8):
    ?      ALEXANDER TECH CORP                <- not_a_spin (10-12B filed for an uplisting, shell or holdco registration, not a distribution; 'th
    BSEM   BioStem Technologies, Inc.         <- holdco_reorg / already_trading (price history starts 2024-08-01 — BEFORE the Form 10 (2026-07-24
    PBAM   Private Bancorp of America, Inc.   <- holdco_reorg / already_trading (price history starts 2024-08-01 — BEFORE the Form 10 (2026-07-13
    NVRI   Enviri II Corp                     <- holdco_reorg / already_trading (price history starts 2024-08-01 — BEFORE the Form 10 (2026-03-20
    ?      Kioni Holdings Ltd                 <- not_a_spin (10-12B filed for an uplisting, shell or holdco registration, not a distribution; 'th
    AMFN   Renewal Fuels, Inc.                <- holdco_reorg / already_trading (price history starts 2024-11-13 — BEFORE the Form 10 (2026-03-12
    ?      Biointra, Corp                     <- not_a_spin (10-12B filed for an uplisting, shell or holdco registration, not a distribution; 'th
    SUNB   Sunbelt Rentals Holdings, Inc.     <- redomiciliation_no_flow (a UK/Irish scheme-of-arrangement move to a US holdco — every holder exc

[-> SPINOFF_ORPHANS.json]

/Users/ajay/Library/Python/3.9/lib/python/site-packages/urllib3/__init__.py:35: NotOpenSSLWarning: urllib3 v2 only supports OpenSSL 1.1.1+, currently the 'ssl' module is compiled with 'LibreSSL 2.8.3'. See: https://github.com/urllib3/urllib3/issues/3020
  warnings.warn(

18 Failed downloads:
['OCTV', 'MFP', 'VGNT', 'CRGT', 'TRAX', 'HONA', 'ADIG', 'FDXF', 'VSNT', 'Q', 'AMFN', 'BSEM', 'RNA', 'NVRI', 'SUNB', 'PBAM', 'MBGL', 'SOLS']: YFRateLimitError('Too Many Requests. Rate limited. Try after a while.')

15 Failed downloads:
['CRGT', 'TRAX', 'HONA', 'ADIG', 'FDXF', 'VSNT', 'Q', 'AMFN', 'BSEM', 'RNA', 'NVRI', 'SUNB', 'PBAM', 'MBGL', 'SOLS']: YFRateLimitError('Too Many Requests. Rate limited. Try after a while.')

15 Failed downloads:
['CRGT', 'TRAX', 'HONA', 'ADIG', 'FDXF', 'VSNT', 'Q', 'AMFN', 'BSEM', 'RNA', 'NVRI', 'SUNB', 'PBAM', 'MBGL', 'SOLS']: YFRateLimitError('Too Many Requests. Rate limited. Try after a while.')

15 Failed downloads:
['CRGT', 'TRAX', 'HONA', 'ADIG', 'FDXF', 'VSNT', 'Q', 'AMFN', 'BSEM', 'RNA', 'NVRI', 'SUNB', 'PBAM', 'MBGL', 'SOLS']: YFRateLimitError('Too Many Requests. Rate limited. Try after a while.')
$CRGT: possibly delisted; no price data found  (period=2y) (Yahoo error = "No data found, symbol may be delisted")
$ADIG: possibly delisted; no price data found  (period=2y) (Yahoo error = "No data found, symbol may be delisted")

2 Failed downloads:
['CRGT', 'ADIG']: possibly delisted; no price data found  (period=2y) (Yahoo error = "No data found, symbol may be delisted")

===== 2026-08-04 01:31 (desk) =====
=== SPIN-OFF ORPHAN GENERATOR  2026-08-04  (23 10-12B registrants over 400d, 23 information statements parsed, 0 new, 23 tracked) ===

  ORPHAN COHORT — trading, forced-selling window still open (<= 90d):
  **MBGL   Mobility Global Inc.           ex-SPGI           dist 2026-07-01 (34d, LATE_WINDOW)
        FORCED_SELL_DOWNGRADE  parent=SP500 spinco=SP600  | BASING: first $21.19 -> trough $19.26 (-10.4%) -> $nan (+nan% off low)
    HONA   Honeywell Aerospace Inc.       ex-HON            dist 2026-06-29 (36d, LATE_WINDOW)
        FORCED_BUY_INVERTED  parent=SP500 spinco=SP500  | BASING: first $220.19 -> trough $195.87 (-20.7%) -> $nan (+nan% off low)
  **MFP    Midera Food Processing, Inc.   ex-MIDD           dist 2026-06-29 (36d, LATE_WINDOW)
        FORCED_SELL_DOWNGRADE  parent=SP400 spinco=SP600  | BASING: first $35.0 -> trough $35.0 (-12.5%) -> $nan (+nan% off low)
    FDXF   FedEx Freight Holding Company, ex-FDX            dist 2026-05-27 (69d, LATE_WINDOW)
        FORCED_BUY_INVERTED  parent=SP500 spinco=SP500  | DUMPING: first $151.0 -> trough $137.55 (-25.6%) -> $nan (+nan% off low)
    OCTV   Octave Intelligence plc        ex-HEXA           dist 2026-05-21 (75d, LATE_WINDOW)
        ORPHAN_UNINDEXED_PARENT  parent=NONE spinco=NONE  | BASING: first $21.96 -> trough $15.5 (-29.4%) -> $nan (+nan% off low)

  PIPELINE — registered, not yet distributed (read the information statement NOW):
    CRGT   Cortigent, Inc.                    ex-Vivani Medical, Inc    LATE_STAGE_REGISTRATION    2A last 2025-09-19
    ?      Electrified Materials Corp         ex-American Resources Cor REGISTERED                 1A last 2025-12-22
    ?      Vylor Inc.                         ex-Corteva                REGISTERED                 0A last 2026-06-29
    ADIG   ADI GLOBAL DISTRIBUTION INC.       ex-Resideo                LATE_STAGE_REGISTRATION    3A last 2026-07-01 WI:ADIG-WI  ** LEVERAGE-TO-PARENT (informed-seller tell)

  WINDOW CLOSED (6) — history, for backtesting the sub-cohorts:
    TRAX   First Tracks Biotherapeuti ORPHAN_UNINDEXED_PARENT 106d  BASING  tot nan%
    VGNT   Versigent Ltd              FORCED_SELL_DOWNGRADE  125d  NO_DUMP  tot nan%
    RNA    Atrium Therapeutics, Inc.  ORPHAN_UNINDEXED_PARENT 158d  DUMPING  tot nan%
    VSNT   Versant Media Group, Inc.  FORCED_SELL_DOWNGRADE  214d  BASING  tot nan%
    Q      Qnity Electronics, Inc.    FORCED_BUY_INVERTED    281d  BASING  tot nan%
    SOLS   Solstice Advanced Material FORCED_SELL_DOWNGRADE  288d  BASING  tot nan%

  REJECTED (not a spin-off orphan — 8):
    ?      ALEXANDER TECH CORP                <- not_a_spin (10-12B filed for an uplisting, shell or holdco registration, not a distribution; 'th
    BSEM   BioStem Technologies, Inc.         <- holdco_reorg / already_trading (price history starts 2024-08-05 — BEFORE the Form 10 (2026-07-24
    PBAM   Private Bancorp of America, Inc.   <- holdco_reorg / already_trading (price history starts 2024-08-07 — BEFORE the Form 10 (2026-07-13
    NVRI   Enviri II Corp                     <- holdco_reorg / already_trading (price history starts 2024-08-05 — BEFORE the Form 10 (2026-03-20
    ?      Kioni Holdings Ltd                 <- not_a_spin (10-12B filed for an uplisting, shell or holdco registration, not a distribution; 'th
    AMFN   Renewal Fuels, Inc.                <- holdco_reorg / already_trading (price history starts 2024-11-13 — BEFORE the Form 10 (2026-03-12
    ?      Biointra, Corp                     <- not_a_spin (10-12B filed for an uplisting, shell or holdco registration, not a distribution; 'th
    SUNB   Sunbelt Rentals Holdings, Inc.     <- redomiciliation_no_flow (a UK/Irish scheme-of-arrangement move to a US holdco — every holder exc

[-> SPINOFF_ORPHANS.json]

/Users/ajay/Library/Python/3.9/lib/python/site-packages/urllib3/__init__.py:35: NotOpenSSLWarning: urllib3 v2 only supports OpenSSL 1.1.1+, currently the 'ssl' module is compiled with 'LibreSSL 2.8.3'. See: https://github.com/urllib3/urllib3/issues/3020
  warnings.warn(
$ADIG: possibly delisted; no price data found  (period=2y) (Yahoo error = "No data found, symbol may be delisted")
$CRGT: possibly delisted; no price data found  (period=2y) (Yahoo error = "No data found, symbol may be delisted")

2 Failed downloads:
['ADIG', 'CRGT']: possibly delisted; no price data found  (period=2y) (Yahoo error = "No data found, symbol may be delisted")

===== 2026-08-05 02:36 (desk) =====
=== SPIN-OFF ORPHAN GENERATOR  2026-08-05  (23 10-12B registrants over 400d, 23 information statements parsed, 0 new, 23 tracked) ===

  ORPHAN COHORT — trading, forced-selling window still open (<= 90d):
  **ADIG   ADI GLOBAL DISTRIBUTION INC.   ex-REZI           dist 2026-08-03 (2d, FORCED_SELLING_ACTIVE)
        ORPHAN_NO_PLACEMENT  parent=SP600 spinco=NONE  | NO_DUMP: first $22.0 -> trough $22.0 (0.0%) -> $22.0 (+0.0% off low)
  **MBGL   Mobility Global Inc.           ex-SPGI           dist 2026-07-01 (35d, LATE_WINDOW)
        FORCED_SELL_DOWNGRADE  parent=SP500 spinco=SP600  | DUMP_THEN_BASE: first $21.19 -> trough $19.26 (-10.4%) -> $21.21 (+10.1% off low)
    HONA   Honeywell Aerospace Inc.       ex-HON            dist 2026-06-29 (37d, LATE_WINDOW)
        FORCED_BUY_INVERTED  parent=SP500 spinco=SP500  | DUMP_THEN_BASE: first $220.19 -> trough $195.87 (-20.7%) -> $216.48 (+10.5% off low)
  **MFP    Midera Food Processing, Inc.   ex-MIDD           dist 2026-06-29 (37d, LATE_WINDOW)
        FORCED_SELL_DOWNGRADE  parent=SP400 spinco=SP600  | DUMP_THEN_BASE: first $35.0 -> trough $35.0 (-12.5%) -> $47.29 (+35.1% off low)
    FDXF   FedEx Freight Holding Company, ex-FDX            dist 2026-05-27 (70d, LATE_WINDOW)
        FORCED_BUY_INVERTED  parent=SP500 spinco=SP500  | DUMPING: first $151.0 -> trough $137.55 (-25.6%) -> $142.7 (+3.7% off low)
    OCTV   Octave Intelligence plc        ex-HEXA           dist 2026-05-21 (76d, LATE_WINDOW)
        ORPHAN_UNINDEXED_PARENT  parent=NONE spinco=NONE  | DUMP_THEN_BASE: first $21.96 -> trough $15.5 (-29.4%) -> $19.65 (+26.8% off low)

  PIPELINE — registered, not yet distributed (read the information statement NOW):
    CRGT   Cortigent, Inc.                    ex-Vivani Medical, Inc    LATE_STAGE_REGISTRATION    2A last 2025-09-19
    ?      Electrified Materials Corp         ex-American Resources Cor REGISTERED                 1A last 2025-12-22
    ?      Vylor Inc.                         ex-Corteva                REGISTERED                 0A last 2026-06-29

  WINDOW CLOSED (6) — history, for backtesting the sub-cohorts:
    TRAX   First Tracks Biotherapeuti ORPHAN_UNINDEXED_PARENT 107d  DUMP_THEN_BASE  tot 147.4%
    VGNT   Versigent Ltd              FORCED_SELL_DOWNGRADE  126d  RIPPING  tot 64.5%
    RNA    Atrium Therapeutics, Inc.  ORPHAN_UNINDEXED_PARENT 159d  BASING  tot -21.8%
    VSNT   Versant Media Group, Inc.  FORCED_SELL_DOWNGRADE  215d  DUMP_THEN_BASE  tot -22.0%
    Q      Qnity Electronics, Inc.    FORCED_BUY_INVERTED    282d  DUMP_THEN_BASE  tot 48.7%
    SOLS   Solstice Advanced Material FORCED_SELL_DOWNGRADE  289d  DUMP_THEN_BASE  tot 31.2%

  REJECTED (not a spin-off orphan — 8):
    ?      ALEXANDER TECH CORP                <- not_a_spin (10-12B filed for an uplisting, shell or holdco registration, not a distribution; 'th
    BSEM   BioStem Technologies, Inc.         <- holdco_reorg / already_trading (price history starts 2024-08-05 — BEFORE the Form 10 (2026-07-24
    PBAM   Private Bancorp of America, Inc.   <- holdco_reorg / already_trading (price history starts 2024-08-07 — BEFORE the Form 10 (2026-07-13
    NVRI   Enviri II Corp                     <- holdco_reorg / already_trading (price history starts 2024-08-05 — BEFORE the Form 10 (2026-03-20
    ?      Kioni Holdings Ltd                 <- not_a_spin (10-12B filed for an uplisting, shell or holdco registration, not a distribution; 'th
    AMFN   Renewal Fuels, Inc.                <- holdco_reorg / already_trading (price history starts 2024-11-13 — BEFORE the Form 10 (2026-03-12
    ?      Biointra, Corp                     <- not_a_spin (10-12B filed for an uplisting, shell or holdco registration, not a distribution; 'th
    SUNB   Sunbelt Rentals Holdings, Inc.     <- redomiciliation_no_flow (a UK/Irish scheme-of-arrangement move to a US holdco — every holder exc

[-> SPINOFF_ORPHANS.json]

/Users/ajay/Library/Python/3.9/lib/python/site-packages/urllib3/__init__.py:35: NotOpenSSLWarning: urllib3 v2 only supports OpenSSL 1.1.1+, currently the 'ssl' module is compiled with 'LibreSSL 2.8.3'. See: https://github.com/urllib3/urllib3/issues/3020
  warnings.warn(

18 Failed downloads:
['RNA', 'MFP', 'NVRI', 'PBAM', 'TRAX', 'FDXF', 'MBGL', 'VSNT', 'AMFN', 'OCTV', 'SOLS', 'HONA', 'Q', 'CRGT', 'BSEM', 'ADIG', 'SUNB', 'VGNT']: YFRateLimitError('Too Many Requests. Rate limited. Try after a while.')

5 Failed downloads:
['CRGT', 'BSEM', 'ADIG', 'SUNB', 'VGNT']: YFRateLimitError('Too Many Requests. Rate limited. Try after a while.')
$CRGT: possibly delisted; no price data found  (period=2y) (Yahoo error = "No data found, symbol may be delisted")

1 Failed download:
['CRGT']: possibly delisted; no price data found  (period=2y) (Yahoo error = "No data found, symbol may be delisted")

===== 2026-08-06 03:30 (desk) =====
=== SPIN-OFF ORPHAN GENERATOR  2026-08-06  (23 10-12B registrants over 400d, 23 information statements parsed, 0 new, 23 tracked) ===

  ORPHAN COHORT — trading, forced-selling window still open (<= 90d):
  **ADIG   ADI GLOBAL DISTRIBUTION INC.   ex-REZI           dist 2026-08-03 (3d, FORCED_SELLING_ACTIVE)
        ORPHAN_NO_PLACEMENT  parent=SP600 spinco=NONE  | NO_DUMP: first $24.98 -> trough $24.98 (0.0%) -> $24.98 (+0.0% off low)
  **MBGL   Mobility Global Inc.           ex-SPGI           dist 2026-07-01 (36d, LATE_WINDOW)
        FORCED_SELL_DOWNGRADE  parent=SP500 spinco=SP600  | DUMP_THEN_BASE: first $21.19 -> trough $19.26 (-10.4%) -> $21.26 (+10.4% off low)
    HONA   Honeywell Aerospace Inc.       ex-HON            dist 2026-06-29 (38d, LATE_WINDOW)
        FORCED_BUY_INVERTED  parent=SP500 spinco=SP500  | BASING: first $220.19 -> trough $195.87 (-20.7%) -> $203.64 (+4.0% off low)
  **MFP    Midera Food Processing, Inc.   ex-MIDD           dist 2026-06-29 (38d, LATE_WINDOW)
        FORCED_SELL_DOWNGRADE  parent=SP400 spinco=SP600  | DUMP_THEN_BASE: first $35.0 -> trough $35.0 (-12.5%) -> $46.67 (+33.3% off low)
    FDXF   FedEx Freight Holding Company, ex-FDX            dist 2026-05-27 (71d, LATE_WINDOW)
        FORCED_BUY_INVERTED  parent=SP500 spinco=SP500  | BASING: first $151.0 -> trough $137.55 (-25.6%) -> $143.03 (+4.0% off low)
    OCTV   Octave Intelligence plc        ex-HEXA           dist 2026-05-21 (77d, LATE_WINDOW)
        ORPHAN_UNINDEXED_PARENT  parent=NONE spinco=NONE  | DUMP_THEN_BASE: first $21.96 -> trough $15.5 (-29.4%) -> $19.59 (+26.4% off low)

  PIPELINE — registered, not yet distributed (read the information statement NOW):
    CRGT   Cortigent, Inc.                    ex-Vivani Medical, Inc    LATE_STAGE_REGISTRATION    2A last 2025-09-19
    ?      Electrified Materials Corp         ex-American Resources Cor REGISTERED                 1A last 2025-12-22
    ?      Vylor Inc.                         ex-Corteva                REGISTERED                 0A last 2026-06-29

  WINDOW CLOSED (6) — history, for backtesting the sub-cohorts:
    TRAX   First Tracks Biotherapeuti ORPHAN_UNINDEXED_PARENT 108d  DUMP_THEN_BASE  tot 152.4%
    VGNT   Versigent Ltd              FORCED_SELL_DOWNGRADE  127d  RIPPING  tot 61.7%
    RNA    Atrium Therapeutics, Inc.  ORPHAN_UNINDEXED_PARENT 160d  DUMP_THEN_BASE  tot -20.4%
    VSNT   Versant Media Group, Inc.  FORCED_SELL_DOWNGRADE  216d  DUMP_THEN_BASE  tot -23.3%
    Q      Qnity Electronics, Inc.    FORCED_BUY_INVERTED    283d  DUMP_THEN_BASE  tot 42.3%
    SOLS   Solstice Advanced Material FORCED_SELL_DOWNGRADE  290d  DUMP_THEN_BASE  tot 29.1%

  REJECTED (not a spin-off orphan — 8):
    ?      ALEXANDER TECH CORP                <- not_a_spin (10-12B filed for an uplisting, shell or holdco registration, not a distribution; 'th
    BSEM   BioStem Technologies, Inc.         <- holdco_reorg / already_trading (price history starts 2024-08-06 — BEFORE the Form 10 (2026-07-24
    PBAM   Private Bancorp of America, Inc.   <- holdco_reorg / already_trading (price history starts 2024-08-07 — BEFORE the Form 10 (2026-07-13
    NVRI   Enviri II Corp                     <- holdco_reorg / already_trading (price history starts 2024-08-06 — BEFORE the Form 10 (2026-03-20
    ?      Kioni Holdings Ltd                 <- not_a_spin (10-12B filed for an uplisting, shell or holdco registration, not a distribution; 'th
    AMFN   Renewal Fuels, Inc.                <- holdco_reorg / already_trading (price history starts 2024-11-13 — BEFORE the Form 10 (2026-03-12
    ?      Biointra, Corp                     <- not_a_spin (10-12B filed for an uplisting, shell or holdco registration, not a distribution; 'th
    SUNB   Sunbelt Rentals Holdings, Inc.     <- redomiciliation_no_flow (a UK/Irish scheme-of-arrangement move to a US holdco — every holder exc

[-> SPINOFF_ORPHANS.json]

/Users/ajay/Library/Python/3.9/lib/python/site-packages/urllib3/__init__.py:35: NotOpenSSLWarning: urllib3 v2 only supports OpenSSL 1.1.1+, currently the 'ssl' module is compiled with 'LibreSSL 2.8.3'. See: https://github.com/urllib3/urllib3/issues/3020
  warnings.warn(
$CRGT: possibly delisted; no price data found  (period=2y) (Yahoo error = "No data found, symbol may be delisted")

1 Failed download:
['CRGT']: possibly delisted; no price data found  (period=2y) (Yahoo error = "No data found, symbol may be delisted")

===== 2026-08-07 03:30 (desk) =====
=== SPIN-OFF ORPHAN GENERATOR  2026-08-07  (23 10-12B registrants over 400d, 23 information statements parsed, 0 new, 23 tracked) ===

  ORPHAN COHORT — trading, forced-selling window still open (<= 90d):
  **ADIG   ADI GLOBAL DISTRIBUTION INC.   ex-REZI           dist 2026-08-03 (4d, FORCED_SELLING_ACTIVE)
        ORPHAN_NO_PLACEMENT  parent=SP600 spinco=NONE  | DUMPING: first $22.06 -> trough $22.0 (-16.3%) -> $26.3 (+19.5% off low)
  **MBGL   Mobility Global Inc.           ex-SPGI           dist 2026-07-01 (37d, LATE_WINDOW)
        FORCED_SELL_DOWNGRADE  parent=SP500 spinco=SP600  | DUMP_THEN_BASE: first $21.19 -> trough $19.26 (-10.4%) -> $20.73 (+7.6% off low)
    HONA   Honeywell Aerospace Inc.       ex-HON            dist 2026-06-29 (39d, LATE_WINDOW)
        FORCED_BUY_INVERTED  parent=SP500 spinco=SP500  | DUMPING: first $220.19 -> trough $156.47 (-36.7%) -> $156.47 (+0.0% off low)
  **MFP    Midera Food Processing, Inc.   ex-MIDD           dist 2026-06-29 (39d, LATE_WINDOW)
        FORCED_SELL_DOWNGRADE  parent=SP400 spinco=SP600  | DUMP_THEN_BASE: first $35.0 -> trough $35.0 (-12.5%) -> $46.71 (+33.5% off low)
    FDXF   FedEx Freight Holding Company, ex-FDX            dist 2026-05-27 (72d, LATE_WINDOW)
        FORCED_BUY_INVERTED  parent=SP500 spinco=SP500  | DUMP_THEN_BASE: first $151.0 -> trough $137.55 (-25.6%) -> $146.42 (+6.4% off low)
    OCTV   Octave Intelligence plc        ex-HEXA           dist 2026-05-21 (78d, LATE_WINDOW)
        ORPHAN_UNINDEXED_PARENT  parent=NONE spinco=NONE  | DUMP_THEN_BASE: first $21.96 -> trough $15.5 (-29.4%) -> $19.42 (+25.3% off low)

  PIPELINE — registered, not yet distributed (read the information statement NOW):
    CRGT   Cortigent, Inc.                    ex-Vivani Medical, Inc    LATE_STAGE_REGISTRATION    2A last 2025-09-19
    ?      Electrified Materials Corp         ex-American Resources Cor REGISTERED                 1A last 2025-12-22
    ?      Vylor Inc.                         ex-Corteva                REGISTERED                 0A last 2026-06-29

  WINDOW CLOSED (6) — history, for backtesting the sub-cohorts:
    TRAX   First Tracks Biotherapeuti ORPHAN_UNINDEXED_PARENT 109d  DUMP_THEN_BASE  tot 143.6%
    VGNT   Versigent Ltd              FORCED_SELL_DOWNGRADE  128d  RIPPING  tot 53.8%
    RNA    Atrium Therapeutics, Inc.  ORPHAN_UNINDEXED_PARENT 161d  DUMP_THEN_BASE  tot -17.9%
    VSNT   Versant Media Group, Inc.  FORCED_SELL_DOWNGRADE  217d  DUMP_THEN_BASE  tot -18.1%
    Q      Qnity Electronics, Inc.    FORCED_BUY_INVERTED    284d  DUMP_THEN_BASE  tot 39.9%
    SOLS   Solstice Advanced Material FORCED_SELL_DOWNGRADE  291d  DUMP_THEN_BASE  tot 28.5%

  REJECTED (not a spin-off orphan — 8):
    ?      ALEXANDER TECH CORP                <- not_a_spin (10-12B filed for an uplisting, shell or holdco registration, not a distribution; 'th
    BSEM   BioStem Technologies, Inc.         <- holdco_reorg / already_trading (price history starts 2024-08-07 — BEFORE the Form 10 (2026-07-24
    PBAM   Private Bancorp of America, Inc.   <- holdco_reorg / already_trading (price history starts 2024-08-07 — BEFORE the Form 10 (2026-07-13
    NVRI   Enviri II Corp                     <- holdco_reorg / already_trading (price history starts 2024-08-07 — BEFORE the Form 10 (2026-03-20
    ?      Kioni Holdings Ltd                 <- not_a_spin (10-12B filed for an uplisting, shell or holdco registration, not a distribution; 'th
    AMFN   Renewal Fuels, Inc.                <- holdco_reorg / already_trading (price history starts 2024-11-13 — BEFORE the Form 10 (2026-03-12
    ?      Biointra, Corp                     <- not_a_spin (10-12B filed for an uplisting, shell or holdco registration, not a distribution; 'th
    SUNB   Sunbelt Rentals Holdings, Inc.     <- redomiciliation_no_flow (a UK/Irish scheme-of-arrangement move to a US holdco — every holder exc

[-> SPINOFF_ORPHANS.json]

/Users/ajay/Library/Python/3.9/lib/python/site-packages/urllib3/__init__.py:35: NotOpenSSLWarning: urllib3 v2 only supports OpenSSL 1.1.1+, currently the 'ssl' module is compiled with 'LibreSSL 2.8.3'. See: https://github.com/urllib3/urllib3/issues/3020
  warnings.warn(
$CRGT: possibly delisted; no price data found  (period=2y) (Yahoo error = "No data found, symbol may be delisted")

1 Failed download:
['CRGT']: possibly delisted; no price data found  (period=2y) (Yahoo error = "No data found, symbol may be delisted")

===== 2026-08-10 00:39 (desk) =====
=== SPIN-OFF ORPHAN GENERATOR  2026-08-10  (23 10-12B registrants over 400d, 23 information statements parsed, 0 new, 23 tracked) ===

  ORPHAN COHORT — trading, forced-selling window still open (<= 90d):
  **ADIG   ADI GLOBAL DISTRIBUTION INC.   ex-REZI           dist 2026-08-03 (7d, FORCED_SELLING_ACTIVE)
        ORPHAN_NO_PLACEMENT  parent=SP600 spinco=NONE  | DUMPING: first $22.06 -> trough $22.0 (-18.6%) -> $27.03 (+22.9% off low)
  **MBGL   Mobility Global Inc.           ex-SPGI           dist 2026-07-01 (40d, LATE_WINDOW)
        FORCED_SELL_DOWNGRADE  parent=SP500 spinco=SP600  | BASING: first $21.19 -> trough $19.26 (-10.4%) -> $19.7 (+2.3% off low)
    HONA   Honeywell Aerospace Inc.       ex-HON            dist 2026-06-29 (42d, LATE_WINDOW)
        FORCED_BUY_INVERTED  parent=SP500 spinco=SP500  | DUMPING: first $220.19 -> trough $156.47 (-36.7%) -> $168.51 (+7.7% off low)
  **MFP    Midera Food Processing, Inc.   ex-MIDD           dist 2026-06-29 (42d, LATE_WINDOW)
        FORCED_SELL_DOWNGRADE  parent=SP400 spinco=SP600  | DUMP_THEN_BASE: first $35.0 -> trough $35.0 (-12.5%) -> $45.92 (+31.2% off low)
    FDXF   FedEx Freight Holding Company, ex-FDX            dist 2026-05-27 (75d, LATE_WINDOW)
        FORCED_BUY_INVERTED  parent=SP500 spinco=SP500  | DUMP_THEN_BASE: first $151.0 -> trough $137.55 (-25.6%) -> $144.76 (+5.2% off low)
    OCTV   Octave Intelligence plc        ex-HEXA           dist 2026-05-21 (81d, LATE_WINDOW)
        ORPHAN_UNINDEXED_PARENT  parent=NONE spinco=NONE  | DUMP_THEN_BASE: first $21.96 -> trough $15.5 (-29.4%) -> $19.68 (+27.0% off low)

  PIPELINE — registered, not yet distributed (read the information statement NOW):
    CRGT   Cortigent, Inc.                    ex-Vivani Medical, Inc    LATE_STAGE_REGISTRATION    2A last 2025-09-19
    ?      Electrified Materials Corp         ex-American Resources Cor REGISTERED                 1A last 2025-12-22
    ?      Vylor Inc.                         ex-Corteva                REGISTERED                 0A last 2026-06-29

  WINDOW CLOSED (6) — history, for backtesting the sub-cohorts:
    TRAX   First Tracks Biotherapeuti ORPHAN_UNINDEXED_PARENT 112d  DUMP_THEN_BASE  tot 143.7%
    VGNT   Versigent Ltd              FORCED_SELL_DOWNGRADE  131d  RIPPING  tot 58.3%
    RNA    Atrium Therapeutics, Inc.  ORPHAN_UNINDEXED_PARENT 164d  DUMP_THEN_BASE  tot -16.3%
    VSNT   Versant Media Group, Inc.  FORCED_SELL_DOWNGRADE  220d  DUMP_THEN_BASE  tot -17.1%
    Q      Qnity Electronics, Inc.    FORCED_BUY_INVERTED    287d  DUMP_THEN_BASE  tot 44.8%
    SOLS   Solstice Advanced Material FORCED_SELL_DOWNGRADE  294d  DUMP_THEN_BASE  tot 26.0%

  REJECTED (not a spin-off orphan — 8):
    ?      ALEXANDER TECH CORP                <- not_a_spin (10-12B filed for an uplisting, shell or holdco registration, not a distribution; 'th
    BSEM   BioStem Technologies, Inc.         <- holdco_reorg / already_trading (price history starts 2024-08-08 — BEFORE the Form 10 (2026-07-24
    PBAM   Private Bancorp of America, Inc.   <- holdco_reorg / already_trading (price history starts 2024-08-08 — BEFORE the Form 10 (2026-07-13
    NVRI   Enviri II Corp                     <- holdco_reorg / already_trading (price history starts 2024-08-08 — BEFORE the Form 10 (2026-03-20
    ?      Kioni Holdings Ltd                 <- not_a_spin (10-12B filed for an uplisting, shell or holdco registration, not a distribution; 'th
    AMFN   Renewal Fuels, Inc.                <- holdco_reorg / already_trading (price history starts 2024-11-13 — BEFORE the Form 10 (2026-03-12
    ?      Biointra, Corp                     <- not_a_spin (10-12B filed for an uplisting, shell or holdco registration, not a distribution; 'th
    SUNB   Sunbelt Rentals Holdings, Inc.     <- redomiciliation_no_flow (a UK/Irish scheme-of-arrangement move to a US holdco — every holder exc

[-> SPINOFF_ORPHANS.json]

/Users/ajay/Library/Python/3.9/lib/python/site-packages/urllib3/__init__.py:35: NotOpenSSLWarning: urllib3 v2 only supports OpenSSL 1.1.1+, currently the 'ssl' module is compiled with 'LibreSSL 2.8.3'. See: https://github.com/urllib3/urllib3/issues/3020
  warnings.warn(

18 Failed downloads:
['FDXF', 'MBGL', 'MFP', 'VGNT', 'PBAM', 'CRGT', 'AMFN', 'Q', 'SOLS', 'RNA', 'OCTV', 'SUNB', 'VSNT', 'BSEM', 'HONA', 'ADIG', 'NVRI', 'TRAX']: YFRateLimitError('Too Many Requests. Rate limited. Try after a while.')

13 Failed downloads:
['CRGT', 'AMFN', 'Q', 'SOLS', 'RNA', 'OCTV', 'SUNB', 'VSNT', 'BSEM', 'HONA', 'ADIG', 'NVRI', 'TRAX']: YFRateLimitError('Too Many Requests. Rate limited. Try after a while.')

13 Failed downloads:
['CRGT', 'AMFN', 'Q', 'SOLS', 'RNA', 'OCTV', 'SUNB', 'VSNT', 'BSEM', 'HONA', 'ADIG', 'NVRI', 'TRAX']: YFRateLimitError('Too Many Requests. Rate limited. Try after a while.')
$CRGT: possibly delisted; no price data found  (period=2y) (Yahoo error = "No data found, symbol may be delisted")

1 Failed download:
['CRGT']: possibly delisted; no price data found  (period=2y) (Yahoo error = "No data found, symbol may be delisted")

===== 2026-08-11 01:36 (desk) =====
=== SPIN-OFF ORPHAN GENERATOR  2026-08-11  (23 10-12B registrants over 400d, 23 information statements parsed, 0 new, 23 tracked) ===

  ORPHAN COHORT — trading, forced-selling window still open (<= 90d):
  **ADIG   ADI GLOBAL DISTRIBUTION INC.   ex-REZI           dist 2026-08-03 (8d, FORCED_SELLING_ACTIVE)
        ORPHAN_NO_PLACEMENT  parent=SP600 spinco=NONE  | DUMP_THEN_BASE: first $22.06 -> trough $22.0 (-18.6%) -> $28.27 (+28.5% off low)
  **MBGL   Mobility Global Inc.           ex-SPGI           dist 2026-07-01 (41d, LATE_WINDOW)
        FORCED_SELL_DOWNGRADE  parent=SP500 spinco=SP600  | DUMPING: first $21.19 -> trough $19.0 (-11.6%) -> $19.0 (+0.0% off low)
    HONA   Honeywell Aerospace Inc.       ex-HON            dist 2026-06-29 (43d, LATE_WINDOW)
        FORCED_BUY_INVERTED  parent=SP500 spinco=SP500  | DUMPING: first $220.19 -> trough $156.47 (-36.7%) -> $163.09 (+4.2% off low)
  **MFP    Midera Food Processing, Inc.   ex-MIDD           dist 2026-06-29 (43d, LATE_WINDOW)
        FORCED_SELL_DOWNGRADE  parent=SP400 spinco=SP600  | DUMP_THEN_BASE: first $35.0 -> trough $35.0 (-12.5%) -> $44.82 (+28.1% off low)
    FDXF   FedEx Freight Holding Company, ex-FDX            dist 2026-05-27 (76d, LATE_WINDOW)
        FORCED_BUY_INVERTED  parent=SP500 spinco=SP500  | BASING: first $151.0 -> trough $137.55 (-25.6%) -> $141.35 (+2.8% off low)
    OCTV   Octave Intelligence plc        ex-HEXA           dist 2026-05-21 (82d, LATE_WINDOW)
        ORPHAN_UNINDEXED_PARENT  parent=NONE spinco=NONE  | DUMP_THEN_BASE: first $21.96 -> trough $15.5 (-29.4%) -> $19.43 (+25.4% off low)

  PIPELINE — registered, not yet distributed (read the information statement NOW):
    CRGT   Cortigent, Inc.                    ex-Vivani Medical, Inc    LATE_STAGE_REGISTRATION    2A last 2025-09-19
    ?      Electrified Materials Corp         ex-American Resources Cor REGISTERED                 1A last 2025-12-22
    ?      Vylor Inc.                         ex-Corteva                REGISTERED                 0A last 2026-06-29

  WINDOW CLOSED (6) — history, for backtesting the sub-cohorts:
    TRAX   First Tracks Biotherapeuti ORPHAN_UNINDEXED_PARENT 113d  DUMP_THEN_BASE  tot 157.6%
    VGNT   Versigent Ltd              FORCED_SELL_DOWNGRADE  132d  RIPPING  tot 58.2%
    RNA    Atrium Therapeutics, Inc.  ORPHAN_UNINDEXED_PARENT 165d  DUMP_THEN_BASE  tot -17.0%
    VSNT   Versant Media Group, Inc.  FORCED_SELL_DOWNGRADE  221d  DUMP_THEN_BASE  tot -21.2%
    Q      Qnity Electronics, Inc.    FORCED_BUY_INVERTED    288d  DUMP_THEN_BASE  tot 41.0%
    SOLS   Solstice Advanced Material FORCED_SELL_DOWNGRADE  295d  DUMP_THEN_BASE  tot 24.6%

  REJECTED (not a spin-off orphan — 8):
    ?      ALEXANDER TECH CORP                <- not_a_spin (10-12B filed for an uplisting, shell or holdco registration, not a distribution; 'th
    BSEM   BioStem Technologies, Inc.         <- holdco_reorg / already_trading (price history starts 2024-08-12 — BEFORE the Form 10 (2026-07-24
    PBAM   Private Bancorp of America, Inc.   <- holdco_reorg / already_trading (price history starts 2024-08-13 — BEFORE the Form 10 (2026-07-13
    NVRI   Enviri II Corp                     <- holdco_reorg / already_trading (price history starts 2024-08-12 — BEFORE the Form 10 (2026-03-20
    ?      Kioni Holdings Ltd                 <- not_a_spin (10-12B filed for an uplisting, shell or holdco registration, not a distribution; 'th
    AMFN   Renewal Fuels, Inc.                <- holdco_reorg / already_trading (price history starts 2024-11-13 — BEFORE the Form 10 (2026-03-12
    ?      Biointra, Corp                     <- not_a_spin (10-12B filed for an uplisting, shell or holdco registration, not a distribution; 'th
    SUNB   Sunbelt Rentals Holdings, Inc.     <- redomiciliation_no_flow (a UK/Irish scheme-of-arrangement move to a US holdco — every holder exc

[-> SPINOFF_ORPHANS.json]

/Users/ajay/Library/Python/3.9/lib/python/site-packages/urllib3/__init__.py:35: NotOpenSSLWarning: urllib3 v2 only supports OpenSSL 1.1.1+, currently the 'ssl' module is compiled with 'LibreSSL 2.8.3'. See: https://github.com/urllib3/urllib3/issues/3020
  warnings.warn(
$CRGT: possibly delisted; no price data found  (period=2y) (Yahoo error = "No data found, symbol may be delisted")

1 Failed download:
['CRGT']: possibly delisted; no price data found  (period=2y) (Yahoo error = "No data found, symbol may be delisted")

===== 2026-08-12 07:40 (desk) =====
=== SPIN-OFF ORPHAN GENERATOR  2026-08-12  (23 10-12B registrants over 400d, 23 information statements parsed, 0 new, 23 tracked) ===

  ORPHAN COHORT — trading, forced-selling window still open (<= 90d):
  **ADIG   ADI GLOBAL DISTRIBUTION INC.   ex-REZI           dist 2026-08-03 (9d, FORCED_SELLING_ACTIVE)
        ORPHAN_NO_PLACEMENT  parent=SP600 spinco=NONE  | DUMP_THEN_BASE: first $22.06 -> trough $22.0 (-18.6%) -> $27.45 (+24.8% off low)
  **MBGL   Mobility Global Inc.           ex-SPGI           dist 2026-07-01 (42d, LATE_WINDOW)
        FORCED_SELL_DOWNGRADE  parent=SP500 spinco=SP600  | DUMPING: first $21.19 -> trough $19.0 (-11.6%) -> $19.41 (+2.1% off low)
    HONA   Honeywell Aerospace Inc.       ex-HON            dist 2026-06-29 (44d, LATE_WINDOW)
        FORCED_BUY_INVERTED  parent=SP500 spinco=SP500  | DUMP_THEN_BASE: first $220.19 -> trough $156.47 (-36.7%) -> $171.87 (+9.8% off low)
  **MFP    Midera Food Processing, Inc.   ex-MIDD           dist 2026-06-29 (44d, LATE_WINDOW)
        FORCED_SELL_DOWNGRADE  parent=SP400 spinco=SP600  | DUMP_THEN_BASE: first $35.0 -> trough $35.0 (-12.5%) -> $45.33 (+29.5% off low)
    FDXF   FedEx Freight Holding Company, ex-FDX            dist 2026-05-27 (77d, LATE_WINDOW)
        FORCED_BUY_INVERTED  parent=SP500 spinco=SP500  | BASING: first $151.0 -> trough $137.55 (-25.6%) -> $139.39 (+1.3% off low)
    OCTV   Octave Intelligence plc        ex-HEXA           dist 2026-05-21 (83d, LATE_WINDOW)
        ORPHAN_UNINDEXED_PARENT  parent=NONE spinco=NONE  | DUMP_THEN_BASE: first $21.96 -> trough $15.5 (-29.4%) -> $18.49 (+19.3% off low)

  PIPELINE — registered, not yet distributed (read the information statement NOW):
    CRGT   Cortigent, Inc.                    ex-Vivani Medical, Inc    LATE_STAGE_REGISTRATION    2A last 2025-09-19
    ?      Electrified Materials Corp         ex-American Resources Cor REGISTERED                 1A last 2025-12-22
    ?      Vylor Inc.                         ex-Corteva                REGISTERED                 0A last 2026-06-29

  WINDOW CLOSED (6) — history, for backtesting the sub-cohorts:
    TRAX   First Tracks Biotherapeuti ORPHAN_UNINDEXED_PARENT 114d  DUMP_THEN_BASE  tot 157.1%
    VGNT   Versigent Ltd              FORCED_SELL_DOWNGRADE  133d  RIPPING  tot 64.3%
    RNA    Atrium Therapeutics, Inc.  ORPHAN_UNINDEXED_PARENT 166d  DUMP_THEN_BASE  tot -17.7%
    VSNT   Versant Media Group, Inc.  FORCED_SELL_DOWNGRADE  222d  DUMP_THEN_BASE  tot -21.2%
    Q      Qnity Electronics, Inc.    FORCED_BUY_INVERTED    289d  DUMP_THEN_BASE  tot 48.7%
    SOLS   Solstice Advanced Material FORCED_SELL_DOWNGRADE  296d  DUMP_THEN_BASE  tot 27.4%

  REJECTED (not a spin-off orphan — 8):
    ?      ALEXANDER TECH CORP                <- not_a_spin (10-12B filed for an uplisting, shell or holdco registration, not a distribution; 'th
    BSEM   BioStem Technologies, Inc.         <- holdco_reorg / already_trading (price history starts 2024-08-12 — BEFORE the Form 10 (2026-07-24
    PBAM   Private Bancorp of America, Inc.   <- holdco_reorg / already_trading (price history starts 2024-08-13 — BEFORE the Form 10 (2026-07-13
    NVRI   Enviri II Corp                     <- holdco_reorg / already_trading (price history starts 2024-08-12 — BEFORE the Form 10 (2026-03-20
    ?      Kioni Holdings Ltd                 <- not_a_spin (10-12B filed for an uplisting, shell or holdco registration, not a distribution; 'th
    AMFN   Renewal Fuels, Inc.                <- holdco_reorg / already_trading (price history starts 2024-11-13 — BEFORE the Form 10 (2026-03-12
    ?      Biointra, Corp                     <- not_a_spin (10-12B filed for an uplisting, shell or holdco registration, not a distribution; 'th
    SUNB   Sunbelt Rentals Holdings, Inc.     <- redomiciliation_no_flow (a UK/Irish scheme-of-arrangement move to a US holdco — every holder exc

[-> SPINOFF_ORPHANS.json]

/Users/ajay/Library/Python/3.9/lib/python/site-packages/urllib3/__init__.py:35: NotOpenSSLWarning: urllib3 v2 only supports OpenSSL 1.1.1+, currently the 'ssl' module is compiled with 'LibreSSL 2.8.3'. See: https://github.com/urllib3/urllib3/issues/3020
  warnings.warn(
$CRGT: possibly delisted; no price data found  (period=2y) (Yahoo error = "No data found, symbol may be delisted")

1 Failed download:
['CRGT']: possibly delisted; no price data found  (period=2y) (Yahoo error = "No data found, symbol may be delisted")

===== 2026-08-13 08:56 (desk) =====
=== SPIN-OFF ORPHAN GENERATOR  2026-08-13  (23 10-12B registrants over 400d, 23 information statements parsed, 0 new, 23 tracked) ===

  ORPHAN COHORT — trading, forced-selling window still open (<= 90d):
  **ADIG   ADI GLOBAL DISTRIBUTION INC.   ex-REZI           dist 2026-08-03 (10d, FORCED_SELLING_ACTIVE)
        ORPHAN_NO_PLACEMENT  parent=SP600 spinco=NONE  | DUMP_THEN_BASE: first $22.06 -> trough $22.0 (-18.6%) -> $25.09 (+14.0% off low)
  **MBGL   Mobility Global Inc.           ex-SPGI           dist 2026-07-01 (43d, LATE_WINDOW)
        FORCED_SELL_DOWNGRADE  parent=SP500 spinco=SP600  | DUMPING: first $21.19 -> trough $19.0 (-11.6%) -> $19.59 (+3.1% off low)
    HONA   Honeywell Aerospace Inc.       ex-HON            dist 2026-06-29 (45d, LATE_WINDOW)
        FORCED_BUY_INVERTED  parent=SP500 spinco=SP500  | DUMP_THEN_BASE: first $220.19 -> trough $156.47 (-36.7%) -> $165.95 (+6.1% off low)
  **MFP    Midera Food Processing, Inc.   ex-MIDD           dist 2026-06-29 (45d, LATE_WINDOW)
        FORCED_SELL_DOWNGRADE  parent=SP400 spinco=SP600  | DUMP_THEN_BASE: first $35.0 -> trough $35.0 (-12.5%) -> $43.06 (+23.0% off low)
    FDXF   FedEx Freight Holding Company, ex-FDX            dist 2026-05-27 (78d, LATE_WINDOW)
        FORCED_BUY_INVERTED  parent=SP500 spinco=SP500  | DUMP_THEN_BASE: first $151.0 -> trough $137.55 (-25.6%) -> $143.74 (+4.5% off low)
    OCTV   Octave Intelligence plc        ex-HEXA           dist 2026-05-21 (84d, LATE_WINDOW)
        ORPHAN_UNINDEXED_PARENT  parent=NONE spinco=NONE  | DUMP_THEN_BASE: first $21.96 -> trough $15.5 (-29.4%) -> $18.07 (+16.6% off low)

  PIPELINE — registered, not yet distributed (read the information statement NOW):
    CRGT   Cortigent, Inc.                    ex-Vivani Medical, Inc    LATE_STAGE_REGISTRATION    2A last 2025-09-19
    ?      Electrified Materials Corp         ex-American Resources Cor REGISTERED                 1A last 2025-12-22
    ?      Vylor Inc.                         ex-Corteva                REGISTERED                 0A last 2026-06-29

  WINDOW CLOSED (6) — history, for backtesting the sub-cohorts:
    TRAX   First Tracks Biotherapeuti ORPHAN_UNINDEXED_PARENT 115d  DUMP_THEN_BASE  tot 138.2%
    VGNT   Versigent Ltd              FORCED_SELL_DOWNGRADE  134d  RIPPING  tot 61.7%
    RNA    Atrium Therapeutics, Inc.  ORPHAN_UNINDEXED_PARENT 167d  DUMP_THEN_BASE  tot -17.3%
    VSNT   Versant Media Group, Inc.  FORCED_SELL_DOWNGRADE  223d  DUMP_THEN_BASE  tot -17.9%
    Q      Qnity Electronics, Inc.    FORCED_BUY_INVERTED    290d  DUMP_THEN_BASE  tot 51.7%
    SOLS   Solstice Advanced Material FORCED_SELL_DOWNGRADE  297d  DUMP_THEN_BASE  tot 28.5%

  REJECTED (not a spin-off orphan — 8):
    ?      ALEXANDER TECH CORP                <- not_a_spin (10-12B filed for an uplisting, shell or holdco registration, not a distribution; 'th
    BSEM   BioStem Technologies, Inc.         <- holdco_reorg / already_trading (price history starts 2024-08-13 — BEFORE the Form 10 (2026-07-24
    PBAM   Private Bancorp of America, Inc.   <- holdco_reorg / already_trading (price history starts 2024-08-13 — BEFORE the Form 10 (2026-07-13
    NVRI   Enviri II Corp                     <- holdco_reorg / already_trading (price history starts 2024-08-13 — BEFORE the Form 10 (2026-03-20
    ?      Kioni Holdings Ltd                 <- not_a_spin (10-12B filed for an uplisting, shell or holdco registration, not a distribution; 'th
    AMFN   Renewal Fuels, Inc.                <- holdco_reorg / already_trading (price history starts 2024-11-13 — BEFORE the Form 10 (2026-03-12
    ?      Biointra, Corp                     <- not_a_spin (10-12B filed for an uplisting, shell or holdco registration, not a distribution; 'th
    SUNB   Sunbelt Rentals Holdings, Inc.     <- redomiciliation_no_flow (a UK/Irish scheme-of-arrangement move to a US holdco — every holder exc

[-> SPINOFF_ORPHANS.json]

/Users/ajay/Library/Python/3.9/lib/python/site-packages/urllib3/__init__.py:35: NotOpenSSLWarning: urllib3 v2 only supports OpenSSL 1.1.1+, currently the 'ssl' module is compiled with 'LibreSSL 2.8.3'. See: https://github.com/urllib3/urllib3/issues/3020
  warnings.warn(

18 Failed downloads:
['ADIG', 'VGNT', 'HONA', 'MFP', 'MBGL', 'CRGT', 'AMFN', 'RNA', 'SUNB', 'NVRI', 'OCTV', 'TRAX', 'VSNT', 'SOLS', 'PBAM', 'BSEM', 'Q', 'FDXF']: YFRateLimitError('Too Many Requests. Rate limited. Try after a while.')

13 Failed downloads:
['CRGT', 'AMFN', 'RNA', 'SUNB', 'NVRI', 'OCTV', 'TRAX', 'VSNT', 'SOLS', 'PBAM', 'BSEM', 'Q', 'FDXF']: YFRateLimitError('Too Many Requests. Rate limited. Try after a while.')
$CRGT: possibly delisted; no price data found  (period=2y) (Yahoo error = "No data found, symbol may be delisted")

1 Failed download:
['CRGT']: possibly delisted; no price data found  (period=2y) (Yahoo error = "No data found, symbol may be delisted")

===== 2026-08-14 09:42 (desk) =====
=== SPIN-OFF ORPHAN GENERATOR  2026-08-14  (23 10-12B registrants over 400d, 23 information statements parsed, 0 new, 23 tracked) ===

  ORPHAN COHORT — trading, forced-selling window still open (<= 90d):
  **ADIG   ADI GLOBAL DISTRIBUTION INC.   ex-REZI           dist 2026-08-03 (11d, FORCED_SELLING_ACTIVE)
        ORPHAN_NO_PLACEMENT  parent=SP600 spinco=NONE  | BASING: first $22.06 -> trough $22.0 (-18.6%) -> $22.47 (+2.1% off low)
  **MBGL   Mobility Global Inc.           ex-SPGI           dist 2026-07-01 (44d, LATE_WINDOW)
        FORCED_SELL_DOWNGRADE  parent=SP500 spinco=SP600  | DUMPING: first $21.19 -> trough $19.0 (-11.6%) -> $20.07 (+5.6% off low)
    HONA   Honeywell Aerospace Inc.       ex-HON            dist 2026-06-29 (46d, LATE_WINDOW)
        FORCED_BUY_INVERTED  parent=SP500 spinco=SP500  | DUMP_THEN_BASE: first $220.19 -> trough $156.47 (-36.7%) -> $166.13 (+6.2% off low)
  **MFP    Midera Food Processing, Inc.   ex-MIDD           dist 2026-06-29 (46d, LATE_WINDOW)
        FORCED_SELL_DOWNGRADE  parent=SP400 spinco=SP600  | DUMP_THEN_BASE: first $35.0 -> trough $35.0 (-12.5%) -> $45.53 (+30.1% off low)
    FDXF   FedEx Freight Holding Company, ex-FDX            dist 2026-05-27 (79d, LATE_WINDOW)
        FORCED_BUY_INVERTED  parent=SP500 spinco=SP500  | DUMP_THEN_BASE: first $151.0 -> trough $137.55 (-25.6%) -> $150.99 (+9.8% off low)
    OCTV   Octave Intelligence plc        ex-HEXA           dist 2026-05-21 (85d, LATE_WINDOW)
        ORPHAN_UNINDEXED_PARENT  parent=NONE spinco=NONE  | DUMP_THEN_BASE: first $21.96 -> trough $15.5 (-29.4%) -> $18.87 (+21.7% off low)

  PIPELINE — registered, not yet distributed (read the information statement NOW):
    CRGT   Cortigent, Inc.                    ex-Vivani Medical, Inc    LATE_STAGE_REGISTRATION    2A last 2025-09-19
    ?      Electrified Materials Corp         ex-American Resources Cor REGISTERED                 1A last 2025-12-22
    ?      Vylor Inc.                         ex-Corteva                REGISTERED                 0A last 2026-06-29

  WINDOW CLOSED (6) — history, for backtesting the sub-cohorts:
    TRAX   First Tracks Biotherapeuti ORPHAN_UNINDEXED_PARENT 116d  DUMP_THEN_BASE  tot 134.7%
    VGNT   Versigent Ltd              FORCED_SELL_DOWNGRADE  135d  RIPPING  tot 65.3%
    RNA    Atrium Therapeutics, Inc.  ORPHAN_UNINDEXED_PARENT 168d  DUMP_THEN_BASE  tot -13.5%
    VSNT   Versant Media Group, Inc.  FORCED_SELL_DOWNGRADE  224d  DUMP_THEN_BASE  tot -15.6%
    Q      Qnity Electronics, Inc.    FORCED_BUY_INVERTED    291d  DUMP_THEN_BASE  tot 49.8%
    SOLS   Solstice Advanced Material FORCED_SELL_DOWNGRADE  298d  DUMP_THEN_BASE  tot 29.5%

  REJECTED (not a spin-off orphan — 8):
    ?      ALEXANDER TECH CORP                <- not_a_spin (10-12B filed for an uplisting, shell or holdco registration, not a distribution; 'th
    BSEM   BioStem Technologies, Inc.         <- holdco_reorg / already_trading (price history starts 2024-08-14 — BEFORE the Form 10 (2026-07-24
    PBAM   Private Bancorp of America, Inc.   <- holdco_reorg / already_trading (price history starts 2024-08-14 — BEFORE the Form 10 (2026-07-13
    NVRI   Enviri II Corp                     <- holdco_reorg / already_trading (price history starts 2024-08-14 — BEFORE the Form 10 (2026-03-20
    ?      Kioni Holdings Ltd                 <- not_a_spin (10-12B filed for an uplisting, shell or holdco registration, not a distribution; 'th
    AMFN   Renewal Fuels, Inc.                <- holdco_reorg / already_trading (price history starts 2024-11-13 — BEFORE the Form 10 (2026-03-12
    ?      Biointra, Corp                     <- not_a_spin (10-12B filed for an uplisting, shell or holdco registration, not a distribution; 'th
    SUNB   Sunbelt Rentals Holdings, Inc.     <- redomiciliation_no_flow (a UK/Irish scheme-of-arrangement move to a US holdco — every holder exc

[-> SPINOFF_ORPHANS.json]

/Users/ajay/Library/Python/3.9/lib/python/site-packages/urllib3/__init__.py:35: NotOpenSSLWarning: urllib3 v2 only supports OpenSSL 1.1.1+, currently the 'ssl' module is compiled with 'LibreSSL 2.8.3'. See: https://github.com/urllib3/urllib3/issues/3020
  warnings.warn(
$CRGT: possibly delisted; no price data found  (period=2y) (Yahoo error = "No data found, symbol may be delisted")

1 Failed download:
['CRGT']: possibly delisted; no price data found  (period=2y) (Yahoo error = "No data found, symbol may be delisted")

===== 2026-08-17 08:44 (desk) =====
=== SPIN-OFF ORPHAN GENERATOR  2026-08-17  (24 10-12B registrants over 400d, 24 information statements parsed, 1 new, 24 tracked) ===

  ORPHAN COHORT — trading, forced-selling window still open (<= 90d):
  **ADIG   ADI GLOBAL DISTRIBUTION INC.   ex-REZI           dist 2026-08-03 (14d, FORCED_SELLING_ACTIVE)
        ORPHAN_NO_PLACEMENT  parent=SP600 spinco=NONE  | DUMPING: first $22.06 -> trough $21.24 (-21.4%) -> $22.1 (+4.0% off low)
  **MBGL   Mobility Global Inc.           ex-SPGI           dist 2026-07-01 (47d, LATE_WINDOW)
        FORCED_SELL_DOWNGRADE  parent=SP500 spinco=SP600  | DUMP_THEN_BASE: first $21.19 -> trough $19.0 (-11.6%) -> $20.15 (+6.0% off low)
    HONA   Honeywell Aerospace Inc.       ex-HON            dist 2026-06-29 (49d, LATE_WINDOW)
        FORCED_BUY_INVERTED  parent=SP500 spinco=SP500  | DUMP_THEN_BASE: first $220.19 -> trough $156.47 (-36.7%) -> $163.99 (+4.8% off low)
  **MFP    Midera Food Processing, Inc.   ex-MIDD           dist 2026-06-29 (49d, LATE_WINDOW)
        FORCED_SELL_DOWNGRADE  parent=SP400 spinco=SP600  | DUMP_THEN_BASE: first $35.0 -> trough $35.0 (-12.5%) -> $45.37 (+29.6% off low)
    FDXF   FedEx Freight Holding Company, ex-FDX            dist 2026-05-27 (82d, LATE_WINDOW)
        FORCED_BUY_INVERTED  parent=SP500 spinco=SP500  | DUMP_THEN_BASE: first $151.0 -> trough $137.55 (-25.6%) -> $145.68 (+5.9% off low)
    OCTV   Octave Intelligence plc        ex-HEXA           dist 2026-05-21 (88d, LATE_WINDOW)
        ORPHAN_UNINDEXED_PARENT  parent=NONE spinco=NONE  | DUMP_THEN_BASE: first $21.96 -> trough $15.5 (-29.4%) -> $17.95 (+15.8% off low)

  PIPELINE — registered, not yet distributed (read the information statement NOW):
    CRGT   Cortigent, Inc.                    ex-Vivani Medical, Inc    LATE_STAGE_REGISTRATION    2A last 2025-09-19
    ?      Electrified Materials Corp         ex-American Resources Cor REGISTERED                 1A last 2025-12-22
    ?      Vylor Inc.                         ex-Corteva                REGISTERED                 1A last 2026-08-14
    MSGR   MSGS Spinco, Inc.                  ex-MSG Sports             REGISTERED                 0A last 2026-08-14

  WINDOW CLOSED (6) — history, for backtesting the sub-cohorts:
    TRAX   First Tracks Biotherapeuti ORPHAN_UNINDEXED_PARENT 119d  DUMP_THEN_BASE  tot 131.6%
    VGNT   Versigent Ltd              FORCED_SELL_DOWNGRADE  138d  RIPPING  tot 64.8%
    RNA    Atrium Therapeutics, Inc.  ORPHAN_UNINDEXED_PARENT 171d  DUMP_THEN_BASE  tot -12.4%
    VSNT   Versant Media Group, Inc.  FORCED_SELL_DOWNGRADE  227d  DUMP_THEN_BASE  tot -17.2%
    Q      Qnity Electronics, Inc.    FORCED_BUY_INVERTED    294d  DUMP_THEN_BASE  tot 48.6%
    SOLS   Solstice Advanced Material FORCED_SELL_DOWNGRADE  301d  DUMP_THEN_BASE  tot 28.5%

  REJECTED (not a spin-off orphan — 8):
    ?      ALEXANDER TECH CORP                <- not_a_spin (10-12B filed for an uplisting, shell or holdco registration, not a distribution; 'th
    BSEM   BioStem Technologies, Inc.         <- holdco_reorg / already_trading (price history starts 2024-08-19 — BEFORE the Form 10 (2026-07-24
    PBAM   Private Bancorp of America, Inc.   <- holdco_reorg / already_trading (price history starts 2024-08-19 — BEFORE the Form 10 (2026-07-13
    NVRI   Enviri II Corp                     <- holdco_reorg / already_trading (price history starts 2024-08-19 — BEFORE the Form 10 (2026-03-20
    ?      Kioni Holdings Ltd                 <- not_a_spin (10-12B filed for an uplisting, shell or holdco registration, not a distribution; 'th
    AMFN   Renewal Fuels, Inc.                <- holdco_reorg / already_trading (price history starts 2024-11-13 — BEFORE the Form 10 (2026-03-12
    ?      Biointra, Corp                     <- not_a_spin (10-12B filed for an uplisting, shell or holdco registration, not a distribution; 'th
    SUNB   Sunbelt Rentals Holdings, Inc.     <- redomiciliation_no_flow (a UK/Irish scheme-of-arrangement move to a US holdco — every holder exc

[-> SPINOFF_ORPHANS.json]

/Users/ajay/Library/Python/3.9/lib/python/site-packages/urllib3/__init__.py:35: NotOpenSSLWarning: urllib3 v2 only supports OpenSSL 1.1.1+, currently the 'ssl' module is compiled with 'LibreSSL 2.8.3'. See: https://github.com/urllib3/urllib3/issues/3020
  warnings.warn(
$CRGT: possibly delisted; no price data found  (period=2y) (Yahoo error = "No data found, symbol may be delisted")

1 Failed download:
['CRGT']: possibly delisted; no price data found  (period=2y) (Yahoo error = "No data found, symbol may be delisted")

===== 2026-09-11 00:54 (desk) =====
=== SPIN-OFF ORPHAN GENERATOR  2026-09-11  (25 10-12B registrants over 400d, 25 information statements parsed, 1 new, 25 tracked) ===

  ORPHAN COHORT — trading, forced-selling window still open (<= 90d):
    ADIG   ADI GLOBAL DISTRIBUTION INC.   ex-REZI           dist 2026-08-03 (39d, LATE_WINDOW)
        INDEX_PLACEMENT_MATCHED  parent=SP600 spinco=SP600  | DUMP_THEN_BASE: first $22.06 -> trough $20.34 (-24.8%) -> $21.41 (+5.3% off low)
  **MBGL   Mobility Global Inc.           ex-SPGI           dist 2026-07-01 (72d, LATE_WINDOW)
        FORCED_SELL_DOWNGRADE  parent=SP500 spinco=SP600  | DUMP_THEN_BASE: first $21.19 -> trough $19.0 (-11.6%) -> $20.19 (+6.3% off low)
    HONA   Honeywell Aerospace Inc.       ex-HON            dist 2026-06-29 (74d, LATE_WINDOW)
        FORCED_BUY_INVERTED  parent=SP500 spinco=SP500  | DUMPING: first $220.19 -> trough $151.58 (-38.7%) -> $153.75 (+1.4% off low)
  **MFP    Midera Food Processing, Inc.   ex-MIDD           dist 2026-06-29 (74d, LATE_WINDOW)
        FORCED_SELL_DOWNGRADE  parent=SP400 spinco=SP600  | DUMP_THEN_BASE: first $35.0 -> trough $35.0 (-12.5%) -> $41.57 (+18.8% off low)

  PIPELINE — registered, not yet distributed (read the information statement NOW):
    CRGT   Cortigent, Inc.                    ex-Vivani Medical, Inc    REGISTERED                 1A last 2025-09-19
    ?      Electrified Materials Corp         ex-American Resources Cor REGISTERED                 1A last 2025-12-22
    ?      Vylor Inc.                         ex-Corteva                REGISTERED                 1A last 2026-08-14
    MSGR   MSGS Spinco, Inc.                  ex-MSG Sports             REGISTERED                 1A last 2026-09-03

  WINDOW CLOSED (8) — history, for backtesting the sub-cohorts:
    FDXF   FedEx Freight Holding Comp FORCED_BUY_INVERTED    107d  DUMPING  tot -17.9%
    OCTV   Octave Intelligence plc    ORPHAN_UNINDEXED_PARENT 113d  DUMP_THEN_BASE  tot -21.4%
    TRAX   First Tracks Biotherapeuti ORPHAN_UNINDEXED_PARENT 144d  DUMP_THEN_BASE  tot 104.2%
    VGNT   Versigent Ltd              FORCED_SELL_DOWNGRADE  163d  RIPPING  tot 66.6%
    RNA    Atrium Therapeutics, Inc.  ORPHAN_UNINDEXED_PARENT 196d  DUMPING  tot -29.8%
    VSNT   Versant Media Group, Inc.  FORCED_SELL_DOWNGRADE  252d  DUMP_THEN_BASE  tot -19.9%
    Q      Qnity Electronics, Inc.    FORCED_BUY_INVERTED    319d  DUMP_THEN_BASE  tot 29.4%
    SOLS   Solstice Advanced Material FORCED_SELL_DOWNGRADE  326d  DUMP_THEN_BASE  tot 27.2%

  REJECTED (not a spin-off orphan — 9):
    ?      ALEXANDER TECH CORP                <- not_a_spin (10-12B filed for an uplisting, shell or holdco registration, not a distribution; 'th
    BSEM   BioStem Technologies, Inc.         <- holdco_reorg / already_trading (price history starts 2024-09-11 — BEFORE the Form 10 (2026-07-24
    PBAM   Private Bancorp of America, Inc.   <- holdco_reorg / already_trading (price history starts 2024-09-11 — BEFORE the Form 10 (2026-07-13
    NVRI   Enviri II Corp                     <- holdco_reorg / already_trading (price history starts 2024-09-11 — BEFORE the Form 10 (2026-03-20
    ?      Kioni Holdings Ltd                 <- not_a_spin (10-12B filed for an uplisting, shell or holdco registration, not a distribution; 'th
    AMFN   Renewal Fuels, Inc.                <- holdco_reorg / already_trading (price history starts 2024-11-13 — BEFORE the Form 10 (2026-03-12
    ?      Biointra, Corp                     <- not_a_spin (10-12B filed for an uplisting, shell or holdco registration, not a distribution; 'th
    SUNB   Sunbelt Rentals Holdings, Inc.     <- redomiciliation_no_flow (a UK/Irish scheme-of-arrangement move to a US holdco — every holder exc
    WCCB   West Coast Community Bancorp       <- holdco_reorg / already_trading (price history starts 2024-09-11 — BEFORE the Form 10 (2026-08-31

[-> SPINOFF_ORPHANS.json]

/Users/ajay/Library/Python/3.9/lib/python/site-packages/urllib3/__init__.py:35: NotOpenSSLWarning: urllib3 v2 only supports OpenSSL 1.1.1+, currently the 'ssl' module is compiled with 'LibreSSL 2.8.3'. See: https://github.com/urllib3/urllib3/issues/3020
  warnings.warn(
$CRGT: possibly delisted; no price data found  (period=2y) (Yahoo error = "No data found, symbol may be delisted")

1 Failed download:
['CRGT']: possibly delisted; no price data found  (period=2y) (Yahoo error = "No data found, symbol may be delisted")
