/Users/ajay/Library/Python/3.9/lib/python/site-packages/urllib3/__init__.py:35: NotOpenSSLWarning: urllib3 v2 only supports OpenSSL 1.1.1+, currently the 'ssl' module is compiled with 'LibreSSL 2.8.3'. See: https://github.com/urllib3/urllib3/issues/3020
  warnings.warn(
$JHG: possibly delisted; no price data found  (period=5d)
=== SUB-THRESHOLD MERGER-ARB SCANNER  2026-07-13  (129 filings scanned, 22 all-cash, 3 candidates) ===
  window 120d | ceiling $500M | 3 sub-threshold(known-size) + 0 unknown-size | median spread 5.82%
  SUB-THRESHOLD CASH-ARB CANDIDATES (positive spread; verify financing + break risk in DD):
    DXLG   DESTINATION XL GROUP, INC. px $   0.62  offer $   0.82  +32.22%     $45M
    LSTA   LISATA THERAPEUTICS, INC.  px $   3.78  offer $   4.00   +5.82%     $36M  ~third quarter of 2026  ann 28%
    LPRO   Open Lending Corp  (LPRO)  px $   3.12  offer $   3.15   +0.96%    $373M  ~third quarter of 2026  ann 5%
  set aside (stock/mixed, no clean cash #): ['DFH', 'Veris Residentia', 'GNK', 'SOUTHERN CALIFOR', 'GNK', 'SKY', 'DFH', 'SEER', 'CPRX', 'HOLOGIC INC  (HO']
  dropped (no ticker / no price, 14): ['Assertio Holdi', 'KalVista Pharm', 'Forian Inc.  (', 'SELECTIS HEALT', 'Clayton Street', 'JANUS ASPEN SE', 'JANUS INVESTME', 'Janus Detroit ', 'Apellis Pharma', 'SOLENO THERAPE']
[-> SUBTHRESHOLD_ARB.json]

===== 2026-07-13 10:33 (desk) =====
=== SUB-THRESHOLD MERGER-ARB SCANNER  2026-07-13  (129 filings scanned, 22 all-cash, 3 candidates) ===
  window 120d | ceiling $500M | 3 sub-threshold(known-size) + 0 unknown-size | median spread 7.1%
  SUB-THRESHOLD CASH-ARB CANDIDATES (positive spread; verify financing + break risk in DD):
    DXLG   DESTINATION XL GROUP, INC. px $   0.63  offer $   0.82  +30.16%     $45M
    LSTA   LISATA THERAPEUTICS, INC.  px $   3.73  offer $   4.00   +7.10%     $36M  ~third quarter of 2026  ann 34%
    LPRO   Open Lending Corp  (LPRO)  px $   3.12  offer $   3.15   +0.80%    $373M  ~third quarter of 2026  ann 4%
  set aside (stock/mixed, no clean cash #): ['DFH', 'Veris Residentia', 'GNK', 'SOUTHERN CALIFOR', 'GNK', 'SKY', 'DFH', 'SEER', 'CPRX', 'HOLOGIC INC  (HO']
  dropped (no ticker / no price, 14): ['Assertio Holdi', 'KalVista Pharm', 'Forian Inc.  (', 'SELECTIS HEALT', 'Clayton Street', 'JANUS ASPEN SE', 'JANUS INVESTME', 'Janus Detroit ', 'Apellis Pharma', 'SOLENO THERAPE']
[-> SUBTHRESHOLD_ARB.json]

/Users/ajay/Library/Python/3.9/lib/python/site-packages/urllib3/__init__.py:35: NotOpenSSLWarning: urllib3 v2 only supports OpenSSL 1.1.1+, currently the 'ssl' module is compiled with 'LibreSSL 2.8.3'. See: https://github.com/urllib3/urllib3/issues/3020
  warnings.warn(
$JHG: possibly delisted; no price data found  (period=5d)

===== 2026-07-20 17:38 (desk) =====
=== SUB-THRESHOLD MERGER-ARB SCANNER  2026-07-20  (127 filings scanned, 24 all-cash, 2 candidates) ===
  window 120d | ceiling $500M | 2 sub-threshold(known-size) + 0 unknown-size | median spread 8.49%
  SUB-THRESHOLD CASH-ARB CANDIDATES (positive spread; verify financing + break risk in DD):
    GBCS   SELECTIS HEALTH, INC.      px $   5.30  offer $   5.75   +8.49%     $18M
    LPRO   Open Lending Corp  (LPRO)  px $   3.14  offer $   3.15   +0.32%    $373M  ~third quarter of 2026  ann 2%
  EXCLUDED on deal-quality gate (2):
    DXLG             board_rejected         board=rejected    fin=unknown
    LSTA             uncommitted_financing  board=recommended fin=uncommitted
  set aside (stock/mixed, no clean cash #): ['DFH', 'Veris Residentia', 'GNK', 'SOCGM', 'GNK', 'SKY', 'DFH', 'SEER', 'CPRX', 'GNK']
  dropped (no ticker / no price, 13): ['Assertio Holdi', 'KalVista Pharm', 'Forian Inc.  (', 'Clayton Street', 'JANUS HENDERSO', 'JANUS ASPEN SE', 'JANUS INVESTME', 'Janus Detroit ', 'Apellis Pharma', 'SOLENO THERAPE']
[-> SUBTHRESHOLD_ARB.json]

/Users/ajay/Library/Python/3.9/lib/python/site-packages/urllib3/__init__.py:35: NotOpenSSLWarning: urllib3 v2 only supports OpenSSL 1.1.1+, currently the 'ssl' module is compiled with 'LibreSSL 2.8.3'. See: https://github.com/urllib3/urllib3/issues/3020
  warnings.warn(
$ESPR: possibly delisted; no price data found  (period=5d)
$XOMA: possibly delisted; no price data found  (period=5d)

===== 2026-07-27 23:33 (desk) =====
=== SUB-THRESHOLD MERGER-ARB SCANNER  2026-07-27  (133 filings scanned, 0 all-cash, 0 candidates) ===
  window 120d | ceiling $500M | 0 sub-threshold(known-size) + 0 unknown-size | median spread None%
  no positive-spread sub-threshold cash deals this run (honest: small cash M&A is episodic).
  EXCLUDED on deal-quality gate (2):
    DXLG             board_rejected         board=rejected    fin=unknown
    LSTA             uncommitted_financing  board=recommended fin=uncommitted
  set aside (stock/mixed, no clean cash #): ['DFH', 'Veris Residentia', 'GNK', 'SOCGM', 'GNK', 'SKY', 'DFH', 'SEER', 'CPRX', 'GNK']
  dropped (no ticker / no price, 36): ['Assertio Holdi', 'KalVista Pharm', 'UWMC', 'ESPR', 'TBPH', 'ATAI', 'Forian Inc.  (', 'GBCS', 'NHP', 'TWO']
[-> SUBTHRESHOLD_ARB.json]

/Users/ajay/Library/Python/3.9/lib/python/site-packages/urllib3/__init__.py:35: NotOpenSSLWarning: urllib3 v2 only supports OpenSSL 1.1.1+, currently the 'ssl' module is compiled with 'LibreSSL 2.8.3'. See: https://github.com/urllib3/urllib3/issues/3020
  warnings.warn(

===== 2026-08-04 00:37 (desk) =====
=== SUB-THRESHOLD MERGER-ARB SCANNER  2026-08-04  (135 filings scanned, 25 all-cash, 2 candidates) ===
  window 120d | ceiling $500M | 2 sub-threshold(known-size) + 0 unknown-size | median spread 6.48%
  SUB-THRESHOLD CASH-ARB CANDIDATES (positive spread; verify financing + break risk in DD):
    GBCS   SELECTIS HEALTH, INC.      px $   5.40  offer $   5.75   +6.48%     $18M
    LPRO   Open Lending Corp  (LPRO)  px $   3.14  offer $   3.15   +0.32%    $373M  ~third quarter of 2026  ann 2%
  EXCLUDED on deal-quality gate (2):
    DXLG             board_rejected         board=rejected    fin=unknown
    LSTA             uncommitted_financing  board=recommended fin=uncommitted
  set aside (stock/mixed, no clean cash #): ['DFH', 'Veris Residentia', 'GNK', 'SOCGM', 'GNK', 'SKY', 'SEER', 'SEER', 'DFH', 'SEER']
  dropped (no ticker / no price, 13): ['Assertio Holdi', 'LNTH', 'KalVista Pharm', 'UWMC', 'Esperion Thera', 'Forian Inc.  (', 'SOLENO THERAPE', 'Mister Car Was', 'AI Technology ', 'JANUS HENDERSO']
[-> SUBTHRESHOLD_ARB.json]

/Users/ajay/Library/Python/3.9/lib/python/site-packages/urllib3/__init__.py:35: NotOpenSSLWarning: urllib3 v2 only supports OpenSSL 1.1.1+, currently the 'ssl' module is compiled with 'LibreSSL 2.8.3'. See: https://github.com/urllib3/urllib3/issues/3020
  warnings.warn(
$AVNS: possibly delisted; no price data found  (period=5d)

===== 2026-08-11 01:44 (desk) =====
=== SUB-THRESHOLD MERGER-ARB SCANNER  2026-08-11  (135 filings scanned, 27 all-cash, 2 candidates) ===
  window 120d | ceiling $500M | 2 sub-threshold(known-size) + 0 unknown-size | median spread 2.5%
  SUB-THRESHOLD CASH-ARB CANDIDATES (positive spread; verify financing + break risk in DD):
    GBCS   SELECTIS HEALTH, INC.      px $   5.61  offer $   5.75   +2.50%     $18M
    LPRO   Open Lending Corp  (LPRO)  px $   3.14  offer $   3.15   +0.32%    $373M  ~third quarter of 2026  ann 2%
  EXCLUDED on deal-quality gate (2):
    DXLG             board_rejected         board=rejected    fin=unknown
    LSTA             uncommitted_financing  board=recommended fin=uncommitted
  set aside (stock/mixed, no clean cash #): ['DFH', 'Veris Residentia', 'GNK', 'SOCGM', 'GNK', 'SKY', 'SEER', 'SEER', 'DFH', 'SEER']
  dropped (no ticker / no price, 11): ['Assertio Holdi', 'KalVista Pharm', 'Esperion Thera', 'Forian Inc.  (', 'AVANOS MEDICAL', 'Mister Car Was', 'AI Technology ', 'JANUS HENDERSO', 'XOMA Royalty C', 'Kennedy-Wilson']
[-> SUBTHRESHOLD_ARB.json]

/Users/ajay/Library/Python/3.9/lib/python/site-packages/urllib3/__init__.py:35: NotOpenSSLWarning: urllib3 v2 only supports OpenSSL 1.1.1+, currently the 'ssl' module is compiled with 'LibreSSL 2.8.3'. See: https://github.com/urllib3/urllib3/issues/3020
  warnings.warn(
$LPRO: possibly delisted; no price data found  (period=5d)

===== 2026-09-11 01:18 (desk) =====
=== SUB-THRESHOLD MERGER-ARB SCANNER  2026-09-11  (137 filings scanned, 27 all-cash, 3 candidates) ===
  window 120d | ceiling $500M | 3 sub-threshold(known-size) + 0 unknown-size | median spread 8.91%
  SUB-THRESHOLD CASH-ARB CANDIDATES (positive spread; verify financing + break risk in DD):
    AIRE   reAlpha Tech Corp.  (AIRE) px $   1.49  offer $  12.51  +739.60%     $75M  [WIDE-verify-live]
    YTRA   Yatra Online, Inc.  (YTRA) px $   1.01  offer $   1.10   +8.91%     $70M
    GBCS   SELECTIS HEALTH, INC.      px $   5.74  offer $   5.75   +0.17%     $18M
  EXCLUDED on deal-quality gate (3):
    DXLG             board_rejected         board=rejected    fin=unknown
    KalVista Pharmac uncommitted_financing  board=unknown     fin=uncommitted
    LSTA             uncommitted_financing  board=recommended fin=uncommitted
  set aside (stock/mixed, no clean cash #): ['Veris Residentia', 'GNK', 'GNK', 'SEER', 'SEER', 'DFH', 'SEER', 'SEER', 'CATALYST PHARMAC', 'GNK']
  dropped (no ticker / no price, 11): ['Forian Inc.  (', 'Open Lending C', 'Assertio Holdi', 'Forte Bioscien', 'Mister Car Was', 'Kennedy-Wilson', 'AI Technology ', 'JANUS HENDERSO', 'XOMA Royalty C', 'RE/MAX Holding']
[-> SUBTHRESHOLD_ARB.json]

/Users/ajay/Library/Python/3.9/lib/python/site-packages/urllib3/__init__.py:35: NotOpenSSLWarning: urllib3 v2 only supports OpenSSL 1.1.1+, currently the 'ssl' module is compiled with 'LibreSSL 2.8.3'. See: https://github.com/urllib3/urllib3/issues/3020
  warnings.warn(
$APGE: possibly delisted; no price data found  (period=5d)
