
===== 2026-08-04 10:41 (desk) =====
tariff_refund_cohort: 1214 filings matched / 900 read / 163 issuers -> A=66 B=86 unclear=11 quantified=51
  /Users/ajay/exalted/signalos/verticals/generators/data/TARIFF_REFUND_COHORT.json
  /Users/ajay/exalted/signalos/desk/data/TARIFF_REFUND_INTAKE_20260804.md

  ...50/900 docs read, 22 with tariff-recovery language
  ...75/900 docs read, 36 with tariff-recovery language
  ...175/900 docs read, 73 with tariff-recovery language
  ...200/900 docs read, 85 with tariff-recovery language
  ...225/900 docs read, 94 with tariff-recovery language
  ...250/900 docs read, 106 with tariff-recovery language
  ...275/900 docs read, 117 with tariff-recovery language
  ...525/900 docs read, 181 with tariff-recovery language
  ...575/900 docs read, 185 with tariff-recovery language
  ...700/900 docs read, 197 with tariff-recovery language
  ...775/900 docs read, 208 with tariff-recovery language

===== 2026-08-11 12:51 (desk) =====
[runner] gen_tariff_refund_cohort failed: Command '['python3', 'verticals/generators/tariff_refund_cohort.py', '--pages', '8', '--max-docs', '900']' timed out after 600 seconds
===== 2026-09-11 01:03 (desk) =====
tariff_refund_cohort: 1720 filings matched / 900 read / 265 issuers -> A=183 B=60 unclear=22 quantified=130
  /Users/ajay/exalted/signalos/verticals/generators/data/TARIFF_REFUND_COHORT.json
  /Users/ajay/exalted/signalos/desk/data/TARIFF_REFUND_INTAKE_20260911.md

  ...0/900 docs read, 1 with tariff-recovery language
  ...50/900 docs read, 32 with tariff-recovery language
  ...100/900 docs read, 63 with tariff-recovery language
  ...150/900 docs read, 88 with tariff-recovery language
  ...200/900 docs read, 118 with tariff-recovery language
  ...225/900 docs read, 125 with tariff-recovery language
  ...300/900 docs read, 168 with tariff-recovery language
  ...375/900 docs read, 201 with tariff-recovery language
  ...400/900 docs read, 215 with tariff-recovery language
  ...425/900 docs read, 226 with tariff-recovery language
  ...500/900 docs read, 265 with tariff-recovery language
  ...550/900 docs read, 287 with tariff-recovery language
  ...625/900 docs read, 315 with tariff-recovery language
  ...800/900 docs read, 384 with tariff-recovery language
  ...825/900 docs read, 389 with tariff-recovery language
