
===== 2026-07-13 10:34 (desk) =====
=== THEMATIC-ETF (ARK) REBALANCE FLOW  2026-07-13  (6/6 funds, 127 names) ===
  funds: ARKK, ARKG, ARKW, ARKF, ARKQ, ARKX
  HIGH OWNERSHIP-CONCENTRATION (an ARK add/trim forces days of flow — the tradeable air-pocket/pop):
    SLMT    BRERA HOLDINGS PLC-CL B    ARKF             9.7d ADV  26.0% float  wt 0.17%
    KMTUY   KOMATSU LTD -SPONS ADR     ARKQ             9.3d ADV   0.2% float  wt 1.79%
    CERS    CERUS CORP                 ARKG+ARKK        6.8d ADV  10.2% float  wt 1.35%
    MASS    908 DEVICES INC            ARKG             6.5d ADV   7.8% float  wt 0.93%
    ARCT    ARCTURUS THERAPEUTICS HOLD ARKG             6.1d ADV  10.4% float  wt 1.15%
    CRSP    CRISPR THERAPEUTICS AG     ARKG+ARKK        5.5d ADV  10.2% float  wt 6.52%
    BLSH    BULLISH                    ARKF+ARKK+ARKW   5.0d ADV  15.8% float  wt 1.75%
    BEAM    BEAM THERAPEUTICS INC      ARKG+ARKK        4.6d ADV  11.9% float  wt 4.20%
    PACB    PACIFIC BIOSCIENCES OF CAL ARKG+ARKK        4.5d ADV   9.3% float  wt 0.99%
    KDK     KODIAK AI INC              ARKQ             4.4d ADV   5.6% float  wt 0.81%
    TXG     10X GENOMICS INC-CLASS A   ARKG+ARKK        3.1d ADV   8.3% float  wt 7.93%
    SRTA    STRATA CRITICAL MEDICAL IN ARKQ+ARKX        2.9d ADV   5.5% float  wt 1.78%
    NTLA    INTELLIA THERAPEUTICS INC  ARKG+ARKK        2.6d ADV  13.2% float  wt 2.49%
    TWST    TWIST BIOSCIENCE CORP      ARKG+ARKK        2.5d ADV   8.0% float  wt 7.38%
    PSNL    PERSONALIS INC             ARKG             2.4d ADV  11.7% float  wt 6.38%
    RXRX    RECURSION PHARMACEUTICALS- ARKG+ARKK        2.2d ADV   8.0% float  wt 2.90%
    PRME    PRIME MEDICINE INC         ARKG             1.9d ADV   5.1% float  wt 1.33%
    TEM     TEMPUS AI INC-CL A         ARKG+ARKK        1.6d ADV   9.3% float  wt 7.90%
    ABSI    ABSCI CORP                 ARKG             1.6d ADV   6.6% float  wt 6.30%
    WGS     GENEDX HOLDINGS CORP       ARKG+ARKK        1.2d ADV   8.7% float  wt 1.76%
  DELTAS: none (no share changes since prior run, or same publish date).
[-> THEMATIC_ETF_REBALANCE.json  +  thematic_etf_state.json]


===== 2026-07-14 11:31 (desk) =====
=== THEMATIC-ETF (ARK) REBALANCE FLOW  2026-07-14  (6/6 funds, 127 names) ===
  funds: ARKK, ARKG, ARKW, ARKF, ARKQ, ARKX
  HIGH OWNERSHIP-CONCENTRATION (an ARK add/trim forces days of flow — the tradeable air-pocket/pop):
    SLMT    BRERA HOLDINGS PLC-CL B    ARKF             9.0d ADV  26.0% float  wt 0.17%
    MASS    908 DEVICES INC            ARKG             6.6d ADV   7.8% float  wt 0.93%
    ARCT    ARCTURUS THERAPEUTICS HOLD ARKG             6.1d ADV  10.4% float  wt 1.12%
    KMTUY   KOMATSU LTD -SPONS ADR     ARKQ             6.0d ADV   0.1% float  wt 1.83%
    CERS    CERUS CORP                 ARKG+ARKK        5.9d ADV   8.8% float  wt 1.36%
    CRSP    CRISPR THERAPEUTICS AG     ARKG+ARKK        4.6d ADV   8.4% float  wt 6.31%
    BLSH    BULLISH                    ARKF+ARKK+ARKW   4.0d ADV  12.7% float  wt 1.75%
    PACB    PACIFIC BIOSCIENCES OF CAL ARKG+ARKK        3.9d ADV   8.0% float  wt 0.97%
    BEAM    BEAM THERAPEUTICS INC      ARKG+ARKK        3.8d ADV  10.0% float  wt 4.22%
    TXG     10X GENOMICS INC-CLASS A   ARKG+ARKK        2.6d ADV   7.0% float  wt 7.90%
    PSNL    PERSONALIS INC             ARKG             2.2d ADV  11.2% float  wt 6.70%
    NTLA    INTELLIA THERAPEUTICS INC  ARKG+ARKK        2.1d ADV  10.8% float  wt 2.33%
    TWST    TWIST BIOSCIENCE CORP      ARKG+ARKK        2.1d ADV   6.7% float  wt 7.41%
    PRME    PRIME MEDICINE INC         ARKG             2.0d ADV   5.3% float  wt 1.31%
    RXRX    RECURSION PHARMACEUTICALS- ARKG+ARKK        1.9d ADV   6.9% float  wt 2.75%
    ABSI    ABSCI CORP                 ARKG             1.6d ADV   6.6% float  wt 6.19%
    TEM     TEMPUS AI INC-CL A         ARKG+ARKK        1.3d ADV   7.7% float  wt 7.74%
    WGS     GENEDX HOLDINGS CORP       ARKG+ARKK        1.0d ADV   7.3% float  wt 1.74%
    DSY     DISCOVERY LTD              ARKF+ARKX        0.5d ADV  11.8% float  wt 1.40%
  DAY-OVER-DAY DELTAS (ADD=pop / TRIM=air-pocket):
    TRIM  RXRX    ARKK   -5,879,906 sh (-21%)  -> air-pocket
    TRIM  ACHR    ARKQ   -4,900,304 sh (-35%)  -> air-pocket
    TRIM  ACHR    ARKK   -3,998,148 sh (-22%)  -> air-pocket
    TRIM  PACB    ARKK   -3,786,552 sh (-22%)  -> air-pocket
    TRIM  NTLA    ARKK   -3,174,864 sh (-22%)  -> air-pocket
    TRIM  AUR     ARKQ   -2,901,411 sh (-35%)  -> air-pocket
    TRIM  CERS    ARKK   -2,448,600 sh (-22%)  -> air-pocket
    TRIM  JOBY    ARKQ   -1,856,588 sh (-35%)  -> air-pocket
    TRIM  WRD     ARKQ   -1,837,748 sh (-35%)  -> air-pocket
    TRIM  BEAM    ARKK   -1,796,718 sh (-22%)  -> air-pocket
    TRIM  TEM     ARKK   -1,795,332 sh (-22%)  -> air-pocket
    TRIM  KDK     ARKQ   -1,774,678 sh (-34%)  -> air-pocket
[-> THEMATIC_ETF_REBALANCE.json  +  thematic_etf_state.json]


===== 2026-07-15 12:36 (desk) =====
=== THEMATIC-ETF (ARK) REBALANCE FLOW  2026-07-15  (6/6 funds, 127 names) ===
  funds: ARKK, ARKG, ARKW, ARKF, ARKQ, ARKX
  HIGH OWNERSHIP-CONCENTRATION (an ARK add/trim forces days of flow — the tradeable air-pocket/pop):
    SLMT    BRERA HOLDINGS PLC-CL B    ARKF             8.8d ADV  26.0% float  wt 0.17%
    MASS    908 DEVICES INC            ARKG             6.5d ADV   7.8% float  wt 0.94%
    ARCT    ARCTURUS THERAPEUTICS HOLD ARKG             6.0d ADV  10.4% float  wt 1.06%
    KMTUY   KOMATSU LTD -SPONS ADR     ARKQ             6.0d ADV   0.1% float  wt 1.79%
    CERS    CERUS CORP                 ARKG+ARKK        5.8d ADV   8.7% float  wt 1.34%
    CRSP    CRISPR THERAPEUTICS AG     ARKG+ARKK        4.5d ADV   8.2% float  wt 6.22%
    BLSH    BULLISH                    ARKF+ARKK+ARKW   3.9d ADV  12.4% float  wt 1.75%
    BEAM    BEAM THERAPEUTICS INC      ARKG+ARKK        3.8d ADV   9.8% float  wt 4.19%
    PACB    PACIFIC BIOSCIENCES OF CAL ARKG+ARKK        3.8d ADV   7.9% float  wt 0.96%
    TXG     10X GENOMICS INC-CLASS A   ARKG+ARKK        2.5d ADV   6.7% float  wt 8.57%
    PSNL    PERSONALIS INC             ARKG             2.2d ADV  10.9% float  wt 6.47%
    NTLA    INTELLIA THERAPEUTICS INC  ARKG+ARKK        2.0d ADV  10.6% float  wt 2.35%
    TWST    TWIST BIOSCIENCE CORP      ARKG+ARKK        2.0d ADV   6.5% float  wt 7.44%
    PRME    PRIME MEDICINE INC         ARKG             2.0d ADV   5.3% float  wt 1.30%
    RXRX    RECURSION PHARMACEUTICALS- ARKG+ARKK        1.8d ADV   6.8% float  wt 2.75%
    ABSI    ABSCI CORP                 ARKG             1.6d ADV   6.6% float  wt 6.13%
    TEM     TEMPUS AI INC-CL A         ARKG+ARKK        1.3d ADV   7.5% float  wt 8.03%
    WGS     GENEDX HOLDINGS CORP       ARKG+ARKK        1.0d ADV   7.2% float  wt 1.69%
    DSY     DISCOVERY LTD              ARKF+ARKX        0.5d ADV  11.8% float  wt 1.40%
  DAY-OVER-DAY DELTAS (ADD=pop / TRIM=air-pocket):
    TRIM  RXRX    ARKK   -647,950 sh (-3%)  -> air-pocket
    TRIM  ACHR    ARKK   -432,700 sh (-3%)  -> air-pocket
    TRIM  PACB    ARKK   -409,800 sh (-3%)  -> air-pocket
    TRIM  NTLA    ARKK   -343,600 sh (-3%)  -> air-pocket
    TRIM  TXG     ARKK   -300,841 sh (-6%)  -> air-pocket
    TRIM  CERS    ARKK   -265,000 sh (-3%)  -> air-pocket
    TRIM  BEAM    ARKK   -194,450 sh (-3%)  -> air-pocket
    TRIM  TEM     ARKK   -194,300 sh (-3%)  -> air-pocket
    TRIM  PSNL    ARKG   -181,056 sh (-2%)  -> air-pocket
    TRIM  CRSP    ARKK   -180,150 sh (-3%)  -> air-pocket
    TRIM  BMNR    ARKK   -176,000 sh (-3%)  -> air-pocket
    TRIM  BLSH    ARKK   -136,700 sh (-3%)  -> air-pocket
[-> THEMATIC_ETF_REBALANCE.json  +  thematic_etf_state.json]


===== 2026-07-16 13:37 (desk) =====
=== THEMATIC-ETF (ARK) REBALANCE FLOW  2026-07-16  (6/6 funds, 127 names) ===
  funds: ARKK, ARKG, ARKW, ARKF, ARKQ, ARKX
  HIGH OWNERSHIP-CONCENTRATION (an ARK add/trim forces days of flow — the tradeable air-pocket/pop):
    SLMT    BRERA HOLDINGS PLC-CL B    ARKF             8.8d ADV  26.0% float  wt 0.17%
    MASS    908 DEVICES INC            ARKG             6.5d ADV   7.8% float  wt 0.93%
    ARCT    ARCTURUS THERAPEUTICS HOLD ARKG             6.0d ADV  10.4% float  wt 1.06%
    KMTUY   KOMATSU LTD -SPONS ADR     ARKQ             6.0d ADV   0.1% float  wt 1.79%
    CERS    CERUS CORP                 ARKG+ARKK        5.8d ADV   8.6% float  wt 1.39%
    CRSP    CRISPR THERAPEUTICS AG     ARKG+ARKK        4.5d ADV   8.2% float  wt 6.32%
    BLSH    BULLISH                    ARKF+ARKK+ARKW   3.9d ADV  12.4% float  wt 1.75%
    BEAM    BEAM THERAPEUTICS INC      ARKG+ARKK        3.8d ADV   9.8% float  wt 4.23%
    PACB    PACIFIC BIOSCIENCES OF CAL ARKG+ARKK        3.8d ADV   7.9% float  wt 0.98%
    KDK     KODIAK AI INC              ARKQ             3.0d ADV   3.9% float  wt 0.81%
    TXG     10X GENOMICS INC-CLASS A   ARKG+ARKK        2.4d ADV   6.6% float  wt 8.54%
    PSNL    PERSONALIS INC             ARKG             2.1d ADV  10.7% float  wt 6.64%
    NTLA    INTELLIA THERAPEUTICS INC  ARKG+ARKK        2.0d ADV  10.5% float  wt 2.29%
    TWST    TWIST BIOSCIENCE CORP      ARKG+ARKK        2.0d ADV   6.4% float  wt 7.36%
    PRME    PRIME MEDICINE INC         ARKG             2.0d ADV   5.4% float  wt 1.32%
    RXRX    RECURSION PHARMACEUTICALS- ARKG+ARKK        1.8d ADV   6.8% float  wt 2.72%
    ABSI    ABSCI CORP                 ARKG             1.6d ADV   6.6% float  wt 5.83%
    TEM     TEMPUS AI INC-CL A         ARKG+ARKK        1.4d ADV   7.5% float  wt 7.82%
    WGS     GENEDX HOLDINGS CORP       ARKG+ARKK        1.0d ADV   7.2% float  wt 1.78%
    DSY     DISCOVERY LTD              ARKF+ARKX        0.5d ADV  11.8% float  wt 1.40%
  DAY-OVER-DAY DELTAS (ADD=pop / TRIM=air-pocket):
    TRIM  PSNL    ARKG   -131,330 sh (-2%)  -> air-pocket
    ADD   XE      ARKK   +124,929 sh (+3%)  -> pop
    TRIM  TXG     ARKK   -119,997 sh (-3%)  -> air-pocket
    ADD   KDK     ARKQ   +107,502 sh (+3%)  -> pop
    TRIM  RXRX    ARKK   -90,713 sh (-0%)  -> air-pocket
    ADD   PRME    ARKG   +70,227 sh (+1%)  -> pop
    TRIM  TWST    ARKK   -69,364 sh (-3%)  -> air-pocket
    ADD   SPCX    ARKK   +63,093 sh (+3%)  -> pop
    TRIM  ACHR    ARKK   -60,578 sh (-0%)  -> air-pocket
    TRIM  PACB    ARKK   -57,372 sh (-0%)  -> air-pocket
    ADD   PONY    ARKQ   +56,987 sh (+3%)  -> pop
    TRIM  NTLA    ARKK   -48,104 sh (-0%)  -> air-pocket
[-> THEMATIC_ETF_REBALANCE.json  +  thematic_etf_state.json]


===== 2026-07-17 21:40 (desk) =====
=== THEMATIC-ETF (ARK) REBALANCE FLOW  2026-07-17  (6/6 funds, 127 names) ===
  funds: ARKK, ARKG, ARKW, ARKF, ARKQ, ARKX
  HIGH OWNERSHIP-CONCENTRATION (an ARK add/trim forces days of flow — the tradeable air-pocket/pop):
    SLMT    BRERA HOLDINGS PLC-CL B    ARKF             9.0d ADV  26.0% float  wt 0.17%
    MASS    908 DEVICES INC            ARKG             6.6d ADV   7.9% float  wt 0.88%
    ARCT    ARCTURUS THERAPEUTICS HOLD ARKG             6.1d ADV  10.6% float  wt 1.05%
    KMTUY   KOMATSU LTD -SPONS ADR     ARKQ             6.1d ADV   0.1% float  wt 1.85%
    CERS    CERUS CORP                 ARKG+ARKK        5.7d ADV   8.6% float  wt 1.44%
    CRSP    CRISPR THERAPEUTICS AG     ARKG+ARKK        4.4d ADV   8.1% float  wt 6.14%
    BLSH    BULLISH                    ARKF+ARKK+ARKW   3.8d ADV  12.1% float  wt 1.75%
    PACB    PACIFIC BIOSCIENCES OF CAL ARKG+ARKK        3.8d ADV   7.8% float  wt 0.98%
    BEAM    BEAM THERAPEUTICS INC      ARKG+ARKK        3.7d ADV   9.6% float  wt 4.06%
    KDK     KODIAK AI INC              ARKQ             3.1d ADV   4.0% float  wt 0.82%
    TXG     10X GENOMICS INC-CLASS A   ARKG+ARKK        2.4d ADV   6.6% float  wt 8.53%
    PRME    PRIME MEDICINE INC         ARKG             2.1d ADV   5.8% float  wt 1.33%
    NTLA    INTELLIA THERAPEUTICS INC  ARKG+ARKK        2.0d ADV  10.3% float  wt 2.12%
    TWST    TWIST BIOSCIENCE CORP      ARKG+ARKK        2.0d ADV   6.3% float  wt 7.44%
    PSNL    PERSONALIS INC             ARKG             1.9d ADV  10.5% float  wt 6.50%
    ABSI    ABSCI CORP                 ARKG             1.7d ADV   6.9% float  wt 5.21%
    RXRX    RECURSION PHARMACEUTICALS- ARKG+ARKK        1.7d ADV   6.7% float  wt 2.55%
    TEM     TEMPUS AI INC-CL A         ARKG+ARKK        1.3d ADV   7.4% float  wt 7.52%
    WGS     GENEDX HOLDINGS CORP       ARKG+ARKK        1.0d ADV   7.1% float  wt 1.71%
    DSY     DISCOVERY LTD              ARKF+ARKX        0.5d ADV  11.8% float  wt 1.40%
  DAY-OVER-DAY DELTAS (ADD=pop / TRIM=air-pocket):
    TRIM  ATAI    ARKG   -1,059,422 sh (-25%)  -> air-pocket
    TRIM  RXRX    ARKK   -609,073 sh (-3%)  -> air-pocket
    ADD   PRME    ARKG   +517,330 sh (+8%)  -> pop
    ADD   ABSI    ARKG   +461,767 sh (+5%)  -> pop
    ADD   CMPS    ARKG   +448,907 sh (+13%)  -> pop
    TRIM  ACHR    ARKK   -406,738 sh (-3%)  -> air-pocket
    TRIM  PACB    ARKK   -385,212 sh (-3%)  -> air-pocket
    TRIM  NTLA    ARKK   -322,984 sh (-3%)  -> air-pocket
    ADD   XE      ARKK   +285,294 sh (+7%)  -> pop
    TRIM  CERS    ARKK   -249,100 sh (-3%)  -> air-pocket
    ADD   PONY    ARKQ   +205,332 sh (+10%)  -> pop
    ADD   RXRX    ARKG   +202,800 sh (+2%)  -> pop
[-> THEMATIC_ETF_REBALANCE.json  +  thematic_etf_state.json]


===== 2026-07-20 10:52 (desk) =====
=== THEMATIC-ETF (ARK) REBALANCE FLOW  2026-07-20  (0/6 funds, 0 names) ===
  funds:    FAILED: ['ARKK', 'ARKG', 'ARKW', 'ARKF', 'ARKQ', 'ARKX']
  HIGH OWNERSHIP-CONCENTRATION (an ARK add/trim forces days of flow — the tradeable air-pocket/pop):
  DAY-OVER-DAY DELTAS (ADD=pop / TRIM=air-pocket):
    EXIT  RXRX    ARKK   -20,514,746 sh (-100%)  -> air-pocket
    EXIT  RXRX    ARKG   -13,740,307 sh (-100%)  -> air-pocket
    EXIT  ACHR    ARKK   -13,700,195 sh (-100%)  -> air-pocket
    EXIT  PACB    ARKK   -12,974,298 sh (-100%)  -> air-pocket
    EXIT  NTLA    ARKK   -10,879,082 sh (-100%)  -> air-pocket
    EXIT  PACB    ARKG   -10,709,295 sh (-100%)  -> air-pocket
    EXIT  ABSI    ARKG   -10,294,402 sh (-100%)  -> air-pocket
    EXIT  ACHR    ARKQ   -9,034,261 sh (-100%)  -> air-pocket
    EXIT  CERS    ARKK   -8,390,570 sh (-100%)  -> air-pocket
    EXIT  CERS    ARKG   -7,276,826 sh (-100%)  -> air-pocket
    EXIT  QSI     ARKG   -6,811,065 sh (-100%)  -> air-pocket
    EXIT  PSNL    ARKG   -6,783,876 sh (-100%)  -> air-pocket
[-> THEMATIC_ETF_REBALANCE.json  +  thematic_etf_state.json]


===== 2026-07-21 11:37 (desk) =====
=== THEMATIC-ETF (ARK) REBALANCE FLOW  2026-07-21  (6/6 funds, 127 names) ===
  funds: ARKK, ARKG, ARKW, ARKF, ARKQ, ARKX
  HIGH OWNERSHIP-CONCENTRATION (an ARK add/trim forces days of flow — the tradeable air-pocket/pop):
  DELTAS: none — FIRST RUN (no prior state). Next run will diff against today's persisted holdings.
[-> THEMATIC_ETF_REBALANCE.json  +  thematic_etf_state.json]


===== 2026-07-22 12:41 (desk) =====
=== THEMATIC-ETF (ARK) REBALANCE FLOW  2026-07-22  (6/6 funds, 127 names) ===
  funds: ARKK, ARKG, ARKW, ARKF, ARKQ, ARKX
  HIGH OWNERSHIP-CONCENTRATION (an ARK add/trim forces days of flow — the tradeable air-pocket/pop):
    SLMT    BRERA HOLDINGS PLC-CL B    ARKF             9.0d ADV  26.0% float  wt 0.17%
    MASS    908 DEVICES INC            ARKG             6.6d ADV   7.9% float  wt 0.88%
    KMTUY   KOMATSU LTD -SPONS ADR     ARKQ             6.0d ADV   0.1% float  wt 1.85%
    ARCT    ARCTURUS THERAPEUTICS HOLD ARKG             5.9d ADV  10.6% float  wt 1.03%
    CERS    CERUS CORP                 ARKG+ARKK        5.6d ADV   8.6% float  wt 1.42%
    CRSP    CRISPR THERAPEUTICS AG     ARKG+ARKK        4.4d ADV   8.1% float  wt 6.17%
    BLSH    BULLISH                    ARKF+ARKK+ARKW   3.8d ADV  12.1% float  wt 1.75%
    PACB    PACIFIC BIOSCIENCES OF CAL ARKG+ARKK        3.8d ADV   7.8% float  wt 0.93%
    BEAM    BEAM THERAPEUTICS INC      ARKG+ARKK        3.6d ADV   9.6% float  wt 3.95%
    KDK     KODIAK AI INC              ARKQ             3.2d ADV   4.1% float  wt 0.84%
    ALMR    ALAMAR BIOSCIENCES INC     ARKG             3.2d ADV   2.7% float  wt 1.51%
    TXG     10X GENOMICS INC-CLASS A   ARKG+ARKK        2.3d ADV   6.5% float  wt 9.17%
    PRME    PRIME MEDICINE INC         ARKG             2.3d ADV   6.4% float  wt 1.43%
    TWST    TWIST BIOSCIENCE CORP      ARKG+ARKK        2.0d ADV   6.3% float  wt 7.92%
    NTLA    INTELLIA THERAPEUTICS INC  ARKG+ARKK        1.9d ADV  10.2% float  wt 2.03%
    PSNL    PERSONALIS INC             ARKG             1.8d ADV  10.5% float  wt 5.68%
    ABSI    ABSCI CORP                 ARKG             1.7d ADV   7.0% float  wt 5.37%
    RXRX    RECURSION PHARMACEUTICALS- ARKG+ARKK        1.7d ADV   6.7% float  wt 2.64%
    TEM     TEMPUS AI INC-CL A         ARKG+ARKK        1.4d ADV   7.6% float  wt 7.16%
    WGS     GENEDX HOLDINGS CORP       ARKG+ARKK        1.0d ADV   7.1% float  wt 1.73%
  DAY-OVER-DAY DELTAS (ADD=pop / TRIM=air-pocket):
    ADD   PONY    ARKQ   +163,163 sh (+6%)  -> pop
    ADD   RXRX    ARKK   +142,549 sh (+1%)  -> pop
    TRIM  CDNA    ARKG   -102,044 sh (-6%)  -> air-pocket
    ADD   ACHR    ARKK   +95,634 sh (+1%)  -> pop
    TRIM  IRDM    ARKQ   -91,673 sh (-29%)  -> air-pocket
    ADD   PACB    ARKK   +90,156 sh (+1%)  -> pop
    TRIM  RXRX    ARKG   -84,500 sh (-1%)  -> air-pocket
    TRIM  SRTA    ARKQ   -76,125 sh (-12%)  -> air-pocket
    TRIM  PACB    ARKG   -65,860 sh (-1%)  -> air-pocket
    ADD   CERS    ARKK   +58,300 sh (+1%)  -> pop
    TRIM  ABSI    ARKG   -47,048 sh (-0%)  -> air-pocket
    TRIM  CERS    ARKG   -44,750 sh (-1%)  -> air-pocket
[-> THEMATIC_ETF_REBALANCE.json  +  thematic_etf_state.json]


===== 2026-07-23 13:41 (desk) =====
=== THEMATIC-ETF (ARK) REBALANCE FLOW  2026-07-23  (6/6 funds, 127 names) ===
  funds: ARKK, ARKG, ARKW, ARKF, ARKQ, ARKX
  HIGH OWNERSHIP-CONCENTRATION (an ARK add/trim forces days of flow — the tradeable air-pocket/pop):
    SLMT    BRERA HOLDINGS PLC-CL B    ARKF             9.3d ADV  26.0% float  wt 0.17%
    MASS    908 DEVICES INC            ARKG             6.6d ADV   7.6% float  wt 0.88%
    KMTUY   KOMATSU LTD -SPONS ADR     ARKQ             6.0d ADV   0.1% float  wt 1.84%
    ARCT    ARCTURUS THERAPEUTICS HOLD ARKG             5.9d ADV  10.6% float  wt 1.04%
    CERS    CERUS CORP                 ARKG+ARKK        5.5d ADV   8.5% float  wt 1.39%
    CRSP    CRISPR THERAPEUTICS AG     ARKG+ARKK        4.3d ADV   8.0% float  wt 6.15%
    BLSH    BULLISH                    ARKF+ARKK+ARKW   3.8d ADV  12.0% float  wt 1.75%
    PACB    PACIFIC BIOSCIENCES OF CAL ARKG+ARKK        3.8d ADV   7.8% float  wt 0.94%
    BEAM    BEAM THERAPEUTICS INC      ARKG+ARKK        3.6d ADV   9.6% float  wt 3.92%
    KDK     KODIAK AI INC              ARKQ             3.2d ADV   4.1% float  wt 0.86%
    ALMR    ALAMAR BIOSCIENCES INC     ARKG             3.2d ADV   2.7% float  wt 1.54%
    PRME    PRIME MEDICINE INC         ARKG             2.3d ADV   6.6% float  wt 1.48%
    TXG     10X GENOMICS INC-CLASS A   ARKG+ARKK        2.3d ADV   6.4% float  wt 9.30%
    TWST    TWIST BIOSCIENCE CORP      ARKG+ARKK        2.0d ADV   6.2% float  wt 7.91%
    NTLA    INTELLIA THERAPEUTICS INC  ARKG+ARKK        1.9d ADV  10.1% float  wt 2.00%
    PSNL    PERSONALIS INC             ARKG             1.8d ADV  10.5% float  wt 5.36%
    ABSI    ABSCI CORP                 ARKG             1.7d ADV   7.0% float  wt 5.41%
    RXRX    RECURSION PHARMACEUTICALS- ARKG+ARKK        1.7d ADV   6.6% float  wt 2.60%
    TEM     TEMPUS AI INC-CL A         ARKG+ARKK        1.4d ADV   7.5% float  wt 6.99%
    WGS     GENEDX HOLDINGS CORP       ARKG+ARKK        1.0d ADV   7.0% float  wt 1.79%
  DAY-OVER-DAY DELTAS (ADD=pop / TRIM=air-pocket):
    ADD   ACHR    ARKK   +344,739 sh (+2%)  -> pop
    ADD   ACHR    ARKQ   +336,631 sh (+4%)  -> pop
    ADD   PRME    ARKG   +206,310 sh (+3%)  -> pop
    TRIM  RXRX    ARKK   -181,426 sh (-1%)  -> air-pocket
    TRIM  PACB    ARKK   -114,744 sh (-1%)  -> air-pocket
    TRIM  HOOD    ARKK   -108,971 sh (-4%)  -> air-pocket
    TRIM  NTLA    ARKK   -95,242 sh (-1%)  -> air-pocket
    TRIM  CERS    ARKK   -74,200 sh (-1%)  -> air-pocket
    ADD   PONY    ARKQ   +57,164 sh (+2%)  -> pop
    ADD   SPCX    ARKK   +56,577 sh (+2%)  -> pop
    TRIM  TEM     ARKK   -55,496 sh (-1%)  -> air-pocket
    TRIM  BEAM    ARKK   -54,446 sh (-1%)  -> air-pocket
[-> THEMATIC_ETF_REBALANCE.json  +  thematic_etf_state.json]


===== 2026-07-27 09:39 (desk) =====
=== THEMATIC-ETF (ARK) REBALANCE FLOW  2026-07-27  (6/6 funds, 127 names) ===
  funds: ARKK, ARKG, ARKW, ARKF, ARKQ, ARKX
  HIGH OWNERSHIP-CONCENTRATION (an ARK add/trim forces days of flow — the tradeable air-pocket/pop):
    SLMT    BRERA HOLDINGS PLC-CL B    ARKF             9.3d ADV  26.0% float  wt 0.17%
    MASS    908 DEVICES INC            ARKG             6.6d ADV   7.7% float  wt 0.89%
    KMTUY   KOMATSU LTD -SPONS ADR     ARKQ             6.0d ADV   0.1% float  wt 1.98%
    ARCT    ARCTURUS THERAPEUTICS HOLD ARKG             5.9d ADV  10.8% float  wt 0.99%
    CERS    CERUS CORP                 ARKG+ARKK        5.5d ADV   8.7% float  wt 1.39%
    CRSP    CRISPR THERAPEUTICS AG     ARKG+ARKK        4.6d ADV   8.1% float  wt 6.23%
    PACB    PACIFIC BIOSCIENCES OF CAL ARKG+ARKK        3.9d ADV   7.9% float  wt 0.95%
    BLSH    BULLISH                    ARKF+ARKK+ARKW   3.7d ADV  12.1% float  wt 1.83%
    BEAM    BEAM THERAPEUTICS INC      ARKG+ARKK        3.7d ADV   9.7% float  wt 3.79%
    ALMR    ALAMAR BIOSCIENCES INC     ARKG             3.4d ADV   2.7% float  wt 1.62%
    KDK     KODIAK AI INC              ARKQ             3.2d ADV   4.2% float  wt 0.86%
    PRME    PRIME MEDICINE INC         ARKG             2.3d ADV   6.7% float  wt 1.45%
    TXG     10X GENOMICS INC-CLASS A   ARKG+ARKK        2.3d ADV   6.4% float  wt 9.39%
    NTLA    INTELLIA THERAPEUTICS INC  ARKG+ARKK        2.0d ADV   9.9% float  wt 1.97%
    TWST    TWIST BIOSCIENCE CORP      ARKG+ARKK        2.0d ADV   6.2% float  wt 7.78%
    PSNL    PERSONALIS INC             ARKG             1.8d ADV  10.7% float  wt 5.20%
    ABSI    ABSCI CORP                 ARKG             1.8d ADV   7.1% float  wt 5.10%
    RXRX    RECURSION PHARMACEUTICALS- ARKG+ARKK        1.7d ADV   6.7% float  wt 2.65%
    TEM     TEMPUS AI INC-CL A         ARKG+ARKK        1.4d ADV   7.6% float  wt 6.52%
    WGS     GENEDX HOLDINGS CORP       ARKG+ARKK        1.0d ADV   7.1% float  wt 1.73%
  DAY-OVER-DAY DELTAS (ADD=pop / TRIM=air-pocket):
    TRIM  FIG     ARKK   -1,482,490 sh (-97%)  -> air-pocket
    TRIM  ATAI    ARKG   -717,011 sh (-30%)  -> air-pocket
    ADD   RXRX    ARKK   +259,180 sh (+1%)  -> pop
    TRIM  NTLA    ARKK   -257,560 sh (-2%)  -> air-pocket
    ADD   RXRX    ARKG   +236,600 sh (+2%)  -> pop
    ADD   CMPS    ARKG   +213,921 sh (+5%)  -> pop
    TRIM  FIG     ARKW   -211,959 sh (-21%)  -> air-pocket
    ADD   PACB    ARKG   +184,408 sh (+2%)  -> pop
    ADD   ABSI    ARKG   +183,249 sh (+2%)  -> pop
    ADD   ACHR    ARKK   +179,820 sh (+1%)  -> pop
    TRIM  SRTA    ARKQ   -173,562 sh (-32%)  -> air-pocket
    ADD   PACB    ARKK   +163,920 sh (+1%)  -> pop
[-> THEMATIC_ETF_REBALANCE.json  +  thematic_etf_state.json]


===== 2026-07-28 07:33 (desk) =====
=== THEMATIC-ETF (ARK) REBALANCE FLOW  2026-07-28  (6/6 funds, 127 names) ===
  funds: ARKK, ARKG, ARKW, ARKF, ARKQ, ARKX
  HIGH OWNERSHIP-CONCENTRATION (an ARK add/trim forces days of flow — the tradeable air-pocket/pop):
    SLMT    BRERA HOLDINGS PLC-CL B    ARKF             9.2d ADV  26.0% float  wt 0.17%
    MASS    908 DEVICES INC            ARKG             6.4d ADV   7.5% float  wt 0.89%
    KMTUY   KOMATSU LTD -SPONS ADR     ARKQ             6.0d ADV   0.1% float  wt 2.03%
    ARCT    ARCTURUS THERAPEUTICS HOLD ARKG             5.8d ADV  10.5% float  wt 1.04%
    CERS    CERUS CORP                 ARKG+ARKK        5.4d ADV   8.5% float  wt 1.46%
    CRSP    CRISPR THERAPEUTICS AG     ARKG+ARKK        4.5d ADV   8.1% float  wt 6.27%
    PACB    PACIFIC BIOSCIENCES OF CAL ARKG+ARKK        3.8d ADV   7.8% float  wt 0.95%
    BLSH    BULLISH                    ARKF+ARKK+ARKW   3.7d ADV  12.1% float  wt 1.75%
    BEAM    BEAM THERAPEUTICS INC      ARKG+ARKK        3.7d ADV   9.6% float  wt 3.80%
    ALMR    ALAMAR BIOSCIENCES INC     ARKG             3.3d ADV   2.6% float  wt 1.54%
    KDK     KODIAK AI INC              ARKQ             3.2d ADV   4.2% float  wt 0.88%
    PRME    PRIME MEDICINE INC         ARKG             2.3d ADV   6.5% float  wt 1.49%
    TXG     10X GENOMICS INC-CLASS A   ARKG+ARKK        2.3d ADV   6.2% float  wt 9.35%
    NTLA    INTELLIA THERAPEUTICS INC  ARKG+ARKK        2.1d ADV   9.8% float  wt 1.93%
    TWST    TWIST BIOSCIENCE CORP      ARKG+ARKK        2.0d ADV   6.2% float  wt 7.49%
    ABSI    ABSCI CORP                 ARKG             1.8d ADV   6.9% float  wt 5.12%
    PSNL    PERSONALIS INC             ARKG             1.7d ADV  10.4% float  wt 5.31%
    RXRX    RECURSION PHARMACEUTICALS- ARKG+ARKK        1.7d ADV   6.7% float  wt 2.70%
    TEM     TEMPUS AI INC-CL A         ARKG+ARKK        1.3d ADV   7.5% float  wt 6.58%
    WGS     GENEDX HOLDINGS CORP       ARKG+ARKK        1.0d ADV   7.1% float  wt 1.78%
  DAY-OVER-DAY DELTAS (ADD=pop / TRIM=air-pocket):
    TRIM  RXRX    ARKG   -388,700 sh (-3%)  -> air-pocket
    TRIM  PACB    ARKG   -302,956 sh (-3%)  -> air-pocket
    TRIM  ABSI    ARKG   -293,204 sh (-3%)  -> air-pocket
    TRIM  PRME    ARKG   -214,130 sh (-3%)  -> air-pocket
    TRIM  CERS    ARKG   -205,850 sh (-3%)  -> air-pocket
    TRIM  QSI     ARKG   -192,671 sh (-3%)  -> air-pocket
    TRIM  PSNL    ARKG   -191,912 sh (-3%)  -> air-pocket
    TRIM  BFLY    ARKG   -135,953 sh (-3%)  -> air-pocket
    TRIM  CMPS    ARKG   -127,213 sh (-3%)  -> air-pocket
    TRIM  TXG     ARKG   -88,205 sh (-3%)  -> air-pocket
    TRIM  NTLA    ARKG   -84,975 sh (-3%)  -> air-pocket
    TRIM  ARCT    ARKG   -78,108 sh (-3%)  -> air-pocket
[-> THEMATIC_ETF_REBALANCE.json  +  thematic_etf_state.json]


===== 2026-07-29 08:33 (desk) =====
=== THEMATIC-ETF (ARK) REBALANCE FLOW  2026-07-29  (6/6 funds, 128 names) ===
  funds: ARKK, ARKG, ARKW, ARKF, ARKQ, ARKX
  HIGH OWNERSHIP-CONCENTRATION (an ARK add/trim forces days of flow — the tradeable air-pocket/pop):
    SLMT    BRERA HOLDINGS PLC-CL B    ARKF             9.2d ADV  26.0% float  wt 0.17%
    MASS    908 DEVICES INC            ARKG             6.5d ADV   7.5% float  wt 0.88%
    KMTUY   KOMATSU LTD -SPONS ADR     ARKQ             6.0d ADV   0.1% float  wt 2.04%
    ARCT    ARCTURUS THERAPEUTICS HOLD ARKG             5.7d ADV  10.5% float  wt 1.03%
    CERS    CERUS CORP                 ARKG+ARKK        5.3d ADV   8.4% float  wt 1.38%
    CRSP    CRISPR THERAPEUTICS AG     ARKG+ARKK        4.4d ADV   7.8% float  wt 6.36%
    BEAM    BEAM THERAPEUTICS INC      ARKG+ARKK        3.7d ADV   9.5% float  wt 3.97%
    PACB    PACIFIC BIOSCIENCES OF CAL ARKG+ARKK        3.7d ADV   7.7% float  wt 0.97%
    BLSH    BULLISH                    ARKF+ARKK+ARKW   3.5d ADV  11.8% float  wt 1.75%
    ALMR    ALAMAR BIOSCIENCES INC     ARKG             3.3d ADV   2.6% float  wt 1.55%
    KDK     KODIAK AI INC              ARKQ             3.2d ADV   4.2% float  wt 0.87%
    PRME    PRIME MEDICINE INC         ARKG             2.3d ADV   6.5% float  wt 1.52%
    NTLA    INTELLIA THERAPEUTICS INC  ARKG+ARKK        2.2d ADV   9.6% float  wt 1.96%
    TXG     10X GENOMICS INC-CLASS A   ARKG+ARKK        2.2d ADV   6.1% float  wt 9.55%
    TWST    TWIST BIOSCIENCE CORP      ARKG+ARKK        1.9d ADV   6.0% float  wt 7.64%
    ABSI    ABSCI CORP                 ARKG             1.8d ADV   6.9% float  wt 4.81%
    PSNL    PERSONALIS INC             ARKG             1.7d ADV  10.4% float  wt 5.25%
    RXRX    RECURSION PHARMACEUTICALS- ARKG+ARKK        1.6d ADV   6.6% float  wt 2.73%
    TEM     TEMPUS AI INC-CL A         ARKG+ARKK        1.3d ADV   7.4% float  wt 6.55%
    WGS     GENEDX HOLDINGS CORP       ARKG+ARKK        1.0d ADV   7.0% float  wt 1.81%
  DAY-OVER-DAY DELTAS (ADD=pop / TRIM=air-pocket):
    ADD   LUNR    ARKQ   +692,355 sh (+40%)  -> pop
    TRIM  RXRX    ARKK   -453,565 sh (-2%)  -> air-pocket
    NEW   SCTX    ARKG   +351,661 sh (  new/exit)  -> pop
    TRIM  ACHR    ARKK   -314,685 sh (-2%)  -> air-pocket
    TRIM  GENI    ARKW   -292,255 sh (-9%)  -> air-pocket
    TRIM  PACB    ARKK   -286,860 sh (-2%)  -> air-pocket
    TRIM  NTLA    ARKK   -255,645 sh (-2%)  -> air-pocket
    TRIM  CRSP    ARKK   -235,013 sh (-4%)  -> air-pocket
    TRIM  CERS    ARKK   -185,500 sh (-2%)  -> air-pocket
    TRIM  BLSH    ARKK   -166,328 sh (-4%)  -> air-pocket
    TRIM  RBLX    ARKK   -154,885 sh (-4%)  -> air-pocket
    TRIM  TEM     ARKK   -138,740 sh (-2%)  -> air-pocket
[-> THEMATIC_ETF_REBALANCE.json  +  thematic_etf_state.json]


===== 2026-07-30 09:33 (desk) =====
=== THEMATIC-ETF (ARK) REBALANCE FLOW  2026-07-30  (6/6 funds, 128 names) ===
  funds: ARKK, ARKG, ARKW, ARKF, ARKQ, ARKX
  HIGH OWNERSHIP-CONCENTRATION (an ARK add/trim forces days of flow — the tradeable air-pocket/pop):
    SLMT    BRERA HOLDINGS PLC-CL B    ARKF             9.3d ADV  26.0% float  wt 0.17%
    MASS    908 DEVICES INC            ARKG             6.4d ADV   7.7% float  wt 0.96%
    ARCT    ARCTURUS THERAPEUTICS HOLD ARKG             5.9d ADV  10.7% float  wt 1.05%
    KMTUY   KOMATSU LTD -SPONS ADR     ARKQ             5.8d ADV   0.1% float  wt 2.16%
    CERS    CERUS CORP                 ARKG+ARKK        5.4d ADV   8.6% float  wt 1.37%
    CRSP    CRISPR THERAPEUTICS AG     ARKG+ARKK        4.4d ADV   7.9% float  wt 6.44%
    PACB    PACIFIC BIOSCIENCES OF CAL ARKG+ARKK        3.8d ADV   7.8% float  wt 0.99%
    BEAM    BEAM THERAPEUTICS INC      ARKG+ARKK        3.7d ADV   9.7% float  wt 3.98%
    BLSH    BULLISH                    ARKF+ARKK+ARKW   3.6d ADV  11.9% float  wt 1.75%
    ALMR    ALAMAR BIOSCIENCES INC     ARKG             3.3d ADV   2.7% float  wt 1.55%
    KDK     KODIAK AI INC              ARKQ             3.2d ADV   4.2% float  wt 0.89%
    PRME    PRIME MEDICINE INC         ARKG             2.3d ADV   6.7% float  wt 1.51%
    TXG     10X GENOMICS INC-CLASS A   ARKG+ARKK        2.3d ADV   6.2% float  wt 9.51%
    NTLA    INTELLIA THERAPEUTICS INC  ARKG+ARKK        2.2d ADV   9.6% float  wt 1.97%
    ABSI    ABSCI CORP                 ARKG             1.9d ADV   7.1% float  wt 4.71%
    TWST    TWIST BIOSCIENCE CORP      ARKG+ARKK        1.9d ADV   6.1% float  wt 7.45%
    PSNL    PERSONALIS INC             ARKG             1.8d ADV  10.7% float  wt 5.24%
    RXRX    RECURSION PHARMACEUTICALS- ARKG+ARKK        1.6d ADV   6.7% float  wt 2.69%
    TEM     TEMPUS AI INC-CL A         ARKG+ARKK        1.3d ADV   7.5% float  wt 6.42%
    WGS     GENEDX HOLDINGS CORP       ARKG+ARKK        1.0d ADV   7.1% float  wt 1.89%
  DAY-OVER-DAY DELTAS (ADD=pop / TRIM=air-pocket):
    TRIM  GENI    ARKW   -413,801 sh (-14%)  -> air-pocket
    ADD   RXRX    ARKK   +323,975 sh (+2%)  -> pop
    ADD   RXRX    ARKG   +304,200 sh (+2%)  -> pop
    ADD   PACB    ARKG   +237,096 sh (+2%)  -> pop
    ADD   ABSI    ARKG   +229,464 sh (+2%)  -> pop
    ADD   ACHR    ARKK   +224,775 sh (+2%)  -> pop
    ADD   PACB    ARKK   +204,900 sh (+2%)  -> pop
    ADD   XE      ARKK   +177,591 sh (+4%)  -> pop
    ADD   PRME    ARKG   +167,580 sh (+2%)  -> pop
    ADD   CERS    ARKG   +161,100 sh (+2%)  -> pop
    ADD   QSI     ARKG   +150,786 sh (+2%)  -> pop
    ADD   PSNL    ARKG   +150,192 sh (+2%)  -> pop
[-> THEMATIC_ETF_REBALANCE.json  +  thematic_etf_state.json]


===== 2026-07-31 10:37 (desk) =====
=== THEMATIC-ETF (ARK) REBALANCE FLOW  2026-07-31  (6/6 funds, 128 names) ===
  funds: ARKK, ARKG, ARKW, ARKF, ARKQ, ARKX
  HIGH OWNERSHIP-CONCENTRATION (an ARK add/trim forces days of flow — the tradeable air-pocket/pop):
  DAY-OVER-DAY DELTAS (ADD=pop / TRIM=air-pocket):
    TRIM  RXRX    ARKG   -253,500 sh (-2%)  -> air-pocket
    TRIM  SRTA    ARKQ   -207,675 sh (-85%)  -> air-pocket
    TRIM  PACB    ARKG   -197,580 sh (-2%)  -> air-pocket
    TRIM  ABSI    ARKG   -191,220 sh (-2%)  -> air-pocket
    TRIM  PRME    ARKG   -139,650 sh (-2%)  -> air-pocket
    TRIM  CERS    ARKG   -134,250 sh (-2%)  -> air-pocket
    TRIM  QSI     ARKG   -125,655 sh (-2%)  -> air-pocket
    TRIM  PSNL    ARKG   -125,160 sh (-2%)  -> air-pocket
    TRIM  BFLY    ARKG   -88,665 sh (-2%)  -> air-pocket
    TRIM  CMPS    ARKG   -82,965 sh (-2%)  -> air-pocket
    TRIM  TXG     ARKG   -57,525 sh (-2%)  -> air-pocket
    TRIM  KMTUY   ARKQ   -51,868 sh (-6%)  -> air-pocket
[-> THEMATIC_ETF_REBALANCE.json  +  thematic_etf_state.json]


===== 2026-08-03 00:44 (desk) =====
=== THEMATIC-ETF (ARK) REBALANCE FLOW  2026-08-03  (6/6 funds, 128 names) ===
  funds: ARKK, ARKG, ARKW, ARKF, ARKQ, ARKX
  HIGH OWNERSHIP-CONCENTRATION (an ARK add/trim forces days of flow — the tradeable air-pocket/pop):
    SLMT    BRERA HOLDINGS PLC-CL B    ARKF             9.3d ADV  30.0% float  wt 0.17%
    MASS    908 DEVICES INC            ARKG             6.3d ADV   7.5% float  wt 0.98%
    CERS    CERUS CORP                 ARKG+ARKK        5.9d ADV   8.4% float  wt 1.00%
    ARCT    ARCTURUS THERAPEUTICS HOLD ARKG             5.8d ADV  10.5% float  wt 1.02%
    KMTUY   KOMATSU LTD -SPONS ADR     ARKQ             5.5d ADV   0.1% float  wt 1.95%
    CRSP    CRISPR THERAPEUTICS AG     ARKG+ARKK        4.4d ADV   7.8% float  wt 6.30%
    PACB    PACIFIC BIOSCIENCES OF CAL ARKG+ARKK        3.8d ADV   7.7% float  wt 0.96%
    BEAM    BEAM THERAPEUTICS INC      ARKG+ARKK        3.7d ADV   9.5% float  wt 3.78%
    BLSH    BULLISH                    ARKF+ARKK+ARKW   3.5d ADV  11.8% float  wt 1.75%
    ALMR    ALAMAR BIOSCIENCES INC     ARKG             3.3d ADV   2.7% float  wt 1.56%
    KDK     KODIAK AI INC              ARKQ             3.2d ADV   4.2% float  wt 0.92%
    PRME    PRIME MEDICINE INC         ARKG             2.3d ADV   6.5% float  wt 1.41%
    NTLA    INTELLIA THERAPEUTICS INC  ARKG+ARKK        2.2d ADV   9.4% float  wt 1.91%
    TXG     10X GENOMICS INC-CLASS A   ARKG+ARKK        2.2d ADV   6.1% float  wt 9.41%
    TWST    TWIST BIOSCIENCE CORP      ARKG+ARKK        1.9d ADV   6.0% float  wt 7.74%
    ABSI    ABSCI CORP                 ARKG             1.8d ADV   6.9% float  wt 5.15%
    PSNL    PERSONALIS INC             ARKG             1.7d ADV  10.4% float  wt 5.48%
    RXRX    RECURSION PHARMACEUTICALS- ARKG+ARKK        1.6d ADV   6.6% float  wt 2.63%
    TEM     TEMPUS AI INC-CL A         ARKG+ARKK        1.3d ADV   7.1% float  wt 6.57%
    WGS     GENEDX HOLDINGS CORP       ARKG+ARKK        1.0d ADV   7.0% float  wt 1.87%
  DAY-OVER-DAY DELTAS (ADD=pop / TRIM=air-pocket):
    ADD   CRWV    ARKK   +196,733 sh (+12%)  -> pop
    TRIM  RXRX    ARKK   -142,549 sh (-1%)  -> air-pocket
    TRIM  NTLA    ARKK   -128,520 sh (-1%)  -> air-pocket
    TRIM  TXG     ARKK   -104,943 sh (-3%)  -> air-pocket
    TRIM  ACHR    ARKK   -98,901 sh (-1%)  -> air-pocket
    TRIM  PACB    ARKK   -90,156 sh (-1%)  -> air-pocket
    ADD   CRWV    ARKW   +87,347 sh (+14%)  -> pop
    TRIM  SHOP    ARKK   -62,179 sh (-3%)  -> air-pocket
    TRIM  CERS    ARKK   -58,300 sh (-1%)  -> air-pocket
    ADD   CRCL    ARKK   +53,244 sh (+2%)  -> pop
    TRIM  TEM     ARKK   -43,604 sh (-1%)  -> air-pocket
    TRIM  BEAM    ARKK   -42,779 sh (-1%)  -> air-pocket
[-> THEMATIC_ETF_REBALANCE.json  +  thematic_etf_state.json]


===== 2026-08-04 01:34 (desk) =====
=== THEMATIC-ETF (ARK) REBALANCE FLOW  2026-08-04  (6/6 funds, 128 names) ===
  funds: ARKK, ARKG, ARKW, ARKF, ARKQ, ARKX
  HIGH OWNERSHIP-CONCENTRATION (an ARK add/trim forces days of flow — the tradeable air-pocket/pop):
    SLMT    BRERA HOLDINGS PLC-CL B    ARKF             9.3d ADV  30.0% float  wt 0.17%
    MASS    908 DEVICES INC            ARKG             6.3d ADV   7.6% float  wt 1.01%
    CERS    CERUS CORP                 ARKG+ARKK        5.9d ADV   8.4% float  wt 0.97%
    ARCT    ARCTURUS THERAPEUTICS HOLD ARKG             5.8d ADV  10.5% float  wt 1.03%
    KMTUY   KOMATSU LTD -SPONS ADR     ARKQ             5.3d ADV   0.1% float  wt 1.79%
    CRSP    CRISPR THERAPEUTICS AG     ARKG+ARKK        4.4d ADV   7.8% float  wt 6.34%
    PACB    PACIFIC BIOSCIENCES OF CAL ARKG+ARKK        3.8d ADV   7.7% float  wt 0.95%
    BEAM    BEAM THERAPEUTICS INC      ARKG+ARKK        3.7d ADV   9.5% float  wt 3.74%
    BLSH    BULLISH                    ARKF+ARKK+ARKW   3.5d ADV  11.8% float  wt 1.75%
    ALMR    ALAMAR BIOSCIENCES INC     ARKG             3.4d ADV   2.7% float  wt 1.62%
    KDK     KODIAK AI INC              ARKQ             3.2d ADV   4.2% float  wt 0.88%
    PRME    PRIME MEDICINE INC         ARKG             2.3d ADV   6.6% float  wt 1.32%
    NTLA    INTELLIA THERAPEUTICS INC  ARKG+ARKK        2.2d ADV   9.4% float  wt 1.87%
    TXG     10X GENOMICS INC-CLASS A   ARKG+ARKK        2.1d ADV   5.9% float  wt 9.12%
    TWST    TWIST BIOSCIENCE CORP      ARKG+ARKK        1.9d ADV   6.0% float  wt 8.33%
    ABSI    ABSCI CORP                 ARKG             1.8d ADV   6.9% float  wt 5.11%
    PSNL    PERSONALIS INC             ARKG             1.7d ADV  10.5% float  wt 5.57%
    RXRX    RECURSION PHARMACEUTICALS- ARKG+ARKK        1.6d ADV   6.6% float  wt 2.72%
    TEM     TEMPUS AI INC-CL A         ARKG+ARKK        1.3d ADV   7.1% float  wt 6.72%
    WGS     GENEDX HOLDINGS CORP       ARKG+ARKK        1.0d ADV   7.0% float  wt 1.90%
  DAY-OVER-DAY DELTAS (ADD=pop / TRIM=air-pocket):
    TRIM  RBLX    ARKK   -390,655 sh (-10%)  -> air-pocket
    TRIM  TXG     ARKK   -248,607 sh (-6%)  -> air-pocket
    ADD   CRWV    ARKK   +131,303 sh (+7%)  -> pop
    TRIM  RBLX    ARKW   -112,705 sh (-11%)  -> air-pocket
    TRIM  ACHR    ARKQ   -57,048 sh (-1%)  -> air-pocket
    ADD   COIN    ARKK   +39,775 sh (+2%)  -> pop
    ADD   CRWV    ARKW   +39,491 sh (+6%)  -> pop
    ADD   AMZN    ARKK   +39,469 sh (+6%)  -> pop
    ADD   RKLB    ARKQ   +35,127 sh (+4%)  -> pop
    ADD   RXRX    ARKG   +33,800 sh (+0%)  -> pop
    TRIM  AUR     ARKQ   -32,418 sh (-1%)  -> air-pocket
    TRIM  KMTUY   ARKQ   -32,030 sh (-4%)  -> air-pocket
[-> THEMATIC_ETF_REBALANCE.json  +  thematic_etf_state.json]


===== 2026-08-05 02:39 (desk) =====
=== THEMATIC-ETF (ARK) REBALANCE FLOW  2026-08-05  (6/6 funds, 128 names) ===
  funds: ARKK, ARKG, ARKW, ARKF, ARKQ, ARKX
  HIGH OWNERSHIP-CONCENTRATION (an ARK add/trim forces days of flow — the tradeable air-pocket/pop):
    SLMT    BRERA HOLDINGS PLC-CL B    ARKF             9.3d ADV  30.0% float  wt 0.17%
    MASS    908 DEVICES INC            ARKG             6.2d ADV   7.5% float  wt 0.98%
    CERS    CERUS CORP                 ARKG+ARKK        5.9d ADV   8.5% float  wt 0.96%
    ARCT    ARCTURUS THERAPEUTICS HOLD ARKG             5.7d ADV  10.4% float  wt 1.04%
    KMTUY   KOMATSU LTD -SPONS ADR     ARKQ             5.2d ADV   0.1% float  wt 1.78%
    CRSP    CRISPR THERAPEUTICS AG     ARKG+ARKK        4.4d ADV   7.9% float  wt 6.60%
    BEAM    BEAM THERAPEUTICS INC      ARKG+ARKK        3.8d ADV   9.6% float  wt 3.98%
    PACB    PACIFIC BIOSCIENCES OF CAL ARKG+ARKK        3.8d ADV   7.8% float  wt 0.93%
    BLSH    BULLISH                    ARKF+ARKK+ARKW   3.5d ADV  11.9% float  wt 1.75%
    ALMR    ALAMAR BIOSCIENCES INC     ARKG             3.3d ADV   2.6% float  wt 1.58%
    KDK     KODIAK AI INC              ARKQ             3.2d ADV   4.2% float  wt 0.89%
    NTLA    INTELLIA THERAPEUTICS INC  ARKG+ARKK        2.2d ADV   9.4% float  wt 1.86%
    PRME    PRIME MEDICINE INC         ARKG             2.2d ADV   6.5% float  wt 1.37%
    TXG     10X GENOMICS INC-CLASS A   ARKG+ARKK        2.1d ADV   5.9% float  wt 9.03%
    TWST    TWIST BIOSCIENCE CORP      ARKG+ARKK        1.9d ADV   6.0% float  wt 7.97%
    ABSI    ABSCI CORP                 ARKG             1.8d ADV   6.9% float  wt 5.32%
    PSNL    PERSONALIS INC             ARKG             1.7d ADV  10.4% float  wt 5.55%
    RXRX    RECURSION PHARMACEUTICALS- ARKG+ARKK        1.6d ADV   6.6% float  wt 2.75%
    TEM     TEMPUS AI INC-CL A         ARKG+ARKK        1.3d ADV   7.2% float  wt 6.68%
    WGS     GENEDX HOLDINGS CORP       ARKG+ARKK        1.1d ADV   7.4% float  wt 2.01%
  DAY-OVER-DAY DELTAS (ADD=pop / TRIM=air-pocket):
    TRIM  ATAI    ARKG   -289,597 sh (-18%)  -> air-pocket
    ADD   RXRX    ARKK   +259,180 sh (+1%)  -> pop
    ADD   ACHR    ARKK   +179,820 sh (+1%)  -> pop
    ADD   PACB    ARKK   +163,920 sh (+1%)  -> pop
    TRIM  RXRX    ARKG   -118,300 sh (-1%)  -> air-pocket
    ADD   CERS    ARKK   +106,000 sh (+1%)  -> pop
    TRIM  PACB    ARKG   -92,204 sh (-1%)  -> air-pocket
    TRIM  ABSI    ARKG   -89,236 sh (-1%)  -> air-pocket
    ADD   TEM     ARKK   +79,280 sh (+1%)  -> pop
    ADD   BEAM    ARKK   +77,780 sh (+1%)  -> pop
    ADD   CRSP    ARKK   +70,200 sh (+1%)  -> pop
    ADD   BMNR    ARKK   +68,720 sh (+1%)  -> pop
[-> THEMATIC_ETF_REBALANCE.json  +  thematic_etf_state.json]


===== 2026-08-06 03:34 (desk) =====
=== THEMATIC-ETF (ARK) REBALANCE FLOW  2026-08-06  (6/6 funds, 128 names) ===
  funds: ARKK, ARKG, ARKW, ARKF, ARKQ, ARKX
  HIGH OWNERSHIP-CONCENTRATION (an ARK add/trim forces days of flow — the tradeable air-pocket/pop):
    SLMT    BRERA HOLDINGS PLC-CL B    ARKF             9.2d ADV  30.0% float  wt 0.17%
    MASS    908 DEVICES INC            ARKG             6.3d ADV   7.5% float  wt 0.96%
    CERS    CERUS CORP                 ARKG+ARKK        5.9d ADV   8.4% float  wt 0.99%
    ARCT    ARCTURUS THERAPEUTICS HOLD ARKG             5.8d ADV  10.5% float  wt 1.03%
    KMTUY   KOMATSU LTD -SPONS ADR     ARKQ             5.2d ADV   0.1% float  wt 1.85%
    CRSP    CRISPR THERAPEUTICS AG     ARKG+ARKK        4.4d ADV   7.8% float  wt 6.43%
    PACB    PACIFIC BIOSCIENCES OF CAL ARKG+ARKK        3.8d ADV   7.7% float  wt 0.83%
    BEAM    BEAM THERAPEUTICS INC      ARKG+ARKK        3.7d ADV   9.5% float  wt 3.75%
    BLSH    BULLISH                    ARKF+ARKK+ARKW   3.5d ADV  11.7% float  wt 1.75%
    ALMR    ALAMAR BIOSCIENCES INC     ARKG             3.3d ADV   2.6% float  wt 1.63%
    KDK     KODIAK AI INC              ARKQ             3.2d ADV   4.2% float  wt 0.85%
    NTLA    INTELLIA THERAPEUTICS INC  ARKG+ARKK        2.2d ADV   9.3% float  wt 1.81%
    PRME    PRIME MEDICINE INC         ARKG             2.2d ADV   6.5% float  wt 1.39%
    TXG     10X GENOMICS INC-CLASS A   ARKG+ARKK        2.1d ADV   5.8% float  wt 8.83%
    ABSI    ABSCI CORP                 ARKG             1.9d ADV   6.9% float  wt 5.20%
    TWST    TWIST BIOSCIENCE CORP      ARKG+ARKK        1.9d ADV   6.0% float  wt 9.13%
    PSNL    PERSONALIS INC             ARKG             1.7d ADV  10.2% float  wt 5.48%
    RXRX    RECURSION PHARMACEUTICALS- ARKG+ARKK        1.6d ADV   6.6% float  wt 2.60%
    TEM     TEMPUS AI INC-CL A         ARKG+ARKK        1.3d ADV   7.1% float  wt 6.54%
    WGS     GENEDX HOLDINGS CORP       ARKG+ARKK        1.2d ADV   7.6% float  wt 2.05%
  DAY-OVER-DAY DELTAS (ADD=pop / TRIM=air-pocket):
    TRIM  RBLX    ARKK   -381,351 sh (-11%)  -> air-pocket
    TRIM  RXRX    ARKK   -298,057 sh (-2%)  -> air-pocket
    TRIM  ACHR    ARKK   -206,793 sh (-2%)  -> air-pocket
    TRIM  PACB    ARKK   -188,508 sh (-2%)  -> air-pocket
    TRIM  ATAI    ARKG   -175,919 sh (-13%)  -> air-pocket
    TRIM  NTLA    ARKK   -144,739 sh (-2%)  -> air-pocket
    ADD   CRCL    ARKK   +143,066 sh (+4%)  -> pop
    TRIM  CERS    ARKK   -121,900 sh (-2%)  -> air-pocket
    TRIM  RBLX    ARKW   -94,202 sh (-10%)  -> air-pocket
    TRIM  SHOP    ARKK   -93,775 sh (-4%)  -> air-pocket
    TRIM  TEM     ARKK   -91,172 sh (-2%)  -> air-pocket
    TRIM  BEAM    ARKK   -89,447 sh (-2%)  -> air-pocket
[-> THEMATIC_ETF_REBALANCE.json  +  thematic_etf_state.json]


===== 2026-08-07 04:37 (desk) =====
=== THEMATIC-ETF (ARK) REBALANCE FLOW  2026-08-07  (6/6 funds, 128 names) ===
  funds: ARKK, ARKG, ARKW, ARKF, ARKQ, ARKX
  HIGH OWNERSHIP-CONCENTRATION (an ARK add/trim forces days of flow — the tradeable air-pocket/pop):
    SLMT    BRERA HOLDINGS PLC-CL B    ARKF             9.3d ADV  30.0% float  wt 0.17%
    MASS    908 DEVICES INC            ARKG             6.3d ADV   7.5% float  wt 0.97%
    ARCT    ARCTURUS THERAPEUTICS HOLD ARKG             5.7d ADV  10.4% float  wt 1.02%
    CERS    CERUS CORP                 ARKG+ARKK        5.7d ADV   8.4% float  wt 1.03%
    KMTUY   KOMATSU LTD -SPONS ADR     ARKQ             5.1d ADV   0.1% float  wt 1.89%
    CRSP    CRISPR THERAPEUTICS AG     ARKG+ARKK        4.5d ADV   7.8% float  wt 6.45%
    BEAM    BEAM THERAPEUTICS INC      ARKG+ARKK        3.7d ADV   9.5% float  wt 3.85%
    PACB    PACIFIC BIOSCIENCES OF CAL ARKG+ARKK        3.7d ADV   7.7% float  wt 0.76%
    BLSH    BULLISH                    ARKF+ARKK+ARKW   3.5d ADV  11.7% float  wt 1.75%
    ALMR    ALAMAR BIOSCIENCES INC     ARKG             3.3d ADV   2.6% float  wt 1.65%
    KDK     KODIAK AI INC              ARKQ             3.1d ADV   4.2% float  wt 0.87%
    NTLA    INTELLIA THERAPEUTICS INC  ARKG+ARKK        2.3d ADV  11.3% float  wt 1.92%
    PRME    PRIME MEDICINE INC         ARKG             2.2d ADV   6.5% float  wt 1.36%
    TXG     10X GENOMICS INC-CLASS A   ARKG+ARKK        2.1d ADV   5.8% float  wt 8.65%
    ABSI    ABSCI CORP                 ARKG             1.9d ADV   6.9% float  wt 5.23%
    TWST    TWIST BIOSCIENCE CORP      ARKG+ARKK        1.9d ADV   6.0% float  wt 8.82%
    PSNL    PERSONALIS INC             ARKG             1.7d ADV  10.2% float  wt 5.38%
    RXRX    RECURSION PHARMACEUTICALS- ARKG+ARKK        1.6d ADV   6.5% float  wt 2.66%
    SCTX    SCRIBE THERAPEUTICS INC    ARKG             1.4d ADV  39.3% float  wt 0.55%
    WGS     GENEDX HOLDINGS CORP       ARKG+ARKK        1.3d ADV   7.8% float  wt 2.14%
  DAY-OVER-DAY DELTAS (ADD=pop / TRIM=air-pocket):
    TRIM  ATAI    ARKG   -519,122 sh (-44%)  -> air-pocket
    ADD   NTLA    ARKK   +299,144 sh (+3%)  -> pop
    ADD   XYZ     ARKK   +185,077 sh (+13%)  -> pop
    ADD   NTLA    ARKG   +85,021 sh (+3%)  -> pop
    TRIM  SHOP    ARKK   -78,395 sh (-4%)  -> air-pocket
    TRIM  RBLX    ARKK   -61,182 sh (-2%)  -> air-pocket
    TRIM  ACHR    ARKQ   -57,048 sh (-1%)  -> air-pocket
    ADD   XYZ     ARKW   +52,297 sh (+7%)  -> pop
    ADD   SDGR    ARKG   +43,522 sh (+2%)  -> pop
    TRIM  BLSH    ARKW   -39,509 sh (-4%)  -> air-pocket
    TRIM  RXRX    ARKG   -33,800 sh (-0%)  -> air-pocket
    TRIM  AUR     ARKQ   -32,418 sh (-1%)  -> air-pocket
[-> THEMATIC_ETF_REBALANCE.json  +  thematic_etf_state.json]


===== 2026-08-10 00:42 (desk) =====
=== THEMATIC-ETF (ARK) REBALANCE FLOW  2026-08-10  (6/6 funds, 128 names) ===
  funds: ARKK, ARKG, ARKW, ARKF, ARKQ, ARKX
  HIGH OWNERSHIP-CONCENTRATION (an ARK add/trim forces days of flow — the tradeable air-pocket/pop):
    SLMT    BRERA HOLDINGS PLC-CL B    ARKF             9.4d ADV  30.0% float  wt 0.17%
    MASS    908 DEVICES INC            ARKG             6.3d ADV   7.3% float  wt 0.98%
    CERS    CERUS CORP                 ARKG+ARKK        5.6d ADV   8.3% float  wt 0.98%
    ARCT    ARCTURUS THERAPEUTICS HOLD ARKG             5.5d ADV  10.1% float  wt 1.17%
    KMTUY   KOMATSU LTD -SPONS ADR     ARKQ             5.1d ADV   0.1% float  wt 1.84%
    CRSP    CRISPR THERAPEUTICS AG     ARKG+ARKK        4.5d ADV   7.8% float  wt 6.30%
    BEAM    BEAM THERAPEUTICS INC      ARKG+ARKK        3.8d ADV   9.5% float  wt 3.65%
    PACB    PACIFIC BIOSCIENCES OF CAL ARKG+ARKK        3.6d ADV   7.6% float  wt 0.73%
    BLSH    BULLISH                    ARKF+ARKK+ARKW   3.5d ADV  11.6% float  wt 1.75%
    KDK     KODIAK AI INC              ARKQ             3.4d ADV   4.4% float  wt 0.86%
    ALMR    ALAMAR BIOSCIENCES INC     ARKG             3.3d ADV   2.6% float  wt 1.57%
    NTLA    INTELLIA THERAPEUTICS INC  ARKG+ARKK        2.3d ADV   9.6% float  wt 1.95%
    PRME    PRIME MEDICINE INC         ARKG             2.2d ADV   6.4% float  wt 1.33%
    TXG     10X GENOMICS INC-CLASS A   ARKG+ARKK        2.1d ADV   5.6% float  wt 9.29%
    ABSI    ABSCI CORP                 ARKG             1.9d ADV   6.7% float  wt 5.30%
    TWST    TWIST BIOSCIENCE CORP      ARKG+ARKK        1.9d ADV   6.0% float  wt 8.81%
    PSNL    PERSONALIS INC             ARKG             1.7d ADV   9.8% float  wt 5.50%
    RXRX    RECURSION PHARMACEUTICALS- ARKG+ARKK        1.6d ADV   6.5% float  wt 2.53%
    SCTX    SCRIBE THERAPEUTICS INC    ARKG             1.5d ADV  38.2% float  wt 0.53%
    WGS     GENEDX HOLDINGS CORP       ARKG+ARKK        1.4d ADV   7.7% float  wt 2.23%
  DAY-OVER-DAY DELTAS (ADD=pop / TRIM=air-pocket):
    TRIM  RBLX    ARKK   -1,595,369 sh (-54%)  -> air-pocket
    TRIM  RXRX    ARKG   -371,800 sh (-3%)  -> air-pocket
    ADD   CRCL    ARKK   +318,472 sh (+9%)  -> pop
    TRIM  PACB    ARKG   -289,784 sh (-3%)  -> air-pocket
    TRIM  ABSI    ARKG   -280,456 sh (-3%)  -> air-pocket
    TRIM  PRME    ARKG   -204,820 sh (-3%)  -> air-pocket
    TRIM  CERS    ARKG   -196,900 sh (-3%)  -> air-pocket
    TRIM  QSI     ARKG   -184,294 sh (-3%)  -> air-pocket
    TRIM  PSNL    ARKG   -183,568 sh (-3%)  -> air-pocket
    TRIM  ATAI    ARKG   -176,506 sh (-27%)  -> air-pocket
    TRIM  BFLY    ARKG   -130,042 sh (-3%)  -> air-pocket
    TRIM  CMPS    ARKG   -121,682 sh (-3%)  -> air-pocket
[-> THEMATIC_ETF_REBALANCE.json  +  thematic_etf_state.json]


===== 2026-08-11 01:45 (desk) =====
=== THEMATIC-ETF (ARK) REBALANCE FLOW  2026-08-11  (6/6 funds, 128 names) ===
  funds: ARKK, ARKG, ARKW, ARKF, ARKQ, ARKX
  HIGH OWNERSHIP-CONCENTRATION (an ARK add/trim forces days of flow — the tradeable air-pocket/pop):
    SLMT    BRERA HOLDINGS PLC-CL B    ARKF             9.5d ADV  32.1% float  wt 0.17%
    MASS    908 DEVICES INC            ARKG             6.3d ADV   7.4% float  wt 0.94%
    CERS    CERUS CORP                 ARKG+ARKK        5.7d ADV   8.4% float  wt 1.02%
    ARCT    ARCTURUS THERAPEUTICS HOLD ARKG             5.5d ADV  10.3% float  wt 1.08%
    KMTUY   KOMATSU LTD -SPONS ADR     ARKQ             5.1d ADV   0.1% float  wt 1.82%
    CRSP    CRISPR THERAPEUTICS AG     ARKG+ARKK        4.5d ADV   7.8% float  wt 6.12%
    BEAM    BEAM THERAPEUTICS INC      ARKG+ARKK        3.8d ADV   9.6% float  wt 3.52%
    PACB    PACIFIC BIOSCIENCES OF CAL ARKG+ARKK        3.6d ADV   7.7% float  wt 0.69%
    BLSH    BULLISH                    ARKF+ARKK+ARKW   3.5d ADV  11.6% float  wt 1.75%
    KDK     KODIAK AI INC              ARKQ             3.5d ADV   4.4% float  wt 0.84%
    ALMR    ALAMAR BIOSCIENCES INC     ARKG             3.3d ADV   2.6% float  wt 1.50%
    NTLA    INTELLIA THERAPEUTICS INC  ARKG+ARKK        2.3d ADV   9.6% float  wt 1.94%
    PRME    PRIME MEDICINE INC         ARKG             2.2d ADV   6.5% float  wt 1.33%
    TXG     10X GENOMICS INC-CLASS A   ARKG+ARKK        2.0d ADV   5.6% float  wt 10.11%
    ABSI    ABSCI CORP                 ARKG             1.9d ADV   6.8% float  wt 5.20%
    TWST    TWIST BIOSCIENCE CORP      ARKG+ARKK        1.9d ADV   6.0% float  wt 9.22%
    PSNL    PERSONALIS INC             ARKG             1.7d ADV   9.9% float  wt 5.47%
    SCTX    SCRIBE THERAPEUTICS INC    ARKG             1.6d ADV  38.6% float  wt 0.49%
    RXRX    RECURSION PHARMACEUTICALS- ARKG+ARKK        1.6d ADV   6.6% float  wt 2.52%
    WGS     GENEDX HOLDINGS CORP       ARKG+ARKK        1.4d ADV   7.8% float  wt 2.19%
  DAY-OVER-DAY DELTAS (ADD=pop / TRIM=air-pocket):
    ADD   RXRX    ARKG   +135,200 sh (+1%)  -> pop
    ADD   PACB    ARKG   +105,376 sh (+1%)  -> pop
    TRIM  TXG     ARKK   -102,376 sh (-3%)  -> air-pocket
    ADD   ABSI    ARKG   +101,984 sh (+1%)  -> pop
    ADD   CERS    ARKG   +92,007 sh (+1%)  -> pop
    ADD   CERS    ARKK   +77,550 sh (+1%)  -> pop
    ADD   PRME    ARKG   +74,480 sh (+1%)  -> pop
    ADD   QSI     ARKG   +67,016 sh (+1%)  -> pop
    ADD   PSNL    ARKG   +66,752 sh (+1%)  -> pop
    ADD   NVDA    ARKK   +57,944 sh (+10%)  -> pop
    TRIM  DE      ARKK   -56,207 sh (-62%)  -> air-pocket
    ADD   BFLY    ARKG   +47,288 sh (+1%)  -> pop
[-> THEMATIC_ETF_REBALANCE.json  +  thematic_etf_state.json]


===== 2026-08-12 07:46 (desk) =====
=== THEMATIC-ETF (ARK) REBALANCE FLOW  2026-08-12  (6/6 funds, 128 names) ===
  funds: ARKK, ARKG, ARKW, ARKF, ARKQ, ARKX
  HIGH OWNERSHIP-CONCENTRATION (an ARK add/trim forces days of flow — the tradeable air-pocket/pop):
    SLMT    BRERA HOLDINGS PLC-CL B    ARKF             9.5d ADV  32.1% float  wt 0.17%
    MASS    908 DEVICES INC            ARKG             5.8d ADV   7.3% float  wt 1.06%
    CERS    CERUS CORP                 ARKG+ARKK        5.7d ADV   8.5% float  wt 1.04%
    ARCT    ARCTURUS THERAPEUTICS HOLD ARKG             5.4d ADV  10.2% float  wt 1.15%
    KMTUY   KOMATSU LTD -SPONS ADR     ARKQ             5.1d ADV   0.1% float  wt 1.82%
    CRSP    CRISPR THERAPEUTICS AG     ARKG+ARKK        4.5d ADV   7.8% float  wt 6.14%
    BEAM    BEAM THERAPEUTICS INC      ARKG+ARKK        3.8d ADV   9.7% float  wt 3.44%
    PACB    PACIFIC BIOSCIENCES OF CAL ARKG+ARKK        3.6d ADV   7.7% float  wt 0.67%
    BLSH    BULLISH                    ARKF+ARKK+ARKW   3.5d ADV  11.6% float  wt 1.75%
    KDK     KODIAK AI INC              ARKQ             3.5d ADV   4.1% float  wt 0.88%
    ALMR    ALAMAR BIOSCIENCES INC     ARKG             3.0d ADV   3.0% float  wt 1.95%
    NTLA    INTELLIA THERAPEUTICS INC  ARKG+ARKK        2.3d ADV   9.6% float  wt 1.95%
    PRME    PRIME MEDICINE INC         ARKG             2.2d ADV   6.6% float  wt 1.36%
    TXG     10X GENOMICS INC-CLASS A   ARKG+ARKK        2.0d ADV   5.5% float  wt 10.02%
    ABSI    ABSCI CORP                 ARKG             1.9d ADV   6.8% float  wt 5.39%
    TWST    TWIST BIOSCIENCE CORP      ARKG+ARKK        1.8d ADV   6.0% float  wt 9.02%
    SCTX    SCRIBE THERAPEUTICS INC    ARKG             1.7d ADV  38.4% float  wt 0.46%
    PSNL    PERSONALIS INC             ARKG             1.6d ADV   9.9% float  wt 5.26%
    RXRX    RECURSION PHARMACEUTICALS- ARKG+ARKK        1.6d ADV   6.8% float  wt 2.54%
    TEM     TEMPUS AI INC-CL A         ARKG+ARKK        1.4d ADV   7.9% float  wt 7.22%
  DAY-OVER-DAY DELTAS (ADD=pop / TRIM=air-pocket):
    NEW   RKLB    ARKK   +200,987 sh (  new/exit)  -> pop
    ADD   CERS    ARKK   +158,173 sh (+2%)  -> pop
    TRIM  RXRX    ARKK   -90,713 sh (-0%)  -> air-pocket
    TRIM  RXRX    ARKG   -67,600 sh (-0%)  -> air-pocket
    TRIM  ACHR    ARKK   -62,937 sh (-0%)  -> air-pocket
    ADD   RKLB    ARKQ   +61,684 sh (+6%)  -> pop
    TRIM  PACB    ARKK   -57,372 sh (-0%)  -> air-pocket
    TRIM  PACB    ARKG   -52,688 sh (-0%)  -> air-pocket
    TRIM  ABSI    ARKG   -50,992 sh (-0%)  -> air-pocket
    TRIM  SHOP    ARKK   -37,506 sh (-2%)  -> air-pocket
    TRIM  PRME    ARKG   -37,240 sh (-0%)  -> air-pocket
    TRIM  TXG     ARKK   -35,666 sh (-1%)  -> air-pocket
[-> THEMATIC_ETF_REBALANCE.json  +  thematic_etf_state.json]


===== 2026-08-13 09:01 (desk) =====
=== THEMATIC-ETF (ARK) REBALANCE FLOW  2026-08-13  (6/6 funds, 128 names) ===
  funds: ARKK, ARKG, ARKW, ARKF, ARKQ, ARKX
  HIGH OWNERSHIP-CONCENTRATION (an ARK add/trim forces days of flow — the tradeable air-pocket/pop):
    SLMT    BRERA HOLDINGS PLC-CL B    ARKF             9.6d ADV  32.1% float  wt 0.17%
    CERS    CERUS CORP                 ARKG+ARKK        5.7d ADV   8.5% float  wt 1.10%
    MASS    908 DEVICES INC            ARKG             5.6d ADV   6.7% float  wt 1.06%
    ARCT    ARCTURUS THERAPEUTICS HOLD ARKG             5.4d ADV  10.2% float  wt 1.16%
    KMTUY   KOMATSU LTD -SPONS ADR     ARKQ             5.1d ADV   0.1% float  wt 1.80%
    CRSP    CRISPR THERAPEUTICS AG     ARKG+ARKK        4.4d ADV   7.7% float  wt 6.12%
    BEAM    BEAM THERAPEUTICS INC      ARKG+ARKK        3.8d ADV   9.7% float  wt 3.42%
    BLSH    BULLISH                    ARKF+ARKK+ARKW   3.5d ADV  11.5% float  wt 1.75%
    PACB    PACIFIC BIOSCIENCES OF CAL ARKG+ARKK        3.5d ADV   7.6% float  wt 0.66%
    KDK     KODIAK AI INC              ARKQ             3.5d ADV   4.1% float  wt 0.79%
    NTLA    INTELLIA THERAPEUTICS INC  ARKG+ARKK        2.3d ADV   9.6% float  wt 1.95%
    PRME    PRIME MEDICINE INC         ARKG             2.2d ADV   6.6% float  wt 1.34%
    TXG     10X GENOMICS INC-CLASS A   ARKG+ARKK        2.0d ADV   5.5% float  wt 9.87%
    ABSI    ABSCI CORP                 ARKG             1.9d ADV   6.1% float  wt 5.43%
    SCTX    SCRIBE THERAPEUTICS INC    ARKG             1.8d ADV  38.3% float  wt 0.45%
    TWST    TWIST BIOSCIENCE CORP      ARKG+ARKK        1.8d ADV   5.9% float  wt 9.10%
    PSNL    PERSONALIS INC             ARKG             1.7d ADV   9.8% float  wt 5.32%
    RXRX    RECURSION PHARMACEUTICALS- ARKG+ARKK        1.6d ADV   6.8% float  wt 2.49%
    TEM     TEMPUS AI INC-CL A         ARKG+ARKK        1.4d ADV   7.9% float  wt 7.07%
    WGS     GENEDX HOLDINGS CORP       ARKG+ARKK        1.4d ADV   7.8% float  wt 2.29%
  DAY-OVER-DAY DELTAS (ADD=pop / TRIM=air-pocket):
    TRIM  RXRX    ARKK   -142,549 sh (-1%)  -> air-pocket
    TRIM  ACHR    ARKK   -98,901 sh (-1%)  -> air-pocket
    TRIM  PACB    ARKK   -90,156 sh (-1%)  -> air-pocket
    TRIM  NTLA    ARKK   -61,483 sh (-1%)  -> air-pocket
    TRIM  ACHR    ARKQ   -57,048 sh (-1%)  -> air-pocket
    TRIM  TWST    ARKK   -55,049 sh (-3%)  -> air-pocket
    TRIM  TXG     ARKK   -46,012 sh (-1%)  -> air-pocket
    TRIM  TEM     ARKK   -43,604 sh (-1%)  -> air-pocket
    TRIM  BEAM    ARKK   -42,779 sh (-1%)  -> air-pocket
    TRIM  CRSP    ARKK   -38,610 sh (-1%)  -> air-pocket
    TRIM  BMNR    ARKK   -37,796 sh (-1%)  -> air-pocket
    TRIM  RXRX    ARKG   -33,800 sh (-0%)  -> air-pocket
[-> THEMATIC_ETF_REBALANCE.json  +  thematic_etf_state.json]


===== 2026-08-14 09:45 (desk) =====
=== THEMATIC-ETF (ARK) REBALANCE FLOW  2026-08-14  (6/6 funds, 128 names) ===
  funds: ARKK, ARKG, ARKW, ARKF, ARKQ, ARKX
  HIGH OWNERSHIP-CONCENTRATION (an ARK add/trim forces days of flow — the tradeable air-pocket/pop):
    SLMT    BRERA HOLDINGS PLC-CL B    ARKF             9.9d ADV  32.1% float  wt 0.17%
    CERS    CERUS CORP                 ARKG+ARKK        5.7d ADV   8.1% float  wt 1.17%
    MASS    908 DEVICES INC            ARKG             5.6d ADV   6.7% float  wt 1.08%
    ARCT    ARCTURUS THERAPEUTICS HOLD ARKG             5.4d ADV  10.3% float  wt 1.21%
    KMTUY   KOMATSU LTD -SPONS ADR     ARKQ             5.1d ADV   0.1% float  wt 1.78%
    CRSP    CRISPR THERAPEUTICS AG     ARKG+ARKK        4.5d ADV   7.8% float  wt 6.17%
    BEAM    BEAM THERAPEUTICS INC      ARKG+ARKK        3.8d ADV   9.4% float  wt 3.43%
    BLSH    BULLISH                    ARKF+ARKK+ARKW   3.5d ADV  11.5% float  wt 1.78%
    PACB    PACIFIC BIOSCIENCES OF CAL ARKG+ARKK        3.5d ADV   7.6% float  wt 0.69%
    KDK     KODIAK AI INC              ARKQ             3.4d ADV   4.1% float  wt 0.77%
    NTLA    INTELLIA THERAPEUTICS INC  ARKG+ARKK        2.4d ADV   9.6% float  wt 1.87%
    PRME    PRIME MEDICINE INC         ARKG             2.2d ADV   6.7% float  wt 1.34%
    ABSI    ABSCI CORP                 ARKG             2.0d ADV   6.2% float  wt 5.46%
    TXG     10X GENOMICS INC-CLASS A   ARKG+ARKK        1.9d ADV   5.5% float  wt 10.03%
    SCTX    SCRIBE THERAPEUTICS INC    ARKG             1.8d ADV  38.5% float  wt 0.40%
    TWST    TWIST BIOSCIENCE CORP      ARKG+ARKK        1.8d ADV   5.8% float  wt 9.19%
    PSNL    PERSONALIS INC             ARKG             1.7d ADV   9.9% float  wt 5.44%
    RXRX    RECURSION PHARMACEUTICALS- ARKG+ARKK        1.6d ADV   6.8% float  wt 2.53%
    TEM     TEMPUS AI INC-CL A         ARKG+ARKK        1.4d ADV   7.9% float  wt 7.09%
    WGS     GENEDX HOLDINGS CORP       ARKG+ARKK        1.4d ADV   7.8% float  wt 2.22%
  DAY-OVER-DAY DELTAS (ADD=pop / TRIM=air-pocket):
    TRIM  ATAI    ARKG   -238,273 sh (-49%)  -> air-pocket
    ADD   RXRX    ARKG   +84,500 sh (+1%)  -> pop
    ADD   CBRS    ARKK   +83,718 sh (+15%)  -> pop
    ADD   PACB    ARKG   +65,860 sh (+1%)  -> pop
    ADD   ABSI    ARKG   +63,740 sh (+1%)  -> pop
    ADD   CERS    ARKG   +60,511 sh (+1%)  -> pop
    ADD   CERS    ARKK   +60,075 sh (+1%)  -> pop
    TRIM  TXG     ARKK   -47,235 sh (-1%)  -> air-pocket
    ADD   PRME    ARKG   +46,550 sh (+1%)  -> pop
    ADD   QSI     ARKG   +41,885 sh (+1%)  -> pop
    ADD   PSNL    ARKG   +41,720 sh (+1%)  -> pop
    ADD   SDGR    ARKG   +41,494 sh (+2%)  -> pop
[-> THEMATIC_ETF_REBALANCE.json  +  thematic_etf_state.json]


===== 2026-08-17 08:47 (desk) =====
=== THEMATIC-ETF (ARK) REBALANCE FLOW  2026-08-17  (6/6 funds, 129 names) ===
  funds: ARKK, ARKG, ARKW, ARKF, ARKQ, ARKX
  HIGH OWNERSHIP-CONCENTRATION (an ARK add/trim forces days of flow — the tradeable air-pocket/pop):
    SLMT    BRERA HOLDINGS PLC-CL B    ARKF            10.2d ADV  30.0% float  wt 0.17%
    CERS    CERUS CORP                 ARKG+ARKK        5.7d ADV   8.2% float  wt 1.25%
    MASS    908 DEVICES INC            ARKG             5.5d ADV   6.7% float  wt 1.09%
    ARCT    ARCTURUS THERAPEUTICS HOLD ARKG             5.4d ADV  10.2% float  wt 1.29%
    KMTUY   KOMATSU LTD -SPONS ADR     ARKQ             5.1d ADV   0.1% float  wt 1.75%
    CRSP    CRISPR THERAPEUTICS AG     ARKG+ARKK        4.6d ADV   7.7% float  wt 6.24%
    BEAM    BEAM THERAPEUTICS INC      ARKG+ARKK        3.9d ADV   9.4% float  wt 3.52%
    PACB    PACIFIC BIOSCIENCES OF CAL ARKG+ARKK        3.6d ADV   7.6% float  wt 0.70%
    BLSH    BULLISH                    ARKF+ARKK+ARKW   3.4d ADV  11.4% float  wt 1.75%
    KDK     KODIAK AI INC              ARKQ             3.4d ADV   3.0% float  wt 0.78%
    NTLA    INTELLIA THERAPEUTICS INC  ARKG+ARKK        2.5d ADV   9.5% float  wt 1.92%
    PRME    PRIME MEDICINE INC         ARKG             2.2d ADV   6.5% float  wt 1.33%
    ABSI    ABSCI CORP                 ARKG             2.0d ADV   6.1% float  wt 5.40%
    TXG     10X GENOMICS INC-CLASS A   ARKG+ARKK        2.0d ADV   5.4% float  wt 9.86%
    SCTX    SCRIBE THERAPEUTICS INC    ARKG             1.9d ADV  38.5% float  wt 0.42%
    TWST    TWIST BIOSCIENCE CORP      ARKG+ARKK        1.8d ADV   5.3% float  wt 8.87%
    PSNL    PERSONALIS INC             ARKG             1.7d ADV   9.1% float  wt 5.40%
    RXRX    RECURSION PHARMACEUTICALS- ARKG+ARKK        1.6d ADV   6.5% float  wt 2.46%
    WGS     GENEDX HOLDINGS CORP       ARKG+ARKK        1.5d ADV   7.7% float  wt 2.24%
    TEM     TEMPUS AI INC-CL A         ARKG+ARKK        1.4d ADV   7.3% float  wt 6.93%
  DAY-OVER-DAY DELTAS (ADD=pop / TRIM=air-pocket):
    NEW   FRNM    ARKG   +360,470 sh (  new/exit)  -> pop
    ADD   CERS    ARKK   +94,008 sh (+1%)  -> pop
    ADD   RXRX    ARKK   +64,795 sh (+0%)  -> pop
    ADD   ACHR    ARKK   +44,955 sh (+0%)  -> pop
    ADD   PACB    ARKK   +40,980 sh (+0%)  -> pop
    ADD   CERS    ARKG   +20,612 sh (+0%)  -> pop
    ADD   TEM     ARKK   +19,820 sh (+0%)  -> pop
    ADD   BEAM    ARKK   +19,445 sh (+0%)  -> pop
    ADD   CRSP    ARKK   +17,550 sh (+0%)  -> pop
    ADD   BMNR    ARKK   +17,180 sh (+0%)  -> pop
    ADD   XE      ARKK   +14,700 sh (+0%)  -> pop
    ADD   BLSH    ARKK   +13,365 sh (+0%)  -> pop
[-> THEMATIC_ETF_REBALANCE.json  +  thematic_etf_state.json]


===== 2026-09-11 01:19 (desk) =====
=== THEMATIC-ETF (ARK) REBALANCE FLOW  2026-09-11  (6/6 funds, 129 names) ===
  funds: ARKK, ARKG, ARKW, ARKF, ARKQ, ARKX
  HIGH OWNERSHIP-CONCENTRATION (an ARK add/trim forces days of flow — the tradeable air-pocket/pop):
    SLMT    BRERA HOLDINGS PLC-CL B    ARKF            12.5d ADV  30.0% float  wt 0.17%
    KMTUY   KOMATSU LTD -SPONS ADR     ARKQ             6.8d ADV   0.1% float  wt 1.96%
    CERS    CERUS CORP                 ARKG+ARKK        6.5d ADV   8.4% float  wt 1.00%
    CRSP    CRISPR THERAPEUTICS AG     ARKG+ARKK        4.8d ADV   7.9% float  wt 5.92%
    MASS    908 DEVICES INC            ARKG             4.8d ADV   6.8% float  wt 0.97%
    BEAM    BEAM THERAPEUTICS INC      ARKG+ARKK        4.1d ADV  10.0% float  wt 3.26%
    PACB    PACIFIC BIOSCIENCES OF CAL ARKG+ARKK        3.5d ADV   7.6% float  wt 0.74%
    BLSH    BULLISH                    ARKF+ARKK+ARKW   3.4d ADV  10.3% float  wt 2.18%
    KDK     KODIAK AI INC              ARKQ             3.3d ADV   3.0% float  wt 0.77%
    ARCT    ARCTURUS THERAPEUTICS HOLD ARKG             3.2d ADV  10.4% float  wt 2.09%
    NTLA    INTELLIA THERAPEUTICS INC  ARKG+ARKK        2.8d ADV   9.4% float  wt 1.84%
    PRME    PRIME MEDICINE INC         ARKG             2.3d ADV   6.7% float  wt 1.38%
    ABSI    ABSCI CORP                 ARKG             2.2d ADV   6.2% float  wt 4.63%
    WGS     GENEDX HOLDINGS CORP       ARKG+ARKK        2.0d ADV   7.2% float  wt 2.30%
    TXG     10X GENOMICS INC-CLASS A   ARKG+ARKK        1.9d ADV   5.0% float  wt 10.26%
    RXRX    RECURSION PHARMACEUTICALS- ARKG+ARKK        1.8d ADV   6.5% float  wt 2.35%
    SCTX    SCRIBE THERAPEUTICS INC    ARKG             1.8d ADV   5.8% float  wt 0.64%
    PSNL    PERSONALIS INC             ARKG             1.6d ADV   9.0% float  wt 5.86%
    TEM     TEMPUS AI INC-CL A         ARKG+ARKK        1.2d ADV   6.6% float  wt 7.67%
    DSY     DISCOVERY LTD              ARKF+ARKX        0.8d ADV  11.8% float  wt 1.40%
  DAY-OVER-DAY DELTAS (ADD=pop / TRIM=air-pocket):
    EXIT  RBLX    ARKK   -1,343,151 sh (-100%)  -> air-pocket
    NEW   ARKY    ARKK   +1,001,947 sh (  new/exit)  -> pop
    TRIM  TEM     ARKK   -904,297 sh (-15%)  -> air-pocket
    ADD   RKLB    ARKK   +836,033 sh (+417%)  -> pop
    ADD   ACHR    ARKK   +458,817 sh (+3%)  -> pop
    ADD   XYZ     ARKK   +381,203 sh (+23%)  -> pop
    ADD   FRNM    ARKG   +357,427 sh (+99%)  -> pop
    ADD   BEAM    ARKK   +335,683 sh (+6%)  -> pop
    ADD   GENB    ARKG   +312,006 sh (+26%)  -> pop
    TRIM  TWST    ARKK   -299,395 sh (-15%)  -> air-pocket
    TRIM  TXG     ARKK   -285,568 sh (-8%)  -> air-pocket
    TRIM  SHOP    ARKK   -284,351 sh (-16%)  -> air-pocket
[-> THEMATIC_ETF_REBALANCE.json  +  thematic_etf_state.json]

