
===== 2026-07-02 23:30 (desk) =====
=== VENUE-CLASS SCANNER  2026-07-02  (6 censused / 5 pending) ===
   TLYS  A 16.0%  B 30.0%  C  0.0%  OA 42.0%  VQ   55.6  n=57  EV/EBITDA 47.087  off-hi —%
   BBW   A 31.3%  B 35.4%  C  5.2%  OA 17.7%  VQ   44.4  n=96  EV/EBITDA 5.755  off-hi —%
   AEO   A 27.5%  B 21.8%  C 13.9%  OA 14.1%  VQ   33.5  n=353  EV/EBITDA 7.029  off-hi —%
   ANF   A 26.1%  B 30.4%  C 15.2%  OA 13.0%  VQ   25.9  n=46  EV/EBITDA 5.804  off-hi —%
   ZUMZ  A 23.0%  B 41.0%  C 13.0%  OA  4.0%  VQ   19.6  n=90  EV/EBITDA 7.869  off-hi —%
   BKE   A 12.3%  B 23.0%  C 22.5%  OA 35.3%  VQ   17.0  n=204  EV/EBITDA 7.438  off-hi —%
   PENDING CENSUS: URBN, BBWI, VSCO, GES, CRI
[-> VENUE_CLASS_SCREEN.json]

/Users/ajay/Library/Python/3.9/lib/python/site-packages/urllib3/__init__.py:35: NotOpenSSLWarning: urllib3 v2 only supports OpenSSL 1.1.1+, currently the 'ssl' module is compiled with 'LibreSSL 2.8.3'. See: https://github.com/urllib3/urllib3/issues/3020
  warnings.warn(

===== 2026-07-09 23:30 (desk) =====
=== VENUE-CLASS SCANNER  2026-07-09  (7 censused / 4 pending) ===
   TLYS  A 16.0%  B 30.0%  C  0.0%  OA 42.0%  VQ   55.6  n=57  EV/EBITDA 48.439  off-hi —%
   BBWI  A 11.7%  B 13.3%  C  8.3%  OA 60.0%  VQ   53.9  n=60  EV/EBITDA 5.865  off-hi —%
   BBW   A 31.3%  B 35.4%  C  5.2%  OA 17.7%  VQ   44.4  n=96  EV/EBITDA 5.704  off-hi —%
   AEO   A 27.5%  B 21.8%  C 13.9%  OA 14.1%  VQ   33.5  n=353  EV/EBITDA 7.086  off-hi —%
   ANF   A 26.1%  B 30.4%  C 15.2%  OA 13.0%  VQ   25.9  n=46  EV/EBITDA 5.632  off-hi —%
   ZUMZ  A 23.0%  B 41.0%  C 13.0%  OA  4.0%  VQ   19.6  n=90  EV/EBITDA 7.989  off-hi —%
   BKE   A 12.3%  B 23.0%  C 22.5%  OA 35.3%  VQ   17.0  n=204  EV/EBITDA 7.336  off-hi —%
   PENDING CENSUS: URBN, VSCO, GES, CRI
[-> VENUE_CLASS_SCREEN.json]

/Users/ajay/Library/Python/3.9/lib/python/site-packages/urllib3/__init__.py:35: NotOpenSSLWarning: urllib3 v2 only supports OpenSSL 1.1.1+, currently the 'ssl' module is compiled with 'LibreSSL 2.8.3'. See: https://github.com/urllib3/urllib3/issues/3020
  warnings.warn(

===== 2026-07-17 07:19 (desk) =====
=== VENUE-CLASS SCANNER  2026-07-17  (7 censused / 4 pending) ===
   TLYS  A 16.0%  B 30.0%  C  0.0%  OA 42.0%  VQ   55.6  n=57  EV/EBITDA 47.369  off-hi —%
   BBWI  A 11.7%  B 13.3%  C  8.3%  OA 60.0%  VQ   53.9  n=60  EV/EBITDA 6.043  off-hi —%
   BBW   A 31.3%  B 35.4%  C  5.2%  OA 17.7%  VQ   44.4  n=96  EV/EBITDA 6.258  off-hi —%
   AEO   A 27.5%  B 21.8%  C 13.9%  OA 14.1%  VQ   33.5  n=353  EV/EBITDA 7.297  off-hi —%
   ANF   A 26.1%  B 30.4%  C 15.2%  OA 13.0%  VQ   25.9  n=46  EV/EBITDA 6.07  off-hi —%
   ZUMZ  A 23.0%  B 41.0%  C 13.0%  OA  4.0%  VQ   19.6  n=90  EV/EBITDA 8.336  off-hi —%
   BKE   A 12.3%  B 23.0%  C 22.5%  OA 35.3%  VQ   17.0  n=204  EV/EBITDA —  off-hi —%
   PENDING CENSUS: URBN, VSCO, GES, CRI
[-> VENUE_CLASS_SCREEN.json]

/Users/ajay/Library/Python/3.9/lib/python/site-packages/urllib3/__init__.py:35: NotOpenSSLWarning: urllib3 v2 only supports OpenSSL 1.1.1+, currently the 'ssl' module is compiled with 'LibreSSL 2.8.3'. See: https://github.com/urllib3/urllib3/issues/3020
  warnings.warn(

===== 2026-07-24 07:36 (desk) =====
=== VENUE-CLASS SCANNER  2026-07-24  (7 censused / 4 pending) ===
   TLYS  A 16.0%  B 30.0%  C  0.0%  OA 42.0%  VQ   55.6  n=57  EV/EBITDA 46.299  off-hi —%
   BBWI  A 11.7%  B 13.3%  C  8.3%  OA 60.0%  VQ   53.9  n=60  EV/EBITDA 5.777  off-hi —%
   BBW   A 31.3%  B 35.4%  C  5.2%  OA 17.7%  VQ   44.4  n=96  EV/EBITDA 6.094  off-hi —%
   AEO   A 27.5%  B 21.8%  C 13.9%  OA 14.1%  VQ   33.5  n=353  EV/EBITDA 7.191  off-hi —%
   ANF   A 26.1%  B 30.4%  C 15.2%  OA 13.0%  VQ   25.9  n=46  EV/EBITDA 5.722  off-hi —%
   ZUMZ  A 23.0%  B 41.0%  C 13.0%  OA  4.0%  VQ   19.6  n=90  EV/EBITDA 8.307  off-hi —%
   BKE   A 12.3%  B 23.0%  C 22.5%  OA 35.3%  VQ   17.0  n=204  EV/EBITDA 7.405  off-hi —%
   PENDING CENSUS: URBN, VSCO, GES, CRI
[-> VENUE_CLASS_SCREEN.json]

/Users/ajay/Library/Python/3.9/lib/python/site-packages/urllib3/__init__.py:35: NotOpenSSLWarning: urllib3 v2 only supports OpenSSL 1.1.1+, currently the 'ssl' module is compiled with 'LibreSSL 2.8.3'. See: https://github.com/urllib3/urllib3/issues/3020
  warnings.warn(

===== 2026-07-31 08:35 (desk) =====
=== VENUE-CLASS SCANNER  2026-07-31  (7 censused / 4 pending) ===
   TLYS  A 16.0%  B 30.0%  C  0.0%  OA 42.0%  VQ   55.6  n=57  EV/EBITDA 45.792  off-hi —%
   BBWI  A 11.7%  B 13.3%  C  8.3%  OA 60.0%  VQ   53.9  n=60  EV/EBITDA 5.868  off-hi —%
   BBW   A 31.3%  B 35.4%  C  5.2%  OA 17.7%  VQ   44.4  n=96  EV/EBITDA 6.301  off-hi —%
   AEO   A 27.5%  B 21.8%  C 13.9%  OA 14.1%  VQ   33.5  n=353  EV/EBITDA 7.25  off-hi —%
   ANF   A 26.1%  B 30.4%  C 15.2%  OA 13.0%  VQ   25.9  n=46  EV/EBITDA 6.226  off-hi —%
   ZUMZ  A 23.0%  B 41.0%  C 13.0%  OA  4.0%  VQ   19.6  n=90  EV/EBITDA 8.664  off-hi —%
   BKE   A 12.3%  B 23.0%  C 22.5%  OA 35.3%  VQ   17.0  n=204  EV/EBITDA 7.742  off-hi —%
   PENDING CENSUS: URBN, VSCO, GES, CRI
[-> VENUE_CLASS_SCREEN.json]

/Users/ajay/Library/Python/3.9/lib/python/site-packages/urllib3/__init__.py:35: NotOpenSSLWarning: urllib3 v2 only supports OpenSSL 1.1.1+, currently the 'ssl' module is compiled with 'LibreSSL 2.8.3'. See: https://github.com/urllib3/urllib3/issues/3020
  warnings.warn(

===== 2026-08-07 09:30 (desk) =====
=== VENUE-CLASS SCANNER  2026-08-07  (7 censused / 4 pending) ===
   TLYS  A 16.0%  B 30.0%  C  0.0%  OA 42.0%  VQ   55.6  n=57  EV/EBITDA 48.101  off-hi —%
   BBWI  A 11.7%  B 13.3%  C  8.3%  OA 60.0%  VQ   53.9  n=60  EV/EBITDA 5.897  off-hi —%
   BBW   A 31.3%  B 35.4%  C  5.2%  OA 17.7%  VQ   44.4  n=96  EV/EBITDA 6.22  off-hi —%
   AEO   A 27.5%  B 21.8%  C 13.9%  OA 14.1%  VQ   33.5  n=353  EV/EBITDA 7.357  off-hi —%
   ANF   A 26.1%  B 30.4%  C 15.2%  OA 13.0%  VQ   25.9  n=46  EV/EBITDA 6.776  off-hi —%
   ZUMZ  A 23.0%  B 41.0%  C 13.0%  OA  4.0%  VQ   19.6  n=90  EV/EBITDA 8.611  off-hi —%
   BKE   A 12.3%  B 23.0%  C 22.5%  OA 35.3%  VQ   17.0  n=204  EV/EBITDA 8.027  off-hi —%
   PENDING CENSUS: URBN, VSCO, GES, CRI
[-> VENUE_CLASS_SCREEN.json]

/Users/ajay/Library/Python/3.9/lib/python/site-packages/urllib3/__init__.py:35: NotOpenSSLWarning: urllib3 v2 only supports OpenSSL 1.1.1+, currently the 'ssl' module is compiled with 'LibreSSL 2.8.3'. See: https://github.com/urllib3/urllib3/issues/3020
  warnings.warn(

===== 2026-08-14 10:03 (desk) =====
=== VENUE-CLASS SCANNER  2026-08-14  (7 censused / 4 pending) ===
   TLYS  A 16.0%  B 30.0%  C  0.0%  OA 42.0%  VQ   55.6  n=57  EV/EBITDA 47.482  off-hi —%
   BBWI  A 11.7%  B 13.3%  C  8.3%  OA 60.0%  VQ   53.9  n=60  EV/EBITDA 5.671  off-hi —%
   BBW   A 31.3%  B 35.4%  C  5.2%  OA 17.7%  VQ   44.4  n=96  EV/EBITDA 6.665  off-hi —%
   AEO   A 27.5%  B 21.8%  C 13.9%  OA 14.1%  VQ   33.5  n=353  EV/EBITDA 6.988  off-hi —%
   ANF   A 26.1%  B 30.4%  C 15.2%  OA 13.0%  VQ   25.9  n=46  EV/EBITDA 6.686  off-hi —%
   ZUMZ  A 23.0%  B 41.0%  C 13.0%  OA  4.0%  VQ   19.6  n=90  EV/EBITDA 8.346  off-hi —%
   BKE   A 12.3%  B 23.0%  C 22.5%  OA 35.3%  VQ   17.0  n=204  EV/EBITDA 7.877  off-hi —%
   PENDING CENSUS: URBN, VSCO, GES, CRI
[-> VENUE_CLASS_SCREEN.json]

/Users/ajay/Library/Python/3.9/lib/python/site-packages/urllib3/__init__.py:35: NotOpenSSLWarning: urllib3 v2 only supports OpenSSL 1.1.1+, currently the 'ssl' module is compiled with 'LibreSSL 2.8.3'. See: https://github.com/urllib3/urllib3/issues/3020
  warnings.warn(

===== 2026-09-11 10:36 (desk) =====
=== VENUE-CLASS SCANNER  2026-09-11  (7 censused / 4 pending) ===
   TLYS  A 16.0%  B 30.0%  C  0.0%  OA 42.0%  VQ   55.6  n=57  EV/EBITDA —  off-hi —%
   BBWI  A 11.7%  B 13.3%  C  8.3%  OA 60.0%  VQ   53.9  n=60  EV/EBITDA —  off-hi —%
   BBW   A 31.3%  B 35.4%  C  5.2%  OA 17.7%  VQ   44.4  n=96  EV/EBITDA —  off-hi —%
   AEO   A 27.5%  B 21.8%  C 13.9%  OA 14.1%  VQ   33.5  n=353  EV/EBITDA —  off-hi —%
   ANF   A 26.1%  B 30.4%  C 15.2%  OA 13.0%  VQ   25.9  n=46  EV/EBITDA —  off-hi —%
   ZUMZ  A 23.0%  B 41.0%  C 13.0%  OA  4.0%  VQ   19.6  n=90  EV/EBITDA —  off-hi —%
   BKE   A 12.3%  B 23.0%  C 22.5%  OA 35.3%  VQ   17.0  n=204  EV/EBITDA —  off-hi —%
   PENDING CENSUS: URBN, VSCO, GES, CRI
[-> VENUE_CLASS_SCREEN.json]

/Users/ajay/Library/Python/3.9/lib/python/site-packages/urllib3/__init__.py:35: NotOpenSSLWarning: urllib3 v2 only supports OpenSSL 1.1.1+, currently the 'ssl' module is compiled with 'LibreSSL 2.8.3'. See: https://github.com/urllib3/urllib3/issues/3020
  warnings.warn(
