
===== 2026-07-02 00:31 (desk) =====
=== WARN LAYOFF SCANNER  2026-07-02  (114 notices, 30d, states ['CA']) ===
  WAVES (multi-notice or >=250 affected):
   Cisco Systems, Inc.                                  3 notices     471 affected
   Blue Diamond Growers                                 3 notices     189 affected
   ServiceNow, Inc.                                     2 notices     117 affected
   Highlands Community Charter and Technical Schools (1111 Howe 11 notices      79 affected
   Sangamo Therapeutics, Inc.                           2 notices      51 affected
   Flagship Facilities Services, LLC                    3 notices      20 affected
  PROMOTE: SignalOS maps employers -> tickers; wave at a STRONG name = margin action (bullish tell); at a WEAK one = distress.
[-> WARN_LAYOFFS.json]

/Users/ajay/Library/Python/3.9/lib/python/site-packages/openpyxl/worksheet/_reader.py:329: UserWarning: Data Validation extension is not supported and will be removed
  warn(msg)
/Users/ajay/Library/Python/3.9/lib/python/site-packages/openpyxl/worksheet/_reader.py:329: UserWarning: Data Validation extension is not supported and will be removed
  warn(msg)

===== 2026-07-09 01:31 (desk) =====
=== WARN LAYOFF SCANNER  2026-07-09  (81 notices, 30d, states ['CA']) ===
  WAVES (multi-notice or >=250 affected):
   Cisco Systems, Inc.                                  3 notices     471 affected
   Blue Diamond Growers                                 3 notices     180 affected
   ServiceNow, Inc.                                     2 notices     117 affected
   Sangamo Therapeutics, Inc.                           2 notices      51 affected
   Flagship Facilities Services, LLC                    3 notices      20 affected
  PROMOTE: SignalOS maps employers -> tickers; wave at a STRONG name = margin action (bullish tell); at a WEAK one = distress.
[-> WARN_LAYOFFS.json]

/Users/ajay/Library/Python/3.9/lib/python/site-packages/openpyxl/worksheet/_reader.py:329: UserWarning: Data Validation extension is not supported and will be removed
  warn(msg)
/Users/ajay/Library/Python/3.9/lib/python/site-packages/openpyxl/worksheet/_reader.py:329: UserWarning: Data Validation extension is not supported and will be removed
  warn(msg)

===== 2026-07-16 02:30 (desk) =====
=== WARN LAYOFF SCANNER  2026-07-16  (9 notices, 30d, states ['CA']) ===
  PROMOTE: SignalOS maps employers -> tickers; wave at a STRONG name = margin action (bullish tell); at a WEAK one = distress.
[-> WARN_LAYOFFS.json]

/Users/ajay/Library/Python/3.9/lib/python/site-packages/openpyxl/worksheet/_reader.py:329: UserWarning: Data Validation extension is not supported and will be removed
  warn(msg)
/Users/ajay/Library/Python/3.9/lib/python/site-packages/openpyxl/worksheet/_reader.py:329: UserWarning: Data Validation extension is not supported and will be removed
  warn(msg)

===== 2026-07-23 02:30 (desk) =====
=== WARN LAYOFF SCANNER  2026-07-23  (36 notices, 30d, states ['CA']) ===
  WAVES (multi-notice or >=250 affected):
   Monterey Mushrooms, LLC                              1 notices     253 affected
  PROMOTE: SignalOS maps employers -> tickers; wave at a STRONG name = margin action (bullish tell); at a WEAK one = distress.
[-> WARN_LAYOFFS.json]

/Users/ajay/Library/Python/3.9/lib/python/site-packages/openpyxl/worksheet/_reader.py:329: UserWarning: Data Validation extension is not supported and will be removed
  warn(msg)
/Users/ajay/Library/Python/3.9/lib/python/site-packages/openpyxl/worksheet/_reader.py:329: UserWarning: Data Validation extension is not supported and will be removed
  warn(msg)

===== 2026-07-30 02:34 (desk) =====
=== WARN LAYOFF SCANNER  2026-07-30  (50 notices, 30d, states ['CA']) ===
  WAVES (multi-notice or >=250 affected):
   Monterey Mushrooms, LLC                              1 notices     253 affected
   O'Brien's Market Inc.                                2 notices     117 affected
  PROMOTE: SignalOS maps employers -> tickers; wave at a STRONG name = margin action (bullish tell); at a WEAK one = distress.
[-> WARN_LAYOFFS.json]

/Users/ajay/Library/Python/3.9/lib/python/site-packages/openpyxl/worksheet/_reader.py:329: UserWarning: Data Validation extension is not supported and will be removed
  warn(msg)
/Users/ajay/Library/Python/3.9/lib/python/site-packages/openpyxl/worksheet/_reader.py:329: UserWarning: Data Validation extension is not supported and will be removed
  warn(msg)

===== 2026-08-06 03:31 (desk) =====
=== WARN LAYOFF SCANNER  2026-08-06  (76 notices, 30d, states ['CA']) ===
  WAVES (multi-notice or >=250 affected):
   Visa                                                 1 notices     320 affected
   ServiceNow, Inc.                                     2 notices     287 affected
   Monterey Mushrooms, LLC                              1 notices     253 affected
   O'Brien's Market Inc.                                2 notices     117 affected
   Federal Express Corporation                          2 notices     116 affected
   WeDriveU, Inc.                                       5 notices      63 affected
   International Rescue Committee, Inc.                 2 notices      56 affected
  PROMOTE: SignalOS maps employers -> tickers; wave at a STRONG name = margin action (bullish tell); at a WEAK one = distress.
[-> WARN_LAYOFFS.json]

/Users/ajay/Library/Python/3.9/lib/python/site-packages/openpyxl/worksheet/_reader.py:329: UserWarning: Data Validation extension is not supported and will be removed
  warn(msg)
/Users/ajay/Library/Python/3.9/lib/python/site-packages/openpyxl/worksheet/_reader.py:329: UserWarning: Data Validation extension is not supported and will be removed
  warn(msg)

===== 2026-08-13 08:58 (desk) =====
=== WARN LAYOFF SCANNER  2026-08-13  (81 notices, 30d, states ['CA']) ===
  WAVES (multi-notice or >=250 affected):
   Visa                                                 1 notices     320 affected
   ServiceNow, Inc.                                     2 notices     287 affected
   Monterey Mushrooms, LLC                              1 notices     253 affected
   O'Brien's Market Inc.                                2 notices     117 affected
   Federal Express Corporation                          2 notices     116 affected
   Silgan Containers                                    2 notices     115 affected
   Essendant Co.                                        2 notices     103 affected
   WeDriveU, Inc.                                       5 notices      63 affected
   International Rescue Committee, Inc.                 2 notices      56 affected
  PROMOTE: SignalOS maps employers -> tickers; wave at a STRONG name = margin action (bullish tell); at a WEAK one = distress.
[-> WARN_LAYOFFS.json]

/Users/ajay/Library/Python/3.9/lib/python/site-packages/openpyxl/worksheet/_reader.py:329: UserWarning: Data Validation extension is not supported and will be removed
  warn(msg)
/Users/ajay/Library/Python/3.9/lib/python/site-packages/openpyxl/worksheet/_reader.py:329: UserWarning: Data Validation extension is not supported and will be removed
  warn(msg)

===== 2026-09-11 01:05 (desk) =====
=== WARN LAYOFF SCANNER  2026-09-11  (90 notices, 30d, states ['CA']) ===
  WAVES (multi-notice or >=250 affected):
   24Hr Homecare, LLC                                   1 notices     738 affected
   Jabil Inc.                                           1 notices     382 affected
   Renewal by Andersen LLC                              3 notices     284 affected
   PayPal                                               1 notices     251 affected
   Blue Shield of California                            6 notices      47 affected
   BFG Supply Co., LLC                                  2 notices      39 affected
   John Muir Health - 2540 East Street                  2 notices      18 affected
  PROMOTE: SignalOS maps employers -> tickers; wave at a STRONG name = margin action (bullish tell); at a WEAK one = distress.
[-> WARN_LAYOFFS.json]

/Users/ajay/Library/Python/3.9/lib/python/site-packages/openpyxl/worksheet/_reader.py:329: UserWarning: Data Validation extension is not supported and will be removed
  warn(msg)
/Users/ajay/Library/Python/3.9/lib/python/site-packages/openpyxl/worksheet/_reader.py:329: UserWarning: Data Validation extension is not supported and will be removed
  warn(msg)
