
===== 2026-08-05 09:30 (desk) =====
{
 "asof": "2026-08-05",
 "spec": "v1.0",
 "coverage": {
  "classified": 8,
  "c1_n": 0,
  "c2_n": 0,
  "immature_lt14d": 8,
  "price_failed": [],
  "review_no_date": 589
 },
 "cohort1_rejects": {
  "n": 0,
  "avoided_usd": 0,
  "precision_vs_spy": 0,
  "precision_mature30_n": 0,
  "precision_mature30": null,
  "worst5_we_dodged": [],
  "best5_we_missed": []
 },
 "cohort2_gated": {
  "n": 0,
  "never_met_n": 0,
  "came_to_us_n": 0,
  "foregone_usd": 0,
  "never_met_beat_spy_rate": 0,
  "top5_foregone": []
 }
}


===== 2026-08-06 09:30 (desk) =====
{
 "asof": "2026-08-05",
 "spec": "v1.0",
 "coverage": {
  "classified": 17,
  "c1_n": 0,
  "c2_n": 0,
  "immature_lt14d": 9,
  "price_failed": [],
  "review_no_date": 588
 },
 "cohort1_rejects": {
  "n": 0,
  "avoided_usd": 0,
  "precision_vs_spy": 0,
  "precision_mature30_n": 0,
  "precision_mature30": null,
  "worst5_we_dodged": [],
  "best5_we_missed": []
 },
 "cohort2_gated": {
  "n": 0,
  "never_met_n": 0,
  "came_to_us_n": 0,
  "foregone_usd": 0,
  "never_met_beat_spy_rate": 0,
  "top5_foregone": []
 }
}


===== 2026-08-07 09:30 (desk) =====
{
 "asof": "2026-08-05",
 "spec": "v1.0",
 "coverage": {
  "classified": 17,
  "c1_n": 0,
  "c2_n": 0,
  "immature_lt14d": 9,
  "price_failed": [],
  "review_no_date": 604
 },
 "cohort1_rejects": {
  "n": 0,
  "avoided_usd": 0,
  "precision_vs_spy": 0,
  "precision_mature30_n": 0,
  "precision_mature30": null,
  "worst5_we_dodged": [],
  "best5_we_missed": []
 },
 "cohort2_gated": {
  "n": 0,
  "never_met_n": 0,
  "came_to_us_n": 0,
  "foregone_usd": 0,
  "never_met_beat_spy_rate": 0,
  "top5_foregone": []
 }
}


===== 2026-08-10 00:53 (desk) =====
{
 "asof": "2026-08-05",
 "spec": "v1.0",
 "coverage": {
  "classified": 17,
  "c1_n": 0,
  "c2_n": 0,
  "immature_lt14d": 9,
  "price_failed": [],
  "review_no_date": 641
 },
 "cohort1_rejects": {
  "n": 0,
  "avoided_usd": 0,
  "precision_vs_spy": 0,
  "precision_mature30_n": 0,
  "precision_mature30": null,
  "worst5_we_dodged": [],
  "best5_we_missed": []
 },
 "cohort2_gated": {
  "n": 0,
  "never_met_n": 0,
  "came_to_us_n": 0,
  "foregone_usd": 0,
  "never_met_beat_spy_rate": 0,
  "top5_foregone": []
 }
}


===== 2026-08-11 01:56 (desk) =====
{
 "asof": "2026-08-05",
 "spec": "v1.0",
 "coverage": {
  "classified": 17,
  "c1_n": 0,
  "c2_n": 0,
  "immature_lt14d": 9,
  "price_failed": [],
  "review_no_date": 656
 },
 "cohort1_rejects": {
  "n": 0,
  "avoided_usd": 0,
  "precision_vs_spy": 0,
  "precision_mature30_n": 0,
  "precision_mature30": null,
  "worst5_we_dodged": [],
  "best5_we_missed": []
 },
 "cohort2_gated": {
  "n": 0,
  "never_met_n": 0,
  "came_to_us_n": 0,
  "foregone_usd": 0,
  "never_met_beat_spy_rate": 0,
  "top5_foregone": []
 }
}


===== 2026-08-12 07:57 (desk) =====
{
 "asof": "2026-08-05",
 "spec": "v1.0",
 "coverage": {
  "classified": 17,
  "c1_n": 0,
  "c2_n": 0,
  "immature_lt14d": 9,
  "price_failed": [],
  "review_no_date": 673
 },
 "cohort1_rejects": {
  "n": 0,
  "avoided_usd": 0,
  "precision_vs_spy": 0,
  "precision_mature30_n": 0,
  "precision_mature30": null,
  "worst5_we_dodged": [],
  "best5_we_missed": []
 },
 "cohort2_gated": {
  "n": 0,
  "never_met_n": 0,
  "came_to_us_n": 0,
  "foregone_usd": 0,
  "never_met_beat_spy_rate": 0,
  "top5_foregone": []
 }
}


===== 2026-08-13 09:14 (desk) =====
{
 "asof": "2026-08-05",
 "spec": "v1.0",
 "coverage": {
  "classified": 17,
  "c1_n": 0,
  "c2_n": 0,
  "immature_lt14d": 9,
  "price_failed": [],
  "review_no_date": 673
 },
 "cohort1_rejects": {
  "n": 0,
  "avoided_usd": 0,
  "precision_vs_spy": 0,
  "precision_mature30_n": 0,
  "precision_mature30": null,
  "worst5_we_dodged": [],
  "best5_we_missed": []
 },
 "cohort2_gated": {
  "n": 0,
  "never_met_n": 0,
  "came_to_us_n": 0,
  "foregone_usd": 0,
  "never_met_beat_spy_rate": 0,
  "top5_foregone": []
 }
}


===== 2026-08-14 10:03 (desk) =====
{
 "asof": "2026-08-05",
 "spec": "v1.0",
 "coverage": {
  "classified": 17,
  "c1_n": 0,
  "c2_n": 0,
  "immature_lt14d": 9,
  "price_failed": [],
  "review_no_date": 681
 },
 "cohort1_rejects": {
  "n": 0,
  "avoided_usd": 0,
  "precision_vs_spy": 0,
  "precision_mature30_n": 0,
  "precision_mature30": null,
  "worst5_we_dodged": [],
  "best5_we_missed": []
 },
 "cohort2_gated": {
  "n": 0,
  "never_met_n": 0,
  "came_to_us_n": 0,
  "foregone_usd": 0,
  "never_met_beat_spy_rate": 0,
  "top5_foregone": []
 }
}


===== 2026-08-17 08:58 (desk) =====
{
 "asof": "2026-08-05",
 "spec": "v1.0",
 "coverage": {
  "classified": 17,
  "c1_n": 0,
  "c2_n": 0,
  "immature_lt14d": 9,
  "price_failed": [],
  "review_no_date": 724
 },
 "cohort1_rejects": {
  "n": 0,
  "avoided_usd": 0,
  "precision_vs_spy": 0,
  "precision_mature30_n": 0,
  "precision_mature30": null,
  "worst5_we_dodged": [],
  "best5_we_missed": []
 },
 "cohort2_gated": {
  "n": 0,
  "never_met_n": 0,
  "came_to_us_n": 0,
  "foregone_usd": 0,
  "never_met_beat_spy_rate": 0,
  "top5_foregone": []
 }
}


===== 2026-08-18 09:51 (desk) =====
{
 "asof": "2026-08-05",
 "spec": "v1.0",
 "coverage": {
  "classified": 17,
  "c1_n": 0,
  "c2_n": 0,
  "immature_lt14d": 9,
  "price_failed": [],
  "review_no_date": 755
 },
 "cohort1_rejects": {
  "n": 0,
  "avoided_usd": 0,
  "precision_vs_spy": 0,
  "precision_mature30_n": 0,
  "precision_mature30": null,
  "worst5_we_dodged": [],
  "best5_we_missed": []
 },
 "cohort2_gated": {
  "n": 0,
  "never_met_n": 0,
  "came_to_us_n": 0,
  "foregone_usd": 0,
  "never_met_beat_spy_rate": 0,
  "top5_foregone": []
 }
}


===== 2026-08-19 10:49 (desk) =====
{
 "asof": "2026-08-05",
 "spec": "v1.0",
 "coverage": {
  "classified": 17,
  "c1_n": 0,
  "c2_n": 0,
  "immature_lt14d": 9,
  "price_failed": [],
  "review_no_date": 768
 },
 "cohort1_rejects": {
  "n": 0,
  "avoided_usd": 0,
  "precision_vs_spy": 0,
  "precision_mature30_n": 0,
  "precision_mature30": null,
  "worst5_we_dodged": [],
  "best5_we_missed": []
 },
 "cohort2_gated": {
  "n": 0,
  "never_met_n": 0,
  "came_to_us_n": 0,
  "foregone_usd": 0,
  "never_met_beat_spy_rate": 0,
  "top5_foregone": []
 }
}


===== 2026-08-20 11:58 (desk) =====
{
 "asof": "2026-08-05",
 "spec": "v1.0",
 "coverage": {
  "classified": 17,
  "c1_n": 0,
  "c2_n": 0,
  "immature_lt14d": 9,
  "price_failed": [],
  "review_no_date": 768
 },
 "cohort1_rejects": {
  "n": 0,
  "avoided_usd": 0,
  "precision_vs_spy": 0,
  "precision_mature30_n": 0,
  "precision_mature30": null,
  "worst5_we_dodged": [],
  "best5_we_missed": []
 },
 "cohort2_gated": {
  "n": 0,
  "never_met_n": 0,
  "came_to_us_n": 0,
  "foregone_usd": 0,
  "never_met_beat_spy_rate": 0,
  "top5_foregone": []
 }
}


===== 2026-08-21 12:55 (desk) =====
{
 "asof": "2026-08-05",
 "spec": "v1.0",
 "coverage": {
  "classified": 17,
  "c1_n": 0,
  "c2_n": 0,
  "immature_lt14d": 9,
  "price_failed": [],
  "review_no_date": 780
 },
 "cohort1_rejects": {
  "n": 0,
  "avoided_usd": 0,
  "precision_vs_spy": 0,
  "precision_mature30_n": 0,
  "precision_mature30": null,
  "worst5_we_dodged": [],
  "best5_we_missed": []
 },
 "cohort2_gated": {
  "n": 0,
  "never_met_n": 0,
  "came_to_us_n": 0,
  "foregone_usd": 0,
  "never_met_beat_spy_rate": 0,
  "top5_foregone": []
 }
}


===== 2026-08-24 01:57 (desk) =====
{
 "asof": "2026-08-05",
 "spec": "v1.0",
 "coverage": {
  "classified": 17,
  "c1_n": 0,
  "c2_n": 0,
  "immature_lt14d": 9,
  "price_failed": [],
  "review_no_date": 805
 },
 "cohort1_rejects": {
  "n": 0,
  "avoided_usd": 0,
  "precision_vs_spy": 0,
  "precision_mature30_n": 0,
  "precision_mature30": null,
  "worst5_we_dodged": [],
  "best5_we_missed": []
 },
 "cohort2_gated": {
  "n": 0,
  "never_met_n": 0,
  "came_to_us_n": 0,
  "foregone_usd": 0,
  "never_met_beat_spy_rate": 0,
  "top5_foregone": []
 }
}


===== 2026-08-25 02:51 (desk) =====
{
 "asof": "2026-08-05",
 "spec": "v1.0",
 "coverage": {
  "classified": 17,
  "c1_n": 0,
  "c2_n": 0,
  "immature_lt14d": 9,
  "price_failed": [],
  "review_no_date": 823
 },
 "cohort1_rejects": {
  "n": 0,
  "avoided_usd": 0,
  "precision_vs_spy": 0,
  "precision_mature30_n": 0,
  "precision_mature30": null,
  "worst5_we_dodged": [],
  "best5_we_missed": []
 },
 "cohort2_gated": {
  "n": 0,
  "never_met_n": 0,
  "came_to_us_n": 0,
  "foregone_usd": 0,
  "never_met_beat_spy_rate": 0,
  "top5_foregone": []
 }
}


===== 2026-08-26 04:00 (desk) =====
{
 "asof": "2026-08-05",
 "spec": "v1.0",
 "coverage": {
  "classified": 17,
  "c1_n": 0,
  "c2_n": 0,
  "immature_lt14d": 9,
  "price_failed": [],
  "review_no_date": 842
 },
 "cohort1_rejects": {
  "n": 0,
  "avoided_usd": 0,
  "precision_vs_spy": 0,
  "precision_mature30_n": 0,
  "precision_mature30": null,
  "worst5_we_dodged": [],
  "best5_we_missed": []
 },
 "cohort2_gated": {
  "n": 0,
  "never_met_n": 0,
  "came_to_us_n": 0,
  "foregone_usd": 0,
  "never_met_beat_spy_rate": 0,
  "top5_foregone": []
 }
}


===== 2026-08-27 04:52 (desk) =====
{
 "asof": "2026-08-05",
 "spec": "v1.0",
 "coverage": {
  "classified": 17,
  "c1_n": 0,
  "c2_n": 0,
  "immature_lt14d": 9,
  "price_failed": [],
  "review_no_date": 852
 },
 "cohort1_rejects": {
  "n": 0,
  "avoided_usd": 0,
  "precision_vs_spy": 0,
  "precision_mature30_n": 0,
  "precision_mature30": null,
  "worst5_we_dodged": [],
  "best5_we_missed": []
 },
 "cohort2_gated": {
  "n": 0,
  "never_met_n": 0,
  "came_to_us_n": 0,
  "foregone_usd": 0,
  "never_met_beat_spy_rate": 0,
  "top5_foregone": []
 }
}


===== 2026-08-28 05:57 (desk) =====
{
 "asof": "2026-08-05",
 "spec": "v1.0",
 "coverage": {
  "classified": 17,
  "c1_n": 0,
  "c2_n": 0,
  "immature_lt14d": 9,
  "price_failed": [],
  "review_no_date": 857
 },
 "cohort1_rejects": {
  "n": 0,
  "avoided_usd": 0,
  "precision_vs_spy": 0,
  "precision_mature30_n": 0,
  "precision_mature30": null,
  "worst5_we_dodged": [],
  "best5_we_missed": []
 },
 "cohort2_gated": {
  "n": 0,
  "never_met_n": 0,
  "came_to_us_n": 0,
  "foregone_usd": 0,
  "never_met_beat_spy_rate": 0,
  "top5_foregone": []
 }
}


===== 2026-08-31 00:56 (desk) =====
{
 "asof": "2026-08-05",
 "spec": "v1.0",
 "coverage": {
  "classified": 17,
  "c1_n": 0,
  "c2_n": 0,
  "immature_lt14d": 9,
  "price_failed": [],
  "review_no_date": 861
 },
 "cohort1_rejects": {
  "n": 0,
  "avoided_usd": 0,
  "precision_vs_spy": 0,
  "precision_mature30_n": 0,
  "precision_mature30": null,
  "worst5_we_dodged": [],
  "best5_we_missed": []
 },
 "cohort2_gated": {
  "n": 0,
  "never_met_n": 0,
  "came_to_us_n": 0,
  "foregone_usd": 0,
  "never_met_beat_spy_rate": 0,
  "top5_foregone": []
 }
}


===== 2026-09-01 01:50 (desk) =====
{
 "asof": "2026-08-05",
 "spec": "v1.0",
 "coverage": {
  "classified": 17,
  "c1_n": 0,
  "c2_n": 0,
  "immature_lt14d": 9,
  "price_failed": [],
  "review_no_date": 875
 },
 "cohort1_rejects": {
  "n": 0,
  "avoided_usd": 0,
  "precision_vs_spy": 0,
  "precision_mature30_n": 0,
  "precision_mature30": null,
  "worst5_we_dodged": [],
  "best5_we_missed": []
 },
 "cohort2_gated": {
  "n": 0,
  "never_met_n": 0,
  "came_to_us_n": 0,
  "foregone_usd": 0,
  "never_met_beat_spy_rate": 0,
  "top5_foregone": []
 }
}


===== 2026-09-02 02:53 (desk) =====
{
 "asof": "2026-08-05",
 "spec": "v1.0",
 "coverage": {
  "classified": 17,
  "c1_n": 0,
  "c2_n": 0,
  "immature_lt14d": 9,
  "price_failed": [],
  "review_no_date": 884
 },
 "cohort1_rejects": {
  "n": 0,
  "avoided_usd": 0,
  "precision_vs_spy": 0,
  "precision_mature30_n": 0,
  "precision_mature30": null,
  "worst5_we_dodged": [],
  "best5_we_missed": []
 },
 "cohort2_gated": {
  "n": 0,
  "never_met_n": 0,
  "came_to_us_n": 0,
  "foregone_usd": 0,
  "never_met_beat_spy_rate": 0,
  "top5_foregone": []
 }
}


===== 2026-09-03 03:57 (desk) =====
{
 "asof": "2026-08-05",
 "spec": "v1.0",
 "coverage": {
  "classified": 17,
  "c1_n": 0,
  "c2_n": 0,
  "immature_lt14d": 9,
  "price_failed": [],
  "review_no_date": 892
 },
 "cohort1_rejects": {
  "n": 0,
  "avoided_usd": 0,
  "precision_vs_spy": 0,
  "precision_mature30_n": 0,
  "precision_mature30": null,
  "worst5_we_dodged": [],
  "best5_we_missed": []
 },
 "cohort2_gated": {
  "n": 0,
  "never_met_n": 0,
  "came_to_us_n": 0,
  "foregone_usd": 0,
  "never_met_beat_spy_rate": 0,
  "top5_foregone": []
 }
}


===== 2026-09-04 04:51 (desk) =====
{
 "asof": "2026-08-05",
 "spec": "v1.0",
 "coverage": {
  "classified": 17,
  "c1_n": 0,
  "c2_n": 0,
  "immature_lt14d": 9,
  "price_failed": [],
  "review_no_date": 909
 },
 "cohort1_rejects": {
  "n": 0,
  "avoided_usd": 0,
  "precision_vs_spy": 0,
  "precision_mature30_n": 0,
  "precision_mature30": null,
  "worst5_we_dodged": [],
  "best5_we_missed": []
 },
 "cohort2_gated": {
  "n": 0,
  "never_met_n": 0,
  "came_to_us_n": 0,
  "foregone_usd": 0,
  "never_met_beat_spy_rate": 0,
  "top5_foregone": []
 }
}


===== 2026-09-07 01:06 (desk) =====
{
 "asof": "2026-08-05",
 "spec": "v1.0",
 "coverage": {
  "classified": 17,
  "c1_n": 0,
  "c2_n": 0,
  "immature_lt14d": 9,
  "price_failed": [],
  "review_no_date": 915
 },
 "cohort1_rejects": {
  "n": 0,
  "avoided_usd": 0,
  "precision_vs_spy": 0,
  "precision_mature30_n": 0,
  "precision_mature30": null,
  "worst5_we_dodged": [],
  "best5_we_missed": []
 },
 "cohort2_gated": {
  "n": 0,
  "never_met_n": 0,
  "came_to_us_n": 0,
  "foregone_usd": 0,
  "never_met_beat_spy_rate": 0,
  "top5_foregone": []
 }
}


===== 2026-09-11 01:36 (desk) =====
{
 "asof": "2026-08-05",
 "spec": "v1.0",
 "coverage": {
  "classified": 17,
  "c1_n": 0,
  "c2_n": 0,
  "immature_lt14d": 9,
  "price_failed": [],
  "review_no_date": 938
 },
 "cohort1_rejects": {
  "n": 0,
  "avoided_usd": 0,
  "precision_vs_spy": 0,
  "precision_mature30_n": 0,
  "precision_mature30": null,
  "worst5_we_dodged": [],
  "best5_we_missed": []
 },
 "cohort2_gated": {
  "n": 0,
  "never_met_n": 0,
  "came_to_us_n": 0,
  "foregone_usd": 0,
  "never_met_beat_spy_rate": 0,
  "top5_foregone": []
 }
}


===== 2026-09-11 01:42 (desk) =====
{
 "asof": "2026-08-05",
 "spec": "v1.0",
 "coverage": {
  "classified": 17,
  "c1_n": 0,
  "c2_n": 0,
  "immature_lt14d": 9,
  "price_failed": [],
  "review_no_date": 938
 },
 "cohort1_rejects": {
  "n": 0,
  "avoided_usd": 0,
  "precision_vs_spy": 0,
  "precision_mature30_n": 0,
  "precision_mature30": null,
  "worst5_we_dodged": [],
  "best5_we_missed": []
 },
 "cohort2_gated": {
  "n": 0,
  "never_met_n": 0,
  "came_to_us_n": 0,
  "foregone_usd": 0,
  "never_met_beat_spy_rate": 0,
  "top5_foregone": []
 }
}

