/Users/ajay/Library/Python/3.9/lib/python/site-packages/urllib3/__init__.py:35: NotOpenSSLWarning: urllib3 v2 only supports OpenSSL 1.1.1+, currently the 'ssl' module is compiled with 'LibreSSL 2.8.3'. See: https://github.com/urllib3/urllib3/issues/3020
  warnings.warn(
$HSBK.L: possibly delisted; no price data found  (period=5d)
$CBKD.L: possibly delisted; no price data found  (period=5d)
$HSBK: possibly delisted; no price data found  (period=1y)
$HSBK: possibly delisted; no price data found  (period=5d)
$HSBK: possibly delisted; no price data found  (period=1y)
$HSBK: possibly delisted; no price data found  (period=5d)
$HSBK: possibly delisted; no price data found  (period=1y)
$HSBK: possibly delisted; no price data found  (period=5d)
$HSBK: possibly delisted; no price data found  (period=1y)
$HSBK: possibly delisted; no price data found  (period=5d)
$HSBK: possibly delisted; no price data found  (period=1y)
$HSBK: possibly delisted; no price data found  (period=5d)
$HSBK: possibly delisted; no price data found  (period=1y)
$HSBK: possibly delisted; no price data found  (period=5d)
$HSBK.L: possibly delisted; no price data found  (period=5d)
$CBKD.L: possibly delisted; no price data found  (period=5d)
$HSBK: possibly delisted; no price data found  (period=1y)
$HSBK: possibly delisted; no price data found  (period=5d)
$HSBK: possibly delisted; no price data found  (period=1y)
$HSBK: possibly delisted; no price data found  (period=5d)
$HSBK: possibly delisted; no price data found  (period=1y)
$HSBK: possibly delisted; no price data found  (period=5d)
$HSBK: possibly delisted; no price data found  (period=1y)
$HSBK: possibly delisted; no price data found  (period=5d)
$HSBK: possibly delisted; no price data found  (period=1y)
$HSBK: possibly delisted; no price data found  (period=5d)
$HSBK: possibly delisted; no price data found  (period=1y)
$HSBK: possibly delisted; no price data found  (period=5d)
$HSBK.L: possibly delisted; no price data found  (period=5d)
$CBKD.L: possibly delisted; no price data found  (period=5d)
$HSBK: possibly delisted; no price data found  (period=1y)
$HSBK: possibly delisted; no price data found  (period=5d)
$HSBK: possibly delisted; no price data found  (period=1y)
$HSBK: possibly delisted; no price data found  (period=5d)
$HSBK: possibly delisted; no price data found  (period=1y)
$HSBK: possibly delisted; no price data found  (period=5d)
$HSBK: possibly delisted; no price data found  (period=1y)
$HSBK: possibly delisted; no price data found  (period=5d)
$HSBK.L: possibly delisted; no price data found  (period=5d)
$CBKD.L: possibly delisted; no price data found  (period=5d)
$HSBK: possibly delisted; no price data found  (period=1y)
$HSBK: possibly delisted; no price data found  (period=5d)
$HSBK: possibly delisted; no price data found  (period=1y)
$HSBK: possibly delisted; no price data found  (period=5d)
$HSBK: possibly delisted; no price data found  (period=1y)
$HSBK: possibly delisted; no price data found  (period=5d)
$HSBK: possibly delisted; no price data found  (period=1y)
$HSBK: possibly delisted; no price data found  (period=5d)
$HSBK: possibly delisted; no price data found  (period=1y)
$HSBK: possibly delisted; no price data found  (period=5d)
$HSBK: possibly delisted; no price data found  (period=1y)
$HSBK: possibly delisted; no price data found  (period=5d)
$HSBK.L: possibly delisted; no price data found  (period=5d)
$CBKD.L: possibly delisted; no price data found  (period=5d)
$HSBK: possibly delisted; no price data found  (period=1y)
$HSBK: possibly delisted; no price data found  (period=5d)
$HSBK: possibly delisted; no price data found  (period=1y)
$HSBK: possibly delisted; no price data found  (period=5d)
$HSBK: possibly delisted; no price data found  (period=1y)
$HSBK: possibly delisted; no price data found  (period=5d)
$HSBK: possibly delisted; no price data found  (period=1y)
$HSBK: possibly delisted; no price data found  (period=5d)
$HSBK: possibly delisted; no price data found  (period=1y)
$HSBK: possibly delisted; no price data found  (period=5d)
$HSBK: possibly delisted; no price data found  (period=1y)
$HSBK: possibly delisted; no price data found  (period=5d)
$HSBK.L: possibly delisted; no price data found  (period=5d)
$CBKD.L: possibly delisted; no price data found  (period=5d)
$HSBK: possibly delisted; no price data found  (period=1y)
$HSBK: possibly delisted; no price data found  (period=5d)
$HSBK: possibly delisted; no price data found  (period=1y)
$HSBK: possibly delisted; no price data found  (period=5d)
$HSBK: possibly delisted; no price data found  (period=1y)
$HSBK: possibly delisted; no price data found  (period=5d)
$HSBK: possibly delisted; no price data found  (period=1y)
$HSBK: possibly delisted; no price data found  (period=5d)
$HSBK: possibly delisted; no price data found  (period=1y)
$HSBK: possibly delisted; no price data found  (period=5d)
$HSBK.L: possibly delisted; no price data found  (period=5d)
$CBKD.L: possibly delisted; no price data found  (period=5d)
$HSBK: possibly delisted; no price data found  (period=1y)
$HSBK: possibly delisted; no price data found  (period=5d)
$HSBK: possibly delisted; no price data found  (period=1y)
$HSBK: possibly delisted; no price data found  (period=5d)
$HSBK: possibly delisted; no price data found  (period=1y)
$HSBK: possibly delisted; no price data found  (period=5d)
$HSBK.L: possibly delisted; no price data found  (period=5d)
$CBKD.L: possibly delisted; no price data found  (period=5d)
$HSBK: possibly delisted; no price data found  (period=1y)
$HSBK: possibly delisted; no price data found  (period=5d)
$HSBK: possibly delisted; no price data found  (period=1y)
$HSBK: possibly delisted; no price data found  (period=5d)
$HSBK: possibly delisted; no price data found  (period=1y)
$HSBK: possibly delisted; no price data found  (period=5d)
$HSBK.L: possibly delisted; no price data found  (period=5d)
$HSBK.L: possibly delisted; no price data found  (period=5d)
$CBKD.L: possibly delisted; no price data found  (period=5d)
$CBKD.L: possibly delisted; no price data found  (period=5d)
$HSBK: possibly delisted; no price data found  (period=1y)
$HSBK: possibly delisted; no price data found  (period=1y)
$HSBK: possibly delisted; no price data found  (period=5d)
$HSBK: possibly delisted; no price data found  (period=5d)
$HSBK: possibly delisted; no price data found  (period=1y)
$HSBK: possibly delisted; no price data found  (period=1y)
$HSBK: possibly delisted; no price data found  (period=5d)
$HSBK: possibly delisted; no price data found  (period=5d)
$HSBK: possibly delisted; no price data found  (period=1y)
$HSBK: possibly delisted; no price data found  (period=5d)
$HSBK: possibly delisted; no price data found  (period=1y)
$HSBK: possibly delisted; no price data found  (period=5d)
$HSBK.L: possibly delisted; no price data found  (period=5d)
$HSBK.L: possibly delisted; no price data found  (period=5d)
$CBKD.L: possibly delisted; no price data found  (period=5d)
$CBKD.L: possibly delisted; no price data found  (period=5d)
$CBKD.L: possibly delisted; no price data found  (period=5d)
$HSBK: possibly delisted; no price data found  (period=1y)
$HSBK: possibly delisted; no price data found  (period=1y)
$HSBK: possibly delisted; no price data found  (period=1y)
$HSBK: possibly delisted; no price data found  (period=1y)
$HSBK: possibly delisted; no price data found  (period=5d)
$HSBK: possibly delisted; no price data found  (period=5d)
$HSBK: possibly delisted; no price data found  (period=5d)
$HSBK: possibly delisted; no price data found  (period=5d)
$HSBK: possibly delisted; no price data found  (period=1y)
$HSBK: possibly delisted; no price data found  (period=1y)
$HSBK: possibly delisted; no price data found  (period=1y)
$HSBK: possibly delisted; no price data found  (period=1y)
$HSBK: possibly delisted; no price data found  (period=5d)
$HSBK: possibly delisted; no price data found  (period=5d)
$HSBK: possibly delisted; no price data found  (period=5d)
$HSBK: possibly delisted; no price data found  (period=5d)
$HSBK: possibly delisted; no price data found  (period=1y)
$HSBK: possibly delisted; no price data found  (period=5d)
$HSBK: possibly delisted; no price data found  (period=1y)
$HSBK: possibly delisted; no price data found  (period=5d)
$HSBK.L: possibly delisted; no price data found  (period=5d)
$CBKD.L: possibly delisted; no price data found  (period=5d)
$HSBK: possibly delisted; no price data found  (period=1y)
$HSBK: possibly delisted; no price data found  (period=5d)
$HSBK: possibly delisted; no price data found  (period=1y)
$HSBK: possibly delisted; no price data found  (period=5d)
$HSBK: possibly delisted; no price data found  (period=1y)
$HSBK: possibly delisted; no price data found  (period=5d)
$HSBK: possibly delisted; no price data found  (period=1y)
$HSBK: possibly delisted; no price data found  (period=5d)
$HSBK: possibly delisted; no price data found  (period=1y)
$HSBK: possibly delisted; no price data found  (period=5d)
$HSBK: possibly delisted; no price data found  (period=1y)
$HSBK: possibly delisted; no price data found  (period=5d)
$HSBK: possibly delisted; no price data found  (period=1y)
$HSBK: possibly delisted; no price data found  (period=5d)
/Users/ajay/Library/Python/3.9/lib/python/site-packages/urllib3/__init__.py:35: NotOpenSSLWarning: urllib3 v2 only supports OpenSSL 1.1.1+, currently the 'ssl' module is compiled with 'LibreSSL 2.8.3'. See: https://github.com/urllib3/urllib3/issues/3020
  warnings.warn(
$HSBK: possibly delisted; no price data found  (period=1y)
$HSBK: possibly delisted; no price data found  (period=5d)
$CBKD.L: possibly delisted; no price data found  (period=5d)
$HSBK.L: possibly delisted; no price data found  (period=5d)
$HSBK: possibly delisted; no price data found  (period=1y)
$HSBK: possibly delisted; no price data found  (period=5d)
$HSBK: possibly delisted; no price data found  (period=1y)
$HSBK: possibly delisted; no price data found  (period=5d)
$CBKD.L: possibly delisted; no price data found  (period=5d)
$CBKD.L: possibly delisted; no price data found  (period=5d)
$HSBK.L: possibly delisted; no price data found  (period=5d)
$HSBK.L: possibly delisted; no price data found  (period=5d)
$HSBK: possibly delisted; no price data found  (period=1y)
$HSBK: possibly delisted; no price data found  (period=1y)
$HSBK: possibly delisted; no price data found  (period=5d)
$HSBK: possibly delisted; no price data found  (period=5d)
$HSBK: possibly delisted; no price data found  (period=1y)
$HSBK: possibly delisted; no price data found  (period=1y)
$HSBK: possibly delisted; no price data found  (period=5d)
$HSBK: possibly delisted; no price data found  (period=5d)
$HSBK: possibly delisted; no price data found  (period=1y)
$HSBK: possibly delisted; no price data found  (period=5d)
$HSBK: possibly delisted; no price data found  (period=1y)
$HSBK: possibly delisted; no price data found  (period=5d)
$CBKD.L: possibly delisted; no price data found  (period=5d)
$HSBK.L: possibly delisted; no price data found  (period=5d)
$HSBK: possibly delisted; no price data found  (period=1y)
$HSBK: possibly delisted; no price data found  (period=5d)
$HSBK: possibly delisted; no price data found  (period=1y)
$HSBK: possibly delisted; no price data found  (period=5d)
$HSBK: possibly delisted; no price data found  (period=1y)
$HSBK: possibly delisted; no price data found  (period=5d)
$HSBK: possibly delisted; no price data found  (period=1y)
$HSBK: possibly delisted; no price data found  (period=5d)
$HSBK: possibly delisted; no price data found  (period=1y)
$HSBK: possibly delisted; no price data found  (period=5d)
$HSBK: possibly delisted; no price data found  (period=1y)
$HSBK: possibly delisted; no price data found  (period=5d)
$HSBK: possibly delisted; no price data found  (period=1y)
$HSBK: possibly delisted; no price data found  (period=5d)
$HSBK: possibly delisted; no price data found  (period=1y)
$HSBK: possibly delisted; no price data found  (period=5d)
$CBKD.L: possibly delisted; no price data found  (period=5d)
$HSBK.L: possibly delisted; no price data found  (period=5d)
$HSBK: possibly delisted; no price data found  (period=1y)
$HSBK: possibly delisted; no price data found  (period=5d)
$HSBK: possibly delisted; no price data found  (period=1y)
$HSBK: possibly delisted; no price data found  (period=5d)
$HSBK: possibly delisted; no price data found  (period=1y)
$HSBK: possibly delisted; no price data found  (period=5d)
$HSBK: possibly delisted; no price data found  (period=1y)
$HSBK: possibly delisted; no price data found  (period=5d)
$HSBK: possibly delisted; no price data found  (period=1y)
$HSBK: possibly delisted; no price data found  (period=5d)
$HSBK: possibly delisted; no price data found  (period=1y)
$HSBK: possibly delisted; no price data found  (period=5d)
$HSBK: possibly delisted; no price data found  (period=1y)
$HSBK: possibly delisted; no price data found  (period=5d)
$CBKD.L: possibly delisted; no price data found  (period=5d)
$HSBK.L: possibly delisted; no price data found  (period=5d)
$HSBK: possibly delisted; no price data found  (period=1y)
$HSBK: possibly delisted; no price data found  (period=5d)
$HSBK: possibly delisted; no price data found  (period=1y)
$HSBK: possibly delisted; no price data found  (period=5d)
$HSBK: possibly delisted; no price data found  (period=1y)
$HSBK: possibly delisted; no price data found  (period=5d)
$HSBK: possibly delisted; no price data found  (period=1y)
$HSBK: possibly delisted; no price data found  (period=5d)
$CBKD.L: possibly delisted; no price data found  (period=5d)
$HSBK.L: possibly delisted; no price data found  (period=5d)
$HSBK: possibly delisted; no price data found  (period=1y)
$HSBK: possibly delisted; no price data found  (period=5d)
$HSBK: possibly delisted; no price data found  (period=1y)
$HSBK: possibly delisted; no price data found  (period=5d)
/Users/ajay/Library/Python/3.9/lib/python/site-packages/urllib3/__init__.py:35: NotOpenSSLWarning: urllib3 v2 only supports OpenSSL 1.1.1+, currently the 'ssl' module is compiled with 'LibreSSL 2.8.3'. See: https://github.com/urllib3/urllib3/issues/3020
  warnings.warn(
$HSBK: possibly delisted; no price data found  (period=1y)
$HSBK: possibly delisted; no price data found  (period=5d)
$HSBK.L: possibly delisted; no price data found  (period=5d)
$HSBK.L: possibly delisted; no price data found  (period=5d)
$HSBK.L: possibly delisted; no price data found  (period=5d)
$CBKD.L: possibly delisted; no price data found  (period=5d)
$CBKD.L: possibly delisted; no price data found  (period=5d)
$CBKD.L: possibly delisted; no price data found  (period=5d)
$HSBK: possibly delisted; no price data found  (period=1y)
$HSBK: possibly delisted; no price data found  (period=1y)
$HSBK: possibly delisted; no price data found  (period=1y)
$HSBK: possibly delisted; no price data found  (period=5d)
$HSBK: possibly delisted; no price data found  (period=5d)
$HSBK: possibly delisted; no price data found  (period=1y)
$HSBK: possibly delisted; no price data found  (period=5d)
$HSBK: possibly delisted; no price data found  (period=1y)
$HSBK: possibly delisted; no price data found  (period=5d)
$HSBK: possibly delisted; no price data found  (period=5d)
$HSBK: possibly delisted; no price data found  (period=1y)
$HSBK: possibly delisted; no price data found  (period=5d)
$HSBK: possibly delisted; no price data found  (period=1y)
$HSBK: possibly delisted; no price data found  (period=5d)
$HSBK: possibly delisted; no price data found  (period=1y)
$HSBK: possibly delisted; no price data found  (period=5d)
/Users/ajay/Library/Python/3.9/lib/python/site-packages/urllib3/__init__.py:35: NotOpenSSLWarning: urllib3 v2 only supports OpenSSL 1.1.1+, currently the 'ssl' module is compiled with 'LibreSSL 2.8.3'. See: https://github.com/urllib3/urllib3/issues/3020
  warnings.warn(
$CBKD.L: possibly delisted; no price data found  (period=5d)
$HSBK.L: possibly delisted; no price data found  (period=5d)
$HSBK: possibly delisted; no price data found  (period=1y)
$HSBK: possibly delisted; no price data found  (period=5d)
$HSBK: possibly delisted; no price data found  (period=1y)
$HSBK: possibly delisted; no price data found  (period=5d)
$HSBK: possibly delisted; no price data found  (period=1y)
$HSBK: possibly delisted; no price data found  (period=5d)
$HSBK: possibly delisted; no price data found  (period=1y)
$HSBK: possibly delisted; no price data found  (period=5d)
$HSBK: possibly delisted; no price data found  (period=1y)
$HSBK: possibly delisted; no price data found  (period=5d)
$HSBK: possibly delisted; no price data found  (period=1y)
$HSBK: possibly delisted; no price data found  (period=5d)
$HSBK: possibly delisted; no price data found  (period=1y)
$HSBK: possibly delisted; no price data found  (period=5d)
$CBKD.L: possibly delisted; no price data found  (period=5d)
$HSBK.L: possibly delisted; no price data found  (period=5d)
$HSBK: possibly delisted; no price data found  (period=1y)
$HSBK: possibly delisted; no price data found  (period=5d)
$HSBK: possibly delisted; no price data found  (period=1y)
$HSBK: possibly delisted; no price data found  (period=5d)
$HSBK: possibly delisted; no price data found  (period=1y)
$HSBK: possibly delisted; no price data found  (period=5d)
$HSBK: possibly delisted; no price data found  (period=1y)
$HSBK: possibly delisted; no price data found  (period=5d)
$HSBK: possibly delisted; no price data found  (period=1y)
$HSBK: possibly delisted; no price data found  (period=5d)
$HSBK: possibly delisted; no price data found  (period=1y)
$HSBK: possibly delisted; no price data found  (period=5d)
$HSBK: possibly delisted; no price data found  (period=1y)
$HSBK: possibly delisted; no price data found  (period=5d)
$CBKD.L: possibly delisted; no price data found  (period=5d)
$HSBK.L: possibly delisted; no price data found  (period=5d)
$HSBK: possibly delisted; no price data found  (period=1y)
$HSBK: possibly delisted; no price data found  (period=5d)
$HSBK: possibly delisted; no price data found  (period=1y)
$HSBK: possibly delisted; no price data found  (period=5d)
$HSBK: possibly delisted; no price data found  (period=1y)
$HSBK: possibly delisted; no price data found  (period=5d)
$HSBK: possibly delisted; no price data found  (period=1y)
$HSBK: possibly delisted; no price data found  (period=5d)
/Users/ajay/Library/Python/3.9/lib/python/site-packages/urllib3/__init__.py:35: NotOpenSSLWarning: urllib3 v2 only supports OpenSSL 1.1.1+, currently the 'ssl' module is compiled with 'LibreSSL 2.8.3'. See: https://github.com/urllib3/urllib3/issues/3020
  warnings.warn(
$CBKD.L: possibly delisted; no price data found  (period=5d)
$HSBK.L: possibly delisted; no price data found  (period=5d)
$HSBK.L: possibly delisted; no price data found  (period=5d)
$HSBK: possibly delisted; no price data found  (period=1y)
$HSBK: possibly delisted; no price data found  (period=1y)
$HSBK: possibly delisted; no price data found  (period=5d)
$HSBK: possibly delisted; no price data found  (period=5d)
$HSBK: possibly delisted; no price data found  (period=1y)
$HSBK: possibly delisted; no price data found  (period=1y)
$HSBK: possibly delisted; no price data found  (period=5d)
$HSBK: possibly delisted; no price data found  (period=5d)
$HSBK: possibly delisted; no price data found  (period=1y)
$HSBK: possibly delisted; no price data found  (period=5d)
$HSBK: possibly delisted; no price data found  (period=1y)
$HSBK: possibly delisted; no price data found  (period=5d)
$CBKD.L: possibly delisted; no price data found  (period=5d)
$HSBK.L: possibly delisted; no price data found  (period=5d)
$HSBK: possibly delisted; no price data found  (period=1y)
$HSBK: possibly delisted; no price data found  (period=5d)
$HSBK: possibly delisted; no price data found  (period=1y)
$HSBK: possibly delisted; no price data found  (period=5d)
$HSBK: possibly delisted; no price data found  (period=1y)
$HSBK: possibly delisted; no price data found  (period=5d)
$HSBK: possibly delisted; no price data found  (period=1y)
$HSBK: possibly delisted; no price data found  (period=5d)
$HSBK: possibly delisted; no price data found  (period=1y)
$HSBK: possibly delisted; no price data found  (period=5d)
$HSBK: possibly delisted; no price data found  (period=1y)
$HSBK: possibly delisted; no price data found  (period=5d)
$HSBK: possibly delisted; no price data found  (period=1y)
$HSBK: possibly delisted; no price data found  (period=5d)
$HSBK: possibly delisted; no price data found  (period=1y)
$HSBK: possibly delisted; no price data found  (period=5d)
$CBKD.L: possibly delisted; no price data found  (period=5d)
$HSBK: possibly delisted; no price data found  (period=1y)
$HSBK: possibly delisted; no price data found  (period=5d)
$HSBK.L: possibly delisted; no price data found  (period=5d)
$HSBK: possibly delisted; no price data found  (period=1y)
$HSBK: possibly delisted; no price data found  (period=5d)
$HSBK: possibly delisted; no price data found  (period=1y)
$HSBK: possibly delisted; no price data found  (period=5d)
$CBKD.L: possibly delisted; no price data found  (period=5d)
$HSBK.L: possibly delisted; no price data found  (period=5d)
$HSBK.L: possibly delisted; no price data found  (period=5d)
$HSBK: possibly delisted; no price data found  (period=1y)
$HSBK: possibly delisted; no price data found  (period=1y)
$HSBK: possibly delisted; no price data found  (period=5d)
$HSBK: possibly delisted; no price data found  (period=1y)
$HSBK: possibly delisted; no price data found  (period=5d)
$HSBK: possibly delisted; no price data found  (period=5d)
$HSBK: possibly delisted; no price data found  (period=1y)
$HSBK: possibly delisted; no price data found  (period=5d)
$CBKD.L: possibly delisted; no price data found  (period=5d)
$HSBK.L: possibly delisted; no price data found  (period=5d)
$HSBK: possibly delisted; no price data found  (period=1y)
$HSBK: possibly delisted; no price data found  (period=5d)
$HSBK: possibly delisted; no price data found  (period=1y)
$HSBK: possibly delisted; no price data found  (period=5d)
$HSBK: possibly delisted; no price data found  (period=1y)
$HSBK: possibly delisted; no price data found  (period=5d)
$HSBK: possibly delisted; no price data found  (period=1y)
$HSBK: possibly delisted; no price data found  (period=5d)
$CBKD.L: possibly delisted; no price data found  (period=5d)
$HSBK: possibly delisted; no price data found  (period=1y)
$HSBK: possibly delisted; no price data found  (period=5d)
$HSBK.L: possibly delisted; no price data found  (period=5d)
$HSBK: possibly delisted; no price data found  (period=1y)
$HSBK: possibly delisted; no price data found  (period=5d)
$HSBK: possibly delisted; no price data found  (period=1y)
$HSBK: possibly delisted; no price data found  (period=5d)
$HSBK: possibly delisted; no price data found  (period=1y)
$HSBK: possibly delisted; no price data found  (period=5d)
$HSBK: possibly delisted; no price data found  (period=1y)
$HSBK: possibly delisted; no price data found  (period=5d)
$HSBK: possibly delisted; no price data found  (period=1y)
$HSBK: possibly delisted; no price data found  (period=5d)
$HSBK: possibly delisted; no price data found  (period=1y)
$HSBK: possibly delisted; no price data found  (period=5d)
$HSBK: possibly delisted; no price data found  (period=1y)
$HSBK: possibly delisted; no price data found  (period=5d)
$HSBK: possibly delisted; no price data found  (period=1y)
$HSBK: possibly delisted; no price data found  (period=5d)
$HSBK: possibly delisted; no price data found  (period=1y)
$HSBK: possibly delisted; no price data found  (period=5d)
$HSBK: possibly delisted; no price data found  (period=1y)
$HSBK: possibly delisted; no price data found  (period=5d)
$HSBK: possibly delisted; no price data found  (period=1y)
$HSBK: possibly delisted; no price data found  (period=5d)
$CBKD.L: possibly delisted; no price data found  (period=5d)
$HSBK.L: possibly delisted; no price data found  (period=5d)
$HSBK: possibly delisted; no price data found  (period=1y)
$HSBK: possibly delisted; no price data found  (period=5d)
$HSBK: possibly delisted; no price data found  (period=1y)
$HSBK: possibly delisted; no price data found  (period=5d)
$HSBK: possibly delisted; no price data found  (period=1y)
$HSBK: possibly delisted; no price data found  (period=5d)
$HSBK: possibly delisted; no price data found  (period=1y)
$HSBK: possibly delisted; no price data found  (period=5d)
$HSBK: possibly delisted; no price data found  (period=1y)
$HSBK: possibly delisted; no price data found  (period=5d)
$HSBK: possibly delisted; no price data found  (period=1y)
$HSBK: possibly delisted; no price data found  (period=5d)
/Users/ajay/Library/Python/3.9/lib/python/site-packages/urllib3/__init__.py:35: NotOpenSSLWarning: urllib3 v2 only supports OpenSSL 1.1.1+, currently the 'ssl' module is compiled with 'LibreSSL 2.8.3'. See: https://github.com/urllib3/urllib3/issues/3020
  warnings.warn(
$CBKD.L: possibly delisted; no price data found  (period=5d)
$CBKD.L: possibly delisted; no price data found  (period=5d)
$CBKD.L: possibly delisted; no price data found  (period=5d)
$CBKD.L: possibly delisted; no price data found  (period=5d)
$HSBK.L: possibly delisted; no price data found  (period=5d)
$HSBK.L: possibly delisted; no price data found  (period=5d)
$HSBK.L: possibly delisted; no price data found  (period=5d)
$HSBK.L: possibly delisted; no price data found  (period=5d)
$HSBK: possibly delisted; no price data found  (period=1y)
$HSBK: possibly delisted; no price data found  (period=1y)
$HSBK: possibly delisted; no price data found  (period=5d)
$HSBK: possibly delisted; no price data found  (period=5d)
$HSBK: possibly delisted; no price data found  (period=5d)
$HSBK: possibly delisted; no price data found  (period=5d)
$HSBK: possibly delisted; no price data found  (period=1y)
$HSBK: possibly delisted; no price data found  (period=1y)
$HSBK: possibly delisted; no price data found  (period=5d)
$HSBK: possibly delisted; no price data found  (period=5d)
$HSBK: possibly delisted; no price data found  (period=5d)
$HSBK: possibly delisted; no price data found  (period=5d)
$HSBK: possibly delisted; no price data found  (period=1y)
$HSBK: possibly delisted; no price data found  (period=5d)
$HSBK: possibly delisted; no price data found  (period=5d)
$HSBK: possibly delisted; no price data found  (period=1y)
$HSBK: possibly delisted; no price data found  (period=5d)
$HSBK: possibly delisted; no price data found  (period=5d)
$HSBK: possibly delisted; no price data found  (period=1y)
$HSBK: possibly delisted; no price data found  (period=5d)
$HSBK: possibly delisted; no price data found  (period=5d)
$HSBK: possibly delisted; no price data found  (period=1y)
$HSBK: possibly delisted; no price data found  (period=5d)
$HSBK: possibly delisted; no price data found  (period=5d)
/Users/ajay/Library/Python/3.9/lib/python/site-packages/urllib3/__init__.py:35: NotOpenSSLWarning: urllib3 v2 only supports OpenSSL 1.1.1+, currently the 'ssl' module is compiled with 'LibreSSL 2.8.3'. See: https://github.com/urllib3/urllib3/issues/3020
  warnings.warn(
$HSBK.L: possibly delisted; no price data found  (period=5d)
$HSBK.L: possibly delisted; no price data found  (period=5d)
$HSBK.L: possibly delisted; no price data found  (period=2d)
$CBKD.L: possibly delisted; no price data found  (period=5d)
$CBKD.L: possibly delisted; no price data found  (period=5d)
$CBKD.L: possibly delisted; no price data found  (period=5d)
$CBKD.L: possibly delisted; no price data found  (period=5d)
$CBKD.L: possibly delisted; no price data found  (period=2d)
$CBKD.L: possibly delisted; no price data found  (period=2d)
$HSBK: possibly delisted; no price data found  (period=1y)
$HSBK: possibly delisted; no price data found  (period=1y)
$HSBK: possibly delisted; no price data found  (period=5d)
$HSBK: possibly delisted; no price data found  (period=5d)
$HSBK: possibly delisted; no price data found  (period=5d)
$HSBK: possibly delisted; no price data found  (period=5d)
$HSBK: possibly delisted; no price data found  (period=1y)
$HSBK: possibly delisted; no price data found  (period=5d)
$HSBK: possibly delisted; no price data found  (period=1y)
$HSBK: possibly delisted; no price data found  (period=5d)
$HSBK: possibly delisted; no price data found  (period=5d)
$HSBK: possibly delisted; no price data found  (period=5d)
$HSBK: possibly delisted; no price data found  (period=1y)
$HSBK: possibly delisted; no price data found  (period=5d)
$HSBK: possibly delisted; no price data found  (period=5d)
$HSBK: possibly delisted; no price data found  (period=1y)
$HSBK: possibly delisted; no price data found  (period=5d)
$HSBK: possibly delisted; no price data found  (period=5d)
/Users/ajay/Library/Python/3.9/lib/python/site-packages/urllib3/__init__.py:35: NotOpenSSLWarning: urllib3 v2 only supports OpenSSL 1.1.1+, currently the 'ssl' module is compiled with 'LibreSSL 2.8.3'. See: https://github.com/urllib3/urllib3/issues/3020
  warnings.warn(
$CBKD.L: possibly delisted; no price data found  (period=5d)
$CBKD.L: possibly delisted; no price data found  (period=5d)
$CBKD.L: possibly delisted; no price data found  (period=2d)
$HSBK.L: possibly delisted; no price data found  (period=5d)
$HSBK.L: possibly delisted; no price data found  (period=5d)
$HSBK.L: possibly delisted; no price data found  (period=2d)
$HSBK: possibly delisted; no price data found  (period=1y)
$HSBK: possibly delisted; no price data found  (period=5d)
$HSBK: possibly delisted; no price data found  (period=5d)
$HSBK: possibly delisted; no price data found  (period=2d)
$HSBK: possibly delisted; no price data found  (period=1y)
$HSBK: possibly delisted; no price data found  (period=5d)
$HSBK: possibly delisted; no price data found  (period=5d)
$HSBK: possibly delisted; no price data found  (period=2d)
$HSBK: possibly delisted; no price data found  (period=1y)
$HSBK: possibly delisted; no price data found  (period=5d)
$HSBK: possibly delisted; no price data found  (period=5d)
$HSBK: possibly delisted; no price data found  (period=2d)
$HSBK: possibly delisted; no price data found  (period=1y)
$HSBK: possibly delisted; no price data found  (period=5d)
$HSBK: possibly delisted; no price data found  (period=5d)
$HSBK: possibly delisted; no price data found  (period=2d)
/Users/ajay/Library/Python/3.9/lib/python/site-packages/urllib3/__init__.py:35: NotOpenSSLWarning: urllib3 v2 only supports OpenSSL 1.1.1+, currently the 'ssl' module is compiled with 'LibreSSL 2.8.3'. See: https://github.com/urllib3/urllib3/issues/3020
  warnings.warn(
$HSBK.L: possibly delisted; no price data found  (period=5d)
$HSBK.L: possibly delisted; no price data found  (period=5d)
$HSBK.L: possibly delisted; no price data found  (period=2d)
$CBKD.L: possibly delisted; no price data found  (period=5d)
$CBKD.L: possibly delisted; no price data found  (period=5d)
$CBKD.L: possibly delisted; no price data found  (period=2d)
$HSBK: possibly delisted; no price data found  (period=1y)
$HSBK: possibly delisted; no price data found  (period=5d)
$HSBK: possibly delisted; no price data found  (period=5d)
$HSBK: possibly delisted; no price data found  (period=2d)
$HSBK: possibly delisted; no price data found  (period=1y)
$HSBK: possibly delisted; no price data found  (period=5d)
$HSBK: possibly delisted; no price data found  (period=5d)
$HSBK: possibly delisted; no price data found  (period=2d)
/Users/ajay/Library/Python/3.9/lib/python/site-packages/urllib3/__init__.py:35: NotOpenSSLWarning: urllib3 v2 only supports OpenSSL 1.1.1+, currently the 'ssl' module is compiled with 'LibreSSL 2.8.3'. See: https://github.com/urllib3/urllib3/issues/3020
  warnings.warn(
$CBKD.L: possibly delisted; no price data found  (period=5d)
$CBKD.L: possibly delisted; no price data found  (period=5d)
$CBKD.L: possibly delisted; no price data found  (period=2d)
$HSBK.L: possibly delisted; no price data found  (period=5d)
$HSBK.L: possibly delisted; no price data found  (period=5d)
$HSBK.L: possibly delisted; no price data found  (period=2d)
$HSBK: possibly delisted; no price data found  (period=1y)
$HSBK: possibly delisted; no price data found  (period=5d)
$HSBK: possibly delisted; no price data found  (period=5d)
$HSBK: possibly delisted; no price data found  (period=2d)
$HSBK: possibly delisted; no price data found  (period=1y)
$HSBK: possibly delisted; no price data found  (period=5d)
$HSBK: possibly delisted; no price data found  (period=5d)
$HSBK: possibly delisted; no price data found  (period=2d)
/Users/ajay/Library/Python/3.9/lib/python/site-packages/urllib3/__init__.py:35: NotOpenSSLWarning: urllib3 v2 only supports OpenSSL 1.1.1+, currently the 'ssl' module is compiled with 'LibreSSL 2.8.3'. See: https://github.com/urllib3/urllib3/issues/3020
  warnings.warn(
/Users/ajay/Library/Python/3.9/lib/python/site-packages/urllib3/__init__.py:35: NotOpenSSLWarning: urllib3 v2 only supports OpenSSL 1.1.1+, currently the 'ssl' module is compiled with 'LibreSSL 2.8.3'. See: https://github.com/urllib3/urllib3/issues/3020
  warnings.warn(
/Users/ajay/Library/Python/3.9/lib/python/site-packages/urllib3/__init__.py:35: NotOpenSSLWarning: urllib3 v2 only supports OpenSSL 1.1.1+, currently the 'ssl' module is compiled with 'LibreSSL 2.8.3'. See: https://github.com/urllib3/urllib3/issues/3020
  warnings.warn(
$CBKD.L: possibly delisted; no price data found  (period=5d)
$CBKD.L: possibly delisted; no price data found  (period=5d)
$CBKD.L: possibly delisted; no price data found  (period=5d)
$CBKD.L: possibly delisted; no price data found  (period=5d)
$CBKD.L: possibly delisted; no price data found  (period=5d)
$CBKD.L: possibly delisted; no price data found  (period=5d)
$CBKD.L: possibly delisted; no price data found  (period=2d)
$CBKD.L: possibly delisted; no price data found  (period=2d)
$CBKD.L: possibly delisted; no price data found  (period=2d)
$HSBK.L: possibly delisted; no price data found  (period=5d)
$HSBK.L: possibly delisted; no price data found  (period=5d)
$HSBK.L: possibly delisted; no price data found  (period=5d)
$HSBK.L: possibly delisted; no price data found  (period=5d)
$HSBK.L: possibly delisted; no price data found  (period=5d)
$HSBK.L: possibly delisted; no price data found  (period=5d)
$HSBK.L: possibly delisted; no price data found  (period=2d)
$HSBK.L: possibly delisted; no price data found  (period=2d)
$HSBK.L: possibly delisted; no price data found  (period=2d)
$HSBK: possibly delisted; no price data found  (period=1y)
$HSBK: possibly delisted; no price data found  (period=1y)
$HSBK: possibly delisted; no price data found  (period=5d)
$HSBK: possibly delisted; no price data found  (period=5d)
$HSBK: possibly delisted; no price data found  (period=5d)
$HSBK: possibly delisted; no price data found  (period=5d)
$HSBK: possibly delisted; no price data found  (period=1y)
$HSBK: possibly delisted; no price data found  (period=5d)
$HSBK: possibly delisted; no price data found  (period=5d)
$HSBK: possibly delisted; no price data found  (period=2d)
$HSBK: possibly delisted; no price data found  (period=1y)
$HSBK: possibly delisted; no price data found  (period=5d)
$HSBK: possibly delisted; no price data found  (period=5d)
$HSBK: possibly delisted; no price data found  (period=2d)
$HSBK: possibly delisted; no price data found  (period=2d)
$HSBK: possibly delisted; no price data found  (period=2d)
$HSBK: possibly delisted; no price data found  (period=1y)
$HSBK: possibly delisted; no price data found  (period=1y)
$HSBK: possibly delisted; no price data found  (period=5d)
$HSBK: possibly delisted; no price data found  (period=5d)
$HSBK: possibly delisted; no price data found  (period=5d)
$HSBK: possibly delisted; no price data found  (period=5d)
$HSBK: possibly delisted; no price data found  (period=2d)
$HSBK: possibly delisted; no price data found  (period=2d)
$HSBK: possibly delisted; no price data found  (period=1y)
$HSBK: possibly delisted; no price data found  (period=5d)
$HSBK: possibly delisted; no price data found  (period=5d)
$HSBK: possibly delisted; no price data found  (period=2d)
$HSBK: possibly delisted; no price data found  (period=1y)
$HSBK: possibly delisted; no price data found  (period=5d)
$HSBK: possibly delisted; no price data found  (period=5d)
$HSBK: possibly delisted; no price data found  (period=2d)
$HSBK: possibly delisted; no price data found  (period=1y)
$HSBK: possibly delisted; no price data found  (period=5d)
$HSBK: possibly delisted; no price data found  (period=5d)
$HSBK: possibly delisted; no price data found  (period=2d)
$HSBK: possibly delisted; no price data found  (period=1y)
$HSBK: possibly delisted; no price data found  (period=5d)
$HSBK: possibly delisted; no price data found  (period=5d)
$HSBK: possibly delisted; no price data found  (period=2d)
$CBKD.L: possibly delisted; no price data found  (period=5d)
$CBKD.L: possibly delisted; no price data found  (period=5d)
$CBKD.L: possibly delisted; no price data found  (period=2d)
$HSBK.L: possibly delisted; no price data found  (period=5d)
$HSBK.L: possibly delisted; no price data found  (period=5d)
$HSBK.L: possibly delisted; no price data found  (period=2d)
$HSBK: possibly delisted; no price data found  (period=1y)
$HSBK: possibly delisted; no price data found  (period=5d)
$HSBK: possibly delisted; no price data found  (period=5d)
$HSBK: possibly delisted; no price data found  (period=2d)
$HSBK: possibly delisted; no price data found  (period=1y)
$HSBK: possibly delisted; no price data found  (period=5d)
$HSBK: possibly delisted; no price data found  (period=5d)
$HSBK: possibly delisted; no price data found  (period=2d)
$HSBK: possibly delisted; no price data found  (period=1y)
$HSBK: possibly delisted; no price data found  (period=5d)
$HSBK: possibly delisted; no price data found  (period=5d)
$HSBK: possibly delisted; no price data found  (period=2d)
$HSBK: possibly delisted; no price data found  (period=1y)
$HSBK: possibly delisted; no price data found  (period=5d)
$HSBK: possibly delisted; no price data found  (period=5d)
$HSBK: possibly delisted; no price data found  (period=2d)
/Users/ajay/Library/Python/3.9/lib/python/site-packages/urllib3/__init__.py:35: NotOpenSSLWarning: urllib3 v2 only supports OpenSSL 1.1.1+, currently the 'ssl' module is compiled with 'LibreSSL 2.8.3'. See: https://github.com/urllib3/urllib3/issues/3020
  warnings.warn(
$CBKD.L: possibly delisted; no price data found  (period=5d)
$CBKD.L: possibly delisted; no price data found  (period=5d)
$CBKD.L: possibly delisted; no price data found  (period=2d)
$HSBK.L: possibly delisted; no price data found  (period=5d)
$HSBK.L: possibly delisted; no price data found  (period=5d)
$HSBK.L: possibly delisted; no price data found  (period=2d)
$HSBK: possibly delisted; no price data found  (period=1y)
$HSBK: possibly delisted; no price data found  (period=5d)
$HSBK: possibly delisted; no price data found  (period=5d)
$HSBK: possibly delisted; no price data found  (period=2d)
$HSBK: possibly delisted; no price data found  (period=1y)
$HSBK: possibly delisted; no price data found  (period=5d)
$HSBK: possibly delisted; no price data found  (period=5d)
$HSBK: possibly delisted; no price data found  (period=2d)
/Users/ajay/Library/Python/3.9/lib/python/site-packages/urllib3/__init__.py:35: NotOpenSSLWarning: urllib3 v2 only supports OpenSSL 1.1.1+, currently the 'ssl' module is compiled with 'LibreSSL 2.8.3'. See: https://github.com/urllib3/urllib3/issues/3020
  warnings.warn(
$HSBK.L: possibly delisted; no price data found  (period=5d)
$HSBK.L: possibly delisted; no price data found  (period=5d)
$HSBK.L: possibly delisted; no price data found  (period=5d)
$HSBK.L: possibly delisted; no price data found  (period=5d)
$HSBK.L: possibly delisted; no price data found  (period=5d)
$HSBK.L: possibly delisted; no price data found  (period=5d)
$HSBK.L: possibly delisted; no price data found  (period=2d)
$HSBK.L: possibly delisted; no price data found  (period=2d)
$HSBK.L: possibly delisted; no price data found  (period=2d)
$FXPO.L: possibly delisted; no price data found  (period=5d)
$FXPO.L: possibly delisted; no price data found  (period=5d)
$FXPO.L: possibly delisted; no price data found  (period=5d)
$FXPO.L: possibly delisted; no price data found  (period=5d)
$FXPO.L: possibly delisted; no price data found  (period=5d)
$FXPO.L: possibly delisted; no price data found  (period=5d)
$FXPO.L: possibly delisted; no price data found  (period=2d)
$FXPO.L: possibly delisted; no price data found  (period=2d)
$FXPO.L: possibly delisted; no price data found  (period=2d)
$CBKD.L: possibly delisted; no price data found  (period=5d)
$CBKD.L: possibly delisted; no price data found  (period=5d)
$CBKD.L: possibly delisted; no price data found  (period=5d)
$CBKD.L: possibly delisted; no price data found  (period=5d)
$CBKD.L: possibly delisted; no price data found  (period=5d)
$CBKD.L: possibly delisted; no price data found  (period=5d)
$CBKD.L: possibly delisted; no price data found  (period=2d)
$CBKD.L: possibly delisted; no price data found  (period=2d)
$CBKD.L: possibly delisted; no price data found  (period=2d)
/Users/ajay/Library/Python/3.9/lib/python/site-packages/urllib3/__init__.py:35: NotOpenSSLWarning: urllib3 v2 only supports OpenSSL 1.1.1+, currently the 'ssl' module is compiled with 'LibreSSL 2.8.3'. See: https://github.com/urllib3/urllib3/issues/3020
  warnings.warn(
/Users/ajay/Library/Python/3.9/lib/python/site-packages/urllib3/__init__.py:35: NotOpenSSLWarning: urllib3 v2 only supports OpenSSL 1.1.1+, currently the 'ssl' module is compiled with 'LibreSSL 2.8.3'. See: https://github.com/urllib3/urllib3/issues/3020
  warnings.warn(
/Users/ajay/Library/Python/3.9/lib/python/site-packages/urllib3/__init__.py:35: NotOpenSSLWarning: urllib3 v2 only supports OpenSSL 1.1.1+, currently the 'ssl' module is compiled with 'LibreSSL 2.8.3'. See: https://github.com/urllib3/urllib3/issues/3020
  warnings.warn(
$FXPO.L: possibly delisted; no price data found  (period=5d)
$FXPO.L: possibly delisted; no price data found  (period=5d)
$FXPO.L: possibly delisted; no price data found  (period=2d)
$CBKD.L: possibly delisted; no price data found  (period=5d)
$CBKD.L: possibly delisted; no price data found  (period=5d)
$CBKD.L: possibly delisted; no price data found  (period=2d)
$HSBK.L: possibly delisted; no price data found  (period=5d)
$HSBK.L: possibly delisted; no price data found  (period=5d)
$HSBK.L: possibly delisted; no price data found  (period=2d)
$HSBK: possibly delisted; no price data found  (period=1y)
$HSBK: possibly delisted; no price data found  (period=5d)
$HSBK: possibly delisted; no price data found  (period=5d)
$HSBK: possibly delisted; no price data found  (period=2d)
$HSBK: possibly delisted; no price data found  (period=1y)
$HSBK: possibly delisted; no price data found  (period=5d)
$HSBK: possibly delisted; no price data found  (period=5d)
$HSBK: possibly delisted; no price data found  (period=2d)
/Users/ajay/Library/Python/3.9/lib/python/site-packages/urllib3/__init__.py:35: NotOpenSSLWarning: urllib3 v2 only supports OpenSSL 1.1.1+, currently the 'ssl' module is compiled with 'LibreSSL 2.8.3'. See: https://github.com/urllib3/urllib3/issues/3020
  warnings.warn(
$FXPO.L: possibly delisted; no price data found  (period=5d)
$FXPO.L: possibly delisted; no price data found  (period=5d)
$CBKD.L: possibly delisted; no price data found  (period=5d)
$CBKD.L: possibly delisted; no price data found  (period=5d)
$HSBK.L: possibly delisted; no price data found  (period=5d)
$HSBK.L: possibly delisted; no price data found  (period=5d)
/Users/ajay/Library/Python/3.9/lib/python/site-packages/urllib3/__init__.py:35: NotOpenSSLWarning: urllib3 v2 only supports OpenSSL 1.1.1+, currently the 'ssl' module is compiled with 'LibreSSL 2.8.3'. See: https://github.com/urllib3/urllib3/issues/3020
  warnings.warn(
$HSBK.L: possibly delisted; no price data found  (period=5d)
$HSBK.L: possibly delisted; no price data found  (period=5d)
HTTP Error 404: {"quoteSummary":{"result":null,"error":{"code":"Not Found","description":"Quote not found for symbol: NBG.AT"}}}
$NBG.AT: possibly delisted; no price data found  (period=1y) (Yahoo error = "No data found, symbol may be delisted")
$NBG.AT: possibly delisted; no price data found  (period=5d) (Yahoo error = "No data found, symbol may be delisted")
$FXPO.L: possibly delisted; no price data found  (period=5d)
$FXPO.L: possibly delisted; no price data found  (period=5d)
$CBKD.L: possibly delisted; no price data found  (period=5d)
$CBKD.L: possibly delisted; no price data found  (period=5d)
HTTP Error 404: {"quoteSummary":{"result":null,"error":{"code":"Not Found","description":"Quote not found for symbol: NBG.AT"}}}
$NBG.AT: possibly delisted; no price data found  (period=1y) (Yahoo error = "No data found, symbol may be delisted")
$NBG.AT: possibly delisted; no price data found  (period=5d) (Yahoo error = "No data found, symbol may be delisted")
$NBG.AT: possibly delisted; no price data found  (period=1y) (Yahoo error = "No data found, symbol may be delisted")
$NBG.AT: possibly delisted; no price data found  (period=5d) (Yahoo error = "No data found, symbol may be delisted")
$NBG.AT: possibly delisted; no price data found  (period=1y) (Yahoo error = "No data found, symbol may be delisted")
$NBG.AT: possibly delisted; no price data found  (period=5d) (Yahoo error = "No data found, symbol may be delisted")
$NBG.AT: possibly delisted; no price data found  (period=1y) (Yahoo error = "No data found, symbol may be delisted")
$NBG.AT: possibly delisted; no price data found  (period=5d) (Yahoo error = "No data found, symbol may be delisted")
$HSBK.L: possibly delisted; no price data found  (period=5d)
$HSBK.L: possibly delisted; no price data found  (period=5d)
$HSBK.L: possibly delisted; no price data found  (period=5d)
$HSBK.L: possibly delisted; no price data found  (period=5d)
$HSBK.L: possibly delisted; no price data found  (period=5d)
$HSBK.L: possibly delisted; no price data found  (period=5d)
$NBG.AT: possibly delisted; no price data found  (period=1y) (Yahoo error = "No data found, symbol may be delisted")
$NBG.AT: possibly delisted; no price data found  (period=1y) (Yahoo error = "No data found, symbol may be delisted")
$NBG.AT: possibly delisted; no price data found  (period=1y) (Yahoo error = "No data found, symbol may be delisted")
$NBG.AT: possibly delisted; no price data found  (period=5d) (Yahoo error = "No data found, symbol may be delisted")
$NBG.AT: possibly delisted; no price data found  (period=5d) (Yahoo error = "No data found, symbol may be delisted")
$NBG.AT: possibly delisted; no price data found  (period=5d) (Yahoo error = "No data found, symbol may be delisted")
$FXPO.L: possibly delisted; no price data found  (period=5d)
$FXPO.L: possibly delisted; no price data found  (period=5d)
$FXPO.L: possibly delisted; no price data found  (period=5d)
$FXPO.L: possibly delisted; no price data found  (period=5d)
$FXPO.L: possibly delisted; no price data found  (period=5d)
$FXPO.L: possibly delisted; no price data found  (period=5d)
$CBKD.L: possibly delisted; no price data found  (period=5d)
$CBKD.L: possibly delisted; no price data found  (period=5d)
$CBKD.L: possibly delisted; no price data found  (period=5d)
$CBKD.L: possibly delisted; no price data found  (period=5d)
$CBKD.L: possibly delisted; no price data found  (period=5d)
$CBKD.L: possibly delisted; no price data found  (period=5d)
$NBG.AT: possibly delisted; no price data found  (period=1y) (Yahoo error = "No data found, symbol may be delisted")
$NBG.AT: possibly delisted; no price data found  (period=1y) (Yahoo error = "No data found, symbol may be delisted")
$NBG.AT: possibly delisted; no price data found  (period=1y) (Yahoo error = "No data found, symbol may be delisted")
$NBG.AT: possibly delisted; no price data found  (period=5d) (Yahoo error = "No data found, symbol may be delisted")
$NBG.AT: possibly delisted; no price data found  (period=5d) (Yahoo error = "No data found, symbol may be delisted")
$NBG.AT: possibly delisted; no price data found  (period=5d) (Yahoo error = "No data found, symbol may be delisted")
$NBG.AT: possibly delisted; no price data found  (period=1y) (Yahoo error = "No data found, symbol may be delisted")
$NBG.AT: possibly delisted; no price data found  (period=1y) (Yahoo error = "No data found, symbol may be delisted")
$NBG.AT: possibly delisted; no price data found  (period=1y) (Yahoo error = "No data found, symbol may be delisted")
$NBG.AT: possibly delisted; no price data found  (period=5d) (Yahoo error = "No data found, symbol may be delisted")
$NBG.AT: possibly delisted; no price data found  (period=5d) (Yahoo error = "No data found, symbol may be delisted")
$NBG.AT: possibly delisted; no price data found  (period=5d) (Yahoo error = "No data found, symbol may be delisted")
$NBG.AT: possibly delisted; no price data found  (period=1y) (Yahoo error = "No data found, symbol may be delisted")
$NBG.AT: possibly delisted; no price data found  (period=1y) (Yahoo error = "No data found, symbol may be delisted")
$NBG.AT: possibly delisted; no price data found  (period=1y) (Yahoo error = "No data found, symbol may be delisted")
$NBG.AT: possibly delisted; no price data found  (period=5d) (Yahoo error = "No data found, symbol may be delisted")
$NBG.AT: possibly delisted; no price data found  (period=5d) (Yahoo error = "No data found, symbol may be delisted")
$NBG.AT: possibly delisted; no price data found  (period=5d) (Yahoo error = "No data found, symbol may be delisted")
$NBG.AT: possibly delisted; no price data found  (period=1y) (Yahoo error = "No data found, symbol may be delisted")
$NBG.AT: possibly delisted; no price data found  (period=1y) (Yahoo error = "No data found, symbol may be delisted")
$NBG.AT: possibly delisted; no price data found  (period=1y) (Yahoo error = "No data found, symbol may be delisted")
$NBG.AT: possibly delisted; no price data found  (period=5d) (Yahoo error = "No data found, symbol may be delisted")
$NBG.AT: possibly delisted; no price data found  (period=5d) (Yahoo error = "No data found, symbol may be delisted")
$NBG.AT: possibly delisted; no price data found  (period=5d) (Yahoo error = "No data found, symbol may be delisted")
$NBG.AT: possibly delisted; no price data found  (period=1y) (Yahoo error = "No data found, symbol may be delisted")
$NBG.AT: possibly delisted; no price data found  (period=5d) (Yahoo error = "No data found, symbol may be delisted")
$NBG.AT: possibly delisted; no price data found  (period=1y) (Yahoo error = "No data found, symbol may be delisted")
$NBG.AT: possibly delisted; no price data found  (period=5d) (Yahoo error = "No data found, symbol may be delisted")
$NBG.AT: possibly delisted; no price data found  (period=1y) (Yahoo error = "No data found, symbol may be delisted")
$NBG.AT: possibly delisted; no price data found  (period=5d) (Yahoo error = "No data found, symbol may be delisted")
$NBG.AT: possibly delisted; no price data found  (period=1y) (Yahoo error = "No data found, symbol may be delisted")
$NBG.AT: possibly delisted; no price data found  (period=5d) (Yahoo error = "No data found, symbol may be delisted")
$NBG.AT: possibly delisted; no price data found  (period=1y) (Yahoo error = "No data found, symbol may be delisted")
$NBG.AT: possibly delisted; no price data found  (period=5d) (Yahoo error = "No data found, symbol may be delisted")
$HSBK.L: possibly delisted; no price data found  (period=5d)
$HSBK.L: possibly delisted; no price data found  (period=5d)
$NBG.AT: possibly delisted; no price data found  (period=1y) (Yahoo error = "No data found, symbol may be delisted")
$NBG.AT: possibly delisted; no price data found  (period=5d) (Yahoo error = "No data found, symbol may be delisted")
$FXPO.L: possibly delisted; no price data found  (period=5d)
$FXPO.L: possibly delisted; no price data found  (period=5d)
$CBKD.L: possibly delisted; no price data found  (period=5d)
$CBKD.L: possibly delisted; no price data found  (period=5d)
$NBG.AT: possibly delisted; no price data found  (period=1y) (Yahoo error = "No data found, symbol may be delisted")
$NBG.AT: possibly delisted; no price data found  (period=5d) (Yahoo error = "No data found, symbol may be delisted")
$NBG.AT: possibly delisted; no price data found  (period=1y) (Yahoo error = "No data found, symbol may be delisted")
$NBG.AT: possibly delisted; no price data found  (period=5d) (Yahoo error = "No data found, symbol may be delisted")
$NBG.AT: possibly delisted; no price data found  (period=1y) (Yahoo error = "No data found, symbol may be delisted")
$NBG.AT: possibly delisted; no price data found  (period=5d) (Yahoo error = "No data found, symbol may be delisted")
$NBG.AT: possibly delisted; no price data found  (period=1y) (Yahoo error = "No data found, symbol may be delisted")
$NBG.AT: possibly delisted; no price data found  (period=5d) (Yahoo error = "No data found, symbol may be delisted")
$NBG.AT: possibly delisted; no price data found  (period=1y) (Yahoo error = "No data found, symbol may be delisted")
$NBG.AT: possibly delisted; no price data found  (period=5d) (Yahoo error = "No data found, symbol may be delisted")
$NBG.AT: possibly delisted; no price data found  (period=1y) (Yahoo error = "No data found, symbol may be delisted")
$NBG.AT: possibly delisted; no price data found  (period=5d) (Yahoo error = "No data found, symbol may be delisted")
$NBG.AT: possibly delisted; no price data found  (period=1y) (Yahoo error = "No data found, symbol may be delisted")
$NBG.AT: possibly delisted; no price data found  (period=5d) (Yahoo error = "No data found, symbol may be delisted")
$NBG.AT: possibly delisted; no price data found  (period=1y) (Yahoo error = "No data found, symbol may be delisted")
$NBG.AT: possibly delisted; no price data found  (period=5d) (Yahoo error = "No data found, symbol may be delisted")
$NBG.AT: possibly delisted; no price data found  (period=1y) (Yahoo error = "No data found, symbol may be delisted")
$NBG.AT: possibly delisted; no price data found  (period=5d) (Yahoo error = "No data found, symbol may be delisted")
$NBG.AT: possibly delisted; no price data found  (period=1y) (Yahoo error = "No data found, symbol may be delisted")
$NBG.AT: possibly delisted; no price data found  (period=5d) (Yahoo error = "No data found, symbol may be delisted")
$NBG.AT: possibly delisted; no price data found  (period=1y) (Yahoo error = "No data found, symbol may be delisted")
$NBG.AT: possibly delisted; no price data found  (period=5d) (Yahoo error = "No data found, symbol may be delisted")
$NBG.AT: possibly delisted; no price data found  (period=1y) (Yahoo error = "No data found, symbol may be delisted")
$NBG.AT: possibly delisted; no price data found  (period=5d) (Yahoo error = "No data found, symbol may be delisted")
$NBG.AT: possibly delisted; no price data found  (period=1y) (Yahoo error = "No data found, symbol may be delisted")
$NBG.AT: possibly delisted; no price data found  (period=5d) (Yahoo error = "No data found, symbol may be delisted")
$NBG.AT: possibly delisted; no price data found  (period=1y) (Yahoo error = "No data found, symbol may be delisted")
$NBG.AT: possibly delisted; no price data found  (period=5d) (Yahoo error = "No data found, symbol may be delisted")
$HSBK.L: possibly delisted; no price data found  (period=5d)
$HSBK.L: possibly delisted; no price data found  (period=5d)
$NBG.AT: possibly delisted; no price data found  (period=1y) (Yahoo error = "No data found, symbol may be delisted")
$NBG.AT: possibly delisted; no price data found  (period=5d) (Yahoo error = "No data found, symbol may be delisted")
$FXPO.L: possibly delisted; no price data found  (period=5d)
$FXPO.L: possibly delisted; no price data found  (period=5d)
$CBKD.L: possibly delisted; no price data found  (period=5d)
$CBKD.L: possibly delisted; no price data found  (period=5d)
$NBG.AT: possibly delisted; no price data found  (period=1y) (Yahoo error = "No data found, symbol may be delisted")
$NBG.AT: possibly delisted; no price data found  (period=5d) (Yahoo error = "No data found, symbol may be delisted")
$NBG.AT: possibly delisted; no price data found  (period=1y) (Yahoo error = "No data found, symbol may be delisted")
$NBG.AT: possibly delisted; no price data found  (period=5d) (Yahoo error = "No data found, symbol may be delisted")
$NBG.AT: possibly delisted; no price data found  (period=1y) (Yahoo error = "No data found, symbol may be delisted")
$NBG.AT: possibly delisted; no price data found  (period=5d) (Yahoo error = "No data found, symbol may be delisted")
$NBG.AT: possibly delisted; no price data found  (period=1y) (Yahoo error = "No data found, symbol may be delisted")
$NBG.AT: possibly delisted; no price data found  (period=5d) (Yahoo error = "No data found, symbol may be delisted")
$NBG.AT: possibly delisted; no price data found  (period=1y) (Yahoo error = "No data found, symbol may be delisted")
$NBG.AT: possibly delisted; no price data found  (period=5d) (Yahoo error = "No data found, symbol may be delisted")
$NBG.AT: possibly delisted; no price data found  (period=1y) (Yahoo error = "No data found, symbol may be delisted")
$NBG.AT: possibly delisted; no price data found  (period=5d) (Yahoo error = "No data found, symbol may be delisted")
$NBG.AT: possibly delisted; no price data found  (period=1y) (Yahoo error = "No data found, symbol may be delisted")
$NBG.AT: possibly delisted; no price data found  (period=5d) (Yahoo error = "No data found, symbol may be delisted")
$NBG.AT: possibly delisted; no price data found  (period=1y) (Yahoo error = "No data found, symbol may be delisted")
$NBG.AT: possibly delisted; no price data found  (period=5d) (Yahoo error = "No data found, symbol may be delisted")
$NBG.AT: possibly delisted; no price data found  (period=1y) (Yahoo error = "No data found, symbol may be delisted")
$NBG.AT: possibly delisted; no price data found  (period=5d) (Yahoo error = "No data found, symbol may be delisted")
$HSBK.L: possibly delisted; no price data found  (period=5d)
$HSBK.L: possibly delisted; no price data found  (period=5d)
$HSBK.L: possibly delisted; no price data found  (period=5d)
$HSBK.L: possibly delisted; no price data found  (period=5d)
$HSBK.L: possibly delisted; no price data found  (period=5d)
$HSBK.L: possibly delisted; no price data found  (period=5d)
$UKRAIN-STEPUP-B: possibly delisted; no price data found  (period=1y) (Yahoo error = "No data found, symbol may be delisted")
$UKRAIN-STEPUP-B: possibly delisted; no price data found  (period=1y) (Yahoo error = "No data found, symbol may be delisted")
$UKRAIN-STEPUP-B: possibly delisted; no price data found  (period=5d) (Yahoo error = "No data found, symbol may be delisted")
$UKRAIN-STEPUP-B: possibly delisted; no price data found  (period=1y) (Yahoo error = "No data found, symbol may be delisted")
$UKRAIN-STEPUP-B: possibly delisted; no price data found  (period=5d) (Yahoo error = "No data found, symbol may be delisted")
$UKRAIN-STEPUP-B: possibly delisted; no price data found  (period=5d) (Yahoo error = "No data found, symbol may be delisted")
$AST.WAR: possibly delisted; no price data found  (period=1y) (Yahoo error = "No data found, symbol may be delisted")
$AST.WAR: possibly delisted; no price data found  (period=1y) (Yahoo error = "No data found, symbol may be delisted")
$AST.WAR: possibly delisted; no price data found  (period=1y) (Yahoo error = "No data found, symbol may be delisted")
$AST.WAR: possibly delisted; no price data found  (period=5d) (Yahoo error = "No data found, symbol may be delisted")
$AST.WAR: possibly delisted; no price data found  (period=5d) (Yahoo error = "No data found, symbol may be delisted")
$AST.WAR: possibly delisted; no price data found  (period=5d) (Yahoo error = "No data found, symbol may be delisted")
$NBG.AT: possibly delisted; no price data found  (period=1y) (Yahoo error = "No data found, symbol may be delisted")
$NBG.AT: possibly delisted; no price data found  (period=1y) (Yahoo error = "No data found, symbol may be delisted")
$NBG.AT: possibly delisted; no price data found  (period=5d) (Yahoo error = "No data found, symbol may be delisted")
$NBG.AT: possibly delisted; no price data found  (period=1y) (Yahoo error = "No data found, symbol may be delisted")
$NBG.AT: possibly delisted; no price data found  (period=5d) (Yahoo error = "No data found, symbol may be delisted")
$NBG.AT: possibly delisted; no price data found  (period=5d) (Yahoo error = "No data found, symbol may be delisted")
$FXPO.L: possibly delisted; no price data found  (period=5d)
$FXPO.L: possibly delisted; no price data found  (period=5d)
$FXPO.L: possibly delisted; no price data found  (period=5d)
$FXPO.L: possibly delisted; no price data found  (period=5d)
$FXPO.L: possibly delisted; no price data found  (period=5d)
$FXPO.L: possibly delisted; no price data found  (period=5d)
$CBKD.L: possibly delisted; no price data found  (period=5d)
$CBKD.L: possibly delisted; no price data found  (period=5d)
$CBKD.L: possibly delisted; no price data found  (period=5d)
$CBKD.L: possibly delisted; no price data found  (period=5d)
$CBKD.L: possibly delisted; no price data found  (period=5d)
$CBKD.L: possibly delisted; no price data found  (period=5d)
$UKRAIN-STEPUP-B: possibly delisted; no price data found  (period=1y) (Yahoo error = "No data found, symbol may be delisted")
$UKRAIN-STEPUP-B: possibly delisted; no price data found  (period=5d) (Yahoo error = "No data found, symbol may be delisted")
$AST.WAR: possibly delisted; no price data found  (period=1y) (Yahoo error = "No data found, symbol may be delisted")
$UKRAIN-STEPUP-B: possibly delisted; no price data found  (period=1y) (Yahoo error = "No data found, symbol may be delisted")
$AST.WAR: possibly delisted; no price data found  (period=5d) (Yahoo error = "No data found, symbol may be delisted")
$NBG.AT: possibly delisted; no price data found  (period=1y) (Yahoo error = "No data found, symbol may be delisted")
$UKRAIN-STEPUP-B: possibly delisted; no price data found  (period=5d) (Yahoo error = "No data found, symbol may be delisted")
$AST.WAR: possibly delisted; no price data found  (period=1y) (Yahoo error = "No data found, symbol may be delisted")
$NBG.AT: possibly delisted; no price data found  (period=5d) (Yahoo error = "No data found, symbol may be delisted")
$AST.WAR: possibly delisted; no price data found  (period=5d) (Yahoo error = "No data found, symbol may be delisted")
$NBG.AT: possibly delisted; no price data found  (period=1y) (Yahoo error = "No data found, symbol may be delisted")
$NBG.AT: possibly delisted; no price data found  (period=5d) (Yahoo error = "No data found, symbol may be delisted")
$UKRAIN-STEPUP-B: possibly delisted; no price data found  (period=1y) (Yahoo error = "No data found, symbol may be delisted")
$UKRAIN-STEPUP-B: possibly delisted; no price data found  (period=5d) (Yahoo error = "No data found, symbol may be delisted")
$AST.WAR: possibly delisted; no price data found  (period=1y) (Yahoo error = "No data found, symbol may be delisted")
$AST.WAR: possibly delisted; no price data found  (period=5d) (Yahoo error = "No data found, symbol may be delisted")
$NBG.AT: possibly delisted; no price data found  (period=1y) (Yahoo error = "No data found, symbol may be delisted")
$NBG.AT: possibly delisted; no price data found  (period=5d) (Yahoo error = "No data found, symbol may be delisted")
$WIE.VIE: possibly delisted; no price data found  (period=1y) (Yahoo error = "No data found, symbol may be delisted")
$WIE.VIE: possibly delisted; no price data found  (period=1y) (Yahoo error = "No data found, symbol may be delisted")
$WIE.VIE: possibly delisted; no price data found  (period=1y) (Yahoo error = "No data found, symbol may be delisted")
$WIE.VIE: possibly delisted; no price data found  (period=1y) (Yahoo error = "No data found, symbol may be delisted")
$WIE.VIE: possibly delisted; no price data found  (period=1y) (Yahoo error = "No data found, symbol may be delisted")
$WIE.VIE: possibly delisted; no price data found  (period=1y) (Yahoo error = "No data found, symbol may be delisted")
$WIE.VIE: possibly delisted; no price data found  (period=5d) (Yahoo error = "No data found, symbol may be delisted")
$WIE.VIE: possibly delisted; no price data found  (period=5d) (Yahoo error = "No data found, symbol may be delisted")
$WIE.VIE: possibly delisted; no price data found  (period=5d) (Yahoo error = "No data found, symbol may be delisted")
$WIE.VIE: possibly delisted; no price data found  (period=5d) (Yahoo error = "No data found, symbol may be delisted")
$WIE.VIE: possibly delisted; no price data found  (period=5d) (Yahoo error = "No data found, symbol may be delisted")
$WIE.VIE: possibly delisted; no price data found  (period=5d) (Yahoo error = "No data found, symbol may be delisted")
$UKRAIN-STEPUP-B: possibly delisted; no price data found  (period=1y) (Yahoo error = "No data found, symbol may be delisted")
$UKRAIN-STEPUP-B: possibly delisted; no price data found  (period=5d) (Yahoo error = "No data found, symbol may be delisted")
$AST.WAR: possibly delisted; no price data found  (period=1y) (Yahoo error = "No data found, symbol may be delisted")
$AST.WAR: possibly delisted; no price data found  (period=5d) (Yahoo error = "No data found, symbol may be delisted")
$NBG.AT: possibly delisted; no price data found  (period=1y) (Yahoo error = "No data found, symbol may be delisted")
$NBG.AT: possibly delisted; no price data found  (period=5d) (Yahoo error = "No data found, symbol may be delisted")
$WIE.VIE: possibly delisted; no price data found  (period=1y) (Yahoo error = "No data found, symbol may be delisted")
$WIE.VIE: possibly delisted; no price data found  (period=5d) (Yahoo error = "No data found, symbol may be delisted")
$UKRAIN-STEPUP-B: possibly delisted; no price data found  (period=1y) (Yahoo error = "No data found, symbol may be delisted")
$UKRAIN-STEPUP-B: possibly delisted; no price data found  (period=5d) (Yahoo error = "No data found, symbol may be delisted")
$AST.WAR: possibly delisted; no price data found  (period=1y) (Yahoo error = "No data found, symbol may be delisted")
$AST.WAR: possibly delisted; no price data found  (period=5d) (Yahoo error = "No data found, symbol may be delisted")
$HSBK.L: possibly delisted; no price data found  (period=5d)
$HSBK.L: possibly delisted; no price data found  (period=5d)
$HSBK.L: possibly delisted; no price data found  (period=5d)
$HSBK.L: possibly delisted; no price data found  (period=5d)
$UKRAIN-STEPUP-B: possibly delisted; no price data found  (period=1y) (Yahoo error = "No data found, symbol may be delisted")
$UKRAIN-STEPUP-B: possibly delisted; no price data found  (period=1y) (Yahoo error = "No data found, symbol may be delisted")
$UKRAIN-STEPUP-B: possibly delisted; no price data found  (period=5d) (Yahoo error = "No data found, symbol may be delisted")
$UKRAIN-STEPUP-B: possibly delisted; no price data found  (period=5d) (Yahoo error = "No data found, symbol may be delisted")
$AST.WAR: possibly delisted; no price data found  (period=1y) (Yahoo error = "No data found, symbol may be delisted")
$AST.WAR: possibly delisted; no price data found  (period=5d) (Yahoo error = "No data found, symbol may be delisted")
$AST.WAR: possibly delisted; no price data found  (period=1y) (Yahoo error = "No data found, symbol may be delisted")
$AST.WAR: possibly delisted; no price data found  (period=5d) (Yahoo error = "No data found, symbol may be delisted")
$NBG.AT: possibly delisted; no price data found  (period=1y) (Yahoo error = "No data found, symbol may be delisted")
$NBG.AT: possibly delisted; no price data found  (period=1y) (Yahoo error = "No data found, symbol may be delisted")
$NBG.AT: possibly delisted; no price data found  (period=5d) (Yahoo error = "No data found, symbol may be delisted")
$NBG.AT: possibly delisted; no price data found  (period=5d) (Yahoo error = "No data found, symbol may be delisted")
$FXPO.L: possibly delisted; no price data found  (period=5d)
$FXPO.L: possibly delisted; no price data found  (period=5d)
$FXPO.L: possibly delisted; no price data found  (period=5d)
$FXPO.L: possibly delisted; no price data found  (period=5d)
$CBKD.L: possibly delisted; no price data found  (period=5d)
$CBKD.L: possibly delisted; no price data found  (period=5d)
$CBKD.L: possibly delisted; no price data found  (period=5d)
$CBKD.L: possibly delisted; no price data found  (period=5d)
$UKRAIN-STEPUP-B: possibly delisted; no price data found  (period=1y) (Yahoo error = "No data found, symbol may be delisted")
$UKRAIN-STEPUP-B: possibly delisted; no price data found  (period=5d) (Yahoo error = "No data found, symbol may be delisted")
$AST.WAR: possibly delisted; no price data found  (period=1y) (Yahoo error = "No data found, symbol may be delisted")
$AST.WAR: possibly delisted; no price data found  (period=5d) (Yahoo error = "No data found, symbol may be delisted")
$NBG.AT: possibly delisted; no price data found  (period=1y) (Yahoo error = "No data found, symbol may be delisted")
$NBG.AT: possibly delisted; no price data found  (period=5d) (Yahoo error = "No data found, symbol may be delisted")
$MHPC.L: possibly delisted; no price data found  (period=5d)
$MHPC.L: possibly delisted; no price data found  (period=5d)
/Users/ajay/Library/Python/3.9/lib/python/site-packages/urllib3/__init__.py:35: NotOpenSSLWarning: urllib3 v2 only supports OpenSSL 1.1.1+, currently the 'ssl' module is compiled with 'LibreSSL 2.8.3'. See: https://github.com/urllib3/urllib3/issues/3020
  warnings.warn(
/Users/ajay/Library/Python/3.9/lib/python/site-packages/urllib3/__init__.py:35: NotOpenSSLWarning: urllib3 v2 only supports OpenSSL 1.1.1+, currently the 'ssl' module is compiled with 'LibreSSL 2.8.3'. See: https://github.com/urllib3/urllib3/issues/3020
  warnings.warn(
HTTP Error 404: {"quoteSummary":{"result":null,"error":{"code":"Not Found","description":"Quote not found for symbol: WIE.VIE"}}}
HTTP Error 404: {"quoteSummary":{"result":null,"error":{"code":"Not Found","description":"Quote not found for symbol: WIE.VIE"}}}
$WIE.VIE: possibly delisted; no price data found  (period=1y) (Yahoo error = "No data found, symbol may be delisted")
$WIE.VIE: possibly delisted; no price data found  (period=1y) (Yahoo error = "No data found, symbol may be delisted")
$WIE.VIE: possibly delisted; no price data found  (period=5d) (Yahoo error = "No data found, symbol may be delisted")
$WIE.VIE: possibly delisted; no price data found  (period=1y) (Yahoo error = "No data found, symbol may be delisted")
$WIE.VIE: possibly delisted; no price data found  (period=5d) (Yahoo error = "No data found, symbol may be delisted")
$WIE.VIE: possibly delisted; no price data found  (period=5d) (Yahoo error = "No data found, symbol may be delisted")
$CBKD.L: possibly delisted; no price data found  (period=5d)
$CBKD.L: possibly delisted; no price data found  (period=5d)
$CBKD.L: possibly delisted; no price data found  (period=5d)
$CBKD.L: possibly delisted; no price data found  (period=5d)
$CBKD.L: possibly delisted; no price data found  (period=5d)
$CBKD.L: possibly delisted; no price data found  (period=5d)
$UKRAIN-STEPUP-B: possibly delisted; no price data found  (period=1y) (Yahoo error = "No data found, symbol may be delisted")
$UKRAIN-STEPUP-B: possibly delisted; no price data found  (period=1y) (Yahoo error = "No data found, symbol may be delisted")
$UKRAIN-STEPUP-B: possibly delisted; no price data found  (period=1y) (Yahoo error = "No data found, symbol may be delisted")
$UKRAIN-STEPUP-B: possibly delisted; no price data found  (period=5d) (Yahoo error = "No data found, symbol may be delisted")
$UKRAIN-STEPUP-B: possibly delisted; no price data found  (period=5d) (Yahoo error = "No data found, symbol may be delisted")
$UKRAIN-STEPUP-B: possibly delisted; no price data found  (period=5d) (Yahoo error = "No data found, symbol may be delisted")
$WIE.VIE: possibly delisted; no price data found  (period=1y) (Yahoo error = "No data found, symbol may be delisted")
$WIE.VIE: possibly delisted; no price data found  (period=5d) (Yahoo error = "No data found, symbol may be delisted")
$CBKD.L: possibly delisted; no price data found  (period=5d)
$CBKD.L: possibly delisted; no price data found  (period=5d)
$UKRAIN-STEPUP-B: possibly delisted; no price data found  (period=1y) (Yahoo error = "No data found, symbol may be delisted")
$UKRAIN-STEPUP-B: possibly delisted; no price data found  (period=5d) (Yahoo error = "No data found, symbol may be delisted")
$SATS: possibly delisted; no price data found  (period=5d)
$SATS: possibly delisted; no price data found  (period=5d)
$HSBK.L: possibly delisted; no price data found  (period=5d)
$HSBK.L: possibly delisted; no price data found  (period=5d)
$NBG.AT: possibly delisted; no price data found  (period=1y) (Yahoo error = "No data found, symbol may be delisted")
$NBG.AT: possibly delisted; no price data found  (period=5d) (Yahoo error = "No data found, symbol may be delisted")
$MHPC.L: possibly delisted; no price data found  (period=5d)
$MHPC.L: possibly delisted; no price data found  (period=5d)
$FXPO.L: possibly delisted; no price data found  (period=5d)
$FXPO.L: possibly delisted; no price data found  (period=5d)
$AST.WAR: possibly delisted; no price data found  (period=1y) (Yahoo error = "No data found, symbol may be delisted")
$AST.WAR: possibly delisted; no price data found  (period=5d) (Yahoo error = "No data found, symbol may be delisted")
$AST.WAR: possibly delisted; no price data found  (period=1y) (Yahoo error = "No data found, symbol may be delisted")
$AST.WAR: possibly delisted; no price data found  (period=5d) (Yahoo error = "No data found, symbol may be delisted")
$WIE.VIE: possibly delisted; no price data found  (period=1y) (Yahoo error = "No data found, symbol may be delisted")
$WIE.VIE: possibly delisted; no price data found  (period=5d) (Yahoo error = "No data found, symbol may be delisted")
$NBG.AT: possibly delisted; no price data found  (period=1y) (Yahoo error = "No data found, symbol may be delisted")
$NBG.AT: possibly delisted; no price data found  (period=5d) (Yahoo error = "No data found, symbol may be delisted")
$AST.WAR: possibly delisted; no price data found  (period=1y) (Yahoo error = "No data found, symbol may be delisted")
$AST.WAR: possibly delisted; no price data found  (period=5d) (Yahoo error = "No data found, symbol may be delisted")
$WIE.VIE: possibly delisted; no price data found  (period=1y) (Yahoo error = "No data found, symbol may be delisted")
$WIE.VIE: possibly delisted; no price data found  (period=5d) (Yahoo error = "No data found, symbol may be delisted")
$UKRAIN-STEPUP-B: possibly delisted; no price data found  (period=1y) (Yahoo error = "No data found, symbol may be delisted")
$UKRAIN-STEPUP-B: possibly delisted; no price data found  (period=5d) (Yahoo error = "No data found, symbol may be delisted")
$NBG.AT: possibly delisted; no price data found  (period=1y) (Yahoo error = "No data found, symbol may be delisted")
$NBG.AT: possibly delisted; no price data found  (period=5d) (Yahoo error = "No data found, symbol may be delisted")
$AST.WAR: possibly delisted; no price data found  (period=1y) (Yahoo error = "No data found, symbol may be delisted")
$AST.WAR: possibly delisted; no price data found  (period=5d) (Yahoo error = "No data found, symbol may be delisted")
$WIE.VIE: possibly delisted; no price data found  (period=1y) (Yahoo error = "No data found, symbol may be delisted")
$WIE.VIE: possibly delisted; no price data found  (period=5d) (Yahoo error = "No data found, symbol may be delisted")
$NBG.AT: possibly delisted; no price data found  (period=1y) (Yahoo error = "No data found, symbol may be delisted")
$NBG.AT: possibly delisted; no price data found  (period=5d) (Yahoo error = "No data found, symbol may be delisted")
$AST.WAR: possibly delisted; no price data found  (period=1y) (Yahoo error = "No data found, symbol may be delisted")
$AST.WAR: possibly delisted; no price data found  (period=5d) (Yahoo error = "No data found, symbol may be delisted")
$WIE.VIE: possibly delisted; no price data found  (period=1y) (Yahoo error = "No data found, symbol may be delisted")
$WIE.VIE: possibly delisted; no price data found  (period=5d) (Yahoo error = "No data found, symbol may be delisted")
$UKRAIN-STEPUP-B: possibly delisted; no price data found  (period=1y) (Yahoo error = "No data found, symbol may be delisted")
$UKRAIN-STEPUP-B: possibly delisted; no price data found  (period=5d) (Yahoo error = "No data found, symbol may be delisted")
$NBG.AT: possibly delisted; no price data found  (period=1y) (Yahoo error = "No data found, symbol may be delisted")
$NBG.AT: possibly delisted; no price data found  (period=5d) (Yahoo error = "No data found, symbol may be delisted")
$AST.WAR: possibly delisted; no price data found  (period=1y) (Yahoo error = "No data found, symbol may be delisted")
$AST.WAR: possibly delisted; no price data found  (period=5d) (Yahoo error = "No data found, symbol may be delisted")
$WIE.VIE: possibly delisted; no price data found  (period=1y) (Yahoo error = "No data found, symbol may be delisted")
$WIE.VIE: possibly delisted; no price data found  (period=5d) (Yahoo error = "No data found, symbol may be delisted")
$UKRAIN-STEPUP-B: possibly delisted; no price data found  (period=1y) (Yahoo error = "No data found, symbol may be delisted")
$UKRAIN-STEPUP-B: possibly delisted; no price data found  (period=5d) (Yahoo error = "No data found, symbol may be delisted")
$NBG.AT: possibly delisted; no price data found  (period=1y) (Yahoo error = "No data found, symbol may be delisted")
$NBG.AT: possibly delisted; no price data found  (period=5d) (Yahoo error = "No data found, symbol may be delisted")
$AST.WAR: possibly delisted; no price data found  (period=1y) (Yahoo error = "No data found, symbol may be delisted")
$AST.WAR: possibly delisted; no price data found  (period=5d) (Yahoo error = "No data found, symbol may be delisted")
$AST.WAR: possibly delisted; no price data found  (period=1y) (Yahoo error = "No data found, symbol may be delisted")
$AST.WAR: possibly delisted; no price data found  (period=5d) (Yahoo error = "No data found, symbol may be delisted")
$WIE.VIE: possibly delisted; no price data found  (period=1y) (Yahoo error = "No data found, symbol may be delisted")
$WIE.VIE: possibly delisted; no price data found  (period=5d) (Yahoo error = "No data found, symbol may be delisted")
$NBG.AT: possibly delisted; no price data found  (period=1y) (Yahoo error = "No data found, symbol may be delisted")
$NBG.AT: possibly delisted; no price data found  (period=5d) (Yahoo error = "No data found, symbol may be delisted")
$AST.WAR: possibly delisted; no price data found  (period=1y) (Yahoo error = "No data found, symbol may be delisted")
$AST.WAR: possibly delisted; no price data found  (period=5d) (Yahoo error = "No data found, symbol may be delisted")
$WIE.VIE: possibly delisted; no price data found  (period=1y) (Yahoo error = "No data found, symbol may be delisted")
$WIE.VIE: possibly delisted; no price data found  (period=5d) (Yahoo error = "No data found, symbol may be delisted")
$UKRAIN-STEPUP-B: possibly delisted; no price data found  (period=1y) (Yahoo error = "No data found, symbol may be delisted")
$UKRAIN-STEPUP-B: possibly delisted; no price data found  (period=5d) (Yahoo error = "No data found, symbol may be delisted")
$NBG.AT: possibly delisted; no price data found  (period=1y) (Yahoo error = "No data found, symbol may be delisted")
$NBG.AT: possibly delisted; no price data found  (period=5d) (Yahoo error = "No data found, symbol may be delisted")
$AST.WAR: possibly delisted; no price data found  (period=1y) (Yahoo error = "No data found, symbol may be delisted")
$AST.WAR: possibly delisted; no price data found  (period=5d) (Yahoo error = "No data found, symbol may be delisted")
$WIE.VIE: possibly delisted; no price data found  (period=1y) (Yahoo error = "No data found, symbol may be delisted")
$WIE.VIE: possibly delisted; no price data found  (period=5d) (Yahoo error = "No data found, symbol may be delisted")
$NBG.AT: possibly delisted; no price data found  (period=1y) (Yahoo error = "No data found, symbol may be delisted")
$NBG.AT: possibly delisted; no price data found  (period=5d) (Yahoo error = "No data found, symbol may be delisted")
$AST.WAR: possibly delisted; no price data found  (period=1y) (Yahoo error = "No data found, symbol may be delisted")
$AST.WAR: possibly delisted; no price data found  (period=5d) (Yahoo error = "No data found, symbol may be delisted")
$WIE.VIE: possibly delisted; no price data found  (period=1y) (Yahoo error = "No data found, symbol may be delisted")
$WIE.VIE: possibly delisted; no price data found  (period=5d) (Yahoo error = "No data found, symbol may be delisted")
$UKRAIN-STEPUP-B: possibly delisted; no price data found  (period=1y) (Yahoo error = "No data found, symbol may be delisted")
$UKRAIN-STEPUP-B: possibly delisted; no price data found  (period=5d) (Yahoo error = "No data found, symbol may be delisted")
$NBG.AT: possibly delisted; no price data found  (period=1y) (Yahoo error = "No data found, symbol may be delisted")
$NBG.AT: possibly delisted; no price data found  (period=5d) (Yahoo error = "No data found, symbol may be delisted")
$AST.WAR: possibly delisted; no price data found  (period=1y) (Yahoo error = "No data found, symbol may be delisted")
$AST.WAR: possibly delisted; no price data found  (period=5d) (Yahoo error = "No data found, symbol may be delisted")
$WIE.VIE: possibly delisted; no price data found  (period=1y) (Yahoo error = "No data found, symbol may be delisted")
$WIE.VIE: possibly delisted; no price data found  (period=5d) (Yahoo error = "No data found, symbol may be delisted")
$UKRAIN-STEPUP-B: possibly delisted; no price data found  (period=1y) (Yahoo error = "No data found, symbol may be delisted")
$UKRAIN-STEPUP-B: possibly delisted; no price data found  (period=5d) (Yahoo error = "No data found, symbol may be delisted")
$NBG.AT: possibly delisted; no price data found  (period=1y) (Yahoo error = "No data found, symbol may be delisted")
$NBG.AT: possibly delisted; no price data found  (period=5d) (Yahoo error = "No data found, symbol may be delisted")
$AST.WAR: possibly delisted; no price data found  (period=1y) (Yahoo error = "No data found, symbol may be delisted")
$AST.WAR: possibly delisted; no price data found  (period=5d) (Yahoo error = "No data found, symbol may be delisted")
$AST.WAR: possibly delisted; no price data found  (period=1y) (Yahoo error = "No data found, symbol may be delisted")
$AST.WAR: possibly delisted; no price data found  (period=5d) (Yahoo error = "No data found, symbol may be delisted")
$WIE.VIE: possibly delisted; no price data found  (period=1y) (Yahoo error = "No data found, symbol may be delisted")
$WIE.VIE: possibly delisted; no price data found  (period=5d) (Yahoo error = "No data found, symbol may be delisted")
$NBG.AT: possibly delisted; no price data found  (period=1y) (Yahoo error = "No data found, symbol may be delisted")
$NBG.AT: possibly delisted; no price data found  (period=5d) (Yahoo error = "No data found, symbol may be delisted")
$AST.WAR: possibly delisted; no price data found  (period=1y) (Yahoo error = "No data found, symbol may be delisted")
$AST.WAR: possibly delisted; no price data found  (period=5d) (Yahoo error = "No data found, symbol may be delisted")
$WIE.VIE: possibly delisted; no price data found  (period=1y) (Yahoo error = "No data found, symbol may be delisted")
$WIE.VIE: possibly delisted; no price data found  (period=5d) (Yahoo error = "No data found, symbol may be delisted")
$UKRAIN-STEPUP-B: possibly delisted; no price data found  (period=1y) (Yahoo error = "No data found, symbol may be delisted")
$UKRAIN-STEPUP-B: possibly delisted; no price data found  (period=5d) (Yahoo error = "No data found, symbol may be delisted")
$NBG.AT: possibly delisted; no price data found  (period=1y) (Yahoo error = "No data found, symbol may be delisted")
$NBG.AT: possibly delisted; no price data found  (period=5d) (Yahoo error = "No data found, symbol may be delisted")
$AST.WAR: possibly delisted; no price data found  (period=1y) (Yahoo error = "No data found, symbol may be delisted")
$AST.WAR: possibly delisted; no price data found  (period=5d) (Yahoo error = "No data found, symbol may be delisted")
$WIE.VIE: possibly delisted; no price data found  (period=1y) (Yahoo error = "No data found, symbol may be delisted")
$WIE.VIE: possibly delisted; no price data found  (period=5d) (Yahoo error = "No data found, symbol may be delisted")
$NBG.AT: possibly delisted; no price data found  (period=1y) (Yahoo error = "No data found, symbol may be delisted")
$NBG.AT: possibly delisted; no price data found  (period=5d) (Yahoo error = "No data found, symbol may be delisted")
$AST.WAR: possibly delisted; no price data found  (period=1y) (Yahoo error = "No data found, symbol may be delisted")
$AST.WAR: possibly delisted; no price data found  (period=5d) (Yahoo error = "No data found, symbol may be delisted")
$WIE.VIE: possibly delisted; no price data found  (period=1y) (Yahoo error = "No data found, symbol may be delisted")
$WIE.VIE: possibly delisted; no price data found  (period=5d) (Yahoo error = "No data found, symbol may be delisted")
$UKRAIN-STEPUP-B: possibly delisted; no price data found  (period=1y) (Yahoo error = "No data found, symbol may be delisted")
$UKRAIN-STEPUP-B: possibly delisted; no price data found  (period=5d) (Yahoo error = "No data found, symbol may be delisted")
$NBG.AT: possibly delisted; no price data found  (period=1y) (Yahoo error = "No data found, symbol may be delisted")
$NBG.AT: possibly delisted; no price data found  (period=5d) (Yahoo error = "No data found, symbol may be delisted")
$AST.WAR: possibly delisted; no price data found  (period=1y) (Yahoo error = "No data found, symbol may be delisted")
$AST.WAR: possibly delisted; no price data found  (period=5d) (Yahoo error = "No data found, symbol may be delisted")
