[band_watch] 89/89 bands priced, none touched
[hormuz_watch] quiet: {'ok': True, 'last': '2026-06-28', 'lag_days': 8, 'avg7': 32.6, 'ratio': 0.39, 'days_ge_50pct': 2}
[season_watch] quiet (no active Atlantic hurricane; ONON check not due/clean)
[squeeze_watch] quiet | {"ASTS": {"mean20": 0.515, "recent": [0.488, 0.537], "covering": false, "last": "2026-07-02"}, "LUNR": {"mean20": 0.492, "recent": [0.351, 0.278], "covering": true, "last": "2026-07-02"}, "BKSY": {"mean20": 0.497, "recent": [0.554, 0.428], "covering": false, "last": "2026-07-02"}}
  PSLV-TRIGGER: pack day — print not yet detected
  UKRCEASE-TRIGGER: pack day — print not yet detected
[-> gauntlet_flags.json  (2 pack events today)]
[band_watch] FIRE: HUBS 187.75 <= band 190.00 — WATCH band touched; review the record before staging
[hormuz_watch] quiet: {'ok': True, 'last': '2026-06-28', 'lag_days': 8, 'avg7': 32.6, 'ratio': 0.39, 'days_ge_50pct': 2}
[season_watch] quiet (no active Atlantic hurricane; ONON check not due/clean)
[squeeze_watch] quiet | {"ASTS": {"mean20": 0.515, "recent": [0.488, 0.537], "covering": false, "last": "2026-07-02"}, "LUNR": {"mean20": 0.492, "recent": [0.351, 0.278], "covering": true, "last": "2026-07-02"}, "BKSY": {"mean20": 0.497, "recent": [0.554, 0.428], "covering": false, "last": "2026-07-02"}}
  PSLV-TRIGGER: pack day — print not yet detected
  UKRCEASE-TRIGGER: pack day — print not yet detected
[-> gauntlet_flags.json  (2 pack events today)]
[band_watch] FIRE: GIS 36.88 <= band 47.00 — WATCH band touched; review the record before staging
[hormuz_watch] quiet: {'ok': True, 'last': '2026-07-05', 'lag_days': 2, 'avg7': 32.1, 'ratio': 0.38, 'days_ge_50pct': 1}
[season_watch] quiet (no active Atlantic hurricane; ONON check not due/clean)
[squeeze_watch] quiet | {"ASTS": {"mean20": 0.515, "recent": [0.488, 0.537], "covering": false, "last": "2026-07-02"}, "LUNR": {"mean20": 0.492, "recent": [0.351, 0.278], "covering": true, "last": "2026-07-02"}, "BKSY": {"mean20": 0.497, "recent": [0.554, 0.428], "covering": false, "last": "2026-07-02"}}
[gauntlet_book] rendered -> gauntlet.html
quiet day — no packs due
[band_watch] 93/93 bands priced, none touched
[hormuz_watch] quiet: {'ok': True, 'last': '2026-07-05', 'lag_days': 2, 'avg7': 32.1, 'ratio': 0.38, 'days_ge_50pct': 1}
[season_watch] quiet (no active Atlantic hurricane; ONON check not due/clean)
[squeeze_watch] quiet | {"ASTS": {"mean20": 0.515, "recent": [0.488, 0.537], "covering": false, "last": "2026-07-02"}, "LUNR": {"mean20": 0.492, "recent": [0.351, 0.278], "covering": true, "last": "2026-07-02"}, "BKSY": {"mean20": 0.497, "recent": [0.554, 0.428], "covering": false, "last": "2026-07-02"}}
[gauntlet_book] rendered -> gauntlet.html
quiet day — no packs due
[band_watch] 101/102 bands priced, none touched
[hormuz_watch] quiet: {'ok': True, 'last': '2026-07-05', 'lag_days': 3, 'avg7': 32.1, 'ratio': 0.38, 'days_ge_50pct': 1}
[season_watch] quiet (no active Atlantic hurricane; ONON check not due/clean)
[squeeze_watch] quiet | {"ASTS": {"mean20": 0.515, "recent": [0.488, 0.537], "covering": false, "last": "2026-07-02"}, "LUNR": {"mean20": 0.492, "recent": [0.351, 0.278], "covering": true, "last": "2026-07-02"}, "BKSY": {"mean20": 0.497, "recent": [0.554, 0.428], "covering": false, "last": "2026-07-02"}}
[gauntlet_book] rendered -> gauntlet.html
  IVN: PRINT LANDED
  AUTOS-PREREADS: pack day — print not yet detected
[-> gauntlet_flags.json  (2 pack events today)]
[band_watch] FIRE: CRDA 2,895.00 <= band 2,900.00 — WATCH band touched; review the record before staging
[band_watch] FIRE: FOUR 47.53 <= band 49.00 — WATCH band touched; review the record before staging
[band_watch] FIRE: IVN 9.93 <= band 10.00 — WATCH band touched; review the record before staging
[hormuz_watch] quiet: {'ok': True, 'last': '2026-07-05', 'lag_days': 3, 'avg7': 32.1, 'ratio': 0.38, 'days_ge_50pct': 1}
[season_watch] quiet (no active Atlantic hurricane; ONON check not due/clean)
[squeeze_watch] quiet | {"ASTS": {"mean20": 0.515, "recent": [0.488, 0.537], "covering": false, "last": "2026-07-02"}, "LUNR": {"mean20": 0.492, "recent": [0.351, 0.278], "covering": true, "last": "2026-07-02"}, "BKSY": {"mean20": 0.497, "recent": [0.554, 0.428], "covering": false, "last": "2026-07-02"}}
[gauntlet_book] rendered -> gauntlet.html
  IVN: PRINT LANDED
  AUTOS-PREREADS: pack day — print not yet detected
[-> gauntlet_flags.json  (2 pack events today)]
[band_watch] FIRE: 005387.KS 200,000.00 <= band 205,000.00 — WATCH band touched; review the record before staging
[band_watch] FIRE: SELL ZONE: MFP 39.00 >= 38.00 — the exit plan says SELL INTO THIS; review the record and stage the exit
[hormuz_watch] quiet: {'ok': True, 'last': '2026-07-05', 'lag_days': 4, 'avg7': 32.1, 'ratio': 0.38, 'days_ge_50pct': 1}
[season_watch] quiet (no active Atlantic hurricane; ONON check not due/clean)
[squeeze_watch] quiet | {"ASTS": {"mean20": 0.515, "recent": [0.488, 0.537], "covering": false, "last": "2026-07-02"}, "LUNR": {"mean20": 0.492, "recent": [0.351, 0.278], "covering": true, "last": "2026-07-02"}, "BKSY": {"mean20": 0.497, "recent": [0.554, 0.428], "covering": false, "last": "2026-07-02"}}
[gauntlet_book] rendered -> gauntlet.html
  BKE: pack day — print not yet detected
[-> gauntlet_flags.json  (1 pack events today)]
[band_watch] 106/107 bands priced, none touched
[hormuz_watch] quiet: {'ok': True, 'last': '2026-07-05', 'lag_days': 4, 'avg7': 32.1, 'ratio': 0.38, 'days_ge_50pct': 1}
[season_watch] quiet (no active Atlantic hurricane; ONON check not due/clean)
[squeeze_watch] quiet | {"ASTS": {"mean20": 0.515, "recent": [0.488, 0.537], "covering": false, "last": "2026-07-02"}, "LUNR": {"mean20": 0.492, "recent": [0.351, 0.278], "covering": true, "last": "2026-07-02"}, "BKSY": {"mean20": 0.497, "recent": [0.554, 0.428], "covering": false, "last": "2026-07-02"}}
[gauntlet_book] rendered -> gauntlet.html
  BKE: pack day — print not yet detected
[-> gauntlet_flags.json  (1 pack events today)]
[band_watch] 108/109 bands priced, none touched
[hormuz_watch] quiet: {'ok': True, 'last': '2026-07-05', 'lag_days': 5, 'avg7': 32.1, 'ratio': 0.38, 'days_ge_50pct': 1}
[season_watch] quiet (no active Atlantic hurricane; ONON check not due/clean)
[squeeze_watch] quiet | {"ASTS": {"mean20": 0.515, "recent": [0.488, 0.537], "covering": false, "last": "2026-07-02"}, "LUNR": {"mean20": 0.492, "recent": [0.351, 0.278], "covering": true, "last": "2026-07-02"}, "BKSY": {"mean20": 0.497, "recent": [0.554, 0.428], "covering": false, "last": "2026-07-02"}}
[gauntlet_book] rendered -> gauntlet.html
  BKE-MFT: pack day — print not yet detected
[-> gauntlet_flags.json  (1 pack events today)]
[band_watch] 108/109 bands priced, none touched
[hormuz_watch] quiet: {'ok': True, 'last': '2026-07-05', 'lag_days': 5, 'avg7': 32.1, 'ratio': 0.38, 'days_ge_50pct': 1}
[season_watch] quiet (no active Atlantic hurricane; ONON check not due/clean)
[squeeze_watch] quiet | {"ASTS": {"mean20": 0.515, "recent": [0.488, 0.537], "covering": false, "last": "2026-07-02"}, "LUNR": {"mean20": 0.492, "recent": [0.351, 0.278], "covering": true, "last": "2026-07-02"}, "BKSY": {"mean20": 0.497, "recent": [0.554, 0.428], "covering": false, "last": "2026-07-02"}}
[gauntlet_book] rendered -> gauntlet.html
  BKE-MFT: pack day — print not yet detected
[-> gauntlet_flags.json  (1 pack events today)]
[band_watch] FIRE: CURV 1.98 <= band 2.20 — WATCH band touched; review the record before staging
[hormuz_watch] quiet: {'ok': True, 'last': '2026-07-05', 'lag_days': 8, 'avg7': 32.1, 'ratio': 0.38, 'days_ge_50pct': 1}
[season_watch] quiet (no active Atlantic hurricane; ONON check not due/clean)
[squeeze_watch] quiet | {"ASTS": {"mean20": 0.515, "recent": [0.488, 0.537], "covering": false, "last": "2026-07-02"}, "LUNR": {"mean20": 0.492, "recent": [0.351, 0.278], "covering": true, "last": "2026-07-02"}, "BKSY": {"mean20": 0.497, "recent": [0.554, 0.428], "covering": false, "last": "2026-07-02"}}
[gauntlet_book] rendered -> gauntlet.html
  PSLV-TRIGGER: pack day — print not yet detected
  UKRCEASE-TRIGGER: pack day — print not yet detected
  AAWH-MFT: pack day — print not yet detected
  TSM: pack day — print not yet detected
[-> gauntlet_flags.json  (4 pack events today)]
[band_watch] FIRE: ELE 15.36 <= band 15.50 — WATCH band touched; review the record before staging
[hormuz_watch] quiet: {'ok': True, 'last': '2026-07-05', 'lag_days': 8, 'avg7': 32.1, 'ratio': 0.38, 'days_ge_50pct': 1}
[season_watch] quiet (no active Atlantic hurricane; ONON check not due/clean)
[squeeze_watch] quiet | {"ASTS": {"mean20": 0.515, "recent": [0.488, 0.537], "covering": false, "last": "2026-07-02"}, "LUNR": {"mean20": 0.492, "recent": [0.351, 0.278], "covering": true, "last": "2026-07-02"}, "BKSY": {"mean20": 0.497, "recent": [0.554, 0.428], "covering": false, "last": "2026-07-02"}}
[gauntlet_book] rendered -> gauntlet.html
  PSLV-TRIGGER: pack day — print not yet detected
  UKRCEASE-TRIGGER: pack day — print not yet detected
  AAWH-MFT: pack day — print not yet detected
  TSM: pack day — print not yet detected
[-> gauntlet_flags.json  (4 pack events today)]
[band_watch] 126/128 bands priced, none touched
[hormuz_watch] quiet: {'ok': True, 'last': '2026-07-12', 'lag_days': 2, 'avg7': 16.4, 'ratio': 0.2, 'days_ge_50pct': 0}
[season_watch] quiet (no active Atlantic hurricane; ONON check not due/clean)
[squeeze_watch] quiet | {"ASTS": {"mean20": 0.515, "recent": [0.488, 0.537], "covering": false, "last": "2026-07-02"}, "LUNR": {"mean20": 0.492, "recent": [0.351, 0.278], "covering": true, "last": "2026-07-02"}, "BKSY": {"mean20": 0.497, "recent": [0.554, 0.428], "covering": false, "last": "2026-07-02"}}
[gauntlet_book] rendered -> gauntlet.html
quiet day — no packs due
[band_watch] FIRE: PRCT 18.76 <= band 19.00 — WATCH band touched; review the record before staging
[band_watch] FIRE: VERU 2.36 <= band 2.40 — WATCH band touched; review the record before staging
[band_watch] FIRE: AMV0.DE 35.95 <= band 36.00 — WATCH band touched; review the record before staging
[band_watch] FIRE: HCA 364.84 <= band 390.00 — WATCH band touched; review the record before staging
[hormuz_watch] quiet: {'ok': True, 'last': '2026-07-12', 'lag_days': 2, 'avg7': 16.4, 'ratio': 0.2, 'days_ge_50pct': 0}
[season_watch] quiet (no active Atlantic hurricane; ONON check not due/clean)
[squeeze_watch] quiet | {"ASTS": {"mean20": 0.515, "recent": [0.488, 0.537], "covering": false, "last": "2026-07-02"}, "LUNR": {"mean20": 0.492, "recent": [0.351, 0.278], "covering": true, "last": "2026-07-02"}, "BKSY": {"mean20": 0.497, "recent": [0.554, 0.428], "covering": false, "last": "2026-07-02"}}
[gauntlet_book] rendered -> gauntlet.html
quiet day — no packs due
[band_watch] 136/138 bands priced, none touched
[hormuz_watch] quiet: {'ok': True, 'last': '2026-07-12', 'lag_days': 3, 'avg7': 16.4, 'ratio': 0.2, 'days_ge_50pct': 0}
[season_watch] quiet (no active Atlantic hurricane; ONON check not due/clean)
[squeeze_watch] quiet | {"ASTS": {"mean20": 0.515, "recent": [0.488, 0.537], "covering": false, "last": "2026-07-02"}, "LUNR": {"mean20": 0.492, "recent": [0.351, 0.278], "covering": true, "last": "2026-07-02"}, "BKSY": {"mean20": 0.497, "recent": [0.554, 0.428], "covering": false, "last": "2026-07-02"}}
[gauntlet_book] rendered -> gauntlet.html
  ACEL-MFT: pack day — print not yet detected
[-> gauntlet_flags.json  (1 pack events today)]
[band_watch] FIRE: FLL 2.54 <= band 2.55 — WATCH band touched; review the record before staging
[hormuz_watch] quiet: {'ok': True, 'last': '2026-07-12', 'lag_days': 3, 'avg7': 16.4, 'ratio': 0.2, 'days_ge_50pct': 0}
[season_watch] quiet (no active Atlantic hurricane; ONON check not due/clean)
[squeeze_watch] quiet | {"ASTS": {"mean20": 0.515, "recent": [0.488, 0.537], "covering": false, "last": "2026-07-02"}, "LUNR": {"mean20": 0.492, "recent": [0.351, 0.278], "covering": true, "last": "2026-07-02"}, "BKSY": {"mean20": 0.497, "recent": [0.554, 0.428], "covering": false, "last": "2026-07-02"}}
[gauntlet_book] rendered -> gauntlet.html
  ACEL-MFT: pack day — print not yet detected
[-> gauntlet_flags.json  (1 pack events today)]
[band_watch] 140/142 bands priced, none touched
[hormuz_watch] quiet: {'ok': True, 'last': '2026-07-12', 'lag_days': 4, 'avg7': 16.4, 'ratio': 0.2, 'days_ge_50pct': 0}
[season_watch] quiet (no active Atlantic hurricane; ONON check not due/clean)
[squeeze_watch] quiet | {"ASTS": {"mean20": 0.515, "recent": [0.488, 0.537], "covering": false, "last": "2026-07-02"}, "LUNR": {"mean20": 0.492, "recent": [0.351, 0.278], "covering": true, "last": "2026-07-02"}, "BKSY": {"mean20": 0.497, "recent": [0.554, 0.428], "covering": false, "last": "2026-07-02"}}
[gauntlet_book] skipped: 'str' object has no attribute 'get'
  COLOMBIA-CAL: pack day — print not yet detected
[-> gauntlet_flags.json  (1 pack events today)]
[band_watch] FIRE: ELV 372.68 <= band 380.00 — WATCH band touched; review the record before staging
[band_watch] FIRE: YSS 17.66 <= band 18.00 — WATCH band touched; review the record before staging
[hormuz_watch] quiet: {'ok': True, 'last': '2026-07-12', 'lag_days': 4, 'avg7': 16.4, 'ratio': 0.2, 'days_ge_50pct': 0}
[season_watch] quiet (no active Atlantic hurricane; ONON check not due/clean)
[squeeze_watch] quiet | {"ASTS": {"mean20": 0.515, "recent": [0.488, 0.537], "covering": false, "last": "2026-07-02"}, "LUNR": {"mean20": 0.492, "recent": [0.351, 0.278], "covering": true, "last": "2026-07-02"}, "BKSY": {"mean20": 0.497, "recent": [0.554, 0.428], "covering": false, "last": "2026-07-02"}}
[gauntlet_book] skipped: 'str' object has no attribute 'get'
  COLOMBIA-CAL: pack day — print not yet detected
[-> gauntlet_flags.json  (1 pack events today)]
[band_watch] FIRE: EMAAR 11.16 <= band 11.50 — WATCH band touched; review the record before staging
[hormuz_watch] quiet: {'ok': True, 'last': '2026-07-12', 'lag_days': 5, 'avg7': 16.4, 'ratio': 0.2, 'days_ge_50pct': 0}
[season_watch] quiet (no active Atlantic hurricane; ONON check not due/clean)
[squeeze_watch] quiet | {"ASTS": {"mean20": 0.515, "recent": [0.488, 0.537], "covering": false, "last": "2026-07-02"}, "LUNR": {"mean20": 0.492, "recent": [0.351, 0.278], "covering": true, "last": "2026-07-02"}, "BKSY": {"mean20": 0.497, "recent": [0.554, 0.428], "covering": false, "last": "2026-07-02"}}
[gauntlet_book] rendered -> gauntlet.html
  BRBY.L: pack day — print not yet detected
  ALV: PRINT LANDED
  LSTA: PRINT LANDED
[-> gauntlet_flags.json  (3 pack events today)]
[band_watch] 0/165 bands priced, none touched
[hormuz_watch] quiet: {'ok': True, 'last': '2026-07-12', 'lag_days': 5, 'avg7': 16.4, 'ratio': 0.2, 'days_ge_50pct': 0}
[season_watch] quiet (no active Atlantic hurricane; ONON check not due/clean)
[squeeze_watch] quiet | {"ASTS": {"mean20": 0.515, "recent": [0.488, 0.537], "covering": false, "last": "2026-07-02"}, "LUNR": {"mean20": 0.492, "recent": [0.351, 0.278], "covering": true, "last": "2026-07-02"}, "BKSY": {"mean20": 0.497, "recent": [0.554, 0.428], "covering": false, "last": "2026-07-02"}}
[gauntlet_book] rendered -> gauntlet.html
  BRBY.L: pack day — print not yet detected
  ALV: PRINT LANDED
  LSTA: PRINT LANDED
[-> gauntlet_flags.json  (3 pack events today)]
[band_watch] 0/167 bands priced, none touched
[hormuz_watch] skipped: <urlopen error [Errno 8] nodename nor servname provided, or not known>
[season_watch] FIRE: NHC watch: feed failed (URLError) — check manually in season
[season_watch] FIRE: ONON promo weekly check (2026-07-20): on.com fetch blocked — run the manual check (SimplyCodes cadence + Wayback 'Last Season' breadth); the court's tripwire must not lapse
[squeeze_watch] quiet | {"ASTS": {"mean20": 0.515, "recent": [0.488, 0.537], "covering": false, "last": "2026-07-02"}, "LUNR": {"mean20": 0.492, "recent": [0.351, 0.278], "covering": true, "last": "2026-07-02"}, "BKSY": {"mean20": 0.497, "recent": [0.554, 0.428], "covering": false, "last": "2026-07-02"}}
[gauntlet_book] rendered -> gauntlet.html
  CIB: pack day — print not yet detected
  PSLV-TRIGGER: pack day — print not yet detected
  UKRCEASE-TRIGGER: pack day — print not yet detected
[-> gauntlet_flags.json  (3 pack events today)]
[band_watch] FIRE: CAI 15.85 <= band 16.00 — WATCH band touched; review the record before staging
[band_watch] FIRE: LSTA 3.45 <= band 3.60 — WATCH band touched; review the record before staging
[band_watch] FIRE: ETL.PA 2.10 <= band 2.10 — WATCH band touched; review the record before staging
[hormuz_watch] quiet: {'ok': True, 'last': '2026-07-12', 'lag_days': 8, 'avg7': 16.4, 'ratio': 0.2, 'days_ge_50pct': 0}
[season_watch] quiet (no active Atlantic hurricane; ONON check not due/clean)
[squeeze_watch] quiet | {"ASTS": {"mean20": 0.515, "recent": [0.488, 0.537], "covering": false, "last": "2026-07-02"}, "LUNR": {"mean20": 0.492, "recent": [0.351, 0.278], "covering": true, "last": "2026-07-02"}, "BKSY": {"mean20": 0.497, "recent": [0.554, 0.428], "covering": false, "last": "2026-07-02"}}
[gauntlet_book] rendered -> gauntlet.html
  CIB: pack day — print not yet detected
  PSLV-TRIGGER: pack day — print not yet detected
  UKRCEASE-TRIGGER: pack day — print not yet detected
[-> gauntlet_flags.json  (3 pack events today)]
[band_watch] FIRE: CRH 99.95 <= band 100.00 — WATCH band touched; review the record before staging
[band_watch] FIRE: GILT 10.84 <= band 11.00 — WATCH band touched; review the record before staging
[hormuz_watch] quiet: {'ok': True, 'last': '2026-07-19', 'lag_days': 2, 'avg7': 12.1, 'ratio': 0.14, 'days_ge_50pct': 0}
[season_watch] quiet (no active Atlantic hurricane; ONON check not due/clean)
[squeeze_watch] quiet | {"ASTS": {"mean20": 0.515, "recent": [0.488, 0.537], "covering": false, "last": "2026-07-02"}, "LUNR": {"mean20": 0.492, "recent": [0.351, 0.278], "covering": true, "last": "2026-07-02"}, "BKSY": {"mean20": 0.497, "recent": [0.554, 0.428], "covering": false, "last": "2026-07-02"}}
[gauntlet_book] rendered -> gauntlet.html
  IVN: pack day — print not yet detected
  EQT: pack day — print not yet detected
  HCA: pack day — print not yet detected
[-> gauntlet_flags.json  (3 pack events today)]
[band_watch] 166/168 bands priced, none touched
[hormuz_watch] quiet: {'ok': True, 'last': '2026-07-19', 'lag_days': 2, 'avg7': 12.1, 'ratio': 0.14, 'days_ge_50pct': 0}
[season_watch] quiet (no active Atlantic hurricane; ONON check not due/clean)
[squeeze_watch] quiet | {"ASTS": {"mean20": 0.515, "recent": [0.488, 0.537], "covering": false, "last": "2026-07-02"}, "LUNR": {"mean20": 0.492, "recent": [0.351, 0.278], "covering": true, "last": "2026-07-02"}, "BKSY": {"mean20": 0.497, "recent": [0.554, 0.428], "covering": false, "last": "2026-07-02"}}
[gauntlet_book] rendered -> gauntlet.html
  IVN: pack day — print not yet detected
  EQT: pack day — print not yet detected
  HCA: pack day — print not yet detected
[-> gauntlet_flags.json  (3 pack events today)]
[band_watch] 164/168 bands priced, none touched
[hormuz_watch] quiet: {'ok': True, 'last': '2026-07-19', 'lag_days': 3, 'avg7': 12.1, 'ratio': 0.14, 'days_ge_50pct': 0}
[season_watch] quiet (no active Atlantic hurricane; ONON check not due/clean)
[squeeze_watch] quiet | {"ASTS": {"mean20": 0.515, "recent": [0.488, 0.537], "covering": false, "last": "2026-07-02"}, "LUNR": {"mean20": 0.492, "recent": [0.351, 0.278], "covering": true, "last": "2026-07-02"}, "BKSY": {"mean20": 0.497, "recent": [0.554, 0.428], "covering": false, "last": "2026-07-02"}}
[gauntlet_book] rendered -> gauntlet.html
  NOW: PRINT LANDED
  GOOGL: pack day — print not yet detected
  TSLA: pack day — print not yet detected
[-> gauntlet_flags.json  (3 pack events today)]
[band_watch] FIRE: FOUR 48.38 <= band 49.00 — WATCH band touched; review the record before staging
[hormuz_watch] quiet: {'ok': True, 'last': '2026-07-19', 'lag_days': 3, 'avg7': 12.1, 'ratio': 0.14, 'days_ge_50pct': 0}
[season_watch] quiet (no active Atlantic hurricane; ONON check not due/clean)
[squeeze_watch] quiet | {"ASTS": {"mean20": 0.515, "recent": [0.488, 0.537], "covering": false, "last": "2026-07-02"}, "LUNR": {"mean20": 0.492, "recent": [0.351, 0.278], "covering": true, "last": "2026-07-02"}, "BKSY": {"mean20": 0.497, "recent": [0.554, 0.428], "covering": false, "last": "2026-07-02"}}
[gauntlet_book] rendered -> gauntlet.html
  NOW: PRINT LANDED
  GOOGL: pack day — print not yet detected
  TSLA: pack day — print not yet detected
[-> gauntlet_flags.json  (3 pack events today)]
[band_watch] FIRE: MC.PA 459.90 <= band 470.00 — WATCH band touched; review the record before staging
[band_watch] FIRE: WIE.VIE 20.82 <= band 21.00 — WATCH band touched; review the record before staging
[hormuz_watch] quiet: {'ok': True, 'last': '2026-07-19', 'lag_days': 4, 'avg7': 12.1, 'ratio': 0.14, 'days_ge_50pct': 0}
[season_watch] quiet (no active Atlantic hurricane; ONON check not due/clean)
[squeeze_watch] quiet | {"ASTS": {"mean20": 0.515, "recent": [0.488, 0.537], "covering": false, "last": "2026-07-02"}, "LUNR": {"mean20": 0.492, "recent": [0.351, 0.278], "covering": true, "last": "2026-07-02"}, "BKSY": {"mean20": 0.497, "recent": [0.554, 0.428], "covering": false, "last": "2026-07-02"}}
[gauntlet_book] rendered -> gauntlet.html
  FR.PA: pack day — print not yet detected
  KB: pack day — print not yet detected
  005387.KS: pack day — print not yet detected
  SAP.DE: pack day — print not yet detected
  HCA: pack day — print not yet detected
  OPBK: pack day — print not yet detected
  003550.KS: pack day — print not yet detected
[-> gauntlet_flags.json  (7 pack events today)]
[band_watch] FIRE: LFMD 3.73 <= band 3.75 — WATCH band touched; review the record before staging
[hormuz_watch] quiet: {'ok': True, 'last': '2026-07-19', 'lag_days': 4, 'avg7': 12.1, 'ratio': 0.14, 'days_ge_50pct': 0}
[season_watch] quiet (no active Atlantic hurricane; ONON check not due/clean)
[squeeze_watch] quiet | {"ASTS": {"mean20": 0.515, "recent": [0.488, 0.537], "covering": false, "last": "2026-07-02"}, "LUNR": {"mean20": 0.492, "recent": [0.351, 0.278], "covering": true, "last": "2026-07-02"}, "BKSY": {"mean20": 0.497, "recent": [0.554, 0.428], "covering": false, "last": "2026-07-02"}}
[gauntlet_book] rendered -> gauntlet.html
  FR.PA: pack day — print not yet detected
  KB: pack day — print not yet detected
  005387.KS: pack day — print not yet detected
  SAP.DE: pack day — print not yet detected
  HCA: pack day — print not yet detected
  OPBK: pack day — print not yet detected
  003550.KS: pack day — print not yet detected
[-> gauntlet_flags.json  (7 pack events today)]
[band_watch] 179/181 bands priced, none touched
[hormuz_watch] quiet: {'ok': True, 'last': '2026-07-19', 'lag_days': 5, 'avg7': 12.1, 'ratio': 0.14, 'days_ge_50pct': 0}
[season_watch] quiet (no active Atlantic hurricane; ONON check not due/clean)
[squeeze_watch] quiet | {"ASTS": {"mean20": 0.515, "recent": [0.488, 0.537], "covering": false, "last": "2026-07-02"}, "LUNR": {"mean20": 0.492, "recent": [0.351, 0.278], "covering": true, "last": "2026-07-02"}, "BKSY": {"mean20": 0.497, "recent": [0.554, 0.428], "covering": false, "last": "2026-07-02"}}
[gauntlet_book] rendered -> gauntlet.html
  VOW3.DE: pack day — print not yet detected
  BAH: PRINT LANDED
  316140: pack day — print not yet detected
  NDLS: PRINT LANDED
[-> gauntlet_flags.json  (4 pack events today)]
[band_watch] FIRE: SESG.PA 6.93 <= band 7.00 — WATCH band touched; review the record before staging
[band_watch] FIRE: GILT 10.94 <= band 11.00 — WATCH band touched; review the record before staging
[hormuz_watch] quiet: {'ok': True, 'last': '2026-07-19', 'lag_days': 5, 'avg7': 12.1, 'ratio': 0.14, 'days_ge_50pct': 0}
[season_watch] quiet (no active Atlantic hurricane; ONON check not due/clean)
[squeeze_watch] quiet | {"ASTS": {"mean20": 0.515, "recent": [0.488, 0.537], "covering": false, "last": "2026-07-02"}, "LUNR": {"mean20": 0.492, "recent": [0.351, 0.278], "covering": true, "last": "2026-07-02"}, "BKSY": {"mean20": 0.497, "recent": [0.554, 0.428], "covering": false, "last": "2026-07-02"}}
[gauntlet_book] rendered -> gauntlet.html
  VOW3.DE: pack day — print not yet detected
  BAH: PRINT LANDED
  316140: pack day — print not yet detected
  NDLS: PRINT LANDED
[-> gauntlet_flags.json  (4 pack events today)]
[band_watch] FIRE: PRCT 16.69 <= band 17.00 — WATCH band touched; review the record before staging
[hormuz_watch] quiet: {'ok': True, 'last': '2026-07-19', 'lag_days': 8, 'avg7': 12.1, 'ratio': 0.14, 'days_ge_50pct': 0}
[season_watch] quiet (no active Atlantic hurricane; ONON check not due/clean)
[squeeze_watch] quiet | {"ASTS": {"mean20": 0.515, "recent": [0.488, 0.537], "covering": false, "last": "2026-07-02"}, "LUNR": {"mean20": 0.492, "recent": [0.351, 0.278], "covering": true, "last": "2026-07-02"}, "BKSY": {"mean20": 0.497, "recent": [0.554, 0.428], "covering": false, "last": "2026-07-02"}}
[gauntlet_book] rendered -> gauntlet.html
  PSLV-TRIGGER: pack day — print not yet detected
  UKRCEASE-TRIGGER: pack day — print not yet detected
[-> gauntlet_flags.json  (2 pack events today)]
[band_watch] 188/190 bands priced, none touched
[hormuz_watch] quiet: {'ok': True, 'last': '2026-07-19', 'lag_days': 8, 'avg7': 12.1, 'ratio': 0.14, 'days_ge_50pct': 0}
[season_watch] quiet (no active Atlantic hurricane; ONON check not due/clean)
[squeeze_watch] quiet | {"ASTS": {"mean20": 0.515, "recent": [0.488, 0.537], "covering": false, "last": "2026-07-02"}, "LUNR": {"mean20": 0.492, "recent": [0.351, 0.278], "covering": true, "last": "2026-07-02"}, "BKSY": {"mean20": 0.497, "recent": [0.554, 0.428], "covering": false, "last": "2026-07-02"}}
[gauntlet_book] rendered -> gauntlet.html
  PSLV-TRIGGER: pack day — print not yet detected
  UKRCEASE-TRIGGER: pack day — print not yet detected
[-> gauntlet_flags.json  (2 pack events today)]
[band_watch] 188/190 bands priced, none touched
[hormuz_watch] FIRE: HORMUZ WATCH: feed stale — last datum 2026-07-19 (9d old)
[season_watch] quiet (no active Atlantic hurricane; ONON check not due/clean)
[squeeze_watch] quiet | {"ASTS": {"mean20": 0.515, "recent": [0.488, 0.537], "covering": false, "last": "2026-07-02"}, "LUNR": {"mean20": 0.492, "recent": [0.351, 0.278], "covering": true, "last": "2026-07-02"}, "BKSY": {"mean20": 0.497, "recent": [0.554, 0.428], "covering": false, "last": "2026-07-02"}}
[gauntlet_book] rendered -> gauntlet.html
  EG: pack day — print not yet detected
  MBG.DE: pack day — print not yet detected
  MC.PA: pack day — print not yet detected
  MFP: pack day — print not yet detected
  CVLT: pack day — print not yet detected
  CVLT-RAISE: pack day — print not yet detected
  BAH: pack day — print not yet detected
[-> gauntlet_flags.json  (7 pack events today)]
[band_watch] 188/190 bands priced, none touched
[hormuz_watch] quiet: {'ok': True, 'last': '2026-07-19', 'lag_days': 9, 'avg7': 12.1, 'ratio': 0.14, 'days_ge_50pct': 0}
[season_watch] quiet (no active Atlantic hurricane; ONON check not due/clean)
[squeeze_watch] quiet | {"ASTS": {"mean20": 0.515, "recent": [0.488, 0.537], "covering": false, "last": "2026-07-02"}, "LUNR": {"mean20": 0.492, "recent": [0.351, 0.278], "covering": true, "last": "2026-07-02"}, "BKSY": {"mean20": 0.497, "recent": [0.554, 0.428], "covering": false, "last": "2026-07-02"}}
[gauntlet_book] rendered -> gauntlet.html
  EG: pack day — print not yet detected
  MBG.DE: pack day — print not yet detected
  MC.PA: pack day — print not yet detected
  MFP: pack day — print not yet detected
  CVLT: pack day — print not yet detected
  CVLT-RAISE: pack day — print not yet detected
  BAH: pack day — print not yet detected
[-> gauntlet_flags.json  (7 pack events today)]
[band_watch] FIRE: 034730 489,000.00 <= band 500,000.00 — WATCH band touched; review the record before staging
[hormuz_watch] quiet: {'ok': True, 'last': '2026-07-23', 'lag_days': 6, 'avg7': 11.1, 'ratio': 0.13, 'days_ge_50pct': 0}
[season_watch] quiet (no active Atlantic hurricane; ONON check not due/clean)
[squeeze_watch] quiet | {"ASTS": {"mean20": 0.515, "recent": [0.488, 0.537], "covering": false, "last": "2026-07-02"}, "LUNR": {"mean20": 0.492, "recent": [0.351, 0.278], "covering": true, "last": "2026-07-02"}, "BKSY": {"mean20": 0.497, "recent": [0.554, 0.428], "covering": false, "last": "2026-07-02"}}
[gauntlet_book] rendered -> gauntlet.html
  BBD: pack day — print not yet detected
  CTSH: PRINT LANDED
  FCT.MI: pack day — print not yet detected
  YSS: pack day — print not yet detected
  LIFE: pack day — print not yet detected
[gauntlet] MSFT: AMC print — holding detection until 16:00 ET (now 09:15 ET)
  MSFT: pack day — print not yet detected
[gauntlet] META: AMC print — holding detection until 16:00 ET (now 09:15 ET)
  META: pack day — print not yet detected
  FOMC: pack day — print not yet detected
  EG-STK: pack day — print not yet detected
  BBD-STK: pack day — print not yet detected
  OMF: PRINT LANDED
[-> gauntlet_flags.json  (11 pack events today)]
[band_watch] FIRE: FROG 75.15 <= band 78.00 — WATCH band touched; review the record before staging
[band_watch] FIRE: PSN 37.16 <= band 50.00 — WATCH band touched; review the record before staging
[band_watch] FIRE: ONTO 218.16 <= band 245.00 — WATCH band touched; review the record before staging
[band_watch] FIRE: ASX 31.69 <= band 32.00 — WATCH band touched; review the record before staging
[hormuz_watch] quiet: {'ok': True, 'last': '2026-07-23', 'lag_days': 6, 'avg7': 11.1, 'ratio': 0.13, 'days_ge_50pct': 0}
[season_watch] quiet (no active Atlantic hurricane; ONON check not due/clean)
[squeeze_watch] quiet | {"ASTS": {"mean20": 0.515, "recent": [0.488, 0.537], "covering": false, "last": "2026-07-02"}, "LUNR": {"mean20": 0.492, "recent": [0.351, 0.278], "covering": true, "last": "2026-07-02"}, "BKSY": {"mean20": 0.497, "recent": [0.554, 0.428], "covering": false, "last": "2026-07-02"}}
[gauntlet_book] rendered -> gauntlet.html
  BBD: pack day — print not yet detected
  CTSH: PRINT LANDED
  FCT.MI: pack day — print not yet detected
  YSS: pack day — print not yet detected
  LIFE: pack day — print not yet detected
[gauntlet] MSFT: AMC print — holding detection until 16:00 ET (now 10:45 ET)
  MSFT: pack day — print not yet detected
[gauntlet] META: AMC print — holding detection until 16:00 ET (now 10:45 ET)
  META: pack day — print not yet detected
  FOMC: pack day — print not yet detected
  EG-STK: pack day — print not yet detected
  BBD-STK: pack day — print not yet detected
  OMF: PRINT LANDED
[-> gauntlet_flags.json  (11 pack events today)]
[band_watch] 198/201 bands priced, none touched
[hormuz_watch] quiet: {'ok': True, 'last': '2026-07-23', 'lag_days': 7, 'avg7': 11.1, 'ratio': 0.13, 'days_ge_50pct': 0}
[season_watch] quiet (no active Atlantic hurricane; ONON check not due/clean)
[squeeze_watch] quiet | {"ASTS": {"mean20": 0.515, "recent": [0.488, 0.537], "covering": false, "last": "2026-07-02"}, "LUNR": {"mean20": 0.492, "recent": [0.351, 0.278], "covering": true, "last": "2026-07-02"}, "BKSY": {"mean20": 0.497, "recent": [0.554, 0.428], "covering": false, "last": "2026-07-02"}}
[gauntlet_book] rendered -> gauntlet.html
  FOUR: pack day — print not yet detected
  IVN: pack day — print not yet detected
  BMW.DE: pack day — print not yet detected
[gauntlet] AAPL: AMC print — holding detection until 16:00 ET (now 09:15 ET)
  AAPL: pack day — print not yet detected
[gauntlet] AMZN: AMC print — holding detection until 16:00 ET (now 09:15 ET)
  AMZN: pack day — print not yet detected
  UPBD: PRINT LANDED
  CRH: PRINT LANDED
  UPBD-STK: pack day — print not yet detected
  CRH-STK: pack day — print not yet detected
  LH: PRINT LANDED
  LH-OPS: pack day — print not yet detected
  IVN-MRE: pack day — print not yet detected
[-> gauntlet_flags.json  (12 pack events today)]
[band_watch] FIRE: CHRW 149.35 <= band 150.00 — WATCH band touched; review the record before staging
[hormuz_watch] quiet: {'ok': True, 'last': '2026-07-23', 'lag_days': 7, 'avg7': 11.1, 'ratio': 0.13, 'days_ge_50pct': 0}
[season_watch] quiet (no active Atlantic hurricane; ONON check not due/clean)
[squeeze_watch] quiet | {"ASTS": {"mean20": 0.515, "recent": [0.488, 0.537], "covering": false, "last": "2026-07-02"}, "LUNR": {"mean20": 0.492, "recent": [0.351, 0.278], "covering": true, "last": "2026-07-02"}, "BKSY": {"mean20": 0.497, "recent": [0.554, 0.428], "covering": false, "last": "2026-07-02"}}
[gauntlet_book] rendered -> gauntlet.html
  FOUR: pack day — print not yet detected
  IVN: pack day — print not yet detected
  BMW.DE: pack day — print not yet detected
[gauntlet] AAPL: AMC print — holding detection until 16:00 ET (now 10:45 ET)
  AAPL: pack day — print not yet detected
[gauntlet] AMZN: AMC print — holding detection until 16:00 ET (now 10:45 ET)
  AMZN: pack day — print not yet detected
  UPBD: PRINT LANDED
  CRH: PRINT LANDED
  UPBD-STK: pack day — print not yet detected
  CRH-STK: pack day — print not yet detected
  LH: PRINT LANDED
  LH-OPS: pack day — print not yet detected
  IVN-MRE: pack day — print not yet detected
[-> gauntlet_flags.json  (12 pack events today)]
[band_watch] FIRE: IPS.PA 35.62 <= band 36.00 — WATCH band touched; review the record before staging
[hormuz_watch] quiet: {'ok': True, 'last': '2026-07-23', 'lag_days': 8, 'avg7': 11.1, 'ratio': 0.13, 'days_ge_50pct': 0}
[season_watch] quiet (no active Atlantic hurricane; ONON check not due/clean)
[squeeze_watch] quiet | {"ASTS": {"mean20": 0.515, "recent": [0.488, 0.537], "covering": false, "last": "2026-07-02"}, "LUNR": {"mean20": 0.492, "recent": [0.351, 0.278], "covering": true, "last": "2026-07-02"}, "BKSY": {"mean20": 0.497, "recent": [0.554, 0.428], "covering": false, "last": "2026-07-02"}}
[gauntlet_book] rendered -> gauntlet.html
  IVN: pack day — print not yet detected
  EO.PA: pack day — print not yet detected
  ELV: pack day — print not yet detected
  III-PREPRINT: pack day — print not yet detected
[-> gauntlet_flags.json  (4 pack events today)]
[band_watch] 205/207 bands priced, none touched
[hormuz_watch] quiet: {'ok': True, 'last': '2026-07-23', 'lag_days': 8, 'avg7': 11.1, 'ratio': 0.13, 'days_ge_50pct': 0}
[season_watch] quiet (no active Atlantic hurricane; ONON check not due/clean)
[squeeze_watch] quiet | {"ASTS": {"mean20": 0.515, "recent": [0.488, 0.537], "covering": false, "last": "2026-07-02"}, "LUNR": {"mean20": 0.492, "recent": [0.351, 0.278], "covering": true, "last": "2026-07-02"}, "BKSY": {"mean20": 0.497, "recent": [0.554, 0.428], "covering": false, "last": "2026-07-02"}}
[gauntlet_book] rendered -> gauntlet.html
  IVN: pack day — print not yet detected
  EO.PA: pack day — print not yet detected
  ELV: pack day — print not yet detected
  III-PREPRINT: pack day — print not yet detected
[-> gauntlet_flags.json  (4 pack events today)]
[band_watch] 216/218 bands priced, none touched
[hormuz_watch] FIRE: HORMUZ WATCH: feed stale — last datum 2026-07-23 (11d old)
[season_watch] quiet (no active Atlantic hurricane; ONON check not due/clean)
[squeeze_watch] quiet | {"ASTS": {"mean20": 0.515, "recent": [0.488, 0.537], "covering": false, "last": "2026-07-02"}, "LUNR": {"mean20": 0.492, "recent": [0.351, 0.278], "covering": true, "last": "2026-07-02"}, "BKSY": {"mean20": 0.497, "recent": [0.554, 0.428], "covering": false, "last": "2026-07-02"}}
[gauntlet_book] rendered -> gauntlet.html
  GTM: pack day — print not yet detected
  PSLV-TRIGGER: pack day — print not yet detected
  EVER: pack day — print not yet detected
  UKRCEASE-TRIGGER: pack day — print not yet detected
  TM: pack day — print not yet detected
  COX-SAAR: pack day — print not yet detected
  POWL: pack day — print not yet detected
[-> gauntlet_flags.json  (7 pack events today)]
[band_watch] 216/218 bands priced, none touched
[hormuz_watch] quiet: {'ok': True, 'last': '2026-07-23', 'lag_days': 11, 'avg7': 11.1, 'ratio': 0.13, 'days_ge_50pct': 0}
[season_watch] quiet (no active Atlantic hurricane; ONON check not due/clean)
[squeeze_watch] quiet | {"ASTS": {"mean20": 0.515, "recent": [0.488, 0.537], "covering": false, "last": "2026-07-02"}, "LUNR": {"mean20": 0.492, "recent": [0.351, 0.278], "covering": true, "last": "2026-07-02"}, "BKSY": {"mean20": 0.497, "recent": [0.554, 0.428], "covering": false, "last": "2026-07-02"}}
[gauntlet_book] rendered -> gauntlet.html
  GTM: pack day — print not yet detected
  PSLV-TRIGGER: pack day — print not yet detected
  EVER: pack day — print not yet detected
  UKRCEASE-TRIGGER: pack day — print not yet detected
  TM: pack day — print not yet detected
  COX-SAAR: pack day — print not yet detected
  POWL: pack day — print not yet detected
[-> gauntlet_flags.json  (7 pack events today)]
[band_watch] FIRE: PINS 24.16 <= band 24.75 — WATCH band touched; review the record before staging
[band_watch] FIRE: BSX 48.43 <= band 52.00 — WATCH band touched; review the record before staging
[hormuz_watch] quiet: {'ok': True, 'last': '2026-07-23', 'lag_days': 12, 'avg7': 11.1, 'ratio': 0.13, 'days_ge_50pct': 0}
[season_watch] quiet (no active Atlantic hurricane; ONON check not due/clean)
[squeeze_watch] quiet | {"ASTS": {"mean20": 0.515, "recent": [0.488, 0.537], "covering": false, "last": "2026-07-02"}, "LUNR": {"mean20": 0.492, "recent": [0.351, 0.278], "covering": true, "last": "2026-07-02"}, "BKSY": {"mean20": 0.497, "recent": [0.554, 0.428], "covering": false, "last": "2026-07-02"}}
[gauntlet_book] rendered -> gauntlet.html
  LDOS: PRINT LANDED
  IT: PRINT LANDED
  LDOS-STK: pack day — print not yet detected
  IT-OPS: pack day — print not yet detected
  IT-STK: pack day — print not yet detected
  HRTG-STK: pack day — print not yet detected
  RIGL: pack day — print not yet detected
[gauntlet] PRCT: AMC print — holding detection until 16:00 ET (now 09:15 ET)
  PRCT: pack day — print not yet detected
[gauntlet] PRCT-RXN: AMC print — holding detection until 16:00 ET (now 09:15 ET)
  PRCT-RXN: pack day — print not yet detected
  SU: pack day — print not yet detected
[-> gauntlet_flags.json  (10 pack events today)]
[band_watch] FIRE: ISRG 369.01 <= band 370.00 — WATCH band touched; review the record before staging
[hormuz_watch] quiet: {'ok': True, 'last': '2026-07-23', 'lag_days': 12, 'avg7': 11.1, 'ratio': 0.13, 'days_ge_50pct': 0}
[season_watch] quiet (no active Atlantic hurricane; ONON check not due/clean)
[squeeze_watch] quiet | {"ASTS": {"mean20": 0.515, "recent": [0.488, 0.537], "covering": false, "last": "2026-07-02"}, "LUNR": {"mean20": 0.492, "recent": [0.351, 0.278], "covering": true, "last": "2026-07-02"}, "BKSY": {"mean20": 0.497, "recent": [0.554, 0.428], "covering": false, "last": "2026-07-02"}}
[gauntlet_book] rendered -> gauntlet.html
  LDOS: PRINT LANDED
  IT: PRINT LANDED
  LDOS-STK: pack day — print not yet detected
  IT-OPS: pack day — print not yet detected
  IT-STK: pack day — print not yet detected
  HRTG-STK: pack day — print not yet detected
  RIGL: pack day — print not yet detected
[gauntlet] PRCT: AMC print — holding detection until 16:00 ET (now 10:45 ET)
  PRCT: pack day — print not yet detected
[gauntlet] PRCT-RXN: AMC print — holding detection until 16:00 ET (now 10:45 ET)
  PRCT-RXN: pack day — print not yet detected
  SU: pack day — print not yet detected
[-> gauntlet_flags.json  (10 pack events today)]
[band_watch] 228/230 bands priced, none touched
[hormuz_watch] quiet: {'ok': True, 'last': '2026-08-02', 'lag_days': 3, 'avg7': 3.9, 'ratio': 0.05, 'days_ge_50pct': 0}
[season_watch] quiet (no active Atlantic hurricane; ONON check not due/clean)
[squeeze_watch] quiet | {"ASTS": {"mean20": 0.515, "recent": [0.488, 0.537], "covering": false, "last": "2026-07-02"}, "LUNR": {"mean20": 0.492, "recent": [0.351, 0.278], "covering": true, "last": "2026-07-02"}, "BKSY": {"mean20": 0.497, "recent": [0.554, 0.428], "covering": false, "last": "2026-07-02"}}
[gauntlet_book] rendered -> gauntlet.html
  DFIN: pack day — print not yet detected
  HUBS: pack day — print not yet detected
  PODD: PRINT LANDED
  TASK: pack day — print not yet detected
  SHA0.DE: pack day — print not yet detected
[gauntlet] FNF: AMC print — holding detection until 16:00 ET (now 09:15 ET)
  FNF: pack day — print not yet detected
  ACEL: pack day — print not yet detected
  HBB: pack day — print not yet detected
  CPRI: PRINT LANDED
  TPB: pack day — print not yet detected
  COST: pack day — print not yet detected
  SIA-BILLINGS: pack day — print not yet detected
  III: pack day — print not yet detected
  GILT: pack day — print not yet detected
  DFIN-STK: pack day — print not yet detected
  HUBS-STK: pack day — print not yet detected
  GILT-STK: pack day — print not yet detected
  III-OPS: pack day — print not yet detected
  III-STK: pack day — print not yet detected
  EG-STK: pack day — print not yet detected
  BBD-STK: pack day — print not yet detected
  CAI: pack day — print not yet detected
  MCK: pack day — print not yet detected
  UBER: PRINT LANDED
  BBD: pack day — print not yet detected
  CRVL: PRINT LANDED
  CRVL-PM: pack day — print not yet detected
[-> gauntlet_flags.json  (27 pack events today)]
[band_watch] FIRE: PODD 137.50 <= band 140.00 — WATCH band touched; review the record before staging
[hormuz_watch] quiet: {'ok': True, 'last': '2026-08-02', 'lag_days': 3, 'avg7': 3.9, 'ratio': 0.05, 'days_ge_50pct': 0}
[season_watch] quiet (no active Atlantic hurricane; ONON check not due/clean)
[squeeze_watch] quiet | {"ASTS": {"mean20": 0.515, "recent": [0.488, 0.537], "covering": false, "last": "2026-07-02"}, "LUNR": {"mean20": 0.492, "recent": [0.351, 0.278], "covering": true, "last": "2026-07-02"}, "BKSY": {"mean20": 0.497, "recent": [0.554, 0.428], "covering": false, "last": "2026-07-02"}}
[gauntlet_book] rendered -> gauntlet.html
  DFIN: pack day — print not yet detected
  HUBS: pack day — print not yet detected
  PODD: PRINT LANDED
  TASK: pack day — print not yet detected
  SHA0.DE: pack day — print not yet detected
[gauntlet] FNF: AMC print — holding detection until 16:00 ET (now 10:45 ET)
  FNF: pack day — print not yet detected
  ACEL: pack day — print not yet detected
  HBB: pack day — print not yet detected
  CPRI: PRINT LANDED
  TPB: pack day — print not yet detected
  COST: pack day — print not yet detected
  SIA-BILLINGS: pack day — print not yet detected
  III: pack day — print not yet detected
  GILT: pack day — print not yet detected
  DFIN-STK: pack day — print not yet detected
  HUBS-STK: pack day — print not yet detected
  GILT-STK: pack day — print not yet detected
  III-OPS: pack day — print not yet detected
  III-STK: pack day — print not yet detected
  EG-STK: pack day — print not yet detected
  BBD-STK: pack day — print not yet detected
  CAI: pack day — print not yet detected
  MCK: pack day — print not yet detected
  UBER: PRINT LANDED
  BBD: pack day — print not yet detected
  CRVL: PRINT LANDED
  CRVL-PM: pack day — print not yet detected
[-> gauntlet_flags.json  (27 pack events today)]
[band_watch] 227/229 bands priced, none touched
[hormuz_watch] quiet: {'ok': True, 'last': '2026-08-02', 'lag_days': 4, 'avg7': 3.9, 'ratio': 0.05, 'days_ge_50pct': 0}
[season_watch] quiet (no active Atlantic hurricane; ONON check not due/clean)
[squeeze_watch] quiet | {"ASTS": {"mean20": 0.515, "recent": [0.488, 0.537], "covering": false, "last": "2026-07-02"}, "LUNR": {"mean20": 0.492, "recent": [0.351, 0.278], "covering": true, "last": "2026-07-02"}, "BKSY": {"mean20": 0.497, "recent": [0.554, 0.428], "covering": false, "last": "2026-07-02"}}
[gauntlet_book] rendered -> gauntlet.html
  AMV0.DE: pack day — print not yet detected
  MMS: PRINT LANDED
  G: pack day — print not yet detected
  BKE: pack day — print not yet detected
  CACI: pack day — print not yet detected
  ADIG: pack day — print not yet detected
  TTD: pack day — print not yet detected
  TBCG.L: pack day — print not yet detected
  G-STK: pack day — print not yet detected
[gauntlet] ONTO: AMC print — holding detection until 16:00 ET (now 09:15 ET)
  ONTO: pack day — print not yet detected
  MCHP: pack day — print not yet detected
  UPBD-STK: pack day — print not yet detected
  CRH-STK: pack day — print not yet detected
  PFSI-10Q: pack day — print not yet detected
  FOUR: PRINT LANDED
  CSP-SCAN: pack day — print not yet detected
  EXIT-BAND-SWEEP: pack day — print not yet detected
[-> gauntlet_flags.json  (17 pack events today)]
[band_watch] 227/229 bands priced, none touched
[hormuz_watch] quiet: {'ok': True, 'last': '2026-08-02', 'lag_days': 4, 'avg7': 3.9, 'ratio': 0.05, 'days_ge_50pct': 0}
[season_watch] quiet (no active Atlantic hurricane; ONON check not due/clean)
[squeeze_watch] quiet | {"ASTS": {"mean20": 0.515, "recent": [0.488, 0.537], "covering": false, "last": "2026-07-02"}, "LUNR": {"mean20": 0.492, "recent": [0.351, 0.278], "covering": true, "last": "2026-07-02"}, "BKSY": {"mean20": 0.497, "recent": [0.554, 0.428], "covering": false, "last": "2026-07-02"}}
[gauntlet_book] rendered -> gauntlet.html
  AMV0.DE: pack day — print not yet detected
  MMS: PRINT LANDED
  G: pack day — print not yet detected
  BKE: pack day — print not yet detected
  CACI: pack day — print not yet detected
  ADIG: pack day — print not yet detected
  TTD: pack day — print not yet detected
  TBCG.L: pack day — print not yet detected
  G-STK: pack day — print not yet detected
[gauntlet] ONTO: AMC print — holding detection until 16:00 ET (now 10:45 ET)
  ONTO: pack day — print not yet detected
  MCHP: pack day — print not yet detected
  UPBD-STK: pack day — print not yet detected
  CRH-STK: pack day — print not yet detected
  PFSI-10Q: pack day — print not yet detected
  FOUR: PRINT LANDED
  CSP-SCAN: pack day — print not yet detected
  EXIT-BAND-SWEEP: pack day — print not yet detected
  GCT-EXITREV: pack day — print not yet detected
  CTSH-EXITREV: pack day — print not yet detected
  CAI-EXITREV: pack day — print not yet detected
  PINS-EXITREV: pack day — print not yet detected
  HRTG-EXITREV: pack day — print not yet detected
[-> gauntlet_flags.json  (22 pack events today)]
[band_watch] 227/229 bands priced, none touched
[hormuz_watch] quiet: {'ok': True, 'last': '2026-08-02', 'lag_days': 5, 'avg7': 3.9, 'ratio': 0.05, 'days_ge_50pct': 0}
[season_watch] quiet (no active Atlantic hurricane; ONON check not due/clean)
[squeeze_watch] quiet | {"ASTS": {"mean20": 0.515, "recent": [0.488, 0.537], "covering": false, "last": "2026-07-02"}, "LUNR": {"mean20": 0.492, "recent": [0.351, 0.278], "covering": true, "last": "2026-07-02"}, "BKSY": {"mean20": 0.497, "recent": [0.554, 0.428], "covering": false, "last": "2026-07-02"}}
[gauntlet_book] rendered -> gauntlet.html
  SILICON2: pack day — print not yet detected
  8750.T: pack day — print not yet detected
  EC: pack day — print not yet detected
  WEN: PRINT LANDED
  ACEL: pack day — print not yet detected
  TCNNF: pack day — print not yet detected
  8750.T-STK: pack day — print not yet detected
  FNF-ADOPTERNULL: pack day — print not yet detected
  ELV: pack day — print not yet detected
  6804.T: pack day — print not yet detected
  IVN: pack day — print not yet detected
  MBGL: PRINT LANDED
  FNF-REVIEW: pack day — print not yet detected
  HBB-REVIEW: pack day — print not yet detected
  MCK-REVIEW: pack day — print not yet detected
  XOM-EXITREV: pack day — print not yet detected
  8750-EXITREV: pack day — print not yet detected
  G-EXITREV: pack day — print not yet detected
  NOW-EXITREV: pack day — print not yet detected
  6626.T-REVIEW: pack day — print not yet detected
[-> gauntlet_flags.json  (20 pack events today)]
[band_watch] FIRE: NATR 16.73 <= band 18.00 — WATCH band touched; review the record before staging
[hormuz_watch] quiet: {'ok': True, 'last': '2026-08-02', 'lag_days': 5, 'avg7': 3.9, 'ratio': 0.05, 'days_ge_50pct': 0}
[season_watch] quiet (no active Atlantic hurricane; ONON check not due/clean)
[squeeze_watch] quiet | {"ASTS": {"mean20": 0.515, "recent": [0.488, 0.537], "covering": false, "last": "2026-07-02"}, "LUNR": {"mean20": 0.492, "recent": [0.351, 0.278], "covering": true, "last": "2026-07-02"}, "BKSY": {"mean20": 0.497, "recent": [0.554, 0.428], "covering": false, "last": "2026-07-02"}}
[gauntlet_book] rendered -> gauntlet.html
  SILICON2: pack day — print not yet detected
  8750.T: pack day — print not yet detected
  EC: pack day — print not yet detected
  WEN: PRINT LANDED
  ACEL: pack day — print not yet detected
  TCNNF: pack day — print not yet detected
  8750.T-STK: pack day — print not yet detected
  FNF-ADOPTERNULL: pack day — print not yet detected
  ELV: pack day — print not yet detected
  6804.T: pack day — print not yet detected
  IVN: pack day — print not yet detected
  MBGL: PRINT LANDED
  FNF-REVIEW: pack day — print not yet detected
  HBB-REVIEW: pack day — print not yet detected
  MCK-REVIEW: pack day — print not yet detected
  XOM-EXITREV: pack day — print not yet detected
  8750-EXITREV: pack day — print not yet detected
  G-EXITREV: pack day — print not yet detected
  NOW-EXITREV: pack day — print not yet detected
  6626.T-REVIEW: pack day — print not yet detected
[-> gauntlet_flags.json  (20 pack events today)]
[band_watch] 0/272 bands priced, none touched
[hormuz_watch] skipped: <urlopen error [Errno 8] nodename nor servname provided, or not known>
[mailer] email failed: [Errno 8] nodename nor servname provided, or not known
[season_watch] FIRE: NHC watch: feed failed (URLError) — check manually in season
[season_watch] FIRE: ONON promo weekly check (2026-08-10): on.com fetch blocked — run the manual check (SimplyCodes cadence + Wayback 'Last Season' breadth); the court's tripwire must not lapse
[squeeze_watch] quiet | {"ASTS": {"mean20": 0.515, "recent": [0.488, 0.537], "covering": false, "last": "2026-07-02"}, "LUNR": {"mean20": 0.492, "recent": [0.351, 0.278], "covering": true, "last": "2026-07-02"}, "BKSY": {"mean20": 0.497, "recent": [0.554, 0.428], "covering": false, "last": "2026-07-02"}}
[gauntlet_book] rendered -> gauntlet.html
[mailer] email failed: [Errno 8] nodename nor servname provided, or not known
  MNDY: pack day — print not yet detected
[mailer] email failed: [Errno 8] nodename nor servname provided, or not known
  MRVI: pack day — print not yet detected
[mailer] email failed: [Errno 8] nodename nor servname provided, or not known
  PSLV-TRIGGER: pack day — print not yet detected
[mailer] email failed: [Errno 8] nodename nor servname provided, or not known
  UKRCEASE-TRIGGER: pack day — print not yet detected
[mailer] email failed: [Errno 8] nodename nor servname provided, or not known
  GCT: pack day — print not yet detected
[mailer] email failed: [Errno 8] nodename nor servname provided, or not known
  8750.T: pack day — print not yet detected
[mailer] email failed: [Errno 8] nodename nor servname provided, or not known
  BKE-REVIEW: pack day — print not yet detected
[mailer] email failed: [Errno 8] nodename nor servname provided, or not known
  OPRT: pack day — print not yet detected
[mailer] email failed: [Errno 8] nodename nor servname provided, or not known
  BTDR: pack day — print not yet detected
[-> gauntlet_flags.json  (9 pack events today)]
[band_watch] 0/272 bands priced, none touched
[hormuz_watch] skipped: <urlopen error [Errno 8] nodename nor servname provided, or not known>
[mailer] email failed: [Errno 8] nodename nor servname provided, or not known
[season_watch] FIRE: NHC watch: feed failed (URLError) — check manually in season
[squeeze_watch] quiet | {"ASTS": {"mean20": 0.515, "recent": [0.488, 0.537], "covering": false, "last": "2026-07-02"}, "LUNR": {"mean20": 0.492, "recent": [0.351, 0.278], "covering": true, "last": "2026-07-02"}, "BKSY": {"mean20": 0.497, "recent": [0.554, 0.428], "covering": false, "last": "2026-07-02"}}
[gauntlet_book] rendered -> gauntlet.html
[mailer] email failed: [Errno 8] nodename nor servname provided, or not known
  MNDY: pack day — print not yet detected
[mailer] email failed: [Errno 8] nodename nor servname provided, or not known
  MRVI: pack day — print not yet detected
[mailer] email failed: [Errno 8] nodename nor servname provided, or not known
  PSLV-TRIGGER: pack day — print not yet detected
[mailer] email failed: [Errno 8] nodename nor servname provided, or not known
  UKRCEASE-TRIGGER: pack day — print not yet detected
[mailer] email failed: [Errno 8] nodename nor servname provided, or not known
  GCT: pack day — print not yet detected
[mailer] email failed: [Errno 8] nodename nor servname provided, or not known
  8750.T: pack day — print not yet detected
[mailer] email failed: [Errno 8] nodename nor servname provided, or not known
  BKE-REVIEW: pack day — print not yet detected
[mailer] email failed: [Errno 8] nodename nor servname provided, or not known
  OPRT: pack day — print not yet detected
[mailer] email failed: [Errno 8] nodename nor servname provided, or not known
  BTDR: pack day — print not yet detected
[-> gauntlet_flags.json  (9 pack events today)]
[band_watch] 283/285 bands priced, none touched
[hormuz_watch] quiet: {'ok': True, 'last': '2026-08-09', 'lag_days': 2, 'avg7': 4.4, 'ratio': 0.05, 'days_ge_50pct': 0}
[season_watch] quiet (no active Atlantic hurricane; ONON check not due/clean)
[squeeze_watch] quiet | {"ASTS": {"mean20": 0.515, "recent": [0.488, 0.537], "covering": false, "last": "2026-07-02"}, "LUNR": {"mean20": 0.492, "recent": [0.351, 0.278], "covering": true, "last": "2026-07-02"}, "BKSY": {"mean20": 0.497, "recent": [0.554, 0.428], "covering": false, "last": "2026-07-02"}}
[gauntlet_book] rendered -> gauntlet.html
  HRTG: pack day — print not yet detected
  ONON: pack day — print not yet detected
  ONON-STK: pack day — print not yet detected
  PINS: pack day — print not yet detected
  ONON-EXITREV: pack day — print not yet detected
  UBER: pack day — print not yet detected
  BRCB: pack day — print not yet detected
  GLXY: pack day — print not yet detected
[-> gauntlet_flags.json  (8 pack events today)]
[band_watch] 0/287 bands priced, none touched
[hormuz_watch] skipped: <urlopen error [Errno 8] nodename nor servname provided, or not known>
[mailer] email failed: [Errno 8] nodename nor servname provided, or not known
[season_watch] FIRE: NHC watch: feed failed (URLError) — check manually in season
[squeeze_watch] quiet | {"ASTS": {"mean20": 0.515, "recent": [0.488, 0.537], "covering": false, "last": "2026-07-02"}, "LUNR": {"mean20": 0.492, "recent": [0.351, 0.278], "covering": true, "last": "2026-07-02"}, "BKSY": {"mean20": 0.497, "recent": [0.554, 0.428], "covering": false, "last": "2026-07-02"}}
[gauntlet_book] rendered -> gauntlet.html
[mailer] email failed: [Errno 8] nodename nor servname provided, or not known
  HRTG: pack day — print not yet detected
[mailer] email failed: [Errno 8] nodename nor servname provided, or not known
  ONON: pack day — print not yet detected
[mailer] email failed: [Errno 8] nodename nor servname provided, or not known
  ONON-STK: pack day — print not yet detected
[mailer] email failed: [Errno 8] nodename nor servname provided, or not known
  PINS: pack day — print not yet detected
[mailer] email failed: [Errno 8] nodename nor servname provided, or not known
  ONON-EXITREV: pack day — print not yet detected
[mailer] email failed: [Errno 8] nodename nor servname provided, or not known
  UBER: pack day — print not yet detected
[mailer] email failed: [Errno 8] nodename nor servname provided, or not known
  BRCB: pack day — print not yet detected
[mailer] email failed: [Errno 8] nodename nor servname provided, or not known
  GLXY: pack day — print not yet detected
[-> gauntlet_flags.json  (8 pack events today)]
[band_watch] FIRE: MHPC.L 7.86 <= band 7.90 — WATCH band touched; review the record before staging
[hormuz_watch] quiet: {'ok': True, 'last': '2026-08-09', 'lag_days': 3, 'avg7': 4.4, 'ratio': 0.05, 'days_ge_50pct': 0}
[season_watch] quiet (no active Atlantic hurricane; ONON check not due/clean)
[squeeze_watch] quiet | {"ASTS": {"mean20": 0.515, "recent": [0.488, 0.537], "covering": false, "last": "2026-07-02"}, "LUNR": {"mean20": 0.492, "recent": [0.351, 0.278], "covering": true, "last": "2026-07-02"}, "BKSY": {"mean20": 0.497, "recent": [0.554, 0.428], "covering": false, "last": "2026-07-02"}}
[gauntlet_book] rendered -> gauntlet.html
  GCT: pack day — print not yet detected
  AAWH: pack day — print not yet detected
  HUBS-TRIM: pack day — print not yet detected
  BAVA-EXITREV: pack day — print not yet detected
[gauntlet] 043370.KQ-REVIEW: AMC print — holding detection until 16:00 ET (now 09:23 ET)
[mailer] email failed: Connection unexpectedly closed: [Errno 60] Operation timed out
  043370.KQ-REVIEW: pack day — print not yet detected
  NNE: pack day — print not yet detected
  UPB: pack day — print not yet detected
  BGSI: pack day — print not yet detected
  NMG: pack day — print not yet detected
  0027.HK: pack day — print not yet detected
[gauntlet] STUB: AMC print — holding detection until 16:00 ET (now 09:23 ET)
  STUB: pack day — print not yet detected
[mailer] email failed: Connection unexpectedly closed: [Errno 60] Operation timed out
  GLXY: pack day — print not yet detected
  WIE.VIE: pack day — print not yet detected
[-> gauntlet_flags.json  (13 pack events today)]
[band_watch] 294/296 bands priced, none touched
[hormuz_watch] quiet: {'ok': True, 'last': '2026-08-09', 'lag_days': 3, 'avg7': 4.4, 'ratio': 0.05, 'days_ge_50pct': 0}
[season_watch] quiet (no active Atlantic hurricane; ONON check not due/clean)
[squeeze_watch] quiet | {"ASTS": {"mean20": 0.515, "recent": [0.488, 0.537], "covering": false, "last": "2026-07-02"}, "LUNR": {"mean20": 0.492, "recent": [0.351, 0.278], "covering": true, "last": "2026-07-02"}, "BKSY": {"mean20": 0.497, "recent": [0.554, 0.428], "covering": false, "last": "2026-07-02"}}
[gauntlet_book] rendered -> gauntlet.html
  GCT: pack day — print not yet detected
  AAWH: pack day — print not yet detected
  HUBS-TRIM: pack day — print not yet detected
  BAVA-EXITREV: pack day — print not yet detected
[gauntlet] 043370.KQ-REVIEW: AMC print — holding detection until 16:00 ET (now 10:45 ET)
  043370.KQ-REVIEW: pack day — print not yet detected
  NNE: pack day — print not yet detected
  UPB: pack day — print not yet detected
  BGSI: pack day — print not yet detected
  NMG: pack day — print not yet detected
  0027.HK: pack day — print not yet detected
[gauntlet] STUB: AMC print — holding detection until 16:00 ET (now 10:45 ET)
  STUB: pack day — print not yet detected
  GLXY: pack day — print not yet detected
  WIE.VIE: pack day — print not yet detected
[-> gauntlet_flags.json  (13 pack events today)]
[band_watch] 294/296 bands priced, none touched
[hormuz_watch] quiet: {'ok': True, 'last': '2026-08-09', 'lag_days': 4, 'avg7': 4.4, 'ratio': 0.05, 'days_ge_50pct': 0}
[season_watch] quiet (no active Atlantic hurricane; ONON check not due/clean)
[squeeze_watch] quiet | {"ASTS": {"mean20": 0.515, "recent": [0.488, 0.537], "covering": false, "last": "2026-07-02"}, "LUNR": {"mean20": 0.492, "recent": [0.351, 0.278], "covering": true, "last": "2026-07-02"}, "BKSY": {"mean20": 0.497, "recent": [0.554, 0.428], "covering": false, "last": "2026-07-02"}}
[gauntlet_book] rendered -> gauntlet.html
  COSMECCA-STK: pack day — print not yet detected
  COSMECCA: pack day — print not yet detected
  003550.KS: pack day — print not yet detected
  BTBT: pack day — print not yet detected
  FIGR: PRINT LANDED
  QFIN: pack day — print not yet detected
  ARX: PRINT LANDED
  MSC: pack day — print not yet detected
  MLCO: pack day — print not yet detected
  AIRO: PRINT LANDED
[gauntlet] INV: AMC print — holding detection until 16:00 ET (now 09:19 ET)
  INV: pack day — print not yet detected
[-> gauntlet_flags.json  (11 pack events today)]
[band_watch] 294/296 bands priced, none touched
[hormuz_watch] quiet: {'ok': True, 'last': '2026-08-09', 'lag_days': 4, 'avg7': 4.4, 'ratio': 0.05, 'days_ge_50pct': 0}
[season_watch] quiet (no active Atlantic hurricane; ONON check not due/clean)
[squeeze_watch] quiet | {"ASTS": {"mean20": 0.515, "recent": [0.488, 0.537], "covering": false, "last": "2026-07-02"}, "LUNR": {"mean20": 0.492, "recent": [0.351, 0.278], "covering": true, "last": "2026-07-02"}, "BKSY": {"mean20": 0.497, "recent": [0.554, 0.428], "covering": false, "last": "2026-07-02"}}
[gauntlet_book] rendered -> gauntlet.html
  COSMECCA-STK: pack day — print not yet detected
  COSMECCA: pack day — print not yet detected
  003550.KS: pack day — print not yet detected
  BTBT: PRINT LANDED
  FIGR: PRINT LANDED
  QFIN: pack day — print not yet detected
  ARX: PRINT LANDED
  MSC: pack day — print not yet detected
  MLCO: pack day — print not yet detected
  AIRO: PRINT LANDED
[gauntlet] INV: AMC print — holding detection until 16:00 ET (now 10:45 ET)
  INV: pack day — print not yet detected
[-> gauntlet_flags.json  (11 pack events today)]
[band_watch] order-coverage LIVE from blotter: 30 names
[band_watch] 522/528 bands priced, none touched
[hormuz_watch] quiet: {'ok': True, 'last': '2026-09-06', 'lag_days': 5, 'avg7': 3.1, 'ratio': 0.04, 'days_ge_50pct': 0}
[season_watch] quiet (no active Atlantic hurricane; ONON check not due/clean)
[squeeze_watch] quiet | {"ASTS": {"mean20": 0.515, "recent": [0.488, 0.537], "covering": false, "last": "2026-07-02"}, "LUNR": {"mean20": 0.492, "recent": [0.351, 0.278], "covering": true, "last": "2026-07-02"}, "BKSY": {"mean20": 0.497, "recent": [0.554, 0.428], "covering": false, "last": "2026-07-02"}}
[gauntlet_book] rendered -> gauntlet.html
  PL: pack day — print not yet detected
  NB-10K: pack day — print not yet detected
  COO: pack day — print not yet detected
  GIII: pack day — print not yet detected
  HOFT: PRINT LANDED
[-> gauntlet_flags.json  (5 pack events today)]
[band_watch] order-coverage LIVE from blotter: 30 names
[band_watch] court-on-touch enqueued: 1
[band_watch] FIRE: CVV low 4.56 <= band 6.00 (last 4.61, touch) — WATCH band touched; review the record before staging
[band_watch] FIRE: ASPI low 3.35 <= band 3.51 (last 3.36, touch) — WATCH band touched; review the record before staging
[band_watch] FIRE: WYNN low 86.96 <= band 88.00 (last 87.11, touch) — WATCH band touched; review the record before staging
[band_watch] FIRE: KTOS low 45.47 <= band 46.00 (last 45.67, touch) — WATCH band touched; review the record before staging
[hormuz_watch] quiet: {'ok': True, 'last': '2026-09-06', 'lag_days': 5, 'avg7': 3.1, 'ratio': 0.04, 'days_ge_50pct': 0}
[season_watch] quiet (no active Atlantic hurricane; ONON check not due/clean)
[squeeze_watch] quiet | {"ASTS": {"mean20": 0.515, "recent": [0.488, 0.537], "covering": false, "last": "2026-07-02"}, "LUNR": {"mean20": 0.492, "recent": [0.351, 0.278], "covering": true, "last": "2026-07-02"}, "BKSY": {"mean20": 0.497, "recent": [0.554, 0.428], "covering": false, "last": "2026-07-02"}}
[gauntlet_book] rendered -> gauntlet.html
  PL: pack day — print not yet detected
  NB-10K: pack day — print not yet detected
  COO: pack day — print not yet detected
  GIII: pack day — print not yet detected
  HOFT: PRINT LANDED
[-> gauntlet_flags.json  (5 pack events today)]
