Morning adjudication complete. All five frozen calls graded from primary sources, verdicts written, scanners re-run, notification sent. No orders placed.

## Verdicts (desk/data/gauntlet_verdicts.json)

**BAH — UNFAVORABLE ×2, harvest branch fires.** The Q1 FY27 8-K re-segmented reporting, so Civil-specific book-to-bill is no longer published — but the crisp facts all point one way: Civil & Commercial revenue fell 16.4% YoY ($772M vs $923M) and the release headlines "Civil remains challenged." Both frozen calls resolved UNFAVORABLE: the 0.45 Civil-stabilization call (Brier 0.203) and the 0.37 inline/no-trough call (Brier 0.137 — the print was *better* than inline: total b2b 1.5x vs the predicted soft 0.9–1.0x, funded backlog +15%, adj EPS +22%). The pre-committed branch is HARVEST + exit: staged **SELL 49.98 sh, floor $64, DAY** — sell into the print pop, ~-17% loss vs the 80.06 avg, clean of wash-sale surface.

**Woori 316140 — FAVORABLE (0.58 → Brier 0.176).** All three affirm legs passed: CET1 above 13% and anchored (CFO on the call commits to mid-to-high 13% even absorbing Tongyang, whose full-subsidiary approval published the same day); the board resolved an *additional* ₩150bn H2 buyback+cancellation (2026 total ₩350bn); H1 net ₩1.609tn = +3.7% YoY with Q2 the second-best quarter ever, credit cost improving. HIT branch pre-authorizes scaling: staged **BUY 150 WF, cap $63.50, DAY** (takes the 90-sh starter to ~$15k; verify live price — KOSPI tape is risk-off).

**NDLS — FAVORABLE (0.70 → Brier 0.090), no order.** System comp +10.3% vs the +7% bar, guidance raised, Q3 QTD ~+10%. Stays WATCH: the refi binary is still open ($105.4M debt vs $1.3M cash, Jul-2027 maturity) and the $11–11.5 band is unfilled.

**VOW3.DE — FAVORABLE (0.60 → Brier 0.160), mechanical.** No H2 production-cut or destock flag — VW guides an *improved* H2 margin, Europe order bank +12%, WE deliveries +1.3%. The FY26 revenue-guide cut (to -3/0%) is China-driven (-31.6%), exactly the channel the call separated from build rates. Applied +0.02 to the AMV0 refined p — and found ALV's Jul-17 +0.02 was never recorded, so AMV0.DE.json now shows 0.70 → **0.74** with both deltas logged (0.06 cap headroom).

## Loose ends surfaced

- **FR.PA (Valeo) printed Jul-23 and is still ungraded** — it's the ±0.03 AMV0 bellwether leg; grade it before applying further peer deltas.
- **WF-STK (0.52) and BAH-STK (0.55) reaction calls resolve ~Jul-31** — left OPEN by design. BAH-STK's "positive surprise room" read looks right, which makes harvesting *into* the pop the right execution.
- The sentinel had `print_detected: false` for both VW and Woori (VW is EDGAR-blind, Woori's 6-K lags) — both verified from primary/concall sources anyway.
- `catalyst_mispricing` and `consistency_check` both re-ran clean; the consistency output lists ~18 open calls within 30 days still lacking resolution packs (pre-existing backlog, not from today). Dashboard `/api/everything` verification needs the UI server — left for the interactive session alongside order execution.

ntfy pushed to the gauntlet topic with verdicts + order params. Nothing was placed or staged at the broker.
The consistency check is still running in the background (it's a long sweep). Everything else is done — verdicts written, ledger graded, mispricing scanner re-run, ntfy sent. I'll post the full adjudication summary as soon as the consistency check completes.
The consistency check is mid-scan (it walks the whole book through yfinance, so it takes several minutes; the delisted-symbol noise is its normal chatter for synthetic sleeve tickers). Everything else in the adjudication is done — I'll post the full wrap-up as soon as the background run completes.
The morning adjudication is essentially complete — the consistency check is still crunching prices in the background and I'll report it when it exits. Interim summary of what's done:

**LDOS — HIT (frozen 0.5, Brier 0.25).** All three hardened-gate legs passed in the Q2 8-K: organic revenue +3.9% vs the 2% bar, Health OI $254M vs the $250M bar (only ~$4M of headroom, on −8% revenue from lower medical-exam volumes), and the FY guide was *raised*, not just held (EPS $12.20–12.50, revenue $18.2–18.4B). Branch: build to the 1.0% cap — order params written for the interactive session: **BUY 47 sh, GTC, limit at/below print-day level, chase-cap $118**. The Oct-15 USASpending kill-bar and Nov Oracle tripwire remain live.

**IT (Gartner) — IT-OPS MISS (frozen 0.48, Brier 0.2304), branch (b) HOLD, no trade.** GTS wallet retention printed 97, flat sequentially and short of the ≥98 bar; but CV FX-neutral was +1.7% YoY, commercial GTS still grew mid-single-digit with the decline concentrated in federal, and no substitution language appeared — so the exit branch does not fire. Tranche-1 holds, re-gate at Q3.

Ledger graded (both rows appended, frozen predictions untouched), `gauntlet_verdicts.json` written, catalyst_mispricing ran clean, and the ntfy notification went out (HTTP 200). Reaction legs (LDOS-STK, IT-STK) resolve Aug-11; PRCT is AMC tonight, RIGL/SU/HRTG haven't printed.
The consistency check is still running (output buffered, likely working through live quote fetches for the book). Everything else in the adjudication is complete — I'll finalize the summary once it lands.
Adjudication work is done and recorded; the `consistency_check` module is still running in the background (moved there after exceeding the 120s foreground timeout). When it completes I'll review its output and send the ntfy notification.

Status so far:
- **MMS: MISS** — FQ3 signed awards were ~$337M ($1.25B fiscal-YTD minus $913M prior-quarter base) vs the $1.3B gate. No entry, NO-GO kept. The frozen p=0.40 graded well (Brier 0.16). Notable tell: awarded-but-unsigned contracts jumped $322M → $1.35B.
- **FOUR: MISS** — the quarter beat both numeric bars (GRLNF $624M, adj EBITDA $284M) but the FY26 guide was cut ~200bps at the midpoint (Middle East travel + FX), failing the conjunction. The 0.62 BULLISH call graded UNFAVORABLE (Brier 0.384). Date-mismatch branch closed — the 8-K primary-confirms Aug-6. Two redate-churn duplicate ledger rows voided as DEDUP.
- `gauntlet_verdicts.json` written (no orders implied by either branch), ledger backed up and graded, `catalyst_mispricing` ran clean.
Adjudication complete; consistency_check is still finishing in the background (it re-runs a large price sweep) and I'll confirm its result when it exits. Here is the morning's outcome:

## Gauntlet 08-07: 2 prints detected, both graded MISS, no orders

**WEN — MISS (UNFAVORABLE, Brier 0.203 on the frozen p=0.45 NEUTRAL call).** Read directly from the 8-K exhibit (acc 0001193125-26-339132). The favorable half of the print happened — adjusted EPS of $0.18 beat the low-$0.10s consensus, and US same-store sales of −7.0% improved sequentially from Q1's −7.8% — but the pack's decisive coupling failed on three of four legs: SSS ran worse than the company's own guided mid-single-digit decline, the FY26 outlook was **withdrawn** entirely, and the dividend was **cut** to $0.07/quarter ($0.28 annualized). New CEO Bob Wright is resetting for a turnaround and Trian's 13D/A remains in the risk factors. The branch implies no order; watch-only stays watch-only, and the "wait for two quarters of positive traffic before the dividend matters" framing is now moot since the dividend itself was cut.

**MBGL — MISS on the "guide cut/withdrawn" branch (UNFAVORABLE, Brier 0.303 on the frozen p=0.55 reaffirm call).** Read directly from the 8-K exhibit (acc 0002090312-26-000013). CARFAX revenue grew 8.0% ($312M vs $289M), clearing the 6.5% floor — but the gate's conditions were conjunctive, and condition 1 failed: the 12-May 7.5–9% FY26 organic constant-currency guide was **not reaffirmed** at the first standalone print. It was replaced with a new $1,870–1,885M band (6.9–7.7% growth) "to reflect first half results" — H1 ran +7%, below the old low end, and the midpoint dropped ~95bps. Per the blue-team-adjudicated pack: **PASS hardens, the gate is removed**, and the 0.75%/0.5% starter envelopes never stage. The CARS OEM condition was only a sizing modifier for the entry branches, so it's moot; stand-up costs ran $36M in Q2 / $57M H1 with no >$100M full-year quantification, so that override didn't fire either.

**Everything else in today's flags had no detected print**: SILICON2, 8750.T, ACEL, TCNNF, FNF-ADOPTERNULL, ELV, 6804.T, and 6626.T print or file later; EC and IVN are POLITICAL/MACRO fuzzy events (escalate-on-substance per the CIB rule — no forced grade, ledger rows untouched); 8750.T-STK needs the close five trading days after a print that hasn't landed; the FNF/HBB/MCK reviews and four exit-band re-derives are interactive-session ops items.

Completed: both calibration ledger rows resolved via `desk.calibration resolve` with premise-level notes (no frozen predictions touched), `gauntlet_verdicts.json` written with both branches and null order_params, `catalyst_mispricing` re-run cleanly (FIRE list unchanged: 028260.KS, FOUR, MC.PA — none from today's verdicts), and the ntfy notification delivered (HTTP 200). No orders were placed or staged, per headless doctrine — the interactive session executes from `desk/data/gauntlet_verdicts.json`.
You've hit your weekly limit · resets 6pm (America/Vancouver)
Done. Zero orders implied today. Summary for the interactive session:

**Verdicts written to `desk/data/gauntlet_verdicts.json`** and the ntfy notification landed on the topic (confirmed by polling it).

- **HOFT: AVOID with basis.** Hooker Branded gross margin printed 39.6%, but $2.5M of that is a one-time IEEPA tariff refund booked against cost of sales. Ex-refund the segment earned 32.3%, below the court's 35% bar and a 710bp giveback of the 960bp Q1 gain, which is the court's named AVOID trigger. Backlog rose 6%, the dividend was held at $0.115, cash is $18.7M with no debt. Only the 8-K filed. No 10-Q yet, so the reopen branch's Section 232 leg is unreachable until about 9/15. The mandatory 48-hour re-court is due 9/13. There was no frozen probability for HOFT in the ledger, so nothing was graded. Caveat recorded: on the reported number the trigger would not fire and the state would be "mixed."
- **PL: MISS, frozen 0.40 call graded UNFAVORABLE.** The 10-Q shows ATM sales of $122.4M gross, under the $150M bar. Brier 0.16, a near-coin that leaned right. The MISS branch makes re-entry courtable, and the enterprise value is roughly 12x the revenue run-rate, under the 15x condition. That is a re-court owed, not an order. Guidance was not verified because the 8-K exhibit returned 404.
- **GIII: CLEAN.** The pack's "$5,966K financing charge" is actually interest income, mostly $4.2M of statutory interest on $129.7M of IEEPA refunds. No ABL borrowings at July 31 and $529M of cash before the September 1 Marc Jacobs close. The post-deal draw is not disclosed and is owed at the Q3 10-Q.
- **COO: ESCALATE.** The 10-Q landed 9/9 but the pack has no numeric bar. **NB: PENDING.** No 10-K on EDGAR; re-date to 9/28.

**Machinery findings that need a human:**

- The sentinel flagged only HOFT. PL, GIII and COO all filed before their pack dates and were missed, the same recall class as August 18.
- `desk/consistency_check.py` had been crashing silently on every run since August 26 because four checks were appended below the main guard. I moved the guard to the end of the file. The change is uncommitted. Its first working output flags PEO.WA resting orders into a 9/14 print, GIII as a real position with no HELD ledger row, and the 9/4 band touches still undispositioned in the ledger.

Files changed: the verdicts file, the calibration ledger (PL row only), the consistency_check fix, plus three throwaway fetch scripts under `desk/` and four primary-document extracts under `desk/data/court_artifacts/`.
