
===== 2026-07-30 16:30 (desk) =====
[ai_capex_watch] 2026-07-30: signal=INSUFFICIENT_HISTORY | earnings due: AMZN
  5 complete quarters accumulated; need 6 for an accel pair (series self-extends each quarter)

/Users/ajay/Library/Python/3.9/lib/python/site-packages/urllib3/__init__.py:35: NotOpenSSLWarning: urllib3 v2 only supports OpenSSL 1.1.1+, currently the 'ssl' module is compiled with 'LibreSSL 2.8.3'. See: https://github.com/urllib3/urllib3/issues/3020
  warnings.warn(

===== 2026-07-31 16:30 (desk) =====
[ai_capex_watch] 2026-07-31: signal=INSUFFICIENT_HISTORY | 2 new quarters
  MSFT: NEW quarter 2026-06-30 capex $35.8B
  META: NEW quarter 2026-06-30 capex $30.12B
  5 complete quarters accumulated; need 6 for an accel pair (series self-extends each quarter)

/Users/ajay/Library/Python/3.9/lib/python/site-packages/urllib3/__init__.py:35: NotOpenSSLWarning: urllib3 v2 only supports OpenSSL 1.1.1+, currently the 'ssl' module is compiled with 'LibreSSL 2.8.3'. See: https://github.com/urllib3/urllib3/issues/3020
  warnings.warn(

===== 2026-08-03 00:30 (desk) =====
[ai_capex_watch] 2026-08-03: signal=INSUFFICIENT_HISTORY
  5 complete quarters accumulated; need 6 for an accel pair (series self-extends each quarter)

/Users/ajay/Library/Python/3.9/lib/python/site-packages/urllib3/__init__.py:35: NotOpenSSLWarning: urllib3 v2 only supports OpenSSL 1.1.1+, currently the 'ssl' module is compiled with 'LibreSSL 2.8.3'. See: https://github.com/urllib3/urllib3/issues/3020
  warnings.warn(

===== 2026-08-04 00:30 (desk) =====
[ai_capex_watch] 2026-08-04: signal=INSUFFICIENT_HISTORY
  5 complete quarters accumulated; need 6 for an accel pair (series self-extends each quarter)

/Users/ajay/Library/Python/3.9/lib/python/site-packages/urllib3/__init__.py:35: NotOpenSSLWarning: urllib3 v2 only supports OpenSSL 1.1.1+, currently the 'ssl' module is compiled with 'LibreSSL 2.8.3'. See: https://github.com/urllib3/urllib3/issues/3020
  warnings.warn(

===== 2026-08-05 00:30 (desk) =====
[ai_capex_watch] 2026-08-05: signal=INSUFFICIENT_HISTORY
  5 complete quarters accumulated; need 6 for an accel pair (series self-extends each quarter)

/Users/ajay/Library/Python/3.9/lib/python/site-packages/urllib3/__init__.py:35: NotOpenSSLWarning: urllib3 v2 only supports OpenSSL 1.1.1+, currently the 'ssl' module is compiled with 'LibreSSL 2.8.3'. See: https://github.com/urllib3/urllib3/issues/3020
  warnings.warn(

===== 2026-08-06 00:30 (desk) =====
[ai_capex_watch] 2026-08-06: signal=INSUFFICIENT_HISTORY
  5 complete quarters accumulated; need 6 for an accel pair (series self-extends each quarter)

/Users/ajay/Library/Python/3.9/lib/python/site-packages/urllib3/__init__.py:35: NotOpenSSLWarning: urllib3 v2 only supports OpenSSL 1.1.1+, currently the 'ssl' module is compiled with 'LibreSSL 2.8.3'. See: https://github.com/urllib3/urllib3/issues/3020
  warnings.warn(

===== 2026-08-07 00:30 (desk) =====
[ai_capex_watch] 2026-08-07: signal=INSUFFICIENT_HISTORY
  5 complete quarters accumulated; need 6 for an accel pair (series self-extends each quarter)

/Users/ajay/Library/Python/3.9/lib/python/site-packages/urllib3/__init__.py:35: NotOpenSSLWarning: urllib3 v2 only supports OpenSSL 1.1.1+, currently the 'ssl' module is compiled with 'LibreSSL 2.8.3'. See: https://github.com/urllib3/urllib3/issues/3020
  warnings.warn(

===== 2026-08-10 00:30 (desk) =====
[ai_capex_watch] 2026-08-10: signal=INSUFFICIENT_HISTORY
  5 complete quarters accumulated; need 6 for an accel pair (series self-extends each quarter)

/Users/ajay/Library/Python/3.9/lib/python/site-packages/urllib3/__init__.py:35: NotOpenSSLWarning: urllib3 v2 only supports OpenSSL 1.1.1+, currently the 'ssl' module is compiled with 'LibreSSL 2.8.3'. See: https://github.com/urllib3/urllib3/issues/3020
  warnings.warn(

===== 2026-08-11 00:30 (desk) =====
[ai_capex_watch] 2026-08-11: signal=INSUFFICIENT_HISTORY
  5 complete quarters accumulated; need 6 for an accel pair (series self-extends each quarter)

/Users/ajay/Library/Python/3.9/lib/python/site-packages/urllib3/__init__.py:35: NotOpenSSLWarning: urllib3 v2 only supports OpenSSL 1.1.1+, currently the 'ssl' module is compiled with 'LibreSSL 2.8.3'. See: https://github.com/urllib3/urllib3/issues/3020
  warnings.warn(

===== 2026-08-12 07:30 (desk) =====
[ai_capex_watch] 2026-08-12: signal=INSUFFICIENT_HISTORY
  5 complete quarters accumulated; need 6 for an accel pair (series self-extends each quarter)

/Users/ajay/Library/Python/3.9/lib/python/site-packages/urllib3/__init__.py:35: NotOpenSSLWarning: urllib3 v2 only supports OpenSSL 1.1.1+, currently the 'ssl' module is compiled with 'LibreSSL 2.8.3'. See: https://github.com/urllib3/urllib3/issues/3020
  warnings.warn(

===== 2026-08-13 08:39 (desk) =====
[ai_capex_watch] 2026-08-13: signal=INSUFFICIENT_HISTORY
  5 complete quarters accumulated; need 6 for an accel pair (series self-extends each quarter)

/Users/ajay/Library/Python/3.9/lib/python/site-packages/urllib3/__init__.py:35: NotOpenSSLWarning: urllib3 v2 only supports OpenSSL 1.1.1+, currently the 'ssl' module is compiled with 'LibreSSL 2.8.3'. See: https://github.com/urllib3/urllib3/issues/3020
  warnings.warn(

===== 2026-08-14 09:36 (desk) =====
[ai_capex_watch] 2026-08-14: signal=INSUFFICIENT_HISTORY
  5 complete quarters accumulated; need 6 for an accel pair (series self-extends each quarter)

/Users/ajay/Library/Python/3.9/lib/python/site-packages/urllib3/__init__.py:35: NotOpenSSLWarning: urllib3 v2 only supports OpenSSL 1.1.1+, currently the 'ssl' module is compiled with 'LibreSSL 2.8.3'. See: https://github.com/urllib3/urllib3/issues/3020
  warnings.warn(

===== 2026-08-17 08:30 (desk) =====
[ai_capex_watch] 2026-08-17: signal=INSUFFICIENT_HISTORY
  5 complete quarters accumulated; need 6 for an accel pair (series self-extends each quarter)

/Users/ajay/Library/Python/3.9/lib/python/site-packages/urllib3/__init__.py:35: NotOpenSSLWarning: urllib3 v2 only supports OpenSSL 1.1.1+, currently the 'ssl' module is compiled with 'LibreSSL 2.8.3'. See: https://github.com/urllib3/urllib3/issues/3020
  warnings.warn(

===== 2026-08-18 08:30 (desk) =====
[ai_capex_watch] 2026-08-18: signal=INSUFFICIENT_HISTORY
  5 complete quarters accumulated; need 6 for an accel pair (series self-extends each quarter)

/Users/ajay/Library/Python/3.9/lib/python/site-packages/urllib3/__init__.py:35: NotOpenSSLWarning: urllib3 v2 only supports OpenSSL 1.1.1+, currently the 'ssl' module is compiled with 'LibreSSL 2.8.3'. See: https://github.com/urllib3/urllib3/issues/3020
  warnings.warn(

===== 2026-08-19 08:30 (desk) =====
[ai_capex_watch] 2026-08-19: signal=INSUFFICIENT_HISTORY
  5 complete quarters accumulated; need 6 for an accel pair (series self-extends each quarter)

/Users/ajay/Library/Python/3.9/lib/python/site-packages/urllib3/__init__.py:35: NotOpenSSLWarning: urllib3 v2 only supports OpenSSL 1.1.1+, currently the 'ssl' module is compiled with 'LibreSSL 2.8.3'. See: https://github.com/urllib3/urllib3/issues/3020
  warnings.warn(

===== 2026-08-20 08:30 (desk) =====
[ai_capex_watch] 2026-08-20: signal=INSUFFICIENT_HISTORY
  5 complete quarters accumulated; need 6 for an accel pair (series self-extends each quarter)

/Users/ajay/Library/Python/3.9/lib/python/site-packages/urllib3/__init__.py:35: NotOpenSSLWarning: urllib3 v2 only supports OpenSSL 1.1.1+, currently the 'ssl' module is compiled with 'LibreSSL 2.8.3'. See: https://github.com/urllib3/urllib3/issues/3020
  warnings.warn(

===== 2026-08-21 08:30 (desk) =====
[ai_capex_watch] 2026-08-21: signal=INSUFFICIENT_HISTORY
  5 complete quarters accumulated; need 6 for an accel pair (series self-extends each quarter)

/Users/ajay/Library/Python/3.9/lib/python/site-packages/urllib3/__init__.py:35: NotOpenSSLWarning: urllib3 v2 only supports OpenSSL 1.1.1+, currently the 'ssl' module is compiled with 'LibreSSL 2.8.3'. See: https://github.com/urllib3/urllib3/issues/3020
  warnings.warn(

===== 2026-08-24 01:30 (desk) =====
[ai_capex_watch] 2026-08-24: signal=INSUFFICIENT_HISTORY
  5 complete quarters accumulated; need 6 for an accel pair (series self-extends each quarter)

/Users/ajay/Library/Python/3.9/lib/python/site-packages/urllib3/__init__.py:35: NotOpenSSLWarning: urllib3 v2 only supports OpenSSL 1.1.1+, currently the 'ssl' module is compiled with 'LibreSSL 2.8.3'. See: https://github.com/urllib3/urllib3/issues/3020
  warnings.warn(

===== 2026-08-25 01:30 (desk) =====
[ai_capex_watch] 2026-08-25: signal=INSUFFICIENT_HISTORY
  5 complete quarters accumulated; need 6 for an accel pair (series self-extends each quarter)

/Users/ajay/Library/Python/3.9/lib/python/site-packages/urllib3/__init__.py:35: NotOpenSSLWarning: urllib3 v2 only supports OpenSSL 1.1.1+, currently the 'ssl' module is compiled with 'LibreSSL 2.8.3'. See: https://github.com/urllib3/urllib3/issues/3020
  warnings.warn(

===== 2026-08-26 01:30 (desk) =====
[ai_capex_watch] 2026-08-26: signal=INSUFFICIENT_HISTORY
  5 complete quarters accumulated; need 6 for an accel pair (series self-extends each quarter)

/Users/ajay/Library/Python/3.9/lib/python/site-packages/urllib3/__init__.py:35: NotOpenSSLWarning: urllib3 v2 only supports OpenSSL 1.1.1+, currently the 'ssl' module is compiled with 'LibreSSL 2.8.3'. See: https://github.com/urllib3/urllib3/issues/3020
  warnings.warn(

===== 2026-08-27 01:30 (desk) =====
[ai_capex_watch] 2026-08-27: signal=INSUFFICIENT_HISTORY
  5 complete quarters accumulated; need 6 for an accel pair (series self-extends each quarter)

/Users/ajay/Library/Python/3.9/lib/python/site-packages/urllib3/__init__.py:35: NotOpenSSLWarning: urllib3 v2 only supports OpenSSL 1.1.1+, currently the 'ssl' module is compiled with 'LibreSSL 2.8.3'. See: https://github.com/urllib3/urllib3/issues/3020
  warnings.warn(

===== 2026-08-28 01:30 (desk) =====
[ai_capex_watch] 2026-08-28: signal=INSUFFICIENT_HISTORY
  5 complete quarters accumulated; need 6 for an accel pair (series self-extends each quarter)

/Users/ajay/Library/Python/3.9/lib/python/site-packages/urllib3/__init__.py:35: NotOpenSSLWarning: urllib3 v2 only supports OpenSSL 1.1.1+, currently the 'ssl' module is compiled with 'LibreSSL 2.8.3'. See: https://github.com/urllib3/urllib3/issues/3020
  warnings.warn(

===== 2026-08-31 00:30 (desk) =====
[ai_capex_watch] 2026-08-31: signal=INSUFFICIENT_HISTORY
  5 complete quarters accumulated; need 6 for an accel pair (series self-extends each quarter)

/Users/ajay/Library/Python/3.9/lib/python/site-packages/urllib3/__init__.py:35: NotOpenSSLWarning: urllib3 v2 only supports OpenSSL 1.1.1+, currently the 'ssl' module is compiled with 'LibreSSL 2.8.3'. See: https://github.com/urllib3/urllib3/issues/3020
  warnings.warn(

===== 2026-09-01 00:30 (desk) =====
[ai_capex_watch] 2026-09-01: signal=INSUFFICIENT_HISTORY
  5 complete quarters accumulated; need 6 for an accel pair (series self-extends each quarter)

/Users/ajay/Library/Python/3.9/lib/python/site-packages/urllib3/__init__.py:35: NotOpenSSLWarning: urllib3 v2 only supports OpenSSL 1.1.1+, currently the 'ssl' module is compiled with 'LibreSSL 2.8.3'. See: https://github.com/urllib3/urllib3/issues/3020
  warnings.warn(

===== 2026-09-02 00:30 (desk) =====
[ai_capex_watch] 2026-09-02: signal=INSUFFICIENT_HISTORY | 0 new quarters
  MSFT: no capex row
  GOOGL: no capex row
  AMZN: no capex row
  META: no capex row
  ORCL: no capex row
  5 complete quarters accumulated; need 6 for an accel pair (series self-extends each quarter)

/Users/ajay/Library/Python/3.9/lib/python/site-packages/urllib3/__init__.py:35: NotOpenSSLWarning: urllib3 v2 only supports OpenSSL 1.1.1+, currently the 'ssl' module is compiled with 'LibreSSL 2.8.3'. See: https://github.com/urllib3/urllib3/issues/3020
  warnings.warn(

===== 2026-09-03 00:30 (desk) =====
[ai_capex_watch] 2026-09-03: signal=INSUFFICIENT_HISTORY
  5 complete quarters accumulated; need 6 for an accel pair (series self-extends each quarter)

/Users/ajay/Library/Python/3.9/lib/python/site-packages/urllib3/__init__.py:35: NotOpenSSLWarning: urllib3 v2 only supports OpenSSL 1.1.1+, currently the 'ssl' module is compiled with 'LibreSSL 2.8.3'. See: https://github.com/urllib3/urllib3/issues/3020
  warnings.warn(

===== 2026-09-04 00:30 (desk) =====
[ai_capex_watch] 2026-09-04: signal=INSUFFICIENT_HISTORY
  5 complete quarters accumulated; need 6 for an accel pair (series self-extends each quarter)

/Users/ajay/Library/Python/3.9/lib/python/site-packages/urllib3/__init__.py:35: NotOpenSSLWarning: urllib3 v2 only supports OpenSSL 1.1.1+, currently the 'ssl' module is compiled with 'LibreSSL 2.8.3'. See: https://github.com/urllib3/urllib3/issues/3020
  warnings.warn(

===== 2026-09-07 00:30 (desk) =====
[ai_capex_watch] 2026-09-07: signal=INSUFFICIENT_HISTORY
  5 complete quarters accumulated; need 6 for an accel pair (series self-extends each quarter)

/Users/ajay/Library/Python/3.9/lib/python/site-packages/urllib3/__init__.py:35: NotOpenSSLWarning: urllib3 v2 only supports OpenSSL 1.1.1+, currently the 'ssl' module is compiled with 'LibreSSL 2.8.3'. See: https://github.com/urllib3/urllib3/issues/3020
  warnings.warn(

===== 2026-09-11 00:30 (desk) =====
[ai_capex_watch] 2026-09-11: signal=INSUFFICIENT_HISTORY | 0 new quarters
  MSFT: no capex row
  GOOGL: no capex row
  5 complete quarters accumulated; need 6 for an accel pair (series self-extends each quarter)

/Users/ajay/Library/Python/3.9/lib/python/site-packages/urllib3/__init__.py:35: NotOpenSSLWarning: urllib3 v2 only supports OpenSSL 1.1.1+, currently the 'ssl' module is compiled with 'LibreSSL 2.8.3'. See: https://github.com/urllib3/urllib3/issues/3020
  warnings.warn(
