
===== 2026-07-29 01:33 (desk) =====
[bank_callreport] 2026-07-29T01:33:58
  WAL (cert 57512): no new call report; latest = 20260331
    {"repdte": "20260331", "uninsured_pct": 36.48, "insured_musd": 58663.1, "deposits_musd": 83216.8, "nco_ann_pct": 1.33, "noncurrent_pct_TREND_ONLY": 2.82, "brokered_pct": 18.02}
    prior: {"repdte": "20251231", "uninsured_pct": 35.59, "insured_musd": 54355.0, "deposits_musd": 77639.4, "nco_ann_pct": 0.29, "noncurrent_pct_TREND_ONLY": 2.41, "brokered_pct": 19.01}
  FSBW (cert 57633): no new call report; latest = 20260331
    {"repdte": "20260331", "cd_conc_pct_rbc": 102.92, "retail_dep_musd": 2330.6, "brokered_pct": 12.32, "acl_pct_loans": 1.21, "nco_ann_pct": 0.32, "noncurrent_pct": 0.67}
    prior: {"repdte": "20251231", "cd_conc_pct_rbc": 102.98, "retail_dep_musd": 2328.8, "brokered_pct": 13.47, "acl_pct_loans": 1.2, "nco_ann_pct": 0.3, "noncurrent_pct": 0.69}
  no kill bars tripped on the latest call reports
  unserved fields (named): reciprocal CDARS/ICS balances (DEPINS = insured-total proxy); holdco nonaccrual/HFI + TCE (bank-level data only); per-loan construction charge-off attribution (8-K only)


===== 2026-08-05 02:50 (desk) =====
[bank_callreport] 2026-08-05T02:50:37
  WAL (cert 57512): no new call report; latest = 20260331
    {"repdte": "20260331", "uninsured_pct": 36.48, "insured_musd": 58663.1, "deposits_musd": 83216.8, "nco_ann_pct": 1.33, "noncurrent_pct_TREND_ONLY": 2.82, "brokered_pct": 18.02}
    prior: {"repdte": "20251231", "uninsured_pct": 35.59, "insured_musd": 54355.0, "deposits_musd": 77639.4, "nco_ann_pct": 0.29, "noncurrent_pct_TREND_ONLY": 2.41, "brokered_pct": 19.01}
  FSBW (cert 57633): no new call report; latest = 20260331
    {"repdte": "20260331", "cd_conc_pct_rbc": 102.92, "retail_dep_musd": 2330.6, "brokered_pct": 12.32, "acl_pct_loans": 1.21, "nco_ann_pct": 0.32, "noncurrent_pct": 0.67}
    prior: {"repdte": "20251231", "cd_conc_pct_rbc": 102.98, "retail_dep_musd": 2328.8, "brokered_pct": 13.47, "acl_pct_loans": 1.2, "nco_ann_pct": 0.3, "noncurrent_pct": 0.69}
  no kill bars tripped on the latest call reports
  unserved fields (named): reciprocal CDARS/ICS balances (DEPINS = insured-total proxy); holdco nonaccrual/HFI + TCE (bank-level data only); per-loan construction charge-off attribution (8-K only)


===== 2026-08-12 07:57 (desk) =====
[bank_callreport] 2026-08-12T07:57:41
  WAL (cert 57512): no new call report; latest = 20260331
    {"repdte": "20260331", "uninsured_pct": 36.48, "insured_musd": 58663.1, "deposits_musd": 83216.8, "nco_ann_pct": 1.33, "noncurrent_pct_TREND_ONLY": 2.82, "brokered_pct": 18.02}
    prior: {"repdte": "20251231", "uninsured_pct": 35.59, "insured_musd": 54355.0, "deposits_musd": 77639.4, "nco_ann_pct": 0.29, "noncurrent_pct_TREND_ONLY": 2.41, "brokered_pct": 19.01}
  FSBW (cert 57633): no new call report; latest = 20260331
    {"repdte": "20260331", "cd_conc_pct_rbc": 102.92, "retail_dep_musd": 2330.6, "brokered_pct": 12.32, "acl_pct_loans": 1.21, "nco_ann_pct": 0.32, "noncurrent_pct": 0.67}
    prior: {"repdte": "20251231", "cd_conc_pct_rbc": 102.98, "retail_dep_musd": 2328.8, "brokered_pct": 13.47, "acl_pct_loans": 1.2, "nco_ann_pct": 0.3, "noncurrent_pct": 0.69}
  no kill bars tripped on the latest call reports
  unserved fields (named): reciprocal CDARS/ICS balances (DEPINS = insured-total proxy); holdco nonaccrual/HFI + TCE (bank-level data only); per-loan construction charge-off attribution (8-K only)


===== 2026-08-19 08:30 (desk) =====
[bank_callreport] 2026-08-19T08:30:02
  WAL (cert 57512): no new call report; latest = 20260331
    {"repdte": "20260331", "uninsured_pct": 36.48, "insured_musd": 58663.1, "deposits_musd": 83216.8, "nco_ann_pct": 1.33, "noncurrent_pct_TREND_ONLY": 2.82, "brokered_pct": 18.02}
    prior: {"repdte": "20251231", "uninsured_pct": 35.59, "insured_musd": 54355.0, "deposits_musd": 77639.4, "nco_ann_pct": 0.29, "noncurrent_pct_TREND_ONLY": 2.41, "brokered_pct": 19.01}
  FSBW (cert 57633): no new call report; latest = 20260331
    {"repdte": "20260331", "cd_conc_pct_rbc": 102.92, "retail_dep_musd": 2330.6, "brokered_pct": 12.32, "acl_pct_loans": 1.21, "nco_ann_pct": 0.32, "noncurrent_pct": 0.67}
    prior: {"repdte": "20251231", "cd_conc_pct_rbc": 102.98, "retail_dep_musd": 2328.8, "brokered_pct": 13.47, "acl_pct_loans": 1.2, "nco_ann_pct": 0.3, "noncurrent_pct": 0.69}
  no kill bars tripped on the latest call reports
  unserved fields (named): reciprocal CDARS/ICS balances (DEPINS = insured-total proxy); holdco nonaccrual/HFI + TCE (bank-level data only); per-loan construction charge-off attribution (8-K only)


===== 2026-08-26 08:30 (desk) =====
[bank_callreport] 2026-08-26T08:30:00
  WAL (cert 57512): NEW QUARTER
    {"repdte": "20260630", "uninsured_pct": 38.09, "insured_musd": 57377.6, "deposits_musd": 82322.4, "nco_ann_pct": 0.34, "noncurrent_pct_TREND_ONLY": 2.82, "brokered_pct": 18.75}
    prior: {"repdte": "20260331", "uninsured_pct": 36.48, "insured_musd": 58663.1, "deposits_musd": 83216.8, "nco_ann_pct": 1.33, "noncurrent_pct_TREND_ONLY": 2.82, "brokered_pct": 18.02}
  FSBW (cert 57633): NEW QUARTER
    {"repdte": "20260630", "cd_conc_pct_rbc": 104.72, "retail_dep_musd": 2339.0, "brokered_pct": 5.13, "acl_pct_loans": 1.17, "nco_ann_pct": 0.58, "noncurrent_pct": 0.58}
    prior: {"repdte": "20260331", "cd_conc_pct_rbc": 102.92, "retail_dep_musd": 2330.6, "brokered_pct": 12.32, "acl_pct_loans": 1.21, "nco_ann_pct": 0.32, "noncurrent_pct": 0.67}
  FLAG WAL: uninsured RISING while insured (DEPINS proxy for reciprocal) SHRINKING — scar-reopen mix tell
  unserved fields (named): reciprocal CDARS/ICS balances (DEPINS = insured-total proxy); holdco nonaccrual/HFI + TCE (bank-level data only); per-loan construction charge-off attribution (8-K only)


===== 2026-09-02 08:30 (desk) =====
[bank_callreport] 2026-09-02T08:30:00
  WAL (cert 57512): no new call report; latest = 20260630
    {"repdte": "20260630", "uninsured_pct": 38.09, "insured_musd": 57377.6, "deposits_musd": 82322.4, "nco_ann_pct": 0.34, "noncurrent_pct_TREND_ONLY": 2.82, "brokered_pct": 18.75}
    prior: {"repdte": "20260331", "uninsured_pct": 36.48, "insured_musd": 58663.1, "deposits_musd": 83216.8, "nco_ann_pct": 1.33, "noncurrent_pct_TREND_ONLY": 2.82, "brokered_pct": 18.02}
  FSBW (cert 57633): no new call report; latest = 20260630
    {"repdte": "20260630", "cd_conc_pct_rbc": 104.72, "retail_dep_musd": 2339.0, "brokered_pct": 5.13, "acl_pct_loans": 1.17, "nco_ann_pct": 0.58, "noncurrent_pct": 0.58}
    prior: {"repdte": "20260331", "cd_conc_pct_rbc": 102.92, "retail_dep_musd": 2330.6, "brokered_pct": 12.32, "acl_pct_loans": 1.21, "nco_ann_pct": 0.32, "noncurrent_pct": 0.67}
  no kill bars tripped on the latest call reports
  unserved fields (named): reciprocal CDARS/ICS balances (DEPINS = insured-total proxy); holdco nonaccrual/HFI + TCE (bank-level data only); per-loan construction charge-off attribution (8-K only)


===== 2026-09-11 01:36 (desk) =====
[bank_callreport] 2026-09-11T01:36:43
  WAL (cert 57512): no new call report; latest = 20260630
    {"repdte": "20260630", "uninsured_pct": 38.09, "insured_musd": 57377.6, "deposits_musd": 82322.4, "nco_ann_pct": 0.34, "noncurrent_pct_TREND_ONLY": 2.82, "brokered_pct": 18.75}
    prior: {"repdte": "20260331", "uninsured_pct": 36.48, "insured_musd": 58663.1, "deposits_musd": 83216.8, "nco_ann_pct": 1.33, "noncurrent_pct_TREND_ONLY": 2.82, "brokered_pct": 18.02}
  FSBW (cert 57633): no new call report; latest = 20260630
    {"repdte": "20260630", "cd_conc_pct_rbc": 104.72, "retail_dep_musd": 2339.0, "brokered_pct": 5.13, "acl_pct_loans": 1.17, "nco_ann_pct": 0.58, "noncurrent_pct": 0.58}
    prior: {"repdte": "20260331", "cd_conc_pct_rbc": 102.92, "retail_dep_musd": 2330.6, "brokered_pct": 12.32, "acl_pct_loans": 1.21, "nco_ann_pct": 0.32, "noncurrent_pct": 0.67}
  no kill bars tripped on the latest call reports
  unserved fields (named): reciprocal CDARS/ICS balances (DEPINS = insured-total proxy); holdco nonaccrual/HFI + TCE (bank-level data only); per-loan construction charge-off attribution (8-K only)


===== 2026-09-11 01:42 (desk) =====
[bank_callreport] 2026-09-11T01:42:27
  WAL (cert 57512): no new call report; latest = 20260630
    {"repdte": "20260630", "uninsured_pct": 38.09, "insured_musd": 57377.6, "deposits_musd": 82322.4, "nco_ann_pct": 0.34, "noncurrent_pct_TREND_ONLY": 2.82, "brokered_pct": 18.75}
    prior: {"repdte": "20260331", "uninsured_pct": 36.48, "insured_musd": 58663.1, "deposits_musd": 83216.8, "nco_ann_pct": 1.33, "noncurrent_pct_TREND_ONLY": 2.82, "brokered_pct": 18.02}
  FSBW (cert 57633): no new call report; latest = 20260630
    {"repdte": "20260630", "cd_conc_pct_rbc": 104.72, "retail_dep_musd": 2339.0, "brokered_pct": 5.13, "acl_pct_loans": 1.17, "nco_ann_pct": 0.58, "noncurrent_pct": 0.58}
    prior: {"repdte": "20260331", "cd_conc_pct_rbc": 102.92, "retail_dep_musd": 2330.6, "brokered_pct": 12.32, "acl_pct_loans": 1.21, "nco_ann_pct": 0.32, "noncurrent_pct": 0.67}
  no kill bars tripped on the latest call reports
  unserved fields (named): reciprocal CDARS/ICS balances (DEPINS = insured-total proxy); holdco nonaccrual/HFI + TCE (bank-level data only); per-loan construction charge-off attribution (8-K only)

