
===== 2026-07-29 14:34 (desk) =====
[calendar_guard] 145 open calls in horizon, 0 dates fetched, 0 DATA MISSING ()
  no early-print gaps — every trigger's next real print is at or inside its window


===== 2026-08-05 15:30 (desk) =====
[calendar_guard] 156 open calls in horizon, 127 dates fetched, 43 DATA MISSING (COSMECCA, EOLS, SILICON2, TGB, 005387.KS, HRTG, AZUL, FNF, BBD, HSBK.L, CGEO.L, UKR-BASKET...)
  NEEDS-PACK: GO prints 2026-08-12, 95d BEFORE its 2026-11-15 trigger — the earlier print can pre-determine the binary (the KER lesson); arm a pack for 2026-08-12
  NEEDS-PACK: RBLX prints 2026-10-29, 17d BEFORE its 2026-11-15 trigger — the earlier print can pre-determine the binary (the KER lesson); arm a pack for 2026-10-29
  NEEDS-PACK: PEO.WA prints 2026-10-29, 63d BEFORE its 2026-12-31 trigger — the earlier print can pre-determine the binary (the KER lesson); arm a pack for 2026-10-29
  NEEDS-PACK: SPCX prints 2026-11-03, 35d BEFORE its 2026-12-08 trigger — the earlier print can pre-determine the binary (the KER lesson); arm a pack for 2026-11-03
  NEEDS-PACK: BOBS prints 2026-08-06, 85d BEFORE its 2026-10-30 trigger — the earlier print can pre-determine the binary (the KER lesson); arm a pack for 2026-08-06
  NEEDS-PACK: APC prints 2026-08-06, 55d BEFORE its 2026-09-30 trigger — the earlier print can pre-determine the binary (the KER lesson); arm a pack for 2026-08-06
  NEEDS-PACK: PFSI prints 2026-10-20, 7d BEFORE its 2026-10-27 trigger — the earlier print can pre-determine the binary (the KER lesson); arm a pack for 2026-10-20
  NEEDS-PACK: RVSB prints 2026-10-27, 4d BEFORE its 2026-10-31 trigger — the earlier print can pre-determine the binary (the KER lesson); arm a pack for 2026-10-27
  NEEDS-PACK: DXCM prints 2026-10-29, 63d BEFORE its 2026-12-31 trigger — the earlier print can pre-determine the binary (the KER lesson); arm a pack for 2026-10-29
  NEEDS-PACK: VMD prints 2026-11-04, 6d BEFORE its 2026-11-10 trigger — the earlier print can pre-determine the binary (the KER lesson); arm a pack for 2026-11-04
  NEEDS-PACK: SRAD prints 2026-11-04, 26d BEFORE its 2026-11-30 trigger — the earlier print can pre-determine the binary (the KER lesson); arm a pack for 2026-11-04
  NEEDS-PACK: NRG prints 2026-11-05, 25d BEFORE its 2026-11-30 trigger — the earlier print can pre-determine the binary (the KER lesson); arm a pack for 2026-11-05
  NEEDS-PACK: AHCO prints 2026-11-03, 12d BEFORE its 2026-11-15 trigger — the earlier print can pre-determine the binary (the KER lesson); arm a pack for 2026-11-03

/Users/ajay/Library/Python/3.9/lib/python/site-packages/urllib3/__init__.py:35: NotOpenSSLWarning: urllib3 v2 only supports OpenSSL 1.1.1+, currently the 'ssl' module is compiled with 'LibreSSL 2.8.3'. See: https://github.com/urllib3/urllib3/issues/3020
  warnings.warn(
COSMECCA: No earnings dates found, symbol may be delisted
HTTP Error 404: {"quoteSummary":{"result":null,"error":{"code":"Not Found","description":"Quote not found for symbol: COSMECCA"}}}
SILICON2: No earnings dates found, symbol may be delisted
HTTP Error 404: {"quoteSummary":{"result":null,"error":{"code":"Not Found","description":"Quote not found for symbol: SILICON2"}}}
CGEO.L: No earnings dates found, symbol may be delisted
MHPC.IL: No earnings dates found, symbol may be delisted
UKR-BASKET: No earnings dates found, symbol may be delisted
HTTP Error 404: {"quoteSummary":{"result":null,"error":{"code":"Not Found","description":"Quote not found for symbol: UKR-BASKET"}}}
AST.WA: No earnings dates found, symbol may be delisted
SPACEX-BASKET: No earnings dates found, symbol may be delisted
HTTP Error 404: {"quoteSummary":{"result":null,"error":{"code":"Not Found","description":"Quote not found for symbol: SPACEX-BASKET"}}}
BOOK-SHARPE: No earnings dates found, symbol may be delisted
OXLCZ: No earnings dates found, symbol may be delisted
HTTP Error 404: {"quoteSummary":{"result":null,"error":{"code":"Not Found","description":"Quote not found for symbol: BOOK-SHARPE"}}}
IL-VGT: No earnings dates found, symbol may be delisted
HTTP Error 404: {"quoteSummary":{"result":null,"error":{"code":"Not Found","description":"Quote not found for symbol: IL-VGT"}}}
ADIG: No earnings dates found, symbol may be delisted
IPX: No earnings dates found, symbol may be delisted
VNM: No earnings dates found, symbol may be delisted
HTTP Error 404: {"quoteSummary":{"result":null,"error":{"code":"Not Found","description":"No fundamentals data found for symbol: VNM"}}}
EPTC-EXT: No earnings dates found, symbol may be delisted
SLS-T80-AUG: No earnings dates found, symbol may be delisted
SLS-T80-SEP: No earnings dates found, symbol may be delisted
FOMC: No earnings dates found, symbol may be delisted
HTTP Error 404: {"quoteSummary":{"result":null,"error":{"code":"Not Found","description":"Quote not found for symbol: SLS-T80-AUG"}}}
HTTP Error 404: {"quoteSummary":{"result":null,"error":{"code":"Not Found","description":"Quote not found for symbol: EPTC-EXT"}}}
HTTP Error 404: {"quoteSummary":{"result":null,"error":{"code":"Not Found","description":"Quote not found for symbol: SLS-T80-SEP"}}}
HTTP Error 404: {"quoteSummary":{"result":null,"error":{"code":"Not Found","description":"No fundamentals data found for symbol: FOMC"}}}
SLS-OUTCOME: No earnings dates found, symbol may be delisted
HMR-THESIS: No earnings dates found, symbol may be delisted
HTTP Error 404: {"quoteSummary":{"result":null,"error":{"code":"Not Found","description":"Quote not found for symbol: SLS-OUTCOME"}}}
HTTP Error 404: {"quoteSummary":{"result":null,"error":{"code":"Not Found","description":"Quote not found for symbol: HMR-THESIS"}}}
JMKE: No earnings dates found, symbol may be delisted
BA-SPEEA: No earnings dates found, symbol may be delisted
BA-Q3DEL: No earnings dates found, symbol may be delisted
HTTP Error 404: {"quoteSummary":{"result":null,"error":{"code":"Not Found","description":"Quote not found for symbol: BA-SPEEA"}}}
HTTP Error 404: {"quoteSummary":{"result":null,"error":{"code":"Not Found","description":"Quote not found for symbol: BA-Q3DEL"}}}
SPCX-SUBS: No earnings dates found, symbol may be delisted
SPCX-AICAPEX: No earnings dates found, symbol may be delisted
HTTP Error 404: {"quoteSummary":{"result":null,"error":{"code":"Not Found","description":"Quote not found for symbol: SPCX-SUBS"}}}
SPCX-ARPU: No earnings dates found, symbol may be delisted
PFSI-10Q: No earnings dates found, symbol may be delisted
HTTP Error 404: {"quoteSummary":{"result":null,"error":{"code":"Not Found","description":"Quote not found for symbol: SPCX-ARPU"}}}
HTTP Error 404: {"quoteSummary":{"result":null,"error":{"code":"Not Found","description":"Quote not found for symbol: SPCX-AICAPEX"}}}
HTTP Error 404: {"quoteSummary":{"result":null,"error":{"code":"Not Found","description":"Quote not found for symbol: PFSI-10Q"}}}
FNF-ADOPTERNULL: No earnings dates found, symbol may be delisted
MBGL: No earnings dates found, symbol may be delisted
FAF-PERSONNEL: No earnings dates found, symbol may be delisted
SFPI.PA: No earnings dates found, symbol may be delisted
HTTP Error 404: {"quoteSummary":{"result":null,"error":{"code":"Not Found","description":"Quote not found for symbol: FAF-PERSONNEL"}}}
HTTP Error 404: {"quoteSummary":{"result":null,"error":{"code":"Not Found","description":"Quote not found for symbol: FNF-ADOPTERNULL"}}}
HOOD-9CIR: No earnings dates found, symbol may be delisted
FDEV.L: No earnings dates found, symbol may be delisted
HTTP Error 404: {"quoteSummary":{"result":null,"error":{"code":"Not Found","description":"Quote not found for symbol: HOOD-9CIR"}}}

===== 2026-08-12 15:34 (desk) =====
[calendar_guard] 144 open calls in horizon, 85 dates fetched, 33 DATA MISSING (COSMECCA, GO, SILICON2, AZUL, CGEO.L, UKR-BASKET, MHPC.IL, AST.WA, SPACEX-BASKET, BOOK-SHARPE, SIA-BILLINGS, IL-VGT...)
  NEEDS-PACK: BODI prints 2026-11-09, 36d BEFORE its 2026-12-15 trigger — the earlier print can pre-determine the binary (the KER lesson); arm a pack for 2026-11-09
  NEEDS-PACK: FUTU prints 2026-08-20, 7d BEFORE its 2026-08-27 trigger — the earlier print can pre-determine the binary (the KER lesson); arm a pack for 2026-08-20
  NEEDS-PACK: HRTG prints 2026-11-04, 26d BEFORE its 2026-11-30 trigger — the earlier print can pre-determine the binary (the KER lesson); arm a pack for 2026-11-04
  NEEDS-PACK: POLI.TA prints 2026-11-19, 42d BEFORE its 2026-12-31 trigger — the earlier print can pre-determine the binary (the KER lesson); arm a pack for 2026-11-19
  NEEDS-PACK: SVRA prints 2026-11-11, 11d BEFORE its 2026-11-22 trigger — the earlier print can pre-determine the binary (the KER lesson); arm a pack for 2026-11-11
  NEEDS-PACK: J prints 2026-11-19, 11d BEFORE its 2026-11-30 trigger — the earlier print can pre-determine the binary (the KER lesson); arm a pack for 2026-11-19
  NEEDS-PACK: IBEX prints 2026-09-10, 5d BEFORE its 2026-09-15 trigger — the earlier print can pre-determine the binary (the KER lesson); arm a pack for 2026-09-10
  NEEDS-PACK: IBEX-OPS prints 2026-09-10, 5d BEFORE its 2026-09-15 trigger — the earlier print can pre-determine the binary (the KER lesson); arm a pack for 2026-09-10
  NEEDS-PACK: PL prints 2026-09-03, 8d BEFORE its 2026-09-11 trigger — the earlier print can pre-determine the binary (the KER lesson); arm a pack for 2026-09-03

/Users/ajay/Library/Python/3.9/lib/python/site-packages/urllib3/__init__.py:35: NotOpenSSLWarning: urllib3 v2 only supports OpenSSL 1.1.1+, currently the 'ssl' module is compiled with 'LibreSSL 2.8.3'. See: https://github.com/urllib3/urllib3/issues/3020
  warnings.warn(
COSMECCA: No earnings dates found, symbol may be delisted
HTTP Error 404: {"quoteSummary":{"result":null,"error":{"code":"Not Found","description":"Quote not found for symbol: COSMECCA"}}}
SILICON2: No earnings dates found, symbol may be delisted
HTTP Error 404: {"quoteSummary":{"result":null,"error":{"code":"Not Found","description":"Quote not found for symbol: SILICON2"}}}
UKR-BASKET: No earnings dates found, symbol may be delisted
MHPC.IL: No earnings dates found, symbol may be delisted
AST.WA: No earnings dates found, symbol may be delisted
HTTP Error 404: {"quoteSummary":{"result":null,"error":{"code":"Not Found","description":"Quote not found for symbol: UKR-BASKET"}}}
SPACEX-BASKET: No earnings dates found, symbol may be delisted
CGEO.L: No earnings dates found, symbol may be delisted
SIA-BILLINGS: No earnings dates found, symbol may be delisted
BOOK-SHARPE: No earnings dates found, symbol may be delisted
HTTP Error 404: {"quoteSummary":{"result":null,"error":{"code":"Not Found","description":"Quote not found for symbol: SPACEX-BASKET"}}}
HTTP Error 404: {"quoteSummary":{"result":null,"error":{"code":"Not Found","description":"Quote not found for symbol: SIA-BILLINGS"}}}
HTTP Error 404: {"quoteSummary":{"result":null,"error":{"code":"Not Found","description":"Quote not found for symbol: BOOK-SHARPE"}}}
IL-VGT: No earnings dates found, symbol may be delisted
VNM: No earnings dates found, symbol may be delisted
IPX: No earnings dates found, symbol may be delisted
HTTP Error 404: {"quoteSummary":{"result":null,"error":{"code":"Not Found","description":"No fundamentals data found for symbol: VNM"}}}
HTTP Error 404: {"quoteSummary":{"result":null,"error":{"code":"Not Found","description":"Quote not found for symbol: IL-VGT"}}}
EPTC-EXT: No earnings dates found, symbol may be delisted
HTTP Error 404: {"quoteSummary":{"result":null,"error":{"code":"Not Found","description":"Quote not found for symbol: EPTC-EXT"}}}
SLS-T80-SEP: No earnings dates found, symbol may be delisted
FOMC: No earnings dates found, symbol may be delisted
SLS-T80-AUG: No earnings dates found, symbol may be delisted
HMR-THESIS: No earnings dates found, symbol may be delisted
HTTP Error 404: {"quoteSummary":{"result":null,"error":{"code":"Not Found","description":"No fundamentals data found for symbol: FOMC"}}}
SLS-OUTCOME: No earnings dates found, symbol may be delisted
HTTP Error 404: {"quoteSummary":{"result":null,"error":{"code":"Not Found","description":"Quote not found for symbol: SLS-T80-SEP"}}}
HTTP Error 404: {"quoteSummary":{"result":null,"error":{"code":"Not Found","description":"Quote not found for symbol: HMR-THESIS"}}}
HTTP Error 404: {"quoteSummary":{"result":null,"error":{"code":"Not Found","description":"Quote not found for symbol: SLS-T80-AUG"}}}
HTTP Error 404: {"quoteSummary":{"result":null,"error":{"code":"Not Found","description":"Quote not found for symbol: SLS-OUTCOME"}}}
JMKE: No earnings dates found, symbol may be delisted
BA-SPEEA: No earnings dates found, symbol may be delisted
HTTP Error 404: {"quoteSummary":{"result":null,"error":{"code":"Not Found","description":"Quote not found for symbol: BA-SPEEA"}}}
BA-Q3DEL: No earnings dates found, symbol may be delisted
HTTP Error 404: {"quoteSummary":{"result":null,"error":{"code":"Not Found","description":"Quote not found for symbol: BA-Q3DEL"}}}
SPCX-SUBS: No earnings dates found, symbol may be delisted
SPCX-ARPU: No earnings dates found, symbol may be delisted
HTTP Error 404: {"quoteSummary":{"result":null,"error":{"code":"Not Found","description":"Quote not found for symbol: SPCX-SUBS"}}}
HTTP Error 404: {"quoteSummary":{"result":null,"error":{"code":"Not Found","description":"Quote not found for symbol: SPCX-ARPU"}}}
SPCX-AICAPEX: No earnings dates found, symbol may be delisted
FAF-PERSONNEL: No earnings dates found, symbol may be delisted
HTTP Error 404: {"quoteSummary":{"result":null,"error":{"code":"Not Found","description":"Quote not found for symbol: SPCX-AICAPEX"}}}
SFPI.PA: No earnings dates found, symbol may be delisted
HTTP Error 404: {"quoteSummary":{"result":null,"error":{"code":"Not Found","description":"Quote not found for symbol: FAF-PERSONNEL"}}}
HOOD-9CIR: No earnings dates found, symbol may be delisted
FDEV.L: No earnings dates found, symbol may be delisted
HTTP Error 404: {"quoteSummary":{"result":null,"error":{"code":"Not Found","description":"Quote not found for symbol: HOOD-9CIR"}}}
HSBK: No earnings dates found, symbol may be delisted
HTTP Error 404: {"quoteSummary":{"result":null,"error":{"code":"Not Found","description":"No fundamentals data found for symbol: HSBK"}}}
MACAU-GGR: No earnings dates found, symbol may be delisted
HTTP Error 404: {"quoteSummary":{"result":null,"error":{"code":"Not Found","description":"Quote not found for symbol: MACAU-GGR"}}}

===== 2026-08-19 16:30 (desk) =====
[calendar_guard] 135 open calls in horizon, 79 dates fetched, 24 DATA MISSING (AZUL, CGEO.L, UKR-BASKET, MHPC.IL, AST.WA, SPACEX-BASKET, IL-VGT, IPX, VNM, OPI, FOMC, EPTC-EXT...)
  NEEDS-PACK: GO prints 2026-11-03, 12d BEFORE its 2026-11-15 trigger — the earlier print can pre-determine the binary (the KER lesson); arm a pack for 2026-11-03
  NEEDS-PACK: MDLZ prints 2026-10-27, 111d BEFORE its 2027-02-15 trigger — the earlier print can pre-determine the binary (the KER lesson); arm a pack for 2026-10-27

/Users/ajay/Library/Python/3.9/lib/python/site-packages/urllib3/__init__.py:35: NotOpenSSLWarning: urllib3 v2 only supports OpenSSL 1.1.1+, currently the 'ssl' module is compiled with 'LibreSSL 2.8.3'. See: https://github.com/urllib3/urllib3/issues/3020
  warnings.warn(
UKR-BASKET: No earnings dates found, symbol may be delisted
MHPC.IL: No earnings dates found, symbol may be delisted
AST.WA: No earnings dates found, symbol may be delisted
SPACEX-BASKET: No earnings dates found, symbol may be delisted
HTTP Error 404: {"quoteSummary":{"result":null,"error":{"code":"Not Found","description":"Quote not found for symbol: UKR-BASKET"}}}
HTTP Error 404: {"quoteSummary":{"result":null,"error":{"code":"Not Found","description":"Quote not found for symbol: SPACEX-BASKET"}}}
VNM: No earnings dates found, symbol may be delisted
IPX: No earnings dates found, symbol may be delisted
HTTP Error 404: {"quoteSummary":{"result":null,"error":{"code":"Not Found","description":"No fundamentals data found for symbol: VNM"}}}
FOMC: No earnings dates found, symbol may be delisted
IL-VGT: No earnings dates found, symbol may be delisted
HTTP Error 404: {"quoteSummary":{"result":null,"error":{"code":"Not Found","description":"No fundamentals data found for symbol: FOMC"}}}
EPTC-EXT: No earnings dates found, symbol may be delisted
HTTP Error 404: {"quoteSummary":{"result":null,"error":{"code":"Not Found","description":"Quote not found for symbol: IL-VGT"}}}
HTTP Error 404: {"quoteSummary":{"result":null,"error":{"code":"Not Found","description":"Quote not found for symbol: EPTC-EXT"}}}
SLS-T80-AUG: No earnings dates found, symbol may be delisted
SLS-T80-SEP: No earnings dates found, symbol may be delisted
SLS-OUTCOME: No earnings dates found, symbol may be delisted
HTTP Error 404: {"quoteSummary":{"result":null,"error":{"code":"Not Found","description":"Quote not found for symbol: SLS-T80-AUG"}}}
HTTP Error 404: {"quoteSummary":{"result":null,"error":{"code":"Not Found","description":"Quote not found for symbol: SLS-T80-SEP"}}}
HMR-THESIS: No earnings dates found, symbol may be delisted
HTTP Error 404: {"quoteSummary":{"result":null,"error":{"code":"Not Found","description":"Quote not found for symbol: SLS-OUTCOME"}}}
HTTP Error 404: {"quoteSummary":{"result":null,"error":{"code":"Not Found","description":"Quote not found for symbol: HMR-THESIS"}}}
JMKE: No earnings dates found, symbol may be delisted
BA-SPEEA: No earnings dates found, symbol may be delisted
BA-Q3DEL: No earnings dates found, symbol may be delisted
HTTP Error 404: {"quoteSummary":{"result":null,"error":{"code":"Not Found","description":"Quote not found for symbol: BA-SPEEA"}}}
HTTP Error 404: {"quoteSummary":{"result":null,"error":{"code":"Not Found","description":"Quote not found for symbol: BA-Q3DEL"}}}
SFPI.PA: No earnings dates found, symbol may be delisted
FAF-PERSONNEL: No earnings dates found, symbol may be delisted
HTTP Error 404: {"quoteSummary":{"result":null,"error":{"code":"Not Found","description":"Quote not found for symbol: FAF-PERSONNEL"}}}
HOOD-9CIR: No earnings dates found, symbol may be delisted
HTTP Error 404: {"quoteSummary":{"result":null,"error":{"code":"Not Found","description":"Quote not found for symbol: HOOD-9CIR"}}}
FDEV.L: No earnings dates found, symbol may be delisted
MACAU-GGR: No earnings dates found, symbol may be delisted
HTTP Error 404: {"quoteSummary":{"result":null,"error":{"code":"Not Found","description":"Quote not found for symbol: MACAU-GGR"}}}

===== 2026-08-26 16:30 (desk) =====
[calendar_guard] 176 open calls in horizon, 115 dates fetched, 62 DATA MISSING (AZUL, HSBK.L, CGEO.L, UKR-BASKET, MHPC.IL, AST.WA, SPACEX-BASKET, IL-VGT, IPX, VNM, OPI, FOMC...)
  no early-print gaps — every trigger's next real print is at or inside its window

/Users/ajay/Library/Python/3.9/lib/python/site-packages/urllib3/__init__.py:35: NotOpenSSLWarning: urllib3 v2 only supports OpenSSL 1.1.1+, currently the 'ssl' module is compiled with 'LibreSSL 2.8.3'. See: https://github.com/urllib3/urllib3/issues/3020
  warnings.warn(
CGEO.L: No earnings dates found, symbol may be delisted
UKR-BASKET: No earnings dates found, symbol may be delisted
MHPC.IL: No earnings dates found, symbol may be delisted
AST.WA: No earnings dates found, symbol may be delisted
HTTP Error 404: {"quoteSummary":{"result":null,"error":{"code":"Not Found","description":"Quote not found for symbol: UKR-BASKET"}}}
IL-VGT: No earnings dates found, symbol may be delisted
VNM: No earnings dates found, symbol may be delisted
SPACEX-BASKET: No earnings dates found, symbol may be delisted
IPX: No earnings dates found, symbol may be delisted
HTTP Error 404: {"quoteSummary":{"result":null,"error":{"code":"Not Found","description":"No fundamentals data found for symbol: VNM"}}}
HTTP Error 404: {"quoteSummary":{"result":null,"error":{"code":"Not Found","description":"Quote not found for symbol: IL-VGT"}}}
HTTP Error 404: {"quoteSummary":{"result":null,"error":{"code":"Not Found","description":"Quote not found for symbol: SPACEX-BASKET"}}}
FOMC: No earnings dates found, symbol may be delisted
HTTP Error 404: {"quoteSummary":{"result":null,"error":{"code":"Not Found","description":"No fundamentals data found for symbol: FOMC"}}}
EPTC-EXT: No earnings dates found, symbol may be delisted
SLS-OUTCOME: No earnings dates found, symbol may be delisted
SLS-T80-SEP: No earnings dates found, symbol may be delisted
HMR-THESIS: No earnings dates found, symbol may be delisted
SLS-T80-AUG: No earnings dates found, symbol may be delisted
HTTP Error 404: {"quoteSummary":{"result":null,"error":{"code":"Not Found","description":"Quote not found for symbol: SLS-T80-SEP"}}}
HTTP Error 404: {"quoteSummary":{"result":null,"error":{"code":"Not Found","description":"Quote not found for symbol: SLS-OUTCOME"}}}
HTTP Error 404: {"quoteSummary":{"result":null,"error":{"code":"Not Found","description":"Quote not found for symbol: EPTC-EXT"}}}
HTTP Error 404: {"quoteSummary":{"result":null,"error":{"code":"Not Found","description":"Quote not found for symbol: SLS-T80-AUG"}}}
HTTP Error 404: {"quoteSummary":{"result":null,"error":{"code":"Not Found","description":"Quote not found for symbol: HMR-THESIS"}}}
JMKE: No earnings dates found, symbol may be delisted
BA-SPEEA: No earnings dates found, symbol may be delisted
BA-Q3DEL: No earnings dates found, symbol may be delisted
HTTP Error 404: {"quoteSummary":{"result":null,"error":{"code":"Not Found","description":"Quote not found for symbol: BA-SPEEA"}}}
HTTP Error 404: {"quoteSummary":{"result":null,"error":{"code":"Not Found","description":"Quote not found for symbol: BA-Q3DEL"}}}
FAF-PERSONNEL: No earnings dates found, symbol may be delisted
SFPI.PA: No earnings dates found, symbol may be delisted
HTTP Error 404: {"quoteSummary":{"result":null,"error":{"code":"Not Found","description":"Quote not found for symbol: FAF-PERSONNEL"}}}
HOOD-9CIR: No earnings dates found, symbol may be delisted
FDEV.L: No earnings dates found, symbol may be delisted
HTTP Error 404: {"quoteSummary":{"result":null,"error":{"code":"Not Found","description":"Quote not found for symbol: HOOD-9CIR"}}}
7722.T: No earnings dates found, symbol may be delisted
MACAU-GGR: No earnings dates found, symbol may be delisted
CUV-FY26NPAT: No earnings dates found, symbol may be delisted
CUV-H2SALES: No earnings dates found, symbol may be delisted
FIGR-Q3NTR: No earnings dates found, symbol may be delisted
WLTH-Q2REV: No earnings dates found, symbol may be delisted
FIGR-Q3VOL: No earnings dates found, symbol may be delisted
FIGR-KIAVI: No earnings dates found, symbol may be delisted
HTTP Error 404: {"quoteSummary":{"result":null,"error":{"code":"Not Found","description":"Quote not found for symbol: CUV-FY26NPAT"}}}
HTTP Error 404: {"quoteSummary":{"result":null,"error":{"code":"Not Found","description":"Quote not found for symbol: MACAU-GGR"}}}
HTTP Error 404: {"quoteSummary":{"result":null,"error":{"code":"Not Found","description":"Quote not found for symbol: FIGR-Q3NTR"}}}
HTTP Error 404: {"quoteSummary":{"result":null,"error":{"code":"Not Found","description":"Quote not found for symbol: CUV-H2SALES"}}}
HTTP Error 404: {"quoteSummary":{"result":null,"error":{"code":"Not Found","description":"Quote not found for symbol: WLTH-Q2REV"}}}
HTTP Error 404: {"quoteSummary":{"result":null,"error":{"code":"Not Found","description":"Quote not found for symbol: FIGR-Q3VOL"}}}
HTTP Error 404: {"quoteSummary":{"result":null,"error":{"code":"Not Found","description":"Quote not found for symbol: FIGR-KIAVI"}}}
KRMN-Q3OCF: No earnings dates found, symbol may be delisted
CTEV-Q3GATE: No earnings dates found, symbol may be delisted
RDW-Q3SPACE: No earnings dates found, symbol may be delisted
HTTP Error 404: {"quoteSummary":{"result":null,"error":{"code":"Not Found","description":"Quote not found for symbol: KRMN-Q3OCF"}}}
JBI-Q3COMM: No earnings dates found, symbol may be delisted
ONT-Q3MARGIN: No earnings dates found, symbol may be delisted
TTI-Q3OCF: No earnings dates found, symbol may be delisted
HTTP Error 404: {"quoteSummary":{"result":null,"error":{"code":"Not Found","description":"Quote not found for symbol: RDW-Q3SPACE"}}}
PXED-Q4BRIDGE: No earnings dates found, symbol may be delisted
HTTP Error 404: {"quoteSummary":{"result":null,"error":{"code":"Not Found","description":"Quote not found for symbol: CTEV-Q3GATE"}}}
CIGI-Q3GUIDE: No earnings dates found, symbol may be delisted
HTTP Error 404: {"quoteSummary":{"result":null,"error":{"code":"Not Found","description":"Quote not found for symbol: TTI-Q3OCF"}}}
HTTP Error 404: {"quoteSummary":{"result":null,"error":{"code":"Not Found","description":"Quote not found for symbol: ONT-Q3MARGIN"}}}
AAP-Q3GATE: No earnings dates found, symbol may be delisted
HTTP Error 404: {"quoteSummary":{"result":null,"error":{"code":"Not Found","description":"Quote not found for symbol: JBI-Q3COMM"}}}
LBRT-ESA: No earnings dates found, symbol may be delisted
HTTP Error 404: {"quoteSummary":{"result":null,"error":{"code":"Not Found","description":"Quote not found for symbol: CIGI-Q3GUIDE"}}}
HTTP Error 404: {"quoteSummary":{"result":null,"error":{"code":"Not Found","description":"Quote not found for symbol: PXED-Q4BRIDGE"}}}
HTTP Error 404: {"quoteSummary":{"result":null,"error":{"code":"Not Found","description":"Quote not found for symbol: AAP-Q3GATE"}}}
HTTP Error 404: {"quoteSummary":{"result":null,"error":{"code":"Not Found","description":"Quote not found for symbol: LBRT-ESA"}}}
PWP-Q3POOL: No earnings dates found, symbol may be delisted
EROC-Q3THRU: No earnings dates found, symbol may be delisted
PWP-Q3REV: No earnings dates found, symbol may be delisted
LXEO-ATMDORM: No earnings dates found, symbol may be delisted
LXEO-Q4DUR: No earnings dates found, symbol may be delisted
AMPX-Q3RAMP: No earnings dates found, symbol may be delisted
HTTP Error 404: {"quoteSummary":{"result":null,"error":{"code":"Not Found","description":"Quote not found for symbol: EROC-Q3THRU"}}}
HTTP Error 404: {"quoteSummary":{"result":null,"error":{"code":"Not Found","description":"Quote not found for symbol: PWP-Q3POOL"}}}
HTTP Error 404: {"quoteSummary":{"result":null,"error":{"code":"Not Found","description":"Quote not found for symbol: PWP-Q3REV"}}}
USNA-Q3ACTIVES: No earnings dates found, symbol may be delisted
USNA-Q3GUIDE: No earnings dates found, symbol may be delisted
HTTP Error 404: {"quoteSummary":{"result":null,"error":{"code":"Not Found","description":"Quote not found for symbol: LXEO-ATMDORM"}}}
HTTP Error 404: {"quoteSummary":{"result":null,"error":{"code":"Not Found","description":"Quote not found for symbol: LXEO-Q4DUR"}}}
HTTP Error 401: {"finance":{"result":null,"error":{"code":"Unauthorized","description":"Invalid Crumb"}}}
HTTP Error 404: {"quoteSummary":{"result":null,"error":{"code":"Not Found","description":"Quote not found for symbol: AMPX-Q3RAMP"}}}
HTTP Error 404: {"quoteSummary":{"result":null,"error":{"code":"Not Found","description":"Quote not found for symbol: USNA-Q3GUIDE"}}}
UMAC-Q3SEQ: No earnings dates found, symbol may be delisted
ARRY-FYGUIDE: No earnings dates found, symbol may be delisted
BBAR-Q2COV: No earnings dates found, symbol may be delisted
BMBL-Q3IMP: No earnings dates found, symbol may be delisted
BBAR-Q2NPL: No earnings dates found, symbol may be delisted
ARRY-Q3FLOOR: No earnings dates found, symbol may be delisted
DQ-Q3ASP: No earnings dates found, symbol may be delisted
BMBL-Q3REV: No earnings dates found, symbol may be delisted
HTTP Error 404: {"quoteSummary":{"result":null,"error":{"code":"Not Found","description":"Quote not found for symbol: BBAR-Q2COV"}}}
HTTP Error 404: {"quoteSummary":{"result":null,"error":{"code":"Not Found","description":"Quote not found for symbol: BMBL-Q3IMP"}}}
HTTP Error 404: {"quoteSummary":{"result":null,"error":{"code":"Not Found","description":"Quote not found for symbol: BBAR-Q2NPL"}}}
HTTP Error 404: {"quoteSummary":{"result":null,"error":{"code":"Not Found","description":"Quote not found for symbol: ARRY-FYGUIDE"}}}
HTTP Error 404: {"quoteSummary":{"result":null,"error":{"code":"Not Found","description":"Quote not found for symbol: UMAC-Q3SEQ"}}}
HTTP Error 404: {"quoteSummary":{"result":null,"error":{"code":"Not Found","description":"Quote not found for symbol: ARRY-Q3FLOOR"}}}
HTTP Error 404: {"quoteSummary":{"result":null,"error":{"code":"Not Found","description":"Quote not found for symbol: BMBL-Q3REV"}}}
HTTP Error 404: {"quoteSummary":{"result":null,"error":{"code":"Not Found","description":"Quote not found for symbol: DQ-Q3ASP"}}}
MIR-Q3ORDERS: No earnings dates found, symbol may be delisted
FLNC-Q4REV: No earnings dates found, symbol may be delisted
VICR-Q3PROD: No earnings dates found, symbol may be delisted
FLNC-Q4GM: No earnings dates found, symbol may be delisted
HTTP Error 404: {"quoteSummary":{"result":null,"error":{"code":"Not Found","description":"Quote not found for symbol: FLNC-Q4REV"}}}
HTTP Error 404: {"quoteSummary":{"result":null,"error":{"code":"Not Found","description":"Quote not found for symbol: MIR-Q3ORDERS"}}}
HTTP Error 404: {"quoteSummary":{"result":null,"error":{"code":"Not Found","description":"Quote not found for symbol: VICR-Q3PROD"}}}
HTTP Error 404: {"quoteSummary":{"result":null,"error":{"code":"Not Found","description":"Quote not found for symbol: FLNC-Q4GM"}}}

===== 2026-09-02 16:30 (desk) =====
[calendar_guard] 241 open calls in horizon, 187 dates fetched, 137 DATA MISSING (AZUL, HSBK.L, CGEO.L, UKR-BASKET, MHPC.IL, SPACEX-BASKET, IL-VGT, IPX, VNM, OPI, FOMC, EPTC-EXT...)
  NEEDS-PACK: JMKE prints 2026-09-09, 142d BEFORE its 2027-01-29 trigger — the earlier print can pre-determine the binary (the KER lesson); arm a pack for 2026-09-09
  NEEDS-PACK: APTV prints 2026-10-29, 122d BEFORE its 2027-02-28 trigger — the earlier print can pre-determine the binary (the KER lesson); arm a pack for 2026-10-29

/Users/ajay/Library/Python/3.9/lib/python/site-packages/urllib3/__init__.py:35: NotOpenSSLWarning: urllib3 v2 only supports OpenSSL 1.1.1+, currently the 'ssl' module is compiled with 'LibreSSL 2.8.3'. See: https://github.com/urllib3/urllib3/issues/3020
  warnings.warn(
CGEO.L: No earnings dates found, symbol may be delisted
UKR-BASKET: No earnings dates found, symbol may be delisted
IL-VGT: No earnings dates found, symbol may be delisted
HTTP Error 404: {"quoteSummary":{"result":null,"error":{"code":"Not Found","description":"Quote not found for symbol: UKR-BASKET"}}}
IPX: No earnings dates found, symbol may be delisted
SPACEX-BASKET: No earnings dates found, symbol may be delisted
MHPC.IL: No earnings dates found, symbol may be delisted
HTTP Error 404: {"quoteSummary":{"result":null,"error":{"code":"Not Found","description":"Quote not found for symbol: IL-VGT"}}}
VNM: No earnings dates found, symbol may be delisted
HTTP Error 404: {"quoteSummary":{"result":null,"error":{"code":"Not Found","description":"Quote not found for symbol: SPACEX-BASKET"}}}
HTTP Error 404: {"quoteSummary":{"result":null,"error":{"code":"Not Found","description":"No fundamentals data found for symbol: VNM"}}}
SLS-T80-AUG: No earnings dates found, symbol may be delisted
EPTC-EXT: No earnings dates found, symbol may be delisted
FOMC: No earnings dates found, symbol may be delisted
SLS-T80-SEP: No earnings dates found, symbol may be delisted
HMR-THESIS: No earnings dates found, symbol may be delisted
SLS-OUTCOME: No earnings dates found, symbol may be delisted
HTTP Error 404: {"quoteSummary":{"result":null,"error":{"code":"Not Found","description":"Quote not found for symbol: EPTC-EXT"}}}
HTTP Error 404: {"quoteSummary":{"result":null,"error":{"code":"Not Found","description":"No fundamentals data found for symbol: FOMC"}}}
HTTP Error 404: {"quoteSummary":{"result":null,"error":{"code":"Not Found","description":"Quote not found for symbol: SLS-T80-AUG"}}}
HTTP Error 404: {"quoteSummary":{"result":null,"error":{"code":"Not Found","description":"Quote not found for symbol: HMR-THESIS"}}}
HTTP Error 404: {"quoteSummary":{"result":null,"error":{"code":"Not Found","description":"Quote not found for symbol: SLS-T80-SEP"}}}
HTTP Error 404: {"quoteSummary":{"result":null,"error":{"code":"Not Found","description":"Quote not found for symbol: SLS-OUTCOME"}}}
BA-SPEEA: No earnings dates found, symbol may be delisted
HTTP Error 404: {"quoteSummary":{"result":null,"error":{"code":"Not Found","description":"Quote not found for symbol: BA-SPEEA"}}}
BA-Q3DEL: No earnings dates found, symbol may be delisted
HTTP Error 404: {"quoteSummary":{"result":null,"error":{"code":"Not Found","description":"Quote not found for symbol: BA-Q3DEL"}}}
FAF-PERSONNEL: No earnings dates found, symbol may be delisted
SFPI.PA: No earnings dates found, symbol may be delisted
HTTP Error 404: {"quoteSummary":{"result":null,"error":{"code":"Not Found","description":"Quote not found for symbol: FAF-PERSONNEL"}}}
HOOD-9CIR: No earnings dates found, symbol may be delisted
FDEV.L: No earnings dates found, symbol may be delisted
HTTP Error 404: {"quoteSummary":{"result":null,"error":{"code":"Not Found","description":"Quote not found for symbol: HOOD-9CIR"}}}
7722.T: No earnings dates found, symbol may be delisted
FIGR-Q3NTR: No earnings dates found, symbol may be delisted
FIGR-Q3VOL: No earnings dates found, symbol may be delisted
HTTP Error 404: {"quoteSummary":{"result":null,"error":{"code":"Not Found","description":"Quote not found for symbol: FIGR-Q3NTR"}}}
HTTP Error 404: {"quoteSummary":{"result":null,"error":{"code":"Not Found","description":"Quote not found for symbol: FIGR-Q3VOL"}}}
SMMT-IVONES: No earnings dates found, symbol may be delisted
KRMN-Q3OCF: No earnings dates found, symbol may be delisted
WLTH-Q2REV: No earnings dates found, symbol may be delisted
FIGR-KIAVI: No earnings dates found, symbol may be delisted
RDW-Q3SPACE: No earnings dates found, symbol may be delisted
CTEV-Q3GATE: No earnings dates found, symbol may be delisted
ONT-Q3MARGIN: No earnings dates found, symbol may be delisted
JBI-Q3COMM: No earnings dates found, symbol may be delisted
HTTP Error 404: {"quoteSummary":{"result":null,"error":{"code":"Not Found","description":"Quote not found for symbol: FIGR-KIAVI"}}}
HTTP Error 404: {"quoteSummary":{"result":null,"error":{"code":"Not Found","description":"Quote not found for symbol: SMMT-IVONES"}}}
HTTP Error 404: {"quoteSummary":{"result":null,"error":{"code":"Not Found","description":"Quote not found for symbol: WLTH-Q2REV"}}}
HTTP Error 404: {"quoteSummary":{"result":null,"error":{"code":"Not Found","description":"Quote not found for symbol: KRMN-Q3OCF"}}}
HTTP Error 404: {"quoteSummary":{"result":null,"error":{"code":"Not Found","description":"Quote not found for symbol: ONT-Q3MARGIN"}}}
HTTP Error 404: {"quoteSummary":{"result":null,"error":{"code":"Not Found","description":"Quote not found for symbol: JBI-Q3COMM"}}}
HTTP Error 404: {"quoteSummary":{"result":null,"error":{"code":"Not Found","description":"Quote not found for symbol: CTEV-Q3GATE"}}}
HTTP Error 404: {"quoteSummary":{"result":null,"error":{"code":"Not Found","description":"Quote not found for symbol: RDW-Q3SPACE"}}}
AAP-Q3GATE: No earnings dates found, symbol may be delisted
TTI-Q3OCF: No earnings dates found, symbol may be delisted
CIGI-Q3GUIDE: No earnings dates found, symbol may be delisted
PXED-Q4BRIDGE: No earnings dates found, symbol may be delisted
PWP-Q3POOL: No earnings dates found, symbol may be delisted
LBRT-ESA: No earnings dates found, symbol may be delisted
EROC-Q3THRU: No earnings dates found, symbol may be delisted
PWP-Q3REV: No earnings dates found, symbol may be delisted
HTTP Error 404: {"quoteSummary":{"result":null,"error":{"code":"Not Found","description":"Quote not found for symbol: CIGI-Q3GUIDE"}}}
HTTP Error 404: {"quoteSummary":{"result":null,"error":{"code":"Not Found","description":"Quote not found for symbol: AAP-Q3GATE"}}}
HTTP Error 404: {"quoteSummary":{"result":null,"error":{"code":"Not Found","description":"Quote not found for symbol: TTI-Q3OCF"}}}
HTTP Error 404: {"quoteSummary":{"result":null,"error":{"code":"Not Found","description":"Quote not found for symbol: EROC-Q3THRU"}}}
HTTP Error 404: {"quoteSummary":{"result":null,"error":{"code":"Not Found","description":"Quote not found for symbol: LBRT-ESA"}}}
HTTP Error 404: {"quoteSummary":{"result":null,"error":{"code":"Not Found","description":"Quote not found for symbol: PWP-Q3REV"}}}
HTTP Error 404: {"quoteSummary":{"result":null,"error":{"code":"Not Found","description":"Quote not found for symbol: PXED-Q4BRIDGE"}}}
HTTP Error 404: {"quoteSummary":{"result":null,"error":{"code":"Not Found","description":"Quote not found for symbol: PWP-Q3POOL"}}}
LXEO-Q4DUR: No earnings dates found, symbol may be delisted
LXEO-ATMDORM: No earnings dates found, symbol may be delisted
AMPX-Q3RAMP: No earnings dates found, symbol may be delisted
USNA-Q3ACTIVES: No earnings dates found, symbol may be delisted
UMAC-Q3SEQ: No earnings dates found, symbol may be delisted
ARRY-Q3FLOOR: No earnings dates found, symbol may be delisted
ARRY-FYGUIDE: No earnings dates found, symbol may be delisted
USNA-Q3GUIDE: No earnings dates found, symbol may be delisted
HTTP Error 404: {"quoteSummary":{"result":null,"error":{"code":"Not Found","description":"Quote not found for symbol: LXEO-Q4DUR"}}}
HTTP Error 404: {"quoteSummary":{"result":null,"error":{"code":"Not Found","description":"Quote not found for symbol: AMPX-Q3RAMP"}}}
HTTP Error 404: {"quoteSummary":{"result":null,"error":{"code":"Not Found","description":"Quote not found for symbol: USNA-Q3ACTIVES"}}}
HTTP Error 404: {"quoteSummary":{"result":null,"error":{"code":"Not Found","description":"Quote not found for symbol: LXEO-ATMDORM"}}}
HTTP Error 404: {"quoteSummary":{"result":null,"error":{"code":"Not Found","description":"Quote not found for symbol: UMAC-Q3SEQ"}}}
HTTP Error 404: {"quoteSummary":{"result":null,"error":{"code":"Not Found","description":"Quote not found for symbol: ARRY-FYGUIDE"}}}
HTTP Error 404: {"quoteSummary":{"result":null,"error":{"code":"Not Found","description":"Quote not found for symbol: USNA-Q3GUIDE"}}}
HTTP Error 404: {"quoteSummary":{"result":null,"error":{"code":"Not Found","description":"Quote not found for symbol: ARRY-Q3FLOOR"}}}
DQ-Q3ASP: No earnings dates found, symbol may be delisted
BMBL-Q3IMP: No earnings dates found, symbol may be delisted
MIR-Q3ORDERS: No earnings dates found, symbol may be delisted
VICR-Q3PROD: No earnings dates found, symbol may be delisted
HTTP Error 404: {"quoteSummary":{"result":null,"error":{"code":"Not Found","description":"Quote not found for symbol: BMBL-Q3IMP"}}}
DOCU-Q2CL: No earnings dates found, symbol may be delisted
FLNC-Q4REV: No earnings dates found, symbol may be delisted
HTTP Error 404: {"quoteSummary":{"result":null,"error":{"code":"Not Found","description":"Quote not found for symbol: DQ-Q3ASP"}}}
BMBL-Q3REV: No earnings dates found, symbol may be delisted
FLNC-Q4GM: No earnings dates found, symbol may be delisted
HTTP Error 404: {"quoteSummary":{"result":null,"error":{"code":"Not Found","description":"Quote not found for symbol: MIR-Q3ORDERS"}}}
HTTP Error 404: {"quoteSummary":{"result":null,"error":{"code":"Not Found","description":"Quote not found for symbol: VICR-Q3PROD"}}}
HTTP Error 404: {"quoteSummary":{"result":null,"error":{"code":"Not Found","description":"Quote not found for symbol: DOCU-Q2CL"}}}
HTTP Error 404: {"quoteSummary":{"result":null,"error":{"code":"Not Found","description":"Quote not found for symbol: FLNC-Q4REV"}}}
HTTP Error 404: {"quoteSummary":{"result":null,"error":{"code":"Not Found","description":"Quote not found for symbol: FLNC-Q4GM"}}}
HTTP Error 404: {"quoteSummary":{"result":null,"error":{"code":"Not Found","description":"Quote not found for symbol: BMBL-Q3REV"}}}
DOCU-Q2BILL: No earnings dates found, symbol may be delisted
BELFA-ABCONV: No earnings dates found, symbol may be delisted
DY-Q3BS: No earnings dates found, symbol may be delisted
BELFA-Q3REV: No earnings dates found, symbol may be delisted
FPS-FY26OCF: No earnings dates found, symbol may be delisted
FOA-NOTESFUND: No earnings dates found, symbol may be delisted
HTTP Error 404: {"quoteSummary":{"result":null,"error":{"code":"Not Found","description":"Quote not found for symbol: DOCU-Q2BILL"}}}
HTTP Error 404: {"quoteSummary":{"result":null,"error":{"code":"Not Found","description":"Quote not found for symbol: BELFA-ABCONV"}}}
ARI-DIST: No earnings dates found, symbol may be delisted
ONIT-Q3MSR: No earnings dates found, symbol may be delisted
HTTP Error 404: {"quoteSummary":{"result":null,"error":{"code":"Not Found","description":"Quote not found for symbol: BELFA-Q3REV"}}}
HTTP Error 404: {"quoteSummary":{"result":null,"error":{"code":"Not Found","description":"Quote not found for symbol: FOA-NOTESFUND"}}}
HTTP Error 404: {"quoteSummary":{"result":null,"error":{"code":"Not Found","description":"Quote not found for symbol: DY-Q3BS"}}}
HTTP Error 404: {"quoteSummary":{"result":null,"error":{"code":"Not Found","description":"Quote not found for symbol: FPS-FY26OCF"}}}
SCM-Q4DIV: No earnings dates found, symbol may be delisted
HTTP Error 404: {"quoteSummary":{"result":null,"error":{"code":"Not Found","description":"Quote not found for symbol: ONIT-Q3MSR"}}}
HTTP Error 404: {"quoteSummary":{"result":null,"error":{"code":"Not Found","description":"Quote not found for symbol: ARI-DIST"}}}
CBKD-Q3NIM: No earnings dates found, symbol may be delisted
HPP-EXT: No earnings dates found, symbol may be delisted
HTTP Error 404: {"quoteSummary":{"result":null,"error":{"code":"Not Found","description":"Quote not found for symbol: SCM-Q4DIV"}}}
PRX-HYFCF: No earnings dates found, symbol may be delisted
HTTP Error 404: {"quoteSummary":{"result":null,"error":{"code":"Not Found","description":"Quote not found for symbol: CBKD-Q3NIM"}}}
XE-NRCSE: No earnings dates found, symbol may be delisted
ARKO-FY26G: No earnings dates found, symbol may be delisted
OCGN-VOTE: No earnings dates found, symbol may be delisted
CAI-Q3VOL25: No earnings dates found, symbol may be delisted
OCGN-GC: No earnings dates found, symbol may be delisted
HTTP Error 404: {"quoteSummary":{"result":null,"error":{"code":"Not Found","description":"Quote not found for symbol: HPP-EXT"}}}
HTTP Error 404: {"quoteSummary":{"result":null,"error":{"code":"Not Found","description":"Quote not found for symbol: PRX-HYFCF"}}}
NPB-Q3FUND: No earnings dates found, symbol may be delisted
HTTP Error 404: {"quoteSummary":{"result":null,"error":{"code":"Not Found","description":"Quote not found for symbol: ARKO-FY26G"}}}
HTTP Error 404: {"quoteSummary":{"result":null,"error":{"code":"Not Found","description":"Quote not found for symbol: CAI-Q3VOL25"}}}
HTTP Error 404: {"quoteSummary":{"result":null,"error":{"code":"Not Found","description":"Quote not found for symbol: XE-NRCSE"}}}
HTTP Error 404: {"quoteSummary":{"result":null,"error":{"code":"Not Found","description":"Quote not found for symbol: OCGN-GC"}}}
HTTP Error 404: {"quoteSummary":{"result":null,"error":{"code":"Not Found","description":"Quote not found for symbol: OCGN-VOTE"}}}
HTTP Error 404: {"quoteSummary":{"result":null,"error":{"code":"Not Found","description":"Quote not found for symbol: NPB-Q3FUND"}}}
MCPA-Q3FLG: No earnings dates found, symbol may be delisted
GEF-RATIO: No earnings dates found, symbol may be delisted
MCPA-FHAUG: No earnings dates found, symbol may be delisted
VISN-Q3AEB: No earnings dates found, symbol may be delisted
RGLD-Q3GEO: No earnings dates found, symbol may be delisted
CWCO-KNTP: No earnings dates found, symbol may be delisted
VISN-Q3CASH: No earnings dates found, symbol may be delisted
CWCO-Q3GAL: No earnings dates found, symbol may be delisted
HTTP Error 404: {"quoteSummary":{"result":null,"error":{"code":"Not Found","description":"Quote not found for symbol: MCPA-Q3FLG"}}}
HTTP Error 404: {"quoteSummary":{"result":null,"error":{"code":"Not Found","description":"Quote not found for symbol: GEF-RATIO"}}}
HTTP Error 404: {"quoteSummary":{"result":null,"error":{"code":"Not Found","description":"Quote not found for symbol: MCPA-FHAUG"}}}
HTTP Error 404: {"quoteSummary":{"result":null,"error":{"code":"Not Found","description":"Quote not found for symbol: CWCO-KNTP"}}}
HTTP Error 404: {"quoteSummary":{"result":null,"error":{"code":"Not Found","description":"Quote not found for symbol: VISN-Q3CASH"}}}
HTTP Error 404: {"quoteSummary":{"result":null,"error":{"code":"Not Found","description":"Quote not found for symbol: CWCO-Q3GAL"}}}
HTTP Error 404: {"quoteSummary":{"result":null,"error":{"code":"Not Found","description":"Quote not found for symbol: RGLD-Q3GEO"}}}
HTTP Error 404: {"quoteSummary":{"result":null,"error":{"code":"Not Found","description":"Quote not found for symbol: VISN-Q3AEB"}}}
DRD-Q1AISC: No earnings dates found, symbol may be delisted
RGLD-BB250: No earnings dates found, symbol may be delisted
CROX-Q3REFDISC: No earnings dates found, symbol may be delisted
CROX-Q3HD155: No earnings dates found, symbol may be delisted
GEF-RISI: No earnings dates found, symbol may be delisted
GEF-ABSKEW: No earnings dates found, symbol may be delisted
DRD-WITHOK: No earnings dates found, symbol may be delisted
GEF-Q4FCF: No earnings dates found, symbol may be delisted
HTTP Error 404: {"quoteSummary":{"result":null,"error":{"code":"Not Found","description":"Quote not found for symbol: DRD-Q1AISC"}}}
HTTP Error 404: {"quoteSummary":{"result":null,"error":{"code":"Not Found","description":"Quote not found for symbol: RGLD-BB250"}}}
HTTP Error 404: {"quoteSummary":{"result":null,"error":{"code":"Not Found","description":"Quote not found for symbol: GEF-RISI"}}}
HTTP Error 404: {"quoteSummary":{"result":null,"error":{"code":"Not Found","description":"Quote not found for symbol: GEF-ABSKEW"}}}
HTTP Error 404: {"quoteSummary":{"result":null,"error":{"code":"Not Found","description":"Quote not found for symbol: GEF-Q4FCF"}}}
HTTP Error 404: {"quoteSummary":{"result":null,"error":{"code":"Not Found","description":"Quote not found for symbol: DRD-WITHOK"}}}
HTTP Error 404: {"quoteSummary":{"result":null,"error":{"code":"Not Found","description":"Quote not found for symbol: CROX-Q3REFDISC"}}}
HTTP Error 404: {"quoteSummary":{"result":null,"error":{"code":"Not Found","description":"Quote not found for symbol: CROX-Q3HD155"}}}
CSIQ-Q3GM: No earnings dates found, symbol may be delisted
9713-GUIDECUT: No earnings dates found, symbol may be delisted
UTI-FY27BL: No earnings dates found, symbol may be delisted
MNSO-Q3SD: No earnings dates found, symbol may be delisted
UTI-Q4ST: No earnings dates found, symbol may be delisted
NICE-ORGSPLIT: No earnings dates found, symbol may be delisted
LINC-AUGRE: No earnings dates found, symbol may be delisted
HTTP Error 404: {"quoteSummary":{"result":null,"error":{"code":"Not Found","description":"Quote not found for symbol: 9713-GUIDECUT"}}}
NICE-Q3CLOUD: No earnings dates found, symbol may be delisted
HTTP Error 404: {"quoteSummary":{"result":null,"error":{"code":"Not Found","description":"Quote not found for symbol: CSIQ-Q3GM"}}}
HTTP Error 404: {"quoteSummary":{"result":null,"error":{"code":"Not Found","description":"Quote not found for symbol: LINC-AUGRE"}}}
HTTP Error 404: {"quoteSummary":{"result":null,"error":{"code":"Not Found","description":"Quote not found for symbol: NICE-ORGSPLIT"}}}
HTTP Error 404: {"quoteSummary":{"result":null,"error":{"code":"Not Found","description":"Quote not found for symbol: UTI-FY27BL"}}}
HTTP Error 404: {"quoteSummary":{"result":null,"error":{"code":"Not Found","description":"Quote not found for symbol: MNSO-Q3SD"}}}
HTTP Error 404: {"quoteSummary":{"result":null,"error":{"code":"Not Found","description":"Quote not found for symbol: UTI-Q4ST"}}}
HTTP Error 404: {"quoteSummary":{"result":null,"error":{"code":"Not Found","description":"Quote not found for symbol: NICE-Q3CLOUD"}}}
LZ-Q3TXU: No earnings dates found, symbol may be delisted
COO-Q3ORG: No earnings dates found, symbol may be delisted
QNST-ORG20: No earnings dates found, symbol may be delisted
8750-H1ESR: No earnings dates found, symbol may be delisted
LZ-Q3SUB: No earnings dates found, symbol may be delisted
8750-DPS: No earnings dates found, symbol may be delisted
QNST-GM13: No earnings dates found, symbol may be delisted
COO-OWNYLD: No earnings dates found, symbol may be delisted
HTTP Error 404: {"quoteSummary":{"result":null,"error":{"code":"Not Found","description":"Quote not found for symbol: COO-Q3ORG"}}}
HTTP Error 404: {"quoteSummary":{"result":null,"error":{"code":"Not Found","description":"Quote not found for symbol: QNST-ORG20"}}}
HTTP Error 404: {"quoteSummary":{"result":null,"error":{"code":"Not Found","description":"Quote not found for symbol: LZ-Q3TXU"}}}
HTTP Error 404: {"quoteSummary":{"result":null,"error":{"code":"Not Found","description":"Quote not found for symbol: 8750-H1ESR"}}}
HTTP Error 404: {"quoteSummary":{"result":null,"error":{"code":"Not Found","description":"Quote not found for symbol: QNST-GM13"}}}
HTTP Error 404: {"quoteSummary":{"result":null,"error":{"code":"Not Found","description":"Quote not found for symbol: 8750-DPS"}}}
HTTP Error 404: {"quoteSummary":{"result":null,"error":{"code":"Not Found","description":"Quote not found for symbol: LZ-Q3SUB"}}}
HTTP Error 404: {"quoteSummary":{"result":null,"error":{"code":"Not Found","description":"Quote not found for symbol: COO-OWNYLD"}}}
TTWO-40M: No earnings dates found, symbol may be delisted
SHOP-Q3GP: No earnings dates found, symbol may be delisted
FWRG-IDMAINT: No earnings dates found, symbol may be delisted
SHOP-AIGMV: No earnings dates found, symbol may be delisted
FWRG-IDALGO: No earnings dates found, symbol may be delisted
HTTP Error 404: {"quoteSummary":{"result":null,"error":{"code":"Not Found","description":"Quote not found for symbol: TTWO-40M"}}}
HTTP Error 404: {"quoteSummary":{"result":null,"error":{"code":"Not Found","description":"Quote not found for symbol: SHOP-Q3GP"}}}
SHOP-Q3REV30: No earnings dates found, symbol may be delisted
TTWO-SHIP: No earnings dates found, symbol may be delisted
HTTP Error 404: {"quoteSummary":{"result":null,"error":{"code":"Not Found","description":"Quote not found for symbol: FWRG-IDALGO"}}}
HTTP Error 404: {"quoteSummary":{"result":null,"error":{"code":"Not Found","description":"Quote not found for symbol: FWRG-IDMAINT"}}}
FWRG-Q3OCF: No earnings dates found, symbol may be delisted
HTTP Error 404: {"quoteSummary":{"result":null,"error":{"code":"Not Found","description":"Quote not found for symbol: SHOP-AIGMV"}}}
HTTP Error 404: {"quoteSummary":{"result":null,"error":{"code":"Not Found","description":"Quote not found for symbol: SHOP-Q3REV30"}}}
HTTP Error 404: {"quoteSummary":{"result":null,"error":{"code":"Not Found","description":"Quote not found for symbol: FWRG-Q3OCF"}}}
HTTP Error 404: {"quoteSummary":{"result":null,"error":{"code":"Not Found","description":"Quote not found for symbol: TTWO-SHIP"}}}
LVS-SEPPOS: No earnings dates found, symbol may be delisted
BLDR-CEN: No earnings dates found, symbol may be delisted
CMTG-TNW: No earnings dates found, symbol may be delisted
LVS-SEP6: No earnings dates found, symbol may be delisted
HTTP Error 404: {"quoteSummary":{"result":null,"error":{"code":"Not Found","description":"Quote not found for symbol: BLDR-CEN"}}}
AXTI-Q3REV: No earnings dates found, symbol may be delisted
HTTP Error 404: {"quoteSummary":{"result":null,"error":{"code":"Not Found","description":"Quote not found for symbol: LVS-SEPPOS"}}}
EVGO-Q3STALL: No earnings dates found, symbol may be delisted
HTTP Error 404: {"quoteSummary":{"result":null,"error":{"code":"Not Found","description":"Quote not found for symbol: LVS-SEP6"}}}
HTTP Error 404: {"quoteSummary":{"result":null,"error":{"code":"Not Found","description":"Quote not found for symbol: CMTG-TNW"}}}
8795-H1ESR: No earnings dates found, symbol may be delisted
8795-H1BB: No earnings dates found, symbol may be delisted
1810-PFIC: No earnings dates found, symbol may be delisted
1810-REV: No earnings dates found, symbol may be delisted
HTTP Error 404: {"quoteSummary":{"result":null,"error":{"code":"Not Found","description":"Quote not found for symbol: AXTI-Q3REV"}}}
HTTP Error 404: {"quoteSummary":{"result":null,"error":{"code":"Not Found","description":"Quote not found for symbol: EVGO-Q3STALL"}}}
HTTP Error 404: {"quoteSummary":{"result":null,"error":{"code":"Not Found","description":"Quote not found for symbol: 8795-H1BB"}}}
HTTP Error 404: {"quoteSummary":{"result":null,"error":{"code":"Not Found","description":"Quote not found for symbol: 8795-H1ESR"}}}
HTTP Error 404: {"quoteSummary":{"result":null,"error":{"code":"Not Found","description":"Quote not found for symbol: 1810-PFIC"}}}
HTTP Error 404: {"quoteSummary":{"result":null,"error":{"code":"Not Found","description":"Quote not found for symbol: 1810-REV"}}}
8135-Q2OCF: No earnings dates found, symbol may be delisted
ALMS-NDA: No earnings dates found, symbol may be delisted
ENOV-9MFCF: No earnings dates found, symbol may be delisted
6118-CUT: No earnings dates found, symbol may be delisted
IE-PFSCAPEX: No earnings dates found, symbol may be delisted
ENOV-FY27LANG: No earnings dates found, symbol may be delisted
HTTP Error 404: {"quoteSummary":{"result":null,"error":{"code":"Not Found","description":"Quote not found for symbol: 8135-Q2OCF"}}}
HTTP Error 404: {"quoteSummary":{"result":null,"error":{"code":"Not Found","description":"Quote not found for symbol: ALMS-NDA"}}}
IE-PFSDECK: No earnings dates found, symbol may be delisted
6118-FLOAT: No earnings dates found, symbol may be delisted
HTTP Error 404: {"quoteSummary":{"result":null,"error":{"code":"Not Found","description":"Quote not found for symbol: ENOV-FY27LANG"}}}
HTTP Error 404: {"quoteSummary":{"result":null,"error":{"code":"Not Found","description":"Quote not found for symbol: 6118-CUT"}}}
HTTP Error 404: {"quoteSummary":{"result":null,"error":{"code":"Not Found","description":"Quote not found for symbol: ENOV-9MFCF"}}}
HTTP Error 404: {"quoteSummary":{"result":null,"error":{"code":"Not Found","description":"Quote not found for symbol: IE-PFSCAPEX"}}}
HTTP Error 404: {"quoteSummary":{"result":null,"error":{"code":"Not Found","description":"Quote not found for symbol: IE-PFSDECK"}}}
HTTP Error 404: {"quoteSummary":{"result":null,"error":{"code":"Not Found","description":"Quote not found for symbol: 6118-FLOAT"}}}
EMBC-Q4ORG: No earnings dates found, symbol may be delisted
EMBC-FY27G: No earnings dates found, symbol may be delisted
SPIR-Q3RPO: No earnings dates found, symbol may be delisted
SPIR-FY26G: No earnings dates found, symbol may be delisted
HTTP Error 404: {"quoteSummary":{"result":null,"error":{"code":"Not Found","description":"Quote not found for symbol: SPIR-Q3RPO"}}}
HTTP Error 404: {"quoteSummary":{"result":null,"error":{"code":"Not Found","description":"Quote not found for symbol: EMBC-Q4ORG"}}}
HTTP Error 404: {"quoteSummary":{"result":null,"error":{"code":"Not Found","description":"Quote not found for symbol: SPIR-FY26G"}}}
HTTP Error 404: {"quoteSummary":{"result":null,"error":{"code":"Not Found","description":"Quote not found for symbol: EMBC-FY27G"}}}

===== 2026-09-11 01:35 (desk) =====
[calendar_guard] 221 open calls in horizon, 183 dates fetched, 134 DATA MISSING (RH, 005387.KS, AZUL, HSBK.L, CGEO.L, UKR-BASKET, MHPC.IL, SPACEX-BASKET, IL-VGT, IPX, VNM, OPI...)
  NEEDS-PACK: LULU prints 2026-12-10, 5d BEFORE its 2026-12-15 trigger — the earlier print can pre-determine the binary (the KER lesson); arm a pack for 2026-12-10
  NEEDS-PACK: JMKE prints 2026-11-11, 79d BEFORE its 2027-01-29 trigger — the earlier print can pre-determine the binary (the KER lesson); arm a pack for 2026-11-11
  NEEDS-PACK: PAYX prints 2026-09-23, 6d BEFORE its 2026-09-29 trigger — the earlier print can pre-determine the binary (the KER lesson); arm a pack for 2026-09-23

/Users/ajay/Library/Python/3.9/lib/python/site-packages/urllib3/__init__.py:35: NotOpenSSLWarning: urllib3 v2 only supports OpenSSL 1.1.1+, currently the 'ssl' module is compiled with 'LibreSSL 2.8.3'. See: https://github.com/urllib3/urllib3/issues/3020
  warnings.warn(
UKR-BASKET: No earnings dates found, symbol may be delisted
CGEO.L: No earnings dates found, symbol may be delisted
MHPC.IL: No earnings dates found, symbol may be delisted
HTTP Error 404: {"quoteSummary":{"result":null,"error":{"code":"Not Found","description":"Quote not found for symbol: UKR-BASKET"}}}
IL-VGT: No earnings dates found, symbol may be delisted
VNM: No earnings dates found, symbol may be delisted
IPX: No earnings dates found, symbol may be delisted
FOMC: No earnings dates found, symbol may be delisted
SPACEX-BASKET: No earnings dates found, symbol may be delisted
HTTP Error 404: {"quoteSummary":{"result":null,"error":{"code":"Not Found","description":"No fundamentals data found for symbol: VNM"}}}
HTTP Error 404: {"quoteSummary":{"result":null,"error":{"code":"Not Found","description":"Quote not found for symbol: IL-VGT"}}}
HTTP Error 404: {"quoteSummary":{"result":null,"error":{"code":"Not Found","description":"Quote not found for symbol: SPACEX-BASKET"}}}
HTTP Error 404: {"quoteSummary":{"result":null,"error":{"code":"Not Found","description":"No fundamentals data found for symbol: FOMC"}}}
EPTC-EXT: No earnings dates found, symbol may be delisted
SLS-T80-SEP: No earnings dates found, symbol may be delisted
SLS-OUTCOME: No earnings dates found, symbol may be delisted
SLS-T80-AUG: No earnings dates found, symbol may be delisted
HMR-THESIS: No earnings dates found, symbol may be delisted
HTTP Error 404: {"quoteSummary":{"result":null,"error":{"code":"Not Found","description":"Quote not found for symbol: SLS-OUTCOME"}}}
HTTP Error 404: {"quoteSummary":{"result":null,"error":{"code":"Not Found","description":"Quote not found for symbol: SLS-T80-SEP"}}}
HTTP Error 404: {"quoteSummary":{"result":null,"error":{"code":"Not Found","description":"Quote not found for symbol: EPTC-EXT"}}}
HTTP Error 404: {"quoteSummary":{"result":null,"error":{"code":"Not Found","description":"Quote not found for symbol: SLS-T80-AUG"}}}
HTTP Error 404: {"quoteSummary":{"result":null,"error":{"code":"Not Found","description":"Quote not found for symbol: HMR-THESIS"}}}
BA-Q3DEL: No earnings dates found, symbol may be delisted
BA-SPEEA: No earnings dates found, symbol may be delisted
HTTP Error 404: {"quoteSummary":{"result":null,"error":{"code":"Not Found","description":"Quote not found for symbol: BA-SPEEA"}}}
HTTP Error 404: {"quoteSummary":{"result":null,"error":{"code":"Not Found","description":"Quote not found for symbol: BA-Q3DEL"}}}
SFPI.PA: No earnings dates found, symbol may be delisted
FAF-PERSONNEL: No earnings dates found, symbol may be delisted
HOOD-9CIR: No earnings dates found, symbol may be delisted
FDEV.L: No earnings dates found, symbol may be delisted
HTTP Error 404: {"quoteSummary":{"result":null,"error":{"code":"Not Found","description":"Quote not found for symbol: FAF-PERSONNEL"}}}
HTTP Error 404: {"quoteSummary":{"result":null,"error":{"code":"Not Found","description":"Quote not found for symbol: HOOD-9CIR"}}}
FIGR-Q3NTR: No earnings dates found, symbol may be delisted
7722.T: No earnings dates found, symbol may be delisted
FIGR-Q3VOL: No earnings dates found, symbol may be delisted
HTTP Error 404: {"quoteSummary":{"result":null,"error":{"code":"Not Found","description":"Quote not found for symbol: FIGR-Q3NTR"}}}
HTTP Error 404: {"quoteSummary":{"result":null,"error":{"code":"Not Found","description":"Quote not found for symbol: FIGR-Q3VOL"}}}
FIGR-KIAVI: No earnings dates found, symbol may be delisted
JBI-Q3COMM: No earnings dates found, symbol may be delisted
CTEV-Q3GATE: No earnings dates found, symbol may be delisted
KRMN-Q3OCF: No earnings dates found, symbol may be delisted
PXED-Q4BRIDGE: No earnings dates found, symbol may be delisted
SMMT-IVONES: No earnings dates found, symbol may be delisted
HTTP Error 404: {"quoteSummary":{"result":null,"error":{"code":"Not Found","description":"Quote not found for symbol: FIGR-KIAVI"}}}
HTTP Error 404: {"quoteSummary":{"result":null,"error":{"code":"Not Found","description":"Quote not found for symbol: JBI-Q3COMM"}}}
HTTP Error 404: {"quoteSummary":{"result":null,"error":{"code":"Not Found","description":"Quote not found for symbol: KRMN-Q3OCF"}}}
HTTP Error 404: {"quoteSummary":{"result":null,"error":{"code":"Not Found","description":"Quote not found for symbol: CTEV-Q3GATE"}}}
ONT-Q3MARGIN: No earnings dates found, symbol may be delisted
HTTP Error 404: {"quoteSummary":{"result":null,"error":{"code":"Not Found","description":"Quote not found for symbol: PXED-Q4BRIDGE"}}}
HTTP Error 404: {"quoteSummary":{"result":null,"error":{"code":"Not Found","description":"Quote not found for symbol: SMMT-IVONES"}}}
HTTP Error 404: {"quoteSummary":{"result":null,"error":{"code":"Not Found","description":"Quote not found for symbol: ONT-Q3MARGIN"}}}
LBRT-ESA: No earnings dates found, symbol may be delisted
CIGI-Q3GUIDE: No earnings dates found, symbol may be delisted
AAP-Q3GATE: No earnings dates found, symbol may be delisted
RDW-Q3SPACE: No earnings dates found, symbol may be delisted
EROC-Q3THRU: No earnings dates found, symbol may be delisted
PWP-Q3POOL: No earnings dates found, symbol may be delisted
HTTP Error 404: {"quoteSummary":{"result":null,"error":{"code":"Not Found","description":"Quote not found for symbol: LBRT-ESA"}}}
HTTP Error 404: {"quoteSummary":{"result":null,"error":{"code":"Not Found","description":"Quote not found for symbol: CIGI-Q3GUIDE"}}}
TTI-Q3OCF: No earnings dates found, symbol may be delisted
PWP-Q3REV: No earnings dates found, symbol may be delisted
HTTP Error 404: {"quoteSummary":{"result":null,"error":{"code":"Not Found","description":"Quote not found for symbol: AAP-Q3GATE"}}}
HTTP Error 404: {"quoteSummary":{"result":null,"error":{"code":"Not Found","description":"Quote not found for symbol: PWP-Q3POOL"}}}
HTTP Error 404: {"quoteSummary":{"result":null,"error":{"code":"Not Found","description":"Quote not found for symbol: EROC-Q3THRU"}}}
HTTP Error 404: {"quoteSummary":{"result":null,"error":{"code":"Not Found","description":"Quote not found for symbol: RDW-Q3SPACE"}}}
HTTP Error 404: {"quoteSummary":{"result":null,"error":{"code":"Not Found","description":"Quote not found for symbol: TTI-Q3OCF"}}}
HTTP Error 404: {"quoteSummary":{"result":null,"error":{"code":"Not Found","description":"Quote not found for symbol: PWP-Q3REV"}}}
LXEO-ATMDORM: No earnings dates found, symbol may be delisted
LXEO-Q4DUR: No earnings dates found, symbol may be delisted
USNA-Q3ACTIVES: No earnings dates found, symbol may be delisted
AMPX-Q3RAMP: No earnings dates found, symbol may be delisted
HTTP Error 404: {"quoteSummary":{"result":null,"error":{"code":"Not Found","description":"Quote not found for symbol: LXEO-ATMDORM"}}}
HTTP Error 404: {"quoteSummary":{"result":null,"error":{"code":"Not Found","description":"Quote not found for symbol: LXEO-Q4DUR"}}}
USNA-Q3GUIDE: No earnings dates found, symbol may be delisted
ARRY-Q3FLOOR: No earnings dates found, symbol may be delisted
HTTP Error 404: {"quoteSummary":{"result":null,"error":{"code":"Not Found","description":"Quote not found for symbol: AMPX-Q3RAMP"}}}
HTTP Error 404: {"quoteSummary":{"result":null,"error":{"code":"Not Found","description":"Quote not found for symbol: USNA-Q3ACTIVES"}}}
UMAC-Q3SEQ: No earnings dates found, symbol may be delisted
HTTP Error 404: {"quoteSummary":{"result":null,"error":{"code":"Not Found","description":"Quote not found for symbol: USNA-Q3GUIDE"}}}
HTTP Error 404: {"quoteSummary":{"result":null,"error":{"code":"Not Found","description":"Quote not found for symbol: ARRY-Q3FLOOR"}}}
HTTP Error 404: {"quoteSummary":{"result":null,"error":{"code":"Not Found","description":"Quote not found for symbol: UMAC-Q3SEQ"}}}
BMBL-Q3IMP: No earnings dates found, symbol may be delisted
DQ-Q3ASP: No earnings dates found, symbol may be delisted
HTTP Error 404: {"quoteSummary":{"result":null,"error":{"code":"Not Found","description":"Quote not found for symbol: DQ-Q3ASP"}}}
HTTP Error 404: {"quoteSummary":{"result":null,"error":{"code":"Not Found","description":"Quote not found for symbol: BMBL-Q3IMP"}}}
BMBL-Q3REV: No earnings dates found, symbol may be delisted
VICR-Q3PROD: No earnings dates found, symbol may be delisted
FLNC-Q4REV: No earnings dates found, symbol may be delisted
MIR-Q3ORDERS: No earnings dates found, symbol may be delisted
HTTP Error 404: {"quoteSummary":{"result":null,"error":{"code":"Not Found","description":"Quote not found for symbol: VICR-Q3PROD"}}}
HTTP Error 404: {"quoteSummary":{"result":null,"error":{"code":"Not Found","description":"Quote not found for symbol: BMBL-Q3REV"}}}
ARRY-FYGUIDE: No earnings dates found, symbol may be delisted
BELFA-ABCONV: No earnings dates found, symbol may be delisted
FLNC-Q4GM: No earnings dates found, symbol may be delisted
HTTP Error 404: {"quoteSummary":{"result":null,"error":{"code":"Not Found","description":"Quote not found for symbol: FLNC-Q4REV"}}}
HTTP Error 404: {"quoteSummary":{"result":null,"error":{"code":"Not Found","description":"Quote not found for symbol: MIR-Q3ORDERS"}}}
BELFA-Q3REV: No earnings dates found, symbol may be delisted
HTTP Error 404: {"quoteSummary":{"result":null,"error":{"code":"Not Found","description":"Quote not found for symbol: FLNC-Q4GM"}}}
HTTP Error 404: {"quoteSummary":{"result":null,"error":{"code":"Not Found","description":"Quote not found for symbol: ARRY-FYGUIDE"}}}
HTTP Error 404: {"quoteSummary":{"result":null,"error":{"code":"Not Found","description":"Quote not found for symbol: BELFA-ABCONV"}}}
HTTP Error 404: {"quoteSummary":{"result":null,"error":{"code":"Not Found","description":"Quote not found for symbol: BELFA-Q3REV"}}}
DY-Q3BS: No earnings dates found, symbol may be delisted
FOA-NOTESFUND: No earnings dates found, symbol may be delisted
ONIT-Q3MSR: No earnings dates found, symbol may be delisted
ARI-DIST: No earnings dates found, symbol may be delisted
HTTP Error 404: {"quoteSummary":{"result":null,"error":{"code":"Not Found","description":"Quote not found for symbol: DY-Q3BS"}}}
FPS-FY26OCF: No earnings dates found, symbol may be delisted
HTTP Error 404: {"quoteSummary":{"result":null,"error":{"code":"Not Found","description":"Quote not found for symbol: FOA-NOTESFUND"}}}
SCM-Q4DIV: No earnings dates found, symbol may be delisted
PRX-HYFCF: No earnings dates found, symbol may be delisted
CBKD-Q3NIM: No earnings dates found, symbol may be delisted
HTTP Error 404: {"quoteSummary":{"result":null,"error":{"code":"Not Found","description":"Quote not found for symbol: ARI-DIST"}}}
HTTP Error 404: {"quoteSummary":{"result":null,"error":{"code":"Not Found","description":"Quote not found for symbol: ONIT-Q3MSR"}}}
HTTP Error 404: {"quoteSummary":{"result":null,"error":{"code":"Not Found","description":"Quote not found for symbol: CBKD-Q3NIM"}}}
HTTP Error 404: {"quoteSummary":{"result":null,"error":{"code":"Not Found","description":"Quote not found for symbol: SCM-Q4DIV"}}}
HTTP Error 404: {"quoteSummary":{"result":null,"error":{"code":"Not Found","description":"Quote not found for symbol: PRX-HYFCF"}}}
HTTP Error 404: {"quoteSummary":{"result":null,"error":{"code":"Not Found","description":"Quote not found for symbol: FPS-FY26OCF"}}}
HPP-EXT: No earnings dates found, symbol may be delisted
ARKO-FY26G: No earnings dates found, symbol may be delisted
OCGN-VOTE: No earnings dates found, symbol may be delisted
OCGN-GC: No earnings dates found, symbol may be delisted
HTTP Error 404: {"quoteSummary":{"result":null,"error":{"code":"Not Found","description":"Quote not found for symbol: HPP-EXT"}}}
MCPA-FHAUG: No earnings dates found, symbol may be delisted
HTTP Error 404: {"quoteSummary":{"result":null,"error":{"code":"Not Found","description":"Quote not found for symbol: ARKO-FY26G"}}}
XE-NRCSE: No earnings dates found, symbol may be delisted
NPB-Q3FUND: No earnings dates found, symbol may be delisted
CAI-Q3VOL25: No earnings dates found, symbol may be delisted
HTTP Error 404: {"quoteSummary":{"result":null,"error":{"code":"Not Found","description":"Quote not found for symbol: OCGN-GC"}}}
HTTP Error 404: {"quoteSummary":{"result":null,"error":{"code":"Not Found","description":"Quote not found for symbol: OCGN-VOTE"}}}
HTTP Error 404: {"quoteSummary":{"result":null,"error":{"code":"Not Found","description":"Quote not found for symbol: CAI-Q3VOL25"}}}
HTTP Error 404: {"quoteSummary":{"result":null,"error":{"code":"Not Found","description":"Quote not found for symbol: XE-NRCSE"}}}
HTTP Error 404: {"quoteSummary":{"result":null,"error":{"code":"Not Found","description":"Quote not found for symbol: MCPA-FHAUG"}}}
HTTP Error 404: {"quoteSummary":{"result":null,"error":{"code":"Not Found","description":"Quote not found for symbol: NPB-Q3FUND"}}}
MCPA-Q3FLG: No earnings dates found, symbol may be delisted
GEF-RATIO: No earnings dates found, symbol may be delisted
CWCO-Q3GAL: No earnings dates found, symbol may be delisted
CWCO-KNTP: No earnings dates found, symbol may be delisted
RGLD-Q3GEO: No earnings dates found, symbol may be delisted
VISN-Q3AEB: No earnings dates found, symbol may be delisted
HTTP Error 404: {"quoteSummary":{"result":null,"error":{"code":"Not Found","description":"Quote not found for symbol: GEF-RATIO"}}}
HTTP Error 404: {"quoteSummary":{"result":null,"error":{"code":"Not Found","description":"Quote not found for symbol: CWCO-Q3GAL"}}}
RGLD-BB250: No earnings dates found, symbol may be delisted
HTTP Error 404: {"quoteSummary":{"result":null,"error":{"code":"Not Found","description":"Quote not found for symbol: MCPA-Q3FLG"}}}
VISN-Q3CASH: No earnings dates found, symbol may be delisted
HTTP Error 404: {"quoteSummary":{"result":null,"error":{"code":"Not Found","description":"Quote not found for symbol: RGLD-Q3GEO"}}}
HTTP Error 404: {"quoteSummary":{"result":null,"error":{"code":"Not Found","description":"Quote not found for symbol: CWCO-KNTP"}}}
HTTP Error 404: {"quoteSummary":{"result":null,"error":{"code":"Not Found","description":"Quote not found for symbol: VISN-Q3AEB"}}}
HTTP Error 404: {"quoteSummary":{"result":null,"error":{"code":"Not Found","description":"Quote not found for symbol: RGLD-BB250"}}}
HTTP Error 404: {"quoteSummary":{"result":null,"error":{"code":"Not Found","description":"Quote not found for symbol: VISN-Q3CASH"}}}
DRD-WITHOK: No earnings dates found, symbol may be delisted
DRD-Q1AISC: No earnings dates found, symbol may be delisted
GEF-RISI: No earnings dates found, symbol may be delisted
GEF-Q4FCF: No earnings dates found, symbol may be delisted
HTTP Error 404: {"quoteSummary":{"result":null,"error":{"code":"Not Found","description":"Quote not found for symbol: DRD-WITHOK"}}}
CROX-Q3HD155: No earnings dates found, symbol may be delisted
GEF-ABSKEW: No earnings dates found, symbol may be delisted
CROX-Q3REFDISC: No earnings dates found, symbol may be delisted
HTTP Error 404: {"quoteSummary":{"result":null,"error":{"code":"Not Found","description":"Quote not found for symbol: DRD-Q1AISC"}}}
HTTP Error 404: {"quoteSummary":{"result":null,"error":{"code":"Not Found","description":"Quote not found for symbol: GEF-RISI"}}}
9713-GUIDECUT: No earnings dates found, symbol may be delisted
HTTP Error 404: {"quoteSummary":{"result":null,"error":{"code":"Not Found","description":"Quote not found for symbol: GEF-ABSKEW"}}}
HTTP Error 404: {"quoteSummary":{"result":null,"error":{"code":"Not Found","description":"Quote not found for symbol: GEF-Q4FCF"}}}
HTTP Error 404: {"quoteSummary":{"result":null,"error":{"code":"Not Found","description":"Quote not found for symbol: CROX-Q3REFDISC"}}}
HTTP Error 404: {"quoteSummary":{"result":null,"error":{"code":"Not Found","description":"Quote not found for symbol: CROX-Q3HD155"}}}
HTTP Error 404: {"quoteSummary":{"result":null,"error":{"code":"Not Found","description":"Quote not found for symbol: 9713-GUIDECUT"}}}
LINC-AUGRE: No earnings dates found, symbol may be delisted
UTI-Q4ST: No earnings dates found, symbol may be delisted
UTI-FY27BL: No earnings dates found, symbol may be delisted
CSIQ-Q3GM: No earnings dates found, symbol may be delisted
NICE-ORGSPLIT: No earnings dates found, symbol may be delisted
MNSO-Q3SD: No earnings dates found, symbol may be delisted
LZ-Q3TXU: No earnings dates found, symbol may be delisted
NICE-Q3CLOUD: No earnings dates found, symbol may be delisted
HTTP Error 404: {"quoteSummary":{"result":null,"error":{"code":"Not Found","description":"Quote not found for symbol: LINC-AUGRE"}}}
HTTP Error 404: {"quoteSummary":{"result":null,"error":{"code":"Not Found","description":"Quote not found for symbol: UTI-FY27BL"}}}
HTTP Error 404: {"quoteSummary":{"result":null,"error":{"code":"Not Found","description":"Quote not found for symbol: UTI-Q4ST"}}}
HTTP Error 404: {"quoteSummary":{"result":null,"error":{"code":"Not Found","description":"Quote not found for symbol: LZ-Q3TXU"}}}
HTTP Error 404: {"quoteSummary":{"result":null,"error":{"code":"Not Found","description":"Quote not found for symbol: NICE-Q3CLOUD"}}}
HTTP Error 404: {"quoteSummary":{"result":null,"error":{"code":"Not Found","description":"Quote not found for symbol: CSIQ-Q3GM"}}}
HTTP Error 404: {"quoteSummary":{"result":null,"error":{"code":"Not Found","description":"Quote not found for symbol: MNSO-Q3SD"}}}
HTTP Error 404: {"quoteSummary":{"result":null,"error":{"code":"Not Found","description":"Quote not found for symbol: NICE-ORGSPLIT"}}}
8750-DPS: No earnings dates found, symbol may be delisted
8750-H1ESR: No earnings dates found, symbol may be delisted
LZ-Q3SUB: No earnings dates found, symbol may be delisted
SHOP-Q3GP: No earnings dates found, symbol may be delisted
SHOP-Q3REV30: No earnings dates found, symbol may be delisted
HTTP Error 404: {"quoteSummary":{"result":null,"error":{"code":"Not Found","description":"Quote not found for symbol: 8750-H1ESR"}}}
QNST-GM13: No earnings dates found, symbol may be delisted
SHOP-AIGMV: No earnings dates found, symbol may be delisted
QNST-ORG20: No earnings dates found, symbol may be delisted
HTTP Error 404: {"quoteSummary":{"result":null,"error":{"code":"Not Found","description":"Quote not found for symbol: 8750-DPS"}}}
HTTP Error 404: {"quoteSummary":{"result":null,"error":{"code":"Not Found","description":"Quote not found for symbol: SHOP-Q3GP"}}}
HTTP Error 404: {"quoteSummary":{"result":null,"error":{"code":"Not Found","description":"Quote not found for symbol: SHOP-Q3REV30"}}}
HTTP Error 404: {"quoteSummary":{"result":null,"error":{"code":"Not Found","description":"Quote not found for symbol: LZ-Q3SUB"}}}
HTTP Error 404: {"quoteSummary":{"result":null,"error":{"code":"Not Found","description":"Quote not found for symbol: QNST-GM13"}}}
HTTP Error 404: {"quoteSummary":{"result":null,"error":{"code":"Not Found","description":"Quote not found for symbol: SHOP-AIGMV"}}}
HTTP Error 404: {"quoteSummary":{"result":null,"error":{"code":"Not Found","description":"Quote not found for symbol: QNST-ORG20"}}}
FWRG-Q3OCF: No earnings dates found, symbol may be delisted
TTWO-SHIP: No earnings dates found, symbol may be delisted
TTWO-40M: No earnings dates found, symbol may be delisted
FWRG-IDALGO: No earnings dates found, symbol may be delisted
LVS-SEP6: No earnings dates found, symbol may be delisted
HTTP Error 404: {"quoteSummary":{"result":null,"error":{"code":"Not Found","description":"Quote not found for symbol: FWRG-Q3OCF"}}}
HTTP Error 404: {"quoteSummary":{"result":null,"error":{"code":"Not Found","description":"Quote not found for symbol: TTWO-SHIP"}}}
BLDR-CEN: No earnings dates found, symbol may be delisted
FWRG-IDMAINT: No earnings dates found, symbol may be delisted
LVS-SEPPOS: No earnings dates found, symbol may be delisted
HTTP Error 404: {"quoteSummary":{"result":null,"error":{"code":"Not Found","description":"Quote not found for symbol: TTWO-40M"}}}
HTTP Error 404: {"quoteSummary":{"result":null,"error":{"code":"Not Found","description":"Quote not found for symbol: LVS-SEP6"}}}
HTTP Error 404: {"quoteSummary":{"result":null,"error":{"code":"Not Found","description":"Quote not found for symbol: FWRG-IDALGO"}}}
HTTP Error 404: {"quoteSummary":{"result":null,"error":{"code":"Not Found","description":"Quote not found for symbol: LVS-SEPPOS"}}}
HTTP Error 404: {"quoteSummary":{"result":null,"error":{"code":"Not Found","description":"Quote not found for symbol: BLDR-CEN"}}}
HTTP Error 404: {"quoteSummary":{"result":null,"error":{"code":"Not Found","description":"Quote not found for symbol: FWRG-IDMAINT"}}}
CMTG-TNW: No earnings dates found, symbol may be delisted
EVGO-Q3STALL: No earnings dates found, symbol may be delisted
AXTI-Q3REV: No earnings dates found, symbol may be delisted
8795-H1BB: No earnings dates found, symbol may be delisted
8135-Q2OCF: No earnings dates found, symbol may be delisted
1810-REV: No earnings dates found, symbol may be delisted
8795-H1ESR: No earnings dates found, symbol may be delisted
HTTP Error 404: {"quoteSummary":{"result":null,"error":{"code":"Not Found","description":"Quote not found for symbol: CMTG-TNW"}}}
1810-PFIC: No earnings dates found, symbol may be delisted
HTTP Error 404: {"quoteSummary":{"result":null,"error":{"code":"Not Found","description":"Quote not found for symbol: AXTI-Q3REV"}}}
HTTP Error 404: {"quoteSummary":{"result":null,"error":{"code":"Not Found","description":"Quote not found for symbol: EVGO-Q3STALL"}}}
HTTP Error 404: {"quoteSummary":{"result":null,"error":{"code":"Not Found","description":"Quote not found for symbol: 8795-H1BB"}}}
HTTP Error 404: {"quoteSummary":{"result":null,"error":{"code":"Not Found","description":"Quote not found for symbol: 1810-PFIC"}}}
HTTP Error 404: {"quoteSummary":{"result":null,"error":{"code":"Not Found","description":"Quote not found for symbol: 8795-H1ESR"}}}
HTTP Error 404: {"quoteSummary":{"result":null,"error":{"code":"Not Found","description":"Quote not found for symbol: 8135-Q2OCF"}}}
HTTP Error 404: {"quoteSummary":{"result":null,"error":{"code":"Not Found","description":"Quote not found for symbol: 1810-REV"}}}
6118-FLOAT: No earnings dates found, symbol may be delisted
ENOV-9MFCF: No earnings dates found, symbol may be delisted
6118-CUT: No earnings dates found, symbol may be delisted
ALMS-NDA: No earnings dates found, symbol may be delisted
IE-PFSDECK: No earnings dates found, symbol may be delisted
HTTP Error 404: {"quoteSummary":{"result":null,"error":{"code":"Not Found","description":"Quote not found for symbol: ENOV-9MFCF"}}}
HTTP Error 404: {"quoteSummary":{"result":null,"error":{"code":"Not Found","description":"Quote not found for symbol: 6118-FLOAT"}}}
IE-PFSCAPEX: No earnings dates found, symbol may be delisted
ENOV-FY27LANG: No earnings dates found, symbol may be delisted
SPIR-Q3RPO: No earnings dates found, symbol may be delisted
HTTP Error 404: {"quoteSummary":{"result":null,"error":{"code":"Not Found","description":"Quote not found for symbol: ALMS-NDA"}}}
HTTP Error 404: {"quoteSummary":{"result":null,"error":{"code":"Not Found","description":"Quote not found for symbol: IE-PFSDECK"}}}
HTTP Error 404: {"quoteSummary":{"result":null,"error":{"code":"Not Found","description":"Quote not found for symbol: 6118-CUT"}}}
HTTP Error 404: {"quoteSummary":{"result":null,"error":{"code":"Not Found","description":"Quote not found for symbol: IE-PFSCAPEX"}}}
HTTP Error 404: {"quoteSummary":{"result":null,"error":{"code":"Not Found","description":"Quote not found for symbol: SPIR-Q3RPO"}}}
HTTP Error 404: {"quoteSummary":{"result":null,"error":{"code":"Not Found","description":"Quote not found for symbol: ENOV-FY27LANG"}}}
EMBC-Q4ORG: No earnings dates found, symbol may be delisted
SPIR-FY26G: No earnings dates found, symbol may be delisted
EMBC-FY27G: No earnings dates found, symbol may be delisted
HTTP Error 404: {"quoteSummary":{"result":null,"error":{"code":"Not Found","description":"Quote not found for symbol: SPIR-FY26G"}}}
HTTP Error 404: {"quoteSummary":{"result":null,"error":{"code":"Not Found","description":"Quote not found for symbol: EMBC-Q4ORG"}}}
HTTP Error 404: {"quoteSummary":{"result":null,"error":{"code":"Not Found","description":"Quote not found for symbol: EMBC-FY27G"}}}

===== 2026-09-11 01:41 (desk) =====
[calendar_guard] 221 open calls in horizon, 0 dates fetched, 0 DATA MISSING ()
  no early-print gaps — every trigger's next real print is at or inside its window

