
===== 2026-08-17 17:39 (desk) =====
[connector_smoke] 49 dispatch-indexed connector modules | PASS 43 | FAIL 0 | no-class 6
  all dispatch-callable

/Users/ajay/Library/Python/3.9/lib/python/site-packages/urllib3/__init__.py:35: NotOpenSSLWarning: urllib3 v2 only supports OpenSSL 1.1.1+, currently the 'ssl' module is compiled with 'LibreSSL 2.8.3'. See: https://github.com/urllib3/urllib3/issues/3020
  warnings.warn(

===== 2026-08-18 18:36 (desk) =====
[connector_smoke] 50 dispatch-indexed connector modules | PASS 44 | FAIL 0 | no-class 6
  all dispatch-callable

/Users/ajay/Library/Python/3.9/lib/python/site-packages/urllib3/__init__.py:35: NotOpenSSLWarning: urllib3 v2 only supports OpenSSL 1.1.1+, currently the 'ssl' module is compiled with 'LibreSSL 2.8.3'. See: https://github.com/urllib3/urllib3/issues/3020
  warnings.warn(

===== 2026-08-19 19:36 (desk) =====
[connector_smoke] 50 dispatch-indexed connector modules | PASS 44 | FAIL 0 | no-class 6
  all dispatch-callable

/Users/ajay/Library/Python/3.9/lib/python/site-packages/urllib3/__init__.py:35: NotOpenSSLWarning: urllib3 v2 only supports OpenSSL 1.1.1+, currently the 'ssl' module is compiled with 'LibreSSL 2.8.3'. See: https://github.com/urllib3/urllib3/issues/3020
  warnings.warn(

===== 2026-08-20 20:30 (desk) =====
[connector_smoke] 50 dispatch-indexed connector modules | PASS 44 | FAIL 0 | no-class 6
  all dispatch-callable

/Users/ajay/Library/Python/3.9/lib/python/site-packages/urllib3/__init__.py:35: NotOpenSSLWarning: urllib3 v2 only supports OpenSSL 1.1.1+, currently the 'ssl' module is compiled with 'LibreSSL 2.8.3'. See: https://github.com/urllib3/urllib3/issues/3020
  warnings.warn(

===== 2026-08-21 20:30 (desk) =====
[connector_smoke] 50 dispatch-indexed connector modules | PASS 44 | FAIL 0 | no-class 6
  all dispatch-callable

/Users/ajay/Library/Python/3.9/lib/python/site-packages/urllib3/__init__.py:35: NotOpenSSLWarning: urllib3 v2 only supports OpenSSL 1.1.1+, currently the 'ssl' module is compiled with 'LibreSSL 2.8.3'. See: https://github.com/urllib3/urllib3/issues/3020
  warnings.warn(

===== 2026-08-24 02:13 (desk) =====
[connector_smoke] 50 dispatch-indexed connector modules | PASS 44 | FAIL 0 | no-class 6
  all dispatch-callable

/Users/ajay/Library/Python/3.9/lib/python/site-packages/urllib3/__init__.py:35: NotOpenSSLWarning: urllib3 v2 only supports OpenSSL 1.1.1+, currently the 'ssl' module is compiled with 'LibreSSL 2.8.3'. See: https://github.com/urllib3/urllib3/issues/3020
  warnings.warn(

===== 2026-08-25 03:07 (desk) =====
[connector_smoke] 50 dispatch-indexed connector modules | PASS 44 | FAIL 0 | no-class 6
  all dispatch-callable

/Users/ajay/Library/Python/3.9/lib/python/site-packages/urllib3/__init__.py:35: NotOpenSSLWarning: urllib3 v2 only supports OpenSSL 1.1.1+, currently the 'ssl' module is compiled with 'LibreSSL 2.8.3'. See: https://github.com/urllib3/urllib3/issues/3020
  warnings.warn(

===== 2026-08-26 04:16 (desk) =====
[connector_smoke] 50 dispatch-indexed connector modules | PASS 44 | FAIL 0 | no-class 6
  all dispatch-callable

/Users/ajay/Library/Python/3.9/lib/python/site-packages/urllib3/__init__.py:35: NotOpenSSLWarning: urllib3 v2 only supports OpenSSL 1.1.1+, currently the 'ssl' module is compiled with 'LibreSSL 2.8.3'. See: https://github.com/urllib3/urllib3/issues/3020
  warnings.warn(

===== 2026-08-27 05:09 (desk) =====
[connector_smoke] 50 dispatch-indexed connector modules | PASS 44 | FAIL 0 | no-class 6
  all dispatch-callable

/Users/ajay/Library/Python/3.9/lib/python/site-packages/urllib3/__init__.py:35: NotOpenSSLWarning: urllib3 v2 only supports OpenSSL 1.1.1+, currently the 'ssl' module is compiled with 'LibreSSL 2.8.3'. See: https://github.com/urllib3/urllib3/issues/3020
  warnings.warn(

===== 2026-08-28 06:09 (desk) =====
[connector_smoke] 50 dispatch-indexed connector modules | PASS 44 | FAIL 0 | no-class 6
  all dispatch-callable

/Users/ajay/Library/Python/3.9/lib/python/site-packages/urllib3/__init__.py:35: NotOpenSSLWarning: urllib3 v2 only supports OpenSSL 1.1.1+, currently the 'ssl' module is compiled with 'LibreSSL 2.8.3'. See: https://github.com/urllib3/urllib3/issues/3020
  warnings.warn(

===== 2026-08-31 01:08 (desk) =====
[connector_smoke] 50 dispatch-indexed connector modules | PASS 44 | FAIL 0 | no-class 6
  all dispatch-callable

/Users/ajay/Library/Python/3.9/lib/python/site-packages/urllib3/__init__.py:35: NotOpenSSLWarning: urllib3 v2 only supports OpenSSL 1.1.1+, currently the 'ssl' module is compiled with 'LibreSSL 2.8.3'. See: https://github.com/urllib3/urllib3/issues/3020
  warnings.warn(

===== 2026-09-01 02:02 (desk) =====
[connector_smoke] 50 dispatch-indexed connector modules | PASS 44 | FAIL 0 | no-class 6
  all dispatch-callable

/Users/ajay/Library/Python/3.9/lib/python/site-packages/urllib3/__init__.py:35: NotOpenSSLWarning: urllib3 v2 only supports OpenSSL 1.1.1+, currently the 'ssl' module is compiled with 'LibreSSL 2.8.3'. See: https://github.com/urllib3/urllib3/issues/3020
  warnings.warn(

===== 2026-09-02 03:05 (desk) =====
[connector_smoke] 50 dispatch-indexed connector modules | PASS 44 | FAIL 0 | no-class 6
  all dispatch-callable

/Users/ajay/Library/Python/3.9/lib/python/site-packages/urllib3/__init__.py:35: NotOpenSSLWarning: urllib3 v2 only supports OpenSSL 1.1.1+, currently the 'ssl' module is compiled with 'LibreSSL 2.8.3'. See: https://github.com/urllib3/urllib3/issues/3020
  warnings.warn(

===== 2026-09-03 04:10 (desk) =====
[connector_smoke] 50 dispatch-indexed connector modules | PASS 44 | FAIL 0 | no-class 6
  all dispatch-callable

/Users/ajay/Library/Python/3.9/lib/python/site-packages/urllib3/__init__.py:35: NotOpenSSLWarning: urllib3 v2 only supports OpenSSL 1.1.1+, currently the 'ssl' module is compiled with 'LibreSSL 2.8.3'. See: https://github.com/urllib3/urllib3/issues/3020
  warnings.warn(

===== 2026-09-04 05:04 (desk) =====
[connector_smoke] 50 dispatch-indexed connector modules | PASS 44 | FAIL 0 | no-class 6
  all dispatch-callable

/Users/ajay/Library/Python/3.9/lib/python/site-packages/urllib3/__init__.py:35: NotOpenSSLWarning: urllib3 v2 only supports OpenSSL 1.1.1+, currently the 'ssl' module is compiled with 'LibreSSL 2.8.3'. See: https://github.com/urllib3/urllib3/issues/3020
  warnings.warn(

===== 2026-09-07 01:23 (desk) =====
[connector_smoke] 50 dispatch-indexed connector modules | PASS 44 | FAIL 0 | no-class 6
  all dispatch-callable

/Users/ajay/Library/Python/3.9/lib/python/site-packages/urllib3/__init__.py:35: NotOpenSSLWarning: urllib3 v2 only supports OpenSSL 1.1.1+, currently the 'ssl' module is compiled with 'LibreSSL 2.8.3'. See: https://github.com/urllib3/urllib3/issues/3020
  warnings.warn(

===== 2026-09-11 01:52 (desk) =====
[connector_smoke] 50 dispatch-indexed connector modules | PASS 44 | FAIL 0 | no-class 6
  all dispatch-callable

/Users/ajay/Library/Python/3.9/lib/python/site-packages/urllib3/__init__.py:35: NotOpenSSLWarning: urllib3 v2 only supports OpenSSL 1.1.1+, currently the 'ssl' module is compiled with 'LibreSSL 2.8.3'. See: https://github.com/urllib3/urllib3/issues/3020
  warnings.warn(

===== 2026-09-11 01:58 (desk) =====
[connector_smoke] 50 dispatch-indexed connector modules | PASS 44 | FAIL 0 | no-class 6
  all dispatch-callable

/Users/ajay/Library/Python/3.9/lib/python/site-packages/urllib3/__init__.py:35: NotOpenSSLWarning: urllib3 v2 only supports OpenSSL 1.1.1+, currently the 'ssl' module is compiled with 'LibreSSL 2.8.3'. See: https://github.com/urllib3/urllib3/issues/3020
  warnings.warn(
