
===== 2026-08-17 09:11 (desk) =====
=== consumer lane refresh 2026-08-17 16:04 UTC ===
-- trend heat --
  SUJA   DECAYING             heat=  26.0 conf=1.0  Suja Life
  NATR   DECAYING             heat=  12.0 conf=1.0  Nature's Sunshine
  BKE    DECAYING             heat=  39.9 conf=0.75  The Buckle
  OLLI   DECAYING             heat=  37.8 conf=0.75  Ollie's Bargain Outlet
  COLM   NO_DATA              heat=  26.7 conf=0.45  Columbia Sportswear
  ULTA   NO_DATA              heat=  26.7 conf=0.45  Ulta Beauty
  FIZZ   DECAYING             heat=  28.3 conf=1.0  National Beverage (LaCroix)
  DPZ    FLAT                 heat=  46.8 conf=0.75  Domino's Pizza
  CMG    NO_DATA              heat=  35.0 conf=0.2  Chipotle
  NKE    NO_DATA              heat=  72.0 conf=0.45  Nike
  LWAY   NO_DATA              heat=  26.7 conf=0.45  Lifeway Foods
  PLAY   NO_DATA              heat=  35.0 conf=0.2  Dave & Buster's
  BRBY   NO_DATA              heat=  26.7 conf=0.45  Burberry
[consumer_product_heat] 13 brands -> /Users/ajay/exalted/signalos/verticals/buyside_dd/outputs/consumer_heat/CONSUMER_HEAT.json
  DEGRADED (loud): BKE:retail, OLLI:retail, COLM:search, ULTA:search, DPZ:retail, CMG:retail/search, NKE:search, LWAY:search, PLAY:retail/search, BRBY:search
-- review trajectory --
  SUJA   OK               n_sku=3 life=4.6 traj=NO_COHORT delta=None rpm=None
  NATR   BOT_WALL         n_sku=None life=None traj=NO_COHORT delta=None rpm=None
  BKE    NO_RETAIL_SKUS   n_sku=None life=None traj=None delta=None rpm=None
  OLLI   NO_RETAIL_SKUS   n_sku=None life=None traj=None delta=None rpm=None
  COLM   OK               n_sku=3 life=4.55 traj=NO_COHORT delta=None rpm=None
  ULTA   NO_RETAIL_SKUS   n_sku=None life=None traj=None delta=None rpm=None
  FIZZ   BOT_WALL         n_sku=None life=None traj=NO_COHORT delta=None rpm=None
  DPZ    NO_RETAIL_SKUS   n_sku=None life=None traj=None delta=None rpm=None
  CMG    NO_RETAIL_SKUS   n_sku=None life=None traj=None delta=None rpm=None
  NKE    BOT_WALL         n_sku=None life=None traj=NO_COHORT delta=None rpm=None
  LWAY   BOT_WALL         n_sku=None life=None traj=NO_COHORT delta=None rpm=None
  PLAY   NO_RETAIL_SKUS   n_sku=None life=None traj=None delta=None rpm=None
  BRBY   BOT_WALL         n_sku=None life=None traj=NO_COHORT delta=None rpm=None
[consumer_product_reviews] 13 brands -> /Users/ajay/exalted/signalos/verticals/buyside_dd/outputs/consumer_heat/CONSUMER_HEAT.json
  DEGRADED (loud): SUJA:cohort_delta=BASELINE_ONLY(needs 2nd snapshot); NATR:walmart_search=BOT_WALL|cohort_delta=BASELINE_ONLY(needs 2nd snapshot); COLM:cohort_delta=BASELINE_ONLY(needs 2nd snapshot); FIZZ:walmart_search=BOT_WALL|cohort_delta=BASELINE_ONLY(needs 2nd snapshot); NKE:walmart_search=BOT_WALL|cohort_delta=BASELINE_ONLY(needs 2nd snapshot); LWAY:walmart_search=BOT_WALL|cohort_delta=BASELINE_ONLY(needs 2nd snapshot); BRBY:walmart_search=BOT_WALL|cohort_delta=BASELINE_ONLY(needs 2nd snapshot)
[consumer_heat] rendered 13 brands -> /Users/ajay/exalted/signalos/desk/ui/static/consumer_heat.html

/Users/ajay/Library/Python/3.9/lib/python/site-packages/urllib3/__init__.py:35: NotOpenSSLWarning: urllib3 v2 only supports OpenSSL 1.1.1+, currently the 'ssl' module is compiled with 'LibreSSL 2.8.3'. See: https://github.com/urllib3/urllib3/issues/3020
  warnings.warn(

===== 2026-08-18 10:04 (desk) =====
=== consumer lane refresh 2026-08-18 16:56 UTC ===
-- trend heat --
  SUJA   NO_DATA              heat=  26.7 conf=0.45  Suja Life
  NATR   NO_DATA              heat=  26.7 conf=0.45  Nature's Sunshine
  BKE    NO_DATA              heat=  35.0 conf=0.2  The Buckle
  OLLI   NO_DATA              heat=  35.0 conf=0.2  Ollie's Bargain Outlet
  COLM   NO_DATA              heat=  26.7 conf=0.45  Columbia Sportswear
  ULTA   NO_DATA              heat=  26.7 conf=0.45  Ulta Beauty
  FIZZ   NO_DATA              heat=  26.7 conf=0.45  National Beverage (LaCroix)
  DPZ    FLAT                 heat=  44.3 conf=0.75  Domino's Pizza
  CMG    NO_DATA              heat=  35.0 conf=0.2  Chipotle
  NKE    NO_DATA              heat=  69.9 conf=0.45  Nike
  LWAY   NO_DATA              heat=  26.7 conf=0.45  Lifeway Foods
  PLAY   NO_DATA              heat=  35.0 conf=0.2  Dave & Buster's
  BRBY   NO_DATA              heat=  26.7 conf=0.45  Burberry
[consumer_product_heat] 13 brands -> /Users/ajay/exalted/signalos/verticals/buyside_dd/outputs/consumer_heat/CONSUMER_HEAT.json
  DEGRADED (loud): SUJA:search, NATR:search, BKE:retail/search, OLLI:retail/search, COLM:search, ULTA:search, FIZZ:search, DPZ:retail, CMG:retail/search, NKE:search, LWAY:search, PLAY:retail/search, BRBY:search
-- review trajectory --
  SUJA   OK               n_sku=3 life=4.11 traj=NO_COHORT delta=None rpm=None
  NATR   BOT_WALL         n_sku=None life=None traj=NO_COHORT delta=None rpm=None
  BKE    NO_RETAIL_SKUS   n_sku=None life=None traj=None delta=None rpm=None
  OLLI   NO_RETAIL_SKUS   n_sku=None life=None traj=None delta=None rpm=None
  COLM   OK               n_sku=3 life=4.55 traj=NO_COHORT delta=None rpm=None
  ULTA   NO_RETAIL_SKUS   n_sku=None life=None traj=None delta=None rpm=None
  FIZZ   OK               n_sku=3 life=4.6 traj=NO_COHORT delta=None rpm=None
  DPZ    NO_RETAIL_SKUS   n_sku=None life=None traj=None delta=None rpm=None
  CMG    NO_RETAIL_SKUS   n_sku=None life=None traj=None delta=None rpm=None
  NKE    OK               n_sku=3 life=4.5 traj=NO_COHORT delta=None rpm=None
  LWAY   BOT_WALL         n_sku=None life=None traj=NO_COHORT delta=None rpm=None
  PLAY   NO_RETAIL_SKUS   n_sku=None life=None traj=None delta=None rpm=None
  BRBY   BOT_WALL         n_sku=None life=None traj=NO_COHORT delta=None rpm=None
[consumer_product_reviews] 13 brands -> /Users/ajay/exalted/signalos/verticals/buyside_dd/outputs/consumer_heat/CONSUMER_HEAT.json
  DEGRADED (loud): SUJA:cohort_delta=BASELINE_ONLY(needs 2nd snapshot); NATR:walmart_search=BOT_WALL|cohort_delta=BASELINE_ONLY(needs 2nd snapshot); COLM:cohort_delta=BASELINE_ONLY(needs 2nd snapshot); FIZZ:cohort_delta=BASELINE_ONLY(needs 2nd snapshot); NKE:amazon=DEGRADED_BOT_SHELL|cohort_delta=BASELINE_ONLY(needs 2nd snapshot); LWAY:walmart_search=BOT_WALL|cohort_delta=BASELINE_ONLY(needs 2nd snapshot); BRBY:walmart_search=BOT_WALL|cohort_delta=BASELINE_ONLY(needs 2nd snapshot)
[consumer_heat] rendered 13 brands -> /Users/ajay/exalted/signalos/desk/ui/static/consumer_heat.html

/Users/ajay/Library/Python/3.9/lib/python/site-packages/urllib3/__init__.py:35: NotOpenSSLWarning: urllib3 v2 only supports OpenSSL 1.1.1+, currently the 'ssl' module is compiled with 'LibreSSL 2.8.3'. See: https://github.com/urllib3/urllib3/issues/3020
  warnings.warn(

===== 2026-08-19 11:03 (desk) =====
=== consumer lane refresh 2026-08-19 17:55 UTC ===
-- trend heat --
  SUJA   NO_DATA              heat=  26.7 conf=0.45  Suja Life
  NATR   DECAYING             heat=  12.0 conf=1.0  Nature's Sunshine
  BKE    DECAYING             heat=  38.8 conf=0.75  The Buckle
  OLLI   NO_DATA              heat=  35.0 conf=0.2  Ollie's Bargain Outlet
  COLM   NO_DATA              heat=  26.7 conf=0.45  Columbia Sportswear
  ULTA   FLAT                 heat=  39.7 conf=1.0  Ulta Beauty
  FIZZ   DECAYING             heat=  28.1 conf=1.0  National Beverage (LaCroix)
  DPZ    FLAT                 heat=  44.0 conf=0.75  Domino's Pizza
  CMG    NO_DATA              heat=  50.0 conf=0.2  Chipotle
  NKE    NO_DATA              heat=  11.1 conf=0.45  Nike
  LWAY   NO_DATA              heat=  26.7 conf=0.45  Lifeway Foods
  PLAY   FLAT                 heat=  46.9 conf=0.75  Dave & Buster's
  BRBY   DECAYING             heat=  32.8 conf=1.0  Burberry
[consumer_product_heat] 13 brands -> /Users/ajay/exalted/signalos/verticals/buyside_dd/outputs/consumer_heat/CONSUMER_HEAT.json
  DEGRADED (loud): SUJA:search, BKE:retail, OLLI:retail/search, COLM:search, DPZ:retail, CMG:retail/search, NKE:search, LWAY:search, PLAY:retail
-- review trajectory --
  SUJA   OK               n_sku=3 life=4.11 traj=NO_COHORT delta=None rpm=0.0
  NATR   OK               n_sku=3 life=4.8 traj=NO_COHORT delta=None rpm=None
  BKE    NO_RETAIL_SKUS   n_sku=None life=None traj=None delta=None rpm=None
  OLLI   NO_RETAIL_SKUS   n_sku=None life=None traj=None delta=None rpm=None
  COLM   OK               n_sku=3 life=4.55 traj=LOW_N delta=-0.05 rpm=7.94
  ULTA   NO_RETAIL_SKUS   n_sku=None life=None traj=None delta=None rpm=None
  FIZZ   BOT_WALL         n_sku=None life=None traj=NO_COHORT delta=None rpm=None
  DPZ    NO_RETAIL_SKUS   n_sku=None life=None traj=None delta=None rpm=None
  CMG    NO_RETAIL_SKUS   n_sku=None life=None traj=None delta=None rpm=None
  NKE    OK               n_sku=3 life=4.5 traj=NO_COHORT delta=None rpm=None
  LWAY   BOT_WALL         n_sku=None life=None traj=NO_COHORT delta=None rpm=None
  PLAY   NO_RETAIL_SKUS   n_sku=None life=None traj=None delta=None rpm=None
  BRBY   OK               n_sku=3 life=4.6 traj=STABLE delta=0.03 rpm=47.64
[consumer_product_reviews] 13 brands -> /Users/ajay/exalted/signalos/verticals/buyside_dd/outputs/consumer_heat/CONSUMER_HEAT.json
  DEGRADED (loud): SUJA:cohort_delta=BASELINE_ONLY(needs 2nd snapshot); NATR:cohort_delta=BASELINE_ONLY(needs 2nd snapshot); FIZZ:walmart_search=BOT_WALL|cohort_delta=BASELINE_ONLY(needs 2nd snapshot); NKE:cohort_delta=BASELINE_ONLY(needs 2nd snapshot); LWAY:walmart_search=BOT_WALL|amazon=DEGRADED_BOT_SHELL|cohort_delta=BASELINE_ONLY(needs 2nd snapshot)
[consumer_heat] rendered 13 brands -> /Users/ajay/exalted/signalos/desk/ui/static/consumer_heat.html

/Users/ajay/Library/Python/3.9/lib/python/site-packages/urllib3/__init__.py:35: NotOpenSSLWarning: urllib3 v2 only supports OpenSSL 1.1.1+, currently the 'ssl' module is compiled with 'LibreSSL 2.8.3'. See: https://github.com/urllib3/urllib3/issues/3020
  warnings.warn(

===== 2026-08-20 12:13 (desk) =====
=== consumer lane refresh 2026-08-20 19:04 UTC ===
-- trend heat --
  SUJA   NO_DATA              heat=  26.7 conf=0.45  Suja Life
  NATR   DECAYING             heat=  12.0 conf=1.0  Nature's Sunshine
  BKE    NO_DATA              heat=  35.0 conf=0.2  The Buckle
  OLLI   DECAYING             heat=  34.3 conf=0.75  Ollie's Bargain Outlet
  COLM   NO_DATA              heat=  26.7 conf=0.45  Columbia Sportswear
  ULTA   NO_DATA              heat=  26.7 conf=0.45  Ulta Beauty
  FIZZ   DECAYING             heat=  27.9 conf=1.0  National Beverage (LaCroix)
  DPZ    FLAT                 heat=  44.5 conf=0.75  Domino's Pizza
  CMG    FLAT                 heat=  52.4 conf=0.75  Chipotle
  NKE    DECAYING             heat=  31.7 conf=1.0  Nike
  LWAY   DECAYING             heat=  12.0 conf=1.0  Lifeway Foods
  PLAY   FLAT                 heat=  45.9 conf=0.75  Dave & Buster's
  BRBY   DECAYING             heat=  32.9 conf=1.0  Burberry
[consumer_product_heat] 13 brands -> /Users/ajay/exalted/signalos/verticals/buyside_dd/outputs/consumer_heat/CONSUMER_HEAT.json
  DEGRADED (loud): SUJA:search, BKE:retail/search, OLLI:retail, COLM:search, ULTA:search, DPZ:retail, CMG:retail, PLAY:retail
-- review trajectory --
  SUJA   OK               n_sku=3 life=4.11 traj=NO_COHORT delta=None rpm=0.0
  NATR   OK               n_sku=3 life=4.6 traj=NO_COHORT delta=None rpm=None
  BKE    NO_RETAIL_SKUS   n_sku=None life=None traj=None delta=None rpm=None
  OLLI   NO_RETAIL_SKUS   n_sku=None life=None traj=None delta=None rpm=None
  COLM   OK               n_sku=3 life=4.55 traj=LOW_N delta=-0.05 rpm=9.74
  ULTA   NO_RETAIL_SKUS   n_sku=None life=None traj=None delta=None rpm=None
  FIZZ   OK               n_sku=3 life=4.6 traj=STABLE delta=0.0 rpm=1477.46
  DPZ    NO_RETAIL_SKUS   n_sku=None life=None traj=None delta=None rpm=None
  CMG    NO_RETAIL_SKUS   n_sku=None life=None traj=None delta=None rpm=None
  NKE    OK               n_sku=3 life=4.54 traj=NO_COHORT delta=None rpm=None
  LWAY   OK               n_sku=3 life=4.64 traj=STABLE delta=0.06 rpm=991.25
  PLAY   NO_RETAIL_SKUS   n_sku=None life=None traj=None delta=None rpm=None
  BRBY   OK               n_sku=3 life=4.54 traj=STABLE delta=-0.02 rpm=56.11
[consumer_product_reviews] 13 brands -> /Users/ajay/exalted/signalos/verticals/buyside_dd/outputs/consumer_heat/CONSUMER_HEAT.json
  DEGRADED (loud): SUJA:cohort_delta=BASELINE_ONLY(needs 2nd snapshot); NATR:cohort_delta=BASELINE_ONLY(needs 2nd snapshot); FIZZ:amazon=DEGRADED_BOT_SHELL; NKE:cohort_delta=BASELINE_ONLY(needs 2nd snapshot); LWAY:amazon=DEGRADED_BOT_SHELL
[consumer_heat] rendered 13 brands -> /Users/ajay/exalted/signalos/desk/ui/static/consumer_heat.html

/Users/ajay/Library/Python/3.9/lib/python/site-packages/urllib3/__init__.py:35: NotOpenSSLWarning: urllib3 v2 only supports OpenSSL 1.1.1+, currently the 'ssl' module is compiled with 'LibreSSL 2.8.3'. See: https://github.com/urllib3/urllib3/issues/3020
  warnings.warn(

===== 2026-08-21 13:09 (desk) =====
=== consumer lane refresh 2026-08-21 20:00 UTC ===
-- trend heat --
  SUJA   DECAYING             heat=  27.3 conf=1.0  Suja Life
  NATR   DECAYING             heat=  12.0 conf=1.0  Nature's Sunshine
  BKE    DECAYING             heat=  38.9 conf=0.75  The Buckle
  OLLI   DECAYING             heat=  34.2 conf=0.75  Ollie's Bargain Outlet
  COLM   DECAYING             heat=  12.0 conf=1.0  Columbia Sportswear
  ULTA   FLAT                 heat=  40.6 conf=1.0  Ulta Beauty
  FIZZ   DECAYING             heat=  28.5 conf=1.0  National Beverage (LaCroix)
  DPZ    FLAT                 heat=  43.5 conf=0.75  Domino's Pizza
  CMG    FLAT                 heat=  54.1 conf=0.75  Chipotle
  NKE    DECAYING             heat=  37.5 conf=1.0  Nike
  LWAY   DECAYING             heat=  12.0 conf=1.0  Lifeway Foods
  PLAY   FLAT                 heat=  46.5 conf=0.75  Dave & Buster's
  BRBY   DECAYING             heat=  33.4 conf=1.0  Burberry
[consumer_product_heat] 13 brands -> /Users/ajay/exalted/signalos/verticals/buyside_dd/outputs/consumer_heat/CONSUMER_HEAT.json
  DEGRADED (loud): BKE:retail, OLLI:retail, DPZ:retail, CMG:retail, PLAY:retail
-- review trajectory --
  SUJA   OK               n_sku=3 life=3.75 traj=NO_COHORT delta=None rpm=0.0
  NATR   OK               n_sku=3 life=4.74 traj=NO_COHORT delta=None rpm=None
  BKE    NO_RETAIL_SKUS   n_sku=None life=None traj=None delta=None rpm=None
  OLLI   NO_RETAIL_SKUS   n_sku=None life=None traj=None delta=None rpm=None
  COLM   OK               n_sku=3 life=4.55 traj=NO_COHORT delta=None rpm=0.0
  ULTA   NO_RETAIL_SKUS   n_sku=None life=None traj=None delta=None rpm=None
  FIZZ   OK               n_sku=3 life=4.6 traj=STABLE delta=0.0 rpm=1868.34
  DPZ    NO_RETAIL_SKUS   n_sku=None life=None traj=None delta=None rpm=None
  CMG    NO_RETAIL_SKUS   n_sku=None life=None traj=None delta=None rpm=None
  NKE    OK               n_sku=3 life=4.5 traj=LOW_N delta=0.05 rpm=38.92
  LWAY   OK               n_sku=3 life=4.64 traj=STABLE delta=0.06 rpm=817.31
  PLAY   NO_RETAIL_SKUS   n_sku=None life=None traj=None delta=None rpm=None
  BRBY   OK               n_sku=3 life=4.6 traj=STABLE delta=-0.08 rpm=46.26
[consumer_product_reviews] 13 brands -> /Users/ajay/exalted/signalos/verticals/buyside_dd/outputs/consumer_heat/CONSUMER_HEAT.json
  DEGRADED (loud): SUJA:cohort_delta=BASELINE_ONLY(needs 2nd snapshot); NATR:amazon=DEGRADED_BOT_SHELL|cohort_delta=BASELINE_ONLY(needs 2nd snapshot); COLM:cohort_delta=BASELINE_ONLY(needs 2nd snapshot); LWAY:amazon=DEGRADED_BOT_SHELL
[consumer_heat] rendered 13 brands -> /Users/ajay/exalted/signalos/desk/ui/static/consumer_heat.html

/Users/ajay/Library/Python/3.9/lib/python/site-packages/urllib3/__init__.py:35: NotOpenSSLWarning: urllib3 v2 only supports OpenSSL 1.1.1+, currently the 'ssl' module is compiled with 'LibreSSL 2.8.3'. See: https://github.com/urllib3/urllib3/issues/3020
  warnings.warn(

===== 2026-08-24 02:13 (desk) =====
=== consumer lane refresh 2026-08-24 09:03 UTC ===
-- trend heat --
  SUJA   DECAYING             heat=  24.9 conf=1.0  Suja Life
  NATR   NO_DATA              heat=  26.7 conf=0.45  Nature's Sunshine
  BKE    NO_DATA              heat=  35.0 conf=0.2  The Buckle
  OLLI   DECAYING             heat=  32.8 conf=0.75  Ollie's Bargain Outlet
  COLM   DECAYING             heat=  15.5 conf=1.0  Columbia Sportswear
  ULTA   FLAT                 heat=  40.0 conf=1.0  Ulta Beauty
  FIZZ   DECAYING             heat=  24.3 conf=1.0  National Beverage (LaCroix)
  DPZ    NO_DATA              heat=  35.0 conf=0.2  Domino's Pizza
  CMG    NO_DATA              heat=  78.4 conf=0.2  Chipotle
  NKE    NO_DATA              heat=  20.7 conf=0.45  Nike
  LWAY   DECAYING             heat=  12.0 conf=1.0  Lifeway Foods
  PLAY   FLAT                 heat=  46.8 conf=0.75  Dave & Buster's
  BRBY   DECAYING             heat=  32.4 conf=1.0  Burberry
[consumer_product_heat] 13 brands -> /Users/ajay/exalted/signalos/verticals/buyside_dd/outputs/consumer_heat/CONSUMER_HEAT.json
  DEGRADED (loud): NATR:search, BKE:retail/search, OLLI:retail, DPZ:retail/search, CMG:retail/search, NKE:search, PLAY:retail
-- review trajectory --
  SUJA   OK               n_sku=3 life=4.6 traj=STABLE delta=0.0 rpm=235.94
  NATR   OK               n_sku=3 life=4.76 traj=NO_COHORT delta=None rpm=25.47
  BKE    NO_RETAIL_SKUS   n_sku=None life=None traj=None delta=None rpm=None
  OLLI   NO_RETAIL_SKUS   n_sku=None life=None traj=None delta=None rpm=None
  COLM   OK               n_sku=3 life=4.5 traj=NO_COHORT delta=None rpm=0.0
  ULTA   NO_RETAIL_SKUS   n_sku=None life=None traj=None delta=None rpm=None
  FIZZ   OK               n_sku=3 life=4.6 traj=STABLE delta=0.0 rpm=2064.08
  DPZ    NO_RETAIL_SKUS   n_sku=None life=None traj=None delta=None rpm=None
  CMG    NO_RETAIL_SKUS   n_sku=None life=None traj=None delta=None rpm=None
  NKE    OK               n_sku=3 life=4.56 traj=LOW_N delta=-0.06 rpm=25.48
  LWAY   OK               n_sku=3 life=4.64 traj=STABLE delta=0.01 rpm=1078.78
  PLAY   NO_RETAIL_SKUS   n_sku=None life=None traj=None delta=None rpm=None
  BRBY   OK               n_sku=3 life=4.64 traj=LOW_N delta=-0.34 rpm=16.99
[consumer_product_reviews] 13 brands -> /Users/ajay/exalted/signalos/verticals/buyside_dd/outputs/consumer_heat/CONSUMER_HEAT.json
  DEGRADED (loud): NATR:cohort_delta=BASELINE_ONLY(needs 2nd snapshot); COLM:cohort_delta=BASELINE_ONLY(needs 2nd snapshot); NKE:amazon=DEGRADED_BOT_SHELL
[consumer_heat] rendered 13 brands -> /Users/ajay/exalted/signalos/desk/ui/static/consumer_heat.html

/Users/ajay/Library/Python/3.9/lib/python/site-packages/urllib3/__init__.py:35: NotOpenSSLWarning: urllib3 v2 only supports OpenSSL 1.1.1+, currently the 'ssl' module is compiled with 'LibreSSL 2.8.3'. See: https://github.com/urllib3/urllib3/issues/3020
  warnings.warn(

===== 2026-08-25 03:07 (desk) =====
=== consumer lane refresh 2026-08-25 09:57 UTC ===
-- trend heat --
  SUJA   NO_DATA              heat=  26.7 conf=0.45  Suja Life
  NATR   NO_DATA              heat=  26.7 conf=0.45  Nature's Sunshine
  BKE    DECAYING             heat=  38.8 conf=0.75  The Buckle
  OLLI   NO_DATA              heat=  35.0 conf=0.2  Ollie's Bargain Outlet
  COLM   NO_DATA              heat=  26.7 conf=0.45  Columbia Sportswear
  ULTA   FLAT                 heat=  39.2 conf=1.0  Ulta Beauty
  FIZZ   DECAYING             heat=  26.6 conf=1.0  National Beverage (LaCroix)
  DPZ    FLAT                 heat=  42.9 conf=0.75  Domino's Pizza
  CMG    FLAT                 heat=  54.5 conf=0.75  Chipotle
  NKE    NO_DATA              heat=  55.6 conf=0.45  Nike
  LWAY   DECAYING             heat=  12.0 conf=1.0  Lifeway Foods
  PLAY   FLAT                 heat=  43.1 conf=0.75  Dave & Buster's
  BRBY   DECAYING             heat=  31.2 conf=1.0  Burberry
[consumer_product_heat] 13 brands -> /Users/ajay/exalted/signalos/verticals/buyside_dd/outputs/consumer_heat/CONSUMER_HEAT.json
  DEGRADED (loud): SUJA:search, NATR:search, BKE:retail, OLLI:retail/search, COLM:search, DPZ:retail, CMG:retail, NKE:search, PLAY:retail
-- review trajectory --
  SUJA   OK               n_sku=3 life=4.6 traj=STABLE delta=0.0 rpm=247.58
  NATR   OK               n_sku=3 life=4.7 traj=NO_COHORT delta=None rpm=15.09
  BKE    NO_RETAIL_SKUS   n_sku=None life=None traj=None delta=None rpm=None
  OLLI   NO_RETAIL_SKUS   n_sku=None life=None traj=None delta=None rpm=None
  COLM   OK               n_sku=3 life=4.5 traj=NO_COHORT delta=None rpm=0.0
  ULTA   NO_RETAIL_SKUS   n_sku=None life=None traj=None delta=None rpm=None
  FIZZ   OK               n_sku=3 life=4.6 traj=STABLE delta=0.0 rpm=1410.8
  DPZ    NO_RETAIL_SKUS   n_sku=None life=None traj=None delta=None rpm=None
  CMG    NO_RETAIL_SKUS   n_sku=None life=None traj=None delta=None rpm=None
  NKE    OK               n_sku=3 life=4.59 traj=LOW_N delta=-0.09 rpm=33.99
  LWAY   OK               n_sku=3 life=4.64 traj=STABLE delta=0.0 rpm=1699.8
  PLAY   NO_RETAIL_SKUS   n_sku=None life=None traj=None delta=None rpm=None
  BRBY   OK               n_sku=3 life=4.6 traj=LOW_N delta=-0.3 rpm=25.5
[consumer_product_reviews] 13 brands -> /Users/ajay/exalted/signalos/verticals/buyside_dd/outputs/consumer_heat/CONSUMER_HEAT.json
  DEGRADED (loud): NATR:cohort_delta=BASELINE_ONLY(needs 2nd snapshot); COLM:cohort_delta=BASELINE_ONLY(needs 2nd snapshot); FIZZ:amazon=DEGRADED_BOT_SHELL; LWAY:amazon=DEGRADED_BOT_SHELL
[consumer_heat] rendered 13 brands -> /Users/ajay/exalted/signalos/desk/ui/static/consumer_heat.html

/Users/ajay/Library/Python/3.9/lib/python/site-packages/urllib3/__init__.py:35: NotOpenSSLWarning: urllib3 v2 only supports OpenSSL 1.1.1+, currently the 'ssl' module is compiled with 'LibreSSL 2.8.3'. See: https://github.com/urllib3/urllib3/issues/3020
  warnings.warn(

===== 2026-08-26 04:16 (desk) =====
=== consumer lane refresh 2026-08-26 11:06 UTC ===
-- trend heat --
  SUJA   DECAYING             heat=  26.5 conf=1.0  Suja Life
  NATR   NO_DATA              heat=  26.7 conf=0.45  Nature's Sunshine
  BKE    NO_DATA              heat=  35.0 conf=0.2  The Buckle
  OLLI   DECAYING             heat=  31.2 conf=0.75  Ollie's Bargain Outlet
  COLM   DECAYING             heat=  13.3 conf=1.0  Columbia Sportswear
  ULTA   NO_DATA              heat=  26.7 conf=0.45  Ulta Beauty
  FIZZ   DECAYING             heat=  26.3 conf=1.0  National Beverage (LaCroix)
  DPZ    FLAT                 heat=  42.0 conf=0.75  Domino's Pizza
  CMG    FLAT                 heat=  67.5 conf=0.75  Chipotle
  NKE    DECAYING             heat=  46.8 conf=1.0  Nike
  LWAY   NO_DATA              heat=  26.7 conf=0.45  Lifeway Foods
  PLAY   NO_DATA              heat=  35.0 conf=0.2  Dave & Buster's
  BRBY   DECAYING             heat=  31.3 conf=1.0  Burberry
[consumer_product_heat] 13 brands -> /Users/ajay/exalted/signalos/verticals/buyside_dd/outputs/consumer_heat/CONSUMER_HEAT.json
  DEGRADED (loud): NATR:search, BKE:retail/search, OLLI:retail, ULTA:search, DPZ:retail, CMG:retail, LWAY:search, PLAY:retail/search
-- review trajectory --
  SUJA   OK               n_sku=3 life=4.6 traj=STABLE delta=0.0 rpm=242.3
  NATR   OK               n_sku=3 life=4.6 traj=NO_COHORT delta=None rpm=None
  BKE    NO_RETAIL_SKUS   n_sku=None life=None traj=None delta=None rpm=None
  OLLI   NO_RETAIL_SKUS   n_sku=None life=None traj=None delta=None rpm=None
  COLM   OK               n_sku=3 life=4.5 traj=NO_COHORT delta=None rpm=0.0
  ULTA   NO_RETAIL_SKUS   n_sku=None life=None traj=None delta=None rpm=None
  FIZZ   OK               n_sku=3 life=4.6 traj=STABLE delta=0.0 rpm=1117.72
  DPZ    NO_RETAIL_SKUS   n_sku=None life=None traj=None delta=None rpm=None
  CMG    NO_RETAIL_SKUS   n_sku=None life=None traj=None delta=None rpm=None
  NKE    OK               n_sku=3 life=4.6 traj=STABLE delta=-0.1 rpm=32.87
  LWAY   OK               n_sku=3 life=4.64 traj=STABLE delta=0.0 rpm=1334.67
  PLAY   NO_RETAIL_SKUS   n_sku=None life=None traj=None delta=None rpm=None
  BRBY   OK               n_sku=3 life=4.6 traj=LOW_N delta=-0.3 rpm=19.72
[consumer_product_reviews] 13 brands -> /Users/ajay/exalted/signalos/verticals/buyside_dd/outputs/consumer_heat/CONSUMER_HEAT.json
  DEGRADED (loud): NATR:cohort_delta=BASELINE_ONLY(needs 2nd snapshot); COLM:cohort_delta=BASELINE_ONLY(needs 2nd snapshot)
[consumer_heat] rendered 13 brands -> /Users/ajay/exalted/signalos/desk/ui/static/consumer_heat.html

/Users/ajay/Library/Python/3.9/lib/python/site-packages/urllib3/__init__.py:35: NotOpenSSLWarning: urllib3 v2 only supports OpenSSL 1.1.1+, currently the 'ssl' module is compiled with 'LibreSSL 2.8.3'. See: https://github.com/urllib3/urllib3/issues/3020
  warnings.warn(

===== 2026-08-27 05:09 (desk) =====
=== consumer lane refresh 2026-08-27 11:59 UTC ===
-- trend heat --
  SUJA   NO_DATA              heat=  26.7 conf=0.45  Suja Life
  NATR   DECAYING             heat=  12.0 conf=1.0  Nature's Sunshine
  BKE    DECAYING             heat=  38.3 conf=0.75  The Buckle
  OLLI   NO_DATA              heat=  35.0 conf=0.2  Ollie's Bargain Outlet
  COLM   NO_DATA              heat=  26.7 conf=0.45  Columbia Sportswear
  ULTA   NO_DATA              heat=  26.7 conf=0.45  Ulta Beauty
  FIZZ   NO_DATA              heat=  26.7 conf=0.45  National Beverage (LaCroix)
  DPZ    NO_DATA              heat=  35.0 conf=0.2  Domino's Pizza
  CMG    NO_DATA              heat= 100.0 conf=0.2  Chipotle
  NKE    NO_DATA              heat=  24.6 conf=0.45  Nike
  LWAY   DECAYING             heat=  12.0 conf=1.0  Lifeway Foods
  PLAY   NO_DATA              heat=  35.0 conf=0.2  Dave & Buster's
  BRBY   NO_DATA              heat=  26.7 conf=0.45  Burberry
[consumer_product_heat] 13 brands -> /Users/ajay/exalted/signalos/verticals/buyside_dd/outputs/consumer_heat/CONSUMER_HEAT.json
  DEGRADED (loud): SUJA:search, BKE:retail, OLLI:retail/search, COLM:search, ULTA:search, FIZZ:search, DPZ:retail/search, CMG:retail/search, NKE:search, PLAY:retail/search, BRBY:search
-- review trajectory --
  SUJA   OK               n_sku=3 life=4.6 traj=LOW_N delta=0.0 rpm=19.5
  NATR   OK               n_sku=3 life=4.51 traj=NO_COHORT delta=None rpm=0.0
  BKE    NO_RETAIL_SKUS   n_sku=None life=None traj=None delta=None rpm=None
  OLLI   NO_RETAIL_SKUS   n_sku=None life=None traj=None delta=None rpm=None
  COLM   OK               n_sku=3 life=5.0 traj=NO_COHORT delta=None rpm=0.0
  ULTA   NO_RETAIL_SKUS   n_sku=None life=None traj=None delta=None rpm=None
  FIZZ   OK               n_sku=3 life=4.6 traj=STABLE delta=0.0 rpm=1345.52
  DPZ    NO_RETAIL_SKUS   n_sku=None life=None traj=None delta=None rpm=None
  CMG    NO_RETAIL_SKUS   n_sku=None life=None traj=None delta=None rpm=None
  NKE    OK               n_sku=3 life=4.75 traj=NO_COHORT delta=None rpm=29.25
  LWAY   OK               n_sku=3 life=4.64 traj=STABLE delta=-0.01 rpm=1423.51
  PLAY   NO_RETAIL_SKUS   n_sku=None life=None traj=None delta=None rpm=None
  BRBY   OK               n_sku=3 life=4.64 traj=LOW_N delta=-0.09 rpm=19.5
[consumer_product_reviews] 13 brands -> /Users/ajay/exalted/signalos/verticals/buyside_dd/outputs/consumer_heat/CONSUMER_HEAT.json
  DEGRADED (loud): NATR:cohort_delta=BASELINE_ONLY(needs 2nd snapshot); COLM:cohort_delta=BASELINE_ONLY(needs 2nd snapshot); NKE:amazon=DEGRADED_BOT_SHELL|cohort_delta=BASELINE_ONLY(needs 2nd snapshot)
[consumer_heat] rendered 13 brands -> /Users/ajay/exalted/signalos/desk/ui/static/consumer_heat.html

/Users/ajay/Library/Python/3.9/lib/python/site-packages/urllib3/__init__.py:35: NotOpenSSLWarning: urllib3 v2 only supports OpenSSL 1.1.1+, currently the 'ssl' module is compiled with 'LibreSSL 2.8.3'. See: https://github.com/urllib3/urllib3/issues/3020
  warnings.warn(

===== 2026-08-28 06:09 (desk) =====
=== consumer lane refresh 2026-08-28 13:03 UTC ===
-- trend heat --
  SUJA   NO_DATA              heat=  26.7 conf=0.45  Suja Life
  NATR   NO_DATA              heat=  26.7 conf=0.45  Nature's Sunshine
  BKE    DECAYING             heat=  39.2 conf=0.75  The Buckle
  OLLI   DECAYING             heat=  33.4 conf=0.75  Ollie's Bargain Outlet
  COLM   NO_DATA              heat=  26.7 conf=0.45  Columbia Sportswear
  ULTA   FLAT                 heat=  52.4 conf=1.0  Ulta Beauty
  FIZZ   NO_DATA              heat=  26.7 conf=0.45  National Beverage (LaCroix)
  DPZ    FLAT                 heat=  41.2 conf=0.75  Domino's Pizza
  CMG    NO_DATA              heat= 100.0 conf=0.2  Chipotle
  NKE    DECAYING             heat=  27.0 conf=1.0  Nike
  LWAY   DECAYING             heat=  12.0 conf=1.0  Lifeway Foods
  PLAY   NO_DATA              heat=  35.0 conf=0.2  Dave & Buster's
  BRBY   DECAYING             heat=  31.6 conf=1.0  Burberry
[consumer_product_heat] 13 brands -> /Users/ajay/exalted/signalos/verticals/buyside_dd/outputs/consumer_heat/CONSUMER_HEAT.json
  DEGRADED (loud): SUJA:search, NATR:search, BKE:retail, OLLI:retail, COLM:search, FIZZ:search, DPZ:retail, CMG:retail/search, PLAY:retail/search
-- review trajectory --
  SUJA   BOT_WALL         n_sku=None life=None traj=NO_COHORT delta=None rpm=None
  NATR   BOT_WALL         n_sku=None life=None traj=NO_COHORT delta=None rpm=None
  BKE    NO_RETAIL_SKUS   n_sku=None life=None traj=None delta=None rpm=None
  OLLI   NO_RETAIL_SKUS   n_sku=None life=None traj=None delta=None rpm=None
  COLM   BOT_WALL         n_sku=None life=None traj=NO_COHORT delta=None rpm=None
  ULTA   NO_RETAIL_SKUS   n_sku=None life=None traj=None delta=None rpm=None
  FIZZ   BOT_WALL         n_sku=None life=None traj=NO_COHORT delta=None rpm=None
  DPZ    NO_RETAIL_SKUS   n_sku=None life=None traj=None delta=None rpm=None
  CMG    NO_RETAIL_SKUS   n_sku=None life=None traj=None delta=None rpm=None
  NKE    BOT_WALL         n_sku=None life=None traj=NO_COHORT delta=None rpm=None
  LWAY   BOT_WALL         n_sku=None life=None traj=NO_COHORT delta=None rpm=None
  PLAY   NO_RETAIL_SKUS   n_sku=None life=None traj=None delta=None rpm=None
  BRBY   BOT_WALL         n_sku=None life=None traj=NO_COHORT delta=None rpm=None
[consumer_product_reviews] 13 brands -> /Users/ajay/exalted/signalos/verticals/buyside_dd/outputs/consumer_heat/CONSUMER_HEAT.json
  DEGRADED (loud): SUJA:walmart_search=BOT_WALL|amazon=DEGRADED_BOT_SHELL|cohort_delta=BASELINE_ONLY(needs 2nd snapshot); NATR:walmart_search=BOT_WALL|amazon=DEGRADED_BOT_SHELL|cohort_delta=BASELINE_ONLY(needs 2nd snapshot); COLM:walmart_search=BOT_WALL|amazon=DEGRADED_BOT_SHELL|cohort_delta=BASELINE_ONLY(needs 2nd snapshot); FIZZ:walmart_search=BOT_WALL|cohort_delta=BASELINE_ONLY(needs 2nd snapshot); NKE:walmart_search=BOT_WALL|amazon=DEGRADED_BOT_SHELL|cohort_delta=BASELINE_ONLY(needs 2nd snapshot); LWAY:walmart_search=BOT_WALL|amazon=DEGRADED_BOT_SHELL|cohort_delta=BASELINE_ONLY(needs 2nd snapshot); BRBY:walmart_search=BOT_WALL|amazon=DEGRADED_BOT_SHELL|cohort_delta=BASELINE_ONLY(needs 2nd snapshot)
[consumer_heat] rendered 13 brands -> /Users/ajay/exalted/signalos/desk/ui/static/consumer_heat.html

/Users/ajay/Library/Python/3.9/lib/python/site-packages/urllib3/__init__.py:35: NotOpenSSLWarning: urllib3 v2 only supports OpenSSL 1.1.1+, currently the 'ssl' module is compiled with 'LibreSSL 2.8.3'. See: https://github.com/urllib3/urllib3/issues/3020
  warnings.warn(

===== 2026-08-31 01:08 (desk) =====
=== consumer lane refresh 2026-08-31 08:02 UTC ===
-- trend heat --
  SUJA   DECAYING             heat=  22.9 conf=1.0  Suja Life
  NATR   DECAYING             heat=  14.5 conf=1.0  Nature's Sunshine
  BKE    FLAT                 heat=  42.0 conf=0.75  The Buckle
  OLLI   DECAYING             heat=  35.1 conf=0.75  Ollie's Bargain Outlet
  COLM   DECAYING             heat=  23.4 conf=1.0  Columbia Sportswear
  ULTA   FLAT                 heat=  43.2 conf=1.0  Ulta Beauty
  FIZZ   DECAYING             heat=  26.7 conf=1.0  National Beverage (LaCroix)
  DPZ    FLAT                 heat=  45.0 conf=0.75  Domino's Pizza
  CMG    RISING               heat=  56.9 conf=0.75  Chipotle
  NKE    DECAYING             heat=  45.6 conf=1.0  Nike
  LWAY   DECAYING             heat=  12.0 conf=1.0  Lifeway Foods
  PLAY   FLAT                 heat=  42.2 conf=0.75  Dave & Buster's
  BRBY   DECAYING             heat=  31.4 conf=1.0  Burberry
[consumer_product_heat] 13 brands -> /Users/ajay/exalted/signalos/verticals/buyside_dd/outputs/consumer_heat/CONSUMER_HEAT.json
  DEGRADED (loud): BKE:retail, OLLI:retail, DPZ:retail, CMG:retail, PLAY:retail
-- review trajectory --
  SUJA   BOT_WALL         n_sku=None life=None traj=NO_COHORT delta=None rpm=None
  NATR   BOT_WALL         n_sku=None life=None traj=NO_COHORT delta=None rpm=None
  BKE    NO_RETAIL_SKUS   n_sku=None life=None traj=None delta=None rpm=None
  OLLI   NO_RETAIL_SKUS   n_sku=None life=None traj=None delta=None rpm=None
  COLM   BOT_WALL         n_sku=None life=None traj=NO_COHORT delta=None rpm=None
  ULTA   NO_RETAIL_SKUS   n_sku=None life=None traj=None delta=None rpm=None
  FIZZ   BOT_WALL         n_sku=None life=None traj=NO_COHORT delta=None rpm=None
  DPZ    NO_RETAIL_SKUS   n_sku=None life=None traj=None delta=None rpm=None
  CMG    NO_RETAIL_SKUS   n_sku=None life=None traj=None delta=None rpm=None
  NKE    BOT_WALL         n_sku=None life=None traj=NO_COHORT delta=None rpm=None
  LWAY   BOT_WALL         n_sku=None life=None traj=NO_COHORT delta=None rpm=None
  PLAY   NO_RETAIL_SKUS   n_sku=None life=None traj=None delta=None rpm=None
  BRBY   BOT_WALL         n_sku=None life=None traj=NO_COHORT delta=None rpm=None
[consumer_product_reviews] 13 brands -> /Users/ajay/exalted/signalos/verticals/buyside_dd/outputs/consumer_heat/CONSUMER_HEAT.json
  DEGRADED (loud): SUJA:walmart_search=BOT_WALL|cohort_delta=BASELINE_ONLY(needs 2nd snapshot); NATR:walmart_search=BOT_WALL|amazon=DEGRADED_BOT_SHELL|cohort_delta=BASELINE_ONLY(needs 2nd snapshot); COLM:walmart_search=BOT_WALL|cohort_delta=BASELINE_ONLY(needs 2nd snapshot); FIZZ:walmart_search=BOT_WALL|amazon=DEGRADED_BOT_SHELL|cohort_delta=BASELINE_ONLY(needs 2nd snapshot); NKE:walmart_search=BOT_WALL|cohort_delta=BASELINE_ONLY(needs 2nd snapshot); LWAY:walmart_search=BOT_WALL|cohort_delta=BASELINE_ONLY(needs 2nd snapshot); BRBY:walmart_search=BOT_WALL|cohort_delta=BASELINE_ONLY(needs 2nd snapshot)
[consumer_heat] rendered 13 brands -> /Users/ajay/exalted/signalos/desk/ui/static/consumer_heat.html

/Users/ajay/Library/Python/3.9/lib/python/site-packages/urllib3/__init__.py:35: NotOpenSSLWarning: urllib3 v2 only supports OpenSSL 1.1.1+, currently the 'ssl' module is compiled with 'LibreSSL 2.8.3'. See: https://github.com/urllib3/urllib3/issues/3020
  warnings.warn(

===== 2026-09-01 02:02 (desk) =====
=== consumer lane refresh 2026-09-01 08:56 UTC ===
-- trend heat --
  SUJA   DECAYING             heat=  24.2 conf=1.0  Suja Life
  NATR   NO_DATA              heat=  26.7 conf=0.45  Nature's Sunshine
  BKE    DECAYING             heat=  39.8 conf=0.75  The Buckle
  OLLI   NO_DATA              heat=  35.0 conf=0.2  Ollie's Bargain Outlet
  COLM   NO_DATA              heat=  26.7 conf=0.45  Columbia Sportswear
  ULTA   FLAT                 heat=  41.4 conf=1.0  Ulta Beauty
  FIZZ   NO_DATA              heat=  26.7 conf=0.45  National Beverage (LaCroix)
  DPZ    FLAT                 heat=  42.9 conf=0.75  Domino's Pizza
  CMG    RISING               heat=  68.6 conf=0.75  Chipotle
  NKE    DECAYING             heat=  27.0 conf=1.0  Nike
  LWAY   DECAYING             heat=  12.2 conf=1.0  Lifeway Foods
  PLAY   NO_DATA              heat=  35.0 conf=0.2  Dave & Buster's
  BRBY   NO_DATA              heat=  26.7 conf=0.45  Burberry
[consumer_product_heat] 13 brands -> /Users/ajay/exalted/signalos/verticals/buyside_dd/outputs/consumer_heat/CONSUMER_HEAT.json
  DEGRADED (loud): NATR:search, BKE:retail, OLLI:retail/search, COLM:search, FIZZ:search, DPZ:retail, CMG:retail, PLAY:retail/search, BRBY:search
-- review trajectory --
  SUJA   BOT_WALL         n_sku=None life=None traj=NO_COHORT delta=None rpm=None
  NATR   BOT_WALL         n_sku=None life=None traj=NO_COHORT delta=None rpm=None
  BKE    NO_RETAIL_SKUS   n_sku=None life=None traj=None delta=None rpm=None
  OLLI   NO_RETAIL_SKUS   n_sku=None life=None traj=None delta=None rpm=None
  COLM   BOT_WALL         n_sku=None life=None traj=NO_COHORT delta=None rpm=None
  ULTA   NO_RETAIL_SKUS   n_sku=None life=None traj=None delta=None rpm=None
  FIZZ   BOT_WALL         n_sku=None life=None traj=NO_COHORT delta=None rpm=None
  DPZ    NO_RETAIL_SKUS   n_sku=None life=None traj=None delta=None rpm=None
  CMG    NO_RETAIL_SKUS   n_sku=None life=None traj=None delta=None rpm=None
  NKE    BOT_WALL         n_sku=None life=None traj=NO_COHORT delta=None rpm=None
  LWAY   BOT_WALL         n_sku=None life=None traj=NO_COHORT delta=None rpm=None
  PLAY   NO_RETAIL_SKUS   n_sku=None life=None traj=None delta=None rpm=None
  BRBY   BOT_WALL         n_sku=None life=None traj=NO_COHORT delta=None rpm=None
[consumer_product_reviews] 13 brands -> /Users/ajay/exalted/signalos/verticals/buyside_dd/outputs/consumer_heat/CONSUMER_HEAT.json
  DEGRADED (loud): SUJA:walmart_search=BOT_WALL|cohort_delta=BASELINE_ONLY(needs 2nd snapshot); NATR:walmart_search=BOT_WALL|cohort_delta=BASELINE_ONLY(needs 2nd snapshot); COLM:walmart_search=BOT_WALL|cohort_delta=BASELINE_ONLY(needs 2nd snapshot); FIZZ:walmart_search=BOT_WALL|cohort_delta=BASELINE_ONLY(needs 2nd snapshot); NKE:walmart_search=BOT_WALL|cohort_delta=BASELINE_ONLY(needs 2nd snapshot); LWAY:walmart_search=BOT_WALL|amazon=DEGRADED_BOT_SHELL|cohort_delta=BASELINE_ONLY(needs 2nd snapshot); BRBY:walmart_search=BOT_WALL|amazon=DEGRADED_BOT_SHELL|cohort_delta=BASELINE_ONLY(needs 2nd snapshot)
[consumer_heat] rendered 13 brands -> /Users/ajay/exalted/signalos/desk/ui/static/consumer_heat.html

/Users/ajay/Library/Python/3.9/lib/python/site-packages/urllib3/__init__.py:35: NotOpenSSLWarning: urllib3 v2 only supports OpenSSL 1.1.1+, currently the 'ssl' module is compiled with 'LibreSSL 2.8.3'. See: https://github.com/urllib3/urllib3/issues/3020
  warnings.warn(

===== 2026-09-02 03:05 (desk) =====
=== consumer lane refresh 2026-09-02 09:59 UTC ===
-- trend heat --
  SUJA   DECAYING             heat=  23.7 conf=1.0  Suja Life
  NATR   DECAYING             heat=  14.4 conf=1.0  Nature's Sunshine
  BKE    NO_DATA              heat=  35.0 conf=0.2  The Buckle
  OLLI   DECAYING             heat=  33.7 conf=0.75  Ollie's Bargain Outlet
  COLM   DECAYING             heat=  22.3 conf=1.0  Columbia Sportswear
  ULTA   NO_DATA              heat=  26.7 conf=0.45  Ulta Beauty
  FIZZ   NO_DATA              heat=  26.7 conf=0.45  National Beverage (LaCroix)
  DPZ    NO_DATA              heat=  35.0 conf=0.2  Domino's Pizza
  CMG    NO_DATA              heat=  50.0 conf=0.2  Chipotle
  NKE    NO_DATA              heat=  29.9 conf=0.45  Nike
  LWAY   DECAYING             heat=  12.0 conf=1.0  Lifeway Foods
  PLAY   DECAYING             heat=  49.3 conf=0.75  Dave & Buster's
  BRBY   NO_DATA              heat=  26.7 conf=0.45  Burberry
[consumer_product_heat] 13 brands -> /Users/ajay/exalted/signalos/verticals/buyside_dd/outputs/consumer_heat/CONSUMER_HEAT.json
  DEGRADED (loud): BKE:retail/search, OLLI:retail, ULTA:search, FIZZ:search, DPZ:retail/search, CMG:retail/search, NKE:search, PLAY:retail, BRBY:search
-- review trajectory --
  SUJA   BOT_WALL         n_sku=None life=None traj=NO_COHORT delta=None rpm=None
  NATR   BOT_WALL         n_sku=None life=None traj=NO_COHORT delta=None rpm=None
  BKE    NO_RETAIL_SKUS   n_sku=None life=None traj=None delta=None rpm=None
  OLLI   NO_RETAIL_SKUS   n_sku=None life=None traj=None delta=None rpm=None
  COLM   BOT_WALL         n_sku=None life=None traj=NO_COHORT delta=None rpm=None
  ULTA   NO_RETAIL_SKUS   n_sku=None life=None traj=None delta=None rpm=None
  FIZZ   BOT_WALL         n_sku=None life=None traj=NO_COHORT delta=None rpm=None
  DPZ    NO_RETAIL_SKUS   n_sku=None life=None traj=None delta=None rpm=None
  CMG    NO_RETAIL_SKUS   n_sku=None life=None traj=None delta=None rpm=None
  NKE    BOT_WALL         n_sku=None life=None traj=NO_COHORT delta=None rpm=None
  LWAY   BOT_WALL         n_sku=None life=None traj=NO_COHORT delta=None rpm=None
  PLAY   NO_RETAIL_SKUS   n_sku=None life=None traj=None delta=None rpm=None
  BRBY   BOT_WALL         n_sku=None life=None traj=NO_COHORT delta=None rpm=None
[consumer_product_reviews] 13 brands -> /Users/ajay/exalted/signalos/verticals/buyside_dd/outputs/consumer_heat/CONSUMER_HEAT.json
  DEGRADED (loud): SUJA:walmart_search=BOT_WALL|cohort_delta=BASELINE_ONLY(needs 2nd snapshot); NATR:walmart_search=BOT_WALL|cohort_delta=BASELINE_ONLY(needs 2nd snapshot); COLM:walmart_search=BOT_WALL|cohort_delta=BASELINE_ONLY(needs 2nd snapshot); FIZZ:walmart_search=BOT_WALL|cohort_delta=BASELINE_ONLY(needs 2nd snapshot); NKE:walmart_search=BOT_WALL|cohort_delta=BASELINE_ONLY(needs 2nd snapshot); LWAY:walmart_search=BOT_WALL|cohort_delta=BASELINE_ONLY(needs 2nd snapshot); BRBY:walmart_search=BOT_WALL|cohort_delta=BASELINE_ONLY(needs 2nd snapshot)
[consumer_heat] rendered 13 brands -> /Users/ajay/exalted/signalos/desk/ui/static/consumer_heat.html

/Users/ajay/Library/Python/3.9/lib/python/site-packages/urllib3/__init__.py:35: NotOpenSSLWarning: urllib3 v2 only supports OpenSSL 1.1.1+, currently the 'ssl' module is compiled with 'LibreSSL 2.8.3'. See: https://github.com/urllib3/urllib3/issues/3020
  warnings.warn(

===== 2026-09-03 04:10 (desk) =====
=== consumer lane refresh 2026-09-03 11:04 UTC ===
-- trend heat --
  SUJA   DECAYING             heat=  24.9 conf=1.0  Suja Life
  NATR   NO_DATA              heat=  26.7 conf=0.45  Nature's Sunshine
  BKE    FLAT                 heat=  40.3 conf=0.75  The Buckle
  OLLI   DECAYING             heat=  33.9 conf=0.75  Ollie's Bargain Outlet
  COLM   DECAYING             heat=  21.7 conf=1.0  Columbia Sportswear
  ULTA   FLAT                 heat=  40.8 conf=1.0  Ulta Beauty
  FIZZ   DECAYING             heat=  26.0 conf=1.0  National Beverage (LaCroix)
  DPZ    FLAT                 heat=  41.4 conf=0.75  Domino's Pizza
  CMG    RISING               heat=  61.7 conf=0.75  Chipotle
  NKE    DECAYING             heat=  45.0 conf=1.0  Nike
  LWAY   DECAYING             heat=  12.0 conf=1.0  Lifeway Foods
  PLAY   DECAYING             heat=  36.4 conf=0.75  Dave & Buster's
  BRBY   DECAYING             heat=  29.5 conf=1.0  Burberry
[consumer_product_heat] 13 brands -> /Users/ajay/exalted/signalos/verticals/buyside_dd/outputs/consumer_heat/CONSUMER_HEAT.json
  DEGRADED (loud): NATR:search, BKE:retail, OLLI:retail, DPZ:retail, CMG:retail, PLAY:retail
-- review trajectory --
  SUJA   BOT_WALL         n_sku=None life=None traj=NO_COHORT delta=None rpm=None
  NATR   BOT_WALL         n_sku=None life=None traj=NO_COHORT delta=None rpm=None
  BKE    NO_RETAIL_SKUS   n_sku=None life=None traj=None delta=None rpm=None
  OLLI   NO_RETAIL_SKUS   n_sku=None life=None traj=None delta=None rpm=None
  COLM   BOT_WALL         n_sku=None life=None traj=NO_COHORT delta=None rpm=None
  ULTA   NO_RETAIL_SKUS   n_sku=None life=None traj=None delta=None rpm=None
  FIZZ   BOT_WALL         n_sku=None life=None traj=NO_COHORT delta=None rpm=None
  DPZ    NO_RETAIL_SKUS   n_sku=None life=None traj=None delta=None rpm=None
  CMG    NO_RETAIL_SKUS   n_sku=None life=None traj=None delta=None rpm=None
  NKE    BOT_WALL         n_sku=None life=None traj=NO_COHORT delta=None rpm=None
  LWAY   BOT_WALL         n_sku=None life=None traj=NO_COHORT delta=None rpm=None
  PLAY   NO_RETAIL_SKUS   n_sku=None life=None traj=None delta=None rpm=None
  BRBY   BOT_WALL         n_sku=None life=None traj=NO_COHORT delta=None rpm=None
[consumer_product_reviews] 13 brands -> /Users/ajay/exalted/signalos/verticals/buyside_dd/outputs/consumer_heat/CONSUMER_HEAT.json
  DEGRADED (loud): SUJA:walmart_search=BOT_WALL|cohort_delta=BASELINE_ONLY(needs 2nd snapshot); NATR:walmart_search=BOT_WALL|cohort_delta=BASELINE_ONLY(needs 2nd snapshot); COLM:walmart_search=BOT_WALL|cohort_delta=BASELINE_ONLY(needs 2nd snapshot); FIZZ:walmart_search=BOT_WALL|cohort_delta=BASELINE_ONLY(needs 2nd snapshot); NKE:walmart_search=BOT_WALL|cohort_delta=BASELINE_ONLY(needs 2nd snapshot); LWAY:walmart_search=BOT_WALL|cohort_delta=BASELINE_ONLY(needs 2nd snapshot); BRBY:walmart_search=BOT_WALL|cohort_delta=BASELINE_ONLY(needs 2nd snapshot)
[consumer_heat] rendered 13 brands -> /Users/ajay/exalted/signalos/desk/ui/static/consumer_heat.html

/Users/ajay/Library/Python/3.9/lib/python/site-packages/urllib3/__init__.py:35: NotOpenSSLWarning: urllib3 v2 only supports OpenSSL 1.1.1+, currently the 'ssl' module is compiled with 'LibreSSL 2.8.3'. See: https://github.com/urllib3/urllib3/issues/3020
  warnings.warn(

===== 2026-09-04 05:04 (desk) =====
=== consumer lane refresh 2026-09-04 11:58 UTC ===
-- trend heat --
  SUJA   DECAYING             heat=  24.6 conf=1.0  Suja Life
  NATR   DECAYING             heat=  16.2 conf=1.0  Nature's Sunshine
  BKE    FLAT                 heat=  41.9 conf=0.75  The Buckle
  OLLI   DECAYING             heat=  35.7 conf=0.75  Ollie's Bargain Outlet
  COLM   DECAYING             heat=  20.7 conf=1.0  Columbia Sportswear
  ULTA   FLAT                 heat=  40.9 conf=1.0  Ulta Beauty
  FIZZ   NO_DATA              heat=  26.7 conf=0.45  National Beverage (LaCroix)
  DPZ    FLAT                 heat=  41.2 conf=0.75  Domino's Pizza
  CMG    RISING               heat=  44.7 conf=0.75  Chipotle
  NKE    DECAYING             heat=  38.9 conf=1.0  Nike
  LWAY   DECAYING             heat=  12.0 conf=1.0  Lifeway Foods
  PLAY   DECAYING             heat=  37.9 conf=0.75  Dave & Buster's
  BRBY   DECAYING             heat=  31.1 conf=1.0  Burberry
[consumer_product_heat] 13 brands -> /Users/ajay/exalted/signalos/verticals/buyside_dd/outputs/consumer_heat/CONSUMER_HEAT.json
  DEGRADED (loud): BKE:retail, OLLI:retail, FIZZ:search, DPZ:retail, CMG:retail, PLAY:retail
-- review trajectory --
  SUJA   BOT_WALL         n_sku=None life=None traj=NO_COHORT delta=None rpm=None
  NATR   BOT_WALL         n_sku=None life=None traj=NO_COHORT delta=None rpm=None
  BKE    NO_RETAIL_SKUS   n_sku=None life=None traj=None delta=None rpm=None
  OLLI   NO_RETAIL_SKUS   n_sku=None life=None traj=None delta=None rpm=None
  COLM   BOT_WALL         n_sku=None life=None traj=NO_COHORT delta=None rpm=None
  ULTA   NO_RETAIL_SKUS   n_sku=None life=None traj=None delta=None rpm=None
  FIZZ   BOT_WALL         n_sku=None life=None traj=NO_COHORT delta=None rpm=None
  DPZ    NO_RETAIL_SKUS   n_sku=None life=None traj=None delta=None rpm=None
  CMG    NO_RETAIL_SKUS   n_sku=None life=None traj=None delta=None rpm=None
  NKE    BOT_WALL         n_sku=None life=None traj=NO_COHORT delta=None rpm=None
  LWAY   BOT_WALL         n_sku=None life=None traj=NO_COHORT delta=None rpm=None
  PLAY   NO_RETAIL_SKUS   n_sku=None life=None traj=None delta=None rpm=None
  BRBY   BOT_WALL         n_sku=None life=None traj=NO_COHORT delta=None rpm=None
[consumer_product_reviews] 13 brands -> /Users/ajay/exalted/signalos/verticals/buyside_dd/outputs/consumer_heat/CONSUMER_HEAT.json
  DEGRADED (loud): SUJA:walmart_search=BOT_WALL|cohort_delta=BASELINE_ONLY(needs 2nd snapshot); NATR:walmart_search=BOT_WALL|cohort_delta=BASELINE_ONLY(needs 2nd snapshot); COLM:walmart_search=BOT_WALL|cohort_delta=BASELINE_ONLY(needs 2nd snapshot); FIZZ:walmart_search=BOT_WALL|cohort_delta=BASELINE_ONLY(needs 2nd snapshot); NKE:walmart_search=BOT_WALL|cohort_delta=BASELINE_ONLY(needs 2nd snapshot); LWAY:walmart_search=BOT_WALL|cohort_delta=BASELINE_ONLY(needs 2nd snapshot); BRBY:walmart_search=BOT_WALL|cohort_delta=BASELINE_ONLY(needs 2nd snapshot)
[consumer_heat] rendered 13 brands -> /Users/ajay/exalted/signalos/desk/ui/static/consumer_heat.html

/Users/ajay/Library/Python/3.9/lib/python/site-packages/urllib3/__init__.py:35: NotOpenSSLWarning: urllib3 v2 only supports OpenSSL 1.1.1+, currently the 'ssl' module is compiled with 'LibreSSL 2.8.3'. See: https://github.com/urllib3/urllib3/issues/3020
  warnings.warn(

===== 2026-09-07 01:23 (desk) =====
[runner] consumer_heat failed: Command '['python3', '-m', 'desk.consumer_heat', '--refresh']' timed out after 600 seconds
===== 2026-09-11 01:52 (desk) =====
=== consumer lane refresh 2026-09-11 08:46 UTC ===
-- trend heat --
  SUJA   DECAYING             heat=  24.1 conf=1.0  Suja Life
  NATR   DECAYING             heat=  14.7 conf=1.0  Nature's Sunshine
  BKE    DECAYING             heat=  39.9 conf=0.75  The Buckle
  OLLI   DECAYING             heat=  36.7 conf=0.75  Ollie's Bargain Outlet
  COLM   DECAYING             heat=  26.3 conf=1.0  Columbia Sportswear
  ULTA   NO_DATA              heat=  26.7 conf=0.45  Ulta Beauty
  FIZZ   DECAYING             heat=  26.5 conf=1.0  National Beverage (LaCroix)
  DPZ    FLAT                 heat=  42.3 conf=0.75  Domino's Pizza
  CMG    FLAT                 heat=  55.3 conf=0.75  Chipotle
  NKE    NO_DATA              heat=  28.8 conf=0.45  Nike
  LWAY   DECAYING             heat=  13.0 conf=1.0  Lifeway Foods
  PLAY   DECAYING             heat=  36.0 conf=0.75  Dave & Buster's
  BRBY   DECAYING             heat=  28.6 conf=1.0  Burberry
[consumer_product_heat] 13 brands -> /Users/ajay/exalted/signalos/verticals/buyside_dd/outputs/consumer_heat/CONSUMER_HEAT.json
  DEGRADED (loud): BKE:retail, OLLI:retail, ULTA:search, DPZ:retail, CMG:retail, NKE:search, PLAY:retail
-- review trajectory --
  SUJA   BOT_WALL         n_sku=None life=None traj=NO_COHORT delta=None rpm=None
  NATR   BOT_WALL         n_sku=None life=None traj=NO_COHORT delta=None rpm=None
  BKE    NO_RETAIL_SKUS   n_sku=None life=None traj=None delta=None rpm=None
  OLLI   NO_RETAIL_SKUS   n_sku=None life=None traj=None delta=None rpm=None
  COLM   BOT_WALL         n_sku=None life=None traj=NO_COHORT delta=None rpm=None
  ULTA   NO_RETAIL_SKUS   n_sku=None life=None traj=None delta=None rpm=None
  FIZZ   BOT_WALL         n_sku=None life=None traj=NO_COHORT delta=None rpm=None
  DPZ    NO_RETAIL_SKUS   n_sku=None life=None traj=None delta=None rpm=None
  CMG    NO_RETAIL_SKUS   n_sku=None life=None traj=None delta=None rpm=None
  NKE    BOT_WALL         n_sku=None life=None traj=NO_COHORT delta=None rpm=None
  LWAY   BOT_WALL         n_sku=None life=None traj=NO_COHORT delta=None rpm=None
  PLAY   NO_RETAIL_SKUS   n_sku=None life=None traj=None delta=None rpm=None
  BRBY   BOT_WALL         n_sku=None life=None traj=NO_COHORT delta=None rpm=None
[consumer_product_reviews] 13 brands -> /Users/ajay/exalted/signalos/verticals/buyside_dd/outputs/consumer_heat/CONSUMER_HEAT.json
  DEGRADED (loud): SUJA:walmart_search=BOT_WALL|cohort_delta=BASELINE_ONLY(needs 2nd snapshot); NATR:walmart_search=BOT_WALL|cohort_delta=BASELINE_ONLY(needs 2nd snapshot); COLM:walmart_search=BOT_WALL|cohort_delta=BASELINE_ONLY(needs 2nd snapshot); FIZZ:walmart_search=BOT_WALL|cohort_delta=BASELINE_ONLY(needs 2nd snapshot); NKE:walmart_search=BOT_WALL|cohort_delta=BASELINE_ONLY(needs 2nd snapshot); LWAY:walmart_search=BOT_WALL|cohort_delta=BASELINE_ONLY(needs 2nd snapshot); BRBY:walmart_search=BOT_WALL|cohort_delta=BASELINE_ONLY(needs 2nd snapshot)
[consumer_heat] rendered 13 brands -> /Users/ajay/exalted/signalos/desk/ui/static/consumer_heat.html

/Users/ajay/Library/Python/3.9/lib/python/site-packages/urllib3/__init__.py:35: NotOpenSSLWarning: urllib3 v2 only supports OpenSSL 1.1.1+, currently the 'ssl' module is compiled with 'LibreSSL 2.8.3'. See: https://github.com/urllib3/urllib3/issues/3020
  warnings.warn(

===== 2026-09-11 01:58 (desk) =====
=== consumer lane refresh 2026-09-11 08:51 UTC ===
-- trend heat --
  SUJA   NO_DATA              heat=  26.7 conf=0.45  Suja Life
  NATR   NO_DATA              heat=  26.7 conf=0.45  Nature's Sunshine
  BKE    NO_DATA              heat=  35.0 conf=0.2  The Buckle
  OLLI   NO_DATA              heat=  35.0 conf=0.2  Ollie's Bargain Outlet
  COLM   NO_DATA              heat=  26.7 conf=0.45  Columbia Sportswear
  ULTA   NO_DATA              heat=  26.7 conf=0.45  Ulta Beauty
  FIZZ   NO_DATA              heat=  26.7 conf=0.45  National Beverage (LaCroix)
  DPZ    NO_DATA              heat=  35.0 conf=0.2  Domino's Pizza
  CMG    NO_DATA              heat=  50.0 conf=0.2  Chipotle
  NKE    NO_DATA              heat=  28.8 conf=0.45  Nike
  LWAY   NO_DATA              heat=  26.7 conf=0.45  Lifeway Foods
  PLAY   NO_DATA              heat=  35.0 conf=0.2  Dave & Buster's
  BRBY   NO_DATA              heat=  26.7 conf=0.45  Burberry
[consumer_product_heat] 13 brands -> /Users/ajay/exalted/signalos/verticals/buyside_dd/outputs/consumer_heat/CONSUMER_HEAT.json
  DEGRADED (loud): SUJA:search, NATR:search, BKE:retail/search, OLLI:retail/search, COLM:search, ULTA:search, FIZZ:search, DPZ:retail/search, CMG:retail/search, NKE:search, LWAY:search, PLAY:retail/search, BRBY:search
-- review trajectory --
  SUJA   BOT_WALL         n_sku=None life=None traj=NO_COHORT delta=None rpm=None
  NATR   BOT_WALL         n_sku=None life=None traj=NO_COHORT delta=None rpm=None
  BKE    NO_RETAIL_SKUS   n_sku=None life=None traj=None delta=None rpm=None
  OLLI   NO_RETAIL_SKUS   n_sku=None life=None traj=None delta=None rpm=None
  COLM   BOT_WALL         n_sku=None life=None traj=NO_COHORT delta=None rpm=None
  ULTA   NO_RETAIL_SKUS   n_sku=None life=None traj=None delta=None rpm=None
  FIZZ   BOT_WALL         n_sku=None life=None traj=NO_COHORT delta=None rpm=None
  DPZ    NO_RETAIL_SKUS   n_sku=None life=None traj=None delta=None rpm=None
  CMG    NO_RETAIL_SKUS   n_sku=None life=None traj=None delta=None rpm=None
  NKE    BOT_WALL         n_sku=None life=None traj=NO_COHORT delta=None rpm=None
  LWAY   BOT_WALL         n_sku=None life=None traj=NO_COHORT delta=None rpm=None
  PLAY   NO_RETAIL_SKUS   n_sku=None life=None traj=None delta=None rpm=None
  BRBY   BOT_WALL         n_sku=None life=None traj=NO_COHORT delta=None rpm=None
[consumer_product_reviews] 13 brands -> /Users/ajay/exalted/signalos/verticals/buyside_dd/outputs/consumer_heat/CONSUMER_HEAT.json
  DEGRADED (loud): SUJA:walmart_search=BOT_WALL|cohort_delta=BASELINE_ONLY(needs 2nd snapshot); NATR:walmart_search=BOT_WALL|cohort_delta=BASELINE_ONLY(needs 2nd snapshot); COLM:walmart_search=BOT_WALL|cohort_delta=BASELINE_ONLY(needs 2nd snapshot); FIZZ:walmart_search=BOT_WALL|cohort_delta=BASELINE_ONLY(needs 2nd snapshot); NKE:walmart_search=BOT_WALL|cohort_delta=BASELINE_ONLY(needs 2nd snapshot); LWAY:walmart_search=BOT_WALL|cohort_delta=BASELINE_ONLY(needs 2nd snapshot); BRBY:walmart_search=BOT_WALL|cohort_delta=BASELINE_ONLY(needs 2nd snapshot)
[consumer_heat] rendered 13 brands -> /Users/ajay/exalted/signalos/desk/ui/static/consumer_heat.html

/Users/ajay/Library/Python/3.9/lib/python/site-packages/urllib3/__init__.py:35: NotOpenSSLWarning: urllib3 v2 only supports OpenSSL 1.1.1+, currently the 'ssl' module is compiled with 'LibreSSL 2.8.3'. See: https://github.com/urllib3/urllib3/issues/3020
  warnings.warn(
