positions request timed out
account updates for ACCOUNT_ALPHA request timed out
/Users/ajay/Library/Python/3.9/lib/python/site-packages/urllib3/__init__.py:35: NotOpenSSLWarning: urllib3 v2 only supports OpenSSL 1.1.1+, currently the 'ssl' module is compiled with 'LibreSSL 2.8.3'. See: https://github.com/urllib3/urllib3/issues/3020
  warnings.warn(
positions request timed out
account updates for ACCOUNT_ALPHA request timed out
positions request timed out
account updates for ACCOUNT_ALPHA request timed out
positions request timed out
account updates for ACCOUNT_ALPHA request timed out
positions request timed out
account updates for ACCOUNT_ALPHA request timed out
positions request timed out
account updates for ACCOUNT_ALPHA request timed out
positions request timed out
account updates for ACCOUNT_ALPHA request timed out
positions request timed out
account updates for ACCOUNT_ALPHA request timed out
[court_runner] 2026-08-09T07:15:37Z
  BTDR COURT_BLUE: VALIDATOR REJECTED (no primary citation (http) anywhere in the output) — output not persisted to queue
  TDUP COURT_BLUE: VALIDATOR REJECTED (no DETECTORS CONSULTED section (R1.11 — every dispatch-matched atlas entry needs a FIRED/NOT-FIRED/UNCHECKABLE disposition)) — output not persisted to queue
  FMC COURT_RED: 1 kg_candidate(s) harvested
  FMC COURT_RED -> COURT_BLUE (FMC_COURT_RED_202608090645.md)
  NMG COURT_RED: VALIDATOR REJECTED (no primary citation (http) anywhere in the output) — output not persisted to queue
  ENHA REFUTABILITY -> KILLED (ENHA_REFUTABILITY_202608090655.md)
  NKLR REFUTABILITY: VALIDATOR REJECTED (no COURT-WORTHINESS N/10 line (required for the automated 6/10 gate, v2 template)) — output not persisted to queue
  UPB REFUTABILITY -> COURT_RED (UPB_REFUTABILITY_202608090708.md)
  UPST REFUTABILITY -> COURT_RED (UPST_REFUTABILITY_202608090715.md)
