
===== 2026-06-29 00:34 (desk) =====
# detector_scan satellite over 3 book name(s): ['REPX', 'COSMECCA', 'COSMAX']
DETNOTE|satellite|REPX|AOI 'Permian/Yeso (NM Eddy Co)' (methane_oil) needs lat/lon to execute — escalation/on-demand
DETNOTE|satellite|COSMECCA|AOI 'Englewood NJ / Totowa plant' (buildout) needs lat/lon to execute — escalation/on-demand
DETNOTE|satellite|COSMAX|AOI 'Korea/US ODM plants' (buildout) needs lat/lon to execute — escalation/on-demand


===== 2026-07-06 01:32 (desk) =====
# detector_scan satellite over 3 book name(s): ['REPX', 'COSMECCA', 'COSMAX']
DETNOTE|satellite|REPX|AOI 'Permian/Yeso (NM Eddy Co)' (methane_oil) needs lat/lon to execute — escalation/on-demand
DETNOTE|satellite|COSMECCA|AOI 'Englewood NJ / Totowa plant' (buildout) needs lat/lon to execute — escalation/on-demand
DETNOTE|satellite|COSMAX|AOI 'Korea/US ODM plants' (buildout) needs lat/lon to execute — escalation/on-demand


===== 2026-07-13 02:34 (desk) =====
# detector_scan satellite over 3 book name(s): ['REPX', 'COSMECCA', 'COSMAX']
DETNOTE|satellite|REPX|AOI 'Permian/Yeso (NM Eddy Co)' (methane_oil) needs lat/lon to execute — escalation/on-demand
DETNOTE|satellite|COSMECCA|AOI 'Englewood NJ / Totowa plant' (buildout) needs lat/lon to execute — escalation/on-demand
DETNOTE|satellite|COSMAX|AOI 'Korea/US ODM plants' (buildout) needs lat/lon to execute — escalation/on-demand


===== 2026-07-20 16:48 (desk) =====
# detector_scan satellite over 3 book name(s): ['REPX', 'COSMECCA', 'COSMAX']
DETNOTE|satellite|REPX|AOI 'Permian/Yeso (NM Eddy Co)' (methane_oil) needs lat/lon to execute — escalation/on-demand
DETNOTE|satellite|COSMECCA|AOI 'Englewood NJ / Totowa plant' (buildout) needs lat/lon to execute — escalation/on-demand
DETNOTE|satellite|COSMAX|AOI 'Korea/US ODM plants' (buildout) needs lat/lon to execute — escalation/on-demand


===== 2026-07-27 23:37 (desk) =====
# detector_scan satellite over 3 book name(s): ['REPX', 'COSMECCA', 'COSMAX']
DETNOTE|satellite|REPX|AOI 'Permian/Yeso (NM Eddy Co)' (methane_oil) needs lat/lon to execute — escalation/on-demand
DETNOTE|satellite|COSMECCA|AOI 'Englewood NJ / Totowa plant' (buildout) needs lat/lon to execute — escalation/on-demand
DETNOTE|satellite|COSMAX|AOI 'Korea/US ODM plants' (buildout) needs lat/lon to execute — escalation/on-demand


===== 2026-08-04 00:40 (desk) =====
# detector_scan satellite over 3 book name(s): ['REPX', 'COSMECCA', 'COSMAX']
DETNOTE|satellite|REPX|AOI 'Permian/Yeso (NM Eddy Co)' (methane_oil) needs lat/lon to execute — escalation/on-demand
DETNOTE|satellite|COSMECCA|AOI 'Englewood NJ / Totowa plant' (buildout) needs lat/lon to execute — escalation/on-demand
DETNOTE|satellite|COSMAX|AOI 'Korea/US ODM plants' (buildout) needs lat/lon to execute — escalation/on-demand


===== 2026-08-11 02:01 (desk) =====
# detector_scan satellite over 3 book name(s): ['REPX', 'COSMECCA', 'COSMAX']
DETNOTE|satellite|REPX|AOI 'Permian/Yeso (NM Eddy Co)' (methane_oil) needs lat/lon to execute — escalation/on-demand
DETNOTE|satellite|COSMECCA|AOI 'Englewood NJ / Totowa plant' (buildout) needs lat/lon to execute — escalation/on-demand
DETNOTE|satellite|COSMAX|AOI 'Korea/US ODM plants' (buildout) needs lat/lon to execute — escalation/on-demand


===== 2026-08-18 02:42 (desk) =====
# detector_scan satellite over 3 book name(s): ['REPX', 'COSMECCA', 'COSMAX']
DETNOTE|satellite|REPX|AOI 'Permian/Yeso (NM Eddy Co)' (methane_oil) needs lat/lon to execute — escalation/on-demand
DETNOTE|satellite|COSMECCA|AOI 'Englewood NJ / Totowa plant' (buildout) needs lat/lon to execute — escalation/on-demand
DETNOTE|satellite|COSMAX|AOI 'Korea/US ODM plants' (buildout) needs lat/lon to execute — escalation/on-demand


===== 2026-08-25 03:48 (desk) =====
# detector_scan satellite over 3 book name(s): ['REPX', 'COSMECCA', 'COSMAX']
DETNOTE|satellite|REPX|AOI 'Permian/Yeso (NM Eddy Co)' (methane_oil) needs lat/lon to execute — escalation/on-demand
DETNOTE|satellite|COSMECCA|AOI 'Englewood NJ / Totowa plant' (buildout) needs lat/lon to execute — escalation/on-demand
DETNOTE|satellite|COSMAX|AOI 'Korea/US ODM plants' (buildout) needs lat/lon to execute — escalation/on-demand


===== 2026-09-01 04:41 (desk) =====
# detector_scan satellite over 3 book name(s): ['REPX', 'COSMECCA', 'COSMAX']
DETNOTE|satellite|REPX|AOI 'Permian/Yeso (NM Eddy Co)' (methane_oil) needs lat/lon to execute — escalation/on-demand
DETNOTE|satellite|COSMECCA|AOI 'Englewood NJ / Totowa plant' (buildout) needs lat/lon to execute — escalation/on-demand
DETNOTE|satellite|COSMAX|AOI 'Korea/US ODM plants' (buildout) needs lat/lon to execute — escalation/on-demand


===== 2026-09-11 01:41 (desk) =====
# detector_scan satellite over 3 book name(s): ['REPX', 'COSMECCA', 'COSMAX']
DETNOTE|satellite|REPX|AOI 'Permian/Yeso (NM Eddy Co)' (methane_oil) needs lat/lon to execute — escalation/on-demand
DETNOTE|satellite|COSMECCA|AOI 'Englewood NJ / Totowa plant' (buildout) needs lat/lon to execute — escalation/on-demand
DETNOTE|satellite|COSMAX|AOI 'Korea/US ODM plants' (buildout) needs lat/lon to execute — escalation/on-demand


===== 2026-09-11 01:47 (desk) =====
# detector_scan satellite over 3 book name(s): ['REPX', 'COSMECCA', 'COSMAX']
DETNOTE|satellite|REPX|AOI 'Permian/Yeso (NM Eddy Co)' (methane_oil) needs lat/lon to execute — escalation/on-demand
DETNOTE|satellite|COSMECCA|AOI 'Englewood NJ / Totowa plant' (buildout) needs lat/lon to execute — escalation/on-demand
DETNOTE|satellite|COSMAX|AOI 'Korea/US ODM plants' (buildout) needs lat/lon to execute — escalation/on-demand

