
===== 2026-06-29 00:33 (desk) =====
# detector_scan litigation over 22 book name(s): ['BAH', 'J', 'CAI', 'SLS', 'GCT', 'DFIN', 'EVER', 'EPAM', 'SBH', 'BKE', 'CRCT', 'REPX', 'ESTA', 'ELF', 'ODD', 'HIMS', 'INSP', 'WST', 'PGNY', 'PRCT', 'BRBR', 'VERU']
DETFIRE|litigation|BAH|HIGH|2 MATERIAL federal docket(s): Francis v. Booz Allen Hamilton (MATERIAL); Dixon v. Booz Allen Hamilton Inc. (MATERIAL)
DETNOTE|litigation|J|119 dockets, 0 material
DETFIRE|litigation|CAI|HIGH|4 MATERIAL federal docket(s): Stein v. CAI International, Inc. (MATERIAL); Hoag v. CAI International Inc. (MATERIAL); WHITFIELD v. CAI INTERNATIONAL, INC. (MATERIAL)
DETFIRE|litigation|SLS|HIGH|2 MATERIAL federal docket(s): JGB (Cayman) Newton, Ltd. v. Sellas Life Sciences Group Inc. (MATERIAL); IN RE GALENA BIOPHARMA, INC. SECURITIES LITIGATION (MATERIAL)
DETFIRE|litigation|GCT|HIGH|4 MATERIAL federal docket(s): Rock Villanueva v. GigaCloud Technology Inc (MATERIAL); Thomas J. Kinnally v. GigaCloud Technology Inc (MATERIAL); Thomas J. Kinnally v. GigaCloud Technology Inc (MATERIAL)
DETNOTE|litigation|DFIN|280 dockets, 0 material
DETFIRE|litigation|EVER|HIGH|2 MATERIAL federal docket(s): Lapin v. EverQuote Inc (MATERIAL); Runyon v. Everquote, Inc. (MATERIAL)
DETFIRE|litigation|EPAM|HIGH|1 MATERIAL federal docket(s): CKSJB HOLDINGS, LLC v. EPAM SYSTEMS, INC. (MATERIAL)
DETNOTE|litigation|SBH|156 dockets, 0 material
DETNOTE|litigation|BKE|181 dockets, 0 material
DETFIRE|litigation|CRCT|HIGH|2 MATERIAL federal docket(s): Bennett v. Cricut Inc (MATERIAL); In re Seagate Technology Holdings plc Securities Litigation (MATERIAL)
DETNOTE|litigation|REPX|9 dockets, 0 material
DETNOTE|litigation|ESTA|3 dockets, 0 material
DETFIRE|litigation|ELF|HIGH|3 MATERIAL federal docket(s): Boston Retirement System v. e.l.f. Beauty, Inc. (MATERIAL); In re e.l.f. Beauty, Inc. Securities Litigation (MATERIAL); In Re E.L.F. Beauty, Inc. Stockholder Derivative Litigation (MATERIAL)
DETFIRE|litigation|ODD|HIGH|6 MATERIAL federal docket(s): Peters v. ODDITY Tech Ltd. (MATERIAL); Hoare v. Oddity Tech Ltd. (MATERIAL); Hoare v. Oddity Tech Ltd. (MATERIAL)
DETFIRE|litigation|HIMS|HIGH|1 MATERIAL federal docket(s): Sookdeo v. Hims & Hers Health, Inc. (MATERIAL)
DETFIRE|litigation|INSP|HIGH|5 MATERIAL federal docket(s): Federico v. Inspire Medical Systems, Inc. (MATERIAL); In re Inspire Medical Systems, Inc. Securities Litigation (MATERIAL); In re Inspire Medical Systems, Inc. Securities Litigation (MATERIAL)
DETFIRE|litigation|WST|HIGH|1 MATERIAL federal docket(s): NEW ENGLAND TEAMSTERS PENSION FUND v. WEST PHARMACEUTICAL SERVICES, INC. (MATERIAL)
DETFIRE|litigation|PGNY|HIGH|1 MATERIAL federal docket(s): In Re: Agilon Health, Inc. Securities Litigation (MATERIAL)
DETNOTE|litigation|PRCT|3 dockets, 0 material
DETFIRE|litigation|BRBR|HIGH|4 MATERIAL federal docket(s): Green v. BellRing Brands, Inc. (MATERIAL); re: BellRing Brands, Inc. Securities Litigation (MATERIAL); In re: BellRing Brands, Inc. Securities Litigation (MATERIAL)
DETFIRE|litigation|VERU|HIGH|3 MATERIAL federal docket(s): In re Sage Therapeutics, Inc. Securities Litigation (MATERIAL); IN RE ZETA GLOBAL HOLDINGS CORPORATION SECURITIES LITIGATION (MATERIAL); IN RE HUT 8 CORP. SECURITIES LITIGATION (MATERIAL)

/Users/ajay/Library/Python/3.9/lib/python/site-packages/urllib3/__init__.py:35: NotOpenSSLWarning: urllib3 v2 only supports OpenSSL 1.1.1+, currently the 'ssl' module is compiled with 'LibreSSL 2.8.3'. See: https://github.com/urllib3/urllib3/issues/3020
  warnings.warn(

===== 2026-07-06 01:31 (desk) =====
# detector_scan litigation over 22 book name(s): ['BAH', 'J', 'CAI', 'SLS', 'GCT', 'DFIN', 'EVER', 'EPAM', 'SBH', 'BKE', 'CRCT', 'REPX', 'ESTA', 'ELF', 'ODD', 'HIMS', 'INSP', 'WST', 'PGNY', 'PRCT', 'BRBR', 'VERU']
DETFIRE|litigation|BAH|HIGH|2 MATERIAL federal docket(s): Francis v. Booz Allen Hamilton (MATERIAL); Dixon v. Booz Allen Hamilton Inc. (MATERIAL)
DETNOTE|litigation|J|120 dockets, 0 material
DETFIRE|litigation|CAI|HIGH|4 MATERIAL federal docket(s): Stein v. CAI International, Inc. (MATERIAL); Hoag v. CAI International Inc. (MATERIAL); WHITFIELD v. CAI INTERNATIONAL, INC. (MATERIAL)
DETFIRE|litigation|SLS|HIGH|2 MATERIAL federal docket(s): JGB (Cayman) Newton, Ltd. v. Sellas Life Sciences Group Inc. (MATERIAL); IN RE GALENA BIOPHARMA, INC. SECURITIES LITIGATION (MATERIAL)
DETFIRE|litigation|GCT|HIGH|4 MATERIAL federal docket(s): Rock Villanueva v. GigaCloud Technology Inc (MATERIAL); Thomas J. Kinnally v. GigaCloud Technology Inc (MATERIAL); Thomas J. Kinnally v. GigaCloud Technology Inc (MATERIAL)
DETFIRE|litigation|DFIN|HIGH|1 MATERIAL federal docket(s): In re Apache Corp. Securities Litigation, No. 4:21-cv-00575 (MATERIAL)
DETFIRE|litigation|EVER|HIGH|2 MATERIAL federal docket(s): Lapin v. EverQuote Inc (MATERIAL); Runyon v. Everquote, Inc. (MATERIAL)
DETFIRE|litigation|EPAM|HIGH|1 MATERIAL federal docket(s): CKSJB HOLDINGS, LLC v. EPAM SYSTEMS, INC. (MATERIAL)
DETNOTE|litigation|SBH|157 dockets, 0 material
DETNOTE|litigation|BKE|181 dockets, 0 material
DETFIRE|litigation|CRCT|HIGH|2 MATERIAL federal docket(s): Bennett v. Cricut Inc (MATERIAL); In re Seagate Technology Holdings plc Securities Litigation (MATERIAL)
DETNOTE|litigation|REPX|9 dockets, 0 material
DETNOTE|litigation|ESTA|3 dockets, 0 material
DETFIRE|litigation|ELF|HIGH|3 MATERIAL federal docket(s): Boston Retirement System v. e.l.f. Beauty, Inc. (MATERIAL); In re e.l.f. Beauty, Inc. Securities Litigation (MATERIAL); In Re E.L.F. Beauty, Inc. Stockholder Derivative Litigation (MATERIAL)
DETFIRE|litigation|ODD|HIGH|6 MATERIAL federal docket(s): Hoare v. Oddity Tech Ltd. (MATERIAL); Hoare v. Oddity Tech Ltd. (MATERIAL); In re Oddity Securities Litigation (MATERIAL)
DETFIRE|litigation|HIMS|HIGH|1 MATERIAL federal docket(s): Sookdeo v. Hims & Hers Health, Inc. (MATERIAL)
DETFIRE|litigation|INSP|HIGH|5 MATERIAL federal docket(s): Federico v. Inspire Medical Systems, Inc. (MATERIAL); In re Inspire Medical Systems, Inc. Securities Litigation (MATERIAL); In re Inspire Medical Systems, Inc. Securities Litigation (MATERIAL)
DETFIRE|litigation|WST|HIGH|1 MATERIAL federal docket(s): NEW ENGLAND TEAMSTERS PENSION FUND v. WEST PHARMACEUTICAL SERVICES, INC. (MATERIAL)
DETFIRE|litigation|PGNY|HIGH|1 MATERIAL federal docket(s): In Re: Agilon Health, Inc. Securities Litigation (MATERIAL)
DETNOTE|litigation|PRCT|3 dockets, 0 material
DETFIRE|litigation|BRBR|HIGH|4 MATERIAL federal docket(s): Green v. BellRing Brands, Inc. (MATERIAL); re: BellRing Brands, Inc. Securities Litigation (MATERIAL); In re: BellRing Brands, Inc. Securities Litigation (MATERIAL)
DETFIRE|litigation|VERU|HIGH|3 MATERIAL federal docket(s): In re Sage Therapeutics, Inc. Securities Litigation (MATERIAL); IN RE ZETA GLOBAL HOLDINGS CORPORATION SECURITIES LITIGATION (MATERIAL); IN RE HUT 8 CORP. SECURITIES LITIGATION (MATERIAL)

/Users/ajay/Library/Python/3.9/lib/python/site-packages/urllib3/__init__.py:35: NotOpenSSLWarning: urllib3 v2 only supports OpenSSL 1.1.1+, currently the 'ssl' module is compiled with 'LibreSSL 2.8.3'. See: https://github.com/urllib3/urllib3/issues/3020
  warnings.warn(

===== 2026-07-13 02:34 (desk) =====
# detector_scan litigation over 33 book name(s): ['BAH', 'J', 'CAI', 'SLS', 'GCT', 'DFIN', 'EVER', 'EPAM', 'SBH', 'BKE', 'CRCT', 'REPX', 'ESTA', 'ELF', 'ODD', 'HIMS', 'INSP', 'WST', 'PGNY', 'PRCT', 'BRBR', 'VERU', 'CROX', 'HOFT', 'FLXS', 'WEYS', 'STVN', 'RH', 'LZB', 'ICFI', 'KBR', 'TTEK', 'PSN']
DETFIRE|litigation|BAH|HIGH|2 MATERIAL federal docket(s): Francis v. Booz Allen Hamilton (MATERIAL); Dixon v. Booz Allen Hamilton Inc. (MATERIAL)
DETNOTE|litigation|J|120 dockets, 0 material
DETFIRE|litigation|CAI|HIGH|4 MATERIAL federal docket(s): Stein v. CAI International, Inc. (MATERIAL); Hoag v. CAI International Inc. (MATERIAL); WHITFIELD v. CAI INTERNATIONAL, INC. (MATERIAL)
DETFIRE|litigation|SLS|HIGH|2 MATERIAL federal docket(s): JGB (Cayman) Newton, Ltd. v. Sellas Life Sciences Group Inc. (MATERIAL); IN RE GALENA BIOPHARMA, INC. SECURITIES LITIGATION (MATERIAL)
DETFIRE|litigation|GCT|HIGH|4 MATERIAL federal docket(s): Rock Villanueva v. GigaCloud Technology Inc (MATERIAL); Thomas J. Kinnally v. GigaCloud Technology Inc (MATERIAL); Thomas J. Kinnally v. GigaCloud Technology Inc (MATERIAL)
DETFIRE|litigation|DFIN|HIGH|1 MATERIAL federal docket(s): In re Apache Corp. Securities Litigation, No. 4:21-cv-00575 (MATERIAL)
DETFIRE|litigation|EVER|HIGH|2 MATERIAL federal docket(s): Lapin v. EverQuote Inc (MATERIAL); Runyon v. Everquote, Inc. (MATERIAL)
DETFIRE|litigation|EPAM|HIGH|1 MATERIAL federal docket(s): CKSJB HOLDINGS, LLC v. EPAM SYSTEMS, INC. (MATERIAL)
DETNOTE|litigation|SBH|158 dockets, 0 material
DETNOTE|litigation|BKE|182 dockets, 0 material
DETFIRE|litigation|CRCT|HIGH|2 MATERIAL federal docket(s): Bennett v. Cricut Inc (MATERIAL); In re Seagate Technology Holdings plc Securities Litigation (MATERIAL)
DETNOTE|litigation|REPX|9 dockets, 0 material
DETNOTE|litigation|ESTA|3 dockets, 0 material
DETFIRE|litigation|ELF|HIGH|3 MATERIAL federal docket(s): Boston Retirement System v. e.l.f. Beauty, Inc. (MATERIAL); In re e.l.f. Beauty, Inc. Securities Litigation (MATERIAL); In Re E.L.F. Beauty, Inc. Stockholder Derivative Litigation (MATERIAL)
DETFIRE|litigation|ODD|HIGH|6 MATERIAL federal docket(s): Hoare v. Oddity Tech Ltd. (MATERIAL); Hoare v. Oddity Tech Ltd. (MATERIAL); In re Oddity Securities Litigation (MATERIAL)
DETFIRE|litigation|HIMS|HIGH|1 MATERIAL federal docket(s): Sookdeo v. Hims & Hers Health, Inc. (MATERIAL)
DETFIRE|litigation|INSP|HIGH|5 MATERIAL federal docket(s): Federico v. Inspire Medical Systems, Inc. (MATERIAL); In re Inspire Medical Systems, Inc. Securities Litigation (MATERIAL); In re Inspire Medical Systems, Inc. Securities Litigation (MATERIAL)
DETFIRE|litigation|WST|HIGH|1 MATERIAL federal docket(s): NEW ENGLAND TEAMSTERS PENSION FUND v. WEST PHARMACEUTICAL SERVICES, INC. (MATERIAL)
DETFIRE|litigation|PGNY|HIGH|1 MATERIAL federal docket(s): In Re: Agilon Health, Inc. Securities Litigation (MATERIAL)
DETNOTE|litigation|PRCT|3 dockets, 0 material
DETFIRE|litigation|BRBR|HIGH|4 MATERIAL federal docket(s): Green v. BellRing Brands, Inc. (MATERIAL); re: BellRing Brands, Inc. Securities Litigation (MATERIAL); In re: BellRing Brands, Inc. Securities Litigation (MATERIAL)
DETFIRE|litigation|VERU|HIGH|3 MATERIAL federal docket(s): In re Sage Therapeutics, Inc. Securities Litigation (MATERIAL); IN RE ZETA GLOBAL HOLDINGS CORPORATION SECURITIES LITIGATION (MATERIAL); IN RE HUT 8 CORP. SECURITIES LITIGATION (MATERIAL)
DETNOTE|litigation|CROX|1502 dockets, 0 material
DETNOTE|litigation|HOFT|13 dockets, 0 material
DETNOTE|litigation|FLXS|91 dockets, 0 material
DETFIRE|litigation|WEYS|HIGH|2 MATERIAL federal docket(s): Kahn v. Weyco Group, Inc. (MATERIAL); Kahn v. Weyco Group, Inc. (MATERIAL)
DETNOTE|litigation|STVN|6 dockets, 0 material
DETFIRE|litigation|RH|HIGH|2 MATERIAL federal docket(s): SECURITIES AND EXCHANGE COMMISSION v. DUBOVOY (MATERIAL); SECURITIES AND EXCHANGE COMMISSION v. HUANG (MATERIAL)
DETNOTE|litigation|LZB|310 dockets, 0 material
DETFIRE|litigation|ICFI|HIGH|1 MATERIAL federal docket(s): Strong v. ICF International, Inc. (MATERIAL)
DETNOTE|litigation|KBR|1405 dockets, 0 material
DETFIRE|litigation|TTEK|HIGH|1 MATERIAL federal docket(s): Sullivan v. Tetra Tech, Inc. (MATERIAL)
DETFIRE|litigation|PSN|HIGH|2 MATERIAL federal docket(s): Kerby v. Parsons Corporation (MATERIAL); Billy Hunt v. The Parsons Corporation (MATERIAL)

/Users/ajay/Library/Python/3.9/lib/python/site-packages/urllib3/__init__.py:35: NotOpenSSLWarning: urllib3 v2 only supports OpenSSL 1.1.1+, currently the 'ssl' module is compiled with 'LibreSSL 2.8.3'. See: https://github.com/urllib3/urllib3/issues/3020
  warnings.warn(

===== 2026-07-20 16:47 (desk) =====
# detector_scan litigation over 33 book name(s): ['BAH', 'J', 'CAI', 'SLS', 'GCT', 'DFIN', 'EVER', 'EPAM', 'SBH', 'BKE', 'CRCT', 'REPX', 'ESTA', 'ELF', 'ODD', 'HIMS', 'INSP', 'WST', 'PGNY', 'PRCT', 'BRBR', 'VERU', 'CROX', 'HOFT', 'FLXS', 'WEYS', 'STVN', 'RH', 'LZB', 'ICFI', 'KBR', 'TTEK', 'PSN']
DETNOTE|litigation|BAH|rate_limited
DETNOTE|litigation|J|rate_limited
DETNOTE|litigation|CAI|rate_limited
DETNOTE|litigation|SLS|rate_limited
DETNOTE|litigation|GCT|rate_limited
DETNOTE|litigation|DFIN|rate_limited
DETNOTE|litigation|EVER|rate_limited
DETNOTE|litigation|EPAM|rate_limited
DETNOTE|litigation|SBH|rate_limited
DETNOTE|litigation|BKE|rate_limited
DETNOTE|litigation|CRCT|rate_limited
DETNOTE|litigation|REPX|rate_limited
DETNOTE|litigation|ESTA|rate_limited
DETNOTE|litigation|ELF|rate_limited
DETNOTE|litigation|ODD|rate_limited
DETNOTE|litigation|HIMS|rate_limited
DETNOTE|litigation|INSP|rate_limited
DETNOTE|litigation|WST|rate_limited
DETNOTE|litigation|PGNY|rate_limited
DETNOTE|litigation|PRCT|rate_limited
DETNOTE|litigation|BRBR|rate_limited
DETNOTE|litigation|VERU|rate_limited
DETNOTE|litigation|CROX|rate_limited
DETNOTE|litigation|HOFT|rate_limited
DETNOTE|litigation|FLXS|rate_limited
DETNOTE|litigation|WEYS|rate_limited
DETNOTE|litigation|STVN|rate_limited
DETNOTE|litigation|RH|rate_limited
DETNOTE|litigation|LZB|rate_limited
DETNOTE|litigation|ICFI|rate_limited
DETNOTE|litigation|KBR|rate_limited
DETNOTE|litigation|TTEK|rate_limited
DETNOTE|litigation|PSN|rate_limited

/Users/ajay/Library/Python/3.9/lib/python/site-packages/urllib3/__init__.py:35: NotOpenSSLWarning: urllib3 v2 only supports OpenSSL 1.1.1+, currently the 'ssl' module is compiled with 'LibreSSL 2.8.3'. See: https://github.com/urllib3/urllib3/issues/3020
  warnings.warn(

===== 2026-07-27 23:36 (desk) =====
# detector_scan litigation over 33 book name(s): ['BAH', 'J', 'CAI', 'SLS', 'GCT', 'DFIN', 'EVER', 'EPAM', 'SBH', 'BKE', 'CRCT', 'REPX', 'ESTA', 'ELF', 'ODD', 'HIMS', 'INSP', 'WST', 'PGNY', 'PRCT', 'BRBR', 'VERU', 'CROX', 'HOFT', 'FLXS', 'WEYS', 'STVN', 'RH', 'LZB', 'ICFI', 'KBR', 'TTEK', 'PSN']
DETFIRE|litigation|BAH|HIGH|2 MATERIAL federal docket(s): Francis v. Booz Allen Hamilton (MATERIAL); Dixon v. Booz Allen Hamilton Inc. (MATERIAL)
DETNOTE|litigation|J|120 dockets, 0 material
DETFIRE|litigation|CAI|HIGH|4 MATERIAL federal docket(s): Stein v. CAI International, Inc. (MATERIAL); Hoag v. CAI International Inc. (MATERIAL); WHITFIELD v. CAI INTERNATIONAL, INC. (MATERIAL)
DETFIRE|litigation|SLS|HIGH|2 MATERIAL federal docket(s): JGB (Cayman) Newton, Ltd. v. Sellas Life Sciences Group Inc. (MATERIAL); IN RE GALENA BIOPHARMA, INC. SECURITIES LITIGATION (MATERIAL)
DETFIRE|litigation|GCT|HIGH|4 MATERIAL federal docket(s): Rock Villanueva v. GigaCloud Technology Inc (MATERIAL); Thomas J. Kinnally v. GigaCloud Technology Inc (MATERIAL); Thomas J. Kinnally v. GigaCloud Technology Inc (MATERIAL)
DETFIRE|litigation|DFIN|HIGH|1 MATERIAL federal docket(s): In re Apache Corp. Securities Litigation, No. 4:21-cv-00575 (MATERIAL)
DETFIRE|litigation|EVER|HIGH|2 MATERIAL federal docket(s): Lapin v. EverQuote Inc (MATERIAL); Runyon v. Everquote, Inc. (MATERIAL)
DETFIRE|litigation|EPAM|HIGH|1 MATERIAL federal docket(s): CKSJB HOLDINGS, LLC v. EPAM SYSTEMS, INC. (MATERIAL)
DETNOTE|litigation|SBH|158 dockets, 0 material
DETNOTE|litigation|BKE|184 dockets, 0 material
DETFIRE|litigation|CRCT|HIGH|2 MATERIAL federal docket(s): Bennett v. Cricut Inc (MATERIAL); In re Seagate Technology Holdings plc Securities Litigation (MATERIAL)
DETNOTE|litigation|REPX|10 dockets, 0 material
DETNOTE|litigation|ESTA|3 dockets, 0 material
DETFIRE|litigation|ELF|HIGH|3 MATERIAL federal docket(s): Boston Retirement System v. e.l.f. Beauty, Inc. (MATERIAL); In re e.l.f. Beauty, Inc. Securities Litigation (MATERIAL); In Re E.L.F. Beauty, Inc. Stockholder Derivative Litigation (MATERIAL)
DETFIRE|litigation|ODD|HIGH|6 MATERIAL federal docket(s): Hoare v. Oddity Tech Ltd. (MATERIAL); Hoare v. Oddity Tech Ltd. (MATERIAL); In re Oddity Securities Litigation (MATERIAL)
DETFIRE|litigation|HIMS|HIGH|1 MATERIAL federal docket(s): Sookdeo v. Hims & Hers Health, Inc. (MATERIAL)
DETFIRE|litigation|INSP|HIGH|5 MATERIAL federal docket(s): Federico v. Inspire Medical Systems, Inc. (MATERIAL); In re Inspire Medical Systems, Inc. Securities Litigation (MATERIAL); In re Inspire Medical Systems, Inc. Securities Litigation (MATERIAL)
DETFIRE|litigation|WST|HIGH|1 MATERIAL federal docket(s): NEW ENGLAND TEAMSTERS PENSION FUND v. WEST PHARMACEUTICAL SERVICES, INC. (MATERIAL)
DETFIRE|litigation|PGNY|HIGH|1 MATERIAL federal docket(s): In Re: Agilon Health, Inc. Securities Litigation (MATERIAL)
DETFIRE|litigation|PRCT|HIGH|1 MATERIAL federal docket(s): Operating Engineers Construction Industry and Miscellaneous Pension Fund v. PROCEPT BioRob (MATERIAL)
DETFIRE|litigation|BRBR|HIGH|4 MATERIAL federal docket(s): Green v. BellRing Brands, Inc. (MATERIAL); re: BellRing Brands, Inc. Securities Litigation (MATERIAL); In re: BellRing Brands, Inc. Securities Litigation (MATERIAL)
DETFIRE|litigation|VERU|HIGH|3 MATERIAL federal docket(s): In re Sage Therapeutics, Inc. Securities Litigation (MATERIAL); IN RE HUT 8 CORP. SECURITIES LITIGATION (MATERIAL); IN RE ZETA GLOBAL HOLDINGS CORPORATION SECURITIES LITIGATION (MATERIAL)
DETNOTE|litigation|CROX|1510 dockets, 0 material
DETNOTE|litigation|HOFT|13 dockets, 0 material
DETNOTE|litigation|FLXS|92 dockets, 0 material
DETFIRE|litigation|WEYS|HIGH|2 MATERIAL federal docket(s): Kahn v. Weyco Group, Inc. (MATERIAL); Kahn v. Weyco Group, Inc. (MATERIAL)
DETNOTE|litigation|STVN|6 dockets, 0 material
DETFIRE|litigation|RH|HIGH|2 MATERIAL federal docket(s): SECURITIES AND EXCHANGE COMMISSION v. DUBOVOY (MATERIAL); SECURITIES AND EXCHANGE COMMISSION v. HUANG (MATERIAL)
DETNOTE|litigation|LZB|313 dockets, 0 material
DETFIRE|litigation|ICFI|HIGH|1 MATERIAL federal docket(s): Strong v. ICF International, Inc. (MATERIAL)
DETNOTE|litigation|KBR|1408 dockets, 0 material
DETFIRE|litigation|TTEK|HIGH|1 MATERIAL federal docket(s): Sullivan v. Tetra Tech, Inc. (MATERIAL)
DETFIRE|litigation|PSN|HIGH|2 MATERIAL federal docket(s): Kerby v. Parsons Corporation (MATERIAL); Billy Hunt v. The Parsons Corporation (MATERIAL)

/Users/ajay/Library/Python/3.9/lib/python/site-packages/urllib3/__init__.py:35: NotOpenSSLWarning: urllib3 v2 only supports OpenSSL 1.1.1+, currently the 'ssl' module is compiled with 'LibreSSL 2.8.3'. See: https://github.com/urllib3/urllib3/issues/3020
  warnings.warn(

===== 2026-08-04 00:40 (desk) =====
# detector_scan litigation over 33 book name(s): ['BAH', 'J', 'CAI', 'SLS', 'GCT', 'DFIN', 'EVER', 'EPAM', 'SBH', 'BKE', 'CRCT', 'REPX', 'ESTA', 'ELF', 'ODD', 'HIMS', 'INSP', 'WST', 'PGNY', 'PRCT', 'BRBR', 'VERU', 'CROX', 'HOFT', 'FLXS', 'WEYS', 'STVN', 'RH', 'LZB', 'ICFI', 'KBR', 'TTEK', 'PSN']
DETFIRE|litigation|BAH|HIGH|2 MATERIAL federal docket(s): Francis v. Booz Allen Hamilton (MATERIAL); Dixon v. Booz Allen Hamilton Inc. (MATERIAL)
DETNOTE|litigation|J|120 dockets, 0 material
DETFIRE|litigation|CAI|HIGH|4 MATERIAL federal docket(s): Stein v. CAI International, Inc. (MATERIAL); Hoag v. CAI International Inc. (MATERIAL); WHITFIELD v. CAI INTERNATIONAL, INC. (MATERIAL)
DETFIRE|litigation|SLS|HIGH|2 MATERIAL federal docket(s): JGB (Cayman) Newton, Ltd. v. Sellas Life Sciences Group Inc. (MATERIAL); IN RE GALENA BIOPHARMA, INC. SECURITIES LITIGATION (MATERIAL)
DETFIRE|litigation|GCT|HIGH|4 MATERIAL federal docket(s): Rock Villanueva v. GigaCloud Technology Inc (MATERIAL); Thomas J. Kinnally v. GigaCloud Technology Inc (MATERIAL); Thomas J. Kinnally v. GigaCloud Technology Inc (MATERIAL)
DETFIRE|litigation|DFIN|HIGH|1 MATERIAL federal docket(s): In re Apache Corp. Securities Litigation, No. 4:21-cv-00575 (MATERIAL)
DETFIRE|litigation|EVER|HIGH|2 MATERIAL federal docket(s): Lapin v. EverQuote Inc (MATERIAL); Runyon v. Everquote, Inc. (MATERIAL)
DETFIRE|litigation|EPAM|HIGH|1 MATERIAL federal docket(s): CKSJB HOLDINGS, LLC v. EPAM SYSTEMS, INC. (MATERIAL)
DETNOTE|litigation|SBH|158 dockets, 0 material
DETNOTE|litigation|BKE|185 dockets, 0 material
DETFIRE|litigation|CRCT|HIGH|2 MATERIAL federal docket(s): Bennett v. Cricut Inc (MATERIAL); In re Seagate Technology Holdings plc Securities Litigation (MATERIAL)
DETNOTE|litigation|REPX|10 dockets, 0 material
DETNOTE|litigation|ESTA|3 dockets, 0 material
DETFIRE|litigation|ELF|HIGH|3 MATERIAL federal docket(s): Boston Retirement System v. e.l.f. Beauty, Inc. (MATERIAL); In re e.l.f. Beauty, Inc. Securities Litigation (MATERIAL); In Re E.L.F. Beauty, Inc. Stockholder Derivative Litigation (MATERIAL)
DETFIRE|litigation|ODD|HIGH|6 MATERIAL federal docket(s): Hoare v. Oddity Tech Ltd. (MATERIAL); Hoare v. Oddity Tech Ltd. (MATERIAL); In re Oddity Securities Litigation (MATERIAL)
DETFIRE|litigation|HIMS|HIGH|1 MATERIAL federal docket(s): Sookdeo v. Hims & Hers Health, Inc. (MATERIAL)
DETFIRE|litigation|INSP|HIGH|5 MATERIAL federal docket(s): Federico v. Inspire Medical Systems, Inc. (MATERIAL); In re Inspire Medical Systems, Inc. Securities Litigation (MATERIAL); In re Inspire Medical Systems, Inc. Securities Litigation (MATERIAL)
DETFIRE|litigation|WST|HIGH|1 MATERIAL federal docket(s): NEW ENGLAND TEAMSTERS PENSION FUND v. WEST PHARMACEUTICAL SERVICES, INC. (MATERIAL)
DETFIRE|litigation|PGNY|HIGH|1 MATERIAL federal docket(s): In Re: Agilon Health, Inc. Securities Litigation (MATERIAL)
DETFIRE|litigation|PRCT|HIGH|1 MATERIAL federal docket(s): Operating Engineers Construction Industry and Miscellaneous Pension Fund v. PROCEPT BioRob (MATERIAL)
DETFIRE|litigation|BRBR|HIGH|4 MATERIAL federal docket(s): Green v. BellRing Brands, Inc. (MATERIAL); re: BellRing Brands, Inc. Securities Litigation (MATERIAL); In re: BellRing Brands, Inc. Securities Litigation (MATERIAL)
DETFIRE|litigation|VERU|HIGH|3 MATERIAL federal docket(s): In re Sage Therapeutics, Inc. Securities Litigation (MATERIAL); IN RE HUT 8 CORP. SECURITIES LITIGATION (MATERIAL); IN RE ZETA GLOBAL HOLDINGS CORPORATION SECURITIES LITIGATION (MATERIAL)
DETNOTE|litigation|CROX|1512 dockets, 0 material
DETNOTE|litigation|HOFT|13 dockets, 0 material
DETNOTE|litigation|FLXS|92 dockets, 0 material
DETFIRE|litigation|WEYS|HIGH|2 MATERIAL federal docket(s): Kahn v. Weyco Group, Inc. (MATERIAL); Kahn v. Weyco Group, Inc. (MATERIAL)
DETNOTE|litigation|STVN|6 dockets, 0 material
DETFIRE|litigation|RH|HIGH|2 MATERIAL federal docket(s): SECURITIES AND EXCHANGE COMMISSION v. DUBOVOY (MATERIAL); SECURITIES AND EXCHANGE COMMISSION v. HUANG (MATERIAL)
DETNOTE|litigation|LZB|315 dockets, 0 material
DETFIRE|litigation|ICFI|HIGH|1 MATERIAL federal docket(s): Strong v. ICF International, Inc. (MATERIAL)
DETNOTE|litigation|KBR|1408 dockets, 0 material
DETFIRE|litigation|TTEK|HIGH|1 MATERIAL federal docket(s): Sullivan v. Tetra Tech, Inc. (MATERIAL)
DETFIRE|litigation|PSN|HIGH|2 MATERIAL federal docket(s): Kerby v. Parsons Corporation (MATERIAL); Billy Hunt v. The Parsons Corporation (MATERIAL)

/Users/ajay/Library/Python/3.9/lib/python/site-packages/urllib3/__init__.py:35: NotOpenSSLWarning: urllib3 v2 only supports OpenSSL 1.1.1+, currently the 'ssl' module is compiled with 'LibreSSL 2.8.3'. See: https://github.com/urllib3/urllib3/issues/3020
  warnings.warn(

===== 2026-08-11 02:00 (desk) =====
# detector_scan litigation over 33 book name(s): ['BAH', 'J', 'CAI', 'SLS', 'GCT', 'DFIN', 'EVER', 'EPAM', 'SBH', 'BKE', 'CRCT', 'REPX', 'ESTA', 'ELF', 'ODD', 'HIMS', 'INSP', 'WST', 'PGNY', 'PRCT', 'BRBR', 'VERU', 'CROX', 'HOFT', 'FLXS', 'WEYS', 'STVN', 'RH', 'LZB', 'ICFI', 'KBR', 'TTEK', 'PSN']
DETFIRE|litigation|BAH|HIGH|2 MATERIAL federal docket(s): Francis v. Booz Allen Hamilton (MATERIAL); Dixon v. Booz Allen Hamilton Inc. (MATERIAL)
DETNOTE|litigation|J|121 dockets, 0 material
DETFIRE|litigation|CAI|HIGH|4 MATERIAL federal docket(s): Stein v. CAI International, Inc. (MATERIAL); Hoag v. CAI International Inc. (MATERIAL); WHITFIELD v. CAI INTERNATIONAL, INC. (MATERIAL)
DETFIRE|litigation|SLS|HIGH|2 MATERIAL federal docket(s): JGB (Cayman) Newton, Ltd. v. Sellas Life Sciences Group Inc. (MATERIAL); IN RE GALENA BIOPHARMA, INC. SECURITIES LITIGATION (MATERIAL)
DETFIRE|litigation|GCT|HIGH|4 MATERIAL federal docket(s): Rock Villanueva v. GigaCloud Technology Inc (MATERIAL); Thomas J. Kinnally v. GigaCloud Technology Inc (MATERIAL); Thomas J. Kinnally v. GigaCloud Technology Inc (MATERIAL)
DETFIRE|litigation|DFIN|HIGH|1 MATERIAL federal docket(s): In re Apache Corp. Securities Litigation, No. 4:21-cv-00575 (MATERIAL)
DETFIRE|litigation|EVER|HIGH|2 MATERIAL federal docket(s): Lapin v. EverQuote Inc (MATERIAL); Runyon v. Everquote, Inc. (MATERIAL)
DETFIRE|litigation|EPAM|HIGH|1 MATERIAL federal docket(s): CKSJB HOLDINGS, LLC v. EPAM SYSTEMS, INC. (MATERIAL)
DETNOTE|litigation|SBH|159 dockets, 0 material
DETNOTE|litigation|BKE|185 dockets, 0 material
DETFIRE|litigation|CRCT|HIGH|2 MATERIAL federal docket(s): Bennett v. Cricut Inc (MATERIAL); In re Seagate Technology Holdings plc Securities Litigation (MATERIAL)
DETNOTE|litigation|REPX|10 dockets, 0 material
DETNOTE|litigation|ESTA|3 dockets, 0 material
DETFIRE|litigation|ELF|HIGH|3 MATERIAL federal docket(s): Boston Retirement System v. e.l.f. Beauty, Inc. (MATERIAL); In re e.l.f. Beauty, Inc. Securities Litigation (MATERIAL); In Re E.L.F. Beauty, Inc. Stockholder Derivative Litigation (MATERIAL)
DETFIRE|litigation|ODD|HIGH|6 MATERIAL federal docket(s): Hoare v. Oddity Tech Ltd. (MATERIAL); Hoare v. Oddity Tech Ltd. (MATERIAL); In re Oddity Securities Litigation (MATERIAL)
DETFIRE|litigation|HIMS|HIGH|1 MATERIAL federal docket(s): Sookdeo v. Hims & Hers Health, Inc. (MATERIAL)
DETFIRE|litigation|INSP|HIGH|5 MATERIAL federal docket(s): Federico v. Inspire Medical Systems, Inc. (MATERIAL); In re Inspire Medical Systems, Inc. Securities Litigation (MATERIAL); In re Inspire Medical Systems, Inc. Securities Litigation (MATERIAL)
DETFIRE|litigation|WST|HIGH|1 MATERIAL federal docket(s): NEW ENGLAND TEAMSTERS PENSION FUND v. WEST PHARMACEUTICAL SERVICES, INC. (MATERIAL)
DETFIRE|litigation|PGNY|HIGH|1 MATERIAL federal docket(s): In Re: Agilon Health, Inc. Securities Litigation (MATERIAL)
DETFIRE|litigation|PRCT|HIGH|1 MATERIAL federal docket(s): Operating Engineers Construction Industry and Miscellaneous Pension Fund v. PROCEPT BioRob (MATERIAL)
DETFIRE|litigation|BRBR|HIGH|4 MATERIAL federal docket(s): Green v. BellRing Brands, Inc. (MATERIAL); re: BellRing Brands, Inc. Securities Litigation (MATERIAL); In re: BellRing Brands, Inc. Securities Litigation (MATERIAL)
DETFIRE|litigation|VERU|HIGH|2 MATERIAL federal docket(s): In re Sage Therapeutics, Inc. Securities Litigation (MATERIAL); IN RE ZETA GLOBAL HOLDINGS CORPORATION SECURITIES LITIGATION (MATERIAL)
DETNOTE|litigation|CROX|1513 dockets, 0 material
DETNOTE|litigation|HOFT|13 dockets, 0 material
DETNOTE|litigation|FLXS|93 dockets, 0 material
DETFIRE|litigation|WEYS|HIGH|2 MATERIAL federal docket(s): Kahn v. Weyco Group, Inc. (MATERIAL); Kahn v. Weyco Group, Inc. (MATERIAL)
DETNOTE|litigation|STVN|6 dockets, 0 material
DETFIRE|litigation|RH|HIGH|2 MATERIAL federal docket(s): SECURITIES AND EXCHANGE COMMISSION v. DUBOVOY (MATERIAL); SECURITIES AND EXCHANGE COMMISSION v. HUANG (MATERIAL)
DETNOTE|litigation|LZB|316 dockets, 0 material
DETFIRE|litigation|ICFI|HIGH|1 MATERIAL federal docket(s): Strong v. ICF International, Inc. (MATERIAL)
DETNOTE|litigation|KBR|1410 dockets, 0 material
DETFIRE|litigation|TTEK|HIGH|1 MATERIAL federal docket(s): Sullivan v. Tetra Tech, Inc. (MATERIAL)
DETFIRE|litigation|PSN|HIGH|2 MATERIAL federal docket(s): Kerby v. Parsons Corporation (MATERIAL); Billy Hunt v. The Parsons Corporation (MATERIAL)

/Users/ajay/Library/Python/3.9/lib/python/site-packages/urllib3/__init__.py:35: NotOpenSSLWarning: urllib3 v2 only supports OpenSSL 1.1.1+, currently the 'ssl' module is compiled with 'LibreSSL 2.8.3'. See: https://github.com/urllib3/urllib3/issues/3020
  warnings.warn(

===== 2026-08-18 02:42 (desk) =====
# detector_scan litigation over 33 book name(s): ['BAH', 'J', 'CAI', 'SLS', 'GCT', 'DFIN', 'EVER', 'EPAM', 'SBH', 'BKE', 'CRCT', 'REPX', 'ESTA', 'ELF', 'ODD', 'HIMS', 'INSP', 'WST', 'PGNY', 'PRCT', 'BRBR', 'VERU', 'CROX', 'HOFT', 'FLXS', 'WEYS', 'STVN', 'RH', 'LZB', 'ICFI', 'KBR', 'TTEK', 'PSN']
DETFIRE|litigation|BAH|HIGH|2 MATERIAL federal docket(s): Francis v. Booz Allen Hamilton (MATERIAL); Dixon v. Booz Allen Hamilton Inc. (MATERIAL)
DETNOTE|litigation|J|121 dockets, 0 material
DETFIRE|litigation|CAI|HIGH|4 MATERIAL federal docket(s): Stein v. CAI International, Inc. (MATERIAL); Hoag v. CAI International Inc. (MATERIAL); WHITFIELD v. CAI INTERNATIONAL, INC. (MATERIAL)
DETFIRE|litigation|SLS|HIGH|2 MATERIAL federal docket(s): JGB (Cayman) Newton, Ltd. v. Sellas Life Sciences Group Inc. (MATERIAL); IN RE GALENA BIOPHARMA, INC. SECURITIES LITIGATION (MATERIAL)
DETFIRE|litigation|GCT|HIGH|4 MATERIAL federal docket(s): Rock Villanueva v. GigaCloud Technology Inc (MATERIAL); Thomas J. Kinnally v. GigaCloud Technology Inc (MATERIAL); Thomas J. Kinnally v. GigaCloud Technology Inc (MATERIAL)
DETFIRE|litigation|DFIN|HIGH|1 MATERIAL federal docket(s): In re Apache Corp. Securities Litigation, No. 4:21-cv-00575 (MATERIAL)
DETFIRE|litigation|EVER|HIGH|2 MATERIAL federal docket(s): Lapin v. EverQuote Inc (MATERIAL); Runyon v. Everquote, Inc. (MATERIAL)
DETFIRE|litigation|EPAM|HIGH|1 MATERIAL federal docket(s): CKSJB HOLDINGS, LLC v. EPAM SYSTEMS, INC. (MATERIAL)
DETNOTE|litigation|SBH|159 dockets, 0 material
DETNOTE|litigation|BKE|185 dockets, 0 material
DETFIRE|litigation|CRCT|HIGH|2 MATERIAL federal docket(s): Bennett v. Cricut Inc (MATERIAL); In re Seagate Technology Holdings plc Securities Litigation (MATERIAL)
DETNOTE|litigation|REPX|10 dockets, 0 material
DETNOTE|litigation|ESTA|3 dockets, 0 material
DETFIRE|litigation|ELF|HIGH|3 MATERIAL federal docket(s): Boston Retirement System v. e.l.f. Beauty, Inc. (MATERIAL); In re e.l.f. Beauty, Inc. Securities Litigation (MATERIAL); In Re E.L.F. Beauty, Inc. Stockholder Derivative Litigation (MATERIAL)
DETFIRE|litigation|ODD|HIGH|6 MATERIAL federal docket(s): Hoare v. Oddity Tech Ltd. (MATERIAL); Hoare v. Oddity Tech Ltd. (MATERIAL); In re Oddity Securities Litigation (MATERIAL)
DETFIRE|litigation|HIMS|HIGH|1 MATERIAL federal docket(s): Sookdeo v. Hims & Hers Health, Inc. (MATERIAL)
DETFIRE|litigation|INSP|HIGH|5 MATERIAL federal docket(s): Federico v. Inspire Medical Systems, Inc. (MATERIAL); In re Inspire Medical Systems, Inc. Securities Litigation (MATERIAL); In re Inspire Medical Systems, Inc. Securities Litigation (MATERIAL)
DETFIRE|litigation|WST|HIGH|1 MATERIAL federal docket(s): NEW ENGLAND TEAMSTERS PENSION FUND v. WEST PHARMACEUTICAL SERVICES, INC. (MATERIAL)
DETFIRE|litigation|PGNY|HIGH|1 MATERIAL federal docket(s): In Re: Agilon Health, Inc. Securities Litigation (MATERIAL)
DETFIRE|litigation|PRCT|HIGH|1 MATERIAL federal docket(s): Operating Engineers Construction Industry and Miscellaneous Pension Fund v. PROCEPT BioRob (MATERIAL)
DETFIRE|litigation|BRBR|HIGH|4 MATERIAL federal docket(s): Green v. BellRing Brands, Inc. (MATERIAL); re: BellRing Brands, Inc. Securities Litigation (MATERIAL); In re: BellRing Brands, Inc. Securities Litigation (MATERIAL)
DETFIRE|litigation|VERU|HIGH|2 MATERIAL federal docket(s): In re Sage Therapeutics, Inc. Securities Litigation (MATERIAL); IN RE ZETA GLOBAL HOLDINGS CORPORATION SECURITIES LITIGATION (MATERIAL)
DETNOTE|litigation|CROX|1516 dockets, 0 material
DETNOTE|litigation|HOFT|13 dockets, 0 material
DETNOTE|litigation|FLXS|93 dockets, 0 material
DETFIRE|litigation|WEYS|HIGH|2 MATERIAL federal docket(s): Kahn v. Weyco Group, Inc. (MATERIAL); Kahn v. Weyco Group, Inc. (MATERIAL)
DETNOTE|litigation|STVN|6 dockets, 0 material
DETFIRE|litigation|RH|HIGH|2 MATERIAL federal docket(s): SECURITIES AND EXCHANGE COMMISSION v. DUBOVOY (MATERIAL); SECURITIES AND EXCHANGE COMMISSION v. HUANG (MATERIAL)
DETNOTE|litigation|LZB|319 dockets, 0 material
DETFIRE|litigation|ICFI|HIGH|1 MATERIAL federal docket(s): Strong v. ICF International, Inc. (MATERIAL)
DETNOTE|litigation|KBR|1414 dockets, 0 material
DETFIRE|litigation|TTEK|HIGH|1 MATERIAL federal docket(s): Sullivan v. Tetra Tech, Inc. (MATERIAL)
DETFIRE|litigation|PSN|HIGH|2 MATERIAL federal docket(s): Kerby v. Parsons Corporation (MATERIAL); Billy Hunt v. The Parsons Corporation (MATERIAL)

/Users/ajay/Library/Python/3.9/lib/python/site-packages/urllib3/__init__.py:35: NotOpenSSLWarning: urllib3 v2 only supports OpenSSL 1.1.1+, currently the 'ssl' module is compiled with 'LibreSSL 2.8.3'. See: https://github.com/urllib3/urllib3/issues/3020
  warnings.warn(

===== 2026-08-25 03:47 (desk) =====
# detector_scan litigation over 33 book name(s): ['BAH', 'J', 'CAI', 'SLS', 'GCT', 'DFIN', 'EVER', 'EPAM', 'SBH', 'BKE', 'CRCT', 'REPX', 'ESTA', 'ELF', 'ODD', 'HIMS', 'INSP', 'WST', 'PGNY', 'PRCT', 'BRBR', 'VERU', 'CROX', 'HOFT', 'FLXS', 'WEYS', 'STVN', 'RH', 'LZB', 'ICFI', 'KBR', 'TTEK', 'PSN']
DETFIRE|litigation|BAH|HIGH|2 MATERIAL federal docket(s): Francis v. Booz Allen Hamilton (MATERIAL); Dixon v. Booz Allen Hamilton Inc. (MATERIAL)
DETNOTE|litigation|J|121 dockets, 0 material
DETFIRE|litigation|CAI|HIGH|4 MATERIAL federal docket(s): Stein v. CAI International, Inc. (MATERIAL); Hoag v. CAI International Inc. (MATERIAL); WHITFIELD v. CAI INTERNATIONAL, INC. (MATERIAL)
DETFIRE|litigation|SLS|HIGH|2 MATERIAL federal docket(s): JGB (Cayman) Newton, Ltd. v. Sellas Life Sciences Group Inc. (MATERIAL); IN RE GALENA BIOPHARMA, INC. SECURITIES LITIGATION (MATERIAL)
DETFIRE|litigation|GCT|HIGH|4 MATERIAL federal docket(s): Rock Villanueva v. GigaCloud Technology Inc (MATERIAL); Thomas J. Kinnally v. GigaCloud Technology Inc (MATERIAL); Thomas J. Kinnally v. GigaCloud Technology Inc (MATERIAL)
DETFIRE|litigation|DFIN|HIGH|1 MATERIAL federal docket(s): In re Apache Corp. Securities Litigation, No. 4:21-cv-00575 (MATERIAL)
DETFIRE|litigation|EVER|HIGH|2 MATERIAL federal docket(s): Lapin v. EverQuote Inc (MATERIAL); Runyon v. Everquote, Inc. (MATERIAL)
DETFIRE|litigation|EPAM|HIGH|1 MATERIAL federal docket(s): CKSJB HOLDINGS, LLC v. EPAM SYSTEMS, INC. (MATERIAL)
DETNOTE|litigation|SBH|159 dockets, 0 material
DETNOTE|litigation|BKE|187 dockets, 0 material
DETFIRE|litigation|CRCT|HIGH|1 MATERIAL federal docket(s): Bennett v. Cricut Inc (MATERIAL)
DETNOTE|litigation|REPX|10 dockets, 0 material
DETNOTE|litigation|ESTA|3 dockets, 0 material
DETFIRE|litigation|ELF|HIGH|3 MATERIAL federal docket(s): Boston Retirement System v. e.l.f. Beauty, Inc. (MATERIAL); In re e.l.f. Beauty, Inc. Securities Litigation (MATERIAL); In Re E.L.F. Beauty, Inc. Stockholder Derivative Litigation (MATERIAL)
DETFIRE|litigation|ODD|HIGH|6 MATERIAL federal docket(s): Hoare v. Oddity Tech Ltd. (MATERIAL); Hoare v. Oddity Tech Ltd. (MATERIAL); In re Oddity Securities Litigation (MATERIAL)
DETFIRE|litigation|HIMS|HIGH|1 MATERIAL federal docket(s): Sookdeo v. Hims & Hers Health, Inc. (MATERIAL)
DETFIRE|litigation|INSP|HIGH|5 MATERIAL federal docket(s): Federico v. Inspire Medical Systems, Inc. (MATERIAL); In re Inspire Medical Systems, Inc. Securities Litigation (MATERIAL); In re Inspire Medical Systems, Inc. Securities Litigation (MATERIAL)
DETFIRE|litigation|WST|HIGH|1 MATERIAL federal docket(s): NEW ENGLAND TEAMSTERS PENSION FUND v. WEST PHARMACEUTICAL SERVICES, INC. (MATERIAL)
DETFIRE|litigation|PGNY|HIGH|1 MATERIAL federal docket(s): In Re: Agilon Health, Inc. Securities Litigation (MATERIAL)
DETFIRE|litigation|PRCT|HIGH|1 MATERIAL federal docket(s): Operating Engineers Construction Industry and Miscellaneous Pension Fund v. PROCEPT BioRob (MATERIAL)
DETFIRE|litigation|BRBR|HIGH|4 MATERIAL federal docket(s): Green v. BellRing Brands, Inc. (MATERIAL); re: BellRing Brands, Inc. Securities Litigation (MATERIAL); In re: BellRing Brands, Inc. Securities Litigation (MATERIAL)
DETFIRE|litigation|VERU|HIGH|2 MATERIAL federal docket(s): In re Sage Therapeutics, Inc. Securities Litigation (MATERIAL); IN RE ZETA GLOBAL HOLDINGS CORPORATION SECURITIES LITIGATION (MATERIAL)
DETNOTE|litigation|CROX|1519 dockets, 0 material
DETNOTE|litigation|HOFT|13 dockets, 0 material
DETNOTE|litigation|FLXS|93 dockets, 0 material
DETFIRE|litigation|WEYS|HIGH|2 MATERIAL federal docket(s): Kahn v. Weyco Group, Inc. (MATERIAL); Kahn v. Weyco Group, Inc. (MATERIAL)
DETNOTE|litigation|STVN|6 dockets, 0 material
DETFIRE|litigation|RH|HIGH|2 MATERIAL federal docket(s): SECURITIES AND EXCHANGE COMMISSION v. DUBOVOY (MATERIAL); SECURITIES AND EXCHANGE COMMISSION v. HUANG (MATERIAL)
DETNOTE|litigation|LZB|319 dockets, 0 material
DETFIRE|litigation|ICFI|HIGH|1 MATERIAL federal docket(s): Strong v. ICF International, Inc. (MATERIAL)
DETNOTE|litigation|KBR|1415 dockets, 0 material
DETFIRE|litigation|TTEK|HIGH|1 MATERIAL federal docket(s): Sullivan v. Tetra Tech, Inc. (MATERIAL)
DETFIRE|litigation|PSN|HIGH|2 MATERIAL federal docket(s): Kerby v. Parsons Corporation (MATERIAL); Billy Hunt v. The Parsons Corporation (MATERIAL)

/Users/ajay/Library/Python/3.9/lib/python/site-packages/urllib3/__init__.py:35: NotOpenSSLWarning: urllib3 v2 only supports OpenSSL 1.1.1+, currently the 'ssl' module is compiled with 'LibreSSL 2.8.3'. See: https://github.com/urllib3/urllib3/issues/3020
  warnings.warn(

===== 2026-09-01 04:40 (desk) =====
# detector_scan litigation over 33 book name(s): ['BAH', 'J', 'CAI', 'SLS', 'GCT', 'DFIN', 'EVER', 'EPAM', 'SBH', 'BKE', 'CRCT', 'REPX', 'ESTA', 'ELF', 'ODD', 'HIMS', 'INSP', 'WST', 'PGNY', 'PRCT', 'BRBR', 'VERU', 'CROX', 'HOFT', 'FLXS', 'WEYS', 'STVN', 'RH', 'LZB', 'ICFI', 'KBR', 'TTEK', 'PSN']
DETFIRE|litigation|BAH|HIGH|2 MATERIAL federal docket(s): Francis v. Booz Allen Hamilton (MATERIAL); Dixon v. Booz Allen Hamilton Inc. (MATERIAL)
DETNOTE|litigation|J|121 dockets, 0 material
DETFIRE|litigation|CAI|HIGH|4 MATERIAL federal docket(s): Stein v. CAI International, Inc. (MATERIAL); Hoag v. CAI International Inc. (MATERIAL); WHITFIELD v. CAI INTERNATIONAL, INC. (MATERIAL)
DETFIRE|litigation|SLS|HIGH|2 MATERIAL federal docket(s): JGB (Cayman) Newton, Ltd. v. Sellas Life Sciences Group Inc. (MATERIAL); IN RE GALENA BIOPHARMA, INC. SECURITIES LITIGATION (MATERIAL)
DETFIRE|litigation|GCT|HIGH|4 MATERIAL federal docket(s): Rock Villanueva v. GigaCloud Technology Inc (MATERIAL); Thomas J. Kinnally v. GigaCloud Technology Inc (MATERIAL); Thomas J. Kinnally v. GigaCloud Technology Inc (MATERIAL)
DETFIRE|litigation|DFIN|HIGH|1 MATERIAL federal docket(s): In re Apache Corp. Securities Litigation, No. 4:21-cv-00575 (MATERIAL)
DETFIRE|litigation|EVER|HIGH|2 MATERIAL federal docket(s): Lapin v. EverQuote Inc (MATERIAL); Runyon v. Everquote, Inc. (MATERIAL)
DETFIRE|litigation|EPAM|HIGH|1 MATERIAL federal docket(s): CKSJB HOLDINGS, LLC v. EPAM SYSTEMS, INC. (MATERIAL)
DETNOTE|litigation|SBH|159 dockets, 0 material
DETNOTE|litigation|BKE|187 dockets, 0 material
DETFIRE|litigation|CRCT|HIGH|1 MATERIAL federal docket(s): Bennett v. Cricut Inc (MATERIAL)
DETNOTE|litigation|REPX|10 dockets, 0 material
DETNOTE|litigation|ESTA|3 dockets, 0 material
DETFIRE|litigation|ELF|HIGH|3 MATERIAL federal docket(s): Boston Retirement System v. e.l.f. Beauty, Inc. (MATERIAL); In re e.l.f. Beauty, Inc. Securities Litigation (MATERIAL); In Re E.L.F. Beauty, Inc. Stockholder Derivative Litigation (MATERIAL)
DETFIRE|litigation|ODD|HIGH|6 MATERIAL federal docket(s): Hoare v. Oddity Tech Ltd. (MATERIAL); Hoare v. Oddity Tech Ltd. (MATERIAL); In re Oddity Securities Litigation (MATERIAL)
DETFIRE|litigation|HIMS|HIGH|1 MATERIAL federal docket(s): Sookdeo v. Hims & Hers Health, Inc. (MATERIAL)
DETFIRE|litigation|INSP|HIGH|5 MATERIAL federal docket(s): Federico v. Inspire Medical Systems, Inc. (MATERIAL); In re Inspire Medical Systems, Inc. Securities Litigation (MATERIAL); In re Inspire Medical Systems, Inc. Securities Litigation (MATERIAL)
DETFIRE|litigation|WST|HIGH|1 MATERIAL federal docket(s): NEW ENGLAND TEAMSTERS PENSION FUND v. WEST PHARMACEUTICAL SERVICES, INC. (MATERIAL)
DETFIRE|litigation|PGNY|HIGH|1 MATERIAL federal docket(s): In Re: Agilon Health, Inc. Securities Litigation (MATERIAL)
DETFIRE|litigation|PRCT|HIGH|1 MATERIAL federal docket(s): Operating Engineers Construction Industry and Miscellaneous Pension Fund v. PROCEPT BioRob (MATERIAL)
DETFIRE|litigation|BRBR|HIGH|4 MATERIAL federal docket(s): Green v. BellRing Brands, Inc. (MATERIAL); re: BellRing Brands, Inc. Securities Litigation (MATERIAL); In re: BellRing Brands, Inc. Securities Litigation (MATERIAL)
DETFIRE|litigation|VERU|HIGH|2 MATERIAL federal docket(s): In re Sage Therapeutics, Inc. Securities Litigation (MATERIAL); IN RE ZETA GLOBAL HOLDINGS CORPORATION SECURITIES LITIGATION (MATERIAL)
DETNOTE|litigation|CROX|1525 dockets, 0 material
DETNOTE|litigation|HOFT|13 dockets, 0 material
DETNOTE|litigation|FLXS|93 dockets, 0 material
DETFIRE|litigation|WEYS|HIGH|2 MATERIAL federal docket(s): Kahn v. Weyco Group, Inc. (MATERIAL); Kahn v. Weyco Group, Inc. (MATERIAL)
DETNOTE|litigation|STVN|6 dockets, 0 material
DETFIRE|litigation|RH|HIGH|2 MATERIAL federal docket(s): SECURITIES AND EXCHANGE COMMISSION v. DUBOVOY (MATERIAL); SECURITIES AND EXCHANGE COMMISSION v. HUANG (MATERIAL)
DETNOTE|litigation|LZB|319 dockets, 0 material
DETFIRE|litigation|ICFI|HIGH|1 MATERIAL federal docket(s): Strong v. ICF International, Inc. (MATERIAL)
DETNOTE|litigation|KBR|1418 dockets, 0 material
DETFIRE|litigation|TTEK|HIGH|1 MATERIAL federal docket(s): Sullivan v. Tetra Tech, Inc. (MATERIAL)
DETFIRE|litigation|PSN|HIGH|2 MATERIAL federal docket(s): Kerby v. Parsons Corporation (MATERIAL); Billy Hunt v. The Parsons Corporation (MATERIAL)

/Users/ajay/Library/Python/3.9/lib/python/site-packages/urllib3/__init__.py:35: NotOpenSSLWarning: urllib3 v2 only supports OpenSSL 1.1.1+, currently the 'ssl' module is compiled with 'LibreSSL 2.8.3'. See: https://github.com/urllib3/urllib3/issues/3020
  warnings.warn(

===== 2026-09-11 01:41 (desk) =====
# detector_scan litigation over 33 book name(s): ['BAH', 'J', 'CAI', 'SLS', 'GCT', 'DFIN', 'EVER', 'EPAM', 'SBH', 'BKE', 'CRCT', 'REPX', 'ESTA', 'ELF', 'ODD', 'HIMS', 'INSP', 'WST', 'PGNY', 'PRCT', 'BRBR', 'VERU', 'CROX', 'HOFT', 'FLXS', 'WEYS', 'STVN', 'RH', 'LZB', 'ICFI', 'KBR', 'TTEK', 'PSN']
DETFIRE|litigation|BAH|HIGH|2 MATERIAL federal docket(s): Francis v. Booz Allen Hamilton (MATERIAL); Dixon v. Booz Allen Hamilton Inc. (MATERIAL)
DETNOTE|litigation|J|122 dockets, 0 material
DETFIRE|litigation|CAI|HIGH|4 MATERIAL federal docket(s): Stein v. CAI International, Inc. (MATERIAL); Hoag v. CAI International Inc. (MATERIAL); WHITFIELD v. CAI INTERNATIONAL, INC. (MATERIAL)
DETFIRE|litigation|SLS|HIGH|2 MATERIAL federal docket(s): JGB (Cayman) Newton, Ltd. v. Sellas Life Sciences Group Inc. (MATERIAL); IN RE GALENA BIOPHARMA, INC. SECURITIES LITIGATION (MATERIAL)
DETFIRE|litigation|GCT|HIGH|4 MATERIAL federal docket(s): Rock Villanueva v. GigaCloud Technology Inc (MATERIAL); Thomas J. Kinnally v. GigaCloud Technology Inc (MATERIAL); Thomas J. Kinnally v. GigaCloud Technology Inc (MATERIAL)
DETFIRE|litigation|DFIN|HIGH|1 MATERIAL federal docket(s): In re Apache Corp. Securities Litigation, No. 4:21-cv-00575 (MATERIAL)
DETFIRE|litigation|EVER|HIGH|2 MATERIAL federal docket(s): Lapin v. EverQuote Inc (MATERIAL); Runyon v. Everquote, Inc. (MATERIAL)
DETFIRE|litigation|EPAM|HIGH|1 MATERIAL federal docket(s): CKSJB HOLDINGS, LLC v. EPAM SYSTEMS, INC. (MATERIAL)
DETNOTE|litigation|SBH|159 dockets, 0 material
DETNOTE|litigation|BKE|187 dockets, 0 material
DETFIRE|litigation|CRCT|HIGH|1 MATERIAL federal docket(s): Bennett v. Cricut Inc (MATERIAL)
DETNOTE|litigation|REPX|10 dockets, 0 material
DETNOTE|litigation|ESTA|3 dockets, 0 material
DETFIRE|litigation|ELF|HIGH|3 MATERIAL federal docket(s): Boston Retirement System v. e.l.f. Beauty, Inc. (MATERIAL); In re e.l.f. Beauty, Inc. Securities Litigation (MATERIAL); In Re E.L.F. Beauty, Inc. Stockholder Derivative Litigation (MATERIAL)
DETFIRE|litigation|ODD|HIGH|6 MATERIAL federal docket(s): Hoare v. Oddity Tech Ltd. (MATERIAL); Hoare v. Oddity Tech Ltd. (MATERIAL); In re Oddity Securities Litigation (MATERIAL)
DETFIRE|litigation|HIMS|HIGH|1 MATERIAL federal docket(s): Sookdeo v. Hims & Hers Health, Inc. (MATERIAL)
DETFIRE|litigation|INSP|HIGH|5 MATERIAL federal docket(s): Federico v. Inspire Medical Systems, Inc. (MATERIAL); In re Inspire Medical Systems, Inc. Securities Litigation (MATERIAL); In re Inspire Medical Systems, Inc. Securities Litigation (MATERIAL)
DETFIRE|litigation|WST|HIGH|1 MATERIAL federal docket(s): NEW ENGLAND TEAMSTERS PENSION FUND v. WEST PHARMACEUTICAL SERVICES, INC. (MATERIAL)
DETFIRE|litigation|PGNY|HIGH|1 MATERIAL federal docket(s): In Re: Agilon Health, Inc. Securities Litigation (MATERIAL)
DETFIRE|litigation|PRCT|HIGH|1 MATERIAL federal docket(s): Operating Engineers Construction Industry and Miscellaneous Pension Fund v. PROCEPT BioRob (MATERIAL)
DETFIRE|litigation|BRBR|HIGH|4 MATERIAL federal docket(s): Green v. BellRing Brands, Inc. (MATERIAL); re: BellRing Brands, Inc. Securities Litigation (MATERIAL); In re: BellRing Brands, Inc. Securities Litigation (MATERIAL)
DETFIRE|litigation|VERU|HIGH|2 MATERIAL federal docket(s): In re Sage Therapeutics, Inc. Securities Litigation (MATERIAL); IN RE ZETA GLOBAL HOLDINGS CORPORATION SECURITIES LITIGATION (MATERIAL)
DETNOTE|litigation|CROX|1530 dockets, 0 material
DETNOTE|litigation|HOFT|13 dockets, 0 material
DETNOTE|litigation|FLXS|93 dockets, 0 material
DETFIRE|litigation|WEYS|HIGH|2 MATERIAL federal docket(s): Kahn v. Weyco Group, Inc. (MATERIAL); Kahn v. Weyco Group, Inc. (MATERIAL)
DETNOTE|litigation|STVN|6 dockets, 0 material
DETFIRE|litigation|RH|HIGH|2 MATERIAL federal docket(s): SECURITIES AND EXCHANGE COMMISSION v. DUBOVOY (MATERIAL); SECURITIES AND EXCHANGE COMMISSION v. HUANG (MATERIAL)
DETNOTE|litigation|LZB|323 dockets, 0 material
DETFIRE|litigation|ICFI|HIGH|1 MATERIAL federal docket(s): Strong v. ICF International, Inc. (MATERIAL)
DETNOTE|litigation|KBR|1424 dockets, 0 material
DETFIRE|litigation|TTEK|HIGH|1 MATERIAL federal docket(s): Sullivan v. Tetra Tech, Inc. (MATERIAL)
DETFIRE|litigation|PSN|HIGH|2 MATERIAL federal docket(s): Kerby v. Parsons Corporation (MATERIAL); Billy Hunt v. The Parsons Corporation (MATERIAL)

/Users/ajay/Library/Python/3.9/lib/python/site-packages/urllib3/__init__.py:35: NotOpenSSLWarning: urllib3 v2 only supports OpenSSL 1.1.1+, currently the 'ssl' module is compiled with 'LibreSSL 2.8.3'. See: https://github.com/urllib3/urllib3/issues/3020
  warnings.warn(

===== 2026-09-11 01:46 (desk) =====
# detector_scan litigation over 33 book name(s): ['BAH', 'J', 'CAI', 'SLS', 'GCT', 'DFIN', 'EVER', 'EPAM', 'SBH', 'BKE', 'CRCT', 'REPX', 'ESTA', 'ELF', 'ODD', 'HIMS', 'INSP', 'WST', 'PGNY', 'PRCT', 'BRBR', 'VERU', 'CROX', 'HOFT', 'FLXS', 'WEYS', 'STVN', 'RH', 'LZB', 'ICFI', 'KBR', 'TTEK', 'PSN']
DETFIRE|litigation|BAH|HIGH|2 MATERIAL federal docket(s): Francis v. Booz Allen Hamilton (MATERIAL); Dixon v. Booz Allen Hamilton Inc. (MATERIAL)
DETNOTE|litigation|J|122 dockets, 0 material
DETFIRE|litigation|CAI|HIGH|4 MATERIAL federal docket(s): Stein v. CAI International, Inc. (MATERIAL); Hoag v. CAI International Inc. (MATERIAL); WHITFIELD v. CAI INTERNATIONAL, INC. (MATERIAL)
DETFIRE|litigation|SLS|HIGH|2 MATERIAL federal docket(s): JGB (Cayman) Newton, Ltd. v. Sellas Life Sciences Group Inc. (MATERIAL); IN RE GALENA BIOPHARMA, INC. SECURITIES LITIGATION (MATERIAL)
DETFIRE|litigation|GCT|HIGH|4 MATERIAL federal docket(s): Rock Villanueva v. GigaCloud Technology Inc (MATERIAL); Thomas J. Kinnally v. GigaCloud Technology Inc (MATERIAL); Thomas J. Kinnally v. GigaCloud Technology Inc (MATERIAL)
DETFIRE|litigation|DFIN|HIGH|1 MATERIAL federal docket(s): In re Apache Corp. Securities Litigation, No. 4:21-cv-00575 (MATERIAL)
DETFIRE|litigation|EVER|HIGH|2 MATERIAL federal docket(s): Lapin v. EverQuote Inc (MATERIAL); Runyon v. Everquote, Inc. (MATERIAL)
DETFIRE|litigation|EPAM|HIGH|1 MATERIAL federal docket(s): CKSJB HOLDINGS, LLC v. EPAM SYSTEMS, INC. (MATERIAL)
DETNOTE|litigation|SBH|159 dockets, 0 material
DETNOTE|litigation|BKE|187 dockets, 0 material
DETFIRE|litigation|CRCT|HIGH|1 MATERIAL federal docket(s): Bennett v. Cricut Inc (MATERIAL)
DETNOTE|litigation|REPX|10 dockets, 0 material
DETNOTE|litigation|ESTA|3 dockets, 0 material
DETFIRE|litigation|ELF|HIGH|3 MATERIAL federal docket(s): Boston Retirement System v. e.l.f. Beauty, Inc. (MATERIAL); In re e.l.f. Beauty, Inc. Securities Litigation (MATERIAL); In Re E.L.F. Beauty, Inc. Stockholder Derivative Litigation (MATERIAL)
DETFIRE|litigation|ODD|HIGH|6 MATERIAL federal docket(s): Hoare v. Oddity Tech Ltd. (MATERIAL); Hoare v. Oddity Tech Ltd. (MATERIAL); In re Oddity Securities Litigation (MATERIAL)
DETFIRE|litigation|HIMS|HIGH|1 MATERIAL federal docket(s): Sookdeo v. Hims & Hers Health, Inc. (MATERIAL)
DETFIRE|litigation|INSP|HIGH|5 MATERIAL federal docket(s): Federico v. Inspire Medical Systems, Inc. (MATERIAL); In re Inspire Medical Systems, Inc. Securities Litigation (MATERIAL); In re Inspire Medical Systems, Inc. Securities Litigation (MATERIAL)
DETFIRE|litigation|WST|HIGH|1 MATERIAL federal docket(s): NEW ENGLAND TEAMSTERS PENSION FUND v. WEST PHARMACEUTICAL SERVICES, INC. (MATERIAL)
DETFIRE|litigation|PGNY|HIGH|1 MATERIAL federal docket(s): In Re: Agilon Health, Inc. Securities Litigation (MATERIAL)
DETFIRE|litigation|PRCT|HIGH|1 MATERIAL federal docket(s): Operating Engineers Construction Industry and Miscellaneous Pension Fund v. PROCEPT BioRob (MATERIAL)
DETFIRE|litigation|BRBR|HIGH|4 MATERIAL federal docket(s): Green v. BellRing Brands, Inc. (MATERIAL); re: BellRing Brands, Inc. Securities Litigation (MATERIAL); In re: BellRing Brands, Inc. Securities Litigation (MATERIAL)
DETFIRE|litigation|VERU|HIGH|2 MATERIAL federal docket(s): In re Sage Therapeutics, Inc. Securities Litigation (MATERIAL); IN RE ZETA GLOBAL HOLDINGS CORPORATION SECURITIES LITIGATION (MATERIAL)
DETNOTE|litigation|CROX|1530 dockets, 0 material
DETNOTE|litigation|HOFT|13 dockets, 0 material
DETNOTE|litigation|FLXS|93 dockets, 0 material
DETFIRE|litigation|WEYS|HIGH|2 MATERIAL federal docket(s): Kahn v. Weyco Group, Inc. (MATERIAL); Kahn v. Weyco Group, Inc. (MATERIAL)
DETNOTE|litigation|STVN|6 dockets, 0 material
DETFIRE|litigation|RH|HIGH|2 MATERIAL federal docket(s): SECURITIES AND EXCHANGE COMMISSION v. DUBOVOY (MATERIAL); SECURITIES AND EXCHANGE COMMISSION v. HUANG (MATERIAL)
DETNOTE|litigation|LZB|323 dockets, 0 material
DETFIRE|litigation|ICFI|HIGH|1 MATERIAL federal docket(s): Strong v. ICF International, Inc. (MATERIAL)
DETNOTE|litigation|KBR|1424 dockets, 0 material
DETFIRE|litigation|TTEK|HIGH|1 MATERIAL federal docket(s): Sullivan v. Tetra Tech, Inc. (MATERIAL)
DETFIRE|litigation|PSN|HIGH|2 MATERIAL federal docket(s): Kerby v. Parsons Corporation (MATERIAL); Billy Hunt v. The Parsons Corporation (MATERIAL)

/Users/ajay/Library/Python/3.9/lib/python/site-packages/urllib3/__init__.py:35: NotOpenSSLWarning: urllib3 v2 only supports OpenSSL 1.1.1+, currently the 'ssl' module is compiled with 'LibreSSL 2.8.3'. See: https://github.com/urllib3/urllib3/issues/3020
  warnings.warn(
