
===== 2026-06-29 00:34 (desk) =====
# detector_scan hiring_velocity over 2 book name(s): ['GCT', 'COSMECCA']
DETNOTE|hiring_velocity|GCT|? postings, no wave
DETNOTE|hiring_velocity|COSMECCA|? postings, no wave

/Users/ajay/Library/Python/3.9/lib/python/site-packages/urllib3/__init__.py:35: NotOpenSSLWarning: urllib3 v2 only supports OpenSSL 1.1.1+, currently the 'ssl' module is compiled with 'LibreSSL 2.8.3'. See: https://github.com/urllib3/urllib3/issues/3020
  warnings.warn(

===== 2026-07-06 01:32 (desk) =====
# detector_scan hiring_velocity over 2 book name(s): ['GCT', 'COSMECCA']
DETNOTE|hiring_velocity|GCT|? postings, no wave
DETNOTE|hiring_velocity|COSMECCA|? postings, no wave

/Users/ajay/Library/Python/3.9/lib/python/site-packages/urllib3/__init__.py:35: NotOpenSSLWarning: urllib3 v2 only supports OpenSSL 1.1.1+, currently the 'ssl' module is compiled with 'LibreSSL 2.8.3'. See: https://github.com/urllib3/urllib3/issues/3020
  warnings.warn(

===== 2026-07-13 02:34 (desk) =====
# detector_scan hiring_velocity over 2 book name(s): ['GCT', 'COSMECCA']
DETNOTE|hiring_velocity|GCT|? postings, no wave
DETNOTE|hiring_velocity|COSMECCA|? postings, no wave

/Users/ajay/Library/Python/3.9/lib/python/site-packages/urllib3/__init__.py:35: NotOpenSSLWarning: urllib3 v2 only supports OpenSSL 1.1.1+, currently the 'ssl' module is compiled with 'LibreSSL 2.8.3'. See: https://github.com/urllib3/urllib3/issues/3020
  warnings.warn(

===== 2026-07-20 16:48 (desk) =====
# detector_scan hiring_velocity over 2 book name(s): ['GCT', 'COSMECCA']
DETNOTE|hiring_velocity|GCT|? postings, no wave
DETNOTE|hiring_velocity|COSMECCA|? postings, no wave

/Users/ajay/Library/Python/3.9/lib/python/site-packages/urllib3/__init__.py:35: NotOpenSSLWarning: urllib3 v2 only supports OpenSSL 1.1.1+, currently the 'ssl' module is compiled with 'LibreSSL 2.8.3'. See: https://github.com/urllib3/urllib3/issues/3020
  warnings.warn(

===== 2026-07-27 23:37 (desk) =====
# detector_scan hiring_velocity over 2 book name(s): ['GCT', 'COSMECCA']
DETNOTE|hiring_velocity|GCT|? postings, no wave
DETNOTE|hiring_velocity|COSMECCA|? postings, no wave

/Users/ajay/Library/Python/3.9/lib/python/site-packages/urllib3/__init__.py:35: NotOpenSSLWarning: urllib3 v2 only supports OpenSSL 1.1.1+, currently the 'ssl' module is compiled with 'LibreSSL 2.8.3'. See: https://github.com/urllib3/urllib3/issues/3020
  warnings.warn(

===== 2026-08-04 00:40 (desk) =====
# detector_scan hiring_velocity over 2 book name(s): ['GCT', 'COSMECCA']
DETNOTE|hiring_velocity|GCT|? postings, no wave
DETNOTE|hiring_velocity|COSMECCA|? postings, no wave

/Users/ajay/Library/Python/3.9/lib/python/site-packages/urllib3/__init__.py:35: NotOpenSSLWarning: urllib3 v2 only supports OpenSSL 1.1.1+, currently the 'ssl' module is compiled with 'LibreSSL 2.8.3'. See: https://github.com/urllib3/urllib3/issues/3020
  warnings.warn(

===== 2026-08-11 02:01 (desk) =====
# detector_scan hiring_velocity over 2 book name(s): ['GCT', 'COSMECCA']
DETNOTE|hiring_velocity|GCT|? postings, no wave
DETNOTE|hiring_velocity|COSMECCA|? postings, no wave

/Users/ajay/Library/Python/3.9/lib/python/site-packages/urllib3/__init__.py:35: NotOpenSSLWarning: urllib3 v2 only supports OpenSSL 1.1.1+, currently the 'ssl' module is compiled with 'LibreSSL 2.8.3'. See: https://github.com/urllib3/urllib3/issues/3020
  warnings.warn(

===== 2026-08-18 02:42 (desk) =====
# detector_scan hiring_velocity over 2 book name(s): ['GCT', 'COSMECCA']
DETNOTE|hiring_velocity|GCT|? postings, no wave
DETNOTE|hiring_velocity|COSMECCA|? postings, no wave

/Users/ajay/Library/Python/3.9/lib/python/site-packages/urllib3/__init__.py:35: NotOpenSSLWarning: urllib3 v2 only supports OpenSSL 1.1.1+, currently the 'ssl' module is compiled with 'LibreSSL 2.8.3'. See: https://github.com/urllib3/urllib3/issues/3020
  warnings.warn(

===== 2026-08-25 03:48 (desk) =====
# detector_scan hiring_velocity over 2 book name(s): ['GCT', 'COSMECCA']
DETNOTE|hiring_velocity|GCT|? postings, no wave
DETNOTE|hiring_velocity|COSMECCA|? postings, no wave

/Users/ajay/Library/Python/3.9/lib/python/site-packages/urllib3/__init__.py:35: NotOpenSSLWarning: urllib3 v2 only supports OpenSSL 1.1.1+, currently the 'ssl' module is compiled with 'LibreSSL 2.8.3'. See: https://github.com/urllib3/urllib3/issues/3020
  warnings.warn(

===== 2026-09-01 04:41 (desk) =====
# detector_scan hiring_velocity over 2 book name(s): ['GCT', 'COSMECCA']
DETNOTE|hiring_velocity|GCT|? postings, no wave
DETNOTE|hiring_velocity|COSMECCA|? postings, no wave

/Users/ajay/Library/Python/3.9/lib/python/site-packages/urllib3/__init__.py:35: NotOpenSSLWarning: urllib3 v2 only supports OpenSSL 1.1.1+, currently the 'ssl' module is compiled with 'LibreSSL 2.8.3'. See: https://github.com/urllib3/urllib3/issues/3020
  warnings.warn(

===== 2026-09-11 01:41 (desk) =====
# detector_scan hiring_velocity over 2 book name(s): ['GCT', 'COSMECCA']
DETNOTE|hiring_velocity|GCT|? postings, no wave
DETNOTE|hiring_velocity|COSMECCA|? postings, no wave

/Users/ajay/Library/Python/3.9/lib/python/site-packages/urllib3/__init__.py:35: NotOpenSSLWarning: urllib3 v2 only supports OpenSSL 1.1.1+, currently the 'ssl' module is compiled with 'LibreSSL 2.8.3'. See: https://github.com/urllib3/urllib3/issues/3020
  warnings.warn(

===== 2026-09-11 01:47 (desk) =====
# detector_scan hiring_velocity over 2 book name(s): ['GCT', 'COSMECCA']
DETNOTE|hiring_velocity|GCT|? postings, no wave
DETNOTE|hiring_velocity|COSMECCA|? postings, no wave

/Users/ajay/Library/Python/3.9/lib/python/site-packages/urllib3/__init__.py:35: NotOpenSSLWarning: urllib3 v2 only supports OpenSSL 1.1.1+, currently the 'ssl' module is compiled with 'LibreSSL 2.8.3'. See: https://github.com/urllib3/urllib3/issues/3020
  warnings.warn(
