
===== 2026-06-29 00:33 (desk) =====
# detector_scan usaspending over 2 book name(s): ['BAH', 'J']
DETNOTE|usaspending|BAH|federal awards $31414M (no material drop vs prior)
DETNOTE|usaspending|J|federal awards $2258M (no material drop vs prior)

/Users/ajay/Library/Python/3.9/lib/python/site-packages/urllib3/__init__.py:35: NotOpenSSLWarning: urllib3 v2 only supports OpenSSL 1.1.1+, currently the 'ssl' module is compiled with 'LibreSSL 2.8.3'. See: https://github.com/urllib3/urllib3/issues/3020
  warnings.warn(

===== 2026-07-06 01:31 (desk) =====
# detector_scan usaspending over 2 book name(s): ['BAH', 'J']
DETNOTE|usaspending|BAH|federal awards $31432M (no material drop vs prior)
DETNOTE|usaspending|J|federal awards $2258M (no material drop vs prior)

/Users/ajay/Library/Python/3.9/lib/python/site-packages/urllib3/__init__.py:35: NotOpenSSLWarning: urllib3 v2 only supports OpenSSL 1.1.1+, currently the 'ssl' module is compiled with 'LibreSSL 2.8.3'. See: https://github.com/urllib3/urllib3/issues/3020
  warnings.warn(

===== 2026-07-13 02:34 (desk) =====
# detector_scan usaspending over 6 book name(s): ['BAH', 'J', 'ICFI', 'KBR', 'TTEK', 'PSN']
DETNOTE|usaspending|BAH|federal awards $31480M (no material drop vs prior)
DETNOTE|usaspending|J|federal awards $2267M (no material drop vs prior)
DETNOTE|usaspending|ICFI|not_found: no federal prime contracts matching 'ICF International'
DETNOTE|usaspending|KBR|federal awards $61907M (no material drop vs prior)
DETNOTE|usaspending|TTEK|federal awards $2944M (no material drop vs prior)
DETNOTE|usaspending|PSN|federal awards $22579M (no material drop vs prior)

/Users/ajay/Library/Python/3.9/lib/python/site-packages/urllib3/__init__.py:35: NotOpenSSLWarning: urllib3 v2 only supports OpenSSL 1.1.1+, currently the 'ssl' module is compiled with 'LibreSSL 2.8.3'. See: https://github.com/urllib3/urllib3/issues/3020
  warnings.warn(

===== 2026-07-20 16:47 (desk) =====
# detector_scan usaspending over 6 book name(s): ['BAH', 'J', 'ICFI', 'KBR', 'TTEK', 'PSN']
DETNOTE|usaspending|BAH|network: post: HTTPSConnectionPool(host='api.usaspending.gov', port=443): Max retries exc
DETNOTE|usaspending|J|network: post: HTTPSConnectionPool(host='api.usaspending.gov', port=443): Max retries exc
DETNOTE|usaspending|ICFI|network: post: HTTPSConnectionPool(host='api.usaspending.gov', port=443): Max retries exc
DETNOTE|usaspending|KBR|network: post: HTTPSConnectionPool(host='api.usaspending.gov', port=443): Max retries exc
DETNOTE|usaspending|TTEK|network: post: HTTPSConnectionPool(host='api.usaspending.gov', port=443): Max retries exc
DETNOTE|usaspending|PSN|network: post: HTTPSConnectionPool(host='api.usaspending.gov', port=443): Max retries exc

/Users/ajay/Library/Python/3.9/lib/python/site-packages/urllib3/__init__.py:35: NotOpenSSLWarning: urllib3 v2 only supports OpenSSL 1.1.1+, currently the 'ssl' module is compiled with 'LibreSSL 2.8.3'. See: https://github.com/urllib3/urllib3/issues/3020
  warnings.warn(

===== 2026-07-27 23:36 (desk) =====
# detector_scan usaspending over 6 book name(s): ['BAH', 'J', 'ICFI', 'KBR', 'TTEK', 'PSN']
DETNOTE|usaspending|BAH|federal awards $31569M (no material drop vs prior)
DETNOTE|usaspending|J|federal awards $2267M (no material drop vs prior)
DETNOTE|usaspending|ICFI|not_found: no federal prime contracts matching 'ICF International'
DETNOTE|usaspending|KBR|federal awards $61963M (no material drop vs prior)
DETNOTE|usaspending|TTEK|federal awards $2943M (no material drop vs prior)
DETNOTE|usaspending|PSN|federal awards $22605M (no material drop vs prior)

/Users/ajay/Library/Python/3.9/lib/python/site-packages/urllib3/__init__.py:35: NotOpenSSLWarning: urllib3 v2 only supports OpenSSL 1.1.1+, currently the 'ssl' module is compiled with 'LibreSSL 2.8.3'. See: https://github.com/urllib3/urllib3/issues/3020
  warnings.warn(

===== 2026-08-04 00:40 (desk) =====
# detector_scan usaspending over 6 book name(s): ['BAH', 'J', 'ICFI', 'KBR', 'TTEK', 'PSN']
DETNOTE|usaspending|BAH|federal awards $31589M (no material drop vs prior)
DETNOTE|usaspending|J|federal awards $2267M (no material drop vs prior)
DETNOTE|usaspending|ICFI|not_found: no federal prime contracts matching 'ICF International'
DETNOTE|usaspending|KBR|federal awards $61964M (no material drop vs prior)
DETNOTE|usaspending|TTEK|federal awards $2944M (no material drop vs prior)
DETNOTE|usaspending|PSN|federal awards $22614M (no material drop vs prior)

/Users/ajay/Library/Python/3.9/lib/python/site-packages/urllib3/__init__.py:35: NotOpenSSLWarning: urllib3 v2 only supports OpenSSL 1.1.1+, currently the 'ssl' module is compiled with 'LibreSSL 2.8.3'. See: https://github.com/urllib3/urllib3/issues/3020
  warnings.warn(

===== 2026-08-11 02:00 (desk) =====
# detector_scan usaspending over 6 book name(s): ['BAH', 'J', 'ICFI', 'KBR', 'TTEK', 'PSN']
DETNOTE|usaspending|BAH|federal awards $31729M (no material drop vs prior)
DETNOTE|usaspending|J|federal awards $2276M (no material drop vs prior)
DETNOTE|usaspending|ICFI|not_found: no federal prime contracts matching 'ICF International'
DETNOTE|usaspending|KBR|federal awards $61983M (no material drop vs prior)
DETNOTE|usaspending|TTEK|federal awards $2961M (no material drop vs prior)
DETNOTE|usaspending|PSN|federal awards $22625M (no material drop vs prior)

/Users/ajay/Library/Python/3.9/lib/python/site-packages/urllib3/__init__.py:35: NotOpenSSLWarning: urllib3 v2 only supports OpenSSL 1.1.1+, currently the 'ssl' module is compiled with 'LibreSSL 2.8.3'. See: https://github.com/urllib3/urllib3/issues/3020
  warnings.warn(

===== 2026-08-18 02:42 (desk) =====
# detector_scan usaspending over 6 book name(s): ['BAH', 'J', 'ICFI', 'KBR', 'TTEK', 'PSN']
DETNOTE|usaspending|BAH|federal awards $31728M (no material drop vs prior)
DETNOTE|usaspending|J|federal awards $2284M (no material drop vs prior)
DETNOTE|usaspending|ICFI|not_found: no federal prime contracts matching 'ICF International'
DETNOTE|usaspending|KBR|federal awards $61984M (no material drop vs prior)
DETNOTE|usaspending|TTEK|federal awards $2961M (no material drop vs prior)
DETNOTE|usaspending|PSN|federal awards $22631M (no material drop vs prior)

/Users/ajay/Library/Python/3.9/lib/python/site-packages/urllib3/__init__.py:35: NotOpenSSLWarning: urllib3 v2 only supports OpenSSL 1.1.1+, currently the 'ssl' module is compiled with 'LibreSSL 2.8.3'. See: https://github.com/urllib3/urllib3/issues/3020
  warnings.warn(

===== 2026-08-25 03:48 (desk) =====
# detector_scan usaspending over 6 book name(s): ['BAH', 'J', 'ICFI', 'KBR', 'TTEK', 'PSN']
DETNOTE|usaspending|BAH|federal awards $31878M (no material drop vs prior)
DETNOTE|usaspending|J|federal awards $2284M (no material drop vs prior)
DETNOTE|usaspending|ICFI|not_found: no federal prime contracts matching 'ICF International'
DETNOTE|usaspending|KBR|federal awards $62011M (no material drop vs prior)
DETNOTE|usaspending|TTEK|federal awards $2961M (no material drop vs prior)
DETNOTE|usaspending|PSN|federal awards $22622M (no material drop vs prior)

/Users/ajay/Library/Python/3.9/lib/python/site-packages/urllib3/__init__.py:35: NotOpenSSLWarning: urllib3 v2 only supports OpenSSL 1.1.1+, currently the 'ssl' module is compiled with 'LibreSSL 2.8.3'. See: https://github.com/urllib3/urllib3/issues/3020
  warnings.warn(

===== 2026-09-01 04:41 (desk) =====
# detector_scan usaspending over 6 book name(s): ['BAH', 'J', 'ICFI', 'KBR', 'TTEK', 'PSN']
DETNOTE|usaspending|BAH|federal awards $31902M (no material drop vs prior)
DETNOTE|usaspending|J|federal awards $2284M (no material drop vs prior)
DETNOTE|usaspending|ICFI|not_found: no federal prime contracts matching 'ICF International'
DETNOTE|usaspending|KBR|federal awards $67025M (no material drop vs prior)
DETNOTE|usaspending|TTEK|federal awards $2957M (no material drop vs prior)
DETNOTE|usaspending|PSN|federal awards $23304M (no material drop vs prior)

/Users/ajay/Library/Python/3.9/lib/python/site-packages/urllib3/__init__.py:35: NotOpenSSLWarning: urllib3 v2 only supports OpenSSL 1.1.1+, currently the 'ssl' module is compiled with 'LibreSSL 2.8.3'. See: https://github.com/urllib3/urllib3/issues/3020
  warnings.warn(

===== 2026-09-11 01:41 (desk) =====
# detector_scan usaspending over 6 book name(s): ['BAH', 'J', 'ICFI', 'KBR', 'TTEK', 'PSN']
DETNOTE|usaspending|BAH|federal awards $32096M (no material drop vs prior)
DETNOTE|usaspending|J|federal awards $2284M (no material drop vs prior)
DETNOTE|usaspending|ICFI|not_found: no federal prime contracts matching 'ICF International'
DETNOTE|usaspending|KBR|federal awards $67075M (no material drop vs prior)
DETNOTE|usaspending|TTEK|federal awards $2959M (no material drop vs prior)
DETNOTE|usaspending|PSN|federal awards $23258M (no material drop vs prior)

/Users/ajay/Library/Python/3.9/lib/python/site-packages/urllib3/__init__.py:35: NotOpenSSLWarning: urllib3 v2 only supports OpenSSL 1.1.1+, currently the 'ssl' module is compiled with 'LibreSSL 2.8.3'. See: https://github.com/urllib3/urllib3/issues/3020
  warnings.warn(

===== 2026-09-11 01:46 (desk) =====
# detector_scan usaspending over 6 book name(s): ['BAH', 'J', 'ICFI', 'KBR', 'TTEK', 'PSN']
DETNOTE|usaspending|BAH|federal awards $32096M (no material drop vs prior)
DETNOTE|usaspending|J|federal awards $2284M (no material drop vs prior)
DETNOTE|usaspending|ICFI|not_found: no federal prime contracts matching 'ICF International'
DETNOTE|usaspending|KBR|federal awards $67075M (no material drop vs prior)
DETNOTE|usaspending|TTEK|federal awards $2959M (no material drop vs prior)
DETNOTE|usaspending|PSN|federal awards $23258M (no material drop vs prior)

/Users/ajay/Library/Python/3.9/lib/python/site-packages/urllib3/__init__.py:35: NotOpenSSLWarning: urllib3 v2 only supports OpenSSL 1.1.1+, currently the 'ssl' module is compiled with 'LibreSSL 2.8.3'. See: https://github.com/urllib3/urllib3/issues/3020
  warnings.warn(
