
===== 2026-07-29 18:35 (desk) =====
[disclosure_watch] quiet — 13 entities watched, no new disclosures


===== 2026-07-29 20:35 (desk) =====
[disclosure_watch] quiet — 13 entities watched, no new disclosures


===== 2026-07-29 22:35 (desk) =====
[disclosure_watch] quiet — 13 entities watched, no new disclosures


===== 2026-07-30 00:34 (desk) =====
[disclosure_watch] quiet — 13 entities watched, no new disclosures


===== 2026-07-30 02:35 (desk) =====
[disclosure_watch] quiet — 13 entities watched, no new disclosures


===== 2026-07-30 04:35 (desk) =====
[disclosure_watch] FIRE Jersey Mike's (JMKE): 3 new


===== 2026-07-30 06:35 (desk) =====
[disclosure_watch] quiet — 13 entities watched, no new disclosures


===== 2026-07-30 08:35 (desk) =====
[disclosure_watch] quiet — 13 entities watched, no new disclosures


===== 2026-07-30 10:34 (desk) =====
[disclosure_watch] quiet — 13 entities watched, no new disclosures


===== 2026-07-30 12:35 (desk) =====
[disclosure_watch] FIRE Jersey Mike's (JMKE): 1 new


===== 2026-07-30 14:35 (desk) =====
[disclosure_watch] FIRE Western Alliance (WAL): 1 new [LOUD]
[disclosure_watch] FIRE OneMain (OMF): 1 new
[disclosure_watch] FIRE Jersey Mike's (JMKE): 15 new


===== 2026-07-30 16:34 (desk) =====
[disclosure_watch] quiet — 13 entities watched, no new disclosures


===== 2026-07-30 18:34 (desk) =====
[disclosure_watch] quiet — 13 entities watched, no new disclosures


===== 2026-07-30 20:35 (desk) =====
[disclosure_watch] quiet — 13 entities watched, no new disclosures


===== 2026-07-30 22:35 (desk) =====
[disclosure_watch] quiet — 13 entities watched, no new disclosures


===== 2026-07-31 00:34 (desk) =====
[disclosure_watch] quiet — 13 entities watched, no new disclosures


===== 2026-07-31 02:34 (desk) =====
[disclosure_watch] quiet — 13 entities watched, no new disclosures


===== 2026-07-31 04:34 (desk) =====
[disclosure_watch] FIRE Jersey Mike's (JMKE): 1 new [LOUD]


===== 2026-07-31 06:34 (desk) =====
[disclosure_watch] quiet — 13 entities watched, no new disclosures


===== 2026-07-31 08:34 (desk) =====
[disclosure_watch] FIRE Western Alliance (WAL): 1 new


===== 2026-07-31 10:48 (desk) =====
[disclosure_watch] FIRE Western Alliance (WAL): 1 new


===== 2026-07-31 12:34 (desk) =====
[disclosure_watch] quiet — 13 entities watched, no new disclosures


===== 2026-07-31 14:34 (desk) =====
[disclosure_watch] FIRE Western Alliance (WAL): 1 new
[disclosure_watch] FIRE OneMain (OMF): 1 new
[disclosure_watch] FIRE Qualcomm (QCOM): 3 new [LOUD]


===== 2026-07-31 16:34 (desk) =====
[disclosure_watch] quiet — 13 entities watched, no new disclosures


===== 2026-07-31 18:34 (desk) =====
[disclosure_watch] quiet — 13 entities watched, no new disclosures


===== 2026-07-31 20:34 (desk) =====
[disclosure_watch] quiet — 13 entities watched, no new disclosures


===== 2026-07-31 22:35 (desk) =====
[disclosure_watch] quiet — 13 entities watched, no new disclosures


===== 2026-08-03 00:54 (desk) =====
[disclosure_watch] quiet — 13 entities watched, no new disclosures


===== 2026-08-03 02:34 (desk) =====
[disclosure_watch] quiet — 13 entities watched, no new disclosures


===== 2026-08-03 04:34 (desk) =====
[disclosure_watch] quiet — 13 entities watched, no new disclosures


===== 2026-08-03 06:34 (desk) =====
[disclosure_watch] quiet — 13 entities watched, no new disclosures


===== 2026-08-03 08:35 (desk) =====
[disclosure_watch] FIRE Qualcomm (QCOM): 1 new [LOUD]


===== 2026-08-03 10:35 (desk) =====
[disclosure_watch] quiet — 13 entities watched, no new disclosures


===== 2026-08-03 12:35 (desk) =====
[disclosure_watch] quiet — 13 entities watched, no new disclosures


===== 2026-08-03 14:35 (desk) =====
[disclosure_watch] FIRE Northpointe (NPB): 2 new [LOUD]
[disclosure_watch] FIRE Qualcomm (QCOM): 1 new


===== 2026-08-03 16:35 (desk) =====
[disclosure_watch] quiet — 13 entities watched, no new disclosures


===== 2026-08-03 18:34 (desk) =====
[disclosure_watch] quiet — 13 entities watched, no new disclosures


===== 2026-08-03 20:35 (desk) =====
[disclosure_watch] quiet — 13 entities watched, no new disclosures


===== 2026-08-03 22:35 (desk) =====
[disclosure_watch] quiet — 13 entities watched, no new disclosures


===== 2026-08-04 00:37 (desk) =====
[disclosure_watch] quiet — 13 entities watched, no new disclosures


===== 2026-08-04 02:34 (desk) =====
[disclosure_watch] quiet — 13 entities watched, no new disclosures


===== 2026-08-04 04:34 (desk) =====
[disclosure_watch] FIRE Jersey Mike's (JMKE): 2 new [LOUD]


===== 2026-08-04 06:35 (desk) =====
[disclosure_watch] quiet — 13 entities watched, no new disclosures


===== 2026-08-04 08:35 (desk) =====
[disclosure_watch] quiet — 13 entities watched, no new disclosures


===== 2026-08-04 10:44 (desk) =====
[disclosure_watch] quiet — 13 entities watched, no new disclosures


===== 2026-08-04 12:36 (desk) =====
[disclosure_watch] quiet — 13 entities watched, no new disclosures


===== 2026-08-04 14:35 (desk) =====
[disclosure_watch] FIRE OneMain (OMF): 1 new [LOUD]
[disclosure_watch] FIRE Jersey Mike's (JMKE): 8 new


===== 2026-08-04 16:35 (desk) =====
[disclosure_watch] FIRE Northpointe (NPB): 2 new [LOUD]


===== 2026-08-04 18:34 (desk) =====
[disclosure_watch] quiet — 13 entities watched, no new disclosures


===== 2026-08-04 20:34 (desk) =====
[disclosure_watch] quiet — 13 entities watched, no new disclosures


===== 2026-08-04 22:35 (desk) =====
[disclosure_watch] quiet — 13 entities watched, no new disclosures


===== 2026-08-05 00:35 (desk) =====
[disclosure_watch] quiet — 13 entities watched, no new disclosures


===== 2026-08-05 02:50 (desk) =====
[disclosure_watch] quiet — 13 entities watched, no new disclosures


===== 2026-08-05 04:34 (desk) =====
[disclosure_watch] quiet — 13 entities watched, no new disclosures


===== 2026-08-05 06:36 (desk) =====
[disclosure_watch] quiet — 13 entities watched, no new disclosures


===== 2026-08-05 08:34 (desk) =====
[disclosure_watch] quiet — 13 entities watched, no new disclosures


===== 2026-08-05 10:35 (desk) =====
[disclosure_watch] quiet — 13 entities watched, no new disclosures


===== 2026-08-05 12:35 (desk) =====
[disclosure_watch] quiet — 13 entities watched, no new disclosures


===== 2026-08-05 14:35 (desk) =====
[disclosure_watch] FIRE Northpointe (NPB): 1 new


===== 2026-08-05 16:35 (desk) =====
[disclosure_watch] quiet — 13 entities watched, no new disclosures


===== 2026-08-05 18:35 (desk) =====
[disclosure_watch] quiet — 13 entities watched, no new disclosures


===== 2026-08-05 20:35 (desk) =====
[disclosure_watch] quiet — 13 entities watched, no new disclosures


===== 2026-08-05 22:35 (desk) =====
[disclosure_watch] quiet — 13 entities watched, no new disclosures


===== 2026-08-06 00:34 (desk) =====
[disclosure_watch] FIRE Nintendo: 1 new


===== 2026-08-06 02:34 (desk) =====
[disclosure_watch] quiet — 13 entities watched, no new disclosures


===== 2026-08-06 04:36 (desk) =====
[disclosure_watch] Kering (KER): DATA MISSING (HTTP 503)
[disclosure_watch] quiet — 13 entities watched, no new disclosures


===== 2026-08-06 06:35 (desk) =====
[disclosure_watch] Nintendo: DATA MISSING (URLError)
[disclosure_watch] Hosiden: DATA MISSING (URLError)
[disclosure_watch] FIRE OneMain (OMF): 1 new [LOUD]


===== 2026-08-06 08:40 (desk) =====
[disclosure_watch] Nintendo: DATA MISSING (URLError)
[disclosure_watch] Hosiden: DATA MISSING (URLError)
[disclosure_watch] quiet — 13 entities watched, no new disclosures


===== 2026-08-06 10:40 (desk) =====
[disclosure_watch] Nintendo: DATA MISSING (URLError)
[disclosure_watch] Hosiden: DATA MISSING (URLError)
[disclosure_watch] quiet — 13 entities watched, no new disclosures


===== 2026-08-06 12:35 (desk) =====
[disclosure_watch] Nintendo: DATA MISSING (URLError)
[disclosure_watch] Hosiden: DATA MISSING (URLError)
[disclosure_watch] quiet — 13 entities watched, no new disclosures


===== 2026-08-06 14:35 (desk) =====
[disclosure_watch] Nintendo: DATA MISSING (URLError)
[disclosure_watch] Hosiden: DATA MISSING (URLError)
[disclosure_watch] FIRE OneMain (OMF): 2 new


===== 2026-08-06 16:34 (desk) =====
[disclosure_watch] Nintendo: DATA MISSING (URLError)
[disclosure_watch] Hosiden: DATA MISSING (URLError)
[disclosure_watch] quiet — 13 entities watched, no new disclosures


===== 2026-08-06 18:34 (desk) =====
[disclosure_watch] quiet — 13 entities watched, no new disclosures


===== 2026-08-06 20:34 (desk) =====
[disclosure_watch] quiet — 13 entities watched, no new disclosures


===== 2026-08-06 22:34 (desk) =====
[disclosure_watch] quiet — 13 entities watched, no new disclosures


===== 2026-08-07 00:35 (desk) =====
[disclosure_watch] FIRE Hosiden: 1 new


===== 2026-08-07 02:34 (desk) =====
[disclosure_watch] quiet — 13 entities watched, no new disclosures


===== 2026-08-07 04:48 (desk) =====
[disclosure_watch] quiet — 13 entities watched, no new disclosures


===== 2026-08-07 06:35 (desk) =====
[disclosure_watch] quiet — 13 entities watched, no new disclosures


===== 2026-08-07 08:35 (desk) =====
[disclosure_watch] FIRE Qualcomm (QCOM): 1 new


===== 2026-08-07 10:36 (desk) =====
[disclosure_watch] quiet — 13 entities watched, no new disclosures


===== 2026-08-07 12:37 (desk) =====
[disclosure_watch] Kalmar: DATA MISSING (Timeout)
[disclosure_watch] Kering (KER): DATA MISSING (Timeout)
[disclosure_watch] quiet — 13 entities watched, no new disclosures


===== 2026-08-07 20:36 (desk) =====
[disclosure_watch] FIRE OneMain (OMF): 2 new [LOUD]


===== 2026-08-10 00:52 (desk) =====
[disclosure_watch] quiet — 13 entities watched, no new disclosures


===== 2026-08-10 02:34 (desk) =====
[disclosure_watch] quiet — 13 entities watched, no new disclosures


===== 2026-08-10 11:37 (desk) =====
[disclosure_watch] FIRE FS Bancorp (FSBW): 7 new


===== 2026-08-10 13:34 (desk) =====
[disclosure_watch] FIRE FS Bancorp (FSBW): 5 new


===== 2026-08-10 15:34 (desk) =====
[disclosure_watch] Jungheinrich (JUN3): DATA MISSING (DNSError)
[disclosure_watch] quiet — 13 entities watched, no new disclosures


===== 2026-08-10 17:34 (desk) =====
[disclosure_watch] Jungheinrich (JUN3): DATA MISSING (DNSError)
[disclosure_watch] quiet — 13 entities watched, no new disclosures


===== 2026-08-10 19:34 (desk) =====
[disclosure_watch] quiet — 13 entities watched, no new disclosures


===== 2026-08-10 21:35 (desk) =====
[disclosure_watch] quiet — 13 entities watched, no new disclosures


===== 2026-08-10 23:34 (desk) =====
[disclosure_watch] quiet — 13 entities watched, no new disclosures


===== 2026-08-11 01:55 (desk) =====
[disclosure_watch] quiet — 13 entities watched, no new disclosures


===== 2026-08-11 03:30 (desk) =====
[disclosure_watch] Nintendo: DATA MISSING (URLError)
[disclosure_watch] Hosiden: DATA MISSING (URLError)
[disclosure_watch] Western Alliance (WAL): DATA MISSING (URLError)
[disclosure_watch] FS Bancorp (FSBW): DATA MISSING (URLError)
[disclosure_watch] OneMain (OMF): DATA MISSING (URLError)
[disclosure_watch] Northpointe (NPB): DATA MISSING (URLError)
[disclosure_watch] Qualcomm (QCOM): DATA MISSING (URLError)
[disclosure_watch] Jersey Mike's (JMKE): DATA MISSING (URLError)
[disclosure_watch] Kalmar: DATA MISSING (DNSError)
[disclosure_watch] Verallia: DATA MISSING (DNSError)
[disclosure_watch] Lagardere (MMB): DATA MISSING (DNSError)
[disclosure_watch] Jungheinrich (JUN3): DATA MISSING (DNSError)
[disclosure_watch] Kering (KER): DATA MISSING (DNSError)
[disclosure_watch] quiet — 13 entities watched, no new disclosures


===== 2026-08-11 04:30 (desk) =====
[disclosure_watch] Nintendo: DATA MISSING (URLError)
[disclosure_watch] Hosiden: DATA MISSING (URLError)
[disclosure_watch] Western Alliance (WAL): DATA MISSING (URLError)
[disclosure_watch] FS Bancorp (FSBW): DATA MISSING (URLError)
[disclosure_watch] OneMain (OMF): DATA MISSING (URLError)
[disclosure_watch] Northpointe (NPB): DATA MISSING (URLError)
[disclosure_watch] Qualcomm (QCOM): DATA MISSING (URLError)
[disclosure_watch] Jersey Mike's (JMKE): DATA MISSING (URLError)
[disclosure_watch] Kalmar: DATA MISSING (DNSError)
[disclosure_watch] Verallia: DATA MISSING (DNSError)
[disclosure_watch] Lagardere (MMB): DATA MISSING (DNSError)
[disclosure_watch] Jungheinrich (JUN3): DATA MISSING (DNSError)
[disclosure_watch] Kering (KER): DATA MISSING (DNSError)
[disclosure_watch] quiet — 13 entities watched, no new disclosures


===== 2026-08-11 05:30 (desk) =====
[disclosure_watch] Nintendo: DATA MISSING (URLError)
[disclosure_watch] Hosiden: DATA MISSING (URLError)
[disclosure_watch] Western Alliance (WAL): DATA MISSING (URLError)
[disclosure_watch] FS Bancorp (FSBW): DATA MISSING (URLError)
[disclosure_watch] OneMain (OMF): DATA MISSING (URLError)
[disclosure_watch] Northpointe (NPB): DATA MISSING (URLError)
[disclosure_watch] Qualcomm (QCOM): DATA MISSING (URLError)
[disclosure_watch] Jersey Mike's (JMKE): DATA MISSING (URLError)
[disclosure_watch] Kalmar: DATA MISSING (DNSError)
[disclosure_watch] Verallia: DATA MISSING (DNSError)
[disclosure_watch] Lagardere (MMB): DATA MISSING (DNSError)
[disclosure_watch] Jungheinrich (JUN3): DATA MISSING (DNSError)
[disclosure_watch] Kering (KER): DATA MISSING (DNSError)
[disclosure_watch] quiet — 13 entities watched, no new disclosures


===== 2026-08-11 06:33 (desk) =====
[disclosure_watch] quiet — 13 entities watched, no new disclosures


===== 2026-08-11 08:39 (desk) =====
[disclosure_watch] FIRE FS Bancorp (FSBW): 1 new [LOUD]


===== 2026-08-11 12:54 (desk) =====
[disclosure_watch] quiet — 13 entities watched, no new disclosures


===== 2026-08-11 14:34 (desk) =====
[disclosure_watch] quiet — 13 entities watched, no new disclosures


===== 2026-08-11 16:35 (desk) =====
[disclosure_watch] quiet — 13 entities watched, no new disclosures


===== 2026-08-11 18:34 (desk) =====
[disclosure_watch] quiet — 13 entities watched, no new disclosures


===== 2026-08-11 20:34 (desk) =====
[disclosure_watch] quiet — 13 entities watched, no new disclosures


===== 2026-08-11 22:34 (desk) =====
[disclosure_watch] quiet — 13 entities watched, no new disclosures


===== 2026-08-12 07:56 (desk) =====
[disclosure_watch] quiet — 13 entities watched, no new disclosures


===== 2026-08-12 09:34 (desk) =====
[disclosure_watch] FIRE OneMain (OMF): 1 new


===== 2026-08-12 11:33 (desk) =====
[disclosure_watch] quiet — 13 entities watched, no new disclosures


===== 2026-08-12 13:33 (desk) =====
[disclosure_watch] quiet — 13 entities watched, no new disclosures


===== 2026-08-12 15:34 (desk) =====
[disclosure_watch] FIRE Qualcomm (QCOM): 2 new [LOUD]
[disclosure_watch] Kalmar: DATA MISSING (Timeout)
[disclosure_watch] Kering (KER): DATA MISSING (Timeout)


===== 2026-08-12 17:33 (desk) =====
[disclosure_watch] quiet — 13 entities watched, no new disclosures


===== 2026-08-12 19:33 (desk) =====
[disclosure_watch] quiet — 13 entities watched, no new disclosures


===== 2026-08-12 21:33 (desk) =====
[disclosure_watch] quiet — 13 entities watched, no new disclosures


===== 2026-08-12 23:35 (desk) =====
[disclosure_watch] quiet — 13 entities watched, no new disclosures


===== 2026-08-13 03:03 (desk) =====
[disclosure_watch] quiet — 13 entities watched, no new disclosures


===== 2026-08-13 09:14 (desk) =====
[disclosure_watch] quiet — 13 entities watched, no new disclosures


===== 2026-08-13 10:43 (desk) =====
[disclosure_watch] quiet — 13 entities watched, no new disclosures


===== 2026-08-13 20:08 (desk) =====
[disclosure_watch] FIRE Western Alliance (WAL): 1 new
[disclosure_watch] FIRE Northpointe (NPB): 6 new [LOUD]


===== 2026-08-13 22:12 (desk) =====
[disclosure_watch] quiet — 13 entities watched, no new disclosures


===== 2026-08-14 00:33 (desk) =====
[disclosure_watch] quiet — 13 entities watched, no new disclosures


===== 2026-08-14 02:33 (desk) =====
[disclosure_watch] quiet — 13 entities watched, no new disclosures


===== 2026-08-14 04:33 (desk) =====
[disclosure_watch] quiet — 13 entities watched, no new disclosures


===== 2026-08-14 06:33 (desk) =====
[disclosure_watch] quiet — 13 entities watched, no new disclosures


===== 2026-08-14 08:34 (desk) =====
[disclosure_watch] FIRE Western Alliance (WAL): 1 new


===== 2026-08-14 10:02 (desk) =====
[disclosure_watch] quiet — 13 entities watched, no new disclosures


===== 2026-08-14 12:45 (desk) =====
[disclosure_watch] quiet — 13 entities watched, no new disclosures


===== 2026-08-17 08:57 (desk) =====
[disclosure_watch] FIRE Northpointe (NPB): 3 new [LOUD]


===== 2026-08-17 10:41 (desk) =====
[disclosure_watch] Verallia: DATA MISSING (Timeout)
[disclosure_watch] quiet — 13 entities watched, no new disclosures


===== 2026-08-17 12:39 (desk) =====
[disclosure_watch] FIRE FS Bancorp (FSBW): 1 new


===== 2026-08-17 14:39 (desk) =====
[disclosure_watch] FIRE Northpointe (NPB): 1 new


===== 2026-08-17 16:39 (desk) =====
[disclosure_watch] quiet — 13 entities watched, no new disclosures


===== 2026-08-17 18:37 (desk) =====
[disclosure_watch] quiet — 13 entities watched, no new disclosures


===== 2026-08-17 20:37 (desk) =====
[disclosure_watch] quiet — 13 entities watched, no new disclosures


===== 2026-08-17 22:40 (desk) =====
[disclosure_watch] quiet — 13 entities watched, no new disclosures


===== 2026-08-18 00:34 (desk) =====
[disclosure_watch] quiet — 13 entities watched, no new disclosures


===== 2026-08-18 02:38 (desk) =====
[disclosure_watch] quiet — 13 entities watched, no new disclosures


===== 2026-08-18 04:35 (desk) =====
[disclosure_watch] quiet — 13 entities watched, no new disclosures


===== 2026-08-18 06:36 (desk) =====
[disclosure_watch] quiet — 13 entities watched, no new disclosures


===== 2026-08-18 08:36 (desk) =====
[disclosure_watch] quiet — 13 entities watched, no new disclosures


===== 2026-08-18 10:37 (desk) =====
[disclosure_watch] FIRE FS Bancorp (FSBW): 6 new


===== 2026-08-18 12:36 (desk) =====
[disclosure_watch] FIRE FS Bancorp (FSBW): 5 new


===== 2026-08-18 14:36 (desk) =====
[disclosure_watch] FIRE Western Alliance (WAL): 9 new
[disclosure_watch] FIRE FS Bancorp (FSBW): 2 new


===== 2026-08-18 16:37 (desk) =====
[disclosure_watch] FIRE FS Bancorp (FSBW): 1 new


===== 2026-08-18 18:36 (desk) =====
[disclosure_watch] quiet — 13 entities watched, no new disclosures


===== 2026-08-18 20:35 (desk) =====
[disclosure_watch] quiet — 13 entities watched, no new disclosures


===== 2026-08-18 22:35 (desk) =====
[disclosure_watch] quiet — 13 entities watched, no new disclosures


===== 2026-08-19 00:31 (desk) =====
[disclosure_watch] quiet — 13 entities watched, no new disclosures


===== 2026-08-19 02:30 (desk) =====
[disclosure_watch] quiet — 13 entities watched, no new disclosures


===== 2026-08-19 03:34 (desk) =====
[disclosure_watch] quiet — 13 entities watched, no new disclosures


===== 2026-08-19 05:34 (desk) =====
[disclosure_watch] quiet — 13 entities watched, no new disclosures


===== 2026-08-19 07:36 (desk) =====
[disclosure_watch] Kalmar: DATA MISSING (Timeout)
[disclosure_watch] Kering (KER): DATA MISSING (Timeout)
[disclosure_watch] quiet — 13 entities watched, no new disclosures


===== 2026-08-19 09:35 (desk) =====
[disclosure_watch] FIRE FS Bancorp (FSBW): 2 new


===== 2026-08-19 11:35 (desk) =====
[disclosure_watch] quiet — 13 entities watched, no new disclosures


===== 2026-08-19 13:36 (desk) =====
[disclosure_watch] quiet — 13 entities watched, no new disclosures


===== 2026-08-19 15:36 (desk) =====
[disclosure_watch] quiet — 13 entities watched, no new disclosures


===== 2026-08-19 17:36 (desk) =====
[disclosure_watch] quiet — 13 entities watched, no new disclosures


===== 2026-08-19 19:35 (desk) =====
[disclosure_watch] quiet — 13 entities watched, no new disclosures


===== 2026-08-19 21:40 (desk) =====
[disclosure_watch] quiet — 13 entities watched, no new disclosures


===== 2026-08-19 23:35 (desk) =====
[disclosure_watch] quiet — 13 entities watched, no new disclosures


===== 2026-08-20 01:34 (desk) =====
[disclosure_watch] quiet — 13 entities watched, no new disclosures


===== 2026-08-20 03:35 (desk) =====
[disclosure_watch] quiet — 13 entities watched, no new disclosures


===== 2026-08-20 05:35 (desk) =====
[disclosure_watch] quiet — 13 entities watched, no new disclosures


===== 2026-08-20 07:36 (desk) =====
[disclosure_watch] quiet — 13 entities watched, no new disclosures


===== 2026-08-20 09:39 (desk) =====
[disclosure_watch] quiet — 13 entities watched, no new disclosures


===== 2026-08-20 11:57 (desk) =====
[disclosure_watch] FIRE FS Bancorp (FSBW): 1 new


===== 2026-08-20 13:35 (desk) =====
[disclosure_watch] FIRE OneMain (OMF): 1 new [LOUD]


===== 2026-08-20 15:35 (desk) =====
[disclosure_watch] quiet — 13 entities watched, no new disclosures


===== 2026-08-20 17:35 (desk) =====
[disclosure_watch] quiet — 13 entities watched, no new disclosures


===== 2026-08-20 19:35 (desk) =====
[disclosure_watch] quiet — 13 entities watched, no new disclosures


===== 2026-08-20 21:35 (desk) =====
[disclosure_watch] quiet — 13 entities watched, no new disclosures


===== 2026-08-20 23:35 (desk) =====
[disclosure_watch] quiet — 13 entities watched, no new disclosures


===== 2026-08-21 01:35 (desk) =====
[disclosure_watch] quiet — 13 entities watched, no new disclosures


===== 2026-08-21 03:34 (desk) =====
[disclosure_watch] quiet — 13 entities watched, no new disclosures


===== 2026-08-21 05:34 (desk) =====
[disclosure_watch] quiet — 13 entities watched, no new disclosures


===== 2026-08-21 07:35 (desk) =====
[disclosure_watch] quiet — 13 entities watched, no new disclosures


===== 2026-08-21 09:36 (desk) =====
[disclosure_watch] FIRE FS Bancorp (FSBW): 1 new [LOUD]


===== 2026-08-21 11:35 (desk) =====
[disclosure_watch] quiet — 13 entities watched, no new disclosures


===== 2026-08-21 13:35 (desk) =====
[disclosure_watch] quiet — 13 entities watched, no new disclosures


===== 2026-08-21 15:36 (desk) =====
[disclosure_watch] FIRE Qualcomm (QCOM): 2 new [LOUD]


===== 2026-08-21 17:35 (desk) =====
[disclosure_watch] quiet — 13 entities watched, no new disclosures


===== 2026-08-21 19:36 (desk) =====
[disclosure_watch] quiet — 13 entities watched, no new disclosures


===== 2026-08-21 21:35 (desk) =====
[disclosure_watch] quiet — 13 entities watched, no new disclosures


===== 2026-08-21 23:34 (desk) =====
[disclosure_watch] quiet — 13 entities watched, no new disclosures


===== 2026-08-24 01:56 (desk) =====
[disclosure_watch] quiet — 13 entities watched, no new disclosures


===== 2026-08-24 03:34 (desk) =====
[disclosure_watch] quiet — 13 entities watched, no new disclosures


===== 2026-08-24 05:34 (desk) =====
[disclosure_watch] quiet — 13 entities watched, no new disclosures


===== 2026-08-24 07:35 (desk) =====
[disclosure_watch] quiet — 13 entities watched, no new disclosures


===== 2026-08-24 09:35 (desk) =====
[disclosure_watch] FIRE Kering (KER): 2 new


===== 2026-08-24 11:35 (desk) =====
[disclosure_watch] quiet — 13 entities watched, no new disclosures


===== 2026-08-24 13:39 (desk) =====
[disclosure_watch] FIRE FS Bancorp (FSBW): 1 new [LOUD]


===== 2026-08-24 15:35 (desk) =====
[disclosure_watch] quiet — 13 entities watched, no new disclosures


===== 2026-08-24 17:40 (desk) =====
[disclosure_watch] quiet — 13 entities watched, no new disclosures


===== 2026-08-24 19:41 (desk) =====
[disclosure_watch] quiet — 13 entities watched, no new disclosures


===== 2026-08-24 21:41 (desk) =====
[disclosure_watch] quiet — 13 entities watched, no new disclosures


===== 2026-08-24 23:40 (desk) =====
[disclosure_watch] quiet — 13 entities watched, no new disclosures


===== 2026-08-25 01:40 (desk) =====
[disclosure_watch] quiet — 13 entities watched, no new disclosures


===== 2026-08-25 03:43 (desk) =====
[disclosure_watch] quiet — 13 entities watched, no new disclosures


===== 2026-08-25 05:40 (desk) =====
[disclosure_watch] quiet — 13 entities watched, no new disclosures


===== 2026-08-25 07:40 (desk) =====
[disclosure_watch] FIRE FS Bancorp (FSBW): 1 new [LOUD]


===== 2026-08-25 09:41 (desk) =====
[disclosure_watch] quiet — 13 entities watched, no new disclosures


===== 2026-08-25 11:40 (desk) =====
[disclosure_watch] quiet — 13 entities watched, no new disclosures


===== 2026-08-25 13:40 (desk) =====
[disclosure_watch] quiet — 13 entities watched, no new disclosures


===== 2026-08-25 15:40 (desk) =====
[disclosure_watch] quiet — 13 entities watched, no new disclosures


===== 2026-08-25 17:40 (desk) =====
[disclosure_watch] quiet — 13 entities watched, no new disclosures


===== 2026-08-25 19:40 (desk) =====
[disclosure_watch] quiet — 13 entities watched, no new disclosures


===== 2026-08-25 21:37 (desk) =====
[disclosure_watch] quiet — 13 entities watched, no new disclosures


===== 2026-08-25 23:38 (desk) =====
[disclosure_watch] quiet — 13 entities watched, no new disclosures


===== 2026-08-26 01:37 (desk) =====
[disclosure_watch] quiet — 13 entities watched, no new disclosures


===== 2026-08-26 03:58 (desk) =====
[disclosure_watch] quiet — 13 entities watched, no new disclosures


===== 2026-08-26 05:37 (desk) =====
[disclosure_watch] quiet — 13 entities watched, no new disclosures


===== 2026-08-26 07:37 (desk) =====
[disclosure_watch] quiet — 13 entities watched, no new disclosures


===== 2026-08-26 09:37 (desk) =====
[disclosure_watch] Nintendo: DATA MISSING (URLError)
[disclosure_watch] Hosiden: DATA MISSING (URLError)
[disclosure_watch] quiet — 13 entities watched, no new disclosures


===== 2026-08-26 11:37 (desk) =====
[disclosure_watch] FIRE FS Bancorp (FSBW): 1 new


===== 2026-08-26 13:37 (desk) =====
[disclosure_watch] FIRE Jersey Mike's (JMKE): 2 new


===== 2026-08-26 15:38 (desk) =====
[disclosure_watch] FIRE Northpointe (NPB): 1 new


===== 2026-08-26 17:38 (desk) =====
[disclosure_watch] Nintendo: DATA MISSING (URLError)
[disclosure_watch] Hosiden: DATA MISSING (URLError)
[disclosure_watch] quiet — 13 entities watched, no new disclosures


===== 2026-08-26 19:37 (desk) =====
[disclosure_watch] quiet — 13 entities watched, no new disclosures


===== 2026-08-26 21:37 (desk) =====
[disclosure_watch] quiet — 13 entities watched, no new disclosures


===== 2026-08-26 23:37 (desk) =====
[disclosure_watch] quiet — 13 entities watched, no new disclosures


===== 2026-08-27 01:39 (desk) =====
[disclosure_watch] quiet — 13 entities watched, no new disclosures


===== 2026-08-27 03:39 (desk) =====
[disclosure_watch] quiet — 13 entities watched, no new disclosures


===== 2026-08-27 05:39 (desk) =====
[disclosure_watch] quiet — 13 entities watched, no new disclosures


===== 2026-08-27 07:38 (desk) =====
[disclosure_watch] quiet — 13 entities watched, no new disclosures


===== 2026-08-27 09:38 (desk) =====
[disclosure_watch] FIRE Jersey Mike's (JMKE): 1 new


===== 2026-08-27 11:37 (desk) =====
[disclosure_watch] quiet — 13 entities watched, no new disclosures


===== 2026-08-27 13:37 (desk) =====
[disclosure_watch] quiet — 13 entities watched, no new disclosures


===== 2026-08-27 15:34 (desk) =====
[disclosure_watch] quiet — 13 entities watched, no new disclosures


===== 2026-08-27 17:34 (desk) =====
[disclosure_watch] quiet — 13 entities watched, no new disclosures


===== 2026-08-27 19:35 (desk) =====
[disclosure_watch] Kalmar: DATA MISSING (HTTP 503)
[disclosure_watch] Kering (KER): DATA MISSING (Timeout)
[disclosure_watch] quiet — 13 entities watched, no new disclosures


===== 2026-08-27 21:34 (desk) =====
[disclosure_watch] quiet — 13 entities watched, no new disclosures


===== 2026-08-27 23:38 (desk) =====
[disclosure_watch] quiet — 13 entities watched, no new disclosures


===== 2026-08-28 01:34 (desk) =====
[disclosure_watch] quiet — 13 entities watched, no new disclosures


===== 2026-08-28 03:34 (desk) =====
[disclosure_watch] quiet — 13 entities watched, no new disclosures


===== 2026-08-28 05:56 (desk) =====
[disclosure_watch] quiet — 13 entities watched, no new disclosures


===== 2026-08-28 07:34 (desk) =====
[disclosure_watch] quiet — 13 entities watched, no new disclosures


===== 2026-08-28 09:34 (desk) =====
[disclosure_watch] FIRE FS Bancorp (FSBW): 2 new [LOUD]
[disclosure_watch] FIRE Northpointe (NPB): 1 new [LOUD]


===== 2026-08-28 11:34 (desk) =====
[disclosure_watch] quiet — 13 entities watched, no new disclosures


===== 2026-08-28 13:34 (desk) =====
[disclosure_watch] quiet — 13 entities watched, no new disclosures


===== 2026-08-28 15:34 (desk) =====
[disclosure_watch] quiet — 13 entities watched, no new disclosures


===== 2026-08-28 17:34 (desk) =====
[disclosure_watch] quiet — 13 entities watched, no new disclosures


===== 2026-08-28 19:34 (desk) =====
[disclosure_watch] quiet — 13 entities watched, no new disclosures


===== 2026-08-28 21:34 (desk) =====
[disclosure_watch] quiet — 13 entities watched, no new disclosures


===== 2026-08-28 23:34 (desk) =====
[disclosure_watch] quiet — 13 entities watched, no new disclosures


===== 2026-08-31 00:55 (desk) =====
[disclosure_watch] quiet — 13 entities watched, no new disclosures


===== 2026-08-31 02:34 (desk) =====
[disclosure_watch] quiet — 13 entities watched, no new disclosures


===== 2026-08-31 04:34 (desk) =====
[disclosure_watch] quiet — 13 entities watched, no new disclosures


===== 2026-08-31 06:34 (desk) =====
[disclosure_watch] quiet — 13 entities watched, no new disclosures


===== 2026-08-31 08:32 (desk) =====
[disclosure_watch] quiet — 13 entities watched, no new disclosures


===== 2026-08-31 10:35 (desk) =====
[disclosure_watch] quiet — 13 entities watched, no new disclosures


===== 2026-08-31 12:34 (desk) =====
[disclosure_watch] FIRE FS Bancorp (FSBW): 1 new


===== 2026-08-31 14:35 (desk) =====
[disclosure_watch] FIRE Qualcomm (QCOM): 2 new [LOUD]


===== 2026-08-31 16:34 (desk) =====
[disclosure_watch] quiet — 13 entities watched, no new disclosures


===== 2026-08-31 18:35 (desk) =====
[disclosure_watch] quiet — 13 entities watched, no new disclosures


===== 2026-08-31 20:39 (desk) =====
[disclosure_watch] quiet — 13 entities watched, no new disclosures


===== 2026-08-31 22:38 (desk) =====
[disclosure_watch] quiet — 13 entities watched, no new disclosures


===== 2026-09-01 00:34 (desk) =====
[disclosure_watch] quiet — 13 entities watched, no new disclosures


===== 2026-09-01 02:34 (desk) =====
[disclosure_watch] quiet — 13 entities watched, no new disclosures


===== 2026-09-01 04:37 (desk) =====
[disclosure_watch] quiet — 13 entities watched, no new disclosures


===== 2026-09-01 06:34 (desk) =====
[disclosure_watch] quiet — 13 entities watched, no new disclosures


===== 2026-09-01 08:34 (desk) =====
[disclosure_watch] quiet — 13 entities watched, no new disclosures


===== 2026-09-01 10:34 (desk) =====
[disclosure_watch] quiet — 13 entities watched, no new disclosures


===== 2026-09-01 12:34 (desk) =====
[disclosure_watch] quiet — 13 entities watched, no new disclosures


===== 2026-09-01 14:34 (desk) =====
[disclosure_watch] quiet — 13 entities watched, no new disclosures


===== 2026-09-01 16:34 (desk) =====
[disclosure_watch] quiet — 13 entities watched, no new disclosures


===== 2026-09-01 18:34 (desk) =====
[disclosure_watch] quiet — 13 entities watched, no new disclosures


===== 2026-09-01 20:34 (desk) =====
[disclosure_watch] quiet — 13 entities watched, no new disclosures


===== 2026-09-01 22:30 (desk) =====
[disclosure_watch] quiet — 13 entities watched, no new disclosures


===== 2026-09-01 23:34 (desk) =====
[disclosure_watch] quiet — 13 entities watched, no new disclosures


===== 2026-09-02 01:34 (desk) =====
[disclosure_watch] quiet — 13 entities watched, no new disclosures


===== 2026-09-02 03:34 (desk) =====
[disclosure_watch] quiet — 13 entities watched, no new disclosures


===== 2026-09-02 05:34 (desk) =====
[disclosure_watch] quiet — 13 entities watched, no new disclosures


===== 2026-09-02 07:34 (desk) =====
[disclosure_watch] quiet — 13 entities watched, no new disclosures


===== 2026-09-02 09:34 (desk) =====
[disclosure_watch] quiet — 13 entities watched, no new disclosures


===== 2026-09-02 11:34 (desk) =====
[disclosure_watch] quiet — 13 entities watched, no new disclosures


===== 2026-09-02 13:35 (desk) =====
[disclosure_watch] FIRE Northpointe (NPB): 1 new


===== 2026-09-02 15:34 (desk) =====
[disclosure_watch] quiet — 13 entities watched, no new disclosures


===== 2026-09-02 17:34 (desk) =====
[disclosure_watch] quiet — 13 entities watched, no new disclosures


===== 2026-09-02 19:35 (desk) =====
[disclosure_watch] quiet — 13 entities watched, no new disclosures


===== 2026-09-02 21:34 (desk) =====
[disclosure_watch] quiet — 13 entities watched, no new disclosures


===== 2026-09-02 23:34 (desk) =====
[disclosure_watch] quiet — 13 entities watched, no new disclosures


===== 2026-09-03 01:33 (desk) =====
[disclosure_watch] quiet — 13 entities watched, no new disclosures


===== 2026-09-03 03:56 (desk) =====
[disclosure_watch] quiet — 13 entities watched, no new disclosures


===== 2026-09-03 05:34 (desk) =====
[disclosure_watch] quiet — 13 entities watched, no new disclosures


===== 2026-09-03 07:34 (desk) =====
[disclosure_watch] quiet — 13 entities watched, no new disclosures


===== 2026-09-03 09:34 (desk) =====
[disclosure_watch] quiet — 13 entities watched, no new disclosures


===== 2026-09-03 11:37 (desk) =====
[disclosure_watch] quiet — 13 entities watched, no new disclosures


===== 2026-09-03 13:34 (desk) =====
[disclosure_watch] quiet — 13 entities watched, no new disclosures


===== 2026-09-03 15:34 (desk) =====
[disclosure_watch] quiet — 13 entities watched, no new disclosures


===== 2026-09-03 17:34 (desk) =====
[disclosure_watch] quiet — 13 entities watched, no new disclosures


===== 2026-09-03 19:34 (desk) =====
[disclosure_watch] quiet — 13 entities watched, no new disclosures


===== 2026-09-03 21:34 (desk) =====
[disclosure_watch] quiet — 13 entities watched, no new disclosures


===== 2026-09-03 23:34 (desk) =====
[disclosure_watch] quiet — 13 entities watched, no new disclosures


===== 2026-09-04 01:34 (desk) =====
[disclosure_watch] quiet — 13 entities watched, no new disclosures


===== 2026-09-04 03:34 (desk) =====
[disclosure_watch] quiet — 13 entities watched, no new disclosures


===== 2026-09-04 05:34 (desk) =====
[disclosure_watch] quiet — 13 entities watched, no new disclosures


===== 2026-09-04 07:34 (desk) =====
[disclosure_watch] quiet — 13 entities watched, no new disclosures


===== 2026-09-04 09:34 (desk) =====
[disclosure_watch] quiet — 13 entities watched, no new disclosures


===== 2026-09-04 11:34 (desk) =====
[disclosure_watch] quiet — 13 entities watched, no new disclosures


===== 2026-09-04 13:35 (desk) =====
[disclosure_watch] quiet — 13 entities watched, no new disclosures


===== 2026-09-04 15:34 (desk) =====
[disclosure_watch] quiet — 13 entities watched, no new disclosures


===== 2026-09-04 17:34 (desk) =====
[disclosure_watch] quiet — 13 entities watched, no new disclosures


===== 2026-09-04 19:34 (desk) =====
[disclosure_watch] quiet — 13 entities watched, no new disclosures


===== 2026-09-04 21:35 (desk) =====
[disclosure_watch] FIRE Kering (KER): 1 new


===== 2026-09-04 23:34 (desk) =====
[disclosure_watch] quiet — 13 entities watched, no new disclosures


===== 2026-09-07 01:05 (desk) =====
[disclosure_watch] quiet — 13 entities watched, no new disclosures


===== 2026-09-07 02:42 (desk) =====
[disclosure_watch] quiet — 13 entities watched, no new disclosures


===== 2026-09-07 04:34 (desk) =====
[disclosure_watch] quiet — 13 entities watched, no new disclosures


===== 2026-09-07 06:34 (desk) =====
[disclosure_watch] quiet — 13 entities watched, no new disclosures


===== 2026-09-07 08:35 (desk) =====
[disclosure_watch] quiet — 13 entities watched, no new disclosures


===== 2026-09-07 10:34 (desk) =====
[disclosure_watch] quiet — 13 entities watched, no new disclosures


===== 2026-09-07 12:34 (desk) =====
[disclosure_watch] quiet — 13 entities watched, no new disclosures


===== 2026-09-07 14:34 (desk) =====
[disclosure_watch] quiet — 13 entities watched, no new disclosures


===== 2026-09-07 16:34 (desk) =====
[disclosure_watch] quiet — 13 entities watched, no new disclosures


===== 2026-09-07 18:34 (desk) =====
[disclosure_watch] quiet — 13 entities watched, no new disclosures


===== 2026-09-07 20:39 (desk) =====
[disclosure_watch] quiet — 13 entities watched, no new disclosures


===== 2026-09-07 22:35 (desk) =====
[disclosure_watch] quiet — 13 entities watched, no new disclosures


===== 2026-09-11 01:34 (desk) =====
[disclosure_watch] FIRE Qualcomm (QCOM): 1 new [LOUD]
[disclosure_watch] FIRE Jersey Mike's (JMKE): 3 new [LOUD]


===== 2026-09-11 01:41 (desk) =====
[disclosure_watch] quiet — 13 entities watched, no new disclosures


===== 2026-09-11 03:30 (desk) =====
[disclosure_watch] quiet — 13 entities watched, no new disclosures


===== 2026-09-11 04:44 (desk) =====
[disclosure_watch] quiet — 13 entities watched, no new disclosures


===== 2026-09-11 06:34 (desk) =====
[disclosure_watch] quiet — 13 entities watched, no new disclosures


===== 2026-09-11 08:35 (desk) =====
[disclosure_watch] quiet — 13 entities watched, no new disclosures


===== 2026-09-11 10:35 (desk) =====
[disclosure_watch] quiet — 13 entities watched, no new disclosures


===== 2026-09-11 12:45 (desk) =====
[disclosure_watch] quiet — 13 entities watched, no new disclosures


===== 2026-09-11 14:35 (desk) =====
[disclosure_watch] quiet — 13 entities watched, no new disclosures


===== 2026-09-11 16:34 (desk) =====
[disclosure_watch] FIRE Qualcomm (QCOM): 2 new [LOUD]


===== 2026-09-11 18:34 (desk) =====
[disclosure_watch] quiet — 13 entities watched, no new disclosures


===== 2026-09-11 20:34 (desk) =====
[disclosure_watch] quiet — 13 entities watched, no new disclosures


===== 2026-09-11 22:34 (desk) =====
[disclosure_watch] quiet — 13 entities watched, no new disclosures

