
===== 2026-08-17 17:39 (desk) =====
[expedition_inventory] LIND: 72 itineraries, 1986 departures, sold-out 59.6% (dep-weighted) / 37.5% raw, promo 91.7%, fare cuts 0/72, deposit-terms concession 91.7%
    PRICING: NO FARE DISCOUNTING ANYWHERE — headline price fully intact; the concession is being made on DEPOSIT TERMS instead, which preserves revenue per berth but shifts working capital and cancellation risk to the operator
    alaska               itin   9  dep  168  soldout   57.7%  promo   77.8%
    antarctica           itin   7  dep  155  soldout   31.0%  promo  100.0%
    arctic               itin  16  dep   82  soldout    0.0%  promo  100.0%
    asia                 itin   8  dep   36  soldout   94.4%  promo  100.0%
    baja-california      itin   4  dep   39  soldout    0.0%  promo  100.0%
    caribbean            itin   5  dep    9  soldout    0.0%  promo   60.0%
    central-america      itin   6  dep   45  soldout   68.9%  promo  100.0%
    europe               itin  12  dep   79  soldout   24.1%  promo   91.7%
    galapagos            itin   8  dep 1145  soldout   70.9%  promo  100.0%
    south-america        itin  12  dep 1271  soldout   70.3%  promo   91.7%
    DELTA vs 2026-08-18T00:39:32Z: MIXED / within noise — do not trade a single-snapshot delta.

/Users/ajay/Library/Python/3.9/lib/python/site-packages/urllib3/__init__.py:35: NotOpenSSLWarning: urllib3 v2 only supports OpenSSL 1.1.1+, currently the 'ssl' module is compiled with 'LibreSSL 2.8.3'. See: https://github.com/urllib3/urllib3/issues/3020
  warnings.warn(

===== 2026-08-24 18:36 (desk) =====
[expedition_inventory] LIND: 72 itineraries, 1964 departures, sold-out 74.1% (dep-weighted) / 38.9% raw, promo 93.1%, fare cuts 0/72, deposit-terms concession 93.1%
    PRICING: NO FARE DISCOUNTING ANYWHERE — headline price fully intact; the concession is being made on DEPOSIT TERMS instead, which preserves revenue per berth but shifts working capital and cancellation risk to the operator
    alaska               itin   9  dep  162  soldout    6.2%  promo   77.8%
    antarctica           itin   7  dep  155  soldout   31.0%  promo  100.0%
    arctic               itin  16  dep   82  soldout    0.0%  promo  100.0%
    asia                 itin   8  dep   35  soldout   88.6%  promo  100.0%
    baja-california      itin   4  dep   39  soldout    0.0%  promo  100.0%
    caribbean            itin   5  dep    9  soldout    0.0%  promo   60.0%
    central-america      itin   6  dep   45  soldout   68.9%  promo  100.0%
    europe               itin  12  dep   78  soldout   26.9%  promo  100.0%
    galapagos            itin   8  dep 1134  soldout   92.9%  promo  100.0%
    south-america        itin  12  dep 1260  soldout   99.6%  promo   91.7%
    DELTA vs 2026-08-18T01:33:03Z: MIXED / within noise — do not trade a single-snapshot delta.

/Users/ajay/Library/Python/3.9/lib/python/site-packages/urllib3/__init__.py:35: NotOpenSSLWarning: urllib3 v2 only supports OpenSSL 1.1.1+, currently the 'ssl' module is compiled with 'LibreSSL 2.8.3'. See: https://github.com/urllib3/urllib3/issues/3020
  warnings.warn(

===== 2026-08-31 19:36 (desk) =====
[expedition_inventory] LIND: 70 itineraries, 1940 departures, sold-out 57.9% (dep-weighted) / 38.6% raw, promo 94.3%, fare cuts 0/70, deposit-terms concession 94.3%
    PRICING: NO FARE DISCOUNTING ANYWHERE — headline price fully intact; the concession is being made on DEPOSIT TERMS instead, which preserves revenue per berth but shifts working capital and cancellation risk to the operator
    alaska               itin   8  dep  160  soldout   54.4%  promo   87.5%
    antarctica           itin   7  dep  155  soldout   63.2%  promo  100.0%
    arctic               itin  16  dep   81  soldout    0.0%  promo  100.0%
    asia                 itin   8  dep   36  soldout   88.9%  promo  100.0%
    baja-california      itin   4  dep   39  soldout    0.0%  promo  100.0%
    caribbean            itin   5  dep    9  soldout    0.0%  promo   60.0%
    central-america      itin   6  dep   45  soldout   68.9%  promo  100.0%
    europe               itin  12  dep   72  soldout   20.8%  promo  100.0%
    galapagos            itin   8  dep 1128  soldout   53.9%  promo  100.0%
    south-america        itin  12  dep 1304  soldout   66.0%  promo   91.7%
    DELTA vs 2026-08-25T01:36:16Z: MIXED / within noise — do not trade a single-snapshot delta.

/Users/ajay/Library/Python/3.9/lib/python/site-packages/urllib3/__init__.py:35: NotOpenSSLWarning: urllib3 v2 only supports OpenSSL 1.1.1+, currently the 'ssl' module is compiled with 'LibreSSL 2.8.3'. See: https://github.com/urllib3/urllib3/issues/3020
  warnings.warn(

===== 2026-09-07 20:40 (desk) =====
[expedition_inventory] LIND: 70 itineraries, 1928 departures, sold-out 56.6% (dep-weighted) / 35.7% raw, promo 0.0%, fare cuts 0/70, deposit-terms concession 0.0%
    PRICING: NO FARE DISCOUNTING ANYWHERE — headline price fully intact; the concession is being made on DEPOSIT TERMS instead, which preserves revenue per berth but shifts working capital and cancellation risk to the operator
    alaska               itin   7  dep  157  soldout   53.5%  promo    0.0%
    antarctica           itin   7  dep  155  soldout   31.0%  promo    0.0%
    arctic               itin  16  dep   80  soldout    3.8%  promo    0.0%
    asia                 itin   8  dep   36  soldout   88.9%  promo    0.0%
    baja-california      itin   4  dep   39  soldout    0.0%  promo    0.0%
    caribbean            itin   5  dep    9  soldout    0.0%  promo    0.0%
    central-america      itin   6  dep   45  soldout   68.9%  promo    0.0%
    europe               itin  12  dep   69  soldout   21.7%  promo    0.0%
    galapagos            itin   8  dep 1121  soldout   65.5%  promo    0.0%
    south-america        itin  12  dep 1240  soldout   70.8%  promo    0.0%
    DELTA vs 2026-09-01T02:36:44Z: MIXED / within noise — do not trade a single-snapshot delta.

/Users/ajay/Library/Python/3.9/lib/python/site-packages/urllib3/__init__.py:35: NotOpenSSLWarning: urllib3 v2 only supports OpenSSL 1.1.1+, currently the 'ssl' module is compiled with 'LibreSSL 2.8.3'. See: https://github.com/urllib3/urllib3/issues/3020
  warnings.warn(
