
===== 2026-08-04 09:30 (desk) =====
[2026-08-04T16:30:00Z] 25-7187: no new entries (last 2026-07-09|DEFECTIVE---CITATION of Suppl)
[2026-08-04T16:30:00Z] 25-7516: no new entries (last 2026-07-31|RESPONSE to Citation of Suppl)
[2026-08-04T16:30:00Z] 25-7831: no new entries (last 2026-06-30|RESPONSE to Citation of Suppl)


===== 2026-08-04 10:44 (desk) =====
[2026-08-04T17:44:40Z] 25-7187: no new entries (last 2026-07-09|DEFECTIVE---CITATION of Suppl)
[2026-08-04T17:44:40Z] 25-7516: no new entries (last 2026-07-31|RESPONSE to Citation of Suppl)
[2026-08-04T17:44:40Z] 25-7831: no new entries (last 2026-06-30|RESPONSE to Citation of Suppl)


===== 2026-08-04 12:36 (desk) =====
[2026-08-04T19:36:16Z] 25-7516: no new entries (last 2026-07-31|RESPONSE to Citation of Suppl)
[2026-08-04T19:36:16Z] 25-7831: no new entries (last 2026-06-30|RESPONSE to Citation of Suppl)
[2026-08-04T19:36:16Z] NEW ENTRY 25-7187 2026-07-09: CITATION of Supplemental Authorities (28j Letter) filed by Appellee State of Nevada, Appellee Nevada Gaming Control Board, Appellee Mike Dreitzer, Appellee George Assad, Appellee Chandeni K. Sendall, 


===== 2026-08-04 14:36 (desk) =====
[2026-08-04T21:36:05Z] 25-7187: no new entries (last 2026-07-09|CITATION of Supplemental Auth)
[2026-08-04T21:36:05Z] 25-7516: no new entries (last 2026-07-31|RESPONSE to Citation of Suppl)
[2026-08-04T21:36:05Z] 25-7831: no new entries (last 2026-06-30|RESPONSE to Citation of Suppl)


===== 2026-08-04 16:35 (desk) =====
[2026-08-04T23:35:43Z] 25-7187: no new entries (last 2026-07-09|CITATION of Supplemental Auth)
[2026-08-04T23:35:43Z] 25-7516: no new entries (last 2026-07-31|RESPONSE to Citation of Suppl)
[2026-08-04T23:35:43Z] 25-7831: no new entries (last 2026-06-30|RESPONSE to Citation of Suppl)


===== 2026-08-04 18:35 (desk) =====
[2026-08-05T01:34:54Z] 25-7187: no new entries (last 2026-07-09|CITATION of Supplemental Auth)
[2026-08-05T01:34:54Z] 25-7516: no new entries (last 2026-07-31|RESPONSE to Citation of Suppl)
[2026-08-05T01:34:54Z] 25-7831: no new entries (last 2026-06-30|RESPONSE to Citation of Suppl)


===== 2026-08-04 20:35 (desk) =====
[2026-08-05T03:35:05Z] 25-7187: no new entries (last 2026-07-09|CITATION of Supplemental Auth)
[2026-08-05T03:35:05Z] 25-7516: no new entries (last 2026-07-31|RESPONSE to Citation of Suppl)
[2026-08-05T03:35:05Z] 25-7831: no new entries (last 2026-06-30|RESPONSE to Citation of Suppl)


===== 2026-08-04 22:35 (desk) =====
[2026-08-05T05:35:36Z] 25-7187: no new entries (last 2026-07-09|CITATION of Supplemental Auth)
[2026-08-05T05:35:36Z] 25-7516: no new entries (last 2026-07-31|RESPONSE to Citation of Suppl)
[2026-08-05T05:35:36Z] 25-7831: no new entries (last 2026-06-30|RESPONSE to Citation of Suppl)


===== 2026-08-05 00:35 (desk) =====
[2026-08-05T07:35:10Z] 25-7187: no new entries (last 2026-07-09|CITATION of Supplemental Auth)
[2026-08-05T07:35:10Z] 25-7516: no new entries (last 2026-07-31|RESPONSE to Citation of Suppl)
[2026-08-05T07:35:10Z] 25-7831: no new entries (last 2026-06-30|RESPONSE to Citation of Suppl)


===== 2026-08-05 02:50 (desk) =====
[2026-08-05T09:50:40Z] 25-7187: no new entries (last 2026-07-09|CITATION of Supplemental Auth)
[2026-08-05T09:50:40Z] 25-7516: no new entries (last 2026-07-31|RESPONSE to Citation of Suppl)
[2026-08-05T09:50:40Z] 25-7831: no new entries (last 2026-06-30|RESPONSE to Citation of Suppl)


===== 2026-08-05 04:35 (desk) =====
[2026-08-05T11:35:04Z] 25-7187: no new entries (last 2026-07-09|CITATION of Supplemental Auth)
[2026-08-05T11:35:04Z] 25-7516: no new entries (last 2026-07-31|RESPONSE to Citation of Suppl)
[2026-08-05T11:35:04Z] 25-7831: no new entries (last 2026-06-30|RESPONSE to Citation of Suppl)


===== 2026-08-05 06:37 (desk) =====
[2026-08-05T13:36:24Z] 25-7187: ERROR timeout: The read operation timed out
[2026-08-05T13:36:24Z] 25-7516: no new entries (last 2026-07-31|RESPONSE to Citation of Suppl)
[2026-08-05T13:36:24Z] 25-7831: no new entries (last 2026-06-30|RESPONSE to Citation of Suppl)


===== 2026-08-05 08:34 (desk) =====
[2026-08-05T15:34:37Z] 25-7187: no new entries (last 2026-07-09|CITATION of Supplemental Auth)
[2026-08-05T15:34:37Z] 25-7516: no new entries (last 2026-07-31|RESPONSE to Citation of Suppl)
[2026-08-05T15:34:37Z] 25-7831: no new entries (last 2026-06-30|RESPONSE to Citation of Suppl)


===== 2026-08-05 10:35 (desk) =====
[2026-08-05T17:35:37Z] 25-7187: no new entries (last 2026-07-09|CITATION of Supplemental Auth)
[2026-08-05T17:35:37Z] 25-7516: no new entries (last 2026-07-31|RESPONSE to Citation of Suppl)
[2026-08-05T17:35:37Z] 25-7831: no new entries (last 2026-06-30|RESPONSE to Citation of Suppl)


===== 2026-08-05 12:36 (desk) =====
[2026-08-05T19:35:47Z] 25-7187: no new entries (last 2026-07-09|CITATION of Supplemental Auth)
[2026-08-05T19:35:47Z] 25-7516: no new entries (last 2026-07-31|RESPONSE to Citation of Suppl)
[2026-08-05T19:35:47Z] 25-7831: no new entries (last 2026-06-30|RESPONSE to Citation of Suppl)


===== 2026-08-05 14:35 (desk) =====
[2026-08-05T21:35:35Z] 25-7187: no new entries (last 2026-07-09|CITATION of Supplemental Auth)
[2026-08-05T21:35:35Z] 25-7516: no new entries (last 2026-07-31|RESPONSE to Citation of Suppl)
[2026-08-05T21:35:35Z] 25-7831: no new entries (last 2026-06-30|RESPONSE to Citation of Suppl)


===== 2026-08-05 16:35 (desk) =====
[2026-08-05T23:35:21Z] 25-7187: no new entries (last 2026-07-09|CITATION of Supplemental Auth)
[2026-08-05T23:35:21Z] 25-7516: no new entries (last 2026-07-31|RESPONSE to Citation of Suppl)
[2026-08-05T23:35:21Z] 25-7831: no new entries (last 2026-06-30|RESPONSE to Citation of Suppl)


===== 2026-08-05 18:35 (desk) =====
[2026-08-06T01:35:26Z] 25-7187: no new entries (last 2026-07-09|CITATION of Supplemental Auth)
[2026-08-06T01:35:26Z] 25-7516: no new entries (last 2026-07-31|RESPONSE to Citation of Suppl)
[2026-08-06T01:35:26Z] 25-7831: no new entries (last 2026-06-30|RESPONSE to Citation of Suppl)


===== 2026-08-05 20:35 (desk) =====
[2026-08-06T03:35:25Z] 25-7187: no new entries (last 2026-07-09|CITATION of Supplemental Auth)
[2026-08-06T03:35:25Z] 25-7516: no new entries (last 2026-07-31|RESPONSE to Citation of Suppl)
[2026-08-06T03:35:25Z] 25-7831: no new entries (last 2026-06-30|RESPONSE to Citation of Suppl)


===== 2026-08-05 22:35 (desk) =====
[2026-08-06T05:35:12Z] 25-7187: no new entries (last 2026-07-09|CITATION of Supplemental Auth)
[2026-08-06T05:35:12Z] 25-7516: no new entries (last 2026-07-31|RESPONSE to Citation of Suppl)
[2026-08-06T05:35:12Z] 25-7831: no new entries (last 2026-06-30|RESPONSE to Citation of Suppl)


===== 2026-08-06 00:34 (desk) =====
[2026-08-06T07:34:36Z] 25-7187: no new entries (last 2026-07-09|CITATION of Supplemental Auth)
[2026-08-06T07:34:36Z] 25-7516: no new entries (last 2026-07-31|RESPONSE to Citation of Suppl)
[2026-08-06T07:34:36Z] 25-7831: no new entries (last 2026-06-30|RESPONSE to Citation of Suppl)


===== 2026-08-06 02:34 (desk) =====
[2026-08-06T09:34:30Z] 25-7187: no new entries (last 2026-07-09|CITATION of Supplemental Auth)
[2026-08-06T09:34:30Z] 25-7516: no new entries (last 2026-07-31|RESPONSE to Citation of Suppl)
[2026-08-06T09:34:30Z] 25-7831: no new entries (last 2026-06-30|RESPONSE to Citation of Suppl)


===== 2026-08-06 04:37 (desk) =====
[2026-08-06T11:36:57Z] 25-7516: no new entries (last 2026-07-31|RESPONSE to Citation of Suppl)
[2026-08-06T11:36:57Z] 25-7831: no new entries (last 2026-06-30|RESPONSE to Citation of Suppl)
[2026-08-06T11:36:57Z] NEW ENTRY 25-7187 2026-08-05: CITATION of Supplemental Authorities (28j Letter) filed by Appellee State of Nevada, Appellee Nevada Gaming Control Board, Appellee Mike Dreitzer, Appellee George Assad, Appellee Chandeni K. Sendall, 


===== 2026-08-06 06:35 (desk) =====
[2026-08-06T13:35:16Z] 25-7187: no new entries (last 2026-08-05|CITATION of Supplemental Auth)
[2026-08-06T13:35:16Z] 25-7516: no new entries (last 2026-07-31|RESPONSE to Citation of Suppl)
[2026-08-06T13:35:16Z] 25-7831: no new entries (last 2026-06-30|RESPONSE to Citation of Suppl)


===== 2026-08-06 08:41 (desk) =====
[2026-08-06T15:41:02Z] 25-7187: no new entries (last 2026-08-05|CITATION of Supplemental Auth)
[2026-08-06T15:41:02Z] 25-7516: no new entries (last 2026-07-31|RESPONSE to Citation of Suppl)
[2026-08-06T15:41:02Z] 25-7831: no new entries (last 2026-06-30|RESPONSE to Citation of Suppl)


===== 2026-08-06 10:41 (desk) =====
[2026-08-06T17:40:58Z] 25-7187: ERROR timeout: The read operation timed out
[2026-08-06T17:40:58Z] 25-7516: no new entries (last 2026-07-31|RESPONSE to Citation of Suppl)
[2026-08-06T17:40:58Z] 25-7831: no new entries (last 2026-06-30|RESPONSE to Citation of Suppl)


===== 2026-08-06 12:36 (desk) =====
[2026-08-06T19:35:52Z] 25-7187: no new entries (last 2026-08-05|CITATION of Supplemental Auth)
[2026-08-06T19:35:52Z] 25-7516: no new entries (last 2026-07-31|RESPONSE to Citation of Suppl)
[2026-08-06T19:35:52Z] 25-7831: no new entries (last 2026-06-30|RESPONSE to Citation of Suppl)


===== 2026-08-06 14:35 (desk) =====
[2026-08-06T21:35:43Z] 25-7187: no new entries (last 2026-08-05|CITATION of Supplemental Auth)
[2026-08-06T21:35:43Z] 25-7516: no new entries (last 2026-07-31|RESPONSE to Citation of Suppl)
[2026-08-06T21:35:43Z] 25-7831: no new entries (last 2026-06-30|RESPONSE to Citation of Suppl)


===== 2026-08-06 16:35 (desk) =====
[2026-08-06T23:34:52Z] 25-7187: no new entries (last 2026-08-05|CITATION of Supplemental Auth)
[2026-08-06T23:34:52Z] 25-7516: no new entries (last 2026-07-31|RESPONSE to Citation of Suppl)
[2026-08-06T23:34:52Z] 25-7831: no new entries (last 2026-06-30|RESPONSE to Citation of Suppl)


===== 2026-08-06 18:35 (desk) =====
[2026-08-07T01:35:00Z] 25-7187: no new entries (last 2026-08-05|CITATION of Supplemental Auth)
[2026-08-07T01:35:00Z] 25-7516: no new entries (last 2026-07-31|RESPONSE to Citation of Suppl)
[2026-08-07T01:35:00Z] 25-7831: no new entries (last 2026-06-30|RESPONSE to Citation of Suppl)


===== 2026-08-06 20:34 (desk) =====
[2026-08-07T03:34:49Z] 25-7187: no new entries (last 2026-08-05|CITATION of Supplemental Auth)
[2026-08-07T03:34:49Z] 25-7516: no new entries (last 2026-07-31|RESPONSE to Citation of Suppl)
[2026-08-07T03:34:49Z] 25-7831: no new entries (last 2026-06-30|RESPONSE to Citation of Suppl)


===== 2026-08-06 22:34 (desk) =====
[2026-08-07T05:34:49Z] 25-7187: no new entries (last 2026-08-05|CITATION of Supplemental Auth)
[2026-08-07T05:34:49Z] 25-7516: no new entries (last 2026-07-31|RESPONSE to Citation of Suppl)
[2026-08-07T05:34:49Z] 25-7831: no new entries (last 2026-06-30|RESPONSE to Citation of Suppl)


===== 2026-08-07 00:35 (desk) =====
[2026-08-07T07:35:32Z] 25-7187: no new entries (last 2026-08-05|CITATION of Supplemental Auth)
[2026-08-07T07:35:32Z] 25-7516: no new entries (last 2026-07-31|RESPONSE to Citation of Suppl)
[2026-08-07T07:35:32Z] 25-7831: no new entries (last 2026-06-30|RESPONSE to Citation of Suppl)


===== 2026-08-07 02:35 (desk) =====
[2026-08-07T09:35:07Z] 25-7187: no new entries (last 2026-08-05|CITATION of Supplemental Auth)
[2026-08-07T09:35:07Z] 25-7516: no new entries (last 2026-07-31|RESPONSE to Citation of Suppl)
[2026-08-07T09:35:07Z] 25-7831: no new entries (last 2026-06-30|RESPONSE to Citation of Suppl)


===== 2026-08-07 04:48 (desk) =====
[2026-08-07T11:48:48Z] 25-7187: no new entries (last 2026-08-05|CITATION of Supplemental Auth)
[2026-08-07T11:48:48Z] 25-7516: no new entries (last 2026-07-31|RESPONSE to Citation of Suppl)
[2026-08-07T11:48:48Z] 25-7831: no new entries (last 2026-06-30|RESPONSE to Citation of Suppl)


===== 2026-08-07 06:35 (desk) =====
[2026-08-07T13:35:39Z] 25-7187: no new entries (last 2026-08-05|CITATION of Supplemental Auth)
[2026-08-07T13:35:39Z] 25-7516: no new entries (last 2026-07-31|RESPONSE to Citation of Suppl)
[2026-08-07T13:35:39Z] 25-7831: no new entries (last 2026-06-30|RESPONSE to Citation of Suppl)


===== 2026-08-07 08:35 (desk) =====
[2026-08-07T15:35:46Z] 25-7187: no new entries (last 2026-08-05|CITATION of Supplemental Auth)
[2026-08-07T15:35:46Z] 25-7516: no new entries (last 2026-07-31|RESPONSE to Citation of Suppl)
[2026-08-07T15:35:46Z] 25-7831: no new entries (last 2026-06-30|RESPONSE to Citation of Suppl)


===== 2026-08-07 10:36 (desk) =====
[2026-08-07T17:36:41Z] 25-7187: no new entries (last 2026-08-05|CITATION of Supplemental Auth)
[2026-08-07T17:36:41Z] 25-7516: no new entries (last 2026-07-31|RESPONSE to Citation of Suppl)
[2026-08-07T17:36:41Z] 25-7831: no new entries (last 2026-06-30|RESPONSE to Citation of Suppl)


===== 2026-08-07 12:37 (desk) =====
[2026-08-07T19:37:47Z] 25-7187: no new entries (last 2026-08-05|CITATION of Supplemental Auth)
[2026-08-07T19:37:47Z] 25-7516: no new entries (last 2026-07-31|RESPONSE to Citation of Suppl)
[2026-08-07T19:37:47Z] 25-7831: no new entries (last 2026-06-30|RESPONSE to Citation of Suppl)


===== 2026-08-07 20:37 (desk) =====
[2026-08-08T03:37:23Z] 25-7187: no new entries (last 2026-08-05|CITATION of Supplemental Auth)
[2026-08-08T03:37:23Z] 25-7516: no new entries (last 2026-07-31|RESPONSE to Citation of Suppl)
[2026-08-08T03:37:23Z] 25-7831: no new entries (last 2026-06-30|RESPONSE to Citation of Suppl)


===== 2026-08-10 00:53 (desk) =====
[2026-08-10T07:53:32Z] 25-7187: no new entries (last 2026-08-05|CITATION of Supplemental Auth)
[2026-08-10T07:53:32Z] 25-7516: no new entries (last 2026-07-31|RESPONSE to Citation of Suppl)
[2026-08-10T07:53:32Z] 25-7831: no new entries (last 2026-06-30|RESPONSE to Citation of Suppl)


===== 2026-08-10 02:34 (desk) =====
[2026-08-10T09:34:33Z] 25-7187: no new entries (last 2026-08-05|CITATION of Supplemental Auth)
[2026-08-10T09:34:33Z] 25-7516: no new entries (last 2026-07-31|RESPONSE to Citation of Suppl)
[2026-08-10T09:34:33Z] 25-7831: no new entries (last 2026-06-30|RESPONSE to Citation of Suppl)


===== 2026-08-10 11:38 (desk) =====
[2026-08-10T18:38:18Z] 25-7187: no new entries (last 2026-08-05|CITATION of Supplemental Auth)
[2026-08-10T18:38:18Z] 25-7516: no new entries (last 2026-07-31|RESPONSE to Citation of Suppl)
[2026-08-10T18:38:18Z] 25-7831: no new entries (last 2026-06-30|RESPONSE to Citation of Suppl)


===== 2026-08-10 13:34 (desk) =====
[2026-08-10T20:34:46Z] 25-7187: no new entries (last 2026-08-05|CITATION of Supplemental Auth)
[2026-08-10T20:34:46Z] 25-7516: no new entries (last 2026-07-31|RESPONSE to Citation of Suppl)
[2026-08-10T20:34:46Z] 25-7831: no new entries (last 2026-06-30|RESPONSE to Citation of Suppl)


===== 2026-08-10 15:35 (desk) =====
[2026-08-10T22:35:03Z] 25-7187: no new entries (last 2026-08-05|CITATION of Supplemental Auth)
[2026-08-10T22:35:03Z] 25-7516: no new entries (last 2026-07-31|RESPONSE to Citation of Suppl)
[2026-08-10T22:35:03Z] 25-7831: no new entries (last 2026-06-30|RESPONSE to Citation of Suppl)


===== 2026-08-10 17:34 (desk) =====
[2026-08-11T00:34:41Z] 25-7187: no new entries (last 2026-08-05|CITATION of Supplemental Auth)
[2026-08-11T00:34:41Z] 25-7516: no new entries (last 2026-07-31|RESPONSE to Citation of Suppl)
[2026-08-11T00:34:41Z] 25-7831: no new entries (last 2026-06-30|RESPONSE to Citation of Suppl)


===== 2026-08-10 19:35 (desk) =====
[2026-08-11T02:34:47Z] 25-7187: no new entries (last 2026-08-05|CITATION of Supplemental Auth)
[2026-08-11T02:34:47Z] 25-7516: no new entries (last 2026-07-31|RESPONSE to Citation of Suppl)
[2026-08-11T02:34:47Z] 25-7831: no new entries (last 2026-06-30|RESPONSE to Citation of Suppl)


===== 2026-08-10 21:36 (desk) =====
[2026-08-11T04:36:06Z] 25-7187: no new entries (last 2026-08-05|CITATION of Supplemental Auth)
[2026-08-11T04:36:06Z] 25-7516: no new entries (last 2026-07-31|RESPONSE to Citation of Suppl)
[2026-08-11T04:36:06Z] 25-7831: no new entries (last 2026-06-30|RESPONSE to Citation of Suppl)


===== 2026-08-10 23:35 (desk) =====
[2026-08-11T06:35:04Z] 25-7187: no new entries (last 2026-08-05|CITATION of Supplemental Auth)
[2026-08-11T06:35:04Z] 25-7516: no new entries (last 2026-07-31|RESPONSE to Citation of Suppl)
[2026-08-11T06:35:04Z] 25-7831: no new entries (last 2026-06-30|RESPONSE to Citation of Suppl)


===== 2026-08-11 01:56 (desk) =====
[2026-08-11T08:56:33Z] 25-7187: no new entries (last 2026-08-05|CITATION of Supplemental Auth)
[2026-08-11T08:56:33Z] 25-7516: no new entries (last 2026-07-31|RESPONSE to Citation of Suppl)
[2026-08-11T08:56:33Z] 25-7831: no new entries (last 2026-06-30|RESPONSE to Citation of Suppl)


===== 2026-08-11 03:30 (desk) =====
[2026-08-11T10:30:09Z] 25-7187: ERROR URLError: <urlopen error [Errno 8] nodename nor servname provided, or not known>
[2026-08-11T10:30:09Z] 25-7516: ERROR URLError: <urlopen error [Errno 8] nodename nor servname provided, or not known>
[2026-08-11T10:30:09Z] 25-7831: ERROR URLError: <urlopen error [Errno 8] nodename nor servname provided, or not known>


===== 2026-08-11 04:30 (desk) =====
[2026-08-11T11:30:10Z] 25-7187: ERROR URLError: <urlopen error [Errno 8] nodename nor servname provided, or not known>
[2026-08-11T11:30:10Z] 25-7516: ERROR URLError: <urlopen error [Errno 8] nodename nor servname provided, or not known>
[2026-08-11T11:30:10Z] 25-7831: ERROR URLError: <urlopen error [Errno 8] nodename nor servname provided, or not known>


===== 2026-08-11 05:30 (desk) =====
[2026-08-11T12:30:09Z] 25-7187: ERROR URLError: <urlopen error [Errno 8] nodename nor servname provided, or not known>
[2026-08-11T12:30:09Z] 25-7516: ERROR URLError: <urlopen error [Errno 8] nodename nor servname provided, or not known>
[2026-08-11T12:30:09Z] 25-7831: ERROR URLError: <urlopen error [Errno 8] nodename nor servname provided, or not known>


===== 2026-08-11 06:34 (desk) =====
[2026-08-11T13:34:04Z] 25-7187: no new entries (last 2026-08-05|CITATION of Supplemental Auth)
[2026-08-11T13:34:04Z] 25-7516: no new entries (last 2026-07-31|RESPONSE to Citation of Suppl)
[2026-08-11T13:34:04Z] 25-7831: no new entries (last 2026-06-30|RESPONSE to Citation of Suppl)


===== 2026-08-11 08:40 (desk) =====
[2026-08-11T15:40:23Z] 25-7187: no new entries (last 2026-08-05|CITATION of Supplemental Auth)
[2026-08-11T15:40:23Z] 25-7516: no new entries (last 2026-07-31|RESPONSE to Citation of Suppl)
[2026-08-11T15:40:23Z] 25-7831: no new entries (last 2026-06-30|RESPONSE to Citation of Suppl)


===== 2026-08-11 12:54 (desk) =====
[2026-08-11T19:54:41Z] 25-7187: no new entries (last 2026-08-05|CITATION of Supplemental Auth)
[2026-08-11T19:54:41Z] 25-7516: no new entries (last 2026-07-31|RESPONSE to Citation of Suppl)
[2026-08-11T19:54:41Z] 25-7831: no new entries (last 2026-06-30|RESPONSE to Citation of Suppl)


===== 2026-08-11 14:35 (desk) =====
[2026-08-11T21:34:47Z] 25-7187: no new entries (last 2026-08-05|CITATION of Supplemental Auth)
[2026-08-11T21:34:47Z] 25-7516: no new entries (last 2026-07-31|RESPONSE to Citation of Suppl)
[2026-08-11T21:34:47Z] 25-7831: no new entries (last 2026-06-30|RESPONSE to Citation of Suppl)


===== 2026-08-11 16:35 (desk) =====
[2026-08-11T23:35:21Z] 25-7187: no new entries (last 2026-08-05|CITATION of Supplemental Auth)
[2026-08-11T23:35:21Z] 25-7516: no new entries (last 2026-07-31|RESPONSE to Citation of Suppl)
[2026-08-11T23:35:21Z] 25-7831: no new entries (last 2026-06-30|RESPONSE to Citation of Suppl)


===== 2026-08-11 18:34 (desk) =====
[2026-08-12T01:34:18Z] 25-7187: no new entries (last 2026-08-05|CITATION of Supplemental Auth)
[2026-08-12T01:34:18Z] 25-7516: no new entries (last 2026-07-31|RESPONSE to Citation of Suppl)
[2026-08-12T01:34:18Z] 25-7831: no new entries (last 2026-06-30|RESPONSE to Citation of Suppl)


===== 2026-08-11 20:34 (desk) =====
[2026-08-12T03:34:19Z] 25-7187: no new entries (last 2026-08-05|CITATION of Supplemental Auth)
[2026-08-12T03:34:19Z] 25-7516: no new entries (last 2026-07-31|RESPONSE to Citation of Suppl)
[2026-08-12T03:34:19Z] 25-7831: no new entries (last 2026-06-30|RESPONSE to Citation of Suppl)


===== 2026-08-11 22:35 (desk) =====
[2026-08-12T05:34:41Z] 25-7187: no new entries (last 2026-08-05|CITATION of Supplemental Auth)
[2026-08-12T05:34:41Z] 25-7516: no new entries (last 2026-07-31|RESPONSE to Citation of Suppl)
[2026-08-12T05:34:41Z] 25-7831: no new entries (last 2026-06-30|RESPONSE to Citation of Suppl)


===== 2026-08-12 07:58 (desk) =====
[2026-08-12T14:57:49Z] 25-7187: no new entries (last 2026-08-05|CITATION of Supplemental Auth)
[2026-08-12T14:57:49Z] 25-7831: no new entries (last 2026-06-30|RESPONSE to Citation of Suppl)
[2026-08-12T14:57:49Z] NEW ENTRY 25-7516 2026-08-11: CITATION of Supplemental Authorities (28j Letter) filed by Appellant KalshiEX, LLC. [25-7516, 25-7187, 25-7831] [Entered: 08/11/2026 10:47 AM]


===== 2026-08-12 09:34 (desk) =====
[2026-08-12T16:34:26Z] 25-7187: no new entries (last 2026-08-05|CITATION of Supplemental Auth)
[2026-08-12T16:34:26Z] 25-7516: no new entries (last 2026-08-11|CITATION of Supplemental Auth)
[2026-08-12T16:34:26Z] 25-7831: no new entries (last 2026-06-30|RESPONSE to Citation of Suppl)


===== 2026-08-12 11:34 (desk) =====
[2026-08-12T18:33:27Z] 25-7187: no new entries (last 2026-08-05|CITATION of Supplemental Auth)
[2026-08-12T18:33:27Z] 25-7516: no new entries (last 2026-08-11|CITATION of Supplemental Auth)
[2026-08-12T18:33:27Z] 25-7831: no new entries (last 2026-06-30|RESPONSE to Citation of Suppl)


===== 2026-08-12 13:34 (desk) =====
[2026-08-12T20:33:56Z] 25-7187: no new entries (last 2026-08-05|CITATION of Supplemental Auth)
[2026-08-12T20:33:56Z] 25-7516: no new entries (last 2026-08-11|CITATION of Supplemental Auth)
[2026-08-12T20:33:56Z] 25-7831: no new entries (last 2026-06-30|RESPONSE to Citation of Suppl)


===== 2026-08-12 15:35 (desk) =====
[2026-08-12T22:35:11Z] 25-7187: no new entries (last 2026-08-05|CITATION of Supplemental Auth)
[2026-08-12T22:35:11Z] 25-7516: no new entries (last 2026-08-11|CITATION of Supplemental Auth)
[2026-08-12T22:35:11Z] 25-7831: no new entries (last 2026-06-30|RESPONSE to Citation of Suppl)


===== 2026-08-12 17:34 (desk) =====
[2026-08-13T00:34:20Z] 25-7187: no new entries (last 2026-08-05|CITATION of Supplemental Auth)
[2026-08-13T00:34:20Z] 25-7516: no new entries (last 2026-08-11|CITATION of Supplemental Auth)
[2026-08-13T00:34:20Z] 25-7831: no new entries (last 2026-06-30|RESPONSE to Citation of Suppl)


===== 2026-08-12 19:33 (desk) =====
[2026-08-13T02:33:18Z] 25-7187: no new entries (last 2026-08-05|CITATION of Supplemental Auth)
[2026-08-13T02:33:18Z] 25-7516: no new entries (last 2026-08-11|CITATION of Supplemental Auth)
[2026-08-13T02:33:18Z] 25-7831: no new entries (last 2026-06-30|RESPONSE to Citation of Suppl)


===== 2026-08-12 21:34 (desk) =====
[2026-08-13T04:34:12Z] 25-7187: no new entries (last 2026-08-05|CITATION of Supplemental Auth)
[2026-08-13T04:34:12Z] 25-7516: no new entries (last 2026-08-11|CITATION of Supplemental Auth)
[2026-08-13T04:34:12Z] 25-7831: no new entries (last 2026-06-30|RESPONSE to Citation of Suppl)


===== 2026-08-12 23:35 (desk) =====
[2026-08-13T06:35:36Z] 25-7187: no new entries (last 2026-08-05|CITATION of Supplemental Auth)
[2026-08-13T06:35:36Z] 25-7516: no new entries (last 2026-08-11|CITATION of Supplemental Auth)
[2026-08-13T06:35:36Z] 25-7831: no new entries (last 2026-06-30|RESPONSE to Citation of Suppl)


===== 2026-08-13 03:03 (desk) =====
[2026-08-13T10:03:28Z] 25-7187: no new entries (last 2026-08-05|CITATION of Supplemental Auth)
[2026-08-13T10:03:28Z] 25-7516: no new entries (last 2026-08-11|CITATION of Supplemental Auth)
[2026-08-13T10:03:28Z] 25-7831: no new entries (last 2026-06-30|RESPONSE to Citation of Suppl)


===== 2026-08-13 09:15 (desk) =====
[2026-08-13T16:14:57Z] 25-7187: no new entries (last 2026-08-05|CITATION of Supplemental Auth)
[2026-08-13T16:14:57Z] 25-7516: no new entries (last 2026-08-11|CITATION of Supplemental Auth)
[2026-08-13T16:14:57Z] 25-7831: no new entries (last 2026-06-30|RESPONSE to Citation of Suppl)


===== 2026-08-13 10:49 (desk) =====
[2026-08-13T17:43:56Z] 25-7187: no new entries (last 2026-08-05|CITATION of Supplemental Auth)
[2026-08-13T17:43:56Z] 25-7516: no new entries (last 2026-08-11|CITATION of Supplemental Auth)
[2026-08-13T17:43:56Z] 25-7831: no new entries (last 2026-06-30|RESPONSE to Citation of Suppl)


===== 2026-08-13 20:36 (desk) =====
[2026-08-14T03:35:53Z] 25-7187: no new entries (last 2026-08-05|CITATION of Supplemental Auth)
[2026-08-14T03:35:53Z] 25-7516: no new entries (last 2026-08-11|CITATION of Supplemental Auth)
[2026-08-14T03:35:53Z] 25-7831: no new entries (last 2026-06-30|RESPONSE to Citation of Suppl)


===== 2026-08-13 22:12 (desk) =====
[2026-08-14T05:12:36Z] 25-7187: no new entries (last 2026-08-05|CITATION of Supplemental Auth)
[2026-08-14T05:12:36Z] 25-7516: no new entries (last 2026-08-11|CITATION of Supplemental Auth)
[2026-08-14T05:12:36Z] 25-7831: no new entries (last 2026-06-30|RESPONSE to Citation of Suppl)


===== 2026-08-14 00:33 (desk) =====
[2026-08-14T07:33:30Z] 25-7187: no new entries (last 2026-08-05|CITATION of Supplemental Auth)
[2026-08-14T07:33:30Z] 25-7516: no new entries (last 2026-08-11|CITATION of Supplemental Auth)
[2026-08-14T07:33:30Z] 25-7831: no new entries (last 2026-06-30|RESPONSE to Citation of Suppl)


===== 2026-08-14 02:33 (desk) =====
[2026-08-14T09:33:29Z] 25-7187: no new entries (last 2026-08-05|CITATION of Supplemental Auth)
[2026-08-14T09:33:29Z] 25-7516: no new entries (last 2026-08-11|CITATION of Supplemental Auth)
[2026-08-14T09:33:29Z] 25-7831: no new entries (last 2026-06-30|RESPONSE to Citation of Suppl)


===== 2026-08-14 04:33 (desk) =====
[2026-08-14T11:33:26Z] 25-7187: no new entries (last 2026-08-05|CITATION of Supplemental Auth)
[2026-08-14T11:33:26Z] 25-7516: no new entries (last 2026-08-11|CITATION of Supplemental Auth)
[2026-08-14T11:33:26Z] 25-7831: no new entries (last 2026-06-30|RESPONSE to Citation of Suppl)


===== 2026-08-14 06:34 (desk) =====
[2026-08-14T13:33:55Z] 25-7187: no new entries (last 2026-08-05|CITATION of Supplemental Auth)
[2026-08-14T13:33:55Z] 25-7516: no new entries (last 2026-08-11|CITATION of Supplemental Auth)
[2026-08-14T13:33:55Z] 25-7831: no new entries (last 2026-06-30|RESPONSE to Citation of Suppl)


===== 2026-08-14 08:35 (desk) =====
[2026-08-14T15:34:58Z] 25-7187: no new entries (last 2026-08-05|CITATION of Supplemental Auth)
[2026-08-14T15:34:58Z] 25-7516: no new entries (last 2026-08-11|CITATION of Supplemental Auth)
[2026-08-14T15:34:58Z] 25-7831: no new entries (last 2026-06-30|RESPONSE to Citation of Suppl)


===== 2026-08-14 10:03 (desk) =====
[2026-08-14T17:03:21Z] 25-7187: no new entries (last 2026-08-05|CITATION of Supplemental Auth)
[2026-08-14T17:03:21Z] 25-7516: no new entries (last 2026-08-11|CITATION of Supplemental Auth)
[2026-08-14T17:03:21Z] 25-7831: no new entries (last 2026-06-30|RESPONSE to Citation of Suppl)


===== 2026-08-14 12:55 (desk) =====
[2026-08-14T19:55:23Z] 25-7187: ERROR URLError: <urlopen error [Errno 8] nodename nor servname provided, or not known>
[2026-08-14T19:55:23Z] 25-7516: ERROR URLError: <urlopen error [Errno 8] nodename nor servname provided, or not known>
[2026-08-14T19:55:23Z] 25-7831: ERROR URLError: <urlopen error [Errno 8] nodename nor servname provided, or not known>


===== 2026-08-17 08:59 (desk) =====
[2026-08-17T15:58:55Z] 25-7516: no new entries (last 2026-08-11|CITATION of Supplemental Auth)
[2026-08-17T15:58:55Z] 25-7831: no new entries (last 2026-06-30|RESPONSE to Citation of Suppl)
[2026-08-17T15:58:55Z] NEW ENTRY 25-7187 2026-08-14: CITATION of Supplemental Authorities (28j Letter) filed by Appellee State of Nevada, Appellee Nevada Gaming Control Board, Appellee Mike Dreitzer, Appellee George Assad, Appellee Chandeni K. Sendall, 


===== 2026-08-17 10:42 (desk) =====
[2026-08-17T17:41:52Z] 25-7187: no new entries (last 2026-08-14|CITATION of Supplemental Auth)
[2026-08-17T17:41:52Z] 25-7516: no new entries (last 2026-08-11|CITATION of Supplemental Auth)
[2026-08-17T17:41:52Z] 25-7831: no new entries (last 2026-06-30|RESPONSE to Citation of Suppl)


===== 2026-08-17 12:40 (desk) =====
[2026-08-17T19:40:16Z] 25-7187: no new entries (last 2026-08-14|CITATION of Supplemental Auth)
[2026-08-17T19:40:16Z] 25-7516: no new entries (last 2026-08-11|CITATION of Supplemental Auth)
[2026-08-17T19:40:16Z] 25-7831: no new entries (last 2026-06-30|RESPONSE to Citation of Suppl)


===== 2026-08-17 14:39 (desk) =====
[2026-08-17T21:39:25Z] 25-7187: no new entries (last 2026-08-14|CITATION of Supplemental Auth)
[2026-08-17T21:39:25Z] 25-7516: no new entries (last 2026-08-11|CITATION of Supplemental Auth)
[2026-08-17T21:39:25Z] 25-7831: no new entries (last 2026-06-30|RESPONSE to Citation of Suppl)


===== 2026-08-17 16:39 (desk) =====
[2026-08-17T23:39:34Z] 25-7187: no new entries (last 2026-08-14|CITATION of Supplemental Auth)
[2026-08-17T23:39:34Z] 25-7516: no new entries (last 2026-08-11|CITATION of Supplemental Auth)
[2026-08-17T23:39:34Z] 25-7831: no new entries (last 2026-06-30|RESPONSE to Citation of Suppl)


===== 2026-08-17 18:37 (desk) =====
[2026-08-18T01:37:22Z] 25-7187: no new entries (last 2026-08-14|CITATION of Supplemental Auth)
[2026-08-18T01:37:22Z] 25-7516: no new entries (last 2026-08-11|CITATION of Supplemental Auth)
[2026-08-18T01:37:22Z] 25-7831: no new entries (last 2026-06-30|RESPONSE to Citation of Suppl)


===== 2026-08-17 20:37 (desk) =====
[2026-08-18T03:37:33Z] 25-7187: no new entries (last 2026-08-14|CITATION of Supplemental Auth)
[2026-08-18T03:37:33Z] 25-7516: no new entries (last 2026-08-11|CITATION of Supplemental Auth)
[2026-08-18T03:37:33Z] 25-7831: no new entries (last 2026-06-30|RESPONSE to Citation of Suppl)


===== 2026-08-17 22:41 (desk) =====
[2026-08-18T05:40:54Z] 25-7187: no new entries (last 2026-08-14|CITATION of Supplemental Auth)
[2026-08-18T05:40:54Z] 25-7516: no new entries (last 2026-08-11|CITATION of Supplemental Auth)
[2026-08-18T05:40:54Z] 25-7831: no new entries (last 2026-06-30|RESPONSE to Citation of Suppl)


===== 2026-08-18 00:35 (desk) =====
[2026-08-18T07:34:58Z] 25-7187: no new entries (last 2026-08-14|CITATION of Supplemental Auth)
[2026-08-18T07:34:58Z] 25-7516: no new entries (last 2026-08-11|CITATION of Supplemental Auth)
[2026-08-18T07:34:58Z] 25-7831: no new entries (last 2026-06-30|RESPONSE to Citation of Suppl)


===== 2026-08-18 02:39 (desk) =====
[2026-08-18T09:39:31Z] 25-7187: no new entries (last 2026-08-14|CITATION of Supplemental Auth)
[2026-08-18T09:39:31Z] 25-7516: no new entries (last 2026-08-11|CITATION of Supplemental Auth)
[2026-08-18T09:39:31Z] 25-7831: no new entries (last 2026-06-30|RESPONSE to Citation of Suppl)


===== 2026-08-18 04:35 (desk) =====
[2026-08-18T11:35:41Z] 25-7187: no new entries (last 2026-08-14|CITATION of Supplemental Auth)
[2026-08-18T11:35:41Z] 25-7516: no new entries (last 2026-08-11|CITATION of Supplemental Auth)
[2026-08-18T11:35:41Z] 25-7831: no new entries (last 2026-06-30|RESPONSE to Citation of Suppl)


===== 2026-08-18 06:36 (desk) =====
[2026-08-18T13:36:23Z] 25-7187: no new entries (last 2026-08-14|CITATION of Supplemental Auth)
[2026-08-18T13:36:23Z] 25-7516: no new entries (last 2026-08-11|CITATION of Supplemental Auth)
[2026-08-18T13:36:23Z] 25-7831: no new entries (last 2026-06-30|RESPONSE to Citation of Suppl)


===== 2026-08-18 08:37 (desk) =====
[2026-08-18T15:36:38Z] 25-7187: no new entries (last 2026-08-14|CITATION of Supplemental Auth)
[2026-08-18T15:36:38Z] 25-7516: no new entries (last 2026-08-11|CITATION of Supplemental Auth)
[2026-08-18T15:36:38Z] 25-7831: no new entries (last 2026-06-30|RESPONSE to Citation of Suppl)


===== 2026-08-18 10:37 (desk) =====
[2026-08-18T17:37:38Z] 25-7187: no new entries (last 2026-08-14|CITATION of Supplemental Auth)
[2026-08-18T17:37:38Z] 25-7516: no new entries (last 2026-08-11|CITATION of Supplemental Auth)
[2026-08-18T17:37:38Z] 25-7831: no new entries (last 2026-06-30|RESPONSE to Citation of Suppl)


===== 2026-08-18 12:37 (desk) =====
[2026-08-18T19:36:54Z] 25-7187: no new entries (last 2026-08-14|CITATION of Supplemental Auth)
[2026-08-18T19:36:54Z] 25-7516: no new entries (last 2026-08-11|CITATION of Supplemental Auth)
[2026-08-18T19:36:54Z] 25-7831: no new entries (last 2026-06-30|RESPONSE to Citation of Suppl)


===== 2026-08-18 14:36 (desk) =====
[2026-08-18T21:36:38Z] 25-7187: no new entries (last 2026-08-14|CITATION of Supplemental Auth)
[2026-08-18T21:36:38Z] 25-7516: no new entries (last 2026-08-11|CITATION of Supplemental Auth)
[2026-08-18T21:36:38Z] 25-7831: no new entries (last 2026-06-30|RESPONSE to Citation of Suppl)


===== 2026-08-18 16:38 (desk) =====
[2026-08-18T23:37:58Z] 25-7187: no new entries (last 2026-08-14|CITATION of Supplemental Auth)
[2026-08-18T23:37:58Z] 25-7516: no new entries (last 2026-08-11|CITATION of Supplemental Auth)
[2026-08-18T23:37:58Z] 25-7831: no new entries (last 2026-06-30|RESPONSE to Citation of Suppl)


===== 2026-08-18 18:36 (desk) =====
[2026-08-19T01:36:20Z] 25-7187: no new entries (last 2026-08-14|CITATION of Supplemental Auth)
[2026-08-19T01:36:20Z] 25-7516: no new entries (last 2026-08-11|CITATION of Supplemental Auth)
[2026-08-19T01:36:20Z] 25-7831: no new entries (last 2026-06-30|RESPONSE to Citation of Suppl)


===== 2026-08-18 20:36 (desk) =====
[2026-08-19T03:35:58Z] 25-7187: no new entries (last 2026-08-14|CITATION of Supplemental Auth)
[2026-08-19T03:35:58Z] 25-7516: no new entries (last 2026-08-11|CITATION of Supplemental Auth)
[2026-08-19T03:35:58Z] 25-7831: no new entries (last 2026-06-30|RESPONSE to Citation of Suppl)


===== 2026-08-18 22:36 (desk) =====
[2026-08-19T05:36:03Z] 25-7187: no new entries (last 2026-08-14|CITATION of Supplemental Auth)
[2026-08-19T05:36:03Z] 25-7516: no new entries (last 2026-08-11|CITATION of Supplemental Auth)
[2026-08-19T05:36:03Z] 25-7831: no new entries (last 2026-06-30|RESPONSE to Citation of Suppl)


===== 2026-08-19 00:31 (desk) =====
[2026-08-19T07:31:24Z] 25-7187: no new entries (last 2026-08-14|CITATION of Supplemental Auth)
[2026-08-19T07:31:24Z] 25-7516: no new entries (last 2026-08-11|CITATION of Supplemental Auth)
[2026-08-19T07:31:24Z] 25-7831: no new entries (last 2026-06-30|RESPONSE to Citation of Suppl)


===== 2026-08-19 02:31 (desk) =====
[2026-08-19T09:30:50Z] 25-7187: no new entries (last 2026-08-14|CITATION of Supplemental Auth)
[2026-08-19T09:30:50Z] 25-7516: no new entries (last 2026-08-11|CITATION of Supplemental Auth)
[2026-08-19T09:30:50Z] 25-7831: no new entries (last 2026-06-30|RESPONSE to Citation of Suppl)


===== 2026-08-19 03:35 (desk) =====
[2026-08-19T10:34:50Z] 25-7187: no new entries (last 2026-08-14|CITATION of Supplemental Auth)
[2026-08-19T10:34:50Z] 25-7516: no new entries (last 2026-08-11|CITATION of Supplemental Auth)
[2026-08-19T10:34:50Z] 25-7831: no new entries (last 2026-06-30|RESPONSE to Citation of Suppl)


===== 2026-08-19 05:34 (desk) =====
[2026-08-19T12:34:42Z] 25-7187: no new entries (last 2026-08-14|CITATION of Supplemental Auth)
[2026-08-19T12:34:42Z] 25-7516: no new entries (last 2026-08-11|CITATION of Supplemental Auth)
[2026-08-19T12:34:42Z] 25-7831: no new entries (last 2026-06-30|RESPONSE to Citation of Suppl)


===== 2026-08-19 07:37 (desk) =====
[2026-08-19T14:37:03Z] 25-7187: no new entries (last 2026-08-14|CITATION of Supplemental Auth)
[2026-08-19T14:37:03Z] 25-7516: no new entries (last 2026-08-11|CITATION of Supplemental Auth)
[2026-08-19T14:37:03Z] 25-7831: no new entries (last 2026-06-30|RESPONSE to Citation of Suppl)


===== 2026-08-19 09:36 (desk) =====
[2026-08-19T16:36:02Z] 25-7187: no new entries (last 2026-08-14|CITATION of Supplemental Auth)
[2026-08-19T16:36:02Z] 25-7516: no new entries (last 2026-08-11|CITATION of Supplemental Auth)
[2026-08-19T16:36:02Z] 25-7831: no new entries (last 2026-06-30|RESPONSE to Citation of Suppl)


===== 2026-08-19 11:36 (desk) =====
[2026-08-19T18:36:08Z] 25-7187: no new entries (last 2026-08-14|CITATION of Supplemental Auth)
[2026-08-19T18:36:08Z] 25-7516: no new entries (last 2026-08-11|CITATION of Supplemental Auth)
[2026-08-19T18:36:08Z] 25-7831: no new entries (last 2026-06-30|RESPONSE to Citation of Suppl)


===== 2026-08-19 13:37 (desk) =====
[2026-08-19T20:36:47Z] 25-7187: no new entries (last 2026-08-14|CITATION of Supplemental Auth)
[2026-08-19T20:36:47Z] 25-7516: no new entries (last 2026-08-11|CITATION of Supplemental Auth)
[2026-08-19T20:36:47Z] 25-7831: no new entries (last 2026-06-30|RESPONSE to Citation of Suppl)


===== 2026-08-19 15:36 (desk) =====
[2026-08-19T22:36:24Z] 25-7187: no new entries (last 2026-08-14|CITATION of Supplemental Auth)
[2026-08-19T22:36:24Z] 25-7516: no new entries (last 2026-08-11|CITATION of Supplemental Auth)
[2026-08-19T22:36:24Z] 25-7831: no new entries (last 2026-06-30|RESPONSE to Citation of Suppl)


===== 2026-08-19 17:36 (desk) =====
[2026-08-20T00:36:12Z] 25-7187: no new entries (last 2026-08-14|CITATION of Supplemental Auth)
[2026-08-20T00:36:12Z] 25-7516: no new entries (last 2026-08-11|CITATION of Supplemental Auth)
[2026-08-20T00:36:12Z] 25-7831: no new entries (last 2026-06-30|RESPONSE to Citation of Suppl)


===== 2026-08-19 19:36 (desk) =====
[2026-08-20T02:36:03Z] 25-7187: no new entries (last 2026-08-14|CITATION of Supplemental Auth)
[2026-08-20T02:36:03Z] 25-7516: no new entries (last 2026-08-11|CITATION of Supplemental Auth)
[2026-08-20T02:36:03Z] 25-7831: no new entries (last 2026-06-30|RESPONSE to Citation of Suppl)


===== 2026-08-19 21:41 (desk) =====
[2026-08-20T04:41:20Z] 25-7187: no new entries (last 2026-08-14|CITATION of Supplemental Auth)
[2026-08-20T04:41:20Z] 25-7516: no new entries (last 2026-08-11|CITATION of Supplemental Auth)
[2026-08-20T04:41:20Z] 25-7831: no new entries (last 2026-06-30|RESPONSE to Citation of Suppl)


===== 2026-08-19 23:36 (desk) =====
[2026-08-20T06:35:33Z] 25-7187: ERROR timeout: The read operation timed out
[2026-08-20T06:35:33Z] 25-7516: no new entries (last 2026-08-11|CITATION of Supplemental Auth)
[2026-08-20T06:35:33Z] 25-7831: no new entries (last 2026-06-30|RESPONSE to Citation of Suppl)


===== 2026-08-20 01:35 (desk) =====
[2026-08-20T08:35:01Z] 25-7187: no new entries (last 2026-08-14|CITATION of Supplemental Auth)
[2026-08-20T08:35:01Z] 25-7516: no new entries (last 2026-08-11|CITATION of Supplemental Auth)
[2026-08-20T08:35:01Z] 25-7831: no new entries (last 2026-06-30|RESPONSE to Citation of Suppl)


===== 2026-08-20 03:35 (desk) =====
[2026-08-20T10:35:33Z] 25-7187: no new entries (last 2026-08-14|CITATION of Supplemental Auth)
[2026-08-20T10:35:33Z] 25-7516: no new entries (last 2026-08-11|CITATION of Supplemental Auth)
[2026-08-20T10:35:33Z] 25-7831: no new entries (last 2026-06-30|RESPONSE to Citation of Suppl)


===== 2026-08-20 05:35 (desk) =====
[2026-08-20T12:35:20Z] 25-7187: no new entries (last 2026-08-14|CITATION of Supplemental Auth)
[2026-08-20T12:35:20Z] 25-7516: no new entries (last 2026-08-11|CITATION of Supplemental Auth)
[2026-08-20T12:35:20Z] 25-7831: no new entries (last 2026-06-30|RESPONSE to Citation of Suppl)


===== 2026-08-20 07:36 (desk) =====
[2026-08-20T14:36:33Z] 25-7187: no new entries (last 2026-08-14|CITATION of Supplemental Auth)
[2026-08-20T14:36:33Z] 25-7516: no new entries (last 2026-08-11|CITATION of Supplemental Auth)
[2026-08-20T14:36:33Z] 25-7831: no new entries (last 2026-06-30|RESPONSE to Citation of Suppl)


===== 2026-08-20 09:40 (desk) =====
[2026-08-20T16:40:40Z] 25-7187: no new entries (last 2026-08-14|CITATION of Supplemental Auth)
[2026-08-20T16:40:40Z] 25-7516: no new entries (last 2026-08-11|CITATION of Supplemental Auth)
[2026-08-20T16:40:40Z] 25-7831: no new entries (last 2026-06-30|RESPONSE to Citation of Suppl)


===== 2026-08-20 11:58 (desk) =====
[2026-08-20T18:58:12Z] 25-7187: no new entries (last 2026-08-14|CITATION of Supplemental Auth)
[2026-08-20T18:58:12Z] 25-7516: no new entries (last 2026-08-11|CITATION of Supplemental Auth)
[2026-08-20T18:58:12Z] 25-7831: no new entries (last 2026-06-30|RESPONSE to Citation of Suppl)


===== 2026-08-20 13:35 (desk) =====
[2026-08-20T20:35:38Z] 25-7187: no new entries (last 2026-08-14|CITATION of Supplemental Auth)
[2026-08-20T20:35:38Z] 25-7516: no new entries (last 2026-08-11|CITATION of Supplemental Auth)
[2026-08-20T20:35:38Z] 25-7831: no new entries (last 2026-06-30|RESPONSE to Citation of Suppl)


===== 2026-08-20 15:35 (desk) =====
[2026-08-20T22:35:29Z] 25-7187: no new entries (last 2026-08-14|CITATION of Supplemental Auth)
[2026-08-20T22:35:29Z] 25-7516: no new entries (last 2026-08-11|CITATION of Supplemental Auth)
[2026-08-20T22:35:29Z] 25-7831: no new entries (last 2026-06-30|RESPONSE to Citation of Suppl)


===== 2026-08-20 17:35 (desk) =====
[2026-08-21T00:35:41Z] 25-7187: no new entries (last 2026-08-14|CITATION of Supplemental Auth)
[2026-08-21T00:35:41Z] 25-7516: no new entries (last 2026-08-11|CITATION of Supplemental Auth)
[2026-08-21T00:35:41Z] 25-7831: no new entries (last 2026-06-30|RESPONSE to Citation of Suppl)


===== 2026-08-20 19:35 (desk) =====
[2026-08-21T02:35:28Z] 25-7187: no new entries (last 2026-08-14|CITATION of Supplemental Auth)
[2026-08-21T02:35:28Z] 25-7516: no new entries (last 2026-08-11|CITATION of Supplemental Auth)
[2026-08-21T02:35:28Z] 25-7831: no new entries (last 2026-06-30|RESPONSE to Citation of Suppl)


===== 2026-08-20 21:36 (desk) =====
[2026-08-21T04:36:01Z] 25-7187: no new entries (last 2026-08-14|CITATION of Supplemental Auth)
[2026-08-21T04:36:01Z] 25-7516: no new entries (last 2026-08-11|CITATION of Supplemental Auth)
[2026-08-21T04:36:01Z] 25-7831: no new entries (last 2026-06-30|RESPONSE to Citation of Suppl)


===== 2026-08-20 23:35 (desk) =====
[2026-08-21T06:35:30Z] 25-7187: no new entries (last 2026-08-14|CITATION of Supplemental Auth)
[2026-08-21T06:35:30Z] 25-7516: no new entries (last 2026-08-11|CITATION of Supplemental Auth)
[2026-08-21T06:35:30Z] 25-7831: no new entries (last 2026-06-30|RESPONSE to Citation of Suppl)


===== 2026-08-21 01:35 (desk) =====
[2026-08-21T08:35:19Z] 25-7187: no new entries (last 2026-08-14|CITATION of Supplemental Auth)
[2026-08-21T08:35:19Z] 25-7516: no new entries (last 2026-08-11|CITATION of Supplemental Auth)
[2026-08-21T08:35:19Z] 25-7831: no new entries (last 2026-06-30|RESPONSE to Citation of Suppl)


===== 2026-08-21 03:34 (desk) =====
[2026-08-21T10:34:34Z] 25-7187: no new entries (last 2026-08-14|CITATION of Supplemental Auth)
[2026-08-21T10:34:34Z] 25-7516: no new entries (last 2026-08-11|CITATION of Supplemental Auth)
[2026-08-21T10:34:34Z] 25-7831: no new entries (last 2026-06-30|RESPONSE to Citation of Suppl)


===== 2026-08-21 05:34 (desk) =====
[2026-08-21T12:34:33Z] 25-7187: no new entries (last 2026-08-14|CITATION of Supplemental Auth)
[2026-08-21T12:34:33Z] 25-7831: no new entries (last 2026-06-30|RESPONSE to Citation of Suppl)
[2026-08-21T12:34:33Z] NEW ENTRY 25-7516 2026-08-20: RESPONSE to Citation of Supplemental Authorities (28j Letter) (DE 194) filed by Appellee George Assad, Appellee Chandeni K. Sendall, Appellee Nevada Gaming Control Board, Appellee Jennifer Togliatti, 


===== 2026-08-21 07:35 (desk) =====
[2026-08-21T14:35:22Z] 25-7187: no new entries (last 2026-08-14|CITATION of Supplemental Auth)
[2026-08-21T14:35:22Z] 25-7516: no new entries (last 2026-08-20|RESPONSE to Citation of Suppl)
[2026-08-21T14:35:22Z] 25-7831: no new entries (last 2026-06-30|RESPONSE to Citation of Suppl)


===== 2026-08-21 09:36 (desk) =====
[2026-08-21T16:36:14Z] 25-7187: no new entries (last 2026-08-14|CITATION of Supplemental Auth)
[2026-08-21T16:36:14Z] 25-7516: no new entries (last 2026-08-20|RESPONSE to Citation of Suppl)
[2026-08-21T16:36:14Z] 25-7831: no new entries (last 2026-06-30|RESPONSE to Citation of Suppl)


===== 2026-08-21 11:36 (desk) =====
[2026-08-21T18:36:08Z] 25-7187: no new entries (last 2026-08-14|CITATION of Supplemental Auth)
[2026-08-21T18:36:08Z] 25-7516: no new entries (last 2026-08-20|RESPONSE to Citation of Suppl)
[2026-08-21T18:36:08Z] 25-7831: no new entries (last 2026-06-30|RESPONSE to Citation of Suppl)


===== 2026-08-21 13:35 (desk) =====
[2026-08-21T20:35:25Z] 25-7187: no new entries (last 2026-08-14|CITATION of Supplemental Auth)
[2026-08-21T20:35:25Z] 25-7516: no new entries (last 2026-08-20|RESPONSE to Citation of Suppl)
[2026-08-21T20:35:25Z] 25-7831: no new entries (last 2026-06-30|RESPONSE to Citation of Suppl)


===== 2026-08-21 15:36 (desk) =====
[2026-08-21T22:36:37Z] 25-7187: no new entries (last 2026-08-14|CITATION of Supplemental Auth)
[2026-08-21T22:36:37Z] 25-7516: no new entries (last 2026-08-20|RESPONSE to Citation of Suppl)
[2026-08-21T22:36:37Z] 25-7831: no new entries (last 2026-06-30|RESPONSE to Citation of Suppl)


===== 2026-08-21 17:35 (desk) =====
[2026-08-22T00:35:13Z] 25-7187: no new entries (last 2026-08-14|CITATION of Supplemental Auth)
[2026-08-22T00:35:13Z] 25-7516: no new entries (last 2026-08-20|RESPONSE to Citation of Suppl)
[2026-08-22T00:35:13Z] 25-7831: no new entries (last 2026-06-30|RESPONSE to Citation of Suppl)


===== 2026-08-21 19:36 (desk) =====
[2026-08-22T02:36:14Z] 25-7187: no new entries (last 2026-08-14|CITATION of Supplemental Auth)
[2026-08-22T02:36:14Z] 25-7516: no new entries (last 2026-08-20|RESPONSE to Citation of Suppl)
[2026-08-22T02:36:14Z] 25-7831: no new entries (last 2026-06-30|RESPONSE to Citation of Suppl)


===== 2026-08-21 21:36 (desk) =====
[2026-08-22T04:36:10Z] 25-7187: no new entries (last 2026-08-14|CITATION of Supplemental Auth)
[2026-08-22T04:36:10Z] 25-7516: no new entries (last 2026-08-20|RESPONSE to Citation of Suppl)
[2026-08-22T04:36:10Z] 25-7831: no new entries (last 2026-06-30|RESPONSE to Citation of Suppl)


===== 2026-08-21 23:35 (desk) =====
[2026-08-22T06:34:51Z] 25-7187: no new entries (last 2026-08-14|CITATION of Supplemental Auth)
[2026-08-22T06:34:51Z] 25-7516: no new entries (last 2026-08-20|RESPONSE to Citation of Suppl)
[2026-08-22T06:34:51Z] 25-7831: no new entries (last 2026-06-30|RESPONSE to Citation of Suppl)


===== 2026-08-24 01:57 (desk) =====
[2026-08-24T08:57:32Z] 25-7187: no new entries (last 2026-08-14|CITATION of Supplemental Auth)
[2026-08-24T08:57:32Z] 25-7516: no new entries (last 2026-08-20|RESPONSE to Citation of Suppl)
[2026-08-24T08:57:32Z] 25-7831: no new entries (last 2026-06-30|RESPONSE to Citation of Suppl)


===== 2026-08-24 03:34 (desk) =====
[2026-08-24T10:34:42Z] 25-7187: no new entries (last 2026-08-14|CITATION of Supplemental Auth)
[2026-08-24T10:34:42Z] 25-7516: no new entries (last 2026-08-20|RESPONSE to Citation of Suppl)
[2026-08-24T10:34:42Z] 25-7831: no new entries (last 2026-06-30|RESPONSE to Citation of Suppl)


===== 2026-08-24 05:35 (desk) =====
[2026-08-24T12:34:59Z] 25-7187: no new entries (last 2026-08-14|CITATION of Supplemental Auth)
[2026-08-24T12:34:59Z] 25-7516: no new entries (last 2026-08-20|RESPONSE to Citation of Suppl)
[2026-08-24T12:34:59Z] 25-7831: no new entries (last 2026-06-30|RESPONSE to Citation of Suppl)


===== 2026-08-24 07:35 (desk) =====
[2026-08-24T14:35:33Z] 25-7187: no new entries (last 2026-08-14|CITATION of Supplemental Auth)
[2026-08-24T14:35:33Z] 25-7516: no new entries (last 2026-08-20|RESPONSE to Citation of Suppl)
[2026-08-24T14:35:33Z] 25-7831: no new entries (last 2026-06-30|RESPONSE to Citation of Suppl)


===== 2026-08-24 09:36 (desk) =====
[2026-08-24T16:36:04Z] 25-7187: no new entries (last 2026-08-14|CITATION of Supplemental Auth)
[2026-08-24T16:36:04Z] 25-7516: no new entries (last 2026-08-20|RESPONSE to Citation of Suppl)
[2026-08-24T16:36:04Z] 25-7831: no new entries (last 2026-06-30|RESPONSE to Citation of Suppl)


===== 2026-08-24 11:36 (desk) =====
[2026-08-24T18:36:02Z] 25-7187: no new entries (last 2026-08-14|CITATION of Supplemental Auth)
[2026-08-24T18:36:02Z] 25-7831: no new entries (last 2026-06-30|RESPONSE to Citation of Suppl)
[2026-08-24T18:36:02Z] NEW ENTRY 25-7516 2026-08-24: CITATION of Supplemental Authorities (28j Letter) filed by Appellant KalshiEX, LLC. [25-7516, 25-7187, 25-7831] [Entered: 08/24/2026 09:49 AM]


===== 2026-08-24 13:40 (desk) =====
[2026-08-24T20:39:57Z] 25-7187: no new entries (last 2026-08-14|CITATION of Supplemental Auth)
[2026-08-24T20:39:57Z] 25-7516: no new entries (last 2026-08-24|CITATION of Supplemental Auth)
[2026-08-24T20:39:57Z] 25-7831: no new entries (last 2026-06-30|RESPONSE to Citation of Suppl)


===== 2026-08-24 15:35 (desk) =====
[2026-08-24T22:35:37Z] 25-7187: no new entries (last 2026-08-14|CITATION of Supplemental Auth)
[2026-08-24T22:35:37Z] 25-7516: no new entries (last 2026-08-24|CITATION of Supplemental Auth)
[2026-08-24T22:35:37Z] 25-7831: no new entries (last 2026-06-30|RESPONSE to Citation of Suppl)


===== 2026-08-24 17:41 (desk) =====
[2026-08-25T00:41:37Z] 25-7187: no new entries (last 2026-08-14|CITATION of Supplemental Auth)
[2026-08-25T00:41:37Z] 25-7516: no new entries (last 2026-08-24|CITATION of Supplemental Auth)
[2026-08-25T00:41:37Z] 25-7831: no new entries (last 2026-06-30|RESPONSE to Citation of Suppl)


===== 2026-08-24 19:42 (desk) =====
[2026-08-25T02:42:19Z] 25-7187: no new entries (last 2026-08-14|CITATION of Supplemental Auth)
[2026-08-25T02:42:19Z] 25-7516: no new entries (last 2026-08-24|CITATION of Supplemental Auth)
[2026-08-25T02:42:19Z] 25-7831: no new entries (last 2026-06-30|RESPONSE to Citation of Suppl)


===== 2026-08-24 21:42 (desk) =====
[2026-08-25T04:42:15Z] 25-7187: no new entries (last 2026-08-14|CITATION of Supplemental Auth)
[2026-08-25T04:42:15Z] 25-7516: no new entries (last 2026-08-24|CITATION of Supplemental Auth)
[2026-08-25T04:42:15Z] 25-7831: no new entries (last 2026-06-30|RESPONSE to Citation of Suppl)


===== 2026-08-24 23:41 (desk) =====
[2026-08-25T06:41:33Z] 25-7187: no new entries (last 2026-08-14|CITATION of Supplemental Auth)
[2026-08-25T06:41:33Z] 25-7516: no new entries (last 2026-08-24|CITATION of Supplemental Auth)
[2026-08-25T06:41:33Z] 25-7831: no new entries (last 2026-06-30|RESPONSE to Citation of Suppl)


===== 2026-08-25 01:41 (desk) =====
[2026-08-25T08:41:47Z] 25-7187: no new entries (last 2026-08-14|CITATION of Supplemental Auth)
[2026-08-25T08:41:47Z] 25-7516: no new entries (last 2026-08-24|CITATION of Supplemental Auth)
[2026-08-25T08:41:47Z] 25-7831: no new entries (last 2026-06-30|RESPONSE to Citation of Suppl)


===== 2026-08-25 03:45 (desk) =====
[2026-08-25T10:45:03Z] 25-7187: no new entries (last 2026-08-14|CITATION of Supplemental Auth)
[2026-08-25T10:45:03Z] 25-7516: no new entries (last 2026-08-24|CITATION of Supplemental Auth)
[2026-08-25T10:45:03Z] 25-7831: no new entries (last 2026-06-30|RESPONSE to Citation of Suppl)


===== 2026-08-25 05:41 (desk) =====
[2026-08-25T12:41:32Z] 25-7187: no new entries (last 2026-08-14|CITATION of Supplemental Auth)
[2026-08-25T12:41:32Z] 25-7516: no new entries (last 2026-08-24|CITATION of Supplemental Auth)
[2026-08-25T12:41:32Z] 25-7831: no new entries (last 2026-06-30|RESPONSE to Citation of Suppl)


===== 2026-08-25 07:41 (desk) =====
[2026-08-25T14:41:43Z] 25-7516: no new entries (last 2026-08-24|CITATION of Supplemental Auth)
[2026-08-25T14:41:43Z] 25-7831: no new entries (last 2026-06-30|RESPONSE to Citation of Suppl)
[2026-08-25T14:41:43Z] NEW ENTRY 25-7187 2026-08-24: CITATION of Supplemental Authorities (28j Letter) filed by Appellant KalshiEX, LLC. [25-7516, 25-7187, 25-7831] [Entered: 08/24/2026 09:49 AM]


===== 2026-08-25 09:42 (desk) =====
[2026-08-25T16:42:23Z] 25-7187: no new entries (last 2026-08-24|CITATION of Supplemental Auth)
[2026-08-25T16:42:23Z] 25-7516: no new entries (last 2026-08-24|CITATION of Supplemental Auth)
[2026-08-25T16:42:23Z] 25-7831: no new entries (last 2026-06-30|RESPONSE to Citation of Suppl)


===== 2026-08-25 11:41 (desk) =====
[2026-08-25T18:41:42Z] 25-7187: no new entries (last 2026-08-24|CITATION of Supplemental Auth)
[2026-08-25T18:41:42Z] 25-7516: no new entries (last 2026-08-24|CITATION of Supplemental Auth)
[2026-08-25T18:41:42Z] 25-7831: no new entries (last 2026-06-30|RESPONSE to Citation of Suppl)


===== 2026-08-25 13:41 (desk) =====
[2026-08-25T20:41:32Z] 25-7187: no new entries (last 2026-08-24|CITATION of Supplemental Auth)
[2026-08-25T20:41:32Z] 25-7516: no new entries (last 2026-08-24|CITATION of Supplemental Auth)
[2026-08-25T20:41:32Z] 25-7831: no new entries (last 2026-06-30|RESPONSE to Citation of Suppl)


===== 2026-08-25 15:41 (desk) =====
[2026-08-25T22:41:49Z] 25-7187: no new entries (last 2026-08-24|CITATION of Supplemental Auth)
[2026-08-25T22:41:49Z] 25-7516: no new entries (last 2026-08-24|CITATION of Supplemental Auth)
[2026-08-25T22:41:49Z] 25-7831: no new entries (last 2026-06-30|RESPONSE to Citation of Suppl)


===== 2026-08-25 17:41 (desk) =====
[2026-08-26T00:41:39Z] 25-7187: no new entries (last 2026-08-24|CITATION of Supplemental Auth)
[2026-08-26T00:41:39Z] 25-7516: no new entries (last 2026-08-24|CITATION of Supplemental Auth)
[2026-08-26T00:41:39Z] 25-7831: no new entries (last 2026-06-30|RESPONSE to Citation of Suppl)


===== 2026-08-25 19:41 (desk) =====
[2026-08-26T02:41:36Z] 25-7187: no new entries (last 2026-08-24|CITATION of Supplemental Auth)
[2026-08-26T02:41:36Z] 25-7516: no new entries (last 2026-08-24|CITATION of Supplemental Auth)
[2026-08-26T02:41:36Z] 25-7831: no new entries (last 2026-06-30|RESPONSE to Citation of Suppl)


===== 2026-08-25 21:38 (desk) =====
[2026-08-26T04:38:09Z] 25-7187: no new entries (last 2026-08-24|CITATION of Supplemental Auth)
[2026-08-26T04:38:09Z] 25-7516: no new entries (last 2026-08-24|CITATION of Supplemental Auth)
[2026-08-26T04:38:09Z] 25-7831: no new entries (last 2026-06-30|RESPONSE to Citation of Suppl)


===== 2026-08-25 23:39 (desk) =====
[2026-08-26T06:39:34Z] 25-7187: no new entries (last 2026-08-24|CITATION of Supplemental Auth)
[2026-08-26T06:39:34Z] 25-7516: no new entries (last 2026-08-24|CITATION of Supplemental Auth)
[2026-08-26T06:39:34Z] 25-7831: no new entries (last 2026-06-30|RESPONSE to Citation of Suppl)


===== 2026-08-26 01:38 (desk) =====
[2026-08-26T08:38:35Z] 25-7187: no new entries (last 2026-08-24|CITATION of Supplemental Auth)
[2026-08-26T08:38:35Z] 25-7516: no new entries (last 2026-08-24|CITATION of Supplemental Auth)
[2026-08-26T08:38:35Z] 25-7831: no new entries (last 2026-06-30|RESPONSE to Citation of Suppl)


===== 2026-08-26 04:00 (desk) =====
[2026-08-26T11:00:13Z] 25-7187: no new entries (last 2026-08-24|CITATION of Supplemental Auth)
[2026-08-26T11:00:13Z] 25-7516: no new entries (last 2026-08-24|CITATION of Supplemental Auth)
[2026-08-26T11:00:13Z] 25-7831: no new entries (last 2026-06-30|RESPONSE to Citation of Suppl)


===== 2026-08-26 05:38 (desk) =====
[2026-08-26T12:38:22Z] 25-7187: no new entries (last 2026-08-24|CITATION of Supplemental Auth)
[2026-08-26T12:38:22Z] 25-7516: no new entries (last 2026-08-24|CITATION of Supplemental Auth)
[2026-08-26T12:38:22Z] 25-7831: no new entries (last 2026-06-30|RESPONSE to Citation of Suppl)


===== 2026-08-26 07:39 (desk) =====
[2026-08-26T14:38:53Z] 25-7187: no new entries (last 2026-08-24|CITATION of Supplemental Auth)
[2026-08-26T14:38:53Z] 25-7516: no new entries (last 2026-08-24|CITATION of Supplemental Auth)
[2026-08-26T14:38:53Z] 25-7831: no new entries (last 2026-06-30|RESPONSE to Citation of Suppl)


===== 2026-08-26 09:39 (desk) =====
[2026-08-26T16:39:03Z] 25-7187: no new entries (last 2026-08-24|CITATION of Supplemental Auth)
[2026-08-26T16:39:03Z] 25-7516: no new entries (last 2026-08-24|CITATION of Supplemental Auth)
[2026-08-26T16:39:03Z] 25-7831: no new entries (last 2026-06-30|RESPONSE to Citation of Suppl)


===== 2026-08-26 11:40 (desk) =====
[2026-08-26T18:39:01Z] 25-7187: ERROR timeout: The read operation timed out
[2026-08-26T18:39:01Z] 25-7516: ERROR timeout: The read operation timed out
[2026-08-26T18:39:01Z] 25-7831: ERROR timeout: The read operation timed out


===== 2026-08-26 13:39 (desk) =====
[2026-08-26T20:39:15Z] 25-7187: no new entries (last 2026-08-24|CITATION of Supplemental Auth)
[2026-08-26T20:39:15Z] 25-7516: no new entries (last 2026-08-24|CITATION of Supplemental Auth)
[2026-08-26T20:39:15Z] 25-7831: no new entries (last 2026-06-30|RESPONSE to Citation of Suppl)


===== 2026-08-26 15:39 (desk) =====
[2026-08-26T22:39:17Z] 25-7187: no new entries (last 2026-08-24|CITATION of Supplemental Auth)
[2026-08-26T22:39:17Z] 25-7516: no new entries (last 2026-08-24|CITATION of Supplemental Auth)
[2026-08-26T22:39:17Z] 25-7831: no new entries (last 2026-06-30|RESPONSE to Citation of Suppl)


===== 2026-08-26 17:39 (desk) =====
[2026-08-27T00:39:37Z] 25-7187: no new entries (last 2026-08-24|CITATION of Supplemental Auth)
[2026-08-27T00:39:37Z] 25-7516: no new entries (last 2026-08-24|CITATION of Supplemental Auth)
[2026-08-27T00:39:37Z] 25-7831: no new entries (last 2026-06-30|RESPONSE to Citation of Suppl)


===== 2026-08-26 19:39 (desk) =====
[2026-08-27T02:39:14Z] 25-7187: no new entries (last 2026-08-24|CITATION of Supplemental Auth)
[2026-08-27T02:39:14Z] 25-7516: no new entries (last 2026-08-24|CITATION of Supplemental Auth)
[2026-08-27T02:39:14Z] 25-7831: no new entries (last 2026-06-30|RESPONSE to Citation of Suppl)


===== 2026-08-26 21:39 (desk) =====
[2026-08-27T04:39:23Z] 25-7187: no new entries (last 2026-08-24|CITATION of Supplemental Auth)
[2026-08-27T04:39:23Z] 25-7516: no new entries (last 2026-08-24|CITATION of Supplemental Auth)
[2026-08-27T04:39:23Z] 25-7831: no new entries (last 2026-06-30|RESPONSE to Citation of Suppl)


===== 2026-08-26 23:38 (desk) =====
[2026-08-27T06:38:29Z] 25-7187: no new entries (last 2026-08-24|CITATION of Supplemental Auth)
[2026-08-27T06:38:29Z] 25-7516: no new entries (last 2026-08-24|CITATION of Supplemental Auth)
[2026-08-27T06:38:29Z] 25-7831: no new entries (last 2026-06-30|RESPONSE to Citation of Suppl)


===== 2026-08-27 01:41 (desk) =====
[2026-08-27T08:41:23Z] 25-7187: no new entries (last 2026-08-24|CITATION of Supplemental Auth)
[2026-08-27T08:41:23Z] 25-7516: no new entries (last 2026-08-24|CITATION of Supplemental Auth)
[2026-08-27T08:41:23Z] 25-7831: no new entries (last 2026-06-30|RESPONSE to Citation of Suppl)


===== 2026-08-27 03:41 (desk) =====
[2026-08-27T10:41:07Z] 25-7187: no new entries (last 2026-08-24|CITATION of Supplemental Auth)
[2026-08-27T10:41:07Z] 25-7516: no new entries (last 2026-08-24|CITATION of Supplemental Auth)
[2026-08-27T10:41:07Z] 25-7831: no new entries (last 2026-06-30|RESPONSE to Citation of Suppl)


===== 2026-08-27 05:41 (desk) =====
[2026-08-27T12:41:43Z] 25-7187: no new entries (last 2026-08-24|CITATION of Supplemental Auth)
[2026-08-27T12:41:43Z] 25-7516: no new entries (last 2026-08-24|CITATION of Supplemental Auth)
[2026-08-27T12:41:43Z] 25-7831: no new entries (last 2026-06-30|RESPONSE to Citation of Suppl)


===== 2026-08-27 07:40 (desk) =====
[2026-08-27T14:40:07Z] 25-7187: no new entries (last 2026-08-24|CITATION of Supplemental Auth)
[2026-08-27T14:40:07Z] 25-7516: no new entries (last 2026-08-24|CITATION of Supplemental Auth)
[2026-08-27T14:40:07Z] 25-7831: no new entries (last 2026-06-30|RESPONSE to Citation of Suppl)


===== 2026-08-27 09:39 (desk) =====
[2026-08-27T16:39:30Z] 25-7187: no new entries (last 2026-08-24|CITATION of Supplemental Auth)
[2026-08-27T16:39:30Z] 25-7516: no new entries (last 2026-08-24|CITATION of Supplemental Auth)
[2026-08-27T16:39:30Z] 25-7831: no new entries (last 2026-06-30|RESPONSE to Citation of Suppl)


===== 2026-08-27 11:39 (desk) =====
[2026-08-27T18:39:21Z] 25-7187: no new entries (last 2026-08-24|CITATION of Supplemental Auth)
[2026-08-27T18:39:21Z] 25-7516: no new entries (last 2026-08-24|CITATION of Supplemental Auth)
[2026-08-27T18:39:21Z] 25-7831: no new entries (last 2026-06-30|RESPONSE to Citation of Suppl)


===== 2026-08-27 13:39 (desk) =====
[2026-08-27T20:38:17Z] 25-7187: no new entries (last 2026-08-24|CITATION of Supplemental Auth)
[2026-08-27T20:38:17Z] 25-7516: no new entries (last 2026-08-24|CITATION of Supplemental Auth)
[2026-08-27T20:38:17Z] 25-7831: no new entries (last 2026-06-30|RESPONSE to Citation of Suppl)


===== 2026-08-27 15:35 (desk) =====
[2026-08-27T22:35:33Z] 25-7187: no new entries (last 2026-08-24|CITATION of Supplemental Auth)
[2026-08-27T22:35:33Z] 25-7516: no new entries (last 2026-08-24|CITATION of Supplemental Auth)
[2026-08-27T22:35:33Z] 25-7831: no new entries (last 2026-06-30|RESPONSE to Citation of Suppl)


===== 2026-08-27 17:35 (desk) =====
[2026-08-28T00:35:26Z] 25-7187: no new entries (last 2026-08-24|CITATION of Supplemental Auth)
[2026-08-28T00:35:26Z] 25-7516: no new entries (last 2026-08-24|CITATION of Supplemental Auth)
[2026-08-28T00:35:26Z] 25-7831: no new entries (last 2026-06-30|RESPONSE to Citation of Suppl)


===== 2026-08-27 19:36 (desk) =====
[2026-08-28T02:35:54Z] 25-7187: no new entries (last 2026-08-24|CITATION of Supplemental Auth)
[2026-08-28T02:35:54Z] 25-7516: no new entries (last 2026-08-24|CITATION of Supplemental Auth)
[2026-08-28T02:35:54Z] 25-7831: no new entries (last 2026-06-30|RESPONSE to Citation of Suppl)


===== 2026-08-27 21:36 (desk) =====
[2026-08-28T04:35:55Z] 25-7187: no new entries (last 2026-08-24|CITATION of Supplemental Auth)
[2026-08-28T04:35:55Z] 25-7516: no new entries (last 2026-08-24|CITATION of Supplemental Auth)
[2026-08-28T04:35:55Z] 25-7831: no new entries (last 2026-06-30|RESPONSE to Citation of Suppl)


===== 2026-08-27 23:39 (desk) =====
[2026-08-28T06:39:08Z] 25-7187: no new entries (last 2026-08-24|CITATION of Supplemental Auth)
[2026-08-28T06:39:08Z] 25-7516: no new entries (last 2026-08-24|CITATION of Supplemental Auth)
[2026-08-28T06:39:08Z] 25-7831: no new entries (last 2026-06-30|RESPONSE to Citation of Suppl)


===== 2026-08-28 01:35 (desk) =====
[2026-08-28T08:34:57Z] 25-7187: no new entries (last 2026-08-24|CITATION of Supplemental Auth)
[2026-08-28T08:34:57Z] 25-7516: no new entries (last 2026-08-24|CITATION of Supplemental Auth)
[2026-08-28T08:34:57Z] 25-7831: no new entries (last 2026-06-30|RESPONSE to Citation of Suppl)


===== 2026-08-28 03:34 (desk) =====
[2026-08-28T10:34:44Z] 25-7187: no new entries (last 2026-08-24|CITATION of Supplemental Auth)
[2026-08-28T10:34:44Z] 25-7516: no new entries (last 2026-08-24|CITATION of Supplemental Auth)
[2026-08-28T10:34:44Z] 25-7831: no new entries (last 2026-06-30|RESPONSE to Citation of Suppl)


===== 2026-08-28 05:57 (desk) =====
[2026-08-28T12:57:11Z] 25-7187: no new entries (last 2026-08-24|CITATION of Supplemental Auth)
[2026-08-28T12:57:11Z] 25-7516: no new entries (last 2026-08-24|CITATION of Supplemental Auth)
[2026-08-28T12:57:11Z] 25-7831: no new entries (last 2026-06-30|RESPONSE to Citation of Suppl)


===== 2026-08-28 07:36 (desk) =====
[2026-08-28T14:35:24Z] 25-7187: ERROR timeout: The read operation timed out
[2026-08-28T14:35:24Z] 25-7516: ERROR timeout: The read operation timed out
[2026-08-28T14:35:24Z] 25-7831: no new entries (last 2026-06-30|RESPONSE to Citation of Suppl)


===== 2026-08-28 09:35 (desk) =====
[2026-08-28T16:35:34Z] 25-7187: no new entries (last 2026-08-24|CITATION of Supplemental Auth)
[2026-08-28T16:35:34Z] 25-7516: no new entries (last 2026-08-24|CITATION of Supplemental Auth)
[2026-08-28T16:35:34Z] 25-7831: no new entries (last 2026-06-30|RESPONSE to Citation of Suppl)


===== 2026-08-28 11:35 (desk) =====
[2026-08-28T18:35:27Z] 25-7831: no new entries (last 2026-06-30|RESPONSE to Citation of Suppl)
[2026-08-28T18:35:27Z] NEW ENTRY 25-7187 2026-08-28: MEMORANDUM DISPOSITION (Ryan D. NELSON, Bridget S. BADE, Kenneth K. LEE) AFFIRMED. FILED AND ENTERED JUDGMENT. [Entered: 08/28/2026 09:38 AM]
[2026-08-28T18:35:27Z] NEW ENTRY 25-7516 2026-08-28: OPINION (Ryan D. NELSON, Bridget S. BADE, Kenneth K. LEE) AFFIRMED IN PART AND REMANDED IN PART. Opinion by Judge R. Nelson; Concurrence by Judge Lee. FILED AND ENTERED JUDGMENT. [Entered: 08/28/2026 
[2026-08-28T18:35:27Z] DECISION ALERT emailed


===== 2026-08-28 13:35 (desk) =====
[2026-08-28T20:35:28Z] 25-7187: no new entries (last 2026-08-28|MEMORANDUM DISPOSITION (Ryan )
[2026-08-28T20:35:28Z] 25-7516: no new entries (last 2026-08-28|OPINION (Ryan D. NELSON, Brid)
[2026-08-28T20:35:28Z] 25-7831: no new entries (last 2026-06-30|RESPONSE to Citation of Suppl)


===== 2026-08-28 15:35 (desk) =====
[2026-08-28T22:35:17Z] 25-7187: no new entries (last 2026-08-28|MEMORANDUM DISPOSITION (Ryan )
[2026-08-28T22:35:17Z] 25-7831: no new entries (last 2026-06-30|RESPONSE to Citation of Suppl)
[2026-08-28T22:35:17Z] NEW ENTRY 25-7516 2026-08-28: TEXT CLERK ORDER. Motion to stay lower court or agency proceedings, DE 17, is denied. [Entered: 08/28/2026 09:29 AM]


===== 2026-08-28 17:35 (desk) =====
[2026-08-29T00:35:15Z] 25-7187: no new entries (last 2026-08-28|MEMORANDUM DISPOSITION (Ryan )
[2026-08-29T00:35:15Z] 25-7831: no new entries (last 2026-06-30|RESPONSE to Citation of Suppl)
[2026-08-29T00:35:15Z] NEW ENTRY 25-7516 2026-08-28: OPINION (Ryan D. NELSON, Bridget S. BADE, Kenneth K. LEE) AFFIRMED IN PART AND REMANDED IN PART. Opinion by Judge R. Nelson; Concurrence by Judge Lee. FILED AND ENTERED JUDGMENT. [Entered: 08/28/2026 


===== 2026-08-28 19:35 (desk) =====
[2026-08-29T02:35:45Z] 25-7187: no new entries (last 2026-08-28|MEMORANDUM DISPOSITION (Ryan )
[2026-08-29T02:35:45Z] 25-7516: no new entries (last 2026-08-28|OPINION (Ryan D. NELSON, Brid)
[2026-08-29T02:35:45Z] 25-7831: no new entries (last 2026-06-30|RESPONSE to Citation of Suppl)


===== 2026-08-28 21:36 (desk) =====
[2026-08-29T04:35:58Z] 25-7187: no new entries (last 2026-08-28|MEMORANDUM DISPOSITION (Ryan )
[2026-08-29T04:35:58Z] 25-7831: no new entries (last 2026-06-30|RESPONSE to Citation of Suppl)
[2026-08-29T04:35:58Z] NEW ENTRY 25-7516 2026-08-28: TEXT CLERK ORDER. Motion to stay lower court or agency proceedings, DE 17, is denied. [Entered: 08/28/2026 09:29 AM]


===== 2026-08-28 23:35 (desk) =====
[2026-08-29T06:35:37Z] 25-7187: no new entries (last 2026-08-28|MEMORANDUM DISPOSITION (Ryan )
[2026-08-29T06:35:37Z] 25-7831: no new entries (last 2026-06-30|RESPONSE to Citation of Suppl)
[2026-08-29T06:35:37Z] NEW ENTRY 25-7516 2026-08-28: OPINION (Ryan D. NELSON, Bridget S. BADE, Kenneth K. LEE) AFFIRMED IN PART AND REMANDED IN PART. Opinion by Judge R. Nelson; Concurrence by Judge Lee. FILED AND ENTERED JUDGMENT. [Entered: 08/28/2026 


===== 2026-08-31 00:56 (desk) =====
[2026-08-31T07:56:21Z] 25-7187: no new entries (last 2026-08-28|MEMORANDUM DISPOSITION (Ryan )
[2026-08-31T07:56:21Z] 25-7831: no new entries (last 2026-06-30|RESPONSE to Citation of Suppl)
[2026-08-31T07:56:21Z] NEW ENTRY 25-7516 2026-08-28: TEXT CLERK ORDER. Motion to stay lower court or agency proceedings, DE 17, is denied. [Entered: 08/28/2026 09:29 AM]


===== 2026-08-31 02:35 (desk) =====
[2026-08-31T09:34:51Z] 25-7187: no new entries (last 2026-08-28|MEMORANDUM DISPOSITION (Ryan )
[2026-08-31T09:34:51Z] 25-7516: no new entries (last 2026-08-28|TEXT CLERK ORDER. Motion to s)
[2026-08-31T09:34:51Z] 25-7831: no new entries (last 2026-06-30|RESPONSE to Citation of Suppl)


===== 2026-08-31 04:35 (desk) =====
[2026-08-31T11:35:02Z] 25-7187: no new entries (last 2026-08-28|MEMORANDUM DISPOSITION (Ryan )
[2026-08-31T11:35:02Z] 25-7516: no new entries (last 2026-08-28|TEXT CLERK ORDER. Motion to s)
[2026-08-31T11:35:02Z] 25-7831: no new entries (last 2026-06-30|RESPONSE to Citation of Suppl)


===== 2026-08-31 06:35 (desk) =====
[2026-08-31T13:35:20Z] 25-7187: no new entries (last 2026-08-28|MEMORANDUM DISPOSITION (Ryan )
[2026-08-31T13:35:20Z] 25-7516: no new entries (last 2026-08-28|TEXT CLERK ORDER. Motion to s)
[2026-08-31T13:35:20Z] 25-7831: no new entries (last 2026-06-30|RESPONSE to Citation of Suppl)


===== 2026-08-31 08:33 (desk) =====
[2026-08-31T15:33:08Z] 25-7187: no new entries (last 2026-08-28|MEMORANDUM DISPOSITION (Ryan )
[2026-08-31T15:33:08Z] 25-7516: no new entries (last 2026-08-28|TEXT CLERK ORDER. Motion to s)
[2026-08-31T15:33:08Z] 25-7831: no new entries (last 2026-06-30|RESPONSE to Citation of Suppl)


===== 2026-08-31 10:36 (desk) =====
[2026-08-31T17:35:58Z] 25-7187: no new entries (last 2026-08-28|MEMORANDUM DISPOSITION (Ryan )
[2026-08-31T17:35:58Z] 25-7516: no new entries (last 2026-08-28|TEXT CLERK ORDER. Motion to s)
[2026-08-31T17:35:58Z] 25-7831: no new entries (last 2026-06-30|RESPONSE to Citation of Suppl)


===== 2026-08-31 12:35 (desk) =====
[2026-08-31T19:35:44Z] 25-7187: no new entries (last 2026-08-28|MEMORANDUM DISPOSITION (Ryan )
[2026-08-31T19:35:44Z] 25-7516: no new entries (last 2026-08-28|TEXT CLERK ORDER. Motion to s)
[2026-08-31T19:35:44Z] 25-7831: no new entries (last 2026-06-30|RESPONSE to Citation of Suppl)


===== 2026-08-31 14:38 (desk) =====
[2026-08-31T21:36:32Z] 25-7187: ERROR timeout: The read operation timed out
[2026-08-31T21:36:32Z] 25-7516: ERROR timeout: The read operation timed out
[2026-08-31T21:36:32Z] 25-7831: ERROR timeout: The read operation timed out


===== 2026-08-31 16:35 (desk) =====
[2026-08-31T23:35:15Z] 25-7187: ERROR timeout: The read operation timed out
[2026-08-31T23:35:15Z] 25-7516: no new entries (last 2026-08-28|TEXT CLERK ORDER. Motion to s)
[2026-08-31T23:35:15Z] 25-7831: no new entries (last 2026-06-30|RESPONSE to Citation of Suppl)


===== 2026-08-31 18:36 (desk) =====
[2026-09-01T01:36:27Z] 25-7187: no new entries (last 2026-08-28|MEMORANDUM DISPOSITION (Ryan )
[2026-09-01T01:36:27Z] 25-7516: no new entries (last 2026-08-28|TEXT CLERK ORDER. Motion to s)
[2026-09-01T01:36:27Z] 25-7831: no new entries (last 2026-06-30|RESPONSE to Citation of Suppl)


===== 2026-08-31 20:40 (desk) =====
[2026-09-01T03:40:42Z] 25-7187: no new entries (last 2026-08-28|MEMORANDUM DISPOSITION (Ryan )
[2026-09-01T03:40:42Z] 25-7516: no new entries (last 2026-08-28|TEXT CLERK ORDER. Motion to s)
[2026-09-01T03:40:42Z] 25-7831: no new entries (last 2026-06-30|RESPONSE to Citation of Suppl)


===== 2026-08-31 22:40 (desk) =====
[2026-09-01T05:40:18Z] 25-7187: no new entries (last 2026-08-28|MEMORANDUM DISPOSITION (Ryan )
[2026-09-01T05:40:18Z] 25-7516: no new entries (last 2026-08-28|TEXT CLERK ORDER. Motion to s)
[2026-09-01T05:40:18Z] 25-7831: no new entries (last 2026-06-30|RESPONSE to Citation of Suppl)


===== 2026-09-01 00:35 (desk) =====
[2026-09-01T07:35:01Z] 25-7187: no new entries (last 2026-08-28|MEMORANDUM DISPOSITION (Ryan )
[2026-09-01T07:35:01Z] 25-7516: no new entries (last 2026-08-28|TEXT CLERK ORDER. Motion to s)
[2026-09-01T07:35:01Z] 25-7831: no new entries (last 2026-06-30|RESPONSE to Citation of Suppl)


===== 2026-09-01 02:35 (desk) =====
[2026-09-01T09:35:12Z] 25-7187: no new entries (last 2026-08-28|MEMORANDUM DISPOSITION (Ryan )
[2026-09-01T09:35:12Z] 25-7516: no new entries (last 2026-08-28|TEXT CLERK ORDER. Motion to s)
[2026-09-01T09:35:12Z] 25-7831: no new entries (last 2026-06-30|RESPONSE to Citation of Suppl)


===== 2026-09-01 04:38 (desk) =====
[2026-09-01T11:37:58Z] 25-7187: no new entries (last 2026-08-28|MEMORANDUM DISPOSITION (Ryan )
[2026-09-01T11:37:58Z] 25-7516: no new entries (last 2026-08-28|TEXT CLERK ORDER. Motion to s)
[2026-09-01T11:37:58Z] 25-7831: no new entries (last 2026-06-30|RESPONSE to Citation of Suppl)


===== 2026-09-01 06:35 (desk) =====
[2026-09-01T13:35:14Z] 25-7187: no new entries (last 2026-08-28|MEMORANDUM DISPOSITION (Ryan )
[2026-09-01T13:35:14Z] 25-7516: no new entries (last 2026-08-28|TEXT CLERK ORDER. Motion to s)
[2026-09-01T13:35:14Z] 25-7831: no new entries (last 2026-06-30|RESPONSE to Citation of Suppl)


===== 2026-09-01 08:36 (desk) =====
[2026-09-01T15:35:49Z] 25-7187: no new entries (last 2026-08-28|MEMORANDUM DISPOSITION (Ryan )
[2026-09-01T15:35:49Z] 25-7516: no new entries (last 2026-08-28|TEXT CLERK ORDER. Motion to s)
[2026-09-01T15:35:49Z] 25-7831: no new entries (last 2026-06-30|RESPONSE to Citation of Suppl)


===== 2026-09-01 10:35 (desk) =====
[2026-09-01T17:35:32Z] 25-7187: no new entries (last 2026-08-28|MEMORANDUM DISPOSITION (Ryan )
[2026-09-01T17:35:32Z] 25-7516: no new entries (last 2026-08-28|TEXT CLERK ORDER. Motion to s)
[2026-09-01T17:35:32Z] 25-7831: no new entries (last 2026-06-30|RESPONSE to Citation of Suppl)


===== 2026-09-01 12:35 (desk) =====
[2026-09-01T19:35:41Z] 25-7187: no new entries (last 2026-08-28|MEMORANDUM DISPOSITION (Ryan )
[2026-09-01T19:35:41Z] 25-7516: no new entries (last 2026-08-28|TEXT CLERK ORDER. Motion to s)
[2026-09-01T19:35:41Z] 25-7831: no new entries (last 2026-06-30|RESPONSE to Citation of Suppl)


===== 2026-09-01 14:36 (desk) =====
[2026-09-01T21:35:31Z] 25-7187: no new entries (last 2026-08-28|MEMORANDUM DISPOSITION (Ryan )
[2026-09-01T21:35:31Z] 25-7516: no new entries (last 2026-08-28|TEXT CLERK ORDER. Motion to s)
[2026-09-01T21:35:31Z] 25-7831: no new entries (last 2026-06-30|RESPONSE to Citation of Suppl)


===== 2026-09-01 16:35 (desk) =====
[2026-09-01T23:35:19Z] 25-7187: no new entries (last 2026-08-28|MEMORANDUM DISPOSITION (Ryan )
[2026-09-01T23:35:19Z] 25-7516: no new entries (last 2026-08-28|TEXT CLERK ORDER. Motion to s)
[2026-09-01T23:35:19Z] 25-7831: no new entries (last 2026-06-30|RESPONSE to Citation of Suppl)


===== 2026-09-01 18:36 (desk) =====
[2026-09-02T01:35:58Z] 25-7187: no new entries (last 2026-08-28|MEMORANDUM DISPOSITION (Ryan )
[2026-09-02T01:35:58Z] 25-7516: no new entries (last 2026-08-28|TEXT CLERK ORDER. Motion to s)
[2026-09-02T01:35:58Z] 25-7831: no new entries (last 2026-06-30|RESPONSE to Citation of Suppl)


===== 2026-09-01 20:36 (desk) =====
[2026-09-02T03:35:49Z] 25-7187: no new entries (last 2026-08-28|MEMORANDUM DISPOSITION (Ryan )
[2026-09-02T03:35:49Z] 25-7516: no new entries (last 2026-08-28|TEXT CLERK ORDER. Motion to s)
[2026-09-02T03:35:49Z] 25-7831: no new entries (last 2026-06-30|RESPONSE to Citation of Suppl)


===== 2026-09-01 22:31 (desk) =====
[2026-09-02T05:30:51Z] 25-7187: no new entries (last 2026-08-28|MEMORANDUM DISPOSITION (Ryan )
[2026-09-02T05:30:51Z] 25-7516: no new entries (last 2026-08-28|TEXT CLERK ORDER. Motion to s)
[2026-09-02T05:30:51Z] 25-7831: no new entries (last 2026-06-30|RESPONSE to Citation of Suppl)


===== 2026-09-02 00:30 (desk) =====
[2026-09-02T07:30:02Z] 25-7187: no new entries (last 2026-08-28|MEMORANDUM DISPOSITION (Ryan )
[2026-09-02T07:30:02Z] 25-7516: no new entries (last 2026-08-28|TEXT CLERK ORDER. Motion to s)
[2026-09-02T07:30:02Z] 25-7831: no new entries (last 2026-06-30|RESPONSE to Citation of Suppl)


===== 2026-09-02 01:34 (desk) =====
[2026-09-02T08:34:23Z] 25-7187: no new entries (last 2026-08-28|MEMORANDUM DISPOSITION (Ryan )
[2026-09-02T08:34:23Z] 25-7516: no new entries (last 2026-08-28|TEXT CLERK ORDER. Motion to s)
[2026-09-02T08:34:23Z] 25-7831: no new entries (last 2026-06-30|RESPONSE to Citation of Suppl)


===== 2026-09-02 03:34 (desk) =====
[2026-09-02T10:34:36Z] 25-7187: no new entries (last 2026-08-28|MEMORANDUM DISPOSITION (Ryan )
[2026-09-02T10:34:36Z] 25-7516: no new entries (last 2026-08-28|TEXT CLERK ORDER. Motion to s)
[2026-09-02T10:34:36Z] 25-7831: no new entries (last 2026-06-30|RESPONSE to Citation of Suppl)


===== 2026-09-02 05:34 (desk) =====
[2026-09-02T12:34:27Z] 25-7187: no new entries (last 2026-08-28|MEMORANDUM DISPOSITION (Ryan )
[2026-09-02T12:34:27Z] 25-7516: no new entries (last 2026-08-28|TEXT CLERK ORDER. Motion to s)
[2026-09-02T12:34:27Z] 25-7831: no new entries (last 2026-06-30|RESPONSE to Citation of Suppl)


===== 2026-09-02 07:35 (desk) =====
[2026-09-02T14:35:43Z] 25-7187: no new entries (last 2026-08-28|MEMORANDUM DISPOSITION (Ryan )
[2026-09-02T14:35:43Z] 25-7516: no new entries (last 2026-08-28|TEXT CLERK ORDER. Motion to s)
[2026-09-02T14:35:43Z] 25-7831: no new entries (last 2026-06-30|RESPONSE to Citation of Suppl)


===== 2026-09-02 09:36 (desk) =====
[2026-09-02T16:35:48Z] 25-7187: no new entries (last 2026-08-28|MEMORANDUM DISPOSITION (Ryan )
[2026-09-02T16:35:48Z] 25-7516: no new entries (last 2026-08-28|TEXT CLERK ORDER. Motion to s)
[2026-09-02T16:35:48Z] 25-7831: no new entries (last 2026-06-30|RESPONSE to Citation of Suppl)


===== 2026-09-02 11:35 (desk) =====
[2026-09-02T18:35:31Z] 25-7187: no new entries (last 2026-08-28|MEMORANDUM DISPOSITION (Ryan )
[2026-09-02T18:35:31Z] 25-7516: no new entries (last 2026-08-28|TEXT CLERK ORDER. Motion to s)
[2026-09-02T18:35:31Z] 25-7831: no new entries (last 2026-06-30|RESPONSE to Citation of Suppl)


===== 2026-09-02 13:36 (desk) =====
[2026-09-02T20:35:51Z] 25-7187: no new entries (last 2026-08-28|MEMORANDUM DISPOSITION (Ryan )
[2026-09-02T20:35:51Z] 25-7516: no new entries (last 2026-08-28|TEXT CLERK ORDER. Motion to s)
[2026-09-02T20:35:51Z] 25-7831: no new entries (last 2026-06-30|RESPONSE to Citation of Suppl)


===== 2026-09-02 15:35 (desk) =====
[2026-09-02T22:35:24Z] 25-7187: no new entries (last 2026-08-28|MEMORANDUM DISPOSITION (Ryan )
[2026-09-02T22:35:24Z] 25-7516: no new entries (last 2026-08-28|TEXT CLERK ORDER. Motion to s)
[2026-09-02T22:35:24Z] 25-7831: no new entries (last 2026-06-30|RESPONSE to Citation of Suppl)


===== 2026-09-02 17:35 (desk) =====
[2026-09-03T00:35:29Z] 25-7187: no new entries (last 2026-08-28|MEMORANDUM DISPOSITION (Ryan )
[2026-09-03T00:35:29Z] 25-7516: no new entries (last 2026-08-28|TEXT CLERK ORDER. Motion to s)
[2026-09-03T00:35:29Z] 25-7831: no new entries (last 2026-06-30|RESPONSE to Citation of Suppl)


===== 2026-09-02 19:36 (desk) =====
[2026-09-03T02:36:12Z] 25-7187: no new entries (last 2026-08-28|MEMORANDUM DISPOSITION (Ryan )
[2026-09-03T02:36:12Z] 25-7516: no new entries (last 2026-08-28|TEXT CLERK ORDER. Motion to s)
[2026-09-03T02:36:12Z] 25-7831: no new entries (last 2026-06-30|RESPONSE to Citation of Suppl)


===== 2026-09-02 21:35 (desk) =====
[2026-09-03T04:35:25Z] 25-7187: no new entries (last 2026-08-28|MEMORANDUM DISPOSITION (Ryan )
[2026-09-03T04:35:25Z] 25-7516: no new entries (last 2026-08-28|TEXT CLERK ORDER. Motion to s)
[2026-09-03T04:35:25Z] 25-7831: no new entries (last 2026-06-30|RESPONSE to Citation of Suppl)


===== 2026-09-02 23:35 (desk) =====
[2026-09-03T06:35:15Z] 25-7187: no new entries (last 2026-08-28|MEMORANDUM DISPOSITION (Ryan )
[2026-09-03T06:35:15Z] 25-7516: no new entries (last 2026-08-28|TEXT CLERK ORDER. Motion to s)
[2026-09-03T06:35:15Z] 25-7831: no new entries (last 2026-06-30|RESPONSE to Citation of Suppl)


===== 2026-09-03 01:33 (desk) =====
[2026-09-03T08:33:40Z] 25-7187: no new entries (last 2026-08-28|MEMORANDUM DISPOSITION (Ryan )
[2026-09-03T08:33:40Z] 25-7516: no new entries (last 2026-08-28|TEXT CLERK ORDER. Motion to s)
[2026-09-03T08:33:40Z] 25-7831: no new entries (last 2026-06-30|RESPONSE to Citation of Suppl)


===== 2026-09-03 03:57 (desk) =====
[2026-09-03T10:57:21Z] 25-7187: no new entries (last 2026-08-28|MEMORANDUM DISPOSITION (Ryan )
[2026-09-03T10:57:21Z] 25-7516: no new entries (last 2026-08-28|TEXT CLERK ORDER. Motion to s)
[2026-09-03T10:57:21Z] 25-7831: no new entries (last 2026-06-30|RESPONSE to Citation of Suppl)


===== 2026-09-03 05:34 (desk) =====
[2026-09-03T12:34:31Z] 25-7187: no new entries (last 2026-08-28|MEMORANDUM DISPOSITION (Ryan )
[2026-09-03T12:34:31Z] 25-7516: no new entries (last 2026-08-28|TEXT CLERK ORDER. Motion to s)
[2026-09-03T12:34:31Z] 25-7831: no new entries (last 2026-06-30|RESPONSE to Citation of Suppl)


===== 2026-09-03 07:35 (desk) =====
[2026-09-03T14:35:33Z] 25-7187: no new entries (last 2026-08-28|MEMORANDUM DISPOSITION (Ryan )
[2026-09-03T14:35:33Z] 25-7516: no new entries (last 2026-08-28|TEXT CLERK ORDER. Motion to s)
[2026-09-03T14:35:33Z] 25-7831: no new entries (last 2026-06-30|RESPONSE to Citation of Suppl)


===== 2026-09-03 09:35 (desk) =====
[2026-09-03T16:34:46Z] 25-7187: ERROR timeout: The read operation timed out
[2026-09-03T16:34:46Z] 25-7516: no new entries (last 2026-08-28|TEXT CLERK ORDER. Motion to s)
[2026-09-03T16:34:46Z] 25-7831: no new entries (last 2026-06-30|RESPONSE to Citation of Suppl)


===== 2026-09-03 11:38 (desk) =====
[2026-09-03T18:37:52Z] 25-7187: no new entries (last 2026-08-28|MEMORANDUM DISPOSITION (Ryan )
[2026-09-03T18:37:52Z] 25-7516: no new entries (last 2026-08-28|TEXT CLERK ORDER. Motion to s)
[2026-09-03T18:37:52Z] 25-7831: no new entries (last 2026-06-30|RESPONSE to Citation of Suppl)


===== 2026-09-03 13:35 (desk) =====
[2026-09-03T20:35:35Z] 25-7187: no new entries (last 2026-08-28|MEMORANDUM DISPOSITION (Ryan )
[2026-09-03T20:35:35Z] 25-7516: no new entries (last 2026-08-28|TEXT CLERK ORDER. Motion to s)
[2026-09-03T20:35:35Z] 25-7831: no new entries (last 2026-06-30|RESPONSE to Citation of Suppl)


===== 2026-09-03 15:36 (desk) =====
[2026-09-03T22:35:44Z] 25-7187: no new entries (last 2026-08-28|MEMORANDUM DISPOSITION (Ryan )
[2026-09-03T22:35:44Z] 25-7516: no new entries (last 2026-08-28|TEXT CLERK ORDER. Motion to s)
[2026-09-03T22:35:44Z] 25-7831: ERROR timeout: The read operation timed out


===== 2026-09-03 17:35 (desk) =====
[2026-09-04T00:35:30Z] 25-7187: no new entries (last 2026-08-28|MEMORANDUM DISPOSITION (Ryan )
[2026-09-04T00:35:30Z] 25-7516: no new entries (last 2026-08-28|TEXT CLERK ORDER. Motion to s)
[2026-09-04T00:35:30Z] 25-7831: no new entries (last 2026-06-30|RESPONSE to Citation of Suppl)


===== 2026-09-03 19:35 (desk) =====
[2026-09-04T02:35:23Z] 25-7187: no new entries (last 2026-08-28|MEMORANDUM DISPOSITION (Ryan )
[2026-09-04T02:35:23Z] 25-7516: no new entries (last 2026-08-28|TEXT CLERK ORDER. Motion to s)
[2026-09-04T02:35:23Z] 25-7831: no new entries (last 2026-06-30|RESPONSE to Citation of Suppl)


===== 2026-09-03 21:35 (desk) =====
[2026-09-04T04:35:14Z] 25-7187: no new entries (last 2026-08-28|MEMORANDUM DISPOSITION (Ryan )
[2026-09-04T04:35:14Z] 25-7516: no new entries (last 2026-08-28|TEXT CLERK ORDER. Motion to s)
[2026-09-04T04:35:14Z] 25-7831: no new entries (last 2026-06-30|RESPONSE to Citation of Suppl)


===== 2026-09-03 23:35 (desk) =====
[2026-09-04T06:35:27Z] 25-7187: no new entries (last 2026-08-28|MEMORANDUM DISPOSITION (Ryan )
[2026-09-04T06:35:27Z] 25-7516: no new entries (last 2026-08-28|TEXT CLERK ORDER. Motion to s)
[2026-09-04T06:35:27Z] 25-7831: no new entries (last 2026-06-30|RESPONSE to Citation of Suppl)


===== 2026-09-04 01:34 (desk) =====
[2026-09-04T08:34:46Z] 25-7187: no new entries (last 2026-08-28|MEMORANDUM DISPOSITION (Ryan )
[2026-09-04T08:34:46Z] 25-7516: no new entries (last 2026-08-28|TEXT CLERK ORDER. Motion to s)
[2026-09-04T08:34:46Z] 25-7831: no new entries (last 2026-06-30|RESPONSE to Citation of Suppl)


===== 2026-09-04 03:34 (desk) =====
[2026-09-04T10:34:26Z] 25-7187: no new entries (last 2026-08-28|MEMORANDUM DISPOSITION (Ryan )
[2026-09-04T10:34:26Z] 25-7516: no new entries (last 2026-08-28|TEXT CLERK ORDER. Motion to s)
[2026-09-04T10:34:26Z] 25-7831: no new entries (last 2026-06-30|RESPONSE to Citation of Suppl)


===== 2026-09-04 05:34 (desk) =====
[2026-09-04T12:34:41Z] 25-7187: no new entries (last 2026-08-28|MEMORANDUM DISPOSITION (Ryan )
[2026-09-04T12:34:41Z] 25-7516: no new entries (last 2026-08-28|TEXT CLERK ORDER. Motion to s)
[2026-09-04T12:34:41Z] 25-7831: no new entries (last 2026-06-30|RESPONSE to Citation of Suppl)


===== 2026-09-04 07:36 (desk) =====
[2026-09-04T14:35:45Z] 25-7187: no new entries (last 2026-08-28|MEMORANDUM DISPOSITION (Ryan )
[2026-09-04T14:35:45Z] 25-7516: no new entries (last 2026-08-28|TEXT CLERK ORDER. Motion to s)
[2026-09-04T14:35:45Z] 25-7831: no new entries (last 2026-06-30|RESPONSE to Citation of Suppl)


===== 2026-09-04 09:36 (desk) =====
[2026-09-04T16:35:42Z] 25-7187: no new entries (last 2026-08-28|MEMORANDUM DISPOSITION (Ryan )
[2026-09-04T16:35:42Z] 25-7516: no new entries (last 2026-08-28|TEXT CLERK ORDER. Motion to s)
[2026-09-04T16:35:42Z] 25-7831: no new entries (last 2026-06-30|RESPONSE to Citation of Suppl)


===== 2026-09-04 11:35 (desk) =====
[2026-09-04T18:35:36Z] 25-7187: no new entries (last 2026-08-28|MEMORANDUM DISPOSITION (Ryan )
[2026-09-04T18:35:36Z] 25-7516: no new entries (last 2026-08-28|TEXT CLERK ORDER. Motion to s)
[2026-09-04T18:35:36Z] 25-7831: no new entries (last 2026-06-30|RESPONSE to Citation of Suppl)


===== 2026-09-04 13:36 (desk) =====
[2026-09-04T20:36:21Z] 25-7187: no new entries (last 2026-08-28|MEMORANDUM DISPOSITION (Ryan )
[2026-09-04T20:36:21Z] 25-7516: no new entries (last 2026-08-28|TEXT CLERK ORDER. Motion to s)
[2026-09-04T20:36:21Z] 25-7831: no new entries (last 2026-06-30|RESPONSE to Citation of Suppl)


===== 2026-09-04 15:35 (desk) =====
[2026-09-04T22:35:36Z] 25-7187: no new entries (last 2026-08-28|MEMORANDUM DISPOSITION (Ryan )
[2026-09-04T22:35:36Z] 25-7516: no new entries (last 2026-08-28|TEXT CLERK ORDER. Motion to s)
[2026-09-04T22:35:36Z] 25-7831: no new entries (last 2026-06-30|RESPONSE to Citation of Suppl)


===== 2026-09-04 17:34 (desk) =====
[2026-09-05T00:34:48Z] 25-7187: no new entries (last 2026-08-28|MEMORANDUM DISPOSITION (Ryan )
[2026-09-05T00:34:48Z] 25-7516: no new entries (last 2026-08-28|TEXT CLERK ORDER. Motion to s)
[2026-09-05T00:34:48Z] 25-7831: no new entries (last 2026-06-30|RESPONSE to Citation of Suppl)


===== 2026-09-04 19:34 (desk) =====
[2026-09-05T02:34:44Z] 25-7187: no new entries (last 2026-08-28|MEMORANDUM DISPOSITION (Ryan )
[2026-09-05T02:34:44Z] 25-7516: no new entries (last 2026-08-28|TEXT CLERK ORDER. Motion to s)
[2026-09-05T02:34:44Z] 25-7831: no new entries (last 2026-06-30|RESPONSE to Citation of Suppl)


===== 2026-09-04 21:35 (desk) =====
[2026-09-05T04:35:30Z] 25-7187: no new entries (last 2026-08-28|MEMORANDUM DISPOSITION (Ryan )
[2026-09-05T04:35:30Z] 25-7516: no new entries (last 2026-08-28|TEXT CLERK ORDER. Motion to s)
[2026-09-05T04:35:30Z] 25-7831: no new entries (last 2026-06-30|RESPONSE to Citation of Suppl)


===== 2026-09-04 23:35 (desk) =====
[2026-09-05T06:35:16Z] 25-7187: no new entries (last 2026-08-28|MEMORANDUM DISPOSITION (Ryan )
[2026-09-05T06:35:16Z] 25-7516: no new entries (last 2026-08-28|TEXT CLERK ORDER. Motion to s)
[2026-09-05T06:35:16Z] 25-7831: no new entries (last 2026-06-30|RESPONSE to Citation of Suppl)


===== 2026-09-07 01:06 (desk) =====
[2026-09-07T08:06:29Z] 25-7187: no new entries (last 2026-08-28|MEMORANDUM DISPOSITION (Ryan )
[2026-09-07T08:06:29Z] 25-7516: no new entries (last 2026-08-28|TEXT CLERK ORDER. Motion to s)
[2026-09-07T08:06:29Z] 25-7831: no new entries (last 2026-06-30|RESPONSE to Citation of Suppl)


===== 2026-09-07 02:43 (desk) =====
[2026-09-07T09:43:14Z] 25-7187: no new entries (last 2026-08-28|MEMORANDUM DISPOSITION (Ryan )
[2026-09-07T09:43:14Z] 25-7516: no new entries (last 2026-08-28|TEXT CLERK ORDER. Motion to s)
[2026-09-07T09:43:14Z] 25-7831: no new entries (last 2026-06-30|RESPONSE to Citation of Suppl)


===== 2026-09-07 04:34 (desk) =====
[2026-09-07T11:34:24Z] 25-7187: no new entries (last 2026-08-28|MEMORANDUM DISPOSITION (Ryan )
[2026-09-07T11:34:24Z] 25-7516: no new entries (last 2026-08-28|TEXT CLERK ORDER. Motion to s)
[2026-09-07T11:34:24Z] 25-7831: no new entries (last 2026-06-30|RESPONSE to Citation of Suppl)


===== 2026-09-07 06:35 (desk) =====
[2026-09-07T13:35:00Z] 25-7187: no new entries (last 2026-08-28|MEMORANDUM DISPOSITION (Ryan )
[2026-09-07T13:35:00Z] 25-7516: no new entries (last 2026-08-28|TEXT CLERK ORDER. Motion to s)
[2026-09-07T13:35:00Z] 25-7831: no new entries (last 2026-06-30|RESPONSE to Citation of Suppl)


===== 2026-09-07 08:35 (desk) =====
[2026-09-07T15:35:40Z] 25-7187: no new entries (last 2026-08-28|MEMORANDUM DISPOSITION (Ryan )
[2026-09-07T15:35:40Z] 25-7516: no new entries (last 2026-08-28|TEXT CLERK ORDER. Motion to s)
[2026-09-07T15:35:40Z] 25-7831: no new entries (last 2026-06-30|RESPONSE to Citation of Suppl)


===== 2026-09-07 10:35 (desk) =====
[2026-09-07T17:35:41Z] 25-7187: no new entries (last 2026-08-28|MEMORANDUM DISPOSITION (Ryan )
[2026-09-07T17:35:41Z] 25-7516: no new entries (last 2026-08-28|TEXT CLERK ORDER. Motion to s)
[2026-09-07T17:35:41Z] 25-7831: no new entries (last 2026-06-30|RESPONSE to Citation of Suppl)


===== 2026-09-07 12:34 (desk) =====
[2026-09-07T19:34:49Z] 25-7187: no new entries (last 2026-08-28|MEMORANDUM DISPOSITION (Ryan )
[2026-09-07T19:34:49Z] 25-7516: no new entries (last 2026-08-28|TEXT CLERK ORDER. Motion to s)
[2026-09-07T19:34:49Z] 25-7831: no new entries (last 2026-06-30|RESPONSE to Citation of Suppl)


===== 2026-09-07 14:34 (desk) =====
[2026-09-07T21:34:47Z] 25-7187: no new entries (last 2026-08-28|MEMORANDUM DISPOSITION (Ryan )
[2026-09-07T21:34:47Z] 25-7516: no new entries (last 2026-08-28|TEXT CLERK ORDER. Motion to s)
[2026-09-07T21:34:47Z] 25-7831: no new entries (last 2026-06-30|RESPONSE to Citation of Suppl)


===== 2026-09-07 16:35 (desk) =====
[2026-09-07T23:34:59Z] 25-7187: no new entries (last 2026-08-28|MEMORANDUM DISPOSITION (Ryan )
[2026-09-07T23:34:59Z] 25-7516: no new entries (last 2026-08-28|TEXT CLERK ORDER. Motion to s)
[2026-09-07T23:34:59Z] 25-7831: no new entries (last 2026-06-30|RESPONSE to Citation of Suppl)


===== 2026-09-07 18:35 (desk) =====
[2026-09-08T01:35:29Z] 25-7187: no new entries (last 2026-08-28|MEMORANDUM DISPOSITION (Ryan )
[2026-09-08T01:35:29Z] 25-7516: no new entries (last 2026-08-28|TEXT CLERK ORDER. Motion to s)
[2026-09-08T01:35:29Z] 25-7831: no new entries (last 2026-06-30|RESPONSE to Citation of Suppl)


===== 2026-09-07 20:40 (desk) =====
[2026-09-08T03:40:33Z] 25-7187: no new entries (last 2026-08-28|MEMORANDUM DISPOSITION (Ryan )
[2026-09-08T03:40:33Z] 25-7516: no new entries (last 2026-08-28|TEXT CLERK ORDER. Motion to s)
[2026-09-08T03:40:33Z] 25-7831: no new entries (last 2026-06-30|RESPONSE to Citation of Suppl)


===== 2026-09-07 22:36 (desk) =====
[2026-09-08T05:36:08Z] 25-7187: no new entries (last 2026-08-28|MEMORANDUM DISPOSITION (Ryan )
[2026-09-08T05:36:08Z] 25-7516: no new entries (last 2026-08-28|TEXT CLERK ORDER. Motion to s)
[2026-09-08T05:36:08Z] 25-7831: no new entries (last 2026-06-30|RESPONSE to Citation of Suppl)


===== 2026-09-11 01:37 (desk) =====
[2026-09-11T08:36:50Z] 25-7187: no new entries (last 2026-08-28|MEMORANDUM DISPOSITION (Ryan )
[2026-09-11T08:36:50Z] NEW ENTRY 25-7516 2026-09-09: PETITION FOR PANEL REHEARING and PETITION FOR REHEARING EN BANC filed by Appellant KalshiEX, LLC. [25-7516, 25-7187, 25-7831] [Entered: 09/09/2026 01:38 PM]
[2026-09-11T08:36:50Z] NEW ENTRY 25-7831 2026-09-09: PETITION FOR PANEL REHEARING and PETITION FOR REHEARING EN BANC filed by Appellant KalshiEX, LLC. [25-7516, 25-7187, 25-7831] [Entered: 09/09/2026 01:38 PM]


===== 2026-09-11 01:42 (desk) =====
[2026-09-11T08:42:32Z] 25-7187: no new entries (last 2026-08-28|MEMORANDUM DISPOSITION (Ryan )
[2026-09-11T08:42:32Z] 25-7516: no new entries (last 2026-09-09|PETITION FOR PANEL REHEARING )
[2026-09-11T08:42:32Z] 25-7831: no new entries (last 2026-09-09|PETITION FOR PANEL REHEARING )


===== 2026-09-11 03:31 (desk) =====
[2026-09-11T10:30:59Z] 25-7187: no new entries (last 2026-08-28|MEMORANDUM DISPOSITION (Ryan )
[2026-09-11T10:30:59Z] 25-7516: no new entries (last 2026-09-09|PETITION FOR PANEL REHEARING )
[2026-09-11T10:30:59Z] 25-7831: no new entries (last 2026-09-09|PETITION FOR PANEL REHEARING )


===== 2026-09-11 05:30 (desk) =====
[2026-09-11T12:30:00Z] 25-7187: no new entries (last 2026-08-28|MEMORANDUM DISPOSITION (Ryan )
[2026-09-11T12:30:00Z] 25-7516: no new entries (last 2026-09-09|PETITION FOR PANEL REHEARING )
[2026-09-11T12:30:00Z] 25-7831: no new entries (last 2026-09-09|PETITION FOR PANEL REHEARING )


===== 2026-09-11 06:35 (desk) =====
[2026-09-11T13:35:00Z] 25-7187: no new entries (last 2026-08-28|MEMORANDUM DISPOSITION (Ryan )
[2026-09-11T13:35:00Z] 25-7516: no new entries (last 2026-09-09|PETITION FOR PANEL REHEARING )
[2026-09-11T13:35:00Z] 25-7831: no new entries (last 2026-09-09|PETITION FOR PANEL REHEARING )


===== 2026-09-11 08:35 (desk) =====
[2026-09-11T15:35:38Z] 25-7187: no new entries (last 2026-08-28|MEMORANDUM DISPOSITION (Ryan )
[2026-09-11T15:35:38Z] 25-7516: no new entries (last 2026-09-09|PETITION FOR PANEL REHEARING )
[2026-09-11T15:35:38Z] 25-7831: no new entries (last 2026-09-09|PETITION FOR PANEL REHEARING )


===== 2026-09-11 10:36 (desk) =====
[2026-09-11T17:36:05Z] 25-7187: no new entries (last 2026-08-28|MEMORANDUM DISPOSITION (Ryan )
[2026-09-11T17:36:05Z] 25-7516: no new entries (last 2026-09-09|PETITION FOR PANEL REHEARING )
[2026-09-11T17:36:05Z] 25-7831: no new entries (last 2026-09-09|PETITION FOR PANEL REHEARING )


===== 2026-09-11 12:46 (desk) =====
[2026-09-11T19:46:18Z] 25-7187: no new entries (last 2026-08-28|MEMORANDUM DISPOSITION (Ryan )
[2026-09-11T19:46:18Z] 25-7516: no new entries (last 2026-09-09|PETITION FOR PANEL REHEARING )
[2026-09-11T19:46:18Z] 25-7831: no new entries (last 2026-09-09|PETITION FOR PANEL REHEARING )


===== 2026-09-11 14:36 (desk) =====
[2026-09-11T21:35:19Z] 25-7187: no new entries (last 2026-08-28|MEMORANDUM DISPOSITION (Ryan )
[2026-09-11T21:35:19Z] 25-7516: no new entries (last 2026-09-09|PETITION FOR PANEL REHEARING )
[2026-09-11T21:35:19Z] 25-7831: ERROR timeout: The read operation timed out


===== 2026-09-11 16:35 (desk) =====
[2026-09-11T23:35:02Z] 25-7187: no new entries (last 2026-08-28|MEMORANDUM DISPOSITION (Ryan )
[2026-09-11T23:35:02Z] 25-7516: no new entries (last 2026-09-09|PETITION FOR PANEL REHEARING )
[2026-09-11T23:35:02Z] 25-7831: no new entries (last 2026-09-09|PETITION FOR PANEL REHEARING )


===== 2026-09-11 18:35 (desk) =====
[2026-09-12T01:34:56Z] 25-7187: no new entries (last 2026-08-28|MEMORANDUM DISPOSITION (Ryan )
[2026-09-12T01:34:56Z] 25-7516: no new entries (last 2026-09-09|PETITION FOR PANEL REHEARING )
[2026-09-12T01:34:56Z] 25-7831: no new entries (last 2026-09-09|PETITION FOR PANEL REHEARING )


===== 2026-09-11 20:34 (desk) =====
[2026-09-12T03:34:46Z] 25-7187: no new entries (last 2026-08-28|MEMORANDUM DISPOSITION (Ryan )
[2026-09-12T03:34:46Z] 25-7516: no new entries (last 2026-09-09|PETITION FOR PANEL REHEARING )
[2026-09-12T03:34:46Z] 25-7831: no new entries (last 2026-09-09|PETITION FOR PANEL REHEARING )


===== 2026-09-11 22:35 (desk) =====
[2026-09-12T05:35:28Z] 25-7187: no new entries (last 2026-08-28|MEMORANDUM DISPOSITION (Ryan )
[2026-09-12T05:35:28Z] 25-7516: no new entries (last 2026-09-09|PETITION FOR PANEL REHEARING )
[2026-09-12T05:35:28Z] 25-7831: no new entries (last 2026-09-09|PETITION FOR PANEL REHEARING )

