
===== 2026-07-29 01:33 (desk) =====
[kalmar_nowcast v2] 2026-07-29T01:33:39
  TED tenders: {"status": "ok", "window_days": 90, "tender_count": 243}
  Kalmar PRs: {"status": "ok", "qtd_order_prs": 0, "qtd_delivery_prs": 1, "quarter_start": "2026-07-01"}
  Plant hiring: {"status": "ok", "sites": {"ottawa_ks": {"status": "ok", "open_postings": 8, "production_roles": 2}, "stargard_pl": {"status": "ok", "open_postings": 1, "production_roles": 0}, "tampere_fi": {"status": "ok", "open_postings": 0, "production_roles": 0}}}
  US imports: {"status": "ok", "lanes": {"reachstacker_heavy_PL": {"status": "ok", "latest_month": "2026-05", "recent_3mo_avg_M": 4.21, "baseline_12mo_avg_M": 4.7, "ratio": 0.9}, "reachstacker_heavy_FI": {"status": "ok", "latest_month": "2026-05", "recent_3mo_avg_M": 0.0, "baseline_12mo_avg_M": 0.02, "ratio": 0.0}, "straddle_FI": {"status": "ok", "latest_month": "2025-12", "recent_3mo_avg_M": 0.0, "baseline_12mo_avg_M": 0.12, "ratio": 0.0}}}
  Throughput: {"status": "DATA MISSING", "detail": "no index value parsed"}
  US subsidy: {"status": "ok", "page_hash": "d92ce16e03dd11c0", "changed_since_last": false}
    DELIVERY PR: /news-release/2026/07/23/3332174/0/en/wtc-group-expands-sustainable-operations-with-kalmar-ottawa-t2-ev-fleet.html WTC G
  no flags — tripwires quiet (B2B strike count stays 1; eco share last 40%)
  grades vs KALMAR.HE|2026-10-29 (frozen earnings_operating call) — PAPER until then

/Users/ajay/Library/Python/3.9/lib/python/site-packages/urllib3/__init__.py:35: NotOpenSSLWarning: urllib3 v2 only supports OpenSSL 1.1.1+, currently the 'ssl' module is compiled with 'LibreSSL 2.8.3'. See: https://github.com/urllib3/urllib3/issues/3020
  warnings.warn(

===== 2026-07-30 02:35 (desk) =====
[kalmar_nowcast v2] 2026-07-30T02:35:18
  TED tenders: {"status": "ok", "window_days": 90, "tender_count": 244}
  Kalmar PRs: {"status": "ok", "qtd_order_prs": 0, "qtd_delivery_prs": 1, "quarter_start": "2026-07-01"}
  Plant hiring: {"status": "ok", "sites": {"ottawa_ks": {"status": "ok", "open_postings": 10, "production_roles": 2}, "stargard_pl": {"status": "ok", "open_postings": 1, "production_roles": 0}, "tampere_fi": {"status": "ok", "open_postings": 0, "production_roles": 0}}}
  US imports: {"status": "ok", "lanes": {"reachstacker_heavy_PL": {"status": "ok", "latest_month": "2026-05", "recent_3mo_avg_M": 4.21, "baseline_12mo_avg_M": 4.7, "ratio": 0.9}, "reachstacker_heavy_FI": {"status": "ok", "latest_month": "2026-05", "recent_3mo_avg_M": 0.0, "baseline_12mo_avg_M": 0.02, "ratio": 0.0}, "straddle_FI": {"status": "ok", "latest_month": "2025-12", "recent_3mo_avg_M": 0.0, "baseline_12mo_avg_M": 0.12, "ratio": 0.0}}}
  Throughput: {"status": "DATA MISSING", "detail": "no index value parsed"}
  US subsidy: {"status": "ok", "page_hash": "6bfc7cb74a7d24de", "changed_since_last": true}
    DELIVERY PR: /news-release/2026/07/23/3332174/0/en/wtc-group-expands-sustainable-operations-with-kalmar-ottawa-t2-ev-fleet.html WTC G
  INFO: EPA Clean Ports page changed — re-read for new ZE cargo-handling awards (eco-share feed)
  grades vs KALMAR.HE|2026-10-29 (frozen earnings_operating call) — PAPER until then

/Users/ajay/Library/Python/3.9/lib/python/site-packages/urllib3/__init__.py:35: NotOpenSSLWarning: urllib3 v2 only supports OpenSSL 1.1.1+, currently the 'ssl' module is compiled with 'LibreSSL 2.8.3'. See: https://github.com/urllib3/urllib3/issues/3020
  warnings.warn(

===== 2026-07-31 03:30 (desk) =====
[kalmar_nowcast v2] 2026-07-31T03:30:00
  TED tenders: {"status": "ok", "window_days": 90, "tender_count": 250}
  Kalmar PRs: {"status": "ok", "qtd_order_prs": 0, "qtd_delivery_prs": 1, "quarter_start": "2026-07-01"}
  Plant hiring: {"status": "ok", "sites": {"ottawa_ks": {"status": "ok", "open_postings": 10, "production_roles": 3}, "stargard_pl": {"status": "ok", "open_postings": 1, "production_roles": 0}, "tampere_fi": {"status": "ok", "open_postings": 0, "production_roles": 0}}}
  US imports: {"status": "ok", "lanes": {"reachstacker_heavy_PL": {"status": "ok", "latest_month": "2026-05", "recent_3mo_avg_M": 4.21, "baseline_12mo_avg_M": 4.7, "ratio": 0.9}, "reachstacker_heavy_FI": {"status": "ok", "latest_month": "2026-05", "recent_3mo_avg_M": 0.0, "baseline_12mo_avg_M": 0.02, "ratio": 0.0}, "straddle_FI": {"status": "ok", "latest_month": "2025-12", "recent_3mo_avg_M": 0.0, "baseline_12mo_avg_M": 0.12, "ratio": 0.0}}}
  Throughput: {"status": "DATA MISSING", "detail": "no index value parsed"}
  US subsidy: {"status": "ok", "page_hash": "d92ce16e03dd11c0", "changed_since_last": true}
    DELIVERY PR: /news-release/2026/07/23/3332174/0/en/wtc-group-expands-sustainable-operations-with-kalmar-ottawa-t2-ev-fleet.html WTC G
  INFO: EPA Clean Ports page changed — re-read for new ZE cargo-handling awards (eco-share feed)
  grades vs KALMAR.HE|2026-10-29 (frozen earnings_operating call) — PAPER until then

/Users/ajay/Library/Python/3.9/lib/python/site-packages/urllib3/__init__.py:35: NotOpenSSLWarning: urllib3 v2 only supports OpenSSL 1.1.1+, currently the 'ssl' module is compiled with 'LibreSSL 2.8.3'. See: https://github.com/urllib3/urllib3/issues/3020
  warnings.warn(

===== 2026-08-03 00:55 (desk) =====
[kalmar_nowcast v2] 2026-08-03T00:55:17
  TED tenders: {"status": "ok", "window_days": 90, "tender_count": 250}
  Kalmar PRs: {"status": "ok", "qtd_order_prs": 0, "qtd_delivery_prs": 1, "quarter_start": "2026-07-01"}
  Plant hiring: {"status": "ok", "sites": {"ottawa_ks": {"status": "ok", "open_postings": 10, "production_roles": 3}, "stargard_pl": {"status": "ok", "open_postings": 1, "production_roles": 0}, "tampere_fi": {"status": "ok", "open_postings": 0, "production_roles": 0}}}
  US imports: {"status": "ok", "lanes": {"reachstacker_heavy_PL": {"status": "ok", "latest_month": "2026-05", "recent_3mo_avg_M": 4.21, "baseline_12mo_avg_M": 4.7, "ratio": 0.9}, "reachstacker_heavy_FI": {"status": "ok", "latest_month": "2026-05", "recent_3mo_avg_M": 0.0, "baseline_12mo_avg_M": 0.02, "ratio": 0.0}, "straddle_FI": {"status": "ok", "latest_month": "2025-12", "recent_3mo_avg_M": 0.0, "baseline_12mo_avg_M": 0.12, "ratio": 0.0}}}
  Throughput: {"status": "DATA MISSING", "detail": "no index value parsed"}
  US subsidy: {"status": "ok", "page_hash": "6bfc7cb74a7d24de", "changed_since_last": true}
    DELIVERY PR: /news-release/2026/07/23/3332174/0/en/wtc-group-expands-sustainable-operations-with-kalmar-ottawa-t2-ev-fleet.html WTC G
  INFO: EPA Clean Ports page changed — re-read for new ZE cargo-handling awards (eco-share feed)
  grades vs KALMAR.HE|2026-10-29 (frozen earnings_operating call) — PAPER until then

/Users/ajay/Library/Python/3.9/lib/python/site-packages/urllib3/__init__.py:35: NotOpenSSLWarning: urllib3 v2 only supports OpenSSL 1.1.1+, currently the 'ssl' module is compiled with 'LibreSSL 2.8.3'. See: https://github.com/urllib3/urllib3/issues/3020
  warnings.warn(

===== 2026-08-04 01:44 (desk) =====
[kalmar_nowcast v2] 2026-08-04T01:44:43
  TED tenders: {"status": "ok", "window_days": 90, "tender_count": 252}
  Kalmar PRs: {"status": "ok", "qtd_order_prs": 0, "qtd_delivery_prs": 1, "quarter_start": "2026-07-01"}
  Plant hiring: {"status": "ok", "sites": {"ottawa_ks": {"status": "ok", "open_postings": 10, "production_roles": 3}, "stargard_pl": {"status": "ok", "open_postings": 1, "production_roles": 0}, "tampere_fi": {"status": "ok", "open_postings": 0, "production_roles": 0}}}
  US imports: {"status": "ok", "lanes": {"reachstacker_heavy_PL": {"status": "ok", "latest_month": "2026-05", "recent_3mo_avg_M": 4.21, "baseline_12mo_avg_M": 4.7, "ratio": 0.9}, "reachstacker_heavy_FI": {"status": "ok", "latest_month": "2026-05", "recent_3mo_avg_M": 0.0, "baseline_12mo_avg_M": 0.02, "ratio": 0.0}, "straddle_FI": {"status": "ok", "latest_month": "2025-12", "recent_3mo_avg_M": 0.0, "baseline_12mo_avg_M": 0.12, "ratio": 0.0}}}
  Throughput: {"status": "DATA MISSING", "detail": "no index value parsed"}
  US subsidy: {"status": "ok", "page_hash": "d92ce16e03dd11c0", "changed_since_last": true}
    DELIVERY PR: /news-release/2026/07/23/3332174/0/en/wtc-group-expands-sustainable-operations-with-kalmar-ottawa-t2-ev-fleet.html WTC G
  INFO: EPA Clean Ports page changed — re-read for new ZE cargo-handling awards (eco-share feed)
  grades vs KALMAR.HE|2026-10-29 (frozen earnings_operating call) — PAPER until then

/Users/ajay/Library/Python/3.9/lib/python/site-packages/urllib3/__init__.py:35: NotOpenSSLWarning: urllib3 v2 only supports OpenSSL 1.1.1+, currently the 'ssl' module is compiled with 'LibreSSL 2.8.3'. See: https://github.com/urllib3/urllib3/issues/3020
  warnings.warn(

===== 2026-08-05 02:50 (desk) =====
[kalmar_nowcast v2] 2026-08-05T02:50:22
  TED tenders: {"status": "ok", "window_days": 90, "tender_count": 253}
  Kalmar PRs: {"status": "ok", "qtd_order_prs": 0, "qtd_delivery_prs": 1, "quarter_start": "2026-07-01"}
  Plant hiring: {"status": "ok", "sites": {"ottawa_ks": {"status": "ok", "open_postings": 10, "production_roles": 3}, "stargard_pl": {"status": "ok", "open_postings": 1, "production_roles": 0}, "tampere_fi": {"status": "ok", "open_postings": 0, "production_roles": 0}}}
  US imports: {"status": "ok", "lanes": {"reachstacker_heavy_PL": {"status": "ok", "latest_month": "2026-06", "recent_3mo_avg_M": 4.59, "baseline_12mo_avg_M": 4.92, "ratio": 0.93}, "reachstacker_heavy_FI": {"status": "ok", "latest_month": "2026-06", "recent_3mo_avg_M": 0.19, "baseline_12mo_avg_M": 0.02, "ratio": 9.5}, "straddle_FI": {"status": "ok", "latest_month": "2025-12", "recent_3mo_avg_M": 0.0, "baseline_12mo_avg_M": 0.12, "ratio": 0.0}}}
  Throughput: {"status": "DATA MISSING", "detail": "no index value parsed"}
  US subsidy: {"status": "ok", "page_hash": "d92ce16e03dd11c0", "changed_since_last": false}
    DELIVERY PR: /news-release/2026/07/23/3332174/0/en/wtc-group-expands-sustainable-operations-with-kalmar-ottawa-t2-ev-fleet.html WTC G
  no flags — tripwires quiet (B2B strike count stays 1; eco share last 40%)
  grades vs KALMAR.HE|2026-10-29 (frozen earnings_operating call) — PAPER until then

/Users/ajay/Library/Python/3.9/lib/python/site-packages/urllib3/__init__.py:35: NotOpenSSLWarning: urllib3 v2 only supports OpenSSL 1.1.1+, currently the 'ssl' module is compiled with 'LibreSSL 2.8.3'. See: https://github.com/urllib3/urllib3/issues/3020
  warnings.warn(

===== 2026-08-06 03:44 (desk) =====
[kalmar_nowcast v2] 2026-08-06T03:44:22
  TED tenders: {"status": "ok", "window_days": 90, "tender_count": 249}
  Kalmar PRs: {"status": "ok", "qtd_order_prs": 0, "qtd_delivery_prs": 1, "quarter_start": "2026-07-01"}
  Plant hiring: {"status": "ok", "sites": {"ottawa_ks": {"status": "ok", "open_postings": 8, "production_roles": 3}, "stargard_pl": {"status": "ok", "open_postings": 1, "production_roles": 0}, "tampere_fi": {"status": "ok", "open_postings": 0, "production_roles": 0}}}
  US imports: {"status": "ok", "lanes": {"reachstacker_heavy_PL": {"status": "ok", "latest_month": "2026-06", "recent_3mo_avg_M": 4.59, "baseline_12mo_avg_M": 4.92, "ratio": 0.93}, "reachstacker_heavy_FI": {"status": "ok", "latest_month": "2026-06", "recent_3mo_avg_M": 0.19, "baseline_12mo_avg_M": 0.02, "ratio": 9.5}, "straddle_FI": {"status": "ok", "latest_month": "2025-12", "recent_3mo_avg_M": 0.0, "baseline_12mo_avg_M": 0.12, "ratio": 0.0}}}
  Throughput: {"status": "DATA MISSING", "detail": "ISL page fetch failed"}
  US subsidy: {"status": "ok", "page_hash": "d92ce16e03dd11c0", "changed_since_last": false}
    DELIVERY PR: /news-release/2026/07/23/3332174/0/en/wtc-group-expands-sustainable-operations-with-kalmar-ottawa-t2-ev-fleet.html WTC G
  no flags — tripwires quiet (B2B strike count stays 1; eco share last 40%)
  grades vs KALMAR.HE|2026-10-29 (frozen earnings_operating call) — PAPER until then

/Users/ajay/Library/Python/3.9/lib/python/site-packages/urllib3/__init__.py:35: NotOpenSSLWarning: urllib3 v2 only supports OpenSSL 1.1.1+, currently the 'ssl' module is compiled with 'LibreSSL 2.8.3'. See: https://github.com/urllib3/urllib3/issues/3020
  warnings.warn(

===== 2026-08-07 04:48 (desk) =====
[kalmar_nowcast v2] 2026-08-07T04:48:29
  TED tenders: {"status": "ok", "window_days": 90, "tender_count": 248}
  Kalmar PRs: {"status": "ok", "qtd_order_prs": 0, "qtd_delivery_prs": 1, "quarter_start": "2026-07-01"}
  Plant hiring: {"status": "ok", "sites": {"ottawa_ks": {"status": "ok", "open_postings": 8, "production_roles": 3}, "stargard_pl": {"status": "ok", "open_postings": 2, "production_roles": 0}, "tampere_fi": {"status": "ok", "open_postings": 0, "production_roles": 0}}}
  US imports: {"status": "ok", "lanes": {"reachstacker_heavy_PL": {"status": "ok", "latest_month": "2026-06", "recent_3mo_avg_M": 4.59, "baseline_12mo_avg_M": 4.92, "ratio": 0.93}, "reachstacker_heavy_FI": {"status": "ok", "latest_month": "2026-06", "recent_3mo_avg_M": 0.19, "baseline_12mo_avg_M": 0.02, "ratio": 9.5}, "straddle_FI": {"status": "ok", "latest_month": "2025-12", "recent_3mo_avg_M": 0.0, "baseline_12mo_avg_M": 0.12, "ratio": 0.0}}}
  Throughput: {"status": "DATA MISSING", "detail": "no index value parsed"}
  US subsidy: {"status": "ok", "page_hash": "8e007221af324292", "changed_since_last": true}
    DELIVERY PR: /news-release/2026/07/23/3332174/0/en/wtc-group-expands-sustainable-operations-with-kalmar-ottawa-t2-ev-fleet.html WTC G
  INFO: EPA Clean Ports page changed — re-read for new ZE cargo-handling awards (eco-share feed)
  grades vs KALMAR.HE|2026-10-29 (frozen earnings_operating call) — PAPER until then

/Users/ajay/Library/Python/3.9/lib/python/site-packages/urllib3/__init__.py:35: NotOpenSSLWarning: urllib3 v2 only supports OpenSSL 1.1.1+, currently the 'ssl' module is compiled with 'LibreSSL 2.8.3'. See: https://github.com/urllib3/urllib3/issues/3020
  warnings.warn(

===== 2026-08-10 00:53 (desk) =====
[kalmar_nowcast v2] 2026-08-10T00:53:04
  TED tenders: {"status": "ok", "window_days": 90, "tender_count": 250}
  Kalmar PRs: {"status": "ok", "qtd_order_prs": 0, "qtd_delivery_prs": 1, "quarter_start": "2026-07-01"}
  Plant hiring: {"status": "ok", "sites": {"ottawa_ks": {"status": "ok", "open_postings": 5, "production_roles": 3}, "stargard_pl": {"status": "ok", "open_postings": 2, "production_roles": 0}, "tampere_fi": {"status": "ok", "open_postings": 0, "production_roles": 0}}}
  US imports: {"status": "ok", "lanes": {"reachstacker_heavy_PL": {"status": "ok", "latest_month": "2026-06", "recent_3mo_avg_M": 4.59, "baseline_12mo_avg_M": 4.92, "ratio": 0.93}, "reachstacker_heavy_FI": {"status": "ok", "latest_month": "2026-06", "recent_3mo_avg_M": 0.19, "baseline_12mo_avg_M": 0.02, "ratio": 9.5}, "straddle_FI": {"status": "ok", "latest_month": "2025-12", "recent_3mo_avg_M": 0.0, "baseline_12mo_avg_M": 0.12, "ratio": 0.0}}}
  Throughput: {"status": "DATA MISSING", "detail": "no index value parsed"}
  US subsidy: {"status": "ok", "page_hash": "8e007221af324292", "changed_since_last": false}
    DELIVERY PR: /news-release/2026/07/23/3332174/0/en/wtc-group-expands-sustainable-operations-with-kalmar-ottawa-t2-ev-fleet.html WTC G
  no flags — tripwires quiet (B2B strike count stays 1; eco share last 40%)
  grades vs KALMAR.HE|2026-10-29 (frozen earnings_operating call) — PAPER until then

/Users/ajay/Library/Python/3.9/lib/python/site-packages/urllib3/__init__.py:35: NotOpenSSLWarning: urllib3 v2 only supports OpenSSL 1.1.1+, currently the 'ssl' module is compiled with 'LibreSSL 2.8.3'. See: https://github.com/urllib3/urllib3/issues/3020
  warnings.warn(

===== 2026-08-11 01:56 (desk) =====
[kalmar_nowcast v2] 2026-08-11T01:56:05
  TED tenders: {"status": "ok", "window_days": 90, "tender_count": 245}
  Kalmar PRs: {"status": "ok", "qtd_order_prs": 0, "qtd_delivery_prs": 1, "quarter_start": "2026-07-01"}
  Plant hiring: {"status": "ok", "sites": {"ottawa_ks": {"status": "ok", "open_postings": 6, "production_roles": 3}, "stargard_pl": {"status": "ok", "open_postings": 3, "production_roles": 0}, "tampere_fi": {"status": "ok", "open_postings": 0, "production_roles": 0}}}
  US imports: {"status": "ok", "lanes": {"reachstacker_heavy_PL": {"status": "ok", "latest_month": "2026-06", "recent_3mo_avg_M": 4.59, "baseline_12mo_avg_M": 4.92, "ratio": 0.93}, "reachstacker_heavy_FI": {"status": "ok", "latest_month": "2026-06", "recent_3mo_avg_M": 0.19, "baseline_12mo_avg_M": 0.02, "ratio": 9.5}, "straddle_FI": {"status": "ok", "latest_month": "2025-12", "recent_3mo_avg_M": 0.0, "baseline_12mo_avg_M": 0.12, "ratio": 0.0}}}
  Throughput: {"status": "DATA MISSING", "detail": "no index value parsed"}
  US subsidy: {"status": "ok", "page_hash": "8e007221af324292", "changed_since_last": false}
    DELIVERY PR: /news-release/2026/07/23/3332174/0/en/wtc-group-expands-sustainable-operations-with-kalmar-ottawa-t2-ev-fleet.html WTC G
  no flags — tripwires quiet (B2B strike count stays 1; eco share last 40%)
  grades vs KALMAR.HE|2026-10-29 (frozen earnings_operating call) — PAPER until then

/Users/ajay/Library/Python/3.9/lib/python/site-packages/urllib3/__init__.py:35: NotOpenSSLWarning: urllib3 v2 only supports OpenSSL 1.1.1+, currently the 'ssl' module is compiled with 'LibreSSL 2.8.3'. See: https://github.com/urllib3/urllib3/issues/3020
  warnings.warn(

===== 2026-08-12 07:57 (desk) =====
[kalmar_nowcast v2] 2026-08-12T07:57:18
  TED tenders: {"status": "ok", "window_days": 90, "tender_count": 244}
  Kalmar PRs: {"status": "ok", "qtd_order_prs": 0, "qtd_delivery_prs": 1, "quarter_start": "2026-07-01"}
  Plant hiring: {"status": "ok", "sites": {"ottawa_ks": {"status": "ok", "open_postings": 6, "production_roles": 3}, "stargard_pl": {"status": "ok", "open_postings": 3, "production_roles": 0}, "tampere_fi": {"status": "ok", "open_postings": 0, "production_roles": 0}}}
  US imports: {"status": "ok", "lanes": {"reachstacker_heavy_PL": {"status": "ok", "latest_month": "2026-06", "recent_3mo_avg_M": 4.59, "baseline_12mo_avg_M": 4.92, "ratio": 0.93}, "reachstacker_heavy_FI": {"status": "ok", "latest_month": "2026-06", "recent_3mo_avg_M": 0.19, "baseline_12mo_avg_M": 0.02, "ratio": 9.5}, "straddle_FI": {"status": "ok", "latest_month": "2025-12", "recent_3mo_avg_M": 0.0, "baseline_12mo_avg_M": 0.12, "ratio": 0.0}}}
  Throughput: {"status": "DATA MISSING", "detail": "no index value parsed"}
  US subsidy: {"status": "ok", "page_hash": "8e007221af324292", "changed_since_last": false}
    DELIVERY PR: /news-release/2026/07/23/3332174/0/en/wtc-group-expands-sustainable-operations-with-kalmar-ottawa-t2-ev-fleet.html WTC G
  no flags — tripwires quiet (B2B strike count stays 1; eco share last 40%)
  grades vs KALMAR.HE|2026-10-29 (frozen earnings_operating call) — PAPER until then

/Users/ajay/Library/Python/3.9/lib/python/site-packages/urllib3/__init__.py:35: NotOpenSSLWarning: urllib3 v2 only supports OpenSSL 1.1.1+, currently the 'ssl' module is compiled with 'LibreSSL 2.8.3'. See: https://github.com/urllib3/urllib3/issues/3020
  warnings.warn(

===== 2026-08-13 09:14 (desk) =====
[kalmar_nowcast v2] 2026-08-13T09:14:33
  TED tenders: {"status": "ok", "window_days": 90, "tender_count": 247}
  Kalmar PRs: {"status": "ok", "qtd_order_prs": 0, "qtd_delivery_prs": 1, "quarter_start": "2026-07-01"}
  Plant hiring: {"status": "ok", "sites": {"ottawa_ks": {"status": "ok", "open_postings": 8, "production_roles": 3}, "stargard_pl": {"status": "ok", "open_postings": 3, "production_roles": 0}, "tampere_fi": {"status": "ok", "open_postings": 0, "production_roles": 0}}}
  US imports: {"status": "ok", "lanes": {"reachstacker_heavy_PL": {"status": "ok", "latest_month": "2026-06", "recent_3mo_avg_M": 4.59, "baseline_12mo_avg_M": 4.92, "ratio": 0.93}, "reachstacker_heavy_FI": {"status": "ok", "latest_month": "2026-06", "recent_3mo_avg_M": 0.19, "baseline_12mo_avg_M": 0.02, "ratio": 9.5}, "straddle_FI": {"status": "ok", "latest_month": "2025-12", "recent_3mo_avg_M": 0.0, "baseline_12mo_avg_M": 0.12, "ratio": 0.0}}}
  Throughput: {"status": "DATA MISSING", "detail": "no index value parsed"}
  US subsidy: {"status": "ok", "page_hash": "8e007221af324292", "changed_since_last": false}
    DELIVERY PR: /news-release/2026/07/23/3332174/0/en/wtc-group-expands-sustainable-operations-with-kalmar-ottawa-t2-ev-fleet.html WTC G
  no flags — tripwires quiet (B2B strike count stays 1; eco share last 40%)
  grades vs KALMAR.HE|2026-10-29 (frozen earnings_operating call) — PAPER until then

/Users/ajay/Library/Python/3.9/lib/python/site-packages/urllib3/__init__.py:35: NotOpenSSLWarning: urllib3 v2 only supports OpenSSL 1.1.1+, currently the 'ssl' module is compiled with 'LibreSSL 2.8.3'. See: https://github.com/urllib3/urllib3/issues/3020
  warnings.warn(

===== 2026-08-14 10:03 (desk) =====
[kalmar_nowcast v2] 2026-08-14T10:02:57
  TED tenders: {"status": "ok", "window_days": 90, "tender_count": 246}
  Kalmar PRs: {"status": "ok", "qtd_order_prs": 0, "qtd_delivery_prs": 1, "quarter_start": "2026-07-01"}
  Plant hiring: {"status": "ok", "sites": {"ottawa_ks": {"status": "ok", "open_postings": 8, "production_roles": 1}, "stargard_pl": {"status": "ok", "open_postings": 2, "production_roles": 0}, "tampere_fi": {"status": "ok", "open_postings": 0, "production_roles": 0}}}
  US imports: {"status": "ok", "lanes": {"reachstacker_heavy_PL": {"status": "ok", "latest_month": "2026-06", "recent_3mo_avg_M": 4.59, "baseline_12mo_avg_M": 4.92, "ratio": 0.93}, "reachstacker_heavy_FI": {"status": "ok", "latest_month": "2026-06", "recent_3mo_avg_M": 0.19, "baseline_12mo_avg_M": 0.02, "ratio": 9.5}, "straddle_FI": {"status": "ok", "latest_month": "2025-12", "recent_3mo_avg_M": 0.0, "baseline_12mo_avg_M": 0.12, "ratio": 0.0}}}
  Throughput: {"status": "DATA MISSING", "detail": "no index value parsed"}
  US subsidy: {"status": "ok", "page_hash": "8e007221af324292", "changed_since_last": false}
    DELIVERY PR: /news-release/2026/07/23/3332174/0/en/wtc-group-expands-sustainable-operations-with-kalmar-ottawa-t2-ev-fleet.html WTC G
  no flags — tripwires quiet (B2B strike count stays 1; eco share last 40%)
  grades vs KALMAR.HE|2026-10-29 (frozen earnings_operating call) — PAPER until then

/Users/ajay/Library/Python/3.9/lib/python/site-packages/urllib3/__init__.py:35: NotOpenSSLWarning: urllib3 v2 only supports OpenSSL 1.1.1+, currently the 'ssl' module is compiled with 'LibreSSL 2.8.3'. See: https://github.com/urllib3/urllib3/issues/3020
  warnings.warn(

===== 2026-08-17 08:58 (desk) =====
[kalmar_nowcast v2] 2026-08-17T08:58:33
  TED tenders: {"status": "ok", "window_days": 90, "tender_count": 243}
  Kalmar PRs: {"status": "ok", "qtd_order_prs": 0, "qtd_delivery_prs": 1, "quarter_start": "2026-07-01"}
  Plant hiring: {"status": "ok", "sites": {"ottawa_ks": {"status": "ok", "open_postings": 7, "production_roles": 3}, "stargard_pl": {"status": "ok", "open_postings": 3, "production_roles": 0}, "tampere_fi": {"status": "DATA MISSING", "detail": "endpoint returned nothing (blocked?)"}}}
  US imports: {"status": "ok", "lanes": {"reachstacker_heavy_PL": {"status": "ok", "latest_month": "2026-06", "recent_3mo_avg_M": 4.59, "baseline_12mo_avg_M": 4.92, "ratio": 0.93}, "reachstacker_heavy_FI": {"status": "ok", "latest_month": "2026-06", "recent_3mo_avg_M": 0.19, "baseline_12mo_avg_M": 0.02, "ratio": 9.5}, "straddle_FI": {"status": "ok", "latest_month": "2025-12", "recent_3mo_avg_M": 0.0, "baseline_12mo_avg_M": 0.12, "ratio": 0.0}}}
  Throughput: {"status": "DATA MISSING", "detail": "no index value parsed"}
  US subsidy: {"status": "ok", "page_hash": "9136849182e0364f", "changed_since_last": true}
    DELIVERY PR: /news-release/2026/07/23/3332174/0/en/wtc-group-expands-sustainable-operations-with-kalmar-ottawa-t2-ev-fleet.html WTC G
  FLAG: ZERO Kalmar ORDER-class PRs this quarter past day 45 — floor detector tripped (visibly weak intake)
  INFO: EPA Clean Ports page changed — re-read for new ZE cargo-handling awards (eco-share feed)
  grades vs KALMAR.HE|2026-10-29 (frozen earnings_operating call) — PAPER until then

/Users/ajay/Library/Python/3.9/lib/python/site-packages/urllib3/__init__.py:35: NotOpenSSLWarning: urllib3 v2 only supports OpenSSL 1.1.1+, currently the 'ssl' module is compiled with 'LibreSSL 2.8.3'. See: https://github.com/urllib3/urllib3/issues/3020
  warnings.warn(

===== 2026-08-18 09:51 (desk) =====
[kalmar_nowcast v2] 2026-08-18T09:51:06
  TED tenders: {"status": "ok", "window_days": 90, "tender_count": 249}
  Kalmar PRs: {"status": "ok", "qtd_order_prs": 0, "qtd_delivery_prs": 1, "quarter_start": "2026-07-01"}
  Plant hiring: {"status": "ok", "sites": {"ottawa_ks": {"status": "ok", "open_postings": 7, "production_roles": 3}, "stargard_pl": {"status": "ok", "open_postings": 3, "production_roles": 0}, "tampere_fi": {"status": "DATA MISSING", "detail": "endpoint returned nothing (blocked?)"}}}
  US imports: {"status": "ok", "lanes": {"reachstacker_heavy_PL": {"status": "ok", "latest_month": "2026-06", "recent_3mo_avg_M": 4.59, "baseline_12mo_avg_M": 4.92, "ratio": 0.93}, "reachstacker_heavy_FI": {"status": "ok", "latest_month": "2026-06", "recent_3mo_avg_M": 0.19, "baseline_12mo_avg_M": 0.02, "ratio": 9.5}, "straddle_FI": {"status": "ok", "latest_month": "2025-12", "recent_3mo_avg_M": 0.0, "baseline_12mo_avg_M": 0.12, "ratio": 0.0}}}
  Throughput: {"status": "DATA MISSING", "detail": "no index value parsed"}
  US subsidy: {"status": "ok", "page_hash": "9136849182e0364f", "changed_since_last": false}
    DELIVERY PR: /news-release/2026/07/23/3332174/0/en/wtc-group-expands-sustainable-operations-with-kalmar-ottawa-t2-ev-fleet.html WTC G
  FLAG: ZERO Kalmar ORDER-class PRs this quarter past day 45 — floor detector tripped (visibly weak intake)
  grades vs KALMAR.HE|2026-10-29 (frozen earnings_operating call) — PAPER until then

/Users/ajay/Library/Python/3.9/lib/python/site-packages/urllib3/__init__.py:35: NotOpenSSLWarning: urllib3 v2 only supports OpenSSL 1.1.1+, currently the 'ssl' module is compiled with 'LibreSSL 2.8.3'. See: https://github.com/urllib3/urllib3/issues/3020
  warnings.warn(

===== 2026-08-19 10:49 (desk) =====
[kalmar_nowcast v2] 2026-08-19T10:49:36
  TED tenders: {"status": "ok", "window_days": 90, "tender_count": 248}
  Kalmar PRs: {"status": "ok", "qtd_order_prs": 0, "qtd_delivery_prs": 1, "quarter_start": "2026-07-01"}
  Plant hiring: {"status": "ok", "sites": {"ottawa_ks": {"status": "ok", "open_postings": 8, "production_roles": 3}, "stargard_pl": {"status": "ok", "open_postings": 2, "production_roles": 0}, "tampere_fi": {"status": "DATA MISSING", "detail": "endpoint returned nothing (blocked?)"}}}
  US imports: {"status": "ok", "lanes": {"reachstacker_heavy_PL": {"status": "ok", "latest_month": "2026-06", "recent_3mo_avg_M": 4.59, "baseline_12mo_avg_M": 4.92, "ratio": 0.93}, "reachstacker_heavy_FI": {"status": "ok", "latest_month": "2026-06", "recent_3mo_avg_M": 0.19, "baseline_12mo_avg_M": 0.02, "ratio": 9.5}, "straddle_FI": {"status": "ok", "latest_month": "2025-12", "recent_3mo_avg_M": 0.0, "baseline_12mo_avg_M": 0.12, "ratio": 0.0}}}
  Throughput: {"status": "DATA MISSING", "detail": "no index value parsed"}
  US subsidy: {"status": "ok", "page_hash": "9136849182e0364f", "changed_since_last": false}
    DELIVERY PR: /news-release/2026/07/23/3332174/0/en/wtc-group-expands-sustainable-operations-with-kalmar-ottawa-t2-ev-fleet.html WTC G
  FLAG: ZERO Kalmar ORDER-class PRs this quarter past day 45 — floor detector tripped (visibly weak intake)
  grades vs KALMAR.HE|2026-10-29 (frozen earnings_operating call) — PAPER until then

/Users/ajay/Library/Python/3.9/lib/python/site-packages/urllib3/__init__.py:35: NotOpenSSLWarning: urllib3 v2 only supports OpenSSL 1.1.1+, currently the 'ssl' module is compiled with 'LibreSSL 2.8.3'. See: https://github.com/urllib3/urllib3/issues/3020
  warnings.warn(

===== 2026-08-20 11:58 (desk) =====
[kalmar_nowcast v2] 2026-08-20T11:57:44
  TED tenders: {"status": "ok", "window_days": 90, "tender_count": 249}
  Kalmar PRs: {"status": "ok", "qtd_order_prs": 0, "qtd_delivery_prs": 1, "quarter_start": "2026-07-01"}
  Plant hiring: {"status": "ok", "sites": {"ottawa_ks": {"status": "ok", "open_postings": 8, "production_roles": 3}, "stargard_pl": {"status": "ok", "open_postings": 2, "production_roles": 0}, "tampere_fi": {"status": "ok", "open_postings": 0, "production_roles": 0}}}
  US imports: {"status": "ok", "lanes": {"reachstacker_heavy_PL": {"status": "ok", "latest_month": "2026-06", "recent_3mo_avg_M": 4.59, "baseline_12mo_avg_M": 4.92, "ratio": 0.93}, "reachstacker_heavy_FI": {"status": "ok", "latest_month": "2026-06", "recent_3mo_avg_M": 0.19, "baseline_12mo_avg_M": 0.02, "ratio": 9.5}, "straddle_FI": {"status": "ok", "latest_month": "2025-12", "recent_3mo_avg_M": 0.0, "baseline_12mo_avg_M": 0.12, "ratio": 0.0}}}
  Throughput: {"status": "DATA MISSING", "detail": "no index value parsed"}
  US subsidy: {"status": "ok", "page_hash": "13a9cb197ec8315b", "changed_since_last": true}
    DELIVERY PR: /news-release/2026/07/23/3332174/0/en/wtc-group-expands-sustainable-operations-with-kalmar-ottawa-t2-ev-fleet.html WTC G
  FLAG: ZERO Kalmar ORDER-class PRs this quarter past day 45 — floor detector tripped (visibly weak intake)
  INFO: EPA Clean Ports page changed — re-read for new ZE cargo-handling awards (eco-share feed)
  grades vs KALMAR.HE|2026-10-29 (frozen earnings_operating call) — PAPER until then

/Users/ajay/Library/Python/3.9/lib/python/site-packages/urllib3/__init__.py:35: NotOpenSSLWarning: urllib3 v2 only supports OpenSSL 1.1.1+, currently the 'ssl' module is compiled with 'LibreSSL 2.8.3'. See: https://github.com/urllib3/urllib3/issues/3020
  warnings.warn(

===== 2026-08-21 12:55 (desk) =====
[kalmar_nowcast v2] 2026-08-21T12:54:32
  TED tenders: {"status": "ok", "window_days": 90, "tender_count": 246}
  Kalmar PRs: {"status": "ok", "qtd_order_prs": 0, "qtd_delivery_prs": 1, "quarter_start": "2026-07-01"}
  Plant hiring: {"status": "ok", "sites": {"ottawa_ks": {"status": "ok", "open_postings": 9, "production_roles": 3}, "stargard_pl": {"status": "ok", "open_postings": 3, "production_roles": 0}, "tampere_fi": {"status": "ok", "open_postings": 1, "production_roles": 0}}}
  US imports: {"status": "ok", "lanes": {"reachstacker_heavy_PL": {"status": "ok", "latest_month": "2026-06", "recent_3mo_avg_M": 4.59, "baseline_12mo_avg_M": 4.92, "ratio": 0.93}, "reachstacker_heavy_FI": {"status": "ok", "latest_month": "2026-06", "recent_3mo_avg_M": 0.19, "baseline_12mo_avg_M": 0.02, "ratio": 9.5}, "straddle_FI": {"status": "ok", "latest_month": "2025-12", "recent_3mo_avg_M": 0.0, "baseline_12mo_avg_M": 0.12, "ratio": 0.0}}}
  Throughput: {"status": "DATA MISSING", "detail": "no index value parsed"}
  US subsidy: {"status": "ok", "page_hash": "b91412dfe9538a55", "changed_since_last": true}
    DELIVERY PR: /news-release/2026/07/23/3332174/0/en/wtc-group-expands-sustainable-operations-with-kalmar-ottawa-t2-ev-fleet.html WTC G
  FLAG: ZERO Kalmar ORDER-class PRs this quarter past day 45 — floor detector tripped (visibly weak intake)
  INFO: EPA Clean Ports page changed — re-read for new ZE cargo-handling awards (eco-share feed)
  grades vs KALMAR.HE|2026-10-29 (frozen earnings_operating call) — PAPER until then

/Users/ajay/Library/Python/3.9/lib/python/site-packages/urllib3/__init__.py:35: NotOpenSSLWarning: urllib3 v2 only supports OpenSSL 1.1.1+, currently the 'ssl' module is compiled with 'LibreSSL 2.8.3'. See: https://github.com/urllib3/urllib3/issues/3020
  warnings.warn(

===== 2026-08-24 01:57 (desk) =====
[kalmar_nowcast v2] 2026-08-24T01:57:05
  TED tenders: {"status": "ok", "window_days": 90, "tender_count": 255}
  Kalmar PRs: {"status": "ok", "qtd_order_prs": 0, "qtd_delivery_prs": 1, "quarter_start": "2026-07-01"}
  Plant hiring: {"status": "ok", "sites": {"ottawa_ks": {"status": "ok", "open_postings": 8, "production_roles": 1}, "stargard_pl": {"status": "ok", "open_postings": 3, "production_roles": 0}, "tampere_fi": {"status": "ok", "open_postings": 0, "production_roles": 0}}}
  US imports: {"status": "ok", "lanes": {"reachstacker_heavy_PL": {"status": "ok", "latest_month": "2026-06", "recent_3mo_avg_M": 4.59, "baseline_12mo_avg_M": 4.92, "ratio": 0.93}, "reachstacker_heavy_FI": {"status": "ok", "latest_month": "2026-06", "recent_3mo_avg_M": 0.19, "baseline_12mo_avg_M": 0.02, "ratio": 9.5}, "straddle_FI": {"status": "ok", "latest_month": "2025-12", "recent_3mo_avg_M": 0.0, "baseline_12mo_avg_M": 0.12, "ratio": 0.0}}}
  Throughput: {"status": "DATA MISSING", "detail": "no index value parsed"}
  US subsidy: {"status": "ok", "page_hash": "b91412dfe9538a55", "changed_since_last": false}
    DELIVERY PR: /news-release/2026/07/23/3332174/0/en/wtc-group-expands-sustainable-operations-with-kalmar-ottawa-t2-ev-fleet.html WTC G
  FLAG: ZERO Kalmar ORDER-class PRs this quarter past day 45 — floor detector tripped (visibly weak intake)
  grades vs KALMAR.HE|2026-10-29 (frozen earnings_operating call) — PAPER until then

/Users/ajay/Library/Python/3.9/lib/python/site-packages/urllib3/__init__.py:35: NotOpenSSLWarning: urllib3 v2 only supports OpenSSL 1.1.1+, currently the 'ssl' module is compiled with 'LibreSSL 2.8.3'. See: https://github.com/urllib3/urllib3/issues/3020
  warnings.warn(

===== 2026-08-25 02:51 (desk) =====
[kalmar_nowcast v2] 2026-08-25T02:51:15
  TED tenders: {"status": "ok", "window_days": 90, "tender_count": 257}
  Kalmar PRs: {"status": "ok", "qtd_order_prs": 0, "qtd_delivery_prs": 1, "quarter_start": "2026-07-01"}
  Plant hiring: {"status": "ok", "sites": {"ottawa_ks": {"status": "ok", "open_postings": 7, "production_roles": 1}, "stargard_pl": {"status": "ok", "open_postings": 3, "production_roles": 0}, "tampere_fi": {"status": "DATA MISSING", "detail": "endpoint returned nothing (blocked?)"}}}
  US imports: {"status": "ok", "lanes": {"reachstacker_heavy_PL": {"status": "ok", "latest_month": "2026-06", "recent_3mo_avg_M": 4.59, "baseline_12mo_avg_M": 4.92, "ratio": 0.93}, "reachstacker_heavy_FI": {"status": "ok", "latest_month": "2026-06", "recent_3mo_avg_M": 0.19, "baseline_12mo_avg_M": 0.02, "ratio": 9.5}, "straddle_FI": {"status": "ok", "latest_month": "2025-12", "recent_3mo_avg_M": 0.0, "baseline_12mo_avg_M": 0.12, "ratio": 0.0}}}
  Throughput: {"status": "DATA MISSING", "detail": "no index value parsed"}
  US subsidy: {"status": "ok", "page_hash": "b91412dfe9538a55", "changed_since_last": false}
    DELIVERY PR: /news-release/2026/07/23/3332174/0/en/wtc-group-expands-sustainable-operations-with-kalmar-ottawa-t2-ev-fleet.html WTC G
  FLAG: ZERO Kalmar ORDER-class PRs this quarter past day 45 — floor detector tripped (visibly weak intake)
  grades vs KALMAR.HE|2026-10-29 (frozen earnings_operating call) — PAPER until then

/Users/ajay/Library/Python/3.9/lib/python/site-packages/urllib3/__init__.py:35: NotOpenSSLWarning: urllib3 v2 only supports OpenSSL 1.1.1+, currently the 'ssl' module is compiled with 'LibreSSL 2.8.3'. See: https://github.com/urllib3/urllib3/issues/3020
  warnings.warn(

===== 2026-08-26 04:00 (desk) =====
[kalmar_nowcast v2] 2026-08-26T03:59:49
  TED tenders: {"status": "ok", "window_days": 90, "tender_count": 250}
  Kalmar PRs: {"status": "ok", "qtd_order_prs": 0, "qtd_delivery_prs": 1, "quarter_start": "2026-07-01"}
  Plant hiring: {"status": "ok", "sites": {"ottawa_ks": {"status": "ok", "open_postings": 9, "production_roles": 3}, "stargard_pl": {"status": "ok", "open_postings": 3, "production_roles": 0}, "tampere_fi": {"status": "DATA MISSING", "detail": "endpoint returned nothing (blocked?)"}}}
  US imports: {"status": "ok", "lanes": {"reachstacker_heavy_PL": {"status": "ok", "latest_month": "2026-06", "recent_3mo_avg_M": 4.59, "baseline_12mo_avg_M": 4.92, "ratio": 0.93}, "reachstacker_heavy_FI": {"status": "ok", "latest_month": "2026-06", "recent_3mo_avg_M": 0.19, "baseline_12mo_avg_M": 0.02, "ratio": 9.5}, "straddle_FI": {"status": "ok", "latest_month": "2025-12", "recent_3mo_avg_M": 0.0, "baseline_12mo_avg_M": 0.12, "ratio": 0.0}}}
  Throughput: {"status": "DATA MISSING", "detail": "no index value parsed"}
  US subsidy: {"status": "ok", "page_hash": "b91412dfe9538a55", "changed_since_last": false}
    DELIVERY PR: /news-release/2026/07/23/3332174/0/en/wtc-group-expands-sustainable-operations-with-kalmar-ottawa-t2-ev-fleet.html WTC G
  FLAG: ZERO Kalmar ORDER-class PRs this quarter past day 45 — floor detector tripped (visibly weak intake)
  grades vs KALMAR.HE|2026-10-29 (frozen earnings_operating call) — PAPER until then

/Users/ajay/Library/Python/3.9/lib/python/site-packages/urllib3/__init__.py:35: NotOpenSSLWarning: urllib3 v2 only supports OpenSSL 1.1.1+, currently the 'ssl' module is compiled with 'LibreSSL 2.8.3'. See: https://github.com/urllib3/urllib3/issues/3020
  warnings.warn(

===== 2026-08-27 04:52 (desk) =====
[kalmar_nowcast v2] 2026-08-27T04:52:17
  TED tenders: {"status": "ok", "window_days": 90, "tender_count": 256}
  Kalmar PRs: {"status": "ok", "qtd_order_prs": 0, "qtd_delivery_prs": 1, "quarter_start": "2026-07-01"}
  Plant hiring: {"status": "ok", "sites": {"ottawa_ks": {"status": "ok", "open_postings": 10, "production_roles": 4}, "stargard_pl": {"status": "ok", "open_postings": 3, "production_roles": 0}, "tampere_fi": {"status": "ok", "open_postings": 0, "production_roles": 0}}}
  US imports: {"status": "ok", "lanes": {"reachstacker_heavy_PL": {"status": "ok", "latest_month": "2026-06", "recent_3mo_avg_M": 4.59, "baseline_12mo_avg_M": 4.92, "ratio": 0.93}, "reachstacker_heavy_FI": {"status": "ok", "latest_month": "2026-06", "recent_3mo_avg_M": 0.19, "baseline_12mo_avg_M": 0.02, "ratio": 9.5}, "straddle_FI": {"status": "ok", "latest_month": "2025-12", "recent_3mo_avg_M": 0.0, "baseline_12mo_avg_M": 0.12, "ratio": 0.0}}}
  Throughput: {"status": "DATA MISSING", "detail": "no index value parsed"}
  US subsidy: {"status": "ok", "page_hash": "b91412dfe9538a55", "changed_since_last": false}
    DELIVERY PR: /news-release/2026/07/23/3332174/0/en/wtc-group-expands-sustainable-operations-with-kalmar-ottawa-t2-ev-fleet.html WTC G
  FLAG: ZERO Kalmar ORDER-class PRs this quarter past day 45 — floor detector tripped (visibly weak intake)
  grades vs KALMAR.HE|2026-10-29 (frozen earnings_operating call) — PAPER until then

/Users/ajay/Library/Python/3.9/lib/python/site-packages/urllib3/__init__.py:35: NotOpenSSLWarning: urllib3 v2 only supports OpenSSL 1.1.1+, currently the 'ssl' module is compiled with 'LibreSSL 2.8.3'. See: https://github.com/urllib3/urllib3/issues/3020
  warnings.warn(

===== 2026-08-28 05:57 (desk) =====
[kalmar_nowcast v2] 2026-08-28T05:56:45
  TED tenders: {"status": "ok", "window_days": 90, "tender_count": 256}
  Kalmar PRs: {"status": "ok", "qtd_order_prs": 0, "qtd_delivery_prs": 1, "quarter_start": "2026-07-01"}
  Plant hiring: {"status": "ok", "sites": {"ottawa_ks": {"status": "ok", "open_postings": 10, "production_roles": 4}, "stargard_pl": {"status": "ok", "open_postings": 3, "production_roles": 0}, "tampere_fi": {"status": "ok", "open_postings": 0, "production_roles": 0}}}
  US imports: {"status": "ok", "lanes": {"reachstacker_heavy_PL": {"status": "ok", "latest_month": "2026-06", "recent_3mo_avg_M": 4.59, "baseline_12mo_avg_M": 4.92, "ratio": 0.93}, "reachstacker_heavy_FI": {"status": "ok", "latest_month": "2026-06", "recent_3mo_avg_M": 0.19, "baseline_12mo_avg_M": 0.02, "ratio": 9.5}, "straddle_FI": {"status": "ok", "latest_month": "2025-12", "recent_3mo_avg_M": 0.0, "baseline_12mo_avg_M": 0.12, "ratio": 0.0}}}
  Throughput: {"status": "DATA MISSING", "detail": "no index value parsed"}
  US subsidy: {"status": "ok", "page_hash": "9a967eec886c7c12", "changed_since_last": true}
    DELIVERY PR: /news-release/2026/07/23/3332174/0/en/wtc-group-expands-sustainable-operations-with-kalmar-ottawa-t2-ev-fleet.html WTC G
  FLAG: ZERO Kalmar ORDER-class PRs this quarter past day 45 — floor detector tripped (visibly weak intake)
  INFO: EPA Clean Ports page changed — re-read for new ZE cargo-handling awards (eco-share feed)
  grades vs KALMAR.HE|2026-10-29 (frozen earnings_operating call) — PAPER until then

/Users/ajay/Library/Python/3.9/lib/python/site-packages/urllib3/__init__.py:35: NotOpenSSLWarning: urllib3 v2 only supports OpenSSL 1.1.1+, currently the 'ssl' module is compiled with 'LibreSSL 2.8.3'. See: https://github.com/urllib3/urllib3/issues/3020
  warnings.warn(

===== 2026-08-31 00:56 (desk) =====
[kalmar_nowcast v2] 2026-08-31T00:55:57
  TED tenders: {"status": "ok", "window_days": 90, "tender_count": 250}
  Kalmar PRs: {"status": "ok", "qtd_order_prs": 0, "qtd_delivery_prs": 1, "quarter_start": "2026-07-01"}
  Plant hiring: {"status": "ok", "sites": {"ottawa_ks": {"status": "ok", "open_postings": 10, "production_roles": 4}, "stargard_pl": {"status": "ok", "open_postings": 3, "production_roles": 0}, "tampere_fi": {"status": "DATA MISSING", "detail": "endpoint returned nothing (blocked?)"}}}
  US imports: {"status": "ok", "lanes": {"reachstacker_heavy_PL": {"status": "ok", "latest_month": "2026-06", "recent_3mo_avg_M": 4.59, "baseline_12mo_avg_M": 4.92, "ratio": 0.93}, "reachstacker_heavy_FI": {"status": "ok", "latest_month": "2026-06", "recent_3mo_avg_M": 0.19, "baseline_12mo_avg_M": 0.02, "ratio": 9.5}, "straddle_FI": {"status": "ok", "latest_month": "2025-12", "recent_3mo_avg_M": 0.0, "baseline_12mo_avg_M": 0.12, "ratio": 0.0}}}
  Throughput: {"status": "DATA MISSING", "detail": "no index value parsed"}
  US subsidy: {"status": "ok", "page_hash": "5608a0a4539dc540", "changed_since_last": true}
    DELIVERY PR: /news-release/2026/07/23/3332174/0/en/wtc-group-expands-sustainable-operations-with-kalmar-ottawa-t2-ev-fleet.html WTC G
  FLAG: ZERO Kalmar ORDER-class PRs this quarter past day 45 — floor detector tripped (visibly weak intake)
  INFO: EPA Clean Ports page changed — re-read for new ZE cargo-handling awards (eco-share feed)
  grades vs KALMAR.HE|2026-10-29 (frozen earnings_operating call) — PAPER until then

/Users/ajay/Library/Python/3.9/lib/python/site-packages/urllib3/__init__.py:35: NotOpenSSLWarning: urllib3 v2 only supports OpenSSL 1.1.1+, currently the 'ssl' module is compiled with 'LibreSSL 2.8.3'. See: https://github.com/urllib3/urllib3/issues/3020
  warnings.warn(

===== 2026-09-01 01:50 (desk) =====
[kalmar_nowcast v2] 2026-09-01T01:50:29
  TED tenders: {"status": "ok", "window_days": 90, "tender_count": 250}
  Kalmar PRs: {"status": "ok", "qtd_order_prs": 0, "qtd_delivery_prs": 1, "quarter_start": "2026-07-01"}
  Plant hiring: {"status": "ok", "sites": {"ottawa_ks": {"status": "ok", "open_postings": 10, "production_roles": 4}, "stargard_pl": {"status": "ok", "open_postings": 2, "production_roles": 0}, "tampere_fi": {"status": "ok", "open_postings": 0, "production_roles": 0}}}
  US imports: {"status": "ok", "lanes": {"reachstacker_heavy_PL": {"status": "ok", "latest_month": "2026-06", "recent_3mo_avg_M": 4.59, "baseline_12mo_avg_M": 4.92, "ratio": 0.93}, "reachstacker_heavy_FI": {"status": "ok", "latest_month": "2026-06", "recent_3mo_avg_M": 0.19, "baseline_12mo_avg_M": 0.02, "ratio": 9.5}, "straddle_FI": {"status": "ok", "latest_month": "2025-12", "recent_3mo_avg_M": 0.0, "baseline_12mo_avg_M": 0.12, "ratio": 0.0}}}
  Throughput: {"status": "DATA MISSING", "detail": "no index value parsed"}
  US subsidy: {"status": "ok", "page_hash": "6f76dc96a6fa8c93", "changed_since_last": true}
    DELIVERY PR: /news-release/2026/07/23/3332174/0/en/wtc-group-expands-sustainable-operations-with-kalmar-ottawa-t2-ev-fleet.html WTC G
  FLAG: ZERO Kalmar ORDER-class PRs this quarter past day 45 — floor detector tripped (visibly weak intake)
  INFO: EPA Clean Ports page changed — re-read for new ZE cargo-handling awards (eco-share feed)
  grades vs KALMAR.HE|2026-10-29 (frozen earnings_operating call) — PAPER until then

/Users/ajay/Library/Python/3.9/lib/python/site-packages/urllib3/__init__.py:35: NotOpenSSLWarning: urllib3 v2 only supports OpenSSL 1.1.1+, currently the 'ssl' module is compiled with 'LibreSSL 2.8.3'. See: https://github.com/urllib3/urllib3/issues/3020
  warnings.warn(

===== 2026-09-02 02:53 (desk) =====
[kalmar_nowcast v2] 2026-09-02T02:50:56
  TED tenders: {"status": "ok", "window_days": 90, "tender_count": 251}
  Kalmar PRs: {"status": "ok", "qtd_order_prs": 0, "qtd_delivery_prs": 1, "quarter_start": "2026-07-01"}
  Plant hiring: {"status": "ok", "sites": {"ottawa_ks": {"status": "ok", "open_postings": 10, "production_roles": 4}, "stargard_pl": {"status": "ok", "open_postings": 2, "production_roles": 0}, "tampere_fi": {"status": "ok", "open_postings": 0, "production_roles": 0}}}
  US imports: {"status": "DATA MISSING", "lanes": {"reachstacker_heavy_PL": {"status": "DATA MISSING", "detail": "ERROR"}, "reachstacker_heavy_FI": {"status": "DATA MISSING", "detail": "ERROR"}, "straddle_FI": {"status": "DATA MISSING", "detail": "ERROR"}}}
  Throughput: {"status": "DATA MISSING", "detail": "no index value parsed"}
  US subsidy: {"status": "ok", "page_hash": "fa31cb2a19e2e44b", "changed_since_last": true}
    DELIVERY PR: /news-release/2026/07/23/3332174/0/en/wtc-group-expands-sustainable-operations-with-kalmar-ottawa-t2-ev-fleet.html WTC G
  FLAG: ZERO Kalmar ORDER-class PRs this quarter past day 45 — floor detector tripped (visibly weak intake)
  INFO: EPA Clean Ports page changed — re-read for new ZE cargo-handling awards (eco-share feed)
  grades vs KALMAR.HE|2026-10-29 (frozen earnings_operating call) — PAPER until then

/Users/ajay/Library/Python/3.9/lib/python/site-packages/urllib3/__init__.py:35: NotOpenSSLWarning: urllib3 v2 only supports OpenSSL 1.1.1+, currently the 'ssl' module is compiled with 'LibreSSL 2.8.3'. See: https://github.com/urllib3/urllib3/issues/3020
  warnings.warn(

===== 2026-09-03 03:57 (desk) =====
[kalmar_nowcast v2] 2026-09-03T03:56:45
  TED tenders: {"status": "ok", "window_days": 90, "tender_count": 255}
  Kalmar PRs: {"status": "ok", "qtd_order_prs": 0, "qtd_delivery_prs": 1, "quarter_start": "2026-07-01"}
  Plant hiring: {"status": "ok", "sites": {"ottawa_ks": {"status": "ok", "open_postings": 10, "production_roles": 4}, "stargard_pl": {"status": "ok", "open_postings": 3, "production_roles": 0}, "tampere_fi": {"status": "ok", "open_postings": 0, "production_roles": 0}}}
  US imports: {"status": "ok", "lanes": {"reachstacker_heavy_PL": {"status": "ok", "latest_month": "2026-06", "recent_3mo_avg_M": 4.59, "baseline_12mo_avg_M": 4.92, "ratio": 0.93}, "reachstacker_heavy_FI": {"status": "ok", "latest_month": "2026-06", "recent_3mo_avg_M": 0.19, "baseline_12mo_avg_M": 0.02, "ratio": 9.5}, "straddle_FI": {"status": "ok", "latest_month": "2025-12", "recent_3mo_avg_M": 0.0, "baseline_12mo_avg_M": 0.12, "ratio": 0.0}}}
  Throughput: {"status": "DATA MISSING", "detail": "no index value parsed"}
  US subsidy: {"status": "ok", "page_hash": "fa31cb2a19e2e44b", "changed_since_last": false}
    DELIVERY PR: /news-release/2026/07/23/3332174/0/en/wtc-group-expands-sustainable-operations-with-kalmar-ottawa-t2-ev-fleet.html WTC G
  FLAG: ZERO Kalmar ORDER-class PRs this quarter past day 45 — floor detector tripped (visibly weak intake)
  grades vs KALMAR.HE|2026-10-29 (frozen earnings_operating call) — PAPER until then

/Users/ajay/Library/Python/3.9/lib/python/site-packages/urllib3/__init__.py:35: NotOpenSSLWarning: urllib3 v2 only supports OpenSSL 1.1.1+, currently the 'ssl' module is compiled with 'LibreSSL 2.8.3'. See: https://github.com/urllib3/urllib3/issues/3020
  warnings.warn(

===== 2026-09-04 04:51 (desk) =====
[kalmar_nowcast v2] 2026-09-04T04:51:18
  TED tenders: {"status": "ok", "window_days": 90, "tender_count": 252}
  Kalmar PRs: {"status": "ok", "qtd_order_prs": 0, "qtd_delivery_prs": 1, "quarter_start": "2026-07-01"}
  Plant hiring: {"status": "ok", "sites": {"ottawa_ks": {"status": "ok", "open_postings": 7, "production_roles": 1}, "stargard_pl": {"status": "ok", "open_postings": 3, "production_roles": 0}, "tampere_fi": {"status": "ok", "open_postings": 1, "production_roles": 0}}}
  US imports: {"status": "ok", "lanes": {"reachstacker_heavy_PL": {"status": "ok", "latest_month": "2026-07", "recent_3mo_avg_M": 5.14, "baseline_12mo_avg_M": 4.88, "ratio": 1.05}, "reachstacker_heavy_FI": {"status": "ok", "latest_month": "2026-07", "recent_3mo_avg_M": 0.19, "baseline_12mo_avg_M": 0.02, "ratio": 9.5}, "straddle_FI": {"status": "ok", "latest_month": "2025-12", "recent_3mo_avg_M": 0.0, "baseline_12mo_avg_M": 0.12, "ratio": 0.0}}}
  Throughput: {"status": "DATA MISSING", "detail": "no index value parsed"}
  US subsidy: {"status": "ok", "page_hash": "00c1cd7743b8d3ca", "changed_since_last": true}
    DELIVERY PR: /news-release/2026/07/23/3332174/0/en/wtc-group-expands-sustainable-operations-with-kalmar-ottawa-t2-ev-fleet.html WTC G
  FLAG: ZERO Kalmar ORDER-class PRs this quarter past day 45 — floor detector tripped (visibly weak intake)
  INFO: EPA Clean Ports page changed — re-read for new ZE cargo-handling awards (eco-share feed)
  grades vs KALMAR.HE|2026-10-29 (frozen earnings_operating call) — PAPER until then

/Users/ajay/Library/Python/3.9/lib/python/site-packages/urllib3/__init__.py:35: NotOpenSSLWarning: urllib3 v2 only supports OpenSSL 1.1.1+, currently the 'ssl' module is compiled with 'LibreSSL 2.8.3'. See: https://github.com/urllib3/urllib3/issues/3020
  warnings.warn(

===== 2026-09-07 01:06 (desk) =====
[kalmar_nowcast v2] 2026-09-07T01:06:00
  TED tenders: {"status": "ok", "window_days": 90, "tender_count": 250}
  Kalmar PRs: {"status": "ok", "qtd_order_prs": 0, "qtd_delivery_prs": 1, "quarter_start": "2026-07-01"}
  Plant hiring: {"status": "ok", "sites": {"ottawa_ks": {"status": "ok", "open_postings": 9, "production_roles": 4}, "stargard_pl": {"status": "ok", "open_postings": 3, "production_roles": 0}, "tampere_fi": {"status": "ok", "open_postings": 2, "production_roles": 0}}}
  US imports: {"status": "ok", "lanes": {"reachstacker_heavy_PL": {"status": "ok", "latest_month": "2026-07", "recent_3mo_avg_M": 5.14, "baseline_12mo_avg_M": 4.88, "ratio": 1.05}, "reachstacker_heavy_FI": {"status": "ok", "latest_month": "2026-07", "recent_3mo_avg_M": 0.19, "baseline_12mo_avg_M": 0.02, "ratio": 9.5}, "straddle_FI": {"status": "ok", "latest_month": "2025-12", "recent_3mo_avg_M": 0.0, "baseline_12mo_avg_M": 0.12, "ratio": 0.0}}}
  Throughput: {"status": "DATA MISSING", "detail": "no index value parsed"}
  US subsidy: {"status": "ok", "page_hash": "00c1cd7743b8d3ca", "changed_since_last": false}
    DELIVERY PR: /news-release/2026/07/23/3332174/0/en/wtc-group-expands-sustainable-operations-with-kalmar-ottawa-t2-ev-fleet.html WTC G
  FLAG: ZERO Kalmar ORDER-class PRs this quarter past day 45 — floor detector tripped (visibly weak intake)
  grades vs KALMAR.HE|2026-10-29 (frozen earnings_operating call) — PAPER until then

/Users/ajay/Library/Python/3.9/lib/python/site-packages/urllib3/__init__.py:35: NotOpenSSLWarning: urllib3 v2 only supports OpenSSL 1.1.1+, currently the 'ssl' module is compiled with 'LibreSSL 2.8.3'. See: https://github.com/urllib3/urllib3/issues/3020
  warnings.warn(

===== 2026-09-11 01:36 (desk) =====
[kalmar_nowcast v2] 2026-09-11T01:36:17
  TED tenders: {"status": "ok", "window_days": 90, "tender_count": 245}
  Kalmar PRs: {"status": "ok", "qtd_order_prs": 0, "qtd_delivery_prs": 1, "quarter_start": "2026-07-01"}
  Plant hiring: {"status": "ok", "sites": {"ottawa_ks": {"status": "ok", "open_postings": 3, "production_roles": 1}, "stargard_pl": {"status": "ok", "open_postings": 4, "production_roles": 0}, "tampere_fi": {"status": "ok", "open_postings": 3, "production_roles": 0}}}
  US imports: {"status": "ok", "lanes": {"reachstacker_heavy_PL": {"status": "ok", "latest_month": "2026-07", "recent_3mo_avg_M": 5.14, "baseline_12mo_avg_M": 4.88, "ratio": 1.05}, "reachstacker_heavy_FI": {"status": "ok", "latest_month": "2026-07", "recent_3mo_avg_M": 0.19, "baseline_12mo_avg_M": 0.02, "ratio": 9.5}, "straddle_FI": {"status": "ok", "latest_month": "2025-12", "recent_3mo_avg_M": 0.0, "baseline_12mo_avg_M": 0.12, "ratio": 0.0}}}
  Throughput: {"status": "DATA MISSING", "detail": "no index value parsed"}
  US subsidy: {"status": "ok", "page_hash": "17291e67e352f2aa", "changed_since_last": true}
    DELIVERY PR: /news-release/2026/07/23/3332174/0/en/wtc-group-expands-sustainable-operations-with-kalmar-ottawa-t2-ev-fleet.html WTC G
  FLAG: ZERO Kalmar ORDER-class PRs this quarter past day 45 — floor detector tripped (visibly weak intake)
  INFO: EPA Clean Ports page changed — re-read for new ZE cargo-handling awards (eco-share feed)
  grades vs KALMAR.HE|2026-10-29 (frozen earnings_operating call) — PAPER until then

/Users/ajay/Library/Python/3.9/lib/python/site-packages/urllib3/__init__.py:35: NotOpenSSLWarning: urllib3 v2 only supports OpenSSL 1.1.1+, currently the 'ssl' module is compiled with 'LibreSSL 2.8.3'. See: https://github.com/urllib3/urllib3/issues/3020
  warnings.warn(

===== 2026-09-11 01:42 (desk) =====
[kalmar_nowcast v2] 2026-09-11T01:42:11
  TED tenders: {"status": "ok", "window_days": 90, "tender_count": 245}
  Kalmar PRs: {"status": "ok", "qtd_order_prs": 0, "qtd_delivery_prs": 1, "quarter_start": "2026-07-01"}
  Plant hiring: {"status": "ok", "sites": {"ottawa_ks": {"status": "ok", "open_postings": 6, "production_roles": 4}, "stargard_pl": {"status": "ok", "open_postings": 4, "production_roles": 0}, "tampere_fi": {"status": "ok", "open_postings": 2, "production_roles": 0}}}
  US imports: {"status": "ok", "lanes": {"reachstacker_heavy_PL": {"status": "ok", "latest_month": "2026-07", "recent_3mo_avg_M": 5.14, "baseline_12mo_avg_M": 4.88, "ratio": 1.05}, "reachstacker_heavy_FI": {"status": "ok", "latest_month": "2026-07", "recent_3mo_avg_M": 0.19, "baseline_12mo_avg_M": 0.02, "ratio": 9.5}, "straddle_FI": {"status": "ok", "latest_month": "2025-12", "recent_3mo_avg_M": 0.0, "baseline_12mo_avg_M": 0.12, "ratio": 0.0}}}
  Throughput: {"status": "DATA MISSING", "detail": "no index value parsed"}
  US subsidy: {"status": "ok", "page_hash": "17291e67e352f2aa", "changed_since_last": false}
    DELIVERY PR: /news-release/2026/07/23/3332174/0/en/wtc-group-expands-sustainable-operations-with-kalmar-ottawa-t2-ev-fleet.html WTC G
  FLAG: ZERO Kalmar ORDER-class PRs this quarter past day 45 — floor detector tripped (visibly weak intake)
  grades vs KALMAR.HE|2026-10-29 (frozen earnings_operating call) — PAPER until then

/Users/ajay/Library/Python/3.9/lib/python/site-packages/urllib3/__init__.py:35: NotOpenSSLWarning: urllib3 v2 only supports OpenSSL 1.1.1+, currently the 'ssl' module is compiled with 'LibreSSL 2.8.3'. See: https://github.com/urllib3/urllib3/issues/3020
  warnings.warn(
