
===== 2026-07-23 02:32 (desk) =====
[lab_panel] sampling 12 metros x 2 companies asof 2026-07-23 02:30
  labcorp NYC: ok 2026-07-23T07:45:00
  labcorp LA: ok 2026-07-23T07:45:00
  labcorp CHI: ok 2026-07-23T09:15:00
  labcorp HOU: ok 2026-07-23T08:00:00
  labcorp PHX: ok 2026-07-23T08:45:00
  labcorp PHL: ok 2026-07-23T08:30:00
  labcorp DAL: ok 2026-07-23T09:15:00
  labcorp SD: ok 2026-07-23T11:00:00
  labcorp SJ: ok 2026-07-23T10:45:00
  labcorp MIA: ok 2026-07-23T08:20:00
  labcorp ATL: ok 2026-07-23T12:30:00
  labcorp BOS: ok 2026-07-23T07:30:00
  quest NYC: ok 2026-07-23T09:00
  quest LA: ok 2026-07-28T13:20
  quest CHI: ok 2026-07-23T10:10
  quest HOU: ok 2026-07-23T09:30
  quest PHX: no_coverage no PSC on the national scheduler in radius; nearest non-bookable: Sonora Quest Laboratories - Sonora Quest Inside Camelback Rd
  quest PHL: ok 2026-07-24T07:10
  quest DAL: ok 2026-07-23T11:30
  quest SD: ok 2026-07-23T12:20
  quest SJ: ok 2026-07-23T13:40
  quest MIA: ok 2026-07-23T14:30
  quest ATL: ok 2026-07-23T09:40
  quest BOS: ok 2026-07-23T07:10

[lab_panel] live sample @ 2026-07-23T02:30:34 -> /Users/ajay/exalted/signalos/desk/data/lab_panel/history.jsonl
  labcorp  median_days_to_next_slot=  0.0 same-day=100.0% within-48h=100.0% n_ok=12 n_blocked=0 n_no_slots=0 n_no_coverage=0 n_error=0
  quest    median_days_to_next_slot=  0.0 same-day=81.8% within-48h=90.9% n_ok=11 n_blocked=0 n_no_slots=0 n_no_coverage=1 n_error=0 | walk-in median 1min
  PAPER until validated: grade vs the October DGX/LH volume prints before any use.


===== 2026-07-30 03:32 (desk) =====
[lab_panel] sampling 12 metros x 2 companies asof 2026-07-30 03:30
  labcorp NYC: ok 2026-07-30T11:15:00
  labcorp LA: ok 2026-07-30T11:15:00
  labcorp CHI: ok 2026-07-30T11:30:00
  labcorp HOU: ok 2026-07-30T08:00:00
  labcorp PHX: ok 2026-07-30T08:15:00
  labcorp PHL: ok 2026-07-30T07:15:00
  labcorp DAL: ok 2026-07-30T09:00:00
  labcorp SD: ok 2026-07-30T07:30:00
  labcorp SJ: ok 2026-07-30T10:30:00
  labcorp MIA: ok 2026-07-30T11:25:00
  labcorp ATL: ok 2026-07-30T08:45:00
  labcorp BOS: ok 2026-07-30T07:15:00
  quest NYC: ok 2026-07-30T12:00
  quest LA: ok 2026-08-04T13:40
  quest CHI: ok 2026-07-30T10:30
  quest HOU: ok 2026-07-30T08:10
  quest PHX: no_coverage no PSC on the national scheduler in radius; nearest non-bookable: Sonora Quest Laboratories - Sonora Quest Inside Camelback Rd
  quest PHL: ok 2026-07-30T07:20
  quest DAL: ok 2026-07-30T11:30
  quest SD: ok 2026-07-30T11:40
  quest SJ: ok 2026-07-30T13:20
  quest MIA: ok 2026-07-30T07:00
  quest ATL: ok 2026-07-30T12:30
  quest BOS: ok 2026-07-30T10:00

[lab_panel] live sample @ 2026-07-30T03:30:00 -> /Users/ajay/exalted/signalos/desk/data/lab_panel/history.jsonl
  labcorp  median_days_to_next_slot=  0.0 same-day=100.0% within-48h=100.0% n_ok=12 n_blocked=0 n_no_slots=0 n_no_coverage=0 n_error=0
  quest    median_days_to_next_slot=  0.0 same-day=90.9% within-48h=90.9% n_ok=11 n_blocked=0 n_no_slots=0 n_no_coverage=1 n_error=0 | walk-in median 0min
  PAPER until validated: grade vs the October DGX/LH volume prints before any use.


===== 2026-08-06 04:36 (desk) =====
[lab_panel] sampling 12 metros x 2 companies asof 2026-08-06 04:34
  labcorp NYC: ok 2026-08-06T10:00:00
  labcorp LA: ok 2026-08-18T12:00:00
  labcorp CHI: ok 2026-08-06T10:45:00
  labcorp HOU: ok 2026-08-06T08:15:00
  labcorp PHX: ok 2026-08-06T07:15:00
  labcorp PHL: ok 2026-08-06T09:00:00
  labcorp DAL: ok 2026-08-06T08:30:00
  labcorp SD: ok 2026-08-06T10:45:00
  labcorp SJ: ok 2026-08-06T08:15:00
  labcorp MIA: ok 2026-08-06T10:45:00
  labcorp ATL: ok 2026-08-06T10:35:00
  labcorp BOS: ok 2026-08-06T08:10:00
  quest NYC: ok 2026-08-06T09:30
  quest LA: ok 2026-08-11T14:10
  quest CHI: ok 2026-08-06T11:00
  quest HOU: ok 2026-08-06T08:40
  quest PHX: no_coverage no PSC on the national scheduler in radius; nearest non-bookable: Sonora Quest Laboratories - Sonora Quest Inside Camelback Rd
  quest PHL: ok 2026-08-06T10:30
  quest DAL: ok 2026-08-06T08:10
  quest SD: ok 2026-08-06T12:40
  quest SJ: ok 2026-08-06T14:10
  quest MIA: ok 2026-08-06T11:30
  quest ATL: ok 2026-08-06T12:10
  quest BOS: ok 2026-08-06T08:40

[lab_panel] live sample @ 2026-08-06T04:34:10 -> /Users/ajay/exalted/signalos/desk/data/lab_panel/history.jsonl
  labcorp  median_days_to_next_slot=  0.0 same-day=91.7% within-48h=91.7% n_ok=12 n_blocked=0 n_no_slots=0 n_no_coverage=0 n_error=0
  quest    median_days_to_next_slot=  0.0 same-day=90.9% within-48h=90.9% n_ok=11 n_blocked=0 n_no_slots=0 n_no_coverage=1 n_error=0 | walk-in median 0min
  PAPER until validated: grade vs the October DGX/LH volume prints before any use.


===== 2026-08-13 09:14 (desk) =====
[lab_panel] sampling 12 metros x 2 companies asof 2026-08-13 09:11
  labcorp NYC: ok 2026-08-13T13:00:00
  labcorp LA: ok 2026-08-25T13:30:00
  labcorp CHI: ok 2026-08-13T12:05:00
  labcorp HOU: ok 2026-08-13T11:45:00
  labcorp PHX: ok 2026-08-13T09:45:00
  labcorp PHL: ok 2026-08-14T10:15:00
  labcorp DAL: ok 2026-08-13T11:45:00
  labcorp SD: ok 2026-08-13T11:30:00
  labcorp SJ: ok 2026-08-13T11:30:00
  labcorp MIA: ok 2026-08-13T13:15:00
  labcorp ATL: ok 2026-08-13T12:45:00
  labcorp BOS: ok 2026-08-13T12:45:00
  quest NYC: ok 2026-08-13T12:30
  quest LA: ok 2026-08-14T11:40
  quest CHI: ok 2026-08-13T11:40
  quest HOU: ok 2026-08-13T12:20
  quest PHX: no_coverage no PSC on the national scheduler in radius; nearest non-bookable: Sonora Quest Laboratories - Sonora Quest Inside Camelback Rd
  quest PHL: ok 2026-08-13T14:40
  quest DAL: ok 2026-08-13T13:40
  quest SD: ok 2026-08-13T11:40
  quest SJ: ok 2026-08-14T13:00
  quest MIA: ok 2026-08-13T13:40
  quest ATL: ok 2026-08-13T12:20
  quest BOS: ok 2026-08-14T15:40

[lab_panel] live sample @ 2026-08-13T09:11:57 -> /Users/ajay/exalted/signalos/desk/data/lab_panel/history.jsonl
  labcorp  median_days_to_next_slot=  0.0 same-day=83.3% within-48h=91.7% n_ok=12 n_blocked=0 n_no_slots=0 n_no_coverage=0 n_error=0
  quest    median_days_to_next_slot=  0.0 same-day=72.7% within-48h=100.0% n_ok=11 n_blocked=0 n_no_slots=0 n_no_coverage=1 n_error=0 | walk-in median 8min
  PAPER until validated: grade vs the October DGX/LH volume prints before any use.


===== 2026-08-20 09:39 (desk) =====
[lab_panel] sampling 12 metros x 2 companies asof 2026-08-20 09:37
  labcorp NYC: ok 2026-08-20T13:45:00
  labcorp LA: ok 2026-09-01T14:15:00
  labcorp CHI: ok 2026-08-20T12:30:00
  labcorp HOU: ok 2026-08-20T12:10:00
  labcorp PHX: ok 2026-08-20T10:10:00
  labcorp PHL: ok 2026-08-20T13:45:00
  labcorp DAL: ok 2026-08-20T12:10:00
  labcorp SD: ok 2026-08-20T11:45:00
  labcorp SJ: ok 2026-08-20T12:00:00
  labcorp MIA: ok 2026-08-20T13:10:00
  labcorp ATL: ok 2026-08-21T14:15:00
  labcorp BOS: ok 2026-08-20T13:10:00
  quest NYC: ok 2026-08-20T14:10
  quest LA: ok 2026-08-21T10:10
  quest CHI: ok 2026-08-20T11:40
  quest HOU: ok 2026-08-20T12:10
  quest PHX: no_coverage no PSC on the national scheduler in radius; nearest non-bookable: Sonora Quest Laboratories - Sonora Quest Inside Camelback Rd
  quest PHL: ok 2026-08-20T13:20
  quest DAL: ok 2026-08-20T14:30
  quest SD: ok 2026-08-20T13:40
  quest SJ: ok 2026-08-20T13:40
  quest MIA: ok 2026-08-20T14:10
  quest ATL: ok 2026-08-20T13:10
  quest BOS: ok 2026-08-24T13:40

[lab_panel] live sample @ 2026-08-20T09:37:38 -> /Users/ajay/exalted/signalos/desk/data/lab_panel/history.jsonl
  labcorp  median_days_to_next_slot=  0.0 same-day=83.3% within-48h=91.7% n_ok=12 n_blocked=0 n_no_slots=0 n_no_coverage=0 n_error=0
  quest    median_days_to_next_slot=  0.0 same-day=81.8% within-48h=90.9% n_ok=11 n_blocked=0 n_no_slots=0 n_no_coverage=1 n_error=0 | walk-in median 5min
  PAPER until validated: grade vs the October DGX/LH volume prints before any use.


===== 2026-08-27 10:33 (desk) =====
[lab_panel] sampling 12 metros x 2 companies asof 2026-08-27 10:30
  labcorp NYC: ok 2026-08-31T09:45:00
  labcorp LA: ok 2026-09-08T14:15:00
  labcorp CHI: ok 2026-08-27T13:15:00
  labcorp HOU: ok 2026-08-27T13:30:00
  labcorp PHX: ok 2026-08-27T11:15:00
  labcorp PHL: ok 2026-08-31T07:00:00
  labcorp DAL: ok 2026-08-27T13:05:00
  labcorp SD: ok 2026-08-27T12:30:00
  labcorp SJ: ok 2026-08-27T11:05:00
  labcorp MIA: ok 2026-08-27T14:05:00
  labcorp ATL: ok 2026-08-27T15:00:00
  labcorp BOS: ok 2026-08-27T14:05:00
  quest NYC: ok 2026-08-27T13:40
  quest LA: ok 2026-08-31T14:00
  quest CHI: ok 2026-08-27T13:10
  quest HOU: ok 2026-08-27T13:10
  quest PHX: no_coverage no PSC on the national scheduler in radius; nearest non-bookable: Sonora Quest Laboratories - Sonora Quest Inside Camelback Rd
  quest PHL: ok 2026-08-27T14:20
  quest DAL: ok 2026-08-27T12:40
  quest SD: ok 2026-08-27T11:20
  quest SJ: ok 2026-08-27T14:10
  quest MIA: ok 2026-08-27T14:10
  quest ATL: ok 2026-08-27T14:10
  quest BOS: no_slots all nearest bookable PSCs booked out within 14d

[lab_panel] live sample @ 2026-08-27T10:30:49 -> /Users/ajay/exalted/signalos/desk/data/lab_panel/history.jsonl
  labcorp  median_days_to_next_slot=  0.0 same-day=75.0% within-48h=75.0% n_ok=12 n_blocked=0 n_no_slots=0 n_no_coverage=0 n_error=0
  quest    median_days_to_next_slot=  0.0 same-day=90.0% within-48h=90.0% n_ok=10 n_blocked=0 n_no_slots=1 n_no_coverage=1 n_error=0 | walk-in median 2.5min
  PAPER until validated: grade vs the October DGX/LH volume prints before any use.


===== 2026-09-03 11:36 (desk) =====
[lab_panel] sampling 12 metros x 2 companies asof 2026-09-03 11:34
  labcorp NYC: ok 2026-09-04T11:00:00
  labcorp LA: ok 2026-09-15T11:00:00
  labcorp CHI: ok 2026-09-03T15:00:00
  labcorp HOU: ok 2026-09-03T14:10:00
  labcorp PHX: ok 2026-09-03T12:10:00
  labcorp PHL: ok 2026-09-04T12:30:00
  labcorp DAL: ok 2026-09-03T14:10:00
  labcorp SD: ok 2026-09-03T12:45:00
  labcorp SJ: ok 2026-09-03T12:45:00
  labcorp MIA: ok 2026-09-04T07:15:00
  labcorp ATL: ok 2026-09-03T15:15:00
  labcorp BOS: ok 2026-09-03T15:15:00
  quest NYC: ok 2026-09-03T14:40
  quest LA: ok 2026-09-08T15:20
  quest CHI: ok 2026-09-03T13:40
  quest HOU: ok 2026-09-03T13:50
  quest PHX: no_coverage no PSC on the national scheduler in radius; nearest non-bookable: Sonora Quest Laboratories - Sonora Quest Inside Camelback Rd
  quest PHL: ok 2026-09-04T08:00
  quest DAL: ok 2026-09-03T14:30
  quest SD: ok 2026-09-03T12:30
  quest SJ: ok 2026-09-08T12:20
  quest MIA: ok 2026-09-04T14:30
  quest ATL: ok 2026-09-08T12:10
  quest BOS: ok 2026-09-04T09:40

[lab_panel] live sample @ 2026-09-03T11:34:38 -> /Users/ajay/exalted/signalos/desk/data/lab_panel/history.jsonl
  labcorp  median_days_to_next_slot=  0.0 same-day=66.7% within-48h=91.7% n_ok=12 n_blocked=0 n_no_slots=0 n_no_coverage=0 n_error=0
  quest    median_days_to_next_slot=  1.0 same-day=45.5% within-48h=72.7% n_ok=11 n_blocked=0 n_no_slots=0 n_no_coverage=1 n_error=0 | walk-in median 10min
  PAPER until validated: grade vs the October DGX/LH volume prints before any use.


===== 2026-09-11 01:34 (desk) =====
[lab_panel] sampling 12 metros x 2 companies asof 2026-09-11 01:32
  labcorp NYC: ok 2026-09-11T07:45:00
  labcorp LA: ok 2026-09-21T14:00:00
  labcorp CHI: ok 2026-09-11T09:15:00
  labcorp HOU: ok 2026-09-11T08:15:00
  labcorp PHX: ok 2026-09-11T07:00:00
  labcorp PHL: ok 2026-09-14T10:15:00
  labcorp DAL: ok 2026-09-11T09:15:00
  labcorp SD: ok 2026-09-11T10:45:00
  labcorp SJ: ok 2026-09-11T13:15:00
  labcorp MIA: ok 2026-09-11T11:25:00
  labcorp ATL: ok 2026-09-11T11:15:00
  labcorp BOS: ok 2026-09-11T10:00:00
  quest NYC: ok 2026-09-11T13:00
  quest LA: ok 2026-09-15T15:00
  quest CHI: ok 2026-09-11T11:30
  quest HOU: ok 2026-09-11T10:30
  quest PHX: no_coverage no PSC on the national scheduler in radius; nearest non-bookable: Sonora Quest Laboratories - Sonora Quest Inside Camelback Rd
  quest PHL: ok 2026-09-11T13:40
  quest DAL: ok 2026-09-14T10:50
  quest SD: ok 2026-09-11T14:10
  quest SJ: ok 2026-09-14T14:10
  quest MIA: ok 2026-09-11T09:10
  quest ATL: ok 2026-09-11T12:30
  quest BOS: ok 2026-09-11T16:20

[lab_panel] live sample @ 2026-09-11T01:32:32 -> /Users/ajay/exalted/signalos/desk/data/lab_panel/history.jsonl
  labcorp  median_days_to_next_slot=  0.0 same-day=83.3% within-48h=83.3% n_ok=12 n_blocked=0 n_no_slots=0 n_no_coverage=0 n_error=0
  quest    median_days_to_next_slot=  0.0 same-day=72.7% within-48h=72.7% n_ok=11 n_blocked=0 n_no_slots=0 n_no_coverage=1 n_error=0 | walk-in median 0min
  PAPER until validated: grade vs the October DGX/LH volume prints before any use.


===== 2026-09-11 01:41 (desk) =====
[lab_panel] sampling 12 metros x 2 companies asof 2026-09-11 01:39
  labcorp NYC: ok 2026-09-11T07:45:00
  labcorp LA: ok 2026-09-21T14:00:00
  labcorp CHI: ok 2026-09-11T09:15:00
  labcorp HOU: ok 2026-09-11T08:15:00
  labcorp PHX: ok 2026-09-11T07:00:00
  labcorp PHL: ok 2026-09-11T14:00:00
  labcorp DAL: ok 2026-09-11T09:15:00
  labcorp SD: ok 2026-09-11T10:45:00
  labcorp SJ: ok 2026-09-11T13:15:00
  labcorp MIA: ok 2026-09-11T11:25:00
  labcorp ATL: ok 2026-09-11T11:15:00
  labcorp BOS: ok 2026-09-11T10:00:00
  quest NYC: ok 2026-09-11T13:00
  quest LA: ok 2026-09-15T15:00
  quest CHI: ok 2026-09-11T11:30
  quest HOU: ok 2026-09-11T10:30
  quest PHX: no_coverage no PSC on the national scheduler in radius; nearest non-bookable: Sonora Quest Laboratories - Sonora Quest Inside Camelback Rd
  quest PHL: ok 2026-09-11T13:40
  quest DAL: ok 2026-09-14T10:50
  quest SD: ok 2026-09-11T14:10
  quest SJ: ok 2026-09-14T14:10
  quest MIA: ok 2026-09-11T09:10
  quest ATL: ok 2026-09-11T12:30
  quest BOS: ok 2026-09-11T16:20

[lab_panel] live sample @ 2026-09-11T01:39:15 -> /Users/ajay/exalted/signalos/desk/data/lab_panel/history.jsonl
  labcorp  median_days_to_next_slot=  0.0 same-day=91.7% within-48h=91.7% n_ok=12 n_blocked=0 n_no_slots=0 n_no_coverage=0 n_error=0
  quest    median_days_to_next_slot=  0.0 same-day=72.7% within-48h=72.7% n_ok=11 n_blocked=0 n_no_slots=0 n_no_coverage=1 n_error=0 | walk-in median 0min
  PAPER until validated: grade vs the October DGX/LH volume prints before any use.

