
===== 2026-07-06 00:33 (desk) =====
=== PREDICTION-MARKET market_p REFRESH  2026-07-06 ===
  FRO|2026-08-31         market_p=0.715  [RELATED]  Strait of Hormuz traffic returns to normal by December 31?
  BBD|2026-10-25         market_p=0.002  [RELATED]  Will Tarcisio de Freitas win the 2026 Brazilian presidential


===== 2026-07-07 07:33 (desk) =====

Traceback (most recent call last):
  File "/Library/Developer/CommandLineTools/Library/Frameworks/Python3.framework/Versions/3.9/lib/python3.9/runpy.py", line 197, in _run_module_as_main
    return _run_code(code, main_globals, None,
  File "/Library/Developer/CommandLineTools/Library/Frameworks/Python3.framework/Versions/3.9/lib/python3.9/runpy.py", line 87, in _run_code
    exec(code, run_globals)
  File "/Users/ajay/exalted/signalos/desk/prediction_markets.py", line 141, in <module>
    res = refresh()
  File "/Users/ajay/exalted/signalos/desk/prediction_markets.py", line 127, in refresh
    r["market_p_source"] = f"{spec['venue']}: {q['question']} ({spec['match']})"
KeyError: 'match'

===== 2026-07-08 08:32 (desk) =====

Traceback (most recent call last):
  File "/Library/Developer/CommandLineTools/Library/Frameworks/Python3.framework/Versions/3.9/lib/python3.9/runpy.py", line 197, in _run_module_as_main
    return _run_code(code, main_globals, None,
  File "/Library/Developer/CommandLineTools/Library/Frameworks/Python3.framework/Versions/3.9/lib/python3.9/runpy.py", line 87, in _run_code
    exec(code, run_globals)
  File "/Users/ajay/exalted/signalos/desk/prediction_markets.py", line 141, in <module>
    res = refresh()
  File "/Users/ajay/exalted/signalos/desk/prediction_markets.py", line 127, in refresh
    r["market_p_source"] = f"{spec['venue']}: {q['question']} ({spec['match']})"
KeyError: 'match'

===== 2026-07-09 09:33 (desk) =====

Traceback (most recent call last):
  File "/Library/Developer/CommandLineTools/Library/Frameworks/Python3.framework/Versions/3.9/lib/python3.9/runpy.py", line 197, in _run_module_as_main
    return _run_code(code, main_globals, None,
  File "/Library/Developer/CommandLineTools/Library/Frameworks/Python3.framework/Versions/3.9/lib/python3.9/runpy.py", line 87, in _run_code
    exec(code, run_globals)
  File "/Users/ajay/exalted/signalos/desk/prediction_markets.py", line 141, in <module>
    res = refresh()
  File "/Users/ajay/exalted/signalos/desk/prediction_markets.py", line 127, in refresh
    r["market_p_source"] = f"{spec['venue']}: {q['question']} ({spec['match']})"
KeyError: 'match'

===== 2026-07-10 10:35 (desk) =====

Traceback (most recent call last):
  File "/Library/Developer/CommandLineTools/Library/Frameworks/Python3.framework/Versions/3.9/lib/python3.9/runpy.py", line 197, in _run_module_as_main
    return _run_code(code, main_globals, None,
  File "/Library/Developer/CommandLineTools/Library/Frameworks/Python3.framework/Versions/3.9/lib/python3.9/runpy.py", line 87, in _run_code
    exec(code, run_globals)
  File "/Users/ajay/exalted/signalos/desk/prediction_markets.py", line 141, in <module>
    res = refresh()
  File "/Users/ajay/exalted/signalos/desk/prediction_markets.py", line 127, in refresh
    r["market_p_source"] = f"{spec['venue']}: {q['question']} ({spec['match']})"
KeyError: 'match'

===== 2026-07-13 00:33 (desk) =====
=== PREDICTION-MARKET market_p REFRESH  2026-07-13 ===
  FRO|2026-08-31         market_p=0.625  [RELATED]  Strait of Hormuz traffic returns to normal by December 31?
  BBD|2026-10-25         market_p=0.002  [RELATED]  Will Tarcisio de Freitas win the 2026 Brazilian presidential
  BAH|2026-10-01         market_p=0.849  [RELATED]  Will there be another US government shutdown by January 31 a
  HCA|2026-12-15         market_p=0.815  [RELATED]  Will ACA premium tax credits not be extended and will the De


===== 2026-07-14 01:32 (desk) =====
=== PREDICTION-MARKET market_p REFRESH  2026-07-14 ===
  FRO|2026-08-31         market_p=0.565  [RELATED]  Strait of Hormuz traffic returns to normal by December 31?
  BBD|2026-10-25         market_p=0.002  [RELATED]  Will Tarcisio de Freitas win the 2026 Brazilian presidential
  BAH|2026-10-01         market_p=0.858  [RELATED]  Will there be another US government shutdown by January 31 a
  HCA|2026-12-15         market_p=0.810  [RELATED]  Will ACA premium tax credits not be extended and will the De


===== 2026-07-15 02:37 (desk) =====
=== PREDICTION-MARKET market_p REFRESH  2026-07-15 ===
  FRO|2026-08-31         market_p=0.565  [RELATED]  Strait of Hormuz traffic returns to normal by December 31?
  BBD|2026-10-25         market_p=0.002  [RELATED]  Will Tarcisio de Freitas win the 2026 Brazilian presidential
  BAH|2026-10-01         market_p=0.854  [RELATED]  Will there be another US government shutdown by January 31 a
  HCA|2026-12-15         market_p=0.805  [RELATED]  Will ACA premium tax credits not be extended and will the De


===== 2026-07-16 03:37 (desk) =====
=== PREDICTION-MARKET market_p REFRESH  2026-07-16 ===
  FRO|2026-08-31         market_p=0.565  [RELATED]  Strait of Hormuz traffic returns to normal by December 31?
  BBD|2026-10-25         market_p=0.002  [RELATED]  Will Tarcisio de Freitas win the 2026 Brazilian presidential
  BAH|2026-10-01         market_p=0.854  [RELATED]  Will there be another US government shutdown by January 31 a
  HCA|2026-12-15         market_p=0.805  [RELATED]  Will ACA premium tax credits not be extended and will the De


===== 2026-07-17 10:53 (desk) =====

Traceback (most recent call last):
  File "/Library/Developer/CommandLineTools/Library/Frameworks/Python3.framework/Versions/3.9/lib/python3.9/runpy.py", line 197, in _run_module_as_main
    return _run_code(code, main_globals, None,
  File "/Library/Developer/CommandLineTools/Library/Frameworks/Python3.framework/Versions/3.9/lib/python3.9/runpy.py", line 87, in _run_code
    exec(code, run_globals)
  File "/Users/ajay/exalted/signalos/desk/prediction_markets.py", line 144, in <module>
    res = refresh()
  File "/Users/ajay/exalted/signalos/desk/prediction_markets.py", line 119, in refresh
    r = json.loads(l)
  File "/Library/Developer/CommandLineTools/Library/Frameworks/Python3.framework/Versions/3.9/lib/python3.9/json/__init__.py", line 346, in loads
    return _default_decoder.decode(s)
  File "/Library/Developer/CommandLineTools/Library/Frameworks/Python3.framework/Versions/3.9/lib/python3.9/json/decoder.py", line 340, in decode
    raise JSONDecodeError("Extra data", s, end)
json.decoder.JSONDecodeError: Extra data: line 1 column 971 (char 970)

===== 2026-07-20 10:52 (desk) =====

Traceback (most recent call last):
  File "/Library/Developer/CommandLineTools/Library/Frameworks/Python3.framework/Versions/3.9/lib/python3.9/runpy.py", line 197, in _run_module_as_main
    return _run_code(code, main_globals, None,
  File "/Library/Developer/CommandLineTools/Library/Frameworks/Python3.framework/Versions/3.9/lib/python3.9/runpy.py", line 87, in _run_code
    exec(code, run_globals)
  File "/Users/ajay/exalted/signalos/desk/prediction_markets.py", line 144, in <module>
    res = refresh()
  File "/Users/ajay/exalted/signalos/desk/prediction_markets.py", line 119, in refresh
    r = json.loads(l)
  File "/Library/Developer/CommandLineTools/Library/Frameworks/Python3.framework/Versions/3.9/lib/python3.9/json/__init__.py", line 346, in loads
    return _default_decoder.decode(s)
  File "/Library/Developer/CommandLineTools/Library/Frameworks/Python3.framework/Versions/3.9/lib/python3.9/json/decoder.py", line 340, in decode
    raise JSONDecodeError("Extra data", s, end)
json.decoder.JSONDecodeError: Extra data: line 1 column 971 (char 970)

===== 2026-07-21 11:47 (desk) =====

Traceback (most recent call last):
  File "/Library/Developer/CommandLineTools/Library/Frameworks/Python3.framework/Versions/3.9/lib/python3.9/runpy.py", line 197, in _run_module_as_main
    return _run_code(code, main_globals, None,
  File "/Library/Developer/CommandLineTools/Library/Frameworks/Python3.framework/Versions/3.9/lib/python3.9/runpy.py", line 87, in _run_code
    exec(code, run_globals)
  File "/Users/ajay/exalted/signalos/desk/prediction_markets.py", line 144, in <module>
    res = refresh()
  File "/Users/ajay/exalted/signalos/desk/prediction_markets.py", line 119, in refresh
    r = json.loads(l)
  File "/Library/Developer/CommandLineTools/Library/Frameworks/Python3.framework/Versions/3.9/lib/python3.9/json/__init__.py", line 346, in loads
    return _default_decoder.decode(s)
  File "/Library/Developer/CommandLineTools/Library/Frameworks/Python3.framework/Versions/3.9/lib/python3.9/json/decoder.py", line 340, in decode
    raise JSONDecodeError("Extra data", s, end)
json.decoder.JSONDecodeError: Extra data: line 1 column 971 (char 970)

===== 2026-07-22 13:51 (desk) =====
=== PREDICTION-MARKET market_p REFRESH  2026-07-22 ===
  FRO|2026-08-31         market_p=0.515  [RELATED]  Strait of Hormuz traffic returns to normal by December 31?
  BBD|2026-10-25         market_p=0.002  [RELATED]  Will Tarcisio de Freitas win the 2026 Brazilian presidential
  BAH|2026-10-01         market_p=0.520  [RELATED]  Government shutdown by October 1?
  HCA|2026-12-15         market_p=0.805  [RELATED]  Will ACA premium tax credits not be extended and will the De


===== 2026-07-23 14:40 (desk) =====
=== PREDICTION-MARKET market_p REFRESH  2026-07-23 ===
  FRO|2026-08-31         market_p=0.495  [RELATED]  Strait of Hormuz traffic returns to normal by December 31?
  BBD|2026-10-25         market_p=0.002  [RELATED]  Will Tarcisio de Freitas win the 2026 Brazilian presidential
  BAH|2026-10-01         market_p=0.857  [RELATED]  Will there be another US government shutdown by January 31 a
  HCA|2026-12-15         market_p=0.805  [RELATED]  Will ACA premium tax credits not be extended and will the De


===== 2026-07-27 09:54 (desk) =====
=== PREDICTION-MARKET market_p REFRESH  2026-07-27 ===
  FRO|2026-08-31         market_p=0.555  [RELATED]  Strait of Hormuz traffic returns to normal by December 31?
  BBD|2026-10-25         market_p=0.002  [RELATED]  Will Tarcisio de Freitas win the 2026 Brazilian presidential
  BAH|2026-10-01         market_p=0.490  [RELATED]  Government shutdown by October 1?
  HCA|2026-12-15         market_p=0.805  [RELATED]  Will ACA premium tax credits not be extended and will the De


===== 2026-07-28 07:43 (desk) =====
=== PREDICTION-MARKET market_p REFRESH  2026-07-28 ===
  FRO|2026-08-31         market_p=0.555  [RELATED]  Strait of Hormuz traffic returns to normal by December 31?
  BBD|2026-10-25         market_p=0.002  [RELATED]  Will Tarcisio de Freitas win the 2026 Brazilian presidential
  BAH|2026-10-01         market_p=0.857  [RELATED]  Will there be another US government shutdown by January 31 a
  HCA|2026-12-15         market_p=0.805  [RELATED]  Will ACA premium tax credits not be extended and will the De


===== 2026-07-29 08:43 (desk) =====
=== PREDICTION-MARKET market_p REFRESH  2026-07-29 ===
  FRO|2026-08-31         market_p=0.540  [RELATED]  Strait of Hormuz traffic returns to normal by December 31?
  BBD|2026-10-25         market_p=0.002  [RELATED]  Will Tarcisio de Freitas win the 2026 Brazilian presidential
  BAH|2026-10-01         market_p=0.480  [RELATED]  Government shutdown by October 1?
  HCA|2026-12-15         market_p=0.805  [RELATED]  Will ACA premium tax credits not be extended and will the De


===== 2026-07-30 09:43 (desk) =====
=== PREDICTION-MARKET market_p REFRESH  2026-07-30 ===
  FRO|2026-08-31         market_p=0.515  [RELATED]  Strait of Hormuz traffic returns to normal by December 31?
  BBD|2026-10-25         market_p=0.002  [RELATED]  Will Tarcisio de Freitas win the 2026 Brazilian presidential
  BAH|2026-10-01         market_p=0.505  [RELATED]  Government shutdown by October 1?
  HCA|2026-12-15         market_p=0.805  [RELATED]  Will ACA premium tax credits not be extended and will the De


===== 2026-07-31 10:48 (desk) =====
=== PREDICTION-MARKET market_p REFRESH  2026-07-31 ===
  FRO|2026-08-31         market_p=0.505  [RELATED]  Strait of Hormuz traffic returns to normal by December 31?
  BBD|2026-10-25         market_p=0.002  [RELATED]  Will Tarcisio de Freitas win the 2026 Brazilian presidential
  BAH|2026-10-01         market_p=0.858  [RELATED]  Will there be another US government shutdown by January 31 a
  HCA|2026-12-15         market_p=0.805  [RELATED]  Will ACA premium tax credits not be extended and will the De


===== 2026-08-03 00:55 (desk) =====
=== PREDICTION-MARKET market_p REFRESH  2026-08-03 ===
  FRO|2026-08-31         market_p=0.575  [RELATED]  Strait of Hormuz traffic returns to normal by December 31?
  BBD|2026-10-25         market_p=0.001  [RELATED]  Will Tarcisio de Freitas win the 2026 Brazilian presidential
  BAH|2026-10-01         market_p=0.858  [RELATED]  Will there be another US government shutdown by January 31 a
  HCA|2026-12-15         market_p=0.805  [RELATED]  Will ACA premium tax credits not be extended and will the De


===== 2026-08-04 01:45 (desk) =====
=== PREDICTION-MARKET market_p REFRESH  2026-08-04 ===
  FRO|2026-08-31         market_p=0.585  [RELATED]  Strait of Hormuz traffic returns to normal by December 31?
  BBD|2026-10-25         market_p=0.001  [RELATED]  Will Tarcisio de Freitas win the 2026 Brazilian presidential
  BAH|2026-10-01         market_p=0.858  [RELATED]  Will there be another US government shutdown by January 31 a
  HCA|2026-12-15         market_p=0.820  [RELATED]  Will ACA premium tax credits not be extended and will the De


===== 2026-08-05 02:51 (desk) =====

Traceback (most recent call last):
  File "/Library/Developer/CommandLineTools/Library/Frameworks/Python3.framework/Versions/3.9/lib/python3.9/runpy.py", line 197, in _run_module_as_main
    return _run_code(code, main_globals, None,
  File "/Library/Developer/CommandLineTools/Library/Frameworks/Python3.framework/Versions/3.9/lib/python3.9/runpy.py", line 87, in _run_code
    exec(code, run_globals)
  File "/Users/ajay/exalted/signalos/desk/prediction_markets.py", line 144, in <module>
    res = refresh()
  File "/Users/ajay/exalted/signalos/desk/prediction_markets.py", line 119, in refresh
    r = json.loads(l)
  File "/Library/Developer/CommandLineTools/Library/Frameworks/Python3.framework/Versions/3.9/lib/python3.9/json/__init__.py", line 346, in loads
    return _default_decoder.decode(s)
  File "/Library/Developer/CommandLineTools/Library/Frameworks/Python3.framework/Versions/3.9/lib/python3.9/json/decoder.py", line 340, in decode
    raise JSONDecodeError("Extra data", s, end)
json.decoder.JSONDecodeError: Extra data: line 1 column 2376 (char 2375)

===== 2026-08-06 03:44 (desk) =====
=== PREDICTION-MARKET market_p REFRESH  2026-08-06 ===
  FRO|2026-08-31         market_p=0.615  [RELATED]  Strait of Hormuz traffic returns to normal by December 31?
  BBD|2026-10-25         market_p=0.001  [RELATED]  Will Tarcisio de Freitas win the 2026 Brazilian presidential
  BAH|2026-10-01         market_p=0.861  [RELATED]  Will there be another US government shutdown by January 31 a
  HCA|2026-12-15         market_p=0.845  [RELATED]  Will ACA premium tax credits not be extended and will the De


===== 2026-08-07 04:49 (desk) =====
=== PREDICTION-MARKET market_p REFRESH  2026-08-07 ===
  FRO|2026-08-31         market_p=0.585  [RELATED]  Strait of Hormuz traffic returns to normal by December 31?
  BBD|2026-10-25         market_p=0.001  [RELATED]  Will Tarcisio de Freitas win the 2026 Brazilian presidential
  BAH|2026-10-01         market_p=0.864  [RELATED]  Will there be another US government shutdown by January 31 a
  HCA|2026-12-15         market_p=0.885  [RELATED]  Will ACA premium tax credits not be extended and will the De


===== 2026-08-10 00:53 (desk) =====
=== PREDICTION-MARKET market_p REFRESH  2026-08-10 ===
  FRO|2026-08-31         market_p=0.495  [RELATED]  Strait of Hormuz traffic returns to normal by December 31?
  BBD|2026-10-25         market_p=0.001  [RELATED]  Will Tarcisio de Freitas win the 2026 Brazilian presidential
  BAH|2026-10-01         market_p=0.870  [RELATED]  Will there be another US government shutdown by January 31 a
  HCA|2026-12-15         market_p=0.880  [RELATED]  Will ACA premium tax credits not be extended and will the De


===== 2026-08-11 01:56 (desk) =====
=== PREDICTION-MARKET market_p REFRESH  2026-08-11 ===
  FRO|2026-08-31         market_p=0.465  [RELATED]  Strait of Hormuz traffic returns to normal by December 31?
  BBD|2026-10-25         market_p=0.001  [RELATED]  Will Tarcisio de Freitas win the 2026 Brazilian presidential
  BAH|2026-10-01         market_p=0.916  [RELATED]  Will there be another US government shutdown by January 31 a
  HCA|2026-12-15         market_p=0.875  [RELATED]  Will ACA premium tax credits not be extended and will the De


===== 2026-08-12 07:58 (desk) =====
=== PREDICTION-MARKET market_p REFRESH  2026-08-12 ===
  FRO|2026-08-31         market_p=0.465  [RELATED]  Strait of Hormuz traffic returns to normal by December 31?
  BBD|2026-10-25         market_p=0.001  [RELATED]  Will Tarcisio de Freitas win the 2026 Brazilian presidential
  BAH|2026-10-01         market_p=0.884  [RELATED]  Will there be another US government shutdown by January 31 a
  HCA|2026-12-15         market_p=0.880  [RELATED]  Will ACA premium tax credits not be extended and will the De


===== 2026-08-13 09:15 (desk) =====
=== PREDICTION-MARKET market_p REFRESH  2026-08-13 ===
  FRO|2026-08-31         market_p=0.465  [RELATED]  Strait of Hormuz traffic returns to normal by December 31?
  BBD|2026-10-25         market_p=0.001  [RELATED]  Will Tarcisio de Freitas win the 2026 Brazilian presidential
  BAH|2026-10-01         market_p=0.900  [RELATED]  Will there be another US government shutdown by January 31 a
  HCA|2026-12-15         market_p=0.880  [RELATED]  Will ACA premium tax credits not be extended and will the De


===== 2026-08-14 10:03 (desk) =====
=== PREDICTION-MARKET market_p REFRESH  2026-08-14 ===
  FRO|2026-08-31         market_p=0.455  [RELATED]  Strait of Hormuz traffic returns to normal by December 31?
  BBD|2026-10-25         market_p=0.001  [RELATED]  Will Tarcisio de Freitas win the 2026 Brazilian presidential
  BAH|2026-10-01         market_p=0.873  [RELATED]  Will there be another US government shutdown by January 31 a
  HCA|2026-12-15         market_p=0.875  [RELATED]  Will ACA premium tax credits not be extended and will the De


===== 2026-08-17 08:59 (desk) =====
=== PREDICTION-MARKET market_p REFRESH  2026-08-17 ===
  FRO|2026-08-31         market_p=0.425  [RELATED]  Strait of Hormuz traffic returns to normal by December 31?
  BBD|2026-10-25         market_p=0.001  [RELATED]  Will Tarcisio de Freitas win the 2026 Brazilian presidential
  BAH|2026-10-01         market_p=0.165  [RELATED]  Government shutdown by October 1?
  HCA|2026-12-15         market_p=0.875  [RELATED]  Will ACA premium tax credits not be extended and will the De


===== 2026-08-18 09:51 (desk) =====
=== PREDICTION-MARKET market_p REFRESH  2026-08-18 ===
  FRO|2026-08-31         market_p=0.365  [RELATED]  Strait of Hormuz traffic returns to normal by December 31?
  BBD|2026-10-25         market_p=0.001  [RELATED]  Will Tarcisio de Freitas win the 2026 Brazilian presidential
  BAH|2026-10-01         market_p=0.868  [RELATED]  Will there be another US government shutdown by January 31 a
  HCA|2026-12-15         market_p=0.875  [RELATED]  Will ACA premium tax credits not be extended and will the De


===== 2026-08-19 10:50 (desk) =====
=== PREDICTION-MARKET market_p REFRESH  2026-08-19 ===
  FRO|2026-08-31         market_p=0.345  [RELATED]  Strait of Hormuz traffic returns to normal by December 31?
  BBD|2026-10-25         market_p=0.001  [RELATED]  Will Tarcisio de Freitas win the 2026 Brazilian presidential
  BAH|2026-10-01         market_p=0.872  [RELATED]  Will there be another US government shutdown by January 31 a
  HCA|2026-12-15         market_p=0.880  [RELATED]  Will ACA premium tax credits not be extended and will the De


===== 2026-08-20 11:58 (desk) =====
=== PREDICTION-MARKET market_p REFRESH  2026-08-20 ===
  FRO|2026-08-31         market_p=0.315  [RELATED]  Strait of Hormuz traffic returns to normal by December 31?
  BBD|2026-10-25         market_p=0.001  [RELATED]  Will Tarcisio de Freitas win the 2026 Brazilian presidential
  BAH|2026-10-01         market_p=0.875  [RELATED]  Will there be another US government shutdown by January 31 a
  HCA|2026-12-15         market_p=0.880  [RELATED]  Will ACA premium tax credits not be extended and will the De


===== 2026-08-21 12:55 (desk) =====
=== PREDICTION-MARKET market_p REFRESH  2026-08-21 ===
  FRO|2026-08-31         market_p=0.305  [RELATED]  Strait of Hormuz traffic returns to normal by December 31?
  BBD|2026-10-25         market_p=0.001  [RELATED]  Will Tarcisio de Freitas win the 2026 Brazilian presidential
  BAH|2026-10-01         market_p=0.884  [RELATED]  Will there be another US government shutdown by January 31 a
  HCA|2026-12-15         market_p=0.885  [RELATED]  Will ACA premium tax credits not be extended and will the De


===== 2026-08-24 01:57 (desk) =====
=== PREDICTION-MARKET market_p REFRESH  2026-08-24 ===
  FRO|2026-08-31         market_p=0.335  [RELATED]  Strait of Hormuz traffic returns to normal by December 31?
  BBD|2026-10-25         market_p=0.001  [RELATED]  Will Tarcisio de Freitas win the 2026 Brazilian presidential
  BAH|2026-10-01         market_p=0.100  [RELATED]  Government shutdown by October 1?
  HCA|2026-12-15         market_p=0.885  [RELATED]  Will ACA premium tax credits not be extended and will the De


===== 2026-08-25 02:51 (desk) =====
=== PREDICTION-MARKET market_p REFRESH  2026-08-25 ===
  FRO|2026-08-31         market_p=0.335  [RELATED]  Strait of Hormuz traffic returns to normal by December 31?
  BBD|2026-10-25         market_p=0.001  [RELATED]  Will Tarcisio de Freitas win the 2026 Brazilian presidential
  BAH|2026-10-01         market_p=0.861  [RELATED]  Will there be another US government shutdown by January 31 a
  HCA|2026-12-15         market_p=0.885  [RELATED]  Will ACA premium tax credits not be extended and will the De


===== 2026-08-26 04:00 (desk) =====
=== PREDICTION-MARKET market_p REFRESH  2026-08-26 ===
  FRO|2026-08-31         market_p=0.375  [RELATED]  Strait of Hormuz traffic returns to normal by December 31?
  BBD|2026-10-25         market_p=0.001  [RELATED]  Will Tarcisio de Freitas win the 2026 Brazilian presidential
  BAH|2026-10-01         market_p=0.120  [RELATED]  Government shutdown by October 1?
  HCA|2026-12-15         market_p=0.885  [RELATED]  Will ACA premium tax credits not be extended and will the De


===== 2026-08-27 04:52 (desk) =====
=== PREDICTION-MARKET market_p REFRESH  2026-08-27 ===
  FRO|2026-08-31         market_p=0.335  [RELATED]  Strait of Hormuz traffic returns to normal by December 31?
  BBD|2026-10-25         market_p=0.001  [RELATED]  Will Tarcisio de Freitas win the 2026 Brazilian presidential
  BAH|2026-10-01         market_p=0.855  [RELATED]  Will there be another US government shutdown by January 31 a
  HCA|2026-12-15         market_p=0.885  [RELATED]  Will ACA premium tax credits not be extended and will the De


===== 2026-08-28 05:57 (desk) =====
=== PREDICTION-MARKET market_p REFRESH  2026-08-28 ===
  FRO|2026-08-31         market_p=0.315  [RELATED]  Strait of Hormuz traffic returns to normal by December 31?
  BBD|2026-10-25         market_p=0.001  [RELATED]  Will Tarcisio de Freitas win the 2026 Brazilian presidential
  BAH|2026-10-01         market_p=0.090  [RELATED]  Government shutdown by October 1?
  HCA|2026-12-15         market_p=0.885  [RELATED]  Will ACA premium tax credits not be extended and will the De


===== 2026-08-31 00:56 (desk) =====
=== PREDICTION-MARKET market_p REFRESH  2026-08-31 ===
  FRO|2026-08-31         market_p=0.285  [RELATED]  Strait of Hormuz traffic returns to normal by December 31?
  BBD|2026-10-25         market_p=0.001  [RELATED]  Will Tarcisio de Freitas win the 2026 Brazilian presidential
  BAH|2026-10-01         market_p=0.855  [RELATED]  Will there be another US government shutdown by January 31 a
  HCA|2026-12-15         market_p=0.890  [RELATED]  Will ACA premium tax credits not be extended and will the De


===== 2026-09-01 01:50 (desk) =====
=== PREDICTION-MARKET market_p REFRESH  2026-09-01 ===
  FRO|2026-08-31         market_p=0.285  [RELATED]  Strait of Hormuz traffic returns to normal by December 31?
  BBD|2026-10-25         market_p=0.001  [RELATED]  Will Tarcisio de Freitas win the 2026 Brazilian presidential
  BAH|2026-10-01         market_p=0.856  [RELATED]  Will there be another US government shutdown by January 31 a
  HCA|2026-12-15         market_p=0.880  [RELATED]  Will ACA premium tax credits not be extended and will the De


===== 2026-09-02 02:53 (desk) =====
=== PREDICTION-MARKET market_p REFRESH  2026-09-02 ===
  FRO|2026-08-31         market_p=0.265  [RELATED]  Strait of Hormuz traffic returns to normal by December 31?
  BBD|2026-10-25         market_p=0.001  [RELATED]  Will Tarcisio de Freitas win the 2026 Brazilian presidential
  BAH|2026-10-01         market_p=0.023  [RELATED]  Government shutdown by October 1?
  HCA|2026-12-15         market_p=0.885  [RELATED]  Will ACA premium tax credits not be extended and will the De


===== 2026-09-03 03:57 (desk) =====
=== PREDICTION-MARKET market_p REFRESH  2026-09-03 ===
  FRO|2026-08-31         market_p=0.275  [RELATED]  Strait of Hormuz traffic returns to normal by December 31?
  BBD|2026-10-25         market_p=0.001  [RELATED]  Will Tarcisio de Freitas win the 2026 Brazilian presidential
  BAH|2026-10-01         market_p=0.857  [RELATED]  Will there be another US government shutdown by January 31 a
  HCA|2026-12-15         market_p=0.885  [RELATED]  Will ACA premium tax credits not be extended and will the De


===== 2026-09-04 04:52 (desk) =====
=== PREDICTION-MARKET market_p REFRESH  2026-09-04 ===
  FRO|2026-08-31         market_p=0.265  [RELATED]  Strait of Hormuz traffic returns to normal by December 31?
  BBD|2026-10-25         market_p=0.001  [RELATED]  Will Tarcisio de Freitas win the 2026 Brazilian presidential
  BAH|2026-10-01         market_p=0.859  [RELATED]  Will there be another US government shutdown by January 31 a
  HCA|2026-12-15         market_p=0.875  [RELATED]  Will ACA premium tax credits not be extended and will the De


===== 2026-09-07 01:06 (desk) =====
=== PREDICTION-MARKET market_p REFRESH  2026-09-07 ===
  FRO|2026-08-31         market_p=0.255  [RELATED]  Strait of Hormuz traffic returns to normal by December 31?
  BBD|2026-10-25         market_p=0.001  [RELATED]  Will Tarcisio de Freitas win the 2026 Brazilian presidential
  BAH|2026-10-01         market_p=0.865  [RELATED]  Will there be another US government shutdown by January 31 a
  HCA|2026-12-15         market_p=0.865  [RELATED]  Will ACA premium tax credits not be extended and will the De


===== 2026-09-11 01:37 (desk) =====
=== PREDICTION-MARKET market_p REFRESH  2026-09-11 ===
  BBD|2026-10-25         market_p=0.001  [RELATED]  Will Tarcisio de Freitas win the 2026 Brazilian presidential
  BAH|2026-10-01         market_p=0.009  [RELATED]  Government shutdown by October 1?
  HCA|2026-12-15         market_p=0.860  [RELATED]  Will ACA premium tax credits not be extended and will the De


===== 2026-09-11 01:42 (desk) =====
=== PREDICTION-MARKET market_p REFRESH  2026-09-11 ===
  BBD|2026-10-25         market_p=0.001  [RELATED]  Will Tarcisio de Freitas win the 2026 Brazilian presidential
  BAH|2026-10-01         market_p=0.009  [RELATED]  Government shutdown by October 1?
  HCA|2026-12-15         market_p=0.860  [RELATED]  Will ACA premium tax credits not be extended and will the De

