
===== 2026-07-03 11:30 (desk) =====
=== MISSED-ENTRY SCORE  2026-07-03  (11 gates marked; 0 WRONG, 1 premature-flagged) ===
  FUTU        +6.8% vs gate-day spot  
  MRVI       +18.4% vs gate-day spot  PREMATURE-or-WRONG — adjudicate vs bear-materialized at next print
  CIB        +14.9% vs gate-day spot  
  PODD       +14.2% vs gate-day spot  
  LULU        +0.4% vs gate-day spot  
  AMV0.DE    +10.1% vs gate-day spot  
  KB          +7.2% vs gate-day spot  
  IBEX        +1.7% vs gate-day spot  
  IVN         +0.9% vs gate-day spot  
  FCT.MI      +3.3% vs gate-day spot  
  8750.T      -3.0% vs gate-day spot  

/Users/ajay/Library/Python/3.9/lib/python/site-packages/urllib3/__init__.py:35: NotOpenSSLWarning: urllib3 v2 only supports OpenSSL 1.1.1+, currently the 'ssl' module is compiled with 'LibreSSL 2.8.3'. See: https://github.com/urllib3/urllib3/issues/3020
  warnings.warn(

===== 2026-07-10 11:30 (desk) =====
=== MISSED-ENTRY SCORE  2026-07-10  (11 gates marked; 0 WRONG, 2 premature-flagged) ===
  FUTU        +8.6% vs gate-day spot (see SPY col)  
  MRVI       +15.2% vs gate-day spot (see SPY col)  PREMATURE-or-WRONG — adjudicate vs bear-materialized at next print
  CIB        +21.1% vs gate-day spot (see SPY col)  PREMATURE-or-WRONG — adjudicate vs bear-materialized at next print
  PODD       +11.5% vs gate-day spot (see SPY col)  
  LULU        +1.8% vs gate-day spot (see SPY col)  
  AMV0.DE     +2.4% vs gate-day spot (see SPY col)  
  KB         +13.1% vs gate-day spot (see SPY col)  
  IBEX        +4.0% vs gate-day spot (see SPY col)  
  IVN         +0.0% vs gate-day spot (see SPY col)  
  FCT.MI      +9.7% vs gate-day spot (see SPY col)  
  8750.T      -2.1% vs gate-day spot (see SPY col)  

/Users/ajay/Library/Python/3.9/lib/python/site-packages/urllib3/__init__.py:35: NotOpenSSLWarning: urllib3 v2 only supports OpenSSL 1.1.1+, currently the 'ssl' module is compiled with 'LibreSSL 2.8.3'. See: https://github.com/urllib3/urllib3/issues/3020
  warnings.warn(

===== 2026-07-17 21:55 (desk) =====
=== MISSED-ENTRY SCORE  2026-07-17  (11 gates marked; 1 WRONG, 4 premature-flagged) ===
  FUTU        +6.9% vs gate-day spot (see SPY col)  
  MRVI       +42.0% vs gate-day spot (see SPY col)  PREMATURE-or-WRONG — adjudicate vs bear-materialized at next print
  CIB        +16.7% vs gate-day spot (see SPY col)  PREMATURE-or-WRONG — adjudicate vs bear-materialized at next print
  PODD       +13.9% vs gate-day spot (see SPY col)  
  LULU        -1.4% vs gate-day spot (see SPY col)  
  AMV0.DE     +0.0% vs gate-day spot (see SPY col)  
  KB         +17.9% vs gate-day spot (see SPY col)  PREMATURE-or-WRONG — adjudicate vs bear-materialized at next print
  IBEX       +12.3% vs gate-day spot (see SPY col)  WRONG (mis-mapped gate, name ran, no bear print yet)
  IVN         -9.8% vs gate-day spot (see SPY col)  
  FCT.MI     +19.3% vs gate-day spot (see SPY col)  PREMATURE-or-WRONG — adjudicate vs bear-materialized at next print
  8750.T      -5.3% vs gate-day spot (see SPY col)  

/Users/ajay/Library/Python/3.9/lib/python/site-packages/urllib3/__init__.py:35: NotOpenSSLWarning: urllib3 v2 only supports OpenSSL 1.1.1+, currently the 'ssl' module is compiled with 'LibreSSL 2.8.3'. See: https://github.com/urllib3/urllib3/issues/3020
  warnings.warn(

===== 2026-07-27 09:54 (desk) =====
=== MISSED-ENTRY SCORE  2026-07-27  (11 gates marked; 0 WRONG, 6 premature-flagged) ===
  FUTU       +18.3% vs gate-day spot (see SPY col)  PREMATURE-or-WRONG — adjudicate vs bear-materialized at next print
  MRVI       +35.4% vs gate-day spot (see SPY col)  PREMATURE-or-WRONG — adjudicate vs bear-materialized at next print
  CIB        +25.9% vs gate-day spot (see SPY col)  PREMATURE-or-WRONG — adjudicate vs bear-materialized at next print
  PODD       +16.5% vs gate-day spot (see SPY col)  PREMATURE-or-WRONG — adjudicate vs bear-materialized at next print
  LULU        -1.2% vs gate-day spot (see SPY col)  
  AMV0.DE     +1.1% vs gate-day spot (see SPY col)  
  KB         +16.4% vs gate-day spot (see SPY col)  PREMATURE-or-WRONG — adjudicate vs bear-materialized at next print
  IBEX        +7.8% vs gate-day spot (see SPY col)  
  IVN         -1.2% vs gate-day spot (see SPY col)  
  FCT.MI     +23.8% vs gate-day spot (see SPY col)  PREMATURE-or-WRONG — adjudicate vs bear-materialized at next print
  8750.T      +3.1% vs gate-day spot (see SPY col)  

/Users/ajay/Library/Python/3.9/lib/python/site-packages/urllib3/__init__.py:35: NotOpenSSLWarning: urllib3 v2 only supports OpenSSL 1.1.1+, currently the 'ssl' module is compiled with 'LibreSSL 2.8.3'. See: https://github.com/urllib3/urllib3/issues/3020
  warnings.warn(

===== 2026-08-03 07:36 (desk) =====
=== MISSED-ENTRY SCORE  2026-08-03  (14 gates marked; 1 WRONG, 7 premature-flagged) ===
  FUTU       +18.2% vs gate-day spot (see SPY col)  PREMATURE-or-WRONG — adjudicate vs bear-materialized at next print
  MRVI       +28.8% vs gate-day spot (see SPY col)  PREMATURE-or-WRONG — adjudicate vs bear-materialized at next print
  CIB        +32.4% vs gate-day spot (see SPY col)  PREMATURE-or-WRONG — adjudicate vs bear-materialized at next print
  PODD       +17.1% vs gate-day spot (see SPY col)  PREMATURE-or-WRONG — adjudicate vs bear-materialized at next print
  LULU        +2.2% vs gate-day spot (see SPY col)  
  AMV0.DE    +13.6% vs gate-day spot (see SPY col)  
  KB         +17.0% vs gate-day spot (see SPY col)  PREMATURE-or-WRONG — adjudicate vs bear-materialized at next print
  IBEX       +11.9% vs gate-day spot (see SPY col)  WRONG (mis-mapped gate, name ran, no bear print yet)
  IVN         -7.4% vs gate-day spot (see SPY col)  
  FCT.MI     +29.4% vs gate-day spot (see SPY col)  PREMATURE-or-WRONG — adjudicate vs bear-materialized at next print
  8750.T      -0.6% vs gate-day spot (see SPY col)  
  FRO        +10.2% vs gate-day spot (see SPY col)  
  STNG        +7.1% vs gate-day spot (see SPY col)  
  KER.PA     +16.6% vs gate-day spot (see SPY col)  PREMATURE-or-WRONG — adjudicate vs bear-materialized at next print

/Users/ajay/Library/Python/3.9/lib/python/site-packages/urllib3/__init__.py:35: NotOpenSSLWarning: urllib3 v2 only supports OpenSSL 1.1.1+, currently the 'ssl' module is compiled with 'LibreSSL 2.8.3'. See: https://github.com/urllib3/urllib3/issues/3020
  warnings.warn(

===== 2026-08-10 11:44 (desk) =====
=== MISSED-ENTRY SCORE  2026-08-10  (14 gates marked; 1 WRONG, 5 premature-flagged) ===
  FUTU       +22.2% vs gate-day spot (see SPY col)  PREMATURE-or-WRONG — adjudicate vs bear-materialized at next print
  MRVI       +20.7% vs gate-day spot (see SPY col)  PREMATURE-or-WRONG — adjudicate vs bear-materialized at next print
  CIB        +32.8% vs gate-day spot (see SPY col)  PREMATURE-or-WRONG — adjudicate vs bear-materialized at next print
  PODD        -1.3% vs gate-day spot (see SPY col)  
  LULU        +8.1% vs gate-day spot (see SPY col)  
  AMV0.DE     +6.1% vs gate-day spot (see SPY col)  
  KB         +18.1% vs gate-day spot (see SPY col)  PREMATURE-or-WRONG — adjudicate vs bear-materialized at next print
  IBEX       +16.4% vs gate-day spot (see SPY col)  WRONG (mis-mapped gate, name ran, no bear print yet)
  IVN         +6.9% vs gate-day spot (see SPY col)  
  FCT.MI     +20.9% vs gate-day spot (see SPY col)  PREMATURE-or-WRONG — adjudicate vs bear-materialized at next print
  8750.T      -3.2% vs gate-day spot (see SPY col)  
  FRO         +9.2% vs gate-day spot (see SPY col)  
  STNG        +7.5% vs gate-day spot (see SPY col)  
  KER.PA     +14.3% vs gate-day spot (see SPY col)  

/Users/ajay/Library/Python/3.9/lib/python/site-packages/urllib3/__init__.py:35: NotOpenSSLWarning: urllib3 v2 only supports OpenSSL 1.1.1+, currently the 'ssl' module is compiled with 'LibreSSL 2.8.3'. See: https://github.com/urllib3/urllib3/issues/3020
  warnings.warn(

===== 2026-08-17 12:50 (desk) =====
=== MISSED-ENTRY SCORE  2026-08-17  (14 gates marked; 0 WRONG, 5 premature-flagged) ===
  FUTU       +22.8% vs gate-day spot (see SPY col)  PREMATURE-or-WRONG — adjudicate vs bear-materialized at next print
  MRVI       +11.0% vs gate-day spot (see SPY col)  
  CIB        +40.7% vs gate-day spot (see SPY col)  PREMATURE-or-WRONG — adjudicate vs bear-materialized at next print
  PODD        -2.7% vs gate-day spot (see SPY col)  
  LULU        -1.7% vs gate-day spot (see SPY col)  
  AMV0.DE     +2.6% vs gate-day spot (see SPY col)  
  KB         +17.9% vs gate-day spot (see SPY col)  PREMATURE-or-WRONG — adjudicate vs bear-materialized at next print
  IBEX        +9.0% vs gate-day spot (see SPY col)  
  IVN         +7.6% vs gate-day spot (see SPY col)  
  FCT.MI     +20.9% vs gate-day spot (see SPY col)  PREMATURE-or-WRONG — adjudicate vs bear-materialized at next print
  8750.T      -2.8% vs gate-day spot (see SPY col)  
  FRO        +18.9% vs gate-day spot (see SPY col)  PREMATURE-or-WRONG — adjudicate vs bear-materialized at next print
  STNG       +13.6% vs gate-day spot (see SPY col)  
  KER.PA      +3.7% vs gate-day spot (see SPY col)  

/Users/ajay/Library/Python/3.9/lib/python/site-packages/urllib3/__init__.py:35: NotOpenSSLWarning: urllib3 v2 only supports OpenSSL 1.1.1+, currently the 'ssl' module is compiled with 'LibreSSL 2.8.3'. See: https://github.com/urllib3/urllib3/issues/3020
  warnings.warn(

===== 2026-08-24 13:47 (desk) =====
=== MISSED-ENTRY SCORE  2026-08-24  (14 gates marked; 1 WRONG, 7 premature-flagged) ===
  FUTU       +30.1% vs gate-day spot (see SPY col)  PREMATURE-or-WRONG — adjudicate vs bear-materialized at next print
  MRVI       +65.3% vs gate-day spot (see SPY col)  PREMATURE-or-WRONG — adjudicate vs bear-materialized at next print
  CIB        +47.8% vs gate-day spot (see SPY col)  PREMATURE-or-WRONG — adjudicate vs bear-materialized at next print
  PODD        +1.0% vs gate-day spot (see SPY col)  
  LULU        +4.1% vs gate-day spot (see SPY col)  
  AMV0.DE     -2.4% vs gate-day spot (see SPY col)  
  KB         +16.4% vs gate-day spot (see SPY col)  PREMATURE-or-WRONG — adjudicate vs bear-materialized at next print
  IBEX       +15.7% vs gate-day spot (see SPY col)  WRONG (mis-mapped gate, name ran, no bear print yet)
  IVN        +11.7% vs gate-day spot (see SPY col)  
  FCT.MI     +18.5% vs gate-day spot (see SPY col)  PREMATURE-or-WRONG — adjudicate vs bear-materialized at next print
  8750.T      -6.5% vs gate-day spot (see SPY col)  
  FRO        +24.1% vs gate-day spot (see SPY col)  PREMATURE-or-WRONG — adjudicate vs bear-materialized at next print
  STNG       +20.1% vs gate-day spot (see SPY col)  PREMATURE-or-WRONG — adjudicate vs bear-materialized at next print
  KER.PA      +3.1% vs gate-day spot (see SPY col)  

/Users/ajay/Library/Python/3.9/lib/python/site-packages/urllib3/__init__.py:35: NotOpenSSLWarning: urllib3 v2 only supports OpenSSL 1.1.1+, currently the 'ssl' module is compiled with 'LibreSSL 2.8.3'. See: https://github.com/urllib3/urllib3/issues/3020
  warnings.warn(

===== 2026-08-31 14:47 (desk) =====
=== MISSED-ENTRY SCORE  2026-08-31  (14 gates marked; 1 WRONG, 6 premature-flagged) ===
  FUTU       +37.2% vs gate-day spot (see SPY col)  PREMATURE-or-WRONG — adjudicate vs bear-materialized at next print
  MRVI       +49.8% vs gate-day spot (see SPY col)  PREMATURE-or-WRONG — adjudicate vs bear-materialized at next print
  CIB        +39.5% vs gate-day spot (see SPY col)  PREMATURE-or-WRONG — adjudicate vs bear-materialized at next print
  PODD        +3.2% vs gate-day spot (see SPY col)  
  LULU        +1.9% vs gate-day spot (see SPY col)  
  AMV0.DE     +2.4% vs gate-day spot (see SPY col)  
  KB         +22.3% vs gate-day spot (see SPY col)  PREMATURE-or-WRONG — adjudicate vs bear-materialized at next print
  IBEX       +21.7% vs gate-day spot (see SPY col)  WRONG (mis-mapped gate, name ran, no bear print yet)
  IVN        +11.3% vs gate-day spot (see SPY col)  
  FCT.MI     +18.4% vs gate-day spot (see SPY col)  PREMATURE-or-WRONG — adjudicate vs bear-materialized at next print
  8750.T      -3.2% vs gate-day spot (see SPY col)  
  FRO        +23.3% vs gate-day spot (see SPY col)  PREMATURE-or-WRONG — adjudicate vs bear-materialized at next print
  STNG       +11.1% vs gate-day spot (see SPY col)  
  KER.PA      +2.4% vs gate-day spot (see SPY col)  

/Users/ajay/Library/Python/3.9/lib/python/site-packages/urllib3/__init__.py:35: NotOpenSSLWarning: urllib3 v2 only supports OpenSSL 1.1.1+, currently the 'ssl' module is compiled with 'LibreSSL 2.8.3'. See: https://github.com/urllib3/urllib3/issues/3020
  warnings.warn(

===== 2026-09-07 15:40 (desk) =====
=== MISSED-ENTRY SCORE  2026-09-07  (14 gates marked; 1 WRONG, 7 premature-flagged) ===
  FUTU       +36.8% vs gate-day spot (see SPY col)  PREMATURE-or-WRONG — adjudicate vs bear-materialized at next print
  MRVI       +43.5% vs gate-day spot (see SPY col)  PREMATURE-or-WRONG — adjudicate vs bear-materialized at next print
  CIB        +46.0% vs gate-day spot (see SPY col)  PREMATURE-or-WRONG — adjudicate vs bear-materialized at next print
  PODD        +2.4% vs gate-day spot (see SPY col)  
  LULU       -14.7% vs gate-day spot (see SPY col)  
  AMV0.DE     +4.7% vs gate-day spot (see SPY col)  
  KB         +26.2% vs gate-day spot (see SPY col)  PREMATURE-or-WRONG — adjudicate vs bear-materialized at next print
  IBEX       +24.0% vs gate-day spot (see SPY col)  WRONG (mis-mapped gate, name ran, no bear print yet)
  IVN         +8.3% vs gate-day spot (see SPY col)  
  FCT.MI     +16.9% vs gate-day spot (see SPY col)  PREMATURE-or-WRONG — adjudicate vs bear-materialized at next print
  8750.T      -1.7% vs gate-day spot (see SPY col)  
  FRO        +29.9% vs gate-day spot (see SPY col)  PREMATURE-or-WRONG — adjudicate vs bear-materialized at next print
  STNG       +16.0% vs gate-day spot (see SPY col)  PREMATURE-or-WRONG — adjudicate vs bear-materialized at next print
  KER.PA      -2.7% vs gate-day spot (see SPY col)  

/Users/ajay/Library/Python/3.9/lib/python/site-packages/urllib3/__init__.py:35: NotOpenSSLWarning: urllib3 v2 only supports OpenSSL 1.1.1+, currently the 'ssl' module is compiled with 'LibreSSL 2.8.3'. See: https://github.com/urllib3/urllib3/issues/3020
  warnings.warn(
