TONIGHT'S PREP — your todos for tomorrow:
SIGNALOS — ON DECK for Monday 2026-07-13
==========================================================

■ ⚡ ARMED — PRE-REGISTERED ACTIONS (execute or stand down)
• BKE → ADD (FAVORABLE, SLA 30m · anchor pre_catalyst_close)
    Starter add on the confirmed positive comp. GTC value ladder AT/BELOW the pre-catalyst close and near the 52wk low; DO NOT pay up for the print pop. If price already ran >1% above the anchor, STAND DO

■ ACTIONS & DECISIONS
• [CLOSED] MFP (Midera) — EXITED 2026-07-09, realized +$613 net (+11.5%), 2-day hold. FLOW cohort win #1. Re-buy watch only <$31. (Remove this line in a few days.)
• [DECISION] Bucket-size number: still to set. It's the ballast fraction that scales the whole convexity bucket (RGLD/WPM/FNV/EQT/GLD/ELE/IDR) into dollars. Nothing deploys until you pick it. Deploys AT September; the incoming $5M cash is the current convexity.
• [GATE] ELE (Elemental Royalty) — before the resting bids are fully blessed, pull the post-EMX+Vizsla fully-diluted share count and warrants. 'Net-cash junior below peer multiple' is still a pre-merger claim; ~15-min job. ELE is now RP_FAIR (ownable) after the Tether deep-DD.
• [WATCH] IDR (Idaho Strategic) — WAIT, do not chase. Full court says levered gold-beta (not crash-convexity) + a story-stage rare-earth premium. Fair band $18-24; it's ~$29.71. Patient bid only if it de-rates below $24.

■ CATALYSTS LANDING (next 8 days)
• 2026-07-13 (TODAY) TSM: june revenue yoy ge 30pct  [our call 90%]
• 2026-07-17 (in 4d) BRBY.L: BASE OR BETTER  [our call 72%]
• 2026-07-17 (in 4d) ALV: organic beat plus FY margin held or raised  [our call 55%]
• 2026-07-20 (in 7d) CIB: working coalition visibly forms at the jul20 congress seating  [our call 42%]
• 2026-07-21 (in 8d) IVN: WF maiden MRE impresses 10Mt plus or grade surprise  [our call 60%]
• 2026-07-21 (in 8d) EQT: FY26 FCF guide held AND no new 2027 hedges above 30pct  [our call 65%]
• 2026-07-21 (in 8d) HCA: BASE OR BETTER  [our call 75%]

■ ON THE HORIZON (9–21 days)
• 2026-07-22 NOW: organic cRPO cc geq 20pct
• 2026-07-23 FR.PA: order intake still up 20pct plus yoy
• 2026-07-23 KB: capital return milestones on track
• 2026-07-23 SAP.DE: compound gate passes
• 2026-07-23 005387.KS: BASE OR BETTER
• 2026-07-23 003550.KS: BASE OR BETTER
• 2026-07-23 OPBK: Q2'26 print passes ALL FIVE kills
• 2026-07-24 BAH: civil segment stabilizes
• 2026-07-24 VOW3.DE: no H2 production cut or destocking flag
• 2026-07-28 EG: BULLISH
• 2026-07-28 MBG.DE: premium mix and content commentary positive
• 2026-07-28 MC.PA: stack gate passes
• …+18 more in the 3-week queue (full list on the dashboard).

(note: live quotes were 1322 min stale at build — order-proximity flags may lag)

— desk/morning_brief · read-only · reply to steer
[morning_brief] emailed
TONIGHT'S PREP — your todos for tomorrow:
SIGNALOS — ON DECK for Tuesday 2026-07-14
==========================================================

■ ⚡ ARMED — PRE-REGISTERED ACTIONS (execute or stand down)
• BKE → ADD (FAVORABLE, SLA 30m · anchor pre_catalyst_close)
    Starter add on the confirmed positive comp. GTC value ladder AT/BELOW the pre-catalyst close and near the 52wk low; DO NOT pay up for the print pop. If price already ran >1% above the anchor, STAND DO

■ ACTIONS & DECISIONS
• OXLCZ: tape 24.81 is ~+1.3% vs your resting buy 24.5 — could fill today; decide if the rung still stands.
• OXLCZ: tape 24.81 is ~+0.6% vs your resting buy 24.65 — could fill today; decide if the rung still stands.
• HCA: tape 390.74 is near your 390 action line — HELD.
• OXLCZ: tape 24.81 is near your 24.45 action line — OWNABLE.
• ELE: tape 15.36 is near your 15.5 action line — OWNABLE.
• [CLOSED] MFP (Midera) — EXITED 2026-07-09, realized +$613 net (+11.5%), 2-day hold. FLOW cohort win #1. Re-buy watch only <$31. (Remove this line in a few days.)
• [DECISION] Bucket-size number: still to set. It's the ballast fraction that scales the whole convexity bucket (RGLD/WPM/FNV/EQT/GLD/ELE/IDR) into dollars. Nothing deploys until you pick it. Deploys AT September; the incoming $5M cash is the current convexity.
• [GATE] ELE (Elemental Royalty) — before the resting bids are fully blessed, pull the post-EMX+Vizsla fully-diluted share count and warrants. 'Net-cash junior below peer multiple' is still a pre-merger claim; ~15-min job. ELE is now RP_FAIR (ownable) after the Tether deep-DD.
• [WATCH] IDR (Idaho Strategic) — WAIT, do not chase. Full court says levered gold-beta (not crash-convexity) + a story-stage rare-earth premium. Fair band $18-24; it's ~$29.71. Patient bid only if it de-rates below $24.

■ CATALYSTS LANDING (next 8 days)
• 2026-07-17 (in 3d) BRBY.L: BASE OR BETTER  [our call 72%]
• 2026-07-17 (in 3d) ALV: organic beat plus FY margin held or raised  [our call 55%]
• 2026-07-17 (in 3d) LSTA: AVOID as arb / WATCH — flips to a fast STARTER <$4.00 ONLY on a COMMITTED-financing 8-K  [our call 35%]
• 2026-07-20 (in 6d) CIB: working coalition visibly forms at the jul20 congress seating  [our call 42%]
• 2026-07-21 (in 7d) IVN: WF maiden MRE impresses 10Mt plus or grade surprise  [our call 60%]
• 2026-07-21 (in 7d) EQT: FY26 FCF guide held AND no new 2027 hedges above 30pct  [our call 65%]
• 2026-07-21 (in 7d) HCA: BASE OR BETTER  [our call 75%]
• 2026-07-22 (in 8d) NOW: organic cRPO cc geq 20pct  [our call 45%]

■ ON THE HORIZON (9–21 days)
• 2026-07-23 FR.PA: order intake still up 20pct plus yoy
• 2026-07-23 KB: capital return milestones on track
• 2026-07-23 SAP.DE: compound gate passes
• 2026-07-23 005387.KS: BASE OR BETTER
• 2026-07-23 003550.KS: BASE OR BETTER
• 2026-07-23 OPBK: Q2'26 print passes ALL FIVE kills
• 2026-07-24 BAH: civil segment stabilizes
• 2026-07-24 VOW3.DE: no H2 production cut or destocking flag
• 2026-07-24 316140: affirm value-up cadence
• 2026-07-28 EG: BULLISH
• 2026-07-28 MBG.DE: premium mix and content commentary positive
• 2026-07-28 MC.PA: stack gate passes
• …+22 more in the 3-week queue (full list on the dashboard).

— desk/morning_brief · read-only · reply to steer
[morning_brief] emailed
TONIGHT'S PREP — your todos for tomorrow:
SIGNALOS — ON DECK for Wednesday 2026-07-15
==========================================================

■ ⚡ ARMED — PRE-REGISTERED ACTIONS (execute or stand down)
• BKE → ADD (FAVORABLE, SLA 30m · anchor pre_catalyst_close)
    Starter add on the confirmed positive comp. GTC value ladder AT/BELOW the pre-catalyst close and near the 52wk low; DO NOT pay up for the print pop. If price already ran >1% above the anchor, STAND DO

■ ACTIONS & DECISIONS
• OXLCZ: tape 24.80 is ~+1.2% vs your resting buy 24.5 — could fill today; decide if the rung still stands.
• OXLCZ: tape 24.80 is ~+0.6% vs your resting buy 24.65 — could fill today; decide if the rung still stands.
• MNDY: tape 82.00 is near your 84 action line — HELD.
• WF: tape 62.36 is near your 62.0 action line — STARTER.
• HCA: tape 364.90 is near your 390 action line — HOLD.
• OXLCZ: tape 24.80 is near your 24.45 action line — OWNABLE.
• [CLOSED] MFP (Midera) — EXITED 2026-07-09, realized +$613 net (+11.5%), 2-day hold. FLOW cohort win #1. Re-buy watch only <$31. (Remove this line in a few days.)
• [DECISION] Bucket-size number: still to set. It's the ballast fraction that scales the whole convexity bucket (RGLD/WPM/FNV/EQT/GLD/ELE/IDR) into dollars. Nothing deploys until you pick it. Deploys AT September; the incoming $5M cash is the current convexity.
• [GATE] ELE (Elemental Royalty) — before the resting bids are fully blessed, pull the post-EMX+Vizsla fully-diluted share count and warrants. 'Net-cash junior below peer multiple' is still a pre-merger claim; ~15-min job. ELE is now RP_FAIR (ownable) after the Tether deep-DD.
• [WATCH] IDR (Idaho Strategic) — WAIT, do not chase. Full court says levered gold-beta (not crash-convexity) + a story-stage rare-earth premium. Fair band $18-24; it's ~$29.71. Patient bid only if it de-rates below $24.

■ CATALYSTS LANDING (next 8 days)
• 2026-07-17 (in 2d) BRBY.L: BASE OR BETTER  [our call 72%]
• 2026-07-17 (in 2d) ALV: organic beat plus FY margin held or raised  [our call 55%]
• 2026-07-17 (in 2d) LSTA: AVOID as arb / WATCH — flips to a fast STARTER <$4.00 ONLY on a COMMITTED-financing 8-K  [our call 35%]
• 2026-07-20 (in 5d) CIB: working coalition visibly forms at the jul20 congress seating  [our call 42%]
• 2026-07-21 (in 6d) IVN: WF maiden MRE impresses 10Mt plus or grade surprise  [our call 60%]
• 2026-07-21 (in 6d) EQT: FY26 FCF guide held AND no new 2027 hedges above 30pct  [our call 65%]
• 2026-07-22 (in 7d) NOW: stock base or better  [our call 55%]
• 2026-07-22 (in 7d) GOOGL: beats BOTH consensus rev AND EPS  [our call 75%]
• 2026-07-22 (in 7d) TSLA: beats BOTH consensus rev AND EPS  [our call 45%]
• 2026-07-23 (in 8d) FR.PA: order intake still up 20pct plus yoy  [our call 65%]
• 2026-07-23 (in 8d) KB: capital return milestones on track  [our call 70%]
• 2026-07-23 (in 8d) SAP.DE: compound gate passes  [our call 50%]
• 2026-07-23 (in 8d) 003550.KS: BASE OR BETTER  [our call 75%]
• 2026-07-23 (in 8d) OPBK: Q2'26 print passes ALL FIVE kills  [our call 60%]

■ ON THE HORIZON (9–21 days)
• 2026-07-24 BAH: civil segment stabilizes
• 2026-07-24 VOW3.DE: no H2 production cut or destocking flag
• 2026-07-24 316140: affirm value-up cadence
• 2026-07-24 NDLS: Q2 system comp >= +7%
• 2026-07-28 EG: BULLISH
• 2026-07-28 MBG.DE: premium mix and content commentary positive
• 2026-07-28 MC.PA: stack gate passes
• 2026-07-28 CVLT: NEUTRAL
• 2026-07-28 CVLT-RAISE: BULLISH
• 2026-07-29 FCT.MI: NEUTRAL
• 2026-07-29 BBD: BULLISH
• 2026-07-29 CTSH: stock base or better
• …+34 more in the 3-week queue (full list on the dashboard).

— desk/morning_brief · read-only · reply to steer
[morning_brief] emailed
TONIGHT'S PREP — your todos for tomorrow:
SIGNALOS — ON DECK for Thursday 2026-07-16
==========================================================

■ ⚡ ARMED — PRE-REGISTERED ACTIONS (execute or stand down)
• BKE → ADD (FAVORABLE, SLA 30m · anchor pre_catalyst_close)
    Starter add on the confirmed positive comp. GTC value ladder AT/BELOW the pre-catalyst close and near the 52wk low; DO NOT pay up for the print pop. If price already ran >1% above the anchor, STAND DO

■ ACTIONS & DECISIONS
• OXLCZ: tape 24.75 is ~+1.0% vs your resting buy 24.5 — could fill today; decide if the rung still stands.
• OXLCZ: tape 24.75 is ~+0.4% vs your resting buy 24.65 — could fill today; decide if the rung still stands.
• MNDY: tape 80.56 is near your 84 action line — HELD.
• WF: tape 63.33 is near your 62.0 action line — STARTER.
• OXLCZ: tape 24.75 is near your 24.45 action line — OWNABLE.
• ELE: tape 15.74 is near your 15.5 action line — OWNABLE.
• BGB: tape 11.32 is near your 11.0 action line — STARTER.
• [CLOSED] MFP (Midera) — EXITED 2026-07-09, realized +$613 net (+11.5%), 2-day hold. FLOW cohort win #1. Re-buy watch only <$31. (Remove this line in a few days.)
• [DECISION] Bucket-size number: still to set. It's the ballast fraction that scales the whole convexity bucket (RGLD/WPM/FNV/EQT/GLD/ELE/IDR) into dollars. Nothing deploys until you pick it. Deploys AT September; the incoming $5M cash is the current convexity.
• [GATE] ELE (Elemental Royalty) — before the resting bids are fully blessed, pull the post-EMX+Vizsla fully-diluted share count and warrants. 'Net-cash junior below peer multiple' is still a pre-merger claim; ~15-min job. ELE is now RP_FAIR (ownable) after the Tether deep-DD.
• [WATCH] IDR (Idaho Strategic) — WAIT, do not chase. Full court says levered gold-beta (not crash-convexity) + a story-stage rare-earth premium. Fair band $18-24; it's ~$29.71. Patient bid only if it de-rates below $24.

■ CATALYSTS LANDING (next 8 days)
• 2026-07-17 (tomorrow) BRBY.L: BASE OR BETTER  [our call 72%]
• 2026-07-17 (tomorrow) ALV: organic beat plus FY margin held or raised  [our call 55%]
• 2026-07-17 (tomorrow) LSTA: AVOID as arb / WATCH — flips to a fast STARTER <$4.00 ONLY on a COMMITTED-financing 8-K  [our call 35%]
• 2026-07-20 (in 4d) CIB: working coalition visibly forms at the jul20 congress seating  [our call 42%]
• 2026-07-21 (in 5d) IVN: WF maiden MRE impresses 10Mt plus or grade surprise  [our call 60%]
• 2026-07-21 (in 5d) EQT: FY26 FCF guide held AND no new 2027 hedges above 30pct  [our call 65%]
• 2026-07-22 (in 6d) NOW: stock base or better  [our call 55%]
• 2026-07-22 (in 6d) GOOGL: beats BOTH consensus rev AND EPS  [our call 75%]
• 2026-07-22 (in 6d) TSLA: beats BOTH consensus rev AND EPS  [our call 45%]
• 2026-07-23 (in 7d) FR.PA: order intake still up 20pct plus yoy  [our call 65%]
• 2026-07-23 (in 7d) KB: capital return milestones on track  [our call 70%]
• 2026-07-23 (in 7d) SAP.DE: compound gate passes  [our call 50%]
• 2026-07-23 (in 7d) 003550.KS: BASE OR BETTER  [our call 75%]
• 2026-07-23 (in 7d) OPBK: Q2'26 print passes ALL FIVE kills  [our call 60%]
• 2026-07-24 (in 8d) BAH: civil segment stabilizes  [our call 45%]
• 2026-07-24 (in 8d) VOW3.DE: no H2 production cut or destocking flag  [our call 60%]
• 2026-07-24 (in 8d) 316140: affirm value-up cadence  [our call 58%]
• 2026-07-24 (in 8d) NDLS: Q2 system comp >= +7%  [our call 70%]

■ ON THE HORIZON (9–21 days)
• 2026-07-28 EG: BULLISH
• 2026-07-28 MBG.DE: premium mix and content commentary positive
• 2026-07-28 MC.PA: stack gate passes
• 2026-07-28 CVLT: NEUTRAL
• 2026-07-28 CVLT-RAISE: BULLISH
• 2026-07-29 FCT.MI: NEUTRAL
• 2026-07-29 BBD: BULLISH
• 2026-07-29 CTSH: stock base or better
• 2026-07-29 YSS: FLOW — buy the CONFIRMED unlock-flush air-pocket
• 2026-07-29 LIFE: FLOW — arm a $17-18 ladder on the CONFIRMED unlock flush
• 2026-07-29 MSFT: beats BOTH consensus rev AND EPS
• 2026-07-29 META: beats BOTH consensus rev AND EPS
• …+41 more in the 3-week queue (full list on the dashboard).

— desk/morning_brief · read-only · reply to steer
[morning_brief] emailed
TONIGHT'S PREP — your todos for tomorrow:
SIGNALOS — ON DECK for Friday 2026-07-17
==========================================================

■ ⚡ ARMED — PRE-REGISTERED ACTIONS (execute or stand down)
• BKE → ADD (FAVORABLE, SLA 30m · anchor pre_catalyst_close)
    Starter add on the confirmed positive comp. GTC value ladder AT/BELOW the pre-catalyst close and near the 52wk low; DO NOT pay up for the print pop. If price already ran >1% above the anchor, STAND DO

■ ACTIONS & DECISIONS
• OXLCZ: tape 24.73 is ~+0.9% vs your resting buy 24.5 — could fill today; decide if the rung still stands.
• OXLCZ: tape 24.73 is ~+0.3% vs your resting buy 24.65 — could fill today; decide if the rung still stands.
• EOLS: tape 5.64 is near your 5.5 action line — OWNABLE.
• MNDY: tape 78.02 is near your 84 action line — HELD.
• WF: tape 63.49 is near your 62.0 action line — STARTER.
• OXLCZ: tape 24.73 is near your 24.45 action line — OWNABLE.
• ELE: tape 14.53 is near your 15.5 action line — OWNABLE.
• BGB: tape 11.33 is near your 11.0 action line — STARTER.
• [CLOSED] MFP (Midera) — EXITED 2026-07-09, realized +$613 net (+11.5%), 2-day hold. FLOW cohort win #1. Re-buy watch only <$31. (Remove this line in a few days.)
• [DECISION] Bucket-size number: still to set. It's the ballast fraction that scales the whole convexity bucket (RGLD/WPM/FNV/EQT/GLD/ELE/IDR) into dollars. Nothing deploys until you pick it. Deploys AT September; the incoming $5M cash is the current convexity.
• [GATE] ELE (Elemental Royalty) — before the resting bids are fully blessed, pull the post-EMX+Vizsla fully-diluted share count and warrants. 'Net-cash junior below peer multiple' is still a pre-merger claim; ~15-min job. ELE is now RP_FAIR (ownable) after the Tether deep-DD.
• [WATCH] IDR (Idaho Strategic) — WAIT, do not chase. Full court says levered gold-beta (not crash-convexity) + a story-stage rare-earth premium. Fair band $18-24; it's ~$29.71. Patient bid only if it de-rates below $24.

■ CATALYSTS LANDING (next 8 days)
• 2026-07-17 (TODAY) BRBY.L: BASE OR BETTER  [our call 72%]
• 2026-07-17 (TODAY) ALV: organic beat plus FY margin held or raised  [our call 55%]
• 2026-07-17 (TODAY) LSTA: AVOID as arb / WATCH — flips to a fast STARTER <$4.00 ONLY on a COMMITTED-financing 8-K  [our call 35%]
• 2026-07-20 (in 3d) CIB: working coalition visibly forms at the jul20 congress seating  [our call 42%]
• 2026-07-21 (in 4d) IVN: WF maiden MRE impresses 10Mt plus or grade surprise  [our call 60%]
• 2026-07-21 (in 4d) EQT: FY26 FCF guide held AND no new 2027 hedges above 30pct  [our call 65%]
• 2026-07-22 (in 5d) NOW: stock base or better  [our call 55%]
• 2026-07-22 (in 5d) GOOGL: beats BOTH consensus rev AND EPS  [our call 75%]
• 2026-07-22 (in 5d) TSLA: beats BOTH consensus rev AND EPS  [our call 45%]
• 2026-07-23 (in 6d) FR.PA: order intake still up 20pct plus yoy  [our call 65%]
• 2026-07-23 (in 6d) KB: capital return milestones on track  [our call 70%]
• 2026-07-23 (in 6d) SAP.DE: compound gate passes  [our call 50%]
• 2026-07-23 (in 6d) 003550.KS: BASE OR BETTER  [our call 75%]
• 2026-07-23 (in 6d) OPBK: Q2'26 print passes ALL FIVE kills  [our call 60%]
• 2026-07-24 (in 7d) BAH: civil segment stabilizes  [our call 45%]
• 2026-07-24 (in 7d) VOW3.DE: no H2 production cut or destocking flag  [our call 60%]
• 2026-07-24 (in 7d) 316140: affirm value-up cadence  [our call 58%]
• 2026-07-24 (in 7d) NDLS: Q2 system comp >= +7%  [our call 70%]

■ ON THE HORIZON (9–21 days)
• 2026-07-28 EG: BULLISH
• 2026-07-28 MBG.DE: premium mix and content commentary positive
• 2026-07-28 MC.PA: stack gate passes
• 2026-07-28 CVLT: NEUTRAL
• 2026-07-28 CVLT-RAISE: BULLISH
• 2026-07-29 FCT.MI: NEUTRAL
• 2026-07-29 BBD: BULLISH
• 2026-07-29 CTSH: stock base or better
• 2026-07-29 YSS: FLOW — buy the CONFIRMED unlock-flush air-pocket
• 2026-07-29 LIFE: FLOW — arm a $17-18 ladder on the CONFIRMED unlock flush
• 2026-07-29 MSFT: beats BOTH consensus rev AND EPS
• 2026-07-29 META: beats BOTH consensus rev AND EPS
• …+45 more in the 3-week queue (full list on the dashboard).

— desk/morning_brief · read-only · reply to steer
[morning_brief] emailed
TONIGHT'S PREP — your todos for tomorrow:
SIGNALOS — ON DECK for Monday 2026-07-20
==========================================================

■ ⚡ ARMED — PRE-REGISTERED ACTIONS (execute or stand down)
• BKE → ADD (FAVORABLE, SLA 30m · anchor pre_catalyst_close)
    Starter add on the confirmed positive comp. GTC value ladder AT/BELOW the pre-catalyst close and near the 52wk low; DO NOT pay up for the print pop. If price already ran >1% above the anchor, STAND DO

■ ACTIONS & DECISIONS
• OXLCZ: tape 24.76 is ~+1.1% vs your resting buy 24.5 — could fill today; decide if the rung still stands.
• OXLCZ: tape 24.76 is ~+0.4% vs your resting buy 24.65 — could fill today; decide if the rung still stands.
• CAI: tape 16.45 is near your 16 action line — HELD.
• MNDY: tape 78.02 is near your 84 action line — HELD.
• WF: tape 63.17 is near your 62.0 action line — STARTER.
• OXLCZ: tape 24.76 is near your 24.45 action line — OWNABLE.
• ELE: tape 14.34 is near your 15.5 action line — OWNABLE.
• BGB: tape 11.32 is near your 11.0 action line — STARTER.
• [CLOSED] MFP (Midera) — EXITED 2026-07-09, realized +$613 net (+11.5%), 2-day hold. FLOW cohort win #1. Re-buy watch only <$31. (Remove this line in a few days.)
• [DECISION] Bucket-size number: still to set. It's the ballast fraction that scales the whole convexity bucket (RGLD/WPM/FNV/EQT/GLD/ELE/IDR) into dollars. Nothing deploys until you pick it. Deploys AT September; the incoming $5M cash is the current convexity.
• [GATE] ELE (Elemental Royalty) — before the resting bids are fully blessed, pull the post-EMX+Vizsla fully-diluted share count and warrants. 'Net-cash junior below peer multiple' is still a pre-merger claim; ~15-min job. ELE is now RP_FAIR (ownable) after the Tether deep-DD.
• [WATCH] IDR (Idaho Strategic) — WAIT, do not chase. Full court says levered gold-beta (not crash-convexity) + a story-stage rare-earth premium. Fair band $18-24; it's ~$29.71. Patient bid only if it de-rates below $24.

■ CATALYSTS LANDING (next 8 days)
• 2026-07-20 (TODAY) CIB: working coalition visibly forms at the jul20 congress seating  [our call 42%]
• 2026-07-21 (tomorrow) IVN: WF maiden MRE impresses 10Mt plus or grade surprise  [our call 60%]
• 2026-07-21 (tomorrow) EQT: FY26 FCF guide held AND no new 2027 hedges above 30pct  [our call 65%]
• 2026-07-21 (tomorrow) EQT-STK: positive total return over [print, print+5 trading days]  [our call 52%]
• 2026-07-22 (in 2d) NOW: stock base or better  [our call 55%]
• 2026-07-22 (in 2d) GOOGL: beats BOTH consensus rev AND EPS  [our call 75%]
• 2026-07-22 (in 2d) TSLA: beats BOTH consensus rev AND EPS  [our call 45%]
• 2026-07-23 (in 3d) FR.PA: order intake still up 20pct plus yoy  [our call 65%]
• 2026-07-23 (in 3d) KB: capital return milestones on track  [our call 70%]
• 2026-07-23 (in 3d) SAP.DE: compound gate passes  [our call 50%]
• 2026-07-23 (in 3d) 003550.KS: BASE OR BETTER  [our call 75%]
• 2026-07-23 (in 3d) OPBK: Q2'26 print passes ALL FIVE kills  [our call 60%]
• 2026-07-23 (in 3d) SAP.DE-STK: positive total return over [print, print+5 trading days]  [our call 52%]
• 2026-07-24 (in 4d) BAH: civil segment stabilizes  [our call 45%]
• 2026-07-24 (in 4d) VOW3.DE: no H2 production cut or destocking flag  [our call 60%]
• 2026-07-24 (in 4d) 316140: affirm value-up cadence  [our call 58%]
• 2026-07-24 (in 4d) NDLS: Q2 system comp >= +7%  [our call 70%]
• 2026-07-24 (in 4d) BAH-STK: positive total return over [print, print+5 trading days]  [our call 55%]
• 2026-07-28 (in 8d) EG: BULLISH  [our call 65%]
• 2026-07-28 (in 8d) MBG.DE: premium mix and content commentary positive  [our call 55%]
• 2026-07-28 (in 8d) MC.PA: stack gate passes  [our call 35%]
• 2026-07-28 (in 8d) CVLT: NEUTRAL  [our call 42%]
• 2026-07-28 (in 8d) CVLT-RAISE: BULLISH  [our call 30%]

■ ON THE HORIZON (9–21 days)
• 2026-07-29 FCT.MI: NEUTRAL
• 2026-07-29 BBD: BULLISH
• 2026-07-29 CTSH: stock base or better
• 2026-07-29 YSS: FLOW — buy the CONFIRMED unlock-flush air-pocket
• 2026-07-29 LIFE: FLOW — arm a $17-18 ladder on the CONFIRMED unlock flush
• 2026-07-29 MSFT: beats BOTH consensus rev AND EPS
• 2026-07-29 META: beats BOTH consensus rev AND EPS
• 2026-07-29 FOMC: HOLD
• 2026-07-29 EG-STK: positive total return over [print, print+5 trading days]
• 2026-07-29 BBD-STK: positive total return over [print, print+5 trading days]
• 2026-07-30 FOUR: BULLISH
• 2026-07-30 IVN: the Jul-30 financials/MD&A CONFIRM the H2 ramp
• …+51 more in the 3-week queue (full list on the dashboard).

— desk/morning_brief · read-only · reply to steer
[morning_brief] email failed: [Errno 8] nodename nor servname provided, or not known
TONIGHT'S PREP — your todos for tomorrow:
SIGNALOS — ON DECK for Tuesday 2026-07-21
==========================================================

■ ⚡ ARMED — PRE-REGISTERED ACTIONS (execute or stand down)
• BKE → ADD (FAVORABLE, SLA 30m · anchor pre_catalyst_close)
    Starter add on the confirmed positive comp. GTC value ladder AT/BELOW the pre-catalyst close and near the 52wk low; DO NOT pay up for the print pop. If price already ran >1% above the anchor, STAND DO

■ ACTIONS & DECISIONS
• OXLCZ: tape 24.79 is ~+1.2% vs your resting buy 24.5 — could fill today; decide if the rung still stands.
• OXLCZ: tape 24.79 is ~+0.6% vs your resting buy 24.65 — could fill today; decide if the rung still stands.
• EOLS: tape 5.54 is near your 5.5 action line — OWNABLE.
• MNDY: tape 76.75 is near your 84 action line — HELD.
• WF: tape 62.25 is near your 62.0 action line — STARTER.
• OXLCZ: tape 24.79 is near your 24.45 action line — OWNABLE.
• ELE: tape 14.57 is near your 15.5 action line — OWNABLE.
• BGB: tape 11.33 is near your 11.0 action line — STARTER.
• [CLOSED] MFP (Midera) — EXITED 2026-07-09, realized +$613 net (+11.5%), 2-day hold. FLOW cohort win #1. Re-buy watch only <$31. (Remove this line in a few days.)
• [DECISION] Bucket-size number: still to set. It's the ballast fraction that scales the whole convexity bucket (RGLD/WPM/FNV/EQT/GLD/ELE/IDR) into dollars. Nothing deploys until you pick it. Deploys AT September; the incoming $5M cash is the current convexity.
• [GATE] ELE (Elemental Royalty) — before the resting bids are fully blessed, pull the post-EMX+Vizsla fully-diluted share count and warrants. 'Net-cash junior below peer multiple' is still a pre-merger claim; ~15-min job. ELE is now RP_FAIR (ownable) after the Tether deep-DD.
• [WATCH] IDR (Idaho Strategic) — WAIT, do not chase. Full court says levered gold-beta (not crash-convexity) + a story-stage rare-earth premium. Fair band $18-24; it's ~$29.71. Patient bid only if it de-rates below $24.

■ CATALYSTS LANDING (next 8 days)
• 2026-07-21 (TODAY) IVN: WF maiden MRE impresses 10Mt plus or grade surprise  [our call 60%]
• 2026-07-21 (TODAY) EQT: FY26 FCF guide held AND no new 2027 hedges above 30pct  [our call 65%]
• 2026-07-21 (TODAY) EQT-STK: positive total return over [print, print+5 trading days]  [our call 52%]
• 2026-07-22 (tomorrow) NOW: stock base or better  [our call 55%]
• 2026-07-22 (tomorrow) GOOGL: beats BOTH consensus rev AND EPS  [our call 75%]
• 2026-07-22 (tomorrow) TSLA: beats BOTH consensus rev AND EPS  [our call 45%]
• 2026-07-23 (in 2d) FR.PA: order intake still up 20pct plus yoy  [our call 65%]
• 2026-07-23 (in 2d) KB: capital return milestones on track  [our call 70%]
• 2026-07-23 (in 2d) SAP.DE: compound gate passes  [our call 50%]
• 2026-07-23 (in 2d) 003550.KS: BASE OR BETTER  [our call 75%]
• 2026-07-23 (in 2d) OPBK: Q2'26 print passes ALL FIVE kills  [our call 60%]
• 2026-07-23 (in 2d) SAP.DE-STK: positive total return over [print, print+5 trading days]  [our call 52%]
• 2026-07-24 (in 3d) BAH: civil segment stabilizes  [our call 45%]
• 2026-07-24 (in 3d) VOW3.DE: no H2 production cut or destocking flag  [our call 60%]
• 2026-07-24 (in 3d) 316140: affirm value-up cadence  [our call 58%]
• 2026-07-24 (in 3d) NDLS: Q2 system comp >= +7%  [our call 70%]
• 2026-07-24 (in 3d) BAH-STK: positive total return over [print, print+5 trading days]  [our call 55%]
• 2026-07-24 (in 3d) WF-STK: positive total return in Woori Financial ADR  [our call 52%]
• 2026-07-28 (in 7d) EG: BULLISH  [our call 65%]
• 2026-07-28 (in 7d) MBG.DE: premium mix and content commentary positive  [our call 55%]
• 2026-07-28 (in 7d) MC.PA: stack gate passes  [our call 35%]
• 2026-07-28 (in 7d) CVLT: NEUTRAL  [our call 42%]
• 2026-07-28 (in 7d) CVLT-RAISE: BULLISH  [our call 30%]
• 2026-07-29 (in 8d) FCT.MI: NEUTRAL  [our call 70%]
• 2026-07-29 (in 8d) BBD: BULLISH  [our call 55%]
• 2026-07-29 (in 8d) CTSH: stock base or better  [our call 60%]
• 2026-07-29 (in 8d) YSS: FLOW — buy the CONFIRMED unlock-flush air-pocket  [our call 35%]
• 2026-07-29 (in 8d) LIFE: FLOW — arm a $17-18 ladder on the CONFIRMED unlock flush  [our call 44%]
• 2026-07-29 (in 8d) MSFT: beats BOTH consensus rev AND EPS  [our call 78%]
• 2026-07-29 (in 8d) META: beats BOTH consensus rev AND EPS  [our call 76%]
• 2026-07-29 (in 8d) FOMC: HOLD  [our call 68%]
• 2026-07-29 (in 8d) EG-STK: positive total return over [print, print+5 trading days]  [our call 42%]
• 2026-07-29 (in 8d) BBD-STK: positive total return over [print, print+5 trading days]  [our call 55%]

■ ON THE HORIZON (9–21 days)
• 2026-07-30 FOUR: BULLISH
• 2026-07-30 IVN: the Jul-30 financials/MD&A CONFIRM the H2 ramp
• 2026-07-30 BMW.DE: production and orders stable
• 2026-07-30 AAPL: beats BOTH consensus rev AND EPS
• 2026-07-30 AMZN: beats BOTH consensus rev AND EPS
• 2026-07-30 UPBD: the entry GATE passes at the Q2 print
• 2026-07-30 UPBD-STK: positive total return in UPBD over [Jul-30 print, +5 trading days]
• 2026-07-31 EO.PA: book to bill above 1 or intake stabilizing
• 2026-07-31 IVN: worker equity compliance non punitive
• 2026-07-31 ELV: CMS RADV resolves at or under 935M accrual no sanctions
• 2026-08-01 MLCO: july ggr mom ge june
• 2026-08-01 MACAU-GGR: july ggr yoy positive
• …+47 more in the 3-week queue (full list on the dashboard).

— desk/morning_brief · read-only · reply to steer
[morning_brief] emailed
Traceback (most recent call last):
  File "/Library/Developer/CommandLineTools/Library/Frameworks/Python3.framework/Versions/3.9/lib/python3.9/runpy.py", line 197, in _run_module_as_main
    return _run_code(code, main_globals, None,
  File "/Library/Developer/CommandLineTools/Library/Frameworks/Python3.framework/Versions/3.9/lib/python3.9/runpy.py", line 87, in _run_code
    exec(code, run_globals)
  File "/Users/ajay/exalted/signalos/desk/morning_brief.py", line 282, in <module>
    main()
  File "/Users/ajay/exalted/signalos/desk/morning_brief.py", line 273, in main
    body = build(day)
  File "/Users/ajay/exalted/signalos/desk/morning_brief.py", line 190, in build
    for d, r in sorted(overdue_open):
TypeError: '<' not supported between instances of 'dict' and 'dict'
Traceback (most recent call last):
  File "/Library/Developer/CommandLineTools/Library/Frameworks/Python3.framework/Versions/3.9/lib/python3.9/runpy.py", line 197, in _run_module_as_main
    return _run_code(code, main_globals, None,
  File "/Library/Developer/CommandLineTools/Library/Frameworks/Python3.framework/Versions/3.9/lib/python3.9/runpy.py", line 87, in _run_code
    exec(code, run_globals)
  File "/Users/ajay/exalted/signalos/desk/morning_brief.py", line 282, in <module>
    main()
  File "/Users/ajay/exalted/signalos/desk/morning_brief.py", line 273, in main
    body = build(day)
  File "/Users/ajay/exalted/signalos/desk/morning_brief.py", line 190, in build
    for d, r in sorted(overdue_open):
TypeError: '<' not supported between instances of 'dict' and 'dict'
Traceback (most recent call last):
  File "/Library/Developer/CommandLineTools/Library/Frameworks/Python3.framework/Versions/3.9/lib/python3.9/runpy.py", line 197, in _run_module_as_main
    return _run_code(code, main_globals, None,
  File "/Library/Developer/CommandLineTools/Library/Frameworks/Python3.framework/Versions/3.9/lib/python3.9/runpy.py", line 87, in _run_code
    exec(code, run_globals)
  File "/Users/ajay/exalted/signalos/desk/morning_brief.py", line 282, in <module>
    main()
  File "/Users/ajay/exalted/signalos/desk/morning_brief.py", line 273, in main
    body = build(day)
  File "/Users/ajay/exalted/signalos/desk/morning_brief.py", line 190, in build
    for d, r in sorted(overdue_open):
TypeError: '<' not supported between instances of 'dict' and 'dict'
Traceback (most recent call last):
  File "/Library/Developer/CommandLineTools/Library/Frameworks/Python3.framework/Versions/3.9/lib/python3.9/runpy.py", line 197, in _run_module_as_main
    return _run_code(code, main_globals, None,
  File "/Library/Developer/CommandLineTools/Library/Frameworks/Python3.framework/Versions/3.9/lib/python3.9/runpy.py", line 87, in _run_code
    exec(code, run_globals)
  File "/Users/ajay/exalted/signalos/desk/morning_brief.py", line 282, in <module>
    main()
  File "/Users/ajay/exalted/signalos/desk/morning_brief.py", line 273, in main
    body = build(day)
  File "/Users/ajay/exalted/signalos/desk/morning_brief.py", line 190, in build
    for d, r in sorted(overdue_open):
TypeError: '<' not supported between instances of 'dict' and 'dict'
Traceback (most recent call last):
  File "/Library/Developer/CommandLineTools/Library/Frameworks/Python3.framework/Versions/3.9/lib/python3.9/runpy.py", line 197, in _run_module_as_main
    return _run_code(code, main_globals, None,
  File "/Library/Developer/CommandLineTools/Library/Frameworks/Python3.framework/Versions/3.9/lib/python3.9/runpy.py", line 87, in _run_code
    exec(code, run_globals)
  File "/Users/ajay/exalted/signalos/desk/morning_brief.py", line 282, in <module>
    main()
  File "/Users/ajay/exalted/signalos/desk/morning_brief.py", line 273, in main
    body = build(day)
  File "/Users/ajay/exalted/signalos/desk/morning_brief.py", line 190, in build
    for d, r in sorted(overdue_open):
TypeError: '<' not supported between instances of 'dict' and 'dict'
Traceback (most recent call last):
  File "/Library/Developer/CommandLineTools/Library/Frameworks/Python3.framework/Versions/3.9/lib/python3.9/runpy.py", line 197, in _run_module_as_main
    return _run_code(code, main_globals, None,
  File "/Library/Developer/CommandLineTools/Library/Frameworks/Python3.framework/Versions/3.9/lib/python3.9/runpy.py", line 87, in _run_code
    exec(code, run_globals)
  File "/Users/ajay/exalted/signalos/desk/morning_brief.py", line 282, in <module>
    main()
  File "/Users/ajay/exalted/signalos/desk/morning_brief.py", line 273, in main
    body = build(day)
  File "/Users/ajay/exalted/signalos/desk/morning_brief.py", line 190, in build
    for d, r in sorted(overdue_open):
TypeError: '<' not supported between instances of 'dict' and 'dict'
Traceback (most recent call last):
  File "/Library/Developer/CommandLineTools/Library/Frameworks/Python3.framework/Versions/3.9/lib/python3.9/runpy.py", line 197, in _run_module_as_main
    return _run_code(code, main_globals, None,
  File "/Library/Developer/CommandLineTools/Library/Frameworks/Python3.framework/Versions/3.9/lib/python3.9/runpy.py", line 87, in _run_code
    exec(code, run_globals)
  File "/Users/ajay/exalted/signalos/desk/morning_brief.py", line 282, in <module>
    main()
  File "/Users/ajay/exalted/signalos/desk/morning_brief.py", line 273, in main
    body = build(day)
  File "/Users/ajay/exalted/signalos/desk/morning_brief.py", line 190, in build
    for d, r in sorted(overdue_open):
TypeError: '<' not supported between instances of 'dict' and 'dict'
Traceback (most recent call last):
  File "/Library/Developer/CommandLineTools/Library/Frameworks/Python3.framework/Versions/3.9/lib/python3.9/runpy.py", line 197, in _run_module_as_main
    return _run_code(code, main_globals, None,
  File "/Library/Developer/CommandLineTools/Library/Frameworks/Python3.framework/Versions/3.9/lib/python3.9/runpy.py", line 87, in _run_code
    exec(code, run_globals)
  File "/Users/ajay/exalted/signalos/desk/morning_brief.py", line 272, in <module>
    main()
  File "/Users/ajay/exalted/signalos/desk/morning_brief.py", line 263, in main
    body = build(day)
  File "/Users/ajay/exalted/signalos/desk/morning_brief.py", line 190, in build
    for d, r in sorted(overdue_open):
TypeError: '<' not supported between instances of 'dict' and 'dict'
Traceback (most recent call last):
  File "/Library/Developer/CommandLineTools/Library/Frameworks/Python3.framework/Versions/3.9/lib/python3.9/runpy.py", line 197, in _run_module_as_main
    return _run_code(code, main_globals, None,
  File "/Library/Developer/CommandLineTools/Library/Frameworks/Python3.framework/Versions/3.9/lib/python3.9/runpy.py", line 87, in _run_code
    exec(code, run_globals)
  File "/Users/ajay/exalted/signalos/desk/morning_brief.py", line 272, in <module>
    main()
  File "/Users/ajay/exalted/signalos/desk/morning_brief.py", line 263, in main
    body = build(day)
  File "/Users/ajay/exalted/signalos/desk/morning_brief.py", line 190, in build
    for d, r in sorted(overdue_open):
TypeError: '<' not supported between instances of 'dict' and 'dict'
Traceback (most recent call last):
  File "/Library/Developer/CommandLineTools/Library/Frameworks/Python3.framework/Versions/3.9/lib/python3.9/runpy.py", line 197, in _run_module_as_main
    return _run_code(code, main_globals, None,
  File "/Library/Developer/CommandLineTools/Library/Frameworks/Python3.framework/Versions/3.9/lib/python3.9/runpy.py", line 87, in _run_code
    exec(code, run_globals)
  File "/Users/ajay/exalted/signalos/desk/morning_brief.py", line 272, in <module>
    main()
  File "/Users/ajay/exalted/signalos/desk/morning_brief.py", line 263, in main
    body = build(day)
  File "/Users/ajay/exalted/signalos/desk/morning_brief.py", line 190, in build
    for d, r in sorted(overdue_open):
TypeError: '<' not supported between instances of 'dict' and 'dict'
Traceback (most recent call last):
  File "/Library/Developer/CommandLineTools/Library/Frameworks/Python3.framework/Versions/3.9/lib/python3.9/runpy.py", line 197, in _run_module_as_main
    return _run_code(code, main_globals, None,
  File "/Library/Developer/CommandLineTools/Library/Frameworks/Python3.framework/Versions/3.9/lib/python3.9/runpy.py", line 87, in _run_code
    exec(code, run_globals)
  File "/Users/ajay/exalted/signalos/desk/morning_brief.py", line 272, in <module>
    main()
  File "/Users/ajay/exalted/signalos/desk/morning_brief.py", line 263, in main
    body = build(day)
  File "/Users/ajay/exalted/signalos/desk/morning_brief.py", line 190, in build
    for d, r in sorted(overdue_open):
TypeError: '<' not supported between instances of 'dict' and 'dict'
Traceback (most recent call last):
  File "/Library/Developer/CommandLineTools/Library/Frameworks/Python3.framework/Versions/3.9/lib/python3.9/runpy.py", line 197, in _run_module_as_main
    return _run_code(code, main_globals, None,
  File "/Library/Developer/CommandLineTools/Library/Frameworks/Python3.framework/Versions/3.9/lib/python3.9/runpy.py", line 87, in _run_code
    exec(code, run_globals)
  File "/Users/ajay/exalted/signalos/desk/morning_brief.py", line 272, in <module>
    main()
  File "/Users/ajay/exalted/signalos/desk/morning_brief.py", line 263, in main
    body = build(day)
  File "/Users/ajay/exalted/signalos/desk/morning_brief.py", line 190, in build
    for d, r in sorted(overdue_open):
TypeError: '<' not supported between instances of 'dict' and 'dict'
Traceback (most recent call last):
  File "/Library/Developer/CommandLineTools/Library/Frameworks/Python3.framework/Versions/3.9/lib/python3.9/runpy.py", line 197, in _run_module_as_main
    return _run_code(code, main_globals, None,
  File "/Library/Developer/CommandLineTools/Library/Frameworks/Python3.framework/Versions/3.9/lib/python3.9/runpy.py", line 87, in _run_code
    exec(code, run_globals)
  File "/Users/ajay/exalted/signalos/desk/morning_brief.py", line 272, in <module>
    main()
  File "/Users/ajay/exalted/signalos/desk/morning_brief.py", line 263, in main
    body = build(day)
  File "/Users/ajay/exalted/signalos/desk/morning_brief.py", line 190, in build
    for d, r in sorted(overdue_open):
TypeError: '<' not supported between instances of 'dict' and 'dict'
Traceback (most recent call last):
  File "/Library/Developer/CommandLineTools/Library/Frameworks/Python3.framework/Versions/3.9/lib/python3.9/runpy.py", line 197, in _run_module_as_main
    return _run_code(code, main_globals, None,
  File "/Library/Developer/CommandLineTools/Library/Frameworks/Python3.framework/Versions/3.9/lib/python3.9/runpy.py", line 87, in _run_code
    exec(code, run_globals)
  File "/Users/ajay/exalted/signalos/desk/morning_brief.py", line 272, in <module>
    main()
  File "/Users/ajay/exalted/signalos/desk/morning_brief.py", line 263, in main
    body = build(day)
  File "/Users/ajay/exalted/signalos/desk/morning_brief.py", line 190, in build
    for d, r in sorted(overdue_open):
TypeError: '<' not supported between instances of 'dict' and 'dict'
Traceback (most recent call last):
  File "/Library/Developer/CommandLineTools/Library/Frameworks/Python3.framework/Versions/3.9/lib/python3.9/runpy.py", line 197, in _run_module_as_main
    return _run_code(code, main_globals, None,
  File "/Library/Developer/CommandLineTools/Library/Frameworks/Python3.framework/Versions/3.9/lib/python3.9/runpy.py", line 87, in _run_code
    exec(code, run_globals)
  File "/Users/ajay/exalted/signalos/desk/morning_brief.py", line 272, in <module>
    main()
  File "/Users/ajay/exalted/signalos/desk/morning_brief.py", line 263, in main
    body = build(day)
  File "/Users/ajay/exalted/signalos/desk/morning_brief.py", line 190, in build
    for d, r in sorted(overdue_open):
TypeError: '<' not supported between instances of 'dict' and 'dict'
Traceback (most recent call last):
  File "/Library/Developer/CommandLineTools/Library/Frameworks/Python3.framework/Versions/3.9/lib/python3.9/runpy.py", line 197, in _run_module_as_main
    return _run_code(code, main_globals, None,
  File "/Library/Developer/CommandLineTools/Library/Frameworks/Python3.framework/Versions/3.9/lib/python3.9/runpy.py", line 87, in _run_code
    exec(code, run_globals)
  File "/Users/ajay/exalted/signalos/desk/morning_brief.py", line 272, in <module>
    main()
  File "/Users/ajay/exalted/signalos/desk/morning_brief.py", line 263, in main
    body = build(day)
  File "/Users/ajay/exalted/signalos/desk/morning_brief.py", line 190, in build
    for d, r in sorted(overdue_open):
TypeError: '<' not supported between instances of 'dict' and 'dict'
Traceback (most recent call last):
  File "/Library/Developer/CommandLineTools/Library/Frameworks/Python3.framework/Versions/3.9/lib/python3.9/runpy.py", line 197, in _run_module_as_main
    return _run_code(code, main_globals, None,
  File "/Library/Developer/CommandLineTools/Library/Frameworks/Python3.framework/Versions/3.9/lib/python3.9/runpy.py", line 87, in _run_code
    exec(code, run_globals)
  File "/Users/ajay/exalted/signalos/desk/morning_brief.py", line 272, in <module>
    main()
  File "/Users/ajay/exalted/signalos/desk/morning_brief.py", line 263, in main
    body = build(day)
  File "/Users/ajay/exalted/signalos/desk/morning_brief.py", line 190, in build
    for d, r in sorted(overdue_open):
TypeError: '<' not supported between instances of 'dict' and 'dict'
Traceback (most recent call last):
  File "/Library/Developer/CommandLineTools/Library/Frameworks/Python3.framework/Versions/3.9/lib/python3.9/runpy.py", line 197, in _run_module_as_main
    return _run_code(code, main_globals, None,
  File "/Library/Developer/CommandLineTools/Library/Frameworks/Python3.framework/Versions/3.9/lib/python3.9/runpy.py", line 87, in _run_code
    exec(code, run_globals)
  File "/Users/ajay/exalted/signalos/desk/morning_brief.py", line 272, in <module>
    main()
  File "/Users/ajay/exalted/signalos/desk/morning_brief.py", line 263, in main
    body = build(day)
  File "/Users/ajay/exalted/signalos/desk/morning_brief.py", line 190, in build
    for d, r in sorted(overdue_open):
TypeError: '<' not supported between instances of 'dict' and 'dict'
Traceback (most recent call last):
  File "/Library/Developer/CommandLineTools/Library/Frameworks/Python3.framework/Versions/3.9/lib/python3.9/runpy.py", line 197, in _run_module_as_main
    return _run_code(code, main_globals, None,
  File "/Library/Developer/CommandLineTools/Library/Frameworks/Python3.framework/Versions/3.9/lib/python3.9/runpy.py", line 87, in _run_code
    exec(code, run_globals)
  File "/Users/ajay/exalted/signalos/desk/morning_brief.py", line 272, in <module>
    main()
  File "/Users/ajay/exalted/signalos/desk/morning_brief.py", line 263, in main
    body = build(day)
  File "/Users/ajay/exalted/signalos/desk/morning_brief.py", line 190, in build
    for d, r in sorted(overdue_open):
TypeError: '<' not supported between instances of 'dict' and 'dict'
Traceback (most recent call last):
  File "/Library/Developer/CommandLineTools/Library/Frameworks/Python3.framework/Versions/3.9/lib/python3.9/runpy.py", line 197, in _run_module_as_main
    return _run_code(code, main_globals, None,
  File "/Library/Developer/CommandLineTools/Library/Frameworks/Python3.framework/Versions/3.9/lib/python3.9/runpy.py", line 87, in _run_code
    exec(code, run_globals)
  File "/Users/ajay/exalted/signalos/desk/morning_brief.py", line 272, in <module>
    main()
  File "/Users/ajay/exalted/signalos/desk/morning_brief.py", line 263, in main
    body = build(day)
  File "/Users/ajay/exalted/signalos/desk/morning_brief.py", line 190, in build
    for d, r in sorted(overdue_open):
TypeError: '<' not supported between instances of 'dict' and 'dict'
Traceback (most recent call last):
  File "/Library/Developer/CommandLineTools/Library/Frameworks/Python3.framework/Versions/3.9/lib/python3.9/runpy.py", line 197, in _run_module_as_main
    return _run_code(code, main_globals, None,
  File "/Library/Developer/CommandLineTools/Library/Frameworks/Python3.framework/Versions/3.9/lib/python3.9/runpy.py", line 87, in _run_code
    exec(code, run_globals)
  File "/Users/ajay/exalted/signalos/desk/morning_brief.py", line 272, in <module>
    main()
  File "/Users/ajay/exalted/signalos/desk/morning_brief.py", line 263, in main
    body = build(day)
  File "/Users/ajay/exalted/signalos/desk/morning_brief.py", line 190, in build
    for d, r in sorted(overdue_open):
TypeError: '<' not supported between instances of 'dict' and 'dict'
Traceback (most recent call last):
  File "/Library/Developer/CommandLineTools/Library/Frameworks/Python3.framework/Versions/3.9/lib/python3.9/runpy.py", line 197, in _run_module_as_main
    return _run_code(code, main_globals, None,
  File "/Library/Developer/CommandLineTools/Library/Frameworks/Python3.framework/Versions/3.9/lib/python3.9/runpy.py", line 87, in _run_code
    exec(code, run_globals)
  File "/Users/ajay/exalted/signalos/desk/morning_brief.py", line 272, in <module>
    main()
  File "/Users/ajay/exalted/signalos/desk/morning_brief.py", line 263, in main
    body = build(day)
  File "/Users/ajay/exalted/signalos/desk/morning_brief.py", line 190, in build
    for d, r in sorted(overdue_open):
TypeError: '<' not supported between instances of 'dict' and 'dict'
Traceback (most recent call last):
  File "/Library/Developer/CommandLineTools/Library/Frameworks/Python3.framework/Versions/3.9/lib/python3.9/runpy.py", line 197, in _run_module_as_main
    return _run_code(code, main_globals, None,
  File "/Library/Developer/CommandLineTools/Library/Frameworks/Python3.framework/Versions/3.9/lib/python3.9/runpy.py", line 87, in _run_code
    exec(code, run_globals)
  File "/Users/ajay/exalted/signalos/desk/morning_brief.py", line 272, in <module>
    main()
  File "/Users/ajay/exalted/signalos/desk/morning_brief.py", line 263, in main
    body = build(day)
  File "/Users/ajay/exalted/signalos/desk/morning_brief.py", line 190, in build
    for d, r in sorted(overdue_open):
TypeError: '<' not supported between instances of 'dict' and 'dict'
Traceback (most recent call last):
  File "/Library/Developer/CommandLineTools/Library/Frameworks/Python3.framework/Versions/3.9/lib/python3.9/runpy.py", line 197, in _run_module_as_main
    return _run_code(code, main_globals, None,
  File "/Library/Developer/CommandLineTools/Library/Frameworks/Python3.framework/Versions/3.9/lib/python3.9/runpy.py", line 87, in _run_code
    exec(code, run_globals)
  File "/Users/ajay/exalted/signalos/desk/morning_brief.py", line 272, in <module>
    main()
  File "/Users/ajay/exalted/signalos/desk/morning_brief.py", line 263, in main
    body = build(day)
  File "/Users/ajay/exalted/signalos/desk/morning_brief.py", line 190, in build
    for d, r in sorted(overdue_open):
TypeError: '<' not supported between instances of 'dict' and 'dict'
Traceback (most recent call last):
  File "/Library/Developer/CommandLineTools/Library/Frameworks/Python3.framework/Versions/3.9/lib/python3.9/runpy.py", line 197, in _run_module_as_main
    return _run_code(code, main_globals, None,
  File "/Library/Developer/CommandLineTools/Library/Frameworks/Python3.framework/Versions/3.9/lib/python3.9/runpy.py", line 87, in _run_code
    exec(code, run_globals)
  File "/Users/ajay/exalted/signalos/desk/morning_brief.py", line 272, in <module>
    main()
  File "/Users/ajay/exalted/signalos/desk/morning_brief.py", line 263, in main
    body = build(day)
  File "/Users/ajay/exalted/signalos/desk/morning_brief.py", line 190, in build
    for d, r in sorted(overdue_open):
TypeError: '<' not supported between instances of 'dict' and 'dict'
Traceback (most recent call last):
  File "/Library/Developer/CommandLineTools/Library/Frameworks/Python3.framework/Versions/3.9/lib/python3.9/runpy.py", line 197, in _run_module_as_main
    return _run_code(code, main_globals, None,
  File "/Library/Developer/CommandLineTools/Library/Frameworks/Python3.framework/Versions/3.9/lib/python3.9/runpy.py", line 87, in _run_code
    exec(code, run_globals)
  File "/Users/ajay/exalted/signalos/desk/morning_brief.py", line 272, in <module>
    main()
  File "/Users/ajay/exalted/signalos/desk/morning_brief.py", line 263, in main
    body = build(day)
  File "/Users/ajay/exalted/signalos/desk/morning_brief.py", line 190, in build
    for d, r in sorted(overdue_open):
TypeError: '<' not supported between instances of 'dict' and 'dict'
Traceback (most recent call last):
  File "/Library/Developer/CommandLineTools/Library/Frameworks/Python3.framework/Versions/3.9/lib/python3.9/runpy.py", line 197, in _run_module_as_main
    return _run_code(code, main_globals, None,
  File "/Library/Developer/CommandLineTools/Library/Frameworks/Python3.framework/Versions/3.9/lib/python3.9/runpy.py", line 87, in _run_code
    exec(code, run_globals)
  File "/Users/ajay/exalted/signalos/desk/morning_brief.py", line 272, in <module>
    main()
  File "/Users/ajay/exalted/signalos/desk/morning_brief.py", line 263, in main
    body = build(day)
  File "/Users/ajay/exalted/signalos/desk/morning_brief.py", line 190, in build
    for d, r in sorted(overdue_open):
TypeError: '<' not supported between instances of 'dict' and 'dict'
Traceback (most recent call last):
  File "/Library/Developer/CommandLineTools/Library/Frameworks/Python3.framework/Versions/3.9/lib/python3.9/runpy.py", line 197, in _run_module_as_main
    return _run_code(code, main_globals, None,
  File "/Library/Developer/CommandLineTools/Library/Frameworks/Python3.framework/Versions/3.9/lib/python3.9/runpy.py", line 87, in _run_code
    exec(code, run_globals)
  File "/Users/ajay/exalted/signalos/desk/morning_brief.py", line 272, in <module>
    main()
  File "/Users/ajay/exalted/signalos/desk/morning_brief.py", line 263, in main
    body = build(day)
  File "/Users/ajay/exalted/signalos/desk/morning_brief.py", line 190, in build
    for d, r in sorted(overdue_open):
TypeError: '<' not supported between instances of 'dict' and 'dict'
Traceback (most recent call last):
  File "/Library/Developer/CommandLineTools/Library/Frameworks/Python3.framework/Versions/3.9/lib/python3.9/runpy.py", line 197, in _run_module_as_main
    return _run_code(code, main_globals, None,
  File "/Library/Developer/CommandLineTools/Library/Frameworks/Python3.framework/Versions/3.9/lib/python3.9/runpy.py", line 87, in _run_code
    exec(code, run_globals)
  File "/Users/ajay/exalted/signalos/desk/morning_brief.py", line 272, in <module>
    main()
  File "/Users/ajay/exalted/signalos/desk/morning_brief.py", line 263, in main
    body = build(day)
  File "/Users/ajay/exalted/signalos/desk/morning_brief.py", line 190, in build
    for d, r in sorted(overdue_open):
TypeError: '<' not supported between instances of 'dict' and 'dict'
Traceback (most recent call last):
  File "/Library/Developer/CommandLineTools/Library/Frameworks/Python3.framework/Versions/3.9/lib/python3.9/runpy.py", line 197, in _run_module_as_main
    return _run_code(code, main_globals, None,
  File "/Library/Developer/CommandLineTools/Library/Frameworks/Python3.framework/Versions/3.9/lib/python3.9/runpy.py", line 87, in _run_code
    exec(code, run_globals)
  File "/Users/ajay/exalted/signalos/desk/morning_brief.py", line 272, in <module>
    main()
  File "/Users/ajay/exalted/signalos/desk/morning_brief.py", line 263, in main
    body = build(day)
  File "/Users/ajay/exalted/signalos/desk/morning_brief.py", line 190, in build
    for d, r in sorted(overdue_open):
TypeError: '<' not supported between instances of 'dict' and 'dict'
Traceback (most recent call last):
  File "/Library/Developer/CommandLineTools/Library/Frameworks/Python3.framework/Versions/3.9/lib/python3.9/runpy.py", line 197, in _run_module_as_main
    return _run_code(code, main_globals, None,
  File "/Library/Developer/CommandLineTools/Library/Frameworks/Python3.framework/Versions/3.9/lib/python3.9/runpy.py", line 87, in _run_code
    exec(code, run_globals)
  File "/Users/ajay/exalted/signalos/desk/morning_brief.py", line 272, in <module>
    main()
  File "/Users/ajay/exalted/signalos/desk/morning_brief.py", line 263, in main
    body = build(day)
  File "/Users/ajay/exalted/signalos/desk/morning_brief.py", line 190, in build
    for d, r in sorted(overdue_open):
TypeError: '<' not supported between instances of 'dict' and 'dict'
Traceback (most recent call last):
  File "/Library/Developer/CommandLineTools/Library/Frameworks/Python3.framework/Versions/3.9/lib/python3.9/runpy.py", line 197, in _run_module_as_main
    return _run_code(code, main_globals, None,
  File "/Library/Developer/CommandLineTools/Library/Frameworks/Python3.framework/Versions/3.9/lib/python3.9/runpy.py", line 87, in _run_code
    exec(code, run_globals)
  File "/Users/ajay/exalted/signalos/desk/morning_brief.py", line 272, in <module>
    main()
  File "/Users/ajay/exalted/signalos/desk/morning_brief.py", line 263, in main
    body = build(day)
  File "/Users/ajay/exalted/signalos/desk/morning_brief.py", line 190, in build
    for d, r in sorted(overdue_open):
TypeError: '<' not supported between instances of 'dict' and 'dict'
Traceback (most recent call last):
  File "/Library/Developer/CommandLineTools/Library/Frameworks/Python3.framework/Versions/3.9/lib/python3.9/runpy.py", line 197, in _run_module_as_main
    return _run_code(code, main_globals, None,
  File "/Library/Developer/CommandLineTools/Library/Frameworks/Python3.framework/Versions/3.9/lib/python3.9/runpy.py", line 87, in _run_code
    exec(code, run_globals)
  File "/Users/ajay/exalted/signalos/desk/morning_brief.py", line 272, in <module>
    main()
  File "/Users/ajay/exalted/signalos/desk/morning_brief.py", line 263, in main
    body = build(day)
  File "/Users/ajay/exalted/signalos/desk/morning_brief.py", line 190, in build
    for d, r in sorted(overdue_open):
TypeError: '<' not supported between instances of 'dict' and 'dict'
Traceback (most recent call last):
  File "/Library/Developer/CommandLineTools/Library/Frameworks/Python3.framework/Versions/3.9/lib/python3.9/runpy.py", line 197, in _run_module_as_main
    return _run_code(code, main_globals, None,
  File "/Library/Developer/CommandLineTools/Library/Frameworks/Python3.framework/Versions/3.9/lib/python3.9/runpy.py", line 87, in _run_code
    exec(code, run_globals)
  File "/Users/ajay/exalted/signalos/desk/morning_brief.py", line 272, in <module>
    main()
  File "/Users/ajay/exalted/signalos/desk/morning_brief.py", line 263, in main
    body = build(day)
  File "/Users/ajay/exalted/signalos/desk/morning_brief.py", line 190, in build
    for d, r in sorted(overdue_open):
TypeError: '<' not supported between instances of 'dict' and 'dict'
Traceback (most recent call last):
  File "/Library/Developer/CommandLineTools/Library/Frameworks/Python3.framework/Versions/3.9/lib/python3.9/runpy.py", line 197, in _run_module_as_main
    return _run_code(code, main_globals, None,
  File "/Library/Developer/CommandLineTools/Library/Frameworks/Python3.framework/Versions/3.9/lib/python3.9/runpy.py", line 87, in _run_code
    exec(code, run_globals)
  File "/Users/ajay/exalted/signalos/desk/morning_brief.py", line 272, in <module>
    main()
  File "/Users/ajay/exalted/signalos/desk/morning_brief.py", line 263, in main
    body = build(day)
  File "/Users/ajay/exalted/signalos/desk/morning_brief.py", line 190, in build
    for d, r in sorted(overdue_open):
TypeError: '<' not supported between instances of 'dict' and 'dict'
