
===== 2026-08-05 11:30 (desk) =====
[orders_calendar] 2026-08-05T18:30:21Z: 76 dated / 0 UNDATED live orders · 33 staged instr · 181 events


===== 2026-08-05 12:35 (desk) =====
[orders_calendar] 2026-08-05T19:35:47Z: 76 dated / 0 UNDATED live orders · 35 staged instr · 183 events


===== 2026-08-05 14:35 (desk) =====
[orders_calendar] 2026-08-05T21:35:35Z: 76 dated / 0 UNDATED live orders · 35 staged instr · 183 events


===== 2026-08-05 16:35 (desk) =====
[orders_calendar] 2026-08-05T23:35:21Z: 105 dated / 1 UNDATED live orders · 35 staged instr · 188 events


===== 2026-08-05 18:35 (desk) =====
[orders_calendar] 2026-08-06T01:35:26Z: 105 dated / 1 UNDATED live orders · 35 staged instr · 199 events


===== 2026-08-05 20:35 (desk) =====
[orders_calendar] 2026-08-06T03:35:25Z: 105 dated / 1 UNDATED live orders · 35 staged instr · 199 events


===== 2026-08-05 22:35 (desk) =====
[orders_calendar] 2026-08-06T05:35:12Z: 105 dated / 1 UNDATED live orders · 35 staged instr · 199 events


===== 2026-08-06 00:34 (desk) =====
[orders_calendar] 2026-08-06T07:34:36Z: 116 dated / 25 UNDATED live orders · 35 staged instr · 199 events


===== 2026-08-06 02:34 (desk) =====
[orders_calendar] 2026-08-06T09:34:30Z: 116 dated / 25 UNDATED live orders · 35 staged instr · 199 events


===== 2026-08-06 04:36 (desk) =====
[orders_calendar] 2026-08-06T11:36:56Z: 116 dated / 25 UNDATED live orders · 35 staged instr · 199 events


===== 2026-08-06 06:35 (desk) =====
[orders_calendar] 2026-08-06T13:35:16Z: 114 dated / 24 UNDATED live orders · 35 staged instr · 199 events


===== 2026-08-06 08:41 (desk) =====
[orders_calendar] 2026-08-06T15:41:02Z: 113 dated / 22 UNDATED live orders · 35 staged instr · 229 events


===== 2026-08-06 10:40 (desk) =====
[orders_calendar] 2026-08-06T17:40:58Z: 113 dated / 22 UNDATED live orders · 35 staged instr · 238 events


===== 2026-08-06 12:35 (desk) =====
[orders_calendar] 2026-08-06T19:35:52Z: 113 dated / 22 UNDATED live orders · 35 staged instr · 244 events


===== 2026-08-06 14:35 (desk) =====
[orders_calendar] 2026-08-06T21:35:43Z: 113 dated / 22 UNDATED live orders · 35 staged instr · 249 events


===== 2026-08-06 16:34 (desk) =====
[orders_calendar] 2026-08-06T23:34:52Z: 113 dated / 22 UNDATED live orders · 35 staged instr · 249 events


===== 2026-08-06 18:34 (desk) =====
[orders_calendar] 2026-08-07T01:34:59Z: 113 dated / 22 UNDATED live orders · 35 staged instr · 244 events


===== 2026-08-06 20:34 (desk) =====
[orders_calendar] 2026-08-07T03:34:49Z: 113 dated / 22 UNDATED live orders · 35 staged instr · 244 events


===== 2026-08-06 22:34 (desk) =====
[orders_calendar] 2026-08-07T05:34:49Z: 113 dated / 22 UNDATED live orders · 35 staged instr · 244 events


===== 2026-08-07 00:35 (desk) =====
[orders_calendar] 2026-08-07T07:35:32Z: 113 dated / 22 UNDATED live orders · 35 staged instr · 244 events


===== 2026-08-07 02:35 (desk) =====
[orders_calendar] 2026-08-07T09:35:07Z: 113 dated / 22 UNDATED live orders · 34 staged instr · 257 events


===== 2026-08-07 04:48 (desk) =====
[orders_calendar] 2026-08-07T11:48:47Z: 113 dated / 22 UNDATED live orders · 34 staged instr · 257 events


===== 2026-08-07 06:35 (desk) =====
[orders_calendar] 2026-08-07T13:35:38Z: 113 dated / 22 UNDATED live orders · 34 staged instr · 257 events


===== 2026-08-07 08:35 (desk) =====
[orders_calendar] 2026-08-07T15:35:46Z: 113 dated / 22 UNDATED live orders · 34 staged instr · 257 events


===== 2026-08-07 10:36 (desk) =====
[orders_calendar] 2026-08-07T17:36:41Z: 113 dated / 22 UNDATED live orders · 34 staged instr · 257 events


===== 2026-08-07 12:37 (desk) =====
[orders_calendar] 2026-08-07T19:37:47Z: 113 dated / 22 UNDATED live orders · 34 staged instr · 259 events


===== 2026-08-07 20:37 (desk) =====
[orders_calendar] 2026-08-08T03:37:21Z: 113 dated / 22 UNDATED live orders · 34 staged instr · 248 events


===== 2026-08-10 00:53 (desk) =====
[orders_calendar] 2026-08-10T07:53:30Z: 112 dated / 23 UNDATED live orders · 34 staged instr · 245 events


===== 2026-08-10 02:34 (desk) =====
[orders_calendar] 2026-08-10T09:34:33Z: 112 dated / 23 UNDATED live orders · 34 staged instr · 248 events


===== 2026-08-10 11:38 (desk) =====
[orders_calendar] 2026-08-10T18:38:18Z: 112 dated / 23 UNDATED live orders · 34 staged instr · 252 events


===== 2026-08-10 13:34 (desk) =====
[orders_calendar] 2026-08-10T20:34:45Z: 112 dated / 23 UNDATED live orders · 34 staged instr · 253 events


===== 2026-08-10 15:35 (desk) =====
[orders_calendar] 2026-08-10T22:35:03Z: 112 dated / 23 UNDATED live orders · 34 staged instr · 257 events


===== 2026-08-10 17:34 (desk) =====
[orders_calendar] 2026-08-11T00:34:41Z: 98 dated / 27 UNDATED live orders · 34 staged instr · 249 events


===== 2026-08-10 19:34 (desk) =====
[orders_calendar] 2026-08-11T02:34:47Z: 98 dated / 27 UNDATED live orders · 34 staged instr · 252 events


===== 2026-08-10 21:36 (desk) =====
[orders_calendar] 2026-08-11T04:36:06Z: 98 dated / 27 UNDATED live orders · 34 staged instr · 252 events


===== 2026-08-10 23:35 (desk) =====
[orders_calendar] 2026-08-11T06:35:04Z: 98 dated / 27 UNDATED live orders · 34 staged instr · 259 events


===== 2026-08-11 01:56 (desk) =====
[orders_calendar] 2026-08-11T08:56:30Z: 98 dated / 27 UNDATED live orders · 34 staged instr · 261 events


===== 2026-08-11 03:30 (desk) =====
[orders_calendar] 2026-08-11T10:30:09Z: 98 dated / 27 UNDATED live orders · 34 staged instr · 264 events


===== 2026-08-11 04:30 (desk) =====
[orders_calendar] 2026-08-11T11:30:09Z: 98 dated / 27 UNDATED live orders · 34 staged instr · 264 events


===== 2026-08-11 05:30 (desk) =====
[orders_calendar] 2026-08-11T12:30:09Z: 98 dated / 27 UNDATED live orders · 34 staged instr · 264 events


===== 2026-08-11 06:34 (desk) =====
[orders_calendar] 2026-08-11T13:34:04Z: 98 dated / 27 UNDATED live orders · 34 staged instr · 265 events


===== 2026-08-11 08:40 (desk) =====
[orders_calendar] 2026-08-11T15:40:23Z: 98 dated / 27 UNDATED live orders · 34 staged instr · 268 events


===== 2026-08-11 12:54 (desk) =====
[orders_calendar] 2026-08-11T19:54:41Z: 98 dated / 27 UNDATED live orders · 34 staged instr · 282 events


===== 2026-08-11 14:34 (desk) =====
[orders_calendar] 2026-08-11T21:34:47Z: 98 dated / 27 UNDATED live orders · 34 staged instr · 283 events


===== 2026-08-11 16:35 (desk) =====
[orders_calendar] 2026-08-11T23:35:21Z: 98 dated / 27 UNDATED live orders · 34 staged instr · 288 events


===== 2026-08-11 18:34 (desk) =====
[orders_calendar] 2026-08-12T01:34:17Z: 98 dated / 27 UNDATED live orders · 34 staged instr · 287 events


===== 2026-08-11 20:34 (desk) =====
[orders_calendar] 2026-08-12T03:34:19Z: 98 dated / 27 UNDATED live orders · 34 staged instr · 293 events


===== 2026-08-11 22:34 (desk) =====
[orders_calendar] 2026-08-12T05:34:41Z: 98 dated / 27 UNDATED live orders · 34 staged instr · 294 events


===== 2026-08-12 07:57 (desk) =====
[orders_calendar] 2026-08-12T14:57:46Z: 94 dated / 29 UNDATED live orders · 34 staged instr · 298 events


===== 2026-08-12 09:34 (desk) =====
[orders_calendar] 2026-08-12T16:34:26Z: 94 dated / 29 UNDATED live orders · 34 staged instr · 298 events


===== 2026-08-12 11:33 (desk) =====
[orders_calendar] 2026-08-12T18:33:26Z: 94 dated / 29 UNDATED live orders · 34 staged instr · 298 events


===== 2026-08-12 13:33 (desk) =====
[orders_calendar] 2026-08-12T20:33:56Z: 94 dated / 29 UNDATED live orders · 34 staged instr · 298 events


===== 2026-08-12 15:35 (desk) =====
[orders_calendar] 2026-08-12T22:35:11Z: 94 dated / 29 UNDATED live orders · 34 staged instr · 298 events


===== 2026-08-12 17:34 (desk) =====
[orders_calendar] 2026-08-13T00:34:20Z: 94 dated / 29 UNDATED live orders · 34 staged instr · 298 events


===== 2026-08-12 19:33 (desk) =====
[orders_calendar] 2026-08-13T02:33:18Z: 94 dated / 29 UNDATED live orders · 34 staged instr · 298 events


===== 2026-08-12 21:34 (desk) =====
[orders_calendar] 2026-08-13T04:34:12Z: 94 dated / 29 UNDATED live orders · 34 staged instr · 298 events


===== 2026-08-12 23:35 (desk) =====
[orders_calendar] 2026-08-13T06:35:36Z: 94 dated / 29 UNDATED live orders · 34 staged instr · 298 events


===== 2026-08-13 03:03 (desk) =====
[orders_calendar] 2026-08-13T10:03:27Z: 94 dated / 29 UNDATED live orders · 34 staged instr · 298 events


===== 2026-08-13 09:14 (desk) =====
[orders_calendar] 2026-08-13T16:14:55Z: 94 dated / 29 UNDATED live orders · 34 staged instr · 298 events


===== 2026-08-13 10:43 (desk) =====
[orders_calendar] 2026-08-13T17:43:56Z: 94 dated / 29 UNDATED live orders · 34 staged instr · 298 events


===== 2026-08-13 20:35 (desk) =====
[orders_calendar] 2026-08-14T03:35:53Z: 92 dated / 31 UNDATED live orders · 34 staged instr · 291 events


===== 2026-08-13 22:12 (desk) =====
[orders_calendar] 2026-08-14T05:12:36Z: 92 dated / 31 UNDATED live orders · 34 staged instr · 291 events


===== 2026-08-14 00:33 (desk) =====
[orders_calendar] 2026-08-14T07:33:30Z: 92 dated / 31 UNDATED live orders · 34 staged instr · 296 events


===== 2026-08-14 02:33 (desk) =====
[orders_calendar] 2026-08-14T09:33:29Z: 92 dated / 31 UNDATED live orders · 34 staged instr · 300 events


===== 2026-08-14 04:33 (desk) =====
[orders_calendar] 2026-08-14T11:33:26Z: 92 dated / 31 UNDATED live orders · 34 staged instr · 302 events


===== 2026-08-14 06:33 (desk) =====
[orders_calendar] 2026-08-14T13:33:55Z: 92 dated / 31 UNDATED live orders · 34 staged instr · 302 events


===== 2026-08-14 08:34 (desk) =====
[orders_calendar] 2026-08-14T15:34:58Z: 92 dated / 31 UNDATED live orders · 34 staged instr · 303 events


===== 2026-08-14 10:03 (desk) =====
[orders_calendar] 2026-08-14T17:03:18Z: 92 dated / 31 UNDATED live orders · 34 staged instr · 306 events


===== 2026-08-14 12:55 (desk) =====
[orders_calendar] 2026-08-14T19:55:23Z: 92 dated / 31 UNDATED live orders · 34 staged instr · 309 events


===== 2026-08-17 08:58 (desk) =====
[orders_calendar] 2026-08-17T15:58:53Z: 92 dated / 31 UNDATED live orders · 34 staged instr · 339 events


===== 2026-08-17 10:41 (desk) =====
[orders_calendar] 2026-08-17T17:41:52Z: 89 dated / 28 UNDATED live orders · 34 staged instr · 358 events


===== 2026-08-17 12:40 (desk) =====
[orders_calendar] 2026-08-17T19:40:16Z: 89 dated / 28 UNDATED live orders · 34 staged instr · 358 events


===== 2026-08-17 14:39 (desk) =====
[orders_calendar] 2026-08-17T21:39:25Z: 89 dated / 28 UNDATED live orders · 34 staged instr · 365 events


===== 2026-08-17 16:39 (desk) =====
[orders_calendar] 2026-08-17T23:39:34Z: 89 dated / 28 UNDATED live orders · 34 staged instr · 368 events


===== 2026-08-17 18:37 (desk) =====
[orders_calendar] 2026-08-18T01:37:22Z: 87 dated / 30 UNDATED live orders · 34 staged instr · 356 events


===== 2026-08-17 20:37 (desk) =====
[orders_calendar] 2026-08-18T03:37:33Z: 87 dated / 30 UNDATED live orders · 32 staged instr · 378 events


===== 2026-08-17 22:40 (desk) =====
[orders_calendar] 2026-08-18T05:40:54Z: 87 dated / 30 UNDATED live orders · 32 staged instr · 381 events


===== 2026-08-18 00:34 (desk) =====
[orders_calendar] 2026-08-18T07:34:58Z: 87 dated / 30 UNDATED live orders · 32 staged instr · 386 events


===== 2026-08-18 02:39 (desk) =====
[orders_calendar] 2026-08-18T09:39:31Z: 87 dated / 30 UNDATED live orders · 32 staged instr · 389 events


===== 2026-08-18 04:35 (desk) =====
[orders_calendar] 2026-08-18T11:35:41Z: 87 dated / 30 UNDATED live orders · 32 staged instr · 401 events


===== 2026-08-18 06:36 (desk) =====
[orders_calendar] 2026-08-18T13:36:22Z: 87 dated / 30 UNDATED live orders · 32 staged instr · 405 events


===== 2026-08-18 08:36 (desk) =====
[orders_calendar] 2026-08-18T15:36:38Z: 87 dated / 30 UNDATED live orders · 32 staged instr · 408 events


===== 2026-08-18 10:37 (desk) =====
[orders_calendar] 2026-08-18T17:37:37Z: 87 dated / 30 UNDATED live orders · 32 staged instr · 410 events


===== 2026-08-18 12:36 (desk) =====
[orders_calendar] 2026-08-18T19:36:54Z: 87 dated / 30 UNDATED live orders · 32 staged instr · 416 events


===== 2026-08-18 14:36 (desk) =====
[orders_calendar] 2026-08-18T21:36:38Z: 87 dated / 30 UNDATED live orders · 32 staged instr · 416 events


===== 2026-08-18 16:37 (desk) =====
[orders_calendar] 2026-08-18T23:37:58Z: 87 dated / 30 UNDATED live orders · 32 staged instr · 423 events


===== 2026-08-18 18:36 (desk) =====
[orders_calendar] 2026-08-19T01:36:19Z: 87 dated / 30 UNDATED live orders · 32 staged instr · 424 events


===== 2026-08-18 20:35 (desk) =====
[orders_calendar] 2026-08-19T03:35:58Z: 87 dated / 30 UNDATED live orders · 32 staged instr · 430 events


===== 2026-08-18 22:36 (desk) =====
[orders_calendar] 2026-08-19T05:36:02Z: 87 dated / 30 UNDATED live orders · 32 staged instr · 437 events


===== 2026-08-19 00:31 (desk) =====
[orders_calendar] 2026-08-19T07:31:24Z: 87 dated / 30 UNDATED live orders · 32 staged instr · 440 events


===== 2026-08-19 02:30 (desk) =====
[orders_calendar] 2026-08-19T09:30:50Z: 87 dated / 30 UNDATED live orders · 32 staged instr · 443 events


===== 2026-08-19 03:34 (desk) =====
[orders_calendar] 2026-08-19T10:34:50Z: 87 dated / 30 UNDATED live orders · 32 staged instr · 443 events


===== 2026-08-19 05:34 (desk) =====
[orders_calendar] 2026-08-19T12:34:42Z: 87 dated / 30 UNDATED live orders · 32 staged instr · 443 events


===== 2026-08-19 07:37 (desk) =====
[orders_calendar] 2026-08-19T14:37:03Z: 87 dated / 30 UNDATED live orders · 32 staged instr · 443 events


===== 2026-08-19 09:36 (desk) =====
[orders_calendar] 2026-08-19T16:36:01Z: 87 dated / 29 UNDATED live orders · 32 staged instr · 443 events


===== 2026-08-19 11:36 (desk) =====
[orders_calendar] 2026-08-19T18:36:08Z: 87 dated / 29 UNDATED live orders · 32 staged instr · 443 events


===== 2026-08-19 13:36 (desk) =====
[orders_calendar] 2026-08-19T20:36:47Z: 87 dated / 29 UNDATED live orders · 32 staged instr · 443 events


===== 2026-08-19 15:36 (desk) =====
[orders_calendar] 2026-08-19T22:36:24Z: 87 dated / 29 UNDATED live orders · 32 staged instr · 443 events


===== 2026-08-19 17:36 (desk) =====
[orders_calendar] 2026-08-20T00:36:11Z: 87 dated / 31 UNDATED live orders · 32 staged instr · 443 events


===== 2026-08-19 19:36 (desk) =====
[orders_calendar] 2026-08-20T02:36:03Z: 87 dated / 31 UNDATED live orders · 32 staged instr · 443 events


===== 2026-08-19 21:41 (desk) =====
[orders_calendar] 2026-08-20T04:41:20Z: 87 dated / 31 UNDATED live orders · 32 staged instr · 443 events


===== 2026-08-19 23:35 (desk) =====
[orders_calendar] 2026-08-20T06:35:33Z: 87 dated / 31 UNDATED live orders · 32 staged instr · 443 events


===== 2026-08-20 01:35 (desk) =====
[orders_calendar] 2026-08-20T08:35:00Z: 91 dated / 30 UNDATED live orders · 32 staged instr · 443 events


===== 2026-08-20 03:35 (desk) =====
[orders_calendar] 2026-08-20T10:35:32Z: 91 dated / 30 UNDATED live orders · 32 staged instr · 443 events


===== 2026-08-20 05:35 (desk) =====
[orders_calendar] 2026-08-20T12:35:20Z: 91 dated / 30 UNDATED live orders · 32 staged instr · 443 events


===== 2026-08-20 07:36 (desk) =====
[orders_calendar] 2026-08-20T14:36:33Z: 91 dated / 30 UNDATED live orders · 32 staged instr · 443 events


===== 2026-08-20 09:40 (desk) =====
[orders_calendar] 2026-08-20T16:40:40Z: 91 dated / 30 UNDATED live orders · 32 staged instr · 443 events


===== 2026-08-20 11:58 (desk) =====
[orders_calendar] 2026-08-20T18:58:11Z: 93 dated / 33 UNDATED live orders · 32 staged instr · 443 events


===== 2026-08-20 13:35 (desk) =====
[orders_calendar] 2026-08-20T20:35:38Z: 91 dated / 33 UNDATED live orders · 32 staged instr · 443 events


===== 2026-08-20 15:35 (desk) =====
[orders_calendar] 2026-08-20T22:35:28Z: 91 dated / 34 UNDATED live orders · 32 staged instr · 443 events


===== 2026-08-20 17:35 (desk) =====
[orders_calendar] 2026-08-21T00:35:41Z: 92 dated / 54 UNDATED live orders · 32 staged instr · 434 events


===== 2026-08-20 19:35 (desk) =====
[orders_calendar] 2026-08-21T02:35:28Z: 88 dated / 33 UNDATED live orders · 32 staged instr · 436 events


===== 2026-08-20 21:36 (desk) =====
[orders_calendar] 2026-08-21T04:36:01Z: 88 dated / 33 UNDATED live orders · 32 staged instr · 450 events


===== 2026-08-20 23:35 (desk) =====
[orders_calendar] 2026-08-21T06:35:30Z: 86 dated / 31 UNDATED live orders · 32 staged instr · 453 events


===== 2026-08-21 01:35 (desk) =====
[orders_calendar] 2026-08-21T08:35:19Z: 86 dated / 31 UNDATED live orders · 32 staged instr · 457 events


===== 2026-08-21 03:34 (desk) =====
[orders_calendar] 2026-08-21T10:34:34Z: 86 dated / 31 UNDATED live orders · 32 staged instr · 465 events


===== 2026-08-21 05:34 (desk) =====
[orders_calendar] 2026-08-21T12:34:33Z: 86 dated / 31 UNDATED live orders · 32 staged instr · 473 events


===== 2026-08-21 07:35 (desk) =====
[orders_calendar] 2026-08-21T14:35:22Z: 86 dated / 31 UNDATED live orders · 32 staged instr · 481 events


===== 2026-08-21 09:36 (desk) =====
[orders_calendar] 2026-08-21T16:36:14Z: 86 dated / 31 UNDATED live orders · 32 staged instr · 481 events


===== 2026-08-21 11:36 (desk) =====
[orders_calendar] 2026-08-21T18:36:08Z: 86 dated / 31 UNDATED live orders · 32 staged instr · 483 events


===== 2026-08-21 13:35 (desk) =====
[orders_calendar] 2026-08-21T20:35:24Z: 86 dated / 31 UNDATED live orders · 32 staged instr · 484 events


===== 2026-08-21 15:36 (desk) =====
[orders_calendar] 2026-08-21T22:36:37Z: 86 dated / 31 UNDATED live orders · 32 staged instr · 486 events


===== 2026-08-21 17:35 (desk) =====
[orders_calendar] 2026-08-22T00:35:13Z: 84 dated / 31 UNDATED live orders · 32 staged instr · 482 events


===== 2026-08-21 19:36 (desk) =====
[orders_calendar] 2026-08-22T02:36:14Z: 84 dated / 31 UNDATED live orders · 32 staged instr · 488 events


===== 2026-08-21 21:36 (desk) =====
[orders_calendar] 2026-08-22T04:36:10Z: 84 dated / 31 UNDATED live orders · 32 staged instr · 491 events


===== 2026-08-21 23:34 (desk) =====
[orders_calendar] 2026-08-22T06:34:51Z: 84 dated / 31 UNDATED live orders · 32 staged instr · 496 events


===== 2026-08-24 01:57 (desk) =====
[orders_calendar] 2026-08-24T08:57:31Z: 82 dated / 41 UNDATED live orders · 32 staged instr · 541 events


===== 2026-08-24 03:34 (desk) =====
[orders_calendar] 2026-08-24T10:34:41Z: 82 dated / 41 UNDATED live orders · 32 staged instr · 546 events


===== 2026-08-24 05:34 (desk) =====
[orders_calendar] 2026-08-24T12:34:58Z: 82 dated / 41 UNDATED live orders · 32 staged instr · 546 events


===== 2026-08-24 07:35 (desk) =====
[orders_calendar] 2026-08-24T14:35:32Z: 82 dated / 36 UNDATED live orders · 32 staged instr · 551 events


===== 2026-08-24 09:36 (desk) =====
[orders_calendar] 2026-08-24T16:36:04Z: 82 dated / 35 UNDATED live orders · 32 staged instr · 558 events


===== 2026-08-24 11:36 (desk) =====
[orders_calendar] 2026-08-24T18:36:02Z: 82 dated / 35 UNDATED live orders · 32 staged instr · 563 events


===== 2026-08-24 13:39 (desk) =====
[orders_calendar] 2026-08-24T20:39:57Z: 82 dated / 36 UNDATED live orders · 32 staged instr · 571 events


===== 2026-08-24 15:35 (desk) =====
[orders_calendar] 2026-08-24T22:35:37Z: 82 dated / 36 UNDATED live orders · 32 staged instr · 573 events


===== 2026-08-24 17:41 (desk) =====
[orders_calendar] 2026-08-25T00:41:37Z: 81 dated / 40 UNDATED live orders · 32 staged instr · 576 events


===== 2026-08-24 19:42 (desk) =====
[orders_calendar] 2026-08-25T02:42:19Z: 81 dated / 40 UNDATED live orders · 32 staged instr · 577 events


===== 2026-08-24 21:42 (desk) =====
[orders_calendar] 2026-08-25T04:42:15Z: 81 dated / 40 UNDATED live orders · 32 staged instr · 584 events


===== 2026-08-24 23:41 (desk) =====
[orders_calendar] 2026-08-25T06:41:33Z: 82 dated / 39 UNDATED live orders · 32 staged instr · 594 events


===== 2026-08-25 01:41 (desk) =====
[orders_calendar] 2026-08-25T08:41:47Z: 82 dated / 39 UNDATED live orders · 32 staged instr · 603 events


===== 2026-08-25 03:45 (desk) =====
[orders_calendar] 2026-08-25T10:45:03Z: 82 dated / 39 UNDATED live orders · 32 staged instr · 603 events


===== 2026-08-25 05:41 (desk) =====
[orders_calendar] 2026-08-25T12:41:32Z: 82 dated / 39 UNDATED live orders · 32 staged instr · 613 events


===== 2026-08-25 07:41 (desk) =====
[orders_calendar] 2026-08-25T14:41:43Z: 82 dated / 39 UNDATED live orders · 32 staged instr · 616 events


===== 2026-08-25 09:42 (desk) =====
[orders_calendar] 2026-08-25T16:42:23Z: 82 dated / 39 UNDATED live orders · 32 staged instr · 616 events


===== 2026-08-25 11:41 (desk) =====
[orders_calendar] 2026-08-25T18:41:42Z: 81 dated / 34 UNDATED live orders · 32 staged instr · 619 events


===== 2026-08-25 13:41 (desk) =====
[orders_calendar] 2026-08-25T20:41:32Z: 81 dated / 34 UNDATED live orders · 32 staged instr · 621 events


===== 2026-08-25 15:41 (desk) =====
[orders_calendar] 2026-08-25T22:41:48Z: 81 dated / 34 UNDATED live orders · 32 staged instr · 632 events


===== 2026-08-25 17:41 (desk) =====
[orders_calendar] 2026-08-26T00:41:39Z: 81 dated / 36 UNDATED live orders · 32 staged instr · 632 events


===== 2026-08-25 19:41 (desk) =====
[orders_calendar] 2026-08-26T02:41:36Z: 81 dated / 36 UNDATED live orders · 32 staged instr · 635 events


===== 2026-08-25 21:38 (desk) =====
[orders_calendar] 2026-08-26T04:38:09Z: 81 dated / 36 UNDATED live orders · 32 staged instr · 635 events


===== 2026-08-25 23:39 (desk) =====
[orders_calendar] 2026-08-26T06:39:33Z: 81 dated / 36 UNDATED live orders · 32 staged instr · 649 events


===== 2026-08-26 01:38 (desk) =====
[orders_calendar] 2026-08-26T08:38:35Z: 81 dated / 37 UNDATED live orders · 32 staged instr · 656 events


===== 2026-08-26 04:00 (desk) =====
[orders_calendar] 2026-08-26T11:00:12Z: 81 dated / 37 UNDATED live orders · 32 staged instr · 659 events


===== 2026-08-26 05:38 (desk) =====
[orders_calendar] 2026-08-26T12:38:22Z: 81 dated / 37 UNDATED live orders · 32 staged instr · 664 events


===== 2026-08-26 07:38 (desk) =====
[orders_calendar] 2026-08-26T14:38:52Z: 81 dated / 37 UNDATED live orders · 32 staged instr · 670 events


===== 2026-08-26 09:39 (desk) =====
[orders_calendar] 2026-08-26T16:39:03Z: 81 dated / 37 UNDATED live orders · 32 staged instr · 672 events


===== 2026-08-26 11:39 (desk) =====
[orders_calendar] 2026-08-26T18:39:01Z: 81 dated / 37 UNDATED live orders · 32 staged instr · 672 events


===== 2026-08-26 13:39 (desk) =====
[orders_calendar] 2026-08-26T20:39:15Z: 81 dated / 37 UNDATED live orders · 32 staged instr · 682 events


===== 2026-08-26 15:39 (desk) =====
[orders_calendar] 2026-08-26T22:39:17Z: 81 dated / 37 UNDATED live orders · 32 staged instr · 688 events


===== 2026-08-26 17:39 (desk) =====
[orders_calendar] 2026-08-27T00:39:37Z: 81 dated / 37 UNDATED live orders · 32 staged instr · 691 events


===== 2026-08-26 19:39 (desk) =====
[orders_calendar] 2026-08-27T02:39:14Z: 81 dated / 36 UNDATED live orders · 32 staged instr · 691 events


===== 2026-08-26 21:39 (desk) =====
[orders_calendar] 2026-08-27T04:39:23Z: 81 dated / 36 UNDATED live orders · 32 staged instr · 691 events


===== 2026-08-26 23:38 (desk) =====
[orders_calendar] 2026-08-27T06:38:28Z: 81 dated / 36 UNDATED live orders · 32 staged instr · 691 events


===== 2026-08-27 01:41 (desk) =====
[orders_calendar] 2026-08-27T08:41:23Z: 81 dated / 36 UNDATED live orders · 32 staged instr · 691 events


===== 2026-08-27 03:41 (desk) =====
[orders_calendar] 2026-08-27T10:41:07Z: 81 dated / 36 UNDATED live orders · 32 staged instr · 691 events


===== 2026-08-27 05:41 (desk) =====
[orders_calendar] 2026-08-27T12:41:43Z: 81 dated / 36 UNDATED live orders · 32 staged instr · 691 events


===== 2026-08-27 07:40 (desk) =====
[orders_calendar] 2026-08-27T14:40:07Z: 81 dated / 36 UNDATED live orders · 32 staged instr · 691 events


===== 2026-08-27 09:39 (desk) =====
[orders_calendar] 2026-08-27T16:39:30Z: 81 dated / 36 UNDATED live orders · 32 staged instr · 691 events


===== 2026-08-27 11:39 (desk) =====
[orders_calendar] 2026-08-27T18:39:21Z: 81 dated / 36 UNDATED live orders · 32 staged instr · 691 events


===== 2026-08-27 13:38 (desk) =====
[orders_calendar] 2026-08-27T20:38:16Z: 81 dated / 36 UNDATED live orders · 32 staged instr · 691 events


===== 2026-08-27 15:35 (desk) =====
[orders_calendar] 2026-08-27T22:35:33Z: 81 dated / 36 UNDATED live orders · 32 staged instr · 691 events


===== 2026-08-27 17:35 (desk) =====
[orders_calendar] 2026-08-28T00:35:26Z: 81 dated / 37 UNDATED live orders · 32 staged instr · 690 events


===== 2026-08-27 19:35 (desk) =====
[orders_calendar] 2026-08-28T02:35:54Z: 81 dated / 37 UNDATED live orders · 32 staged instr · 690 events


===== 2026-08-27 21:35 (desk) =====
[orders_calendar] 2026-08-28T04:35:54Z: 81 dated / 37 UNDATED live orders · 32 staged instr · 698 events


===== 2026-08-27 23:39 (desk) =====
[orders_calendar] 2026-08-28T06:39:08Z: 81 dated / 37 UNDATED live orders · 32 staged instr · 698 events


===== 2026-08-28 01:34 (desk) =====
[orders_calendar] 2026-08-28T08:34:57Z: 81 dated / 36 UNDATED live orders · 32 staged instr · 700 events


===== 2026-08-28 03:34 (desk) =====
[orders_calendar] 2026-08-28T10:34:43Z: 81 dated / 36 UNDATED live orders · 32 staged instr · 706 events


===== 2026-08-28 05:57 (desk) =====
[orders_calendar] 2026-08-28T12:57:10Z: 81 dated / 36 UNDATED live orders · 32 staged instr · 706 events


===== 2026-08-28 07:35 (desk) =====
[orders_calendar] 2026-08-28T14:35:24Z: 81 dated / 36 UNDATED live orders · 32 staged instr · 706 events


===== 2026-08-28 09:35 (desk) =====
[orders_calendar] 2026-08-28T16:35:34Z: 81 dated / 36 UNDATED live orders · 32 staged instr · 722 events


===== 2026-08-28 11:35 (desk) =====
[orders_calendar] 2026-08-28T18:35:27Z: 81 dated / 36 UNDATED live orders · 32 staged instr · 722 events


===== 2026-08-28 13:35 (desk) =====
[orders_calendar] 2026-08-28T20:35:28Z: 81 dated / 35 UNDATED live orders · 32 staged instr · 722 events


===== 2026-08-28 15:35 (desk) =====
[orders_calendar] 2026-08-28T22:35:17Z: 81 dated / 35 UNDATED live orders · 32 staged instr · 722 events


===== 2026-08-28 17:35 (desk) =====
[orders_calendar] 2026-08-29T00:35:14Z: 81 dated / 35 UNDATED live orders · 32 staged instr · 724 events


===== 2026-08-28 19:35 (desk) =====
[orders_calendar] 2026-08-29T02:35:44Z: 81 dated / 35 UNDATED live orders · 32 staged instr · 724 events


===== 2026-08-28 21:35 (desk) =====
[orders_calendar] 2026-08-29T04:35:58Z: 81 dated / 35 UNDATED live orders · 32 staged instr · 724 events


===== 2026-08-28 23:35 (desk) =====
[orders_calendar] 2026-08-29T06:35:37Z: 81 dated / 35 UNDATED live orders · 32 staged instr · 724 events


===== 2026-08-31 00:56 (desk) =====
[orders_calendar] 2026-08-31T07:56:20Z: 80 dated / 35 UNDATED live orders · 32 staged instr · 714 events


===== 2026-08-31 02:34 (desk) =====
[orders_calendar] 2026-08-31T09:34:50Z: 80 dated / 35 UNDATED live orders · 32 staged instr · 714 events


===== 2026-08-31 04:35 (desk) =====
[orders_calendar] 2026-08-31T11:35:02Z: 80 dated / 35 UNDATED live orders · 32 staged instr · 724 events


===== 2026-08-31 06:35 (desk) =====
[orders_calendar] 2026-08-31T13:35:20Z: 80 dated / 35 UNDATED live orders · 32 staged instr · 735 events


===== 2026-08-31 08:33 (desk) =====
[orders_calendar] 2026-08-31T15:33:08Z: 80 dated / 35 UNDATED live orders · 32 staged instr · 738 events


===== 2026-08-31 10:35 (desk) =====
[orders_calendar] 2026-08-31T17:35:57Z: 80 dated / 34 UNDATED live orders · 32 staged instr · 740 events


===== 2026-08-31 12:35 (desk) =====
[orders_calendar] 2026-08-31T19:35:43Z: 80 dated / 34 UNDATED live orders · 32 staged instr · 742 events


===== 2026-08-31 14:36 (desk) =====
[orders_calendar] 2026-08-31T21:36:32Z: 80 dated / 34 UNDATED live orders · 32 staged instr · 742 events


===== 2026-08-31 16:35 (desk) =====
[orders_calendar] 2026-08-31T23:35:15Z: 80 dated / 34 UNDATED live orders · 32 staged instr · 744 events


===== 2026-08-31 18:36 (desk) =====
[orders_calendar] 2026-09-01T01:36:27Z: 79 dated / 35 UNDATED live orders · 32 staged instr · 738 events


===== 2026-08-31 20:40 (desk) =====
[orders_calendar] 2026-09-01T03:40:42Z: 79 dated / 35 UNDATED live orders · 32 staged instr · 739 events


===== 2026-08-31 22:40 (desk) =====
[orders_calendar] 2026-09-01T05:40:17Z: 79 dated / 35 UNDATED live orders · 32 staged instr · 747 events


===== 2026-09-01 00:35 (desk) =====
[orders_calendar] 2026-09-01T07:35:01Z: 79 dated / 35 UNDATED live orders · 32 staged instr · 747 events


===== 2026-09-01 02:35 (desk) =====
[orders_calendar] 2026-09-01T09:35:12Z: 79 dated / 35 UNDATED live orders · 32 staged instr · 747 events


===== 2026-09-01 04:37 (desk) =====
[orders_calendar] 2026-09-01T11:37:58Z: 79 dated / 35 UNDATED live orders · 32 staged instr · 749 events


===== 2026-09-01 06:35 (desk) =====
[orders_calendar] 2026-09-01T13:35:14Z: 79 dated / 36 UNDATED live orders · 32 staged instr · 753 events


===== 2026-09-01 08:35 (desk) =====
[orders_calendar] 2026-09-01T15:35:48Z: 79 dated / 35 UNDATED live orders · 32 staged instr · 755 events


===== 2026-09-01 10:35 (desk) =====
[orders_calendar] 2026-09-01T17:35:32Z: 79 dated / 35 UNDATED live orders · 32 staged instr · 759 events


===== 2026-09-01 12:35 (desk) =====
[orders_calendar] 2026-09-01T19:35:41Z: 79 dated / 36 UNDATED live orders · 32 staged instr · 768 events


===== 2026-09-01 14:35 (desk) =====
[orders_calendar] 2026-09-01T21:35:31Z: 79 dated / 36 UNDATED live orders · 32 staged instr · 768 events


===== 2026-09-01 16:35 (desk) =====
[orders_calendar] 2026-09-01T23:35:18Z: 79 dated / 36 UNDATED live orders · 32 staged instr · 768 events


===== 2026-09-01 18:35 (desk) =====
[orders_calendar] 2026-09-02T01:35:58Z: 79 dated / 36 UNDATED live orders · 32 staged instr · 772 events


===== 2026-09-01 20:35 (desk) =====
[orders_calendar] 2026-09-02T03:35:49Z: 79 dated / 36 UNDATED live orders · 32 staged instr · 772 events


===== 2026-09-01 22:30 (desk) =====
[orders_calendar] 2026-09-02T05:30:51Z: 79 dated / 37 UNDATED live orders · 32 staged instr · 772 events


===== 2026-09-01 23:34 (desk) =====
[orders_calendar] 2026-09-02T06:34:57Z: 79 dated / 37 UNDATED live orders · 32 staged instr · 772 events


===== 2026-09-02 01:34 (desk) =====
[orders_calendar] 2026-09-02T08:34:23Z: 79 dated / 37 UNDATED live orders · 32 staged instr · 778 events


===== 2026-09-02 03:34 (desk) =====
[orders_calendar] 2026-09-02T10:34:36Z: 79 dated / 37 UNDATED live orders · 32 staged instr · 783 events


===== 2026-09-02 05:34 (desk) =====
[orders_calendar] 2026-09-02T12:34:27Z: 79 dated / 37 UNDATED live orders · 32 staged instr · 791 events


===== 2026-09-02 07:35 (desk) =====
[orders_calendar] 2026-09-02T14:35:43Z: 79 dated / 34 UNDATED live orders · 32 staged instr · 793 events


===== 2026-09-02 09:35 (desk) =====
[orders_calendar] 2026-09-02T16:35:48Z: 56 dated / 27 UNDATED live orders · 32 staged instr · 800 events


===== 2026-09-02 11:35 (desk) =====
[orders_calendar] 2026-09-02T18:35:31Z: 56 dated / 27 UNDATED live orders · 32 staged instr · 800 events


===== 2026-09-02 13:35 (desk) =====
[orders_calendar] 2026-09-02T20:35:50Z: 56 dated / 27 UNDATED live orders · 32 staged instr · 805 events


===== 2026-09-02 15:35 (desk) =====
[orders_calendar] 2026-09-02T22:35:24Z: 56 dated / 27 UNDATED live orders · 32 staged instr · 805 events


===== 2026-09-02 17:35 (desk) =====
[orders_calendar] 2026-09-03T00:35:29Z: 56 dated / 27 UNDATED live orders · 32 staged instr · 805 events


===== 2026-09-02 19:36 (desk) =====
[orders_calendar] 2026-09-03T02:36:12Z: 56 dated / 27 UNDATED live orders · 32 staged instr · 805 events


===== 2026-09-02 21:35 (desk) =====
[orders_calendar] 2026-09-03T04:35:25Z: 56 dated / 28 UNDATED live orders · 32 staged instr · 805 events


===== 2026-09-02 23:35 (desk) =====
[orders_calendar] 2026-09-03T06:35:15Z: 56 dated / 29 UNDATED live orders · 32 staged instr · 808 events


===== 2026-09-03 01:33 (desk) =====
[orders_calendar] 2026-09-03T08:33:40Z: 56 dated / 29 UNDATED live orders · 32 staged instr · 808 events


===== 2026-09-03 03:57 (desk) =====
[orders_calendar] 2026-09-03T10:57:20Z: 56 dated / 29 UNDATED live orders · 32 staged instr · 808 events


===== 2026-09-03 05:34 (desk) =====
[orders_calendar] 2026-09-03T12:34:31Z: 56 dated / 29 UNDATED live orders · 32 staged instr · 808 events


===== 2026-09-03 07:35 (desk) =====
[orders_calendar] STACKING ALERTS: 2
FWRG: PUT LIFTED - short put position 0 -> 2: re-check combined exposure vs the court cap; consider trimming the 0 resting stock rung(s)
CAI: PUT LIFTED - short put position 0 -> 1: re-check combined exposure vs the court cap; consider trimming the 0 resting stock rung(s)
[orders_calendar] 2026-09-03T14:35:31Z: 54 dated / 28 UNDATED live orders · 32 staged instr · 808 events


===== 2026-09-03 09:34 (desk) =====
[orders_calendar] 2026-09-03T16:34:45Z: 54 dated / 28 UNDATED live orders · 32 staged instr · 810 events


===== 2026-09-03 11:37 (desk) =====
[orders_calendar] 2026-09-03T18:37:52Z: 54 dated / 28 UNDATED live orders · 32 staged instr · 816 events


===== 2026-09-03 13:35 (desk) =====
[orders_calendar] 2026-09-03T20:35:35Z: 54 dated / 27 UNDATED live orders · 32 staged instr · 817 events


===== 2026-09-03 15:35 (desk) =====
[orders_calendar] 2026-09-03T22:35:43Z: 54 dated / 27 UNDATED live orders · 32 staged instr · 817 events


===== 2026-09-03 17:35 (desk) =====
[orders_calendar] 2026-09-04T00:35:30Z: 54 dated / 27 UNDATED live orders · 32 staged instr · 801 events


===== 2026-09-03 19:35 (desk) =====
[orders_calendar] 2026-09-04T02:35:22Z: 54 dated / 27 UNDATED live orders · 32 staged instr · 801 events


===== 2026-09-03 21:35 (desk) =====
[orders_calendar] 2026-09-04T04:35:14Z: 54 dated / 27 UNDATED live orders · 32 staged instr · 808 events


===== 2026-09-03 23:35 (desk) =====
[orders_calendar] 2026-09-04T06:35:27Z: 54 dated / 27 UNDATED live orders · 32 staged instr · 822 events


===== 2026-09-04 01:34 (desk) =====
[orders_calendar] 2026-09-04T08:34:45Z: 54 dated / 28 UNDATED live orders · 32 staged instr · 830 events


===== 2026-09-04 03:34 (desk) =====
[orders_calendar] 2026-09-04T10:34:25Z: 54 dated / 28 UNDATED live orders · 32 staged instr · 830 events


===== 2026-09-04 05:34 (desk) =====
[orders_calendar] 2026-09-04T12:34:41Z: 54 dated / 28 UNDATED live orders · 32 staged instr · 830 events


===== 2026-09-04 07:35 (desk) =====
[orders_calendar] 2026-09-04T14:35:45Z: 54 dated / 27 UNDATED live orders · 32 staged instr · 836 events


===== 2026-09-04 09:35 (desk) =====
[orders_calendar] 2026-09-04T16:35:41Z: 53 dated / 27 UNDATED live orders · 32 staged instr · 843 events


===== 2026-09-04 11:35 (desk) =====
[orders_calendar] 2026-09-04T18:35:36Z: 53 dated / 27 UNDATED live orders · 32 staged instr · 843 events


===== 2026-09-04 13:36 (desk) =====
[orders_calendar] 2026-09-04T20:36:21Z: 53 dated / 27 UNDATED live orders · 32 staged instr · 857 events


===== 2026-09-04 15:35 (desk) =====
[orders_calendar] 2026-09-04T22:35:36Z: 53 dated / 26 UNDATED live orders · 32 staged instr · 869 events


===== 2026-09-04 17:34 (desk) =====
[orders_calendar] 2026-09-05T00:34:47Z: 52 dated / 27 UNDATED live orders · 32 staged instr · 849 events


===== 2026-09-04 19:34 (desk) =====
[orders_calendar] 2026-09-05T02:34:44Z: 52 dated / 27 UNDATED live orders · 32 staged instr · 849 events


===== 2026-09-04 21:35 (desk) =====
[orders_calendar] 2026-09-05T04:35:30Z: 52 dated / 27 UNDATED live orders · 32 staged instr · 849 events


===== 2026-09-04 23:35 (desk) =====
[orders_calendar] 2026-09-05T06:35:16Z: 52 dated / 27 UNDATED live orders · 32 staged instr · 849 events


===== 2026-09-07 01:06 (desk) =====
[orders_calendar] 2026-09-07T08:06:27Z: 51 dated / 28 UNDATED live orders · 32 staged instr · 830 events


===== 2026-09-07 02:43 (desk) =====
[orders_calendar] 2026-09-07T09:43:14Z: 51 dated / 28 UNDATED live orders · 32 staged instr · 845 events


===== 2026-09-07 04:34 (desk) =====
[orders_calendar] 2026-09-07T11:34:24Z: 51 dated / 28 UNDATED live orders · 32 staged instr · 845 events


===== 2026-09-07 06:35 (desk) =====
[orders_calendar] 2026-09-07T13:35:00Z: 51 dated / 28 UNDATED live orders · 32 staged instr · 845 events


===== 2026-09-07 08:35 (desk) =====
[orders_calendar] 2026-09-07T15:35:40Z: 51 dated / 28 UNDATED live orders · 32 staged instr · 852 events


===== 2026-09-07 10:35 (desk) =====
[orders_calendar] 2026-09-07T17:35:41Z: 51 dated / 28 UNDATED live orders · 32 staged instr · 852 events


===== 2026-09-07 12:34 (desk) =====
[orders_calendar] 2026-09-07T19:34:49Z: 51 dated / 28 UNDATED live orders · 32 staged instr · 852 events


===== 2026-09-07 14:34 (desk) =====
[orders_calendar] 2026-09-07T21:34:47Z: 51 dated / 28 UNDATED live orders · 32 staged instr · 853 events


===== 2026-09-07 16:34 (desk) =====
[orders_calendar] 2026-09-07T23:34:59Z: 51 dated / 28 UNDATED live orders · 32 staged instr · 853 events


===== 2026-09-07 18:35 (desk) =====
[orders_calendar] 2026-09-08T01:35:28Z: 51 dated / 28 UNDATED live orders · 32 staged instr · 849 events


===== 2026-09-07 20:40 (desk) =====
[orders_calendar] 2026-09-08T03:40:33Z: 51 dated / 28 UNDATED live orders · 32 staged instr · 849 events


===== 2026-09-07 22:36 (desk) =====
[orders_calendar] 2026-09-08T05:36:08Z: 51 dated / 28 UNDATED live orders · 32 staged instr · 849 events


===== 2026-09-11 01:36 (desk) =====
[orders_calendar] 2026-09-11T08:36:48Z: 50 dated / 27 UNDATED live orders · 32 staged instr · 966 events


===== 2026-09-11 01:42 (desk) =====
[orders_calendar] 2026-09-11T08:42:31Z: 50 dated / 27 UNDATED live orders · 32 staged instr · 966 events


===== 2026-09-11 03:30 (desk) =====
[orders_calendar] 2026-09-11T10:30:59Z: 50 dated / 27 UNDATED live orders · 32 staged instr · 970 events


===== 2026-09-11 04:44 (desk) =====
[orders_calendar] 2026-09-11T11:44:58Z: 50 dated / 27 UNDATED live orders · 32 staged instr · 982 events


===== 2026-09-11 06:35 (desk) =====
[orders_calendar] 2026-09-11T13:35:00Z: 50 dated / 27 UNDATED live orders · 32 staged instr · 1000 events


===== 2026-09-11 08:35 (desk) =====
[orders_calendar] 2026-09-11T15:35:38Z: 50 dated / 27 UNDATED live orders · 32 staged instr · 1000 events


===== 2026-09-11 10:36 (desk) =====
[orders_calendar] 2026-09-11T17:36:05Z: 50 dated / 27 UNDATED live orders · 32 staged instr · 1013 events


===== 2026-09-11 12:46 (desk) =====
[orders_calendar] 2026-09-11T19:46:17Z: 50 dated / 27 UNDATED live orders · 32 staged instr · 1048 events


===== 2026-09-11 14:35 (desk) =====
[orders_calendar] 2026-09-11T21:35:19Z: 50 dated / 27 UNDATED live orders · 32 staged instr · 1061 events


===== 2026-09-11 16:35 (desk) =====
[orders_calendar] 2026-09-11T23:35:01Z: 50 dated / 27 UNDATED live orders · 32 staged instr · 1061 events


===== 2026-09-11 18:34 (desk) =====
[orders_calendar] 2026-09-12T01:34:56Z: 49 dated / 28 UNDATED live orders · 32 staged instr · 1050 events


===== 2026-09-11 20:34 (desk) =====
[orders_calendar] 2026-09-12T03:34:46Z: 49 dated / 28 UNDATED live orders · 32 staged instr · 1050 events


===== 2026-09-11 22:35 (desk) =====
[orders_calendar] 2026-09-12T05:35:27Z: 49 dated / 28 UNDATED live orders · 32 staged instr · 1050 events

