
===== 2026-06-29 00:34 (desk) =====
# parametric_xclusion: Parametric=470 holdings @ 2026-06-26; book=25 names
DETFIRE|parametric_overlap|J|HIGH|Parametric SMA now holds J (drift) — RESTRICT it at Parametric or don't harvest J in IBKR for 30d (wash-sale)
DETFIRE|parametric_overlap|WST|HIGH|Parametric SMA now holds WST (drift) — RESTRICT it at Parametric or don't harvest WST in IBKR for 30d (wash-sale)


===== 2026-07-06 01:32 (desk) =====
# parametric_xclusion: Parametric=471 holdings @ 2026-07-02; book=25 names
DETFIRE|parametric_overlap|J|HIGH|Parametric SMA now holds J (drift) — RESTRICT it at Parametric or don't harvest J in IBKR for 30d (wash-sale)
DETFIRE|parametric_overlap|WST|HIGH|Parametric SMA now holds WST (drift) — RESTRICT it at Parametric or don't harvest WST in IBKR for 30d (wash-sale)


===== 2026-07-13 02:34 (desk) =====
# parametric_xclusion: Parametric=572 holdings @ 2026-07-06; book=36 names
DETFIRE|parametric_overlap|CROX|HIGH|Parametric SMA now holds CROX (drift) — RESTRICT it at Parametric or don't harvest CROX in IBKR for 30d (wash-sale)
DETFIRE|parametric_overlap|J|HIGH|Parametric SMA now holds J (drift) — RESTRICT it at Parametric or don't harvest J in IBKR for 30d (wash-sale)
DETFIRE|parametric_overlap|WST|HIGH|Parametric SMA now holds WST (drift) — RESTRICT it at Parametric or don't harvest WST in IBKR for 30d (wash-sale)


===== 2026-07-20 16:48 (desk) =====
# parametric_xclusion: Parametric=491 holdings @ 2026-07-14; book=36 names
DETFIRE|parametric_overlap|WST|HIGH|Parametric SMA now holds WST (drift) — RESTRICT it at Parametric or don't harvest WST in IBKR for 30d (wash-sale)


===== 2026-07-27 23:37 (desk) =====
# parametric_xclusion: Parametric=485 holdings @ 2026-07-21; book=36 names
DETFIRE|parametric_overlap|WST|HIGH|Parametric SMA now holds WST (drift) — RESTRICT it at Parametric or don't harvest WST in IBKR for 30d (wash-sale)


===== 2026-08-04 00:40 (desk) =====
# parametric_xclusion: Parametric=481 holdings @ 2026-07-31; book=36 names
DETFIRE|parametric_overlap|WST|HIGH|Parametric SMA now holds WST (drift) — RESTRICT it at Parametric or don't harvest WST in IBKR for 30d (wash-sale)


===== 2026-08-11 02:01 (desk) =====
# parametric_xclusion: Parametric=481 holdings @ 2026-07-31; book=36 names
DETFIRE|parametric_overlap|WST|HIGH|Parametric SMA now holds WST (drift) — RESTRICT it at Parametric or don't harvest WST in IBKR for 30d (wash-sale)


===== 2026-08-18 02:42 (desk) =====
# parametric_xclusion: Parametric=526 holdings @ 2026-08-14; book=36 names
DETFIRE|parametric_overlap|CROX|HIGH|Parametric SMA now holds CROX (drift) — RESTRICT it at Parametric or don't harvest CROX in IBKR for 30d (wash-sale)
DETFIRE|parametric_overlap|WST|HIGH|Parametric SMA now holds WST (drift) — RESTRICT it at Parametric or don't harvest WST in IBKR for 30d (wash-sale)


===== 2026-08-25 03:48 (desk) =====
# parametric_xclusion: Parametric=526 holdings @ 2026-08-14; book=36 names
DETFIRE|parametric_overlap|CROX|HIGH|Parametric SMA now holds CROX (drift) — RESTRICT it at Parametric or don't harvest CROX in IBKR for 30d (wash-sale)
DETFIRE|parametric_overlap|WST|HIGH|Parametric SMA now holds WST (drift) — RESTRICT it at Parametric or don't harvest WST in IBKR for 30d (wash-sale)


===== 2026-09-01 04:41 (desk) =====
# parametric_xclusion: Parametric=522 holdings @ 2026-08-28; book=36 names
DETFIRE|parametric_overlap|CROX|HIGH|Parametric SMA now holds CROX (drift) — RESTRICT it at Parametric or don't harvest CROX in IBKR for 30d (wash-sale)
DETFIRE|parametric_overlap|WST|HIGH|Parametric SMA now holds WST (drift) — RESTRICT it at Parametric or don't harvest WST in IBKR for 30d (wash-sale)


===== 2026-09-11 01:41 (desk) =====
# parametric_xclusion: Parametric=522 holdings @ 2026-08-28; book=36 names
DETFIRE|parametric_overlap|CROX|HIGH|Parametric SMA now holds CROX (drift) — RESTRICT it at Parametric or don't harvest CROX in IBKR for 30d (wash-sale)
DETFIRE|parametric_overlap|WST|HIGH|Parametric SMA now holds WST (drift) — RESTRICT it at Parametric or don't harvest WST in IBKR for 30d (wash-sale)


===== 2026-09-11 01:47 (desk) =====
# parametric_xclusion: Parametric=522 holdings @ 2026-08-28; book=36 names
DETFIRE|parametric_overlap|CROX|HIGH|Parametric SMA now holds CROX (drift) — RESTRICT it at Parametric or don't harvest CROX in IBKR for 30d (wash-sale)
DETFIRE|parametric_overlap|WST|HIGH|Parametric SMA now holds WST (drift) — RESTRICT it at Parametric or don't harvest WST in IBKR for 30d (wash-sale)

