
===== 2026-08-06 10:40 (desk) =====
[pipeline_metrics] 2026-08-06: P1 wired 40/245 (16.3%), defects open 1 | P2 detector_not_built | P3 stale packs 53/116, unclassified $9,986 (1 names) | unwired 36+34 [0 added / 1 updated]


===== 2026-08-06 12:35 (desk) =====
[pipeline_metrics] 2026-08-06: P1 wired 44/249 (17.7%), defects open 7 | P2 detector_not_built | P3 stale packs 53/116, unclassified $9,986 (1 names) | unwired 36+34 [0 added / 1 updated]


===== 2026-08-06 14:35 (desk) =====
[pipeline_metrics] 2026-08-06: P1 wired 41/246 (16.7%), defects open 7 | P2 live | P3 stale packs 53/116, unclassified $9,986 (1 names) | unwired 36+34 [0 added / 1 updated]


===== 2026-08-06 16:34 (desk) =====
[pipeline_metrics] 2026-08-06: P1 wired 41/246 (16.7%), defects open 7 | P2 live | P3 stale packs 53/116, unclassified $9,986 (1 names) | unwired 36+34 [0 added / 0 updated]


===== 2026-08-06 18:34 (desk) =====
[pipeline_metrics] 2026-08-06: P1 wired 41/246 (16.7%), defects open 7 | P2 live | P3 stale packs 53/116, unclassified $9,986 (1 names) | unwired 36+34 [0 added / 1 updated]


===== 2026-08-06 20:34 (desk) =====
[pipeline_metrics] 2026-08-06: P1 wired 41/246 (16.7%), defects open 7 | P2 live | P3 stale packs 53/116, unclassified $9,986 (1 names) | unwired 36+34 [0 added / 0 updated]


===== 2026-08-06 22:34 (desk) =====
[pipeline_metrics] 2026-08-06: P1 wired 41/246 (16.7%), defects open 8 | P2 live | P3 stale packs 53/116, unclassified $9,986 (1 names) | unwired 36+34 [0 added / 1 updated]


===== 2026-08-07 00:35 (desk) =====
[pipeline_metrics] 2026-08-07: P1 wired 35/246 (14.2%), defects open 9 | P2 live | P3 stale packs 69/138, unclassified $9,986 (1 names) | unwired 37+34 [1 added / 0 updated]


===== 2026-08-07 02:34 (desk) =====
[pipeline_metrics] 2026-08-07: P1 wired 37/246 (15.0%), defects open 11 | P2 live | P3 stale packs 69/138, unclassified $9,986 (1 names) | unwired 37+34 [0 added / 1 updated]


===== 2026-08-07 04:34 (desk) =====
[pipeline_metrics] 2026-08-07: P1 wired 37/246 (15.0%), defects open 11 | P2 live | P3 stale packs 69/138, unclassified $9,986 (1 names) | unwired 37+34 [0 added / 0 updated]


===== 2026-08-07 06:35 (desk) =====
[pipeline_metrics] 2026-08-07: P1 wired 37/246 (15.0%), defects open 11 | P2 live | P3 stale packs 69/138, unclassified $9,986 (1 names) | unwired 37+34 [0 added / 1 updated]


===== 2026-08-07 08:35 (desk) =====
[pipeline_metrics] 2026-08-07: P1 wired 37/246 (15.0%), defects open 11 | P2 live | P3 stale packs 69/138, unclassified $9,986 (1 names) | unwired 37+34 [0 added / 1 updated]


===== 2026-08-07 10:36 (desk) =====
[pipeline_metrics] 2026-08-07: P1 wired 37/246 (15.0%), defects open 11 | P2 live | P3 stale packs 69/138, unclassified $9,986 (1 names) | unwired 37+34 [0 added / 0 updated]


===== 2026-08-07 12:35 (desk) =====
[pipeline_metrics] 2026-08-07: P1 wired 38/246 (15.4%), defects open 11 | P2 live | P3 stale packs 69/138, unclassified $9,986 (1 names) | unwired 37+34 [0 added / 1 updated]


===== 2026-08-07 14:33 (desk) =====
[pipeline_metrics] 2026-08-07: P1 wired 38/246 (15.4%), defects open 11 | P2 live | P3 stale packs 69/138, unclassified $9,986 (1 names) | unwired 37+34 [0 added / 1 updated]


===== 2026-08-07 16:39 (desk) =====
[pipeline_metrics] 2026-08-07: P1 wired 38/246 (15.4%), defects open 11 | P2 live | P3 stale packs 69/138, unclassified $9,986 (1 names) | unwired 37+34 [0 added / 1 updated]


===== 2026-08-07 18:34 (desk) =====
[pipeline_metrics] 2026-08-07: P1 wired 38/246 (15.4%), defects open 11 | P2 live | P3 stale packs 69/138, unclassified $9,986 (1 names) | unwired 37+34 [0 added / 1 updated]


===== 2026-08-07 20:35 (desk) =====
[pipeline_metrics] 2026-08-07: P1 wired 38/246 (15.4%), defects open 11 | P2 live | P3 stale packs 69/138, unclassified $9,986 (1 names) | unwired 37+34 [0 added / 1 updated]


===== 2026-08-10 00:34 (desk) =====
[pipeline_metrics] 2026-08-10: P1 wired 57/278 (20.5%), defects open 11 | P2 live | P3 stale packs 83/159, unclassified $9,986 (1 names) | unwired 38+34 [1 added / 0 updated]


===== 2026-08-10 02:34 (desk) =====
[pipeline_metrics] 2026-08-10: P1 wired 58/279 (20.8%), defects open 11 | P2 live | P3 stale packs 83/159, unclassified $9,986 (1 names) | unwired 38+34 [0 added / 1 updated]


===== 2026-08-10 11:35 (desk) =====
[pipeline_metrics] 2026-08-10: P1 wired 59/282 (20.9%), defects open 11 | P2 live | P3 stale packs 82/159, unclassified $9,986 (1 names) | unwired 38+34 [0 added / 1 updated]


===== 2026-08-10 13:33 (desk) =====
[pipeline_metrics] 2026-08-10: P1 wired 60/283 (21.2%), defects open 11 | P2 live | P3 stale packs 82/159, unclassified $9,986 (1 names) | unwired 38+34 [0 added / 1 updated]


===== 2026-08-10 15:34 (desk) =====
[pipeline_metrics] 2026-08-10: P1 wired 62/284 (21.8%), defects open 11 | P2 live | P3 stale packs 82/159, unclassified $9,986 (1 names) | unwired 38+34 [0 added / 1 updated]


===== 2026-08-10 17:33 (desk) =====
[pipeline_metrics] 2026-08-10: P1 wired 66/287 (23.0%), defects open 11 | P2 live | P3 stale packs 82/159, unclassified $24,507 (4 names) | unwired 38+34 [0 added / 1 updated]


===== 2026-08-10 19:34 (desk) =====
[pipeline_metrics] 2026-08-10: P1 wired 65/286 (22.7%), defects open 11 | P2 live | P3 stale packs 82/159, unclassified $24,507 (4 names) | unwired 38+34 [0 added / 1 updated]


===== 2026-08-10 21:35 (desk) =====
[pipeline_metrics] 2026-08-10: P1 wired 65/286 (22.7%), defects open 11 | P2 live | P3 stale packs 82/159, unclassified $24,507 (4 names) | unwired 38+34 [0 added / 0 updated]


===== 2026-08-10 23:34 (desk) =====
[pipeline_metrics] 2026-08-10: P1 wired 68/289 (23.5%), defects open 11 | P2 live | P3 stale packs 82/159, unclassified $24,507 (4 names) | unwired 38+34 [0 added / 1 updated]


===== 2026-08-11 01:33 (desk) =====
[pipeline_metrics] 2026-08-11: P1 wired 68/290 (23.4%), defects open 11 | P2 live | P3 stale packs 86/166, unclassified $24,507 (4 names) | unwired 38+34 [1 added / 0 updated]


===== 2026-08-11 03:30 (desk) =====
[pipeline_metrics] 2026-08-11: P1 wired 69/291 (23.7%), defects open 11 | P2 live | P3 stale packs 86/166, unclassified $24,526 (4 names) | unwired 38+34 [0 added / 1 updated]


===== 2026-08-11 04:30 (desk) =====
[pipeline_metrics] 2026-08-11: P1 wired 69/291 (23.7%), defects open 11 | P2 live | P3 stale packs 86/166, unclassified $24,507 (4 names) | unwired 38+34 [0 added / 1 updated]


===== 2026-08-11 05:30 (desk) =====
[pipeline_metrics] 2026-08-11: P1 wired 69/291 (23.7%), defects open 11 | P2 live | P3 stale packs 86/166, unclassified $24,507 (4 names) | unwired 38+34 [0 added / 0 updated]


===== 2026-08-11 06:33 (desk) =====
[pipeline_metrics] 2026-08-11: P1 wired 70/292 (24.0%), defects open 11 | P2 live | P3 stale packs 86/166, unclassified $24,507 (4 names) | unwired 38+34 [0 added / 1 updated]


===== 2026-08-11 08:39 (desk) =====
[pipeline_metrics] 2026-08-11: P1 wired 71/293 (24.2%), defects open 11 | P2 live | P3 stale packs 86/166, unclassified $24,507 (4 names) | unwired 38+34 [0 added / 1 updated]


===== 2026-08-11 12:33 (desk) =====
[pipeline_metrics] 2026-08-11: P1 wired 68/290 (23.4%), defects open 11 | P2 live | P3 stale packs 86/166, unclassified $24,528 (4 names) | unwired 38+34 [0 added / 1 updated]


===== 2026-08-11 14:33 (desk) =====
[pipeline_metrics] 2026-08-11: P1 wired 70/291 (24.1%), defects open 11 | P2 live | P3 stale packs 86/166, unclassified $24,530 (4 names) | unwired 38+34 [0 added / 1 updated]


===== 2026-08-11 16:34 (desk) =====
[pipeline_metrics] 2026-08-11: P1 wired 73/293 (24.9%), defects open 11 | P2 live | P3 stale packs 86/166, unclassified $24,528 (4 names) | unwired 37+34 [0 added / 1 updated]


===== 2026-08-11 18:33 (desk) =====
[pipeline_metrics] 2026-08-11: P1 wired 73/293 (24.9%), defects open 11 | P2 live | P3 stale packs 86/166, unclassified $24,529 (4 names) | unwired 37+34 [0 added / 1 updated]


===== 2026-08-11 20:33 (desk) =====
[pipeline_metrics] 2026-08-11: P1 wired 76/296 (25.7%), defects open 11 | P2 live | P3 stale packs 86/166, unclassified $24,507 (4 names) | unwired 37+34 [0 added / 1 updated]


===== 2026-08-11 22:33 (desk) =====
[pipeline_metrics] 2026-08-11: P1 wired 77/297 (25.9%), defects open 11 | P2 live | P3 stale packs 86/166, unclassified $24,507 (4 names) | unwired 37+34 [0 added / 1 updated]


===== 2026-08-12 07:33 (desk) =====
[pipeline_metrics] 2026-08-12: P1 wired 78/298 (26.2%), defects open 11 | P2 live | P3 stale packs 94/174, unclassified $24,526 (4 names) | unwired 37+34 [1 added / 0 updated]


===== 2026-08-12 09:33 (desk) =====
[pipeline_metrics] 2026-08-12: P1 wired 78/298 (26.2%), defects open 11 | P2 live | P3 stale packs 94/174, unclassified $24,530 (4 names) | unwired 37+34 [0 added / 1 updated]


===== 2026-08-12 11:33 (desk) =====
[pipeline_metrics] 2026-08-12: P1 wired 78/298 (26.2%), defects open 11 | P2 live | P3 stale packs 94/174, unclassified $24,523 (4 names) | unwired 37+34 [0 added / 1 updated]


===== 2026-08-12 13:32 (desk) =====
[pipeline_metrics] 2026-08-12: P1 wired 78/298 (26.2%), defects open 11 | P2 live | P3 stale packs 94/174, unclassified $24,507 (4 names) | unwired 37+34 [0 added / 1 updated]


===== 2026-08-12 15:32 (desk) =====
[pipeline_metrics] 2026-08-12: P1 wired 78/298 (26.2%), defects open 11 | P2 live | P3 stale packs 94/174, unclassified $24,520 (4 names) | unwired 37+34 [0 added / 1 updated]


===== 2026-08-12 17:33 (desk) =====
[pipeline_metrics] 2026-08-12: P1 wired 78/298 (26.2%), defects open 11 | P2 live | P3 stale packs 94/174, unclassified $24,521 (4 names) | unwired 37+34 [0 added / 1 updated]


===== 2026-08-12 19:32 (desk) =====
[pipeline_metrics] 2026-08-12: P1 wired 78/298 (26.2%), defects open 11 | P2 live | P3 stale packs 94/174, unclassified $24,524 (4 names) | unwired 37+34 [0 added / 1 updated]


===== 2026-08-12 21:33 (desk) =====
[pipeline_metrics] 2026-08-12: P1 wired 78/298 (26.2%), defects open 11 | P2 live | P3 stale packs 94/174, unclassified $24,507 (4 names) | unwired 37+34 [0 added / 1 updated]


===== 2026-08-12 23:35 (desk) =====
[pipeline_metrics] 2026-08-12: P1 wired 78/298 (26.2%), defects open 11 | P2 live | P3 stale packs 94/174, unclassified $24,507 (4 names) | unwired 37+34 [0 added / 0 updated]


===== 2026-08-13 03:02 (desk) =====
[pipeline_metrics] 2026-08-13: P1 wired 76/298 (25.5%), defects open 11 | P2 live | P3 stale packs 106/187, unclassified $24,507 (4 names) | unwired 37+34 [1 added / 0 updated]


===== 2026-08-13 08:46 (desk) =====
[pipeline_metrics] 2026-08-13: P1 wired 76/298 (25.5%), defects open 11 | P2 live | P3 stale packs 106/187, unclassified $24,507 (4 names) | unwired 37+34 [0 added / 1 updated]


===== 2026-08-13 10:42 (desk) =====
[pipeline_metrics] 2026-08-13: P1 wired 76/298 (25.5%), defects open 11 | P2 live | P3 stale packs 106/187, unclassified $24,522 (4 names) | unwired 37+34 [0 added / 1 updated]


===== 2026-08-13 18:48 (desk) =====
[pipeline_metrics] 2026-08-13: P1 wired 76/298 (25.5%), defects open 11 | P2 live | P3 stale packs 106/187, unclassified $24,523 (4 names) | unwired 37+34 [0 added / 1 updated]


===== 2026-08-13 22:09 (desk) =====
[pipeline_metrics] 2026-08-13: P1 wired 76/298 (25.5%), defects open 11 | P2 live | P3 stale packs 106/187, unclassified $24,528 (4 names) | unwired 37+34 [0 added / 1 updated]


===== 2026-08-14 00:31 (desk) =====
[pipeline_metrics] 2026-08-14: P1 wired 77/301 (25.6%), defects open 11 | P2 live | P3 stale packs 115/198, unclassified $24,528 (4 names) | unwired 37+34 [1 added / 0 updated]


===== 2026-08-14 02:32 (desk) =====
[pipeline_metrics] 2026-08-14: P1 wired 73/297 (24.6%), defects open 11 | P2 live | P3 stale packs 116/199, unclassified $24,507 (4 names) | unwired 37+34 [0 added / 1 updated]


===== 2026-08-14 04:33 (desk) =====
[pipeline_metrics] 2026-08-14: P1 wired 74/298 (24.8%), defects open 11 | P2 live | P3 stale packs 116/199, unclassified $24,535 (4 names) | unwired 37+34 [0 added / 1 updated]


===== 2026-08-14 06:33 (desk) =====
[pipeline_metrics] 2026-08-14: P1 wired 74/298 (24.8%), defects open 11 | P2 live | P3 stale packs 116/199, unclassified $24,507 (4 names) | unwired 37+34 [0 added / 1 updated]


===== 2026-08-14 08:34 (desk) =====
[pipeline_metrics] 2026-08-14: P1 wired 75/299 (25.1%), defects open 11 | P2 live | P3 stale packs 116/199, unclassified $24,542 (4 names) | unwired 37+34 [0 added / 1 updated]


===== 2026-08-14 09:39 (desk) =====
[pipeline_metrics] 2026-08-14: P1 wired 76/300 (25.3%), defects open 11 | P2 live | P3 stale packs 116/199, unclassified $24,507 (4 names) | unwired 37+34 [0 added / 1 updated]


===== 2026-08-14 12:42 (desk) =====
[pipeline_metrics] 2026-08-14: P1 wired 78/302 (25.8%), defects open 11 | P2 live | P3 stale packs 116/199, unclassified $24,544 (4 names) | unwired 37+34 [0 added / 1 updated]


===== 2026-08-17 08:39 (desk) =====
[pipeline_metrics] 2026-08-17: P1 wired 98/323 (30.3%), defects open 11 | P2 live | P3 stale packs 135/219, unclassified $24,507 (4 names) | unwired 40+34 [1 added / 0 updated]


===== 2026-08-17 10:40 (desk) =====
[pipeline_metrics] 2026-08-17: P1 wired 103/327 (31.5%), defects open 11 | P2 live | P3 stale packs 135/219, unclassified $24,554 (4 names) | unwired 40+34 [0 added / 1 updated]


===== 2026-08-17 12:36 (desk) =====
[pipeline_metrics] 2026-08-17: P1 wired 103/327 (31.5%), defects open 11 | P2 live | P3 stale packs 135/219, unclassified $24,547 (4 names) | unwired 40+34 [0 added / 1 updated]


===== 2026-08-17 14:38 (desk) =====
[pipeline_metrics] 2026-08-17: P1 wired 103/327 (31.5%), defects open 11 | P2 live | P3 stale packs 135/219, unclassified $24,548 (4 names) | unwired 40+34 [0 added / 1 updated]


===== 2026-08-17 16:38 (desk) =====
[pipeline_metrics] 2026-08-17: P1 wired 104/329 (31.6%), defects open 11 | P2 live | P3 stale packs 135/219, unclassified $24,507 (4 names) | unwired 40+34 [0 added / 1 updated]


===== 2026-08-17 18:36 (desk) =====
[pipeline_metrics] 2026-08-17: P1 wired 106/331 (32.0%), defects open 11 | P2 live | P3 stale packs 136/220, unclassified $24,507 (4 names) | unwired 39+34 [0 added / 1 updated]


===== 2026-08-17 20:36 (desk) =====
[pipeline_metrics] 2026-08-17: P1 wired 111/334 (33.2%), defects open 11 | P2 live | P3 stale packs 137/221, unclassified $24,507 (4 names) | unwired 39+34 [0 added / 1 updated]


===== 2026-08-17 22:40 (desk) =====
[pipeline_metrics] 2026-08-17: P1 wired 113/336 (33.6%), defects open 11 | P2 live | P3 stale packs 138/222, unclassified $24,507 (4 names) | unwired 39+34 [0 added / 1 updated]


===== 2026-08-18 00:34 (desk) =====
[pipeline_metrics] 2026-08-18: P1 wired 112/337 (33.2%), defects open 11 | P2 live | P3 stale packs 146/230, unclassified $24,544 (4 names) | unwired 39+34 [1 added / 0 updated]


===== 2026-08-18 02:34 (desk) =====
[pipeline_metrics] 2026-08-18: P1 wired 113/338 (33.4%), defects open 11 | P2 live | P3 stale packs 146/230, unclassified $24,507 (4 names) | unwired 39+34 [0 added / 1 updated]


===== 2026-08-18 04:34 (desk) =====
[pipeline_metrics] 2026-08-18: P1 wired 115/340 (33.8%), defects open 11 | P2 live | P3 stale packs 146/230, unclassified $24,548 (4 names) | unwired 39+34 [0 added / 1 updated]


===== 2026-08-18 06:35 (desk) =====
[pipeline_metrics] 2026-08-18: P1 wired 115/340 (33.8%), defects open 11 | P2 live | P3 stale packs 146/230, unclassified $24,507 (4 names) | unwired 39+34 [0 added / 1 updated]


===== 2026-08-18 08:35 (desk) =====
[pipeline_metrics] 2026-08-18: P1 wired 117/342 (34.2%), defects open 11 | P2 live | P3 stale packs 145/230, unclassified $24,507 (4 names) | unwired 39+34 [0 added / 1 updated]


===== 2026-08-18 10:36 (desk) =====
[pipeline_metrics] 2026-08-18: P1 wired 118/343 (34.4%), defects open 11 | P2 live | P3 stale packs 145/230, unclassified $24,507 (4 names) | unwired 39+34 [0 added / 1 updated]


===== 2026-08-18 12:36 (desk) =====
[pipeline_metrics] 2026-08-18: P1 wired 120/344 (34.9%), defects open 11 | P2 live | P3 stale packs 142/230, unclassified $24,507 (4 names) | unwired 39+34 [0 added / 1 updated]


===== 2026-08-18 14:35 (desk) =====
[pipeline_metrics] 2026-08-18: P1 wired 121/345 (35.1%), defects open 11 | P2 live | P3 stale packs 142/230, unclassified $24,507 (4 names) | unwired 39+34 [0 added / 1 updated]


===== 2026-08-18 16:37 (desk) =====
[pipeline_metrics] 2026-08-18: P1 wired 122/346 (35.3%), defects open 11 | P2 live | P3 stale packs 143/231, unclassified $24,507 (4 names) | unwired 39+34 [0 added / 1 updated]


===== 2026-08-18 18:35 (desk) =====
[pipeline_metrics] 2026-08-18: P1 wired 123/347 (35.4%), defects open 11 | P2 live | P3 stale packs 143/231, unclassified $24,507 (4 names) | unwired 39+34 [0 added / 1 updated]


===== 2026-08-18 20:35 (desk) =====
[pipeline_metrics] 2026-08-18: P1 wired 126/350 (36.0%), defects open 11 | P2 live | P3 stale packs 145/233, unclassified $24,507 (4 names) | unwired 39+34 [0 added / 1 updated]


===== 2026-08-18 22:35 (desk) =====
[pipeline_metrics] 2026-08-18: P1 wired 129/353 (36.5%), defects open 11 | P2 live | P3 stale packs 145/233, unclassified $24,507 (4 names) | unwired 39+34 [0 added / 1 updated]


===== 2026-08-19 00:30 (desk) =====
[pipeline_metrics] 2026-08-19: P1 wired 129/354 (36.4%), defects open 11 | P2 live | P3 stale packs 151/242, unclassified $24,507 (4 names) | unwired 39+34 [1 added / 0 updated]


===== 2026-08-19 01:34 (desk) =====
[pipeline_metrics] 2026-08-19: P1 wired 130/355 (36.6%), defects open 11 | P2 live | P3 stale packs 151/242, unclassified $24,507 (4 names) | unwired 39+34 [0 added / 1 updated]


===== 2026-08-19 03:34 (desk) =====
[pipeline_metrics] 2026-08-19: P1 wired 130/355 (36.6%), defects open 11 | P2 live | P3 stale packs 151/242, unclassified $24,561 (4 names) | unwired 39+34 [0 added / 1 updated]


===== 2026-08-19 05:34 (desk) =====
[pipeline_metrics] 2026-08-19: P1 wired 130/355 (36.6%), defects open 11 | P2 live | P3 stale packs 151/242, unclassified $24,507 (4 names) | unwired 39+34 [0 added / 1 updated]


===== 2026-08-19 07:35 (desk) =====
[pipeline_metrics] 2026-08-19: P1 wired 130/355 (36.6%), defects open 11 | P2 live | P3 stale packs 151/242, unclassified $24,507 (4 names) | unwired 39+34 [0 added / 0 updated]


===== 2026-08-19 09:35 (desk) =====
[pipeline_metrics] 2026-08-19: P1 wired 130/355 (36.6%), defects open 11 | P2 live | P3 stale packs 151/242, unclassified $24,507 (4 names) | unwired 39+34 [0 added / 0 updated]


===== 2026-08-19 11:35 (desk) =====
[pipeline_metrics] 2026-08-19: P1 wired 130/355 (36.6%), defects open 11 | P2 live | P3 stale packs 151/242, unclassified $24,507 (4 names) | unwired 39+34 [0 added / 0 updated]


===== 2026-08-19 13:35 (desk) =====
[pipeline_metrics] 2026-08-19: P1 wired 130/355 (36.6%), defects open 11 | P2 live | P3 stale packs 151/242, unclassified $24,507 (4 names) | unwired 39+34 [0 added / 0 updated]


===== 2026-08-19 15:35 (desk) =====
[pipeline_metrics] 2026-08-19: P1 wired 130/355 (36.6%), defects open 11 | P2 live | P3 stale packs 151/242, unclassified $24,507 (4 names) | unwired 39+34 [0 added / 0 updated]


===== 2026-08-19 17:35 (desk) =====
[pipeline_metrics] 2026-08-19: P1 wired 129/353 (36.5%), defects open 11 | P2 live | P3 stale packs 151/242, unclassified $24,507 (4 names) | unwired 38+34 [0 added / 1 updated]


===== 2026-08-19 19:35 (desk) =====
[pipeline_metrics] 2026-08-19: P1 wired 129/353 (36.5%), defects open 11 | P2 live | P3 stale packs 151/242, unclassified $24,507 (4 names) | unwired 38+34 [0 added / 0 updated]


===== 2026-08-19 21:40 (desk) =====
[pipeline_metrics] 2026-08-19: P1 wired 129/353 (36.5%), defects open 11 | P2 live | P3 stale packs 151/242, unclassified $24,507 (4 names) | unwired 38+34 [0 added / 1 updated]


===== 2026-08-19 23:34 (desk) =====
[pipeline_metrics] 2026-08-19: P1 wired 129/353 (36.5%), defects open 11 | P2 live | P3 stale packs 151/242, unclassified $24,598 (4 names) | unwired 38+34 [0 added / 1 updated]


===== 2026-08-20 01:34 (desk) =====
[pipeline_metrics] 2026-08-20: P1 wired 124/346 (35.8%), defects open 11 | P2 live | P3 stale packs 156/247, unclassified $30,528 (5 names) | unwired 37+34 [1 added / 0 updated]


===== 2026-08-20 03:34 (desk) =====
[pipeline_metrics] 2026-08-20: P1 wired 124/346 (35.8%), defects open 11 | P2 live | P3 stale packs 156/247, unclassified $30,528 (5 names) | unwired 37+34 [0 added / 0 updated]


===== 2026-08-20 05:34 (desk) =====
[pipeline_metrics] 2026-08-20: P1 wired 124/346 (35.8%), defects open 11 | P2 live | P3 stale packs 156/247, unclassified $30,528 (5 names) | unwired 37+34 [0 added / 0 updated]


===== 2026-08-20 07:35 (desk) =====
[pipeline_metrics] 2026-08-20: P1 wired 124/346 (35.8%), defects open 11 | P2 live | P3 stale packs 156/247, unclassified $30,528 (5 names) | unwired 37+34 [0 added / 0 updated]


===== 2026-08-20 09:36 (desk) =====
[pipeline_metrics] 2026-08-20: P1 wired 124/346 (35.8%), defects open 11 | P2 live | P3 stale packs 156/247, unclassified $30,528 (5 names) | unwired 37+34 [0 added / 0 updated]


===== 2026-08-20 11:35 (desk) =====
[pipeline_metrics] 2026-08-20: P1 wired 124/346 (35.8%), defects open 11 | P2 live | P3 stale packs 156/247, unclassified $36,137 (6 names) | unwired 37+34 [0 added / 1 updated]


===== 2026-08-20 13:35 (desk) =====
[pipeline_metrics] 2026-08-20: P1 wired 124/346 (35.8%), defects open 11 | P2 live | P3 stale packs 156/247, unclassified $36,140 (6 names) | unwired 37+34 [0 added / 1 updated]


===== 2026-08-20 15:34 (desk) =====
[pipeline_metrics] 2026-08-20: P1 wired 124/346 (35.8%), defects open 11 | P2 live | P3 stale packs 156/247, unclassified $36,050 (6 names) | unwired 37+34 [0 added / 1 updated]


===== 2026-08-20 17:35 (desk) =====
[pipeline_metrics] 2026-08-20: P1 wired 124/346 (35.8%), defects open 11 | P2 live | P3 stale packs 156/247, unclassified $40,756 (7 names) | unwired 37+34 [0 added / 1 updated]


===== 2026-08-20 19:34 (desk) =====
[pipeline_metrics] 2026-08-20: P1 wired 126/348 (36.2%), defects open 11 | P2 live | P3 stale packs 159/250, unclassified $36,050 (6 names) | unwired 37+34 [0 added / 1 updated]


===== 2026-08-20 21:35 (desk) =====
[pipeline_metrics] 2026-08-20: P1 wired 130/350 (37.1%), defects open 11 | P2 live | P3 stale packs 160/251, unclassified $30,528 (5 names) | unwired 35+34 [0 added / 1 updated]


===== 2026-08-20 23:34 (desk) =====
[pipeline_metrics] 2026-08-20: P1 wired 130/350 (37.1%), defects open 11 | P2 live | P3 stale packs 160/251, unclassified $30,528 (5 names) | unwired 35+34 [0 added / 1 updated]


===== 2026-08-21 01:34 (desk) =====
[pipeline_metrics] 2026-08-21: P1 wired 129/350 (36.9%), defects open 11 | P2 live | P3 stale packs 165/256, unclassified $30,528 (5 names) | unwired 35+34 [1 added / 0 updated]


===== 2026-08-21 03:34 (desk) =====
[pipeline_metrics] 2026-08-21: P1 wired 131/352 (37.2%), defects open 11 | P2 live | P3 stale packs 165/256, unclassified $30,528 (5 names) | unwired 35+34 [0 added / 1 updated]


===== 2026-08-21 05:34 (desk) =====
[pipeline_metrics] 2026-08-21: P1 wired 131/352 (37.2%), defects open 11 | P2 live | P3 stale packs 166/257, unclassified $30,528 (5 names) | unwired 35+34 [0 added / 1 updated]


===== 2026-08-21 07:34 (desk) =====
[pipeline_metrics] 2026-08-21: P1 wired 133/354 (37.6%), defects open 11 | P2 live | P3 stale packs 167/258, unclassified $30,627 (5 names) | unwired 35+34 [0 added / 1 updated]


===== 2026-08-21 09:35 (desk) =====
[pipeline_metrics] 2026-08-21: P1 wired 133/354 (37.6%), defects open 11 | P2 live | P3 stale packs 167/258, unclassified $30,528 (5 names) | unwired 35+34 [0 added / 1 updated]


===== 2026-08-21 11:35 (desk) =====
[pipeline_metrics] 2026-08-21: P1 wired 133/354 (37.6%), defects open 11 | P2 live | P3 stale packs 167/258, unclassified $30,528 (5 names) | unwired 35+34 [0 added / 1 updated]


===== 2026-08-21 13:34 (desk) =====
[pipeline_metrics] 2026-08-21: P1 wired 134/355 (37.7%), defects open 11 | P2 live | P3 stale packs 167/258, unclassified $30,528 (5 names) | unwired 35+34 [0 added / 1 updated]


===== 2026-08-21 15:35 (desk) =====
[pipeline_metrics] 2026-08-21: P1 wired 135/356 (37.9%), defects open 11 | P2 live | P3 stale packs 167/258, unclassified $30,528 (5 names) | unwired 35+34 [0 added / 1 updated]


===== 2026-08-21 17:34 (desk) =====
[pipeline_metrics] 2026-08-21: P1 wired 136/357 (38.1%), defects open 11 | P2 live | P3 stale packs 167/258, unclassified $30,528 (5 names) | unwired 35+34 [0 added / 1 updated]


===== 2026-08-21 19:35 (desk) =====
[pipeline_metrics] 2026-08-21: P1 wired 137/358 (38.3%), defects open 11 | P2 live | P3 stale packs 167/258, unclassified $30,528 (5 names) | unwired 35+34 [0 added / 1 updated]


===== 2026-08-21 21:35 (desk) =====
[pipeline_metrics] 2026-08-21: P1 wired 138/359 (38.4%), defects open 11 | P2 live | P3 stale packs 167/258, unclassified $30,528 (5 names) | unwired 35+34 [0 added / 1 updated]


===== 2026-08-21 23:34 (desk) =====
[pipeline_metrics] 2026-08-21: P1 wired 140/361 (38.8%), defects open 11 | P2 live | P3 stale packs 167/258, unclassified $30,528 (5 names) | unwired 35+34 [0 added / 1 updated]


===== 2026-08-24 01:34 (desk) =====
[pipeline_metrics] 2026-08-24: P1 wired 158/380 (41.6%), defects open 11 | P2 live | P3 stale packs 170/263, unclassified $30,528 (5 names) | unwired 35+34 [1 added / 0 updated]


===== 2026-08-24 03:34 (desk) =====
[pipeline_metrics] 2026-08-24: P1 wired 160/381 (42.0%), defects open 11 | P2 live | P3 stale packs 170/263, unclassified $30,613 (5 names) | unwired 35+34 [0 added / 1 updated]


===== 2026-08-24 05:34 (desk) =====
[pipeline_metrics] 2026-08-24: P1 wired 160/381 (42.0%), defects open 11 | P2 live | P3 stale packs 170/263, unclassified $30,528 (5 names) | unwired 35+34 [0 added / 1 updated]


===== 2026-08-24 07:35 (desk) =====
[pipeline_metrics] 2026-08-24: P1 wired 161/382 (42.1%), defects open 11 | P2 live | P3 stale packs 170/263, unclassified $36,276 (5 names) | unwired 35+34 [0 added / 1 updated]


===== 2026-08-24 09:35 (desk) =====
[pipeline_metrics] 2026-08-24: P1 wired 163/384 (42.4%), defects open 11 | P2 live | P3 stale packs 170/263, unclassified $36,276 (5 names) | unwired 35+34 [0 added / 1 updated]


===== 2026-08-24 11:35 (desk) =====
[pipeline_metrics] 2026-08-24: P1 wired 164/385 (42.6%), defects open 11 | P2 live | P3 stale packs 170/263, unclassified $36,276 (5 names) | unwired 35+34 [0 added / 1 updated]


===== 2026-08-24 13:38 (desk) =====
[pipeline_metrics] 2026-08-24: P1 wired 166/387 (42.9%), defects open 11 | P2 live | P3 stale packs 170/263, unclassified $36,276 (5 names) | unwired 35+34 [0 added / 1 updated]


===== 2026-08-24 15:35 (desk) =====
[pipeline_metrics] 2026-08-24: P1 wired 167/388 (43.0%), defects open 11 | P2 live | P3 stale packs 170/263, unclassified $36,276 (5 names) | unwired 35+34 [0 added / 1 updated]


===== 2026-08-24 17:40 (desk) =====
[pipeline_metrics] 2026-08-24: P1 wired 169/390 (43.3%), defects open 11 | P2 live | P3 stale packs 170/263, unclassified $36,276 (5 names) | unwired 35+34 [0 added / 1 updated]


===== 2026-08-24 19:40 (desk) =====
[pipeline_metrics] 2026-08-24: P1 wired 169/390 (43.3%), defects open 11 | P2 live | P3 stale packs 164/263, unclassified $36,449 (5 names) | unwired 35+34 [0 added / 1 updated]


===== 2026-08-24 21:40 (desk) =====
[pipeline_metrics] 2026-08-24: P1 wired 171/391 (43.7%), defects open 11 | P2 live | P3 stale packs 164/263, unclassified $36,443 (5 names) | unwired 35+34 [0 added / 1 updated]


===== 2026-08-24 23:40 (desk) =====
[pipeline_metrics] 2026-08-24: P1 wired 174/394 (44.2%), defects open 11 | P2 live | P3 stale packs 164/263, unclassified $36,435 (5 names) | unwired 34+34 [0 added / 1 updated]


===== 2026-08-25 01:40 (desk) =====
[pipeline_metrics] 2026-08-25: P1 wired 178/398 (44.7%), defects open 11 | P2 live | P3 stale packs 168/267, unclassified $36,434 (5 names) | unwired 34+34 [1 added / 0 updated]


===== 2026-08-25 03:40 (desk) =====
[pipeline_metrics] 2026-08-25: P1 wired 178/398 (44.7%), defects open 11 | P2 live | P3 stale packs 168/267, unclassified $36,443 (5 names) | unwired 34+34 [0 added / 1 updated]


===== 2026-08-25 05:40 (desk) =====
[pipeline_metrics] 2026-08-25: P1 wired 182/402 (45.3%), defects open 11 | P2 live | P3 stale packs 168/267, unclassified $36,442 (5 names) | unwired 34+34 [0 added / 1 updated]


===== 2026-08-25 07:40 (desk) =====
[pipeline_metrics] 2026-08-25: P1 wired 184/404 (45.5%), defects open 11 | P2 live | P3 stale packs 169/268, unclassified $36,441 (5 names) | unwired 34+34 [0 added / 1 updated]


===== 2026-08-25 09:40 (desk) =====
[pipeline_metrics] 2026-08-25: P1 wired 184/404 (45.5%), defects open 11 | P2 live | P3 stale packs 169/268, unclassified $36,447 (5 names) | unwired 34+34 [0 added / 1 updated]


===== 2026-08-25 11:40 (desk) =====
[pipeline_metrics] 2026-08-25: P1 wired 186/406 (45.8%), defects open 11 | P2 live | P3 stale packs 169/268, unclassified $36,450 (5 names) | unwired 34+34 [0 added / 1 updated]


===== 2026-08-25 13:40 (desk) =====
[pipeline_metrics] 2026-08-25: P1 wired 187/407 (45.9%), defects open 11 | P2 live | P3 stale packs 169/268, unclassified $36,453 (5 names) | unwired 34+34 [0 added / 1 updated]


===== 2026-08-25 15:40 (desk) =====
[pipeline_metrics] 2026-08-25: P1 wired 190/410 (46.3%), defects open 11 | P2 live | P3 stale packs 169/268, unclassified $36,454 (5 names) | unwired 34+34 [0 added / 1 updated]


===== 2026-08-25 17:40 (desk) =====
[pipeline_metrics] 2026-08-25: P1 wired 190/410 (46.3%), defects open 11 | P2 live | P3 stale packs 169/268, unclassified $36,456 (5 names) | unwired 34+34 [0 added / 1 updated]


===== 2026-08-25 19:40 (desk) =====
[pipeline_metrics] 2026-08-25: P1 wired 191/411 (46.5%), defects open 11 | P2 live | P3 stale packs 169/268, unclassified $36,451 (5 names) | unwired 34+34 [0 added / 1 updated]


===== 2026-08-25 21:37 (desk) =====
[pipeline_metrics] 2026-08-25: P1 wired 191/411 (46.5%), defects open 11 | P2 live | P3 stale packs 169/268, unclassified $36,447 (5 names) | unwired 34+34 [0 added / 1 updated]


===== 2026-08-25 23:37 (desk) =====
[pipeline_metrics] 2026-08-25: P1 wired 193/413 (46.7%), defects open 11 | P2 live | P3 stale packs 169/268, unclassified $36,276 (5 names) | unwired 34+34 [0 added / 1 updated]


===== 2026-08-26 01:36 (desk) =====
[pipeline_metrics] 2026-08-26: P1 wired 196/416 (47.1%), defects open 11 | P2 live | P3 stale packs 171/270, unclassified $36,441 (5 names) | unwired 34+34 [1 added / 0 updated]


===== 2026-08-26 03:36 (desk) =====
[pipeline_metrics] 2026-08-26: P1 wired 196/416 (47.1%), defects open 11 | P2 live | P3 stale packs 171/270, unclassified $36,453 (5 names) | unwired 34+34 [0 added / 1 updated]


===== 2026-08-26 05:36 (desk) =====
[pipeline_metrics] 2026-08-26: P1 wired 198/418 (47.4%), defects open 11 | P2 live | P3 stale packs 171/270, unclassified $36,442 (5 names) | unwired 34+34 [0 added / 1 updated]


===== 2026-08-26 07:37 (desk) =====
[pipeline_metrics] 2026-08-26: P1 wired 200/420 (47.6%), defects open 11 | P2 live | P3 stale packs 171/270, unclassified $36,445 (5 names) | unwired 34+34 [0 added / 1 updated]


===== 2026-08-26 09:37 (desk) =====
[pipeline_metrics] 2026-08-26: P1 wired 201/421 (47.7%), defects open 11 | P2 live | P3 stale packs 171/270, unclassified $36,427 (5 names) | unwired 34+34 [0 added / 1 updated]


===== 2026-08-26 11:37 (desk) =====
[pipeline_metrics] 2026-08-26: P1 wired 201/421 (47.7%), defects open 11 | P2 live | P3 stale packs 171/270, unclassified $36,431 (5 names) | unwired 34+34 [0 added / 1 updated]


===== 2026-08-26 13:37 (desk) =====
[pipeline_metrics] 2026-08-26: P1 wired 202/423 (47.8%), defects open 11 | P2 live | P3 stale packs 171/270, unclassified $36,431 (5 names) | unwired 34+34 [0 added / 1 updated]


===== 2026-08-26 15:37 (desk) =====
[pipeline_metrics] 2026-08-26: P1 wired 204/425 (48.0%), defects open 11 | P2 live | P3 stale packs 171/270, unclassified $36,434 (5 names) | unwired 34+34 [0 added / 1 updated]


===== 2026-08-26 17:37 (desk) =====
[pipeline_metrics] 2026-08-26: P1 wired 205/426 (48.1%), defects open 11 | P2 live | P3 stale packs 171/270, unclassified $36,435 (5 names) | unwired 34+34 [0 added / 1 updated]


===== 2026-08-26 19:37 (desk) =====
[pipeline_metrics] 2026-08-26: P1 wired 205/426 (48.1%), defects open 11 | P2 live | P3 stale packs 171/270, unclassified $36,436 (5 names) | unwired 34+34 [0 added / 1 updated]


===== 2026-08-26 21:37 (desk) =====
[pipeline_metrics] 2026-08-26: P1 wired 205/426 (48.1%), defects open 11 | P2 live | P3 stale packs 171/270, unclassified $36,435 (5 names) | unwired 34+34 [0 added / 1 updated]


===== 2026-08-26 23:37 (desk) =====
[pipeline_metrics] 2026-08-26: P1 wired 205/426 (48.1%), defects open 11 | P2 live | P3 stale packs 171/270, unclassified $36,435 (5 names) | unwired 34+34 [0 added / 0 updated]


===== 2026-08-27 01:39 (desk) =====
[pipeline_metrics] 2026-08-27: P1 wired 204/426 (47.9%), defects open 11 | P2 live | P3 stale packs 180/279, unclassified $36,434 (5 names) | unwired 34+34 [1 added / 0 updated]


===== 2026-08-27 03:39 (desk) =====
[pipeline_metrics] 2026-08-27: P1 wired 204/426 (47.9%), defects open 11 | P2 live | P3 stale packs 180/279, unclassified $36,430 (5 names) | unwired 34+34 [0 added / 1 updated]


===== 2026-08-27 05:39 (desk) =====
[pipeline_metrics] 2026-08-27: P1 wired 204/426 (47.9%), defects open 11 | P2 live | P3 stale packs 180/279, unclassified $36,420 (5 names) | unwired 34+34 [0 added / 1 updated]


===== 2026-08-27 07:37 (desk) =====
[pipeline_metrics] 2026-08-27: P1 wired 204/426 (47.9%), defects open 11 | P2 live | P3 stale packs 180/279, unclassified $36,422 (5 names) | unwired 34+34 [0 added / 1 updated]


===== 2026-08-27 09:37 (desk) =====
[pipeline_metrics] 2026-08-27: P1 wired 204/426 (47.9%), defects open 11 | P2 live | P3 stale packs 180/279, unclassified $36,432 (5 names) | unwired 34+34 [0 added / 1 updated]


===== 2026-08-27 11:37 (desk) =====
[pipeline_metrics] 2026-08-27: P1 wired 204/426 (47.9%), defects open 11 | P2 live | P3 stale packs 180/279, unclassified $36,434 (5 names) | unwired 34+34 [0 added / 1 updated]


===== 2026-08-27 13:37 (desk) =====
[pipeline_metrics] 2026-08-27: P1 wired 204/426 (47.9%), defects open 11 | P2 live | P3 stale packs 180/279, unclassified $36,427 (5 names) | unwired 34+34 [0 added / 1 updated]


===== 2026-08-27 15:34 (desk) =====
[pipeline_metrics] 2026-08-27: P1 wired 204/426 (47.9%), defects open 11 | P2 live | P3 stale packs 180/279, unclassified $36,432 (5 names) | unwired 34+34 [0 added / 1 updated]


===== 2026-08-27 17:34 (desk) =====
[pipeline_metrics] 2026-08-27: P1 wired 204/426 (47.9%), defects open 11 | P2 live | P3 stale packs 180/279, unclassified $36,432 (5 names) | unwired 34+34 [0 added / 1 updated]


===== 2026-08-27 19:34 (desk) =====
[pipeline_metrics] 2026-08-27: P1 wired 204/426 (47.9%), defects open 11 | P2 live | P3 stale packs 180/279, unclassified $36,432 (5 names) | unwired 34+34 [0 added / 0 updated]


===== 2026-08-27 21:34 (desk) =====
[pipeline_metrics] 2026-08-27: P1 wired 207/429 (48.3%), defects open 11 | P2 live | P3 stale packs 180/279, unclassified $36,428 (5 names) | unwired 34+34 [0 added / 1 updated]


===== 2026-08-27 23:34 (desk) =====
[pipeline_metrics] 2026-08-27: P1 wired 207/429 (48.3%), defects open 11 | P2 live | P3 stale packs 180/279, unclassified $36,426 (5 names) | unwired 34+34 [0 added / 1 updated]


===== 2026-08-28 01:34 (desk) =====
[pipeline_metrics] 2026-08-28: P1 wired 206/428 (48.1%), defects open 11 | P2 live | P3 stale packs 189/288, unclassified $36,426 (5 names) | unwired 34+34 [1 added / 0 updated]


===== 2026-08-28 03:33 (desk) =====
[pipeline_metrics] 2026-08-28: P1 wired 208/430 (48.4%), defects open 11 | P2 live | P3 stale packs 189/288, unclassified $36,426 (5 names) | unwired 34+33 [0 added / 1 updated]


===== 2026-08-28 05:33 (desk) =====
[pipeline_metrics] 2026-08-28: P1 wired 208/430 (48.4%), defects open 11 | P2 live | P3 stale packs 189/288, unclassified $36,276 (5 names) | unwired 34+33 [0 added / 1 updated]


===== 2026-08-28 07:34 (desk) =====
[pipeline_metrics] 2026-08-28: P1 wired 208/430 (48.4%), defects open 11 | P2 live | P3 stale packs 189/288, unclassified $36,427 (5 names) | unwired 34+33 [0 added / 1 updated]


===== 2026-08-28 09:34 (desk) =====
[pipeline_metrics] 2026-08-28: P1 wired 212/434 (48.8%), defects open 11 | P2 live | P3 stale packs 189/288, unclassified $36,390 (5 names) | unwired 34+33 [0 added / 1 updated]


===== 2026-08-28 11:34 (desk) =====
[pipeline_metrics] 2026-08-28: P1 wired 212/434 (48.8%), defects open 11 | P2 live | P3 stale packs 189/288, unclassified $36,134 (5 names) | unwired 34+33 [0 added / 1 updated]


===== 2026-08-28 13:34 (desk) =====
[pipeline_metrics] 2026-08-28: P1 wired 212/434 (48.8%), defects open 11 | P2 live | P3 stale packs 189/288, unclassified $36,128 (5 names) | unwired 34+33 [0 added / 1 updated]


===== 2026-08-28 15:34 (desk) =====
[pipeline_metrics] 2026-08-28: P1 wired 212/434 (48.8%), defects open 11 | P2 live | P3 stale packs 189/288, unclassified $36,128 (5 names) | unwired 34+33 [0 added / 0 updated]


===== 2026-08-28 17:34 (desk) =====
[pipeline_metrics] 2026-08-28: P1 wired 212/434 (48.8%), defects open 11 | P2 live | P3 stale packs 189/288, unclassified $36,129 (5 names) | unwired 34+33 [0 added / 1 updated]


===== 2026-08-28 19:34 (desk) =====
[pipeline_metrics] 2026-08-28: P1 wired 212/434 (48.8%), defects open 11 | P2 live | P3 stale packs 189/288, unclassified $36,129 (5 names) | unwired 34+33 [0 added / 0 updated]


===== 2026-08-28 21:34 (desk) =====
[pipeline_metrics] 2026-08-28: P1 wired 212/434 (48.8%), defects open 11 | P2 live | P3 stale packs 189/288, unclassified $36,129 (5 names) | unwired 34+33 [0 added / 0 updated]


===== 2026-08-28 23:34 (desk) =====
[pipeline_metrics] 2026-08-28: P1 wired 212/434 (48.8%), defects open 11 | P2 live | P3 stale packs 189/288, unclassified $36,129 (5 names) | unwired 34+33 [0 added / 0 updated]


===== 2026-08-31 00:34 (desk) =====
[pipeline_metrics] 2026-08-31: P1 wired 209/433 (48.3%), defects open 11 | P2 live | P3 stale packs 201/300, unclassified $36,129 (5 names) | unwired 34+33 [1 added / 0 updated]


===== 2026-08-31 02:34 (desk) =====
[pipeline_metrics] 2026-08-31: P1 wired 209/433 (48.3%), defects open 11 | P2 live | P3 stale packs 201/300, unclassified $36,381 (5 names) | unwired 34+33 [0 added / 1 updated]


===== 2026-08-31 04:34 (desk) =====
[pipeline_metrics] 2026-08-31: P1 wired 214/438 (48.9%), defects open 11 | P2 live | P3 stale packs 201/300, unclassified $36,276 (5 names) | unwired 34+33 [0 added / 1 updated]


===== 2026-08-31 06:34 (desk) =====
[pipeline_metrics] 2026-08-31: P1 wired 217/441 (49.2%), defects open 11 | P2 live | P3 stale packs 201/300, unclassified $36,380 (5 names) | unwired 34+33 [0 added / 1 updated]


===== 2026-08-31 08:31 (desk) =====
[pipeline_metrics] 2026-08-31: P1 wired 211/433 (48.7%), defects open 11 | P2 live | P3 stale packs 201/300, unclassified $36,378 (5 names) | unwired 34+33 [0 added / 1 updated]


===== 2026-08-31 10:34 (desk) =====
[pipeline_metrics] 2026-08-31: P1 wired 212/433 (49.0%), defects open 11 | P2 live | P3 stale packs 201/300, unclassified $48,106 (8 names) | unwired 34+32 [0 added / 1 updated]


===== 2026-08-31 12:34 (desk) =====
[pipeline_metrics] 2026-08-31: P1 wired 212/433 (49.0%), defects open 11 | P2 live | P3 stale packs 201/300, unclassified $53,369 (9 names) | unwired 34+32 [0 added / 1 updated]


===== 2026-08-31 14:34 (desk) =====
[pipeline_metrics] 2026-08-31: P1 wired 212/433 (49.0%), defects open 11 | P2 live | P3 stale packs 201/300, unclassified $0 (0 names) | unwired 34+32 [0 added / 1 updated]


===== 2026-08-31 16:34 (desk) =====
[pipeline_metrics] 2026-08-31: P1 wired 212/433 (49.0%), defects open 11 | P2 live | P3 stale packs 201/300, unclassified $0 (0 names) | unwired 34+32 [0 added / 1 updated]


===== 2026-08-31 18:34 (desk) =====
[pipeline_metrics] 2026-08-31: P1 wired 212/433 (49.0%), defects open 11 | P2 live | P3 stale packs 201/300, unclassified $0 (0 names) | unwired 34+32 [0 added / 0 updated]


===== 2026-08-31 20:38 (desk) =====
[pipeline_metrics] 2026-08-31: P1 wired 212/433 (49.0%), defects open 11 | P2 live | P3 stale packs 201/300, unclassified $0 (0 names) | unwired 34+32 [0 added / 1 updated]


===== 2026-08-31 22:38 (desk) =====
[pipeline_metrics] 2026-08-31: P1 wired 215/436 (49.3%), defects open 11 | P2 live | P3 stale packs 201/300, unclassified $0 (0 names) | unwired 34+32 [0 added / 1 updated]


===== 2026-09-01 00:34 (desk) =====
[pipeline_metrics] 2026-09-01: P1 wired 214/436 (49.1%), defects open 11 | P2 live | P3 stale packs 217/316, unclassified $0 (0 names) | unwired 34+32 [1 added / 0 updated]


===== 2026-09-01 02:34 (desk) =====
[pipeline_metrics] 2026-09-01: P1 wired 214/436 (49.1%), defects open 11 | P2 live | P3 stale packs 217/316, unclassified $0 (0 names) | unwired 34+32 [0 added / 1 updated]


===== 2026-09-01 04:34 (desk) =====
[pipeline_metrics] 2026-09-01: P1 wired 215/437 (49.2%), defects open 11 | P2 live | P3 stale packs 217/316, unclassified $0 (0 names) | unwired 34+32 [0 added / 1 updated]


===== 2026-09-01 06:34 (desk) =====
[pipeline_metrics] 2026-09-01: P1 wired 212/434 (48.8%), defects open 11 | P2 live | P3 stale packs 217/316, unclassified $0 (0 names) | unwired 34+32 [0 added / 1 updated]


===== 2026-09-01 08:34 (desk) =====
[pipeline_metrics] 2026-09-01: P1 wired 211/433 (48.7%), defects open 11 | P2 live | P3 stale packs 217/316, unclassified $0 (0 names) | unwired 34+32 [0 added / 1 updated]


===== 2026-09-01 10:34 (desk) =====
[pipeline_metrics] 2026-09-01: P1 wired 211/433 (48.7%), defects open 11 | P2 live | P3 stale packs 217/316, unclassified $0 (0 names) | unwired 34+32 [0 added / 1 updated]


===== 2026-09-01 12:34 (desk) =====
[pipeline_metrics] 2026-09-01: P1 wired 208/430 (48.4%), defects open 11 | P2 live | P3 stale packs 217/316, unclassified $3,748 (1 names) | unwired 34+32 [0 added / 1 updated]


===== 2026-09-01 14:34 (desk) =====
[pipeline_metrics] 2026-09-01: P1 wired 208/430 (48.4%), defects open 11 | P2 live | P3 stale packs 217/316, unclassified $3,748 (1 names) | unwired 34+32 [0 added / 0 updated]


===== 2026-09-01 16:34 (desk) =====
[pipeline_metrics] 2026-09-01: P1 wired 208/430 (48.4%), defects open 11 | P2 live | P3 stale packs 217/316, unclassified $3,748 (1 names) | unwired 34+32 [0 added / 0 updated]


===== 2026-09-01 18:34 (desk) =====
[pipeline_metrics] 2026-09-01: P1 wired 208/430 (48.4%), defects open 11 | P2 live | P3 stale packs 217/316, unclassified $3,748 (1 names) | unwired 34+32 [0 added / 0 updated]


===== 2026-09-01 20:34 (desk) =====
[pipeline_metrics] 2026-09-01: P1 wired 208/430 (48.4%), defects open 11 | P2 live | P3 stale packs 217/316, unclassified $3,748 (1 names) | unwired 34+32 [0 added / 0 updated]


===== 2026-09-01 22:30 (desk) =====
[pipeline_metrics] 2026-09-01: P1 wired 207/429 (48.3%), defects open 11 | P2 live | P3 stale packs 217/316, unclassified $3,748 (1 names) | unwired 34+32 [0 added / 1 updated]


===== 2026-09-01 23:34 (desk) =====
[pipeline_metrics] 2026-09-01: P1 wired 207/429 (48.3%), defects open 11 | P2 live | P3 stale packs 217/316, unclassified $3,748 (1 names) | unwired 34+32 [0 added / 1 updated]


===== 2026-09-02 01:33 (desk) =====
[pipeline_metrics] 2026-09-02: P1 wired 207/431 (48.0%), defects open 11 | P2 live | P3 stale packs 238/337, unclassified $3,748 (1 names) | unwired 34+32 [1 added / 0 updated]


===== 2026-09-02 03:34 (desk) =====
[pipeline_metrics] 2026-09-02: P1 wired 209/433 (48.3%), defects open 11 | P2 live | P3 stale packs 238/337, unclassified $3,748 (1 names) | unwired 34+32 [0 added / 1 updated]


===== 2026-09-02 05:33 (desk) =====
[pipeline_metrics] 2026-09-02: P1 wired 213/437 (48.7%), defects open 11 | P2 live | P3 stale packs 238/337, unclassified $3,748 (1 names) | unwired 34+32 [0 added / 1 updated]


===== 2026-09-02 07:34 (desk) =====
[pipeline_metrics] 2026-09-02: P1 wired 214/438 (48.9%), defects open 11 | P2 live | P3 stale packs 238/337, unclassified $3,748 (1 names) | unwired 34+32 [0 added / 1 updated]


===== 2026-09-02 09:34 (desk) =====
[pipeline_metrics] 2026-09-02: P1 wired 208/432 (48.1%), defects open 11 | P2 live | P3 stale packs 238/337, unclassified $6,091 (2 names) | unwired 34+32 [0 added / 1 updated]


===== 2026-09-02 11:34 (desk) =====
[pipeline_metrics] 2026-09-02: P1 wired 208/432 (48.1%), defects open 11 | P2 live | P3 stale packs 238/337, unclassified $6,091 (2 names) | unwired 34+32 [0 added / 0 updated]


===== 2026-09-02 13:34 (desk) =====
[pipeline_metrics] 2026-09-02: P1 wired 210/434 (48.4%), defects open 11 | P2 live | P3 stale packs 238/337, unclassified $6,091 (2 names) | unwired 34+32 [0 added / 1 updated]


===== 2026-09-02 15:34 (desk) =====
[pipeline_metrics] 2026-09-02: P1 wired 210/434 (48.4%), defects open 11 | P2 live | P3 stale packs 238/337, unclassified $6,091 (2 names) | unwired 34+32 [0 added / 0 updated]


===== 2026-09-02 17:34 (desk) =====
[pipeline_metrics] 2026-09-02: P1 wired 210/434 (48.4%), defects open 11 | P2 live | P3 stale packs 238/337, unclassified $6,091 (2 names) | unwired 34+32 [0 added / 0 updated]


===== 2026-09-02 19:35 (desk) =====
[pipeline_metrics] 2026-09-02: P1 wired 210/434 (48.4%), defects open 11 | P2 live | P3 stale packs 238/337, unclassified $6,091 (2 names) | unwired 34+32 [0 added / 0 updated]


===== 2026-09-02 21:34 (desk) =====
[pipeline_metrics] 2026-09-02: P1 wired 210/434 (48.4%), defects open 11 | P2 live | P3 stale packs 238/337, unclassified $6,091 (2 names) | unwired 34+32 [0 added / 0 updated]


===== 2026-09-02 23:34 (desk) =====
[pipeline_metrics] 2026-09-02: P1 wired 210/434 (48.4%), defects open 11 | P2 live | P3 stale packs 238/337, unclassified $6,091 (2 names) | unwired 34+32 [0 added / 1 updated]


===== 2026-09-03 01:33 (desk) =====
[pipeline_metrics] 2026-09-03: P1 wired 209/434 (48.2%), defects open 11 | P2 live | P3 stale packs 248/347, unclassified $6,091 (2 names) | unwired 34+32 [1 added / 0 updated]


===== 2026-09-03 03:33 (desk) =====
[pipeline_metrics] 2026-09-03: P1 wired 209/434 (48.2%), defects open 11 | P2 live | P3 stale packs 248/347, unclassified $6,091 (2 names) | unwired 34+32 [0 added / 0 updated]


===== 2026-09-03 05:33 (desk) =====
[pipeline_metrics] 2026-09-03: P1 wired 209/434 (48.2%), defects open 11 | P2 live | P3 stale packs 248/347, unclassified $6,091 (2 names) | unwired 34+32 [0 added / 1 updated]


===== 2026-09-03 07:34 (desk) =====
[pipeline_metrics] 2026-09-03: P1 wired 209/434 (48.2%), defects open 11 | P2 live | P3 stale packs 248/347, unclassified $6,091 (2 names) | unwired 34+32 [0 added / 1 updated]


===== 2026-09-03 09:34 (desk) =====
[pipeline_metrics] 2026-09-03: P1 wired 210/435 (48.3%), defects open 11 | P2 live | P3 stale packs 248/347, unclassified $6,091 (2 names) | unwired 34+32 [0 added / 1 updated]


===== 2026-09-03 11:34 (desk) =====
[pipeline_metrics] 2026-09-03: P1 wired 210/435 (48.3%), defects open 11 | P2 live | P3 stale packs 248/347, unclassified $6,091 (2 names) | unwired 34+32 [0 added / 1 updated]


===== 2026-09-03 13:34 (desk) =====
[pipeline_metrics] 2026-09-03: P1 wired 210/435 (48.3%), defects open 11 | P2 live | P3 stale packs 236/346, unclassified $6,091 (2 names) | unwired 34+32 [0 added / 1 updated]


===== 2026-09-03 15:34 (desk) =====
[pipeline_metrics] 2026-09-03: P1 wired 210/435 (48.3%), defects open 11 | P2 live | P3 stale packs 236/346, unclassified $6,091 (2 names) | unwired 34+32 [0 added / 1 updated]


===== 2026-09-03 17:34 (desk) =====
[pipeline_metrics] 2026-09-03: P1 wired 210/435 (48.3%), defects open 11 | P2 live | P3 stale packs 236/346, unclassified $6,091 (2 names) | unwired 34+32 [0 added / 0 updated]


===== 2026-09-03 19:34 (desk) =====
[pipeline_metrics] 2026-09-03: P1 wired 210/435 (48.3%), defects open 11 | P2 live | P3 stale packs 236/346, unclassified $6,091 (2 names) | unwired 34+32 [0 added / 0 updated]


===== 2026-09-03 21:34 (desk) =====
[pipeline_metrics] 2026-09-03: P1 wired 213/438 (48.6%), defects open 11 | P2 live | P3 stale packs 236/346, unclassified $6,091 (2 names) | unwired 34+32 [0 added / 1 updated]


===== 2026-09-03 23:34 (desk) =====
[pipeline_metrics] 2026-09-03: P1 wired 219/444 (49.3%), defects open 11 | P2 live | P3 stale packs 236/346, unclassified $6,091 (2 names) | unwired 34+32 [0 added / 1 updated]


===== 2026-09-04 01:34 (desk) =====
[pipeline_metrics] 2026-09-04: P1 wired 223/450 (49.6%), defects open 11 | P2 live | P3 stale packs 245/355, unclassified $6,091 (2 names) | unwired 34+32 [1 added / 0 updated]


===== 2026-09-04 03:33 (desk) =====
[pipeline_metrics] 2026-09-04: P1 wired 223/450 (49.6%), defects open 11 | P2 live | P3 stale packs 245/355, unclassified $6,091 (2 names) | unwired 34+32 [0 added / 0 updated]


===== 2026-09-04 05:33 (desk) =====
[pipeline_metrics] 2026-09-04: P1 wired 223/450 (49.6%), defects open 11 | P2 live | P3 stale packs 245/355, unclassified $6,091 (2 names) | unwired 34+32 [0 added / 0 updated]


===== 2026-09-04 07:34 (desk) =====
[pipeline_metrics] 2026-09-04: P1 wired 225/452 (49.8%), defects open 11 | P2 live | P3 stale packs 245/355, unclassified $10,137 (3 names) | unwired 34+32 [0 added / 1 updated]


===== 2026-09-04 09:34 (desk) =====
[pipeline_metrics] 2026-09-04: P1 wired 226/453 (49.9%), defects open 11 | P2 live | P3 stale packs 245/355, unclassified $10,137 (3 names) | unwired 34+32 [0 added / 1 updated]


===== 2026-09-04 11:34 (desk) =====
[pipeline_metrics] 2026-09-04: P1 wired 226/453 (49.9%), defects open 11 | P2 live | P3 stale packs 245/355, unclassified $10,137 (3 names) | unwired 34+32 [0 added / 0 updated]


===== 2026-09-04 13:35 (desk) =====
[pipeline_metrics] 2026-09-04: P1 wired 223/450 (49.6%), defects open 11 | P2 live | P3 stale packs 245/355, unclassified $10,137 (3 names) | unwired 34+32 [0 added / 1 updated]


===== 2026-09-04 15:34 (desk) =====
[pipeline_metrics] 2026-09-04: P1 wired 225/451 (49.9%), defects open 11 | P2 live | P3 stale packs 245/355, unclassified $16,010 (5 names) | unwired 34+32 [0 added / 1 updated]


===== 2026-09-04 17:34 (desk) =====
[pipeline_metrics] 2026-09-04: P1 wired 225/451 (49.9%), defects open 11 | P2 live | P3 stale packs 245/355, unclassified $16,010 (5 names) | unwired 34+32 [0 added / 0 updated]


===== 2026-09-04 19:34 (desk) =====
[pipeline_metrics] 2026-09-04: P1 wired 225/451 (49.9%), defects open 11 | P2 live | P3 stale packs 245/355, unclassified $16,010 (5 names) | unwired 34+32 [0 added / 0 updated]


===== 2026-09-04 21:34 (desk) =====
[pipeline_metrics] 2026-09-04: P1 wired 225/451 (49.9%), defects open 11 | P2 live | P3 stale packs 245/355, unclassified $16,010 (5 names) | unwired 34+32 [0 added / 0 updated]


===== 2026-09-04 23:34 (desk) =====
[pipeline_metrics] 2026-09-04: P1 wired 225/451 (49.9%), defects open 11 | P2 live | P3 stale packs 245/355, unclassified $16,010 (5 names) | unwired 34+32 [0 added / 0 updated]


===== 2026-09-07 00:34 (desk) =====
[pipeline_metrics] 2026-09-07: P1 wired 225/451 (49.9%), defects open 11 | P2 live | P3 stale packs 251/361, unclassified $16,010 (5 names) | unwired 34+32 [1 added / 0 updated]


===== 2026-09-07 02:33 (desk) =====
[pipeline_metrics] 2026-09-07: P1 wired 226/452 (50.0%), defects open 11 | P2 live | P3 stale packs 251/361, unclassified $16,010 (5 names) | unwired 34+32 [0 added / 1 updated]


===== 2026-09-07 04:33 (desk) =====
[pipeline_metrics] 2026-09-07: P1 wired 227/453 (50.1%), defects open 11 | P2 live | P3 stale packs 251/361, unclassified $16,010 (5 names) | unwired 34+32 [0 added / 1 updated]


===== 2026-09-07 06:34 (desk) =====
[pipeline_metrics] 2026-09-07: P1 wired 227/453 (50.1%), defects open 11 | P2 live | P3 stale packs 251/361, unclassified $16,010 (5 names) | unwired 34+32 [0 added / 1 updated]


===== 2026-09-07 08:35 (desk) =====
[pipeline_metrics] 2026-09-07: P1 wired 229/455 (50.3%), defects open 11 | P2 live | P3 stale packs 251/361, unclassified $16,010 (5 names) | unwired 34+32 [0 added / 1 updated]


===== 2026-09-07 10:34 (desk) =====
[pipeline_metrics] 2026-09-07: P1 wired 229/455 (50.3%), defects open 11 | P2 live | P3 stale packs 251/361, unclassified $16,010 (5 names) | unwired 34+32 [0 added / 0 updated]


===== 2026-09-07 12:34 (desk) =====
[pipeline_metrics] 2026-09-07: P1 wired 229/455 (50.3%), defects open 11 | P2 live | P3 stale packs 251/361, unclassified $16,010 (5 names) | unwired 34+32 [0 added / 0 updated]


===== 2026-09-07 14:34 (desk) =====
[pipeline_metrics] 2026-09-07: P1 wired 229/455 (50.3%), defects open 11 | P2 live | P3 stale packs 251/361, unclassified $16,010 (5 names) | unwired 34+32 [0 added / 1 updated]


===== 2026-09-07 16:34 (desk) =====
[pipeline_metrics] 2026-09-07: P1 wired 229/455 (50.3%), defects open 11 | P2 live | P3 stale packs 251/361, unclassified $16,010 (5 names) | unwired 34+32 [0 added / 0 updated]


===== 2026-09-07 18:34 (desk) =====
[pipeline_metrics] 2026-09-07: P1 wired 229/455 (50.3%), defects open 11 | P2 live | P3 stale packs 251/361, unclassified $16,010 (5 names) | unwired 34+32 [0 added / 0 updated]


===== 2026-09-07 20:34 (desk) =====
[pipeline_metrics] 2026-09-07: P1 wired 229/455 (50.3%), defects open 11 | P2 live | P3 stale packs 251/361, unclassified $16,010 (5 names) | unwired 34+32 [0 added / 0 updated]


===== 2026-09-07 22:34 (desk) =====
[pipeline_metrics] 2026-09-07: P1 wired 229/455 (50.3%), defects open 11 | P2 live | P3 stale packs 251/361, unclassified $16,010 (5 names) | unwired 34+32 [0 added / 1 updated]


===== 2026-09-11 00:33 (desk) =====
[pipeline_metrics] 2026-09-11: P1 wired 247/474 (52.1%), defects open 11 | P2 live | P3 stale packs 229/392, unclassified $19,721 (6 names) | unwired 34+32 [1 added / 0 updated]


===== 2026-09-11 02:34 (desk) =====
[pipeline_metrics] 2026-09-11: P1 wired 247/474 (52.1%), defects open 11 | P2 live | P3 stale packs 229/392, unclassified $19,721 (6 names) | unwired 34+32 [0 added / 1 updated]


===== 2026-09-11 04:34 (desk) =====
[pipeline_metrics] 2026-09-11: P1 wired 250/477 (52.4%), defects open 11 | P2 live | P3 stale packs 229/392, unclassified $19,721 (6 names) | unwired 34+32 [0 added / 1 updated]


===== 2026-09-11 06:34 (desk) =====
[pipeline_metrics] 2026-09-11: P1 wired 255/482 (52.9%), defects open 11 | P2 live | P3 stale packs 230/393, unclassified $19,721 (6 names) | unwired 34+32 [0 added / 1 updated]


===== 2026-09-11 08:35 (desk) =====
[pipeline_metrics] 2026-09-11: P1 wired 255/482 (52.9%), defects open 11 | P2 live | P3 stale packs 230/393, unclassified $19,721 (6 names) | unwired 33+32 [0 added / 1 updated]


===== 2026-09-11 10:35 (desk) =====
[pipeline_metrics] 2026-09-11: P1 wired 257/483 (53.2%), defects open 11 | P2 live | P3 stale packs 230/393, unclassified $19,721 (6 names) | unwired 33+31 [0 added / 1 updated]


===== 2026-09-11 12:35 (desk) =====
[pipeline_metrics] 2026-09-11: P1 wired 266/492 (54.1%), defects open 11 | P2 live | P3 stale packs 230/393, unclassified $19,721 (6 names) | unwired 33+31 [0 added / 1 updated]


===== 2026-09-11 14:34 (desk) =====
[pipeline_metrics] 2026-09-11: P1 wired 269/494 (54.5%), defects open 11 | P2 live | P3 stale packs 230/393, unclassified $19,721 (6 names) | unwired 33+31 [0 added / 1 updated]


===== 2026-09-11 16:34 (desk) =====
[pipeline_metrics] 2026-09-11: P1 wired 269/494 (54.5%), defects open 11 | P2 live | P3 stale packs 230/393, unclassified $19,721 (6 names) | unwired 33+31 [0 added / 1 updated]


===== 2026-09-11 18:34 (desk) =====
[pipeline_metrics] 2026-09-11: P1 wired 269/494 (54.5%), defects open 11 | P2 live | P3 stale packs 230/393, unclassified $19,721 (6 names) | unwired 33+31 [0 added / 0 updated]


===== 2026-09-11 20:34 (desk) =====
[pipeline_metrics] 2026-09-11: P1 wired 269/494 (54.5%), defects open 11 | P2 live | P3 stale packs 230/393, unclassified $19,721 (6 names) | unwired 33+31 [0 added / 0 updated]


===== 2026-09-11 22:34 (desk) =====
[pipeline_metrics] 2026-09-11: P1 wired 269/494 (54.5%), defects open 11 | P2 live | P3 stale packs 230/393, unclassified $19,721 (6 names) | unwired 33+31 [0 added / 0 updated]

