
===== 2026-08-06 10:40 (desk) =====
[pipeline_monitor] immediate: 21 new breach(es) emailed


===== 2026-08-06 12:35 (desk) =====
[pipeline_monitor] immediate: 0 new breach(es) 


===== 2026-08-06 14:35 (desk) =====
[pipeline_monitor] immediate: 43 new breach(es) emailed


===== 2026-08-06 16:34 (desk) =====
[pipeline_monitor] immediate: 0 new breach(es) 


===== 2026-08-06 18:34 (desk) =====
[pipeline_monitor] immediate: 0 new breach(es) 


===== 2026-08-06 20:34 (desk) =====
[pipeline_monitor] immediate: 0 new breach(es) 


===== 2026-08-06 22:34 (desk) =====
[pipeline_monitor] immediate: 0 new breach(es) 


===== 2026-08-07 00:35 (desk) =====
[pipeline_monitor] immediate: 4 new breach(es) emailed


===== 2026-08-07 02:34 (desk) =====
[pipeline_monitor] immediate: 12 new breach(es) emailed


===== 2026-08-07 04:34 (desk) =====
[pipeline_monitor] immediate: 0 new breach(es) 


===== 2026-08-07 06:35 (desk) =====
[pipeline_monitor] immediate: 0 new breach(es) 


===== 2026-08-07 08:35 (desk) =====
[pipeline_monitor] immediate: 0 new breach(es) 


===== 2026-08-07 10:36 (desk) =====
[pipeline_monitor] immediate: 0 new breach(es) 


===== 2026-08-07 12:35 (desk) =====
[pipeline_monitor] immediate: 21 new breach(es) emailed


===== 2026-08-07 20:36 (desk) =====
[pipeline_monitor] immediate: 6 new breach(es) emailed


===== 2026-08-10 00:35 (desk) =====
[pipeline_monitor] immediate: 75 new breach(es) emailed
[pipeline_monitor] digest sent


===== 2026-08-10 02:34 (desk) =====
[pipeline_monitor] immediate: 0 new breach(es) 


===== 2026-08-10 11:35 (desk) =====
[pipeline_monitor] immediate: 1 new breach(es) emailed


===== 2026-08-10 13:34 (desk) =====
[pipeline_monitor] immediate: 0 new breach(es) 


===== 2026-08-10 15:34 (desk) =====
[pipeline_monitor] immediate: 1 new breach(es) emailed


===== 2026-08-10 17:34 (desk) =====
[pipeline_monitor] immediate: 9 new breach(es) emailed

/Users/ajay/Library/Python/3.9/lib/python/site-packages/urllib3/__init__.py:35: NotOpenSSLWarning: urllib3 v2 only supports OpenSSL 1.1.1+, currently the 'ssl' module is compiled with 'LibreSSL 2.8.3'. See: https://github.com/urllib3/urllib3/issues/3020
  warnings.warn(
ETL: No earnings dates found, symbol may be delisted
HTTP Error 404: {"quoteSummary":{"result":null,"error":{"code":"Not Found","description":"No fundamentals data found for symbol: ETL"}}}

===== 2026-08-10 19:34 (desk) =====
[pipeline_monitor] immediate: 3 new breach(es) emailed


===== 2026-08-10 21:35 (desk) =====
[pipeline_monitor] immediate: 0 new breach(es) 


===== 2026-08-10 23:34 (desk) =====
[pipeline_monitor] immediate: 2 new breach(es) emailed


===== 2026-08-11 01:34 (desk) =====
[pipeline_monitor] immediate: 64 new breach(es) emailed

/Users/ajay/Library/Python/3.9/lib/python/site-packages/urllib3/__init__.py:35: NotOpenSSLWarning: urllib3 v2 only supports OpenSSL 1.1.1+, currently the 'ssl' module is compiled with 'LibreSSL 2.8.3'. See: https://github.com/urllib3/urllib3/issues/3020
  warnings.warn(

===== 2026-08-11 03:30 (desk) =====
[pipeline_monitor] immediate: 0 new breach(es) 


===== 2026-08-11 04:30 (desk) =====
[pipeline_monitor] immediate: 0 new breach(es) 


===== 2026-08-11 05:30 (desk) =====
[pipeline_monitor] immediate: 0 new breach(es) 


===== 2026-08-11 06:33 (desk) =====
[pipeline_monitor] immediate: 1 new breach(es) emailed


===== 2026-08-11 08:39 (desk) =====
[pipeline_monitor] immediate: 0 new breach(es) 


===== 2026-08-11 12:33 (desk) =====
[pipeline_monitor] immediate: 8 new breach(es) emailed


===== 2026-08-11 14:33 (desk) =====
[pipeline_monitor] immediate: 1 new breach(es) emailed


===== 2026-08-11 16:34 (desk) =====
[pipeline_monitor] immediate: 5 new breach(es) emailed


===== 2026-08-11 18:33 (desk) =====
[pipeline_monitor] immediate: 26 new breach(es) emailed


===== 2026-08-11 20:33 (desk) =====
[pipeline_monitor] immediate: 4 new breach(es) emailed


===== 2026-08-11 22:34 (desk) =====
[pipeline_monitor] immediate: 0 new breach(es) 


===== 2026-08-12 07:38 (desk) =====
[pipeline_monitor] immediate: 58 new breach(es) emailed

/Users/ajay/Library/Python/3.9/lib/python/site-packages/urllib3/__init__.py:35: NotOpenSSLWarning: urllib3 v2 only supports OpenSSL 1.1.1+, currently the 'ssl' module is compiled with 'LibreSSL 2.8.3'. See: https://github.com/urllib3/urllib3/issues/3020
  warnings.warn(
7722: No earnings dates found, symbol may be delisted
HTTP Error 404: {"quoteSummary":{"result":null,"error":{"code":"Not Found","description":"Quote not found for symbol: 7722"}}}
OXLCZ: No earnings dates found, symbol may be delisted

===== 2026-08-12 09:33 (desk) =====
[pipeline_monitor] immediate: 0 new breach(es) 


===== 2026-08-12 11:33 (desk) =====
[pipeline_monitor] immediate: 0 new breach(es) 


===== 2026-08-12 13:33 (desk) =====
[pipeline_monitor] immediate: 8 new breach(es) emailed


===== 2026-08-12 15:33 (desk) =====
[pipeline_monitor] immediate: 1 new breach(es) emailed


===== 2026-08-12 17:33 (desk) =====
[pipeline_monitor] immediate: 7 new breach(es) emailed


===== 2026-08-12 19:32 (desk) =====
[pipeline_monitor] immediate: 26 new breach(es) emailed


===== 2026-08-12 21:33 (desk) =====
[pipeline_monitor] immediate: 4 new breach(es) emailed


===== 2026-08-12 23:35 (desk) =====
[pipeline_monitor] immediate: 0 new breach(es) 


===== 2026-08-13 03:02 (desk) =====
[pipeline_monitor] immediate: 1 new breach(es) emailed


===== 2026-08-13 08:47 (desk) =====
[pipeline_monitor] immediate: 47 new breach(es) emailed


===== 2026-08-13 10:42 (desk) =====
[pipeline_monitor] immediate: 0 new breach(es) 


===== 2026-08-13 19:34 (desk) =====
[pipeline_monitor] immediate: 31 new breach(es) emailed


===== 2026-08-13 22:12 (desk) =====
[pipeline_monitor] immediate: 4 new breach(es) emailed


===== 2026-08-14 00:31 (desk) =====
[pipeline_monitor] immediate: 1 new breach(es) emailed


===== 2026-08-14 02:33 (desk) =====
[pipeline_monitor] immediate: 0 new breach(es) 


===== 2026-08-14 04:33 (desk) =====
[pipeline_monitor] immediate: 1 new breach(es) emailed


===== 2026-08-14 06:33 (desk) =====
[pipeline_monitor] immediate: 0 new breach(es) 


===== 2026-08-14 08:34 (desk) =====
[pipeline_monitor] immediate: 0 new breach(es) 


===== 2026-08-14 09:40 (desk) =====
[pipeline_monitor] immediate: 45 new breach(es) emailed


===== 2026-08-14 12:43 (desk) =====
[pipeline_monitor] immediate: 1 new breach(es) emailed


===== 2026-08-17 08:40 (desk) =====
[pipeline_monitor] immediate: 108 new breach(es) emailed
[pipeline_monitor] digest sent

/Users/ajay/Library/Python/3.9/lib/python/site-packages/urllib3/__init__.py:35: NotOpenSSLWarning: urllib3 v2 only supports OpenSSL 1.1.1+, currently the 'ssl' module is compiled with 'LibreSSL 2.8.3'. See: https://github.com/urllib3/urllib3/issues/3020
  warnings.warn(
ETL: No earnings dates found, symbol may be delisted
HTTP Error 404: {"quoteSummary":{"result":null,"error":{"code":"Not Found","description":"No fundamentals data found for symbol: ETL"}}}

===== 2026-08-17 10:40 (desk) =====
[pipeline_monitor] immediate: 6 new breach(es) emailed

/Users/ajay/Library/Python/3.9/lib/python/site-packages/urllib3/__init__.py:35: NotOpenSSLWarning: urllib3 v2 only supports OpenSSL 1.1.1+, currently the 'ssl' module is compiled with 'LibreSSL 2.8.3'. See: https://github.com/urllib3/urllib3/issues/3020
  warnings.warn(
PHYS: No earnings dates found, symbol may be delisted

===== 2026-08-17 12:37 (desk) =====
[pipeline_monitor] immediate: 0 new breach(es) 


===== 2026-08-17 14:38 (desk) =====
[pipeline_monitor] immediate: 2 new breach(es) emailed


===== 2026-08-17 16:38 (desk) =====
[pipeline_monitor] immediate: 1 new breach(es) emailed


===== 2026-08-17 18:37 (desk) =====
[pipeline_monitor] immediate: 10 new breach(es) emailed


===== 2026-08-17 20:37 (desk) =====
[pipeline_monitor] immediate: 3 new breach(es) emailed


===== 2026-08-17 22:40 (desk) =====
[pipeline_monitor] immediate: 3 new breach(es) emailed


===== 2026-08-18 00:34 (desk) =====
[pipeline_monitor] immediate: 1 new breach(es) emailed

/Users/ajay/Library/Python/3.9/lib/python/site-packages/urllib3/__init__.py:35: NotOpenSSLWarning: urllib3 v2 only supports OpenSSL 1.1.1+, currently the 'ssl' module is compiled with 'LibreSSL 2.8.3'. See: https://github.com/urllib3/urllib3/issues/3020
  warnings.warn(

===== 2026-08-18 02:35 (desk) =====
[pipeline_monitor] immediate: 0 new breach(es) 


===== 2026-08-18 04:35 (desk) =====
[pipeline_monitor] immediate: 1 new breach(es) emailed


===== 2026-08-18 06:36 (desk) =====
[pipeline_monitor] immediate: 1 new breach(es) emailed


===== 2026-08-18 08:36 (desk) =====
[pipeline_monitor] immediate: 0 new breach(es) 


===== 2026-08-18 10:37 (desk) =====
[pipeline_monitor] immediate: 90 new breach(es) emailed


===== 2026-08-18 12:36 (desk) =====
[pipeline_monitor] immediate: 5 new breach(es) emailed


===== 2026-08-18 14:36 (desk) =====
[pipeline_monitor] immediate: 0 new breach(es) 


===== 2026-08-18 16:37 (desk) =====
[pipeline_monitor] immediate: 1 new breach(es) emailed


===== 2026-08-18 18:35 (desk) =====
[pipeline_monitor] immediate: 5 new breach(es) emailed


===== 2026-08-18 20:35 (desk) =====
[pipeline_monitor] immediate: 6 new breach(es) emailed


===== 2026-08-18 22:35 (desk) =====
[pipeline_monitor] immediate: 2 new breach(es) emailed


===== 2026-08-19 00:31 (desk) =====
[pipeline_monitor] immediate: 3 new breach(es) emailed

/Users/ajay/Library/Python/3.9/lib/python/site-packages/urllib3/__init__.py:35: NotOpenSSLWarning: urllib3 v2 only supports OpenSSL 1.1.1+, currently the 'ssl' module is compiled with 'LibreSSL 2.8.3'. See: https://github.com/urllib3/urllib3/issues/3020
  warnings.warn(
OXLCZ: No earnings dates found, symbol may be delisted

===== 2026-08-19 02:30 (desk) =====
[pipeline_monitor] immediate: 0 new breach(es) 


===== 2026-08-19 03:34 (desk) =====
[pipeline_monitor] immediate: 0 new breach(es) 


===== 2026-08-19 05:34 (desk) =====
[pipeline_monitor] immediate: 1 new breach(es) emailed


===== 2026-08-19 07:35 (desk) =====
[pipeline_monitor] immediate: 1 new breach(es) emailed


===== 2026-08-19 09:35 (desk) =====
[pipeline_monitor] immediate: 0 new breach(es) 


===== 2026-08-19 11:35 (desk) =====
[pipeline_monitor] immediate: 73 new breach(es) emailed


===== 2026-08-19 13:36 (desk) =====
[pipeline_monitor] immediate: 4 new breach(es) emailed


===== 2026-08-19 15:36 (desk) =====
[pipeline_monitor] immediate: 0 new breach(es) 


===== 2026-08-19 17:35 (desk) =====
[pipeline_monitor] immediate: 1 new breach(es) emailed

/Users/ajay/Library/Python/3.9/lib/python/site-packages/urllib3/__init__.py:35: NotOpenSSLWarning: urllib3 v2 only supports OpenSSL 1.1.1+, currently the 'ssl' module is compiled with 'LibreSSL 2.8.3'. See: https://github.com/urllib3/urllib3/issues/3020
  warnings.warn(

===== 2026-08-19 19:35 (desk) =====
[pipeline_monitor] immediate: 5 new breach(es) emailed


===== 2026-08-19 21:40 (desk) =====
[pipeline_monitor] immediate: 5 new breach(es) emailed


===== 2026-08-19 23:35 (desk) =====
[pipeline_monitor] immediate: 1 new breach(es) emailed


===== 2026-08-20 01:34 (desk) =====
[pipeline_monitor] immediate: 5 new breach(es) emailed

/Users/ajay/Library/Python/3.9/lib/python/site-packages/urllib3/__init__.py:35: NotOpenSSLWarning: urllib3 v2 only supports OpenSSL 1.1.1+, currently the 'ssl' module is compiled with 'LibreSSL 2.8.3'. See: https://github.com/urllib3/urllib3/issues/3020
  warnings.warn(
7235: No earnings dates found, symbol may be delisted
1904: No earnings dates found, symbol may be delisted

===== 2026-08-20 03:35 (desk) =====
[pipeline_monitor] immediate: 0 new breach(es) 


===== 2026-08-20 05:34 (desk) =====
[pipeline_monitor] immediate: 1 new breach(es) emailed


===== 2026-08-20 07:36 (desk) =====
[pipeline_monitor] immediate: 1 new breach(es) emailed


===== 2026-08-20 09:36 (desk) =====
[pipeline_monitor] immediate: 0 new breach(es) 


===== 2026-08-20 11:39 (desk) =====
[pipeline_monitor] immediate: 69 new breach(es) emailed

/Users/ajay/Library/Python/3.9/lib/python/site-packages/urllib3/__init__.py:35: NotOpenSSLWarning: urllib3 v2 only supports OpenSSL 1.1.1+, currently the 'ssl' module is compiled with 'LibreSSL 2.8.3'. See: https://github.com/urllib3/urllib3/issues/3020
  warnings.warn(
CARD: No earnings dates found, symbol may be delisted
058850: No earnings dates found, symbol may be delisted
HTTP Error 404: {"quoteSummary":{"result":null,"error":{"code":"Not Found","description":"Quote not found for symbol: 058850"}}}
HTTP Error 404: {"quoteSummary":{"result":null,"error":{"code":"Not Found","description":"No fundamentals data found for symbol: CARD"}}}
HTTP Error 404: {"quoteSummary":{"result":null,"error":{"code":"Not Found","description":"Quote not found for symbol: GMS"}}}

===== 2026-08-20 13:35 (desk) =====
[pipeline_monitor] immediate: 0 new breach(es) 


===== 2026-08-20 15:35 (desk) =====
[pipeline_monitor] immediate: 4 new breach(es) emailed

/Users/ajay/Library/Python/3.9/lib/python/site-packages/urllib3/__init__.py:35: NotOpenSSLWarning: urllib3 v2 only supports OpenSSL 1.1.1+, currently the 'ssl' module is compiled with 'LibreSSL 2.8.3'. See: https://github.com/urllib3/urllib3/issues/3020
  warnings.warn(

===== 2026-08-20 17:35 (desk) =====
[pipeline_monitor] immediate: 1 new breach(es) emailed

/Users/ajay/Library/Python/3.9/lib/python/site-packages/urllib3/__init__.py:35: NotOpenSSLWarning: urllib3 v2 only supports OpenSSL 1.1.1+, currently the 'ssl' module is compiled with 'LibreSSL 2.8.3'. See: https://github.com/urllib3/urllib3/issues/3020
  warnings.warn(
7254: No earnings dates found, symbol may be delisted
8135: No earnings dates found, symbol may be delisted
7239: No earnings dates found, symbol may be delisted
5697: No earnings dates found, symbol may be delisted
2819: No earnings dates found, symbol may be delisted
6286: No earnings dates found, symbol may be delisted

===== 2026-08-20 19:35 (desk) =====
[pipeline_monitor] immediate: 9 new breach(es) emailed


===== 2026-08-20 21:35 (desk) =====
[pipeline_monitor] immediate: 11 new breach(es) emailed


===== 2026-08-20 23:34 (desk) =====
[pipeline_monitor] immediate: 1 new breach(es) emailed


===== 2026-08-21 01:34 (desk) =====
[pipeline_monitor] immediate: 6 new breach(es) emailed

/Users/ajay/Library/Python/3.9/lib/python/site-packages/urllib3/__init__.py:35: NotOpenSSLWarning: urllib3 v2 only supports OpenSSL 1.1.1+, currently the 'ssl' module is compiled with 'LibreSSL 2.8.3'. See: https://github.com/urllib3/urllib3/issues/3020
  warnings.warn(
6932: No earnings dates found, symbol may be delisted
FUTR: No earnings dates found, symbol may be delisted
KALMAR: No earnings dates found, symbol may be delisted
SFPI: No earnings dates found, symbol may be delisted
SPR.L: No earnings dates found, symbol may be delisted
STERV: No earnings dates found, symbol may be delisted
TFW.L: No earnings dates found, symbol may be delisted
TW.: No earnings dates found, symbol may be delisted
VRLA: No earnings dates found, symbol may be delisted

===== 2026-08-21 03:34 (desk) =====
[pipeline_monitor] immediate: 1 new breach(es) emailed


===== 2026-08-21 05:34 (desk) =====
[pipeline_monitor] immediate: 1 new breach(es) emailed


===== 2026-08-21 07:35 (desk) =====
[pipeline_monitor] immediate: 3 new breach(es) emailed


===== 2026-08-21 09:35 (desk) =====
[pipeline_monitor] immediate: 1 new breach(es) emailed


===== 2026-08-21 11:35 (desk) =====
[pipeline_monitor] immediate: 2 new breach(es) emailed


===== 2026-08-21 13:35 (desk) =====
[pipeline_monitor] immediate: 59 new breach(es) emailed


===== 2026-08-21 15:36 (desk) =====
[pipeline_monitor] immediate: 4 new breach(es) emailed


===== 2026-08-21 17:34 (desk) =====
[pipeline_monitor] immediate: 3 new breach(es) emailed


===== 2026-08-21 19:35 (desk) =====
[pipeline_monitor] immediate: 6 new breach(es) emailed


===== 2026-08-21 21:35 (desk) =====
[pipeline_monitor] immediate: 5 new breach(es) emailed


===== 2026-08-21 23:34 (desk) =====
[pipeline_monitor] immediate: 1 new breach(es) emailed


===== 2026-08-24 01:39 (desk) =====
[pipeline_monitor] immediate: 109 new breach(es) emailed
[pipeline_monitor] digest sent

/Users/ajay/Library/Python/3.9/lib/python/site-packages/urllib3/__init__.py:35: NotOpenSSLWarning: urllib3 v2 only supports OpenSSL 1.1.1+, currently the 'ssl' module is compiled with 'LibreSSL 2.8.3'. See: https://github.com/urllib3/urllib3/issues/3020
  warnings.warn(
ETL: No earnings dates found, symbol may be delisted
HTTP Error 404: {"quoteSummary":{"result":null,"error":{"code":"Not Found","description":"No fundamentals data found for symbol: ETL"}}}
PHYS: No earnings dates found, symbol may be delisted

===== 2026-08-24 03:34 (desk) =====
[pipeline_monitor] immediate: 0 new breach(es) 


===== 2026-08-24 05:34 (desk) =====
[pipeline_monitor] immediate: 0 new breach(es) 


===== 2026-08-24 07:35 (desk) =====
[pipeline_monitor] immediate: 0 new breach(es) 


===== 2026-08-24 09:35 (desk) =====
[pipeline_monitor] immediate: 1 new breach(es) emailed


===== 2026-08-24 11:35 (desk) =====
[pipeline_monitor] immediate: 0 new breach(es) 


===== 2026-08-24 13:38 (desk) =====
[pipeline_monitor] immediate: 0 new breach(es) 

/Users/ajay/Library/Python/3.9/lib/python/site-packages/urllib3/__init__.py:35: NotOpenSSLWarning: urllib3 v2 only supports OpenSSL 1.1.1+, currently the 'ssl' module is compiled with 'LibreSSL 2.8.3'. See: https://github.com/urllib3/urllib3/issues/3020
  warnings.warn(

===== 2026-08-24 15:35 (desk) =====
[pipeline_monitor] immediate: 0 new breach(es) 


===== 2026-08-24 17:40 (desk) =====
[pipeline_monitor] immediate: 6 new breach(es) emailed

/Users/ajay/Library/Python/3.9/lib/python/site-packages/urllib3/__init__.py:35: NotOpenSSLWarning: urllib3 v2 only supports OpenSSL 1.1.1+, currently the 'ssl' module is compiled with 'LibreSSL 2.8.3'. See: https://github.com/urllib3/urllib3/issues/3020
  warnings.warn(
4625: No earnings dates found, symbol may be delisted
HTTP Error 404: {"quoteSummary":{"result":null,"error":{"code":"Not Found","description":"Quote not found for symbol: 4625"}}}

===== 2026-08-24 19:40 (desk) =====
[pipeline_monitor] immediate: 1 new breach(es) emailed


===== 2026-08-24 21:40 (desk) =====
[pipeline_monitor] immediate: 3 new breach(es) emailed


===== 2026-08-24 23:40 (desk) =====
[pipeline_monitor] immediate: 0 new breach(es) 

/Users/ajay/Library/Python/3.9/lib/python/site-packages/urllib3/__init__.py:35: NotOpenSSLWarning: urllib3 v2 only supports OpenSSL 1.1.1+, currently the 'ssl' module is compiled with 'LibreSSL 2.8.3'. See: https://github.com/urllib3/urllib3/issues/3020
  warnings.warn(
6229: No earnings dates found, symbol may be delisted
6804: No earnings dates found, symbol may be delisted
HTTP Error 404: {"quoteSummary":{"result":null,"error":{"code":"Not Found","description":"No fundamentals data found for symbol: 6804"}}}

===== 2026-08-25 01:40 (desk) =====
[pipeline_monitor] immediate: 106 new breach(es) emailed

/Users/ajay/Library/Python/3.9/lib/python/site-packages/urllib3/__init__.py:35: NotOpenSSLWarning: urllib3 v2 only supports OpenSSL 1.1.1+, currently the 'ssl' module is compiled with 'LibreSSL 2.8.3'. See: https://github.com/urllib3/urllib3/issues/3020
  warnings.warn(

===== 2026-08-25 03:40 (desk) =====
[pipeline_monitor] immediate: 0 new breach(es) 


===== 2026-08-25 05:40 (desk) =====
[pipeline_monitor] immediate: 0 new breach(es) 


===== 2026-08-25 07:40 (desk) =====
[pipeline_monitor] immediate: 2 new breach(es) emailed


===== 2026-08-25 09:40 (desk) =====
[pipeline_monitor] immediate: 0 new breach(es) 


===== 2026-08-25 11:40 (desk) =====
[pipeline_monitor] immediate: 0 new breach(es) 

/Users/ajay/Library/Python/3.9/lib/python/site-packages/urllib3/__init__.py:35: NotOpenSSLWarning: urllib3 v2 only supports OpenSSL 1.1.1+, currently the 'ssl' module is compiled with 'LibreSSL 2.8.3'. See: https://github.com/urllib3/urllib3/issues/3020
  warnings.warn(

===== 2026-08-25 13:40 (desk) =====
[pipeline_monitor] immediate: 0 new breach(es) 


===== 2026-08-25 15:40 (desk) =====
[pipeline_monitor] immediate: 0 new breach(es) 


===== 2026-08-25 17:40 (desk) =====
[pipeline_monitor] immediate: 23 new breach(es) emailed


===== 2026-08-25 19:40 (desk) =====
[pipeline_monitor] immediate: 0 new breach(es) 


===== 2026-08-25 21:37 (desk) =====
[pipeline_monitor] immediate: 0 new breach(es) 


===== 2026-08-25 23:37 (desk) =====
[pipeline_monitor] immediate: 3 new breach(es) emailed


===== 2026-08-26 01:37 (desk) =====
[pipeline_monitor] immediate: 2 new breach(es) emailed

/Users/ajay/Library/Python/3.9/lib/python/site-packages/urllib3/__init__.py:35: NotOpenSSLWarning: urllib3 v2 only supports OpenSSL 1.1.1+, currently the 'ssl' module is compiled with 'LibreSSL 2.8.3'. See: https://github.com/urllib3/urllib3/issues/3020
  warnings.warn(
7722: No earnings dates found, symbol may be delisted
HTTP Error 404: {"quoteSummary":{"result":null,"error":{"code":"Not Found","description":"Quote not found for symbol: 7722"}}}
OXLCZ: No earnings dates found, symbol may be delisted

===== 2026-08-26 03:40 (desk) =====
[pipeline_monitor] immediate: 100 new breach(es) emailed


===== 2026-08-26 05:37 (desk) =====
[pipeline_monitor] immediate: 0 new breach(es) 


===== 2026-08-26 07:37 (desk) =====
[pipeline_monitor] immediate: 0 new breach(es) 


===== 2026-08-26 09:37 (desk) =====
[pipeline_monitor] immediate: 1 new breach(es) emailed


===== 2026-08-26 11:37 (desk) =====
[pipeline_monitor] immediate: 0 new breach(es) 


===== 2026-08-26 13:37 (desk) =====
[pipeline_monitor] immediate: 4 new breach(es) emailed


===== 2026-08-26 15:37 (desk) =====
[pipeline_monitor] immediate: 0 new breach(es) 


===== 2026-08-26 17:37 (desk) =====
[pipeline_monitor] immediate: 0 new breach(es) 


===== 2026-08-26 19:37 (desk) =====
[pipeline_monitor] immediate: 23 new breach(es) emailed


===== 2026-08-26 21:37 (desk) =====
[pipeline_monitor] immediate: 0 new breach(es) 


===== 2026-08-26 23:37 (desk) =====
[pipeline_monitor] immediate: 0 new breach(es) 


===== 2026-08-27 01:39 (desk) =====
[pipeline_monitor] immediate: 5 new breach(es) emailed


===== 2026-08-27 03:39 (desk) =====
[pipeline_monitor] immediate: 0 new breach(es) 


===== 2026-08-27 05:39 (desk) =====
[pipeline_monitor] immediate: 89 new breach(es) emailed


===== 2026-08-27 07:38 (desk) =====
[pipeline_monitor] immediate: 0 new breach(es) 


===== 2026-08-27 09:37 (desk) =====
[pipeline_monitor] immediate: 1 new breach(es) emailed


===== 2026-08-27 11:37 (desk) =====
[pipeline_monitor] immediate: 0 new breach(es) 


===== 2026-08-27 13:37 (desk) =====
[pipeline_monitor] immediate: 0 new breach(es) 


===== 2026-08-27 15:34 (desk) =====
[pipeline_monitor] immediate: 4 new breach(es) emailed


===== 2026-08-27 17:34 (desk) =====
[pipeline_monitor] immediate: 0 new breach(es) 


===== 2026-08-27 19:34 (desk) =====
[pipeline_monitor] immediate: 0 new breach(es) 


===== 2026-08-27 21:34 (desk) =====
[pipeline_monitor] immediate: 12 new breach(es) emailed


===== 2026-08-27 23:37 (desk) =====
[pipeline_monitor] immediate: 0 new breach(es) 


===== 2026-08-28 01:34 (desk) =====
[pipeline_monitor] immediate: 3 new breach(es) emailed

/Users/ajay/Library/Python/3.9/lib/python/site-packages/urllib3/__init__.py:35: NotOpenSSLWarning: urllib3 v2 only supports OpenSSL 1.1.1+, currently the 'ssl' module is compiled with 'LibreSSL 2.8.3'. See: https://github.com/urllib3/urllib3/issues/3020
  warnings.warn(
FUTR: No earnings dates found, symbol may be delisted
6932: No earnings dates found, symbol may be delisted
HTTP Error 404: {"quoteSummary":{"result":null,"error":{"code":"Not Found","description":"No fundamentals data found for symbol: FUTR"}}}
HTTP Error 404: {"quoteSummary":{"result":null,"error":{"code":"Not Found","description":"Quote not found for symbol: 6932"}}}
KALMAR: No earnings dates found, symbol may be delisted
HTTP Error 404: {"quoteSummary":{"result":null,"error":{"code":"Not Found","description":"Quote not found for symbol: KALMAR"}}}
SFPI: No earnings dates found, symbol may be delisted
SPR.L: No earnings dates found, symbol may be delisted
STERV: No earnings dates found, symbol may be delisted
HTTP Error 404: {"quoteSummary":{"result":null,"error":{"code":"Not Found","description":"No fundamentals data found for symbol: SFPI"}}}
TFW.L: No earnings dates found, symbol may be delisted
HTTP Error 404: {"quoteSummary":{"result":null,"error":{"code":"Not Found","description":"Quote not found for symbol: STERV"}}}
TW.: No earnings dates found, symbol may be delisted
VRLA: No earnings dates found, symbol may be delisted
HTTP Error 404: {"quoteSummary":{"result":null,"error":{"code":"Not Found","description":"Quote not found for symbol: TW."}}}
HTTP Error 404: {"quoteSummary":{"result":null,"error":{"code":"Not Found","description":"Quote not found for symbol: VRLA"}}}

===== 2026-08-28 03:33 (desk) =====
[pipeline_monitor] immediate: 2 new breach(es) emailed


===== 2026-08-28 05:38 (desk) =====
[pipeline_monitor] immediate: 0 new breach(es) 


===== 2026-08-28 07:34 (desk) =====
[pipeline_monitor] immediate: 88 new breach(es) emailed


===== 2026-08-28 09:34 (desk) =====
[pipeline_monitor] immediate: 1 new breach(es) emailed


===== 2026-08-28 11:34 (desk) =====
[pipeline_monitor] immediate: 1 new breach(es) emailed


===== 2026-08-28 13:34 (desk) =====
[pipeline_monitor] immediate: 0 new breach(es) 


===== 2026-08-28 15:34 (desk) =====
[pipeline_monitor] immediate: 0 new breach(es) 


===== 2026-08-28 17:34 (desk) =====
[pipeline_monitor] immediate: 20 new breach(es) emailed


===== 2026-08-28 19:34 (desk) =====
[pipeline_monitor] immediate: 0 new breach(es) 


===== 2026-08-28 21:34 (desk) =====
[pipeline_monitor] immediate: 0 new breach(es) 


===== 2026-08-28 23:34 (desk) =====
[pipeline_monitor] immediate: 0 new breach(es) 


===== 2026-08-31 00:38 (desk) =====
[pipeline_monitor] immediate: 158 new breach(es) emailed
[pipeline_monitor] digest sent

/Users/ajay/Library/Python/3.9/lib/python/site-packages/urllib3/__init__.py:35: NotOpenSSLWarning: urllib3 v2 only supports OpenSSL 1.1.1+, currently the 'ssl' module is compiled with 'LibreSSL 2.8.3'. See: https://github.com/urllib3/urllib3/issues/3020
  warnings.warn(
6229: No earnings dates found, symbol may be delisted
PHYS: No earnings dates found, symbol may be delisted

===== 2026-08-31 02:34 (desk) =====
[pipeline_monitor] immediate: 0 new breach(es) 


===== 2026-08-31 04:34 (desk) =====
[pipeline_monitor] immediate: 0 new breach(es) 


===== 2026-08-31 06:34 (desk) =====
[pipeline_monitor] immediate: 5 new breach(es) emailed


===== 2026-08-31 08:32 (desk) =====
[pipeline_monitor] immediate: 0 new breach(es) 


===== 2026-08-31 10:34 (desk) =====
[pipeline_monitor] immediate: 1 new breach(es) emailed


===== 2026-08-31 12:34 (desk) =====
[pipeline_monitor] immediate: 1 new breach(es) emailed


===== 2026-08-31 14:34 (desk) =====
[pipeline_monitor] immediate: 4 new breach(es) emailed


===== 2026-08-31 16:34 (desk) =====
[pipeline_monitor] immediate: 0 new breach(es) 


===== 2026-08-31 18:35 (desk) =====
[pipeline_monitor] immediate: 9 new breach(es) emailed


===== 2026-08-31 20:39 (desk) =====
[pipeline_monitor] immediate: 0 new breach(es) 


===== 2026-08-31 22:38 (desk) =====
[pipeline_monitor] immediate: 1 new breach(es) emailed


===== 2026-09-01 00:34 (desk) =====
[pipeline_monitor] immediate: 1 new breach(es) emailed

/Users/ajay/Library/Python/3.9/lib/python/site-packages/urllib3/__init__.py:35: NotOpenSSLWarning: urllib3 v2 only supports OpenSSL 1.1.1+, currently the 'ssl' module is compiled with 'LibreSSL 2.8.3'. See: https://github.com/urllib3/urllib3/issues/3020
  warnings.warn(

===== 2026-09-01 02:34 (desk) =====
[pipeline_monitor] immediate: 127 new breach(es) emailed


===== 2026-09-01 04:34 (desk) =====
[pipeline_monitor] immediate: 0 new breach(es) 


===== 2026-09-01 06:34 (desk) =====
[pipeline_monitor] immediate: 0 new breach(es) 

/Users/ajay/Library/Python/3.9/lib/python/site-packages/urllib3/__init__.py:35: NotOpenSSLWarning: urllib3 v2 only supports OpenSSL 1.1.1+, currently the 'ssl' module is compiled with 'LibreSSL 2.8.3'. See: https://github.com/urllib3/urllib3/issues/3020
  warnings.warn(

===== 2026-09-01 08:34 (desk) =====
[pipeline_monitor] immediate: 5 new breach(es) emailed


===== 2026-09-01 10:34 (desk) =====
[pipeline_monitor] immediate: 1 new breach(es) emailed


===== 2026-09-01 12:34 (desk) =====
[pipeline_monitor] immediate: 1 new breach(es) emailed

/Users/ajay/Library/Python/3.9/lib/python/site-packages/urllib3/__init__.py:35: NotOpenSSLWarning: urllib3 v2 only supports OpenSSL 1.1.1+, currently the 'ssl' module is compiled with 'LibreSSL 2.8.3'. See: https://github.com/urllib3/urllib3/issues/3020
  warnings.warn(

===== 2026-09-01 14:34 (desk) =====
[pipeline_monitor] immediate: 0 new breach(es) 


===== 2026-09-01 16:34 (desk) =====
[pipeline_monitor] immediate: 4 new breach(es) emailed


===== 2026-09-01 18:34 (desk) =====
[pipeline_monitor] immediate: 5 new breach(es) emailed


===== 2026-09-01 20:34 (desk) =====
[pipeline_monitor] immediate: 9 new breach(es) emailed


===== 2026-09-01 22:30 (desk) =====
[pipeline_monitor] immediate: 0 new breach(es) 

/Users/ajay/Library/Python/3.9/lib/python/site-packages/urllib3/__init__.py:35: NotOpenSSLWarning: urllib3 v2 only supports OpenSSL 1.1.1+, currently the 'ssl' module is compiled with 'LibreSSL 2.8.3'. See: https://github.com/urllib3/urllib3/issues/3020
  warnings.warn(

===== 2026-09-01 23:34 (desk) =====
[pipeline_monitor] immediate: 1 new breach(es) emailed


===== 2026-09-02 01:34 (desk) =====
[pipeline_monitor] immediate: 1 new breach(es) emailed

/Users/ajay/Library/Python/3.9/lib/python/site-packages/urllib3/__init__.py:35: NotOpenSSLWarning: urllib3 v2 only supports OpenSSL 1.1.1+, currently the 'ssl' module is compiled with 'LibreSSL 2.8.3'. See: https://github.com/urllib3/urllib3/issues/3020
  warnings.warn(
OXLCZ: No earnings dates found, symbol may be delisted

===== 2026-09-02 03:34 (desk) =====
[pipeline_monitor] immediate: 105 new breach(es) emailed


===== 2026-09-02 05:34 (desk) =====
[pipeline_monitor] immediate: 0 new breach(es) 


===== 2026-09-02 07:34 (desk) =====
[pipeline_monitor] immediate: 0 new breach(es) 


===== 2026-09-02 09:34 (desk) =====
[pipeline_monitor] immediate: 5 new breach(es) emailed


===== 2026-09-02 11:34 (desk) =====
[pipeline_monitor] immediate: 1 new breach(es) emailed


===== 2026-09-02 13:34 (desk) =====
[pipeline_monitor] immediate: 0 new breach(es) 


===== 2026-09-02 15:34 (desk) =====
[pipeline_monitor] immediate: 0 new breach(es) 


===== 2026-09-02 17:34 (desk) =====
[pipeline_monitor] immediate: 5 new breach(es) emailed


===== 2026-09-02 19:35 (desk) =====
[pipeline_monitor] immediate: 5 new breach(es) emailed


===== 2026-09-02 21:34 (desk) =====
[pipeline_monitor] immediate: 9 new breach(es) emailed

/Users/ajay/Library/Python/3.9/lib/python/site-packages/urllib3/__init__.py:35: NotOpenSSLWarning: urllib3 v2 only supports OpenSSL 1.1.1+, currently the 'ssl' module is compiled with 'LibreSSL 2.8.3'. See: https://github.com/urllib3/urllib3/issues/3020
  warnings.warn(

===== 2026-09-02 23:34 (desk) =====
[pipeline_monitor] immediate: 1 new breach(es) emailed


===== 2026-09-03 01:33 (desk) =====
[pipeline_monitor] immediate: 9 new breach(es) emailed


===== 2026-09-03 03:38 (desk) =====
[pipeline_monitor] immediate: 72 new breach(es) emailed


===== 2026-09-03 05:34 (desk) =====
[pipeline_monitor] immediate: 0 new breach(es) 


===== 2026-09-03 07:34 (desk) =====
[pipeline_monitor] immediate: 0 new breach(es) 


===== 2026-09-03 09:34 (desk) =====
[pipeline_monitor] immediate: 0 new breach(es) 


===== 2026-09-03 11:34 (desk) =====
[pipeline_monitor] immediate: 1 new breach(es) emailed


===== 2026-09-03 13:34 (desk) =====
[pipeline_monitor] immediate: 4 new breach(es) emailed


===== 2026-09-03 15:34 (desk) =====
[pipeline_monitor] immediate: 0 new breach(es) 


===== 2026-09-03 17:34 (desk) =====
[pipeline_monitor] immediate: 5 new breach(es) emailed


===== 2026-09-03 19:34 (desk) =====
[pipeline_monitor] immediate: 0 new breach(es) 


===== 2026-09-03 21:34 (desk) =====
[pipeline_monitor] immediate: 5 new breach(es) emailed


===== 2026-09-03 23:34 (desk) =====
[pipeline_monitor] immediate: 0 new breach(es) 


===== 2026-09-04 01:34 (desk) =====
[pipeline_monitor] immediate: 9 new breach(es) emailed

/Users/ajay/Library/Python/3.9/lib/python/site-packages/urllib3/__init__.py:35: NotOpenSSLWarning: urllib3 v2 only supports OpenSSL 1.1.1+, currently the 'ssl' module is compiled with 'LibreSSL 2.8.3'. See: https://github.com/urllib3/urllib3/issues/3020
  warnings.warn(
6932: No earnings dates found, symbol may be delisted
FUTR: No earnings dates found, symbol may be delisted
KALMAR: No earnings dates found, symbol may be delisted
SFPI: No earnings dates found, symbol may be delisted
TW.: No earnings dates found, symbol may be delisted
TFW.L: No earnings dates found, symbol may be delisted
SPR.L: No earnings dates found, symbol may be delisted
VRLA: No earnings dates found, symbol may be delisted

===== 2026-09-04 03:33 (desk) =====
[pipeline_monitor] immediate: 0 new breach(es) 


===== 2026-09-04 05:34 (desk) =====
[pipeline_monitor] immediate: 70 new breach(es) emailed


===== 2026-09-04 07:34 (desk) =====
[pipeline_monitor] immediate: 2 new breach(es) emailed


===== 2026-09-04 09:34 (desk) =====
[pipeline_monitor] immediate: 1 new breach(es) emailed


===== 2026-09-04 11:34 (desk) =====
[pipeline_monitor] immediate: 0 new breach(es) 


===== 2026-09-04 13:35 (desk) =====
[pipeline_monitor] immediate: 10 new breach(es) emailed


===== 2026-09-04 15:34 (desk) =====
[pipeline_monitor] immediate: 1 new breach(es) emailed

/Users/ajay/Library/Python/3.9/lib/python/site-packages/urllib3/__init__.py:35: NotOpenSSLWarning: urllib3 v2 only supports OpenSSL 1.1.1+, currently the 'ssl' module is compiled with 'LibreSSL 2.8.3'. See: https://github.com/urllib3/urllib3/issues/3020
  warnings.warn(

===== 2026-09-04 17:34 (desk) =====
[pipeline_monitor] immediate: 3 new breach(es) emailed


===== 2026-09-04 19:34 (desk) =====
[pipeline_monitor] immediate: 5 new breach(es) emailed


===== 2026-09-04 21:34 (desk) =====
[pipeline_monitor] immediate: 0 new breach(es) 


===== 2026-09-04 23:34 (desk) =====
[pipeline_monitor] immediate: 0 new breach(es) 


===== 2026-09-07 00:48 (desk) =====
[pipeline_monitor] immediate: 117 new breach(es) emailed
[pipeline_monitor] digest sent

/Users/ajay/Library/Python/3.9/lib/python/site-packages/urllib3/__init__.py:35: NotOpenSSLWarning: urllib3 v2 only supports OpenSSL 1.1.1+, currently the 'ssl' module is compiled with 'LibreSSL 2.8.3'. See: https://github.com/urllib3/urllib3/issues/3020
  warnings.warn(
6229: No earnings dates found, symbol may be delisted
PHYS: No earnings dates found, symbol may be delisted

===== 2026-09-07 02:42 (desk) =====
[pipeline_monitor] immediate: 2 new breach(es) emailed


===== 2026-09-07 04:34 (desk) =====
[pipeline_monitor] immediate: 0 new breach(es) 


===== 2026-09-07 06:34 (desk) =====
[pipeline_monitor] immediate: 0 new breach(es) 


===== 2026-09-07 08:35 (desk) =====
[pipeline_monitor] immediate: 0 new breach(es) 


===== 2026-09-07 10:34 (desk) =====
[pipeline_monitor] immediate: 0 new breach(es) 


===== 2026-09-07 12:34 (desk) =====
[pipeline_monitor] immediate: 0 new breach(es) 


===== 2026-09-07 14:34 (desk) =====
[pipeline_monitor] immediate: 0 new breach(es) 


===== 2026-09-07 16:34 (desk) =====
[pipeline_monitor] immediate: 0 new breach(es) 


===== 2026-09-07 18:34 (desk) =====
[pipeline_monitor] immediate: 5 new breach(es) emailed


===== 2026-09-07 20:34 (desk) =====
[pipeline_monitor] immediate: 0 new breach(es) 


===== 2026-09-07 22:34 (desk) =====
[pipeline_monitor] immediate: 0 new breach(es) 


===== 2026-09-11 00:47 (desk) =====
[pipeline_monitor] immediate: 104 new breach(es) emailed

/Users/ajay/Library/Python/3.9/lib/python/site-packages/urllib3/__init__.py:35: NotOpenSSLWarning: urllib3 v2 only supports OpenSSL 1.1.1+, currently the 'ssl' module is compiled with 'LibreSSL 2.8.3'. See: https://github.com/urllib3/urllib3/issues/3020
  warnings.warn(
6932: No earnings dates found, symbol may be delisted
7722: No earnings dates found, symbol may be delisted
HTTP Error 404: {"quoteSummary":{"result":null,"error":{"code":"Not Found","description":"Quote not found for symbol: 7722"}}}
HTTP Error 404: {"quoteSummary":{"result":null,"error":{"code":"Not Found","description":"Quote not found for symbol: 6932"}}}
FUTR: No earnings dates found, symbol may be delisted
HTTP Error 404: {"quoteSummary":{"result":null,"error":{"code":"Not Found","description":"No fundamentals data found for symbol: FUTR"}}}
KALMAR: No earnings dates found, symbol may be delisted
HTTP Error 404: {"quoteSummary":{"result":null,"error":{"code":"Not Found","description":"Quote not found for symbol: KALMAR"}}}
OXLCZ: No earnings dates found, symbol may be delisted
SFPI: No earnings dates found, symbol may be delisted
TW.: No earnings dates found, symbol may be delisted
SPR.L: No earnings dates found, symbol may be delisted
HTTP Error 404: {"quoteSummary":{"result":null,"error":{"code":"Not Found","description":"Quote not found for symbol: TW."}}}
HTTP Error 404: {"quoteSummary":{"result":null,"error":{"code":"Not Found","description":"No fundamentals data found for symbol: SFPI"}}}
TFW.L: No earnings dates found, symbol may be delisted
VRLA: No earnings dates found, symbol may be delisted
HTTP Error 404: {"quoteSummary":{"result":null,"error":{"code":"Not Found","description":"Quote not found for symbol: VRLA"}}}

===== 2026-09-11 02:34 (desk) =====
[pipeline_monitor] immediate: 0 new breach(es) 


===== 2026-09-11 04:44 (desk) =====
[pipeline_monitor] immediate: 1 new breach(es) emailed


===== 2026-09-11 06:34 (desk) =====
[pipeline_monitor] immediate: 5 new breach(es) emailed


===== 2026-09-11 08:35 (desk) =====
[pipeline_monitor] immediate: 0 new breach(es) 


===== 2026-09-11 10:35 (desk) =====
[pipeline_monitor] immediate: 2 new breach(es) emailed


===== 2026-09-11 12:45 (desk) =====
[pipeline_monitor] immediate: 2 new breach(es) emailed


===== 2026-09-11 14:34 (desk) =====
[pipeline_monitor] immediate: 2 new breach(es) emailed


===== 2026-09-11 16:34 (desk) =====
[pipeline_monitor] immediate: 0 new breach(es) 


===== 2026-09-11 18:34 (desk) =====
[pipeline_monitor] immediate: 6 new breach(es) emailed


===== 2026-09-11 20:34 (desk) =====
[pipeline_monitor] immediate: 0 new breach(es) 


===== 2026-09-11 22:34 (desk) =====
[pipeline_monitor] immediate: 0 new breach(es) 

