[pr_vs_filing] BSY: clean
[pr_vs_filing] ESTC: clean
[pr_vs_filing] PEGA: clean
[pr_vs_filing] GTLB: clean
[pr_vs_filing] POWL: record_vs_gaap
[pr_vs_filing] PLPC: clean
[pr_vs_filing] ATKR: clean
[pr_vs_filing] STZ: clean
[pr_vs_filing] SMPL: clean
[pr_vs_filing] VITL: clean
[pr_vs_filing] DVA: clean
[pr_vs_filing] RYAN: clean
[pr_vs_filing] GSHD: clean
[pr_vs_filing] BWIN: clean
[pr_vs_filing] ERIE: clean
[pr_vs_filing] BAH: clean
[pr_vs_filing] STVN: clean
[pr_vs_filing] ESTA: clean
[pr_vs_filing] INMD: clean
[pr_vs_filing] INSP: clean
[pr_vs_filing] WST: clean
[pr_vs_filing] PGNY: clean
[pr_vs_filing] PRCT: clean
[pr_vs_filing] BRBR: clean
[pr_vs_filing] HIMS: clean
[pr_vs_filing] VERU: clean
[pr_vs_filing] ELF: clean
[pr_vs_filing] ODD: clean
[pr_vs_filing] CRH: clean
[pr_vs_filing] GCT: clean
[pr_vs_filing] 40 checked, 1 flagged (1 strong), 0 errors
[pr_vs_filing] DFIN: clean
[pr_vs_filing] J: clean
[pr_vs_filing] SLS: clean
[pr_vs_filing] EOLS: clean
[pr_vs_filing] HUBS: clean
[pr_vs_filing] MNDY: clean
[pr_vs_filing] FOUR: clean
[pr_vs_filing] S: clean
[pr_vs_filing] CPRI: clean
[pr_vs_filing] KB: clean
[pr_vs_filing] HSY: clean
[pr_vs_filing] MDLZ: clean
[pr_vs_filing] STX: clean
[pr_vs_filing] MMS: omitted ['organic growth'] SUPPRESSED (direction gate: not deteriorating per XBRL rev+NI)
[pr_vs_filing] MMS: guide_language
[pr_vs_filing] OLN: clean
[pr_vs_filing] GTM: clean
[pr_vs_filing] NRGV: record_vs_gaap
[pr_vs_filing] POWW: clean
[pr_vs_filing] BKE: clean
[pr_vs_filing] EVER: clean
[pr_vs_filing] EPAM: clean
[pr_vs_filing] SBH: guide_language
[pr_vs_filing] CRCT: clean
[pr_vs_filing] MRVI: clean
[pr_vs_filing] KMX: clean
[pr_vs_filing] FUTU: clean
[pr_vs_filing] ZBH: clean
[pr_vs_filing] PODD: clean
[pr_vs_filing] LULU: clean
[pr_vs_filing] BBD: clean
[pr_vs_filing] 40 checked, 3 flagged (1 strong), 0 errors
[pr_vs_filing] WF: clean
[pr_vs_filing] CIB: clean
[pr_vs_filing] SBS: clean
[pr_vs_filing] ARE: guide_language
[pr_vs_filing] SLG: clean
[pr_vs_filing] FNF: clean
[pr_vs_filing] EG: clean
[pr_vs_filing] SPG: clean
[pr_vs_filing] BBW: clean
[pr_vs_filing] BSBR: clean
[pr_vs_filing] BCH: clean
[pr_vs_filing] PHI: clean
[pr_vs_filing] TASK: clean
[pr_vs_filing] CNXC: clean
[pr_vs_filing] IBEX: clean
[pr_vs_filing] SHG: clean
[pr_vs_filing] TGB: clean
[pr_vs_filing] KNX: clean
[pr_vs_filing] CHRW: omitted ['gross margin'] SUPPRESSED (direction gate: not deteriorating per XBRL rev+NI)
[pr_vs_filing] CHRW: clean
[pr_vs_filing] BBWI: clean
[pr_vs_filing] HRTG: clean
[pr_vs_filing] G: clean
[pr_vs_filing] CTSH: clean
[pr_vs_filing] AZUL: clean
[pr_vs_filing] VRM: clean
[pr_vs_filing] PLRX: clean
[pr_vs_filing] MBGL: clean
[pr_vs_filing] ELV: clean
[pr_vs_filing] 40 checked, 1 flagged (0 strong), 0 errors
