
===== 2026-08-17 09:30 (desk) =====
[print_collision] *** ORDER CACHE STALE (122h old) — the gateway poller has not refreshed desk/ui/data/orders_cache.json. Any order placed or cancelled since then is INVISIBLE to this scan, so a clean result here is NOT an all-clear. Restore the gateway feed, then re-run.
[print_collision] 80 resting buys | 8 with a print inside 10 sessions | 5 FLAGGED | 14 unresolved
  CRITICAL INTU     20.0@312.0 vs spot 336.01 | print 2026-08-20 in 3d | -1.21s of a ±6.1% move | P(fill on gap) 11%
  WARN     BKE      30.0@41.0 vs spot 43.17 | print 2026-08-21 in 4d | -1.14s of a ±4.5% move | P(fill on gap) 13%
  WARN     TCOM     390.0@43.5 vs spot 44.82 | print 2026-08-24 in 5d | -0.73s of a ±4.1% move | P(fill on gap) 23%
  WARN     CRM      53.0@175.0 vs spot 191.75 | print 2026-08-26 in 7d | -1.07s of a ±8.5% move | P(fill on gap) 14%
  WARN     005387.KS 38.0@178500.0 vs spot 213000.0 | print 2026-08-26 in 7d | -1.69s of a ±10.5% move | P(fill on gap) 4%
  UNRESOLVED (no print date — never silence): 6932, 7722, 8104, ETL, FDM, FUTR, KALMAR, OXLCZ, SFPI, SPR, STERV, TFW, TW., VRLA

/Users/ajay/Library/Python/3.9/lib/python/site-packages/urllib3/__init__.py:35: NotOpenSSLWarning: urllib3 v2 only supports OpenSSL 1.1.1+, currently the 'ssl' module is compiled with 'LibreSSL 2.8.3'. See: https://github.com/urllib3/urllib3/issues/3020
  warnings.warn(
$TFW: possibly delisted; no price data found  (period=3mo)
HTTP Error 404: {"quoteSummary":{"result":null,"error":{"code":"Not Found","description":"Quote not found for symbol: SPR"}}}
$SPR: possibly delisted; no price data found  (period=3mo) (Yahoo error = "No data found, symbol may be delisted")
$ETL: possibly delisted; no price data found  (period=3mo)
HTTP Error 404: {"quoteSummary":{"result":null,"error":{"code":"Not Found","description":"Quote not found for symbol: STERV"}}}
$STERV: possibly delisted; no price data found  (period=3mo) (Yahoo error = "No data found, symbol may be delisted")
$6932: possibly delisted; no price data found  (period=3mo) (Yahoo error = "No data found, symbol may be delisted")
$8104: possibly delisted; no price data found  (period=3mo) (Yahoo error = "No data found, symbol may be delisted")
$VRLA: possibly delisted; no price data found  (period=3mo) (Yahoo error = "No data found, symbol may be delisted")
$VRLA: possibly delisted; no price data found  (period=3mo) (Yahoo error = "No data found, symbol may be delisted")
$KALMAR: possibly delisted; no price data found  (period=3mo) (Yahoo error = "No data found, symbol may be delisted")
$SFPI: possibly delisted; no price data found  (period=3mo) (Yahoo error = "No data found, symbol may be delisted")
$FUTR: possibly delisted; no price data found  (period=3mo)
$7722: possibly delisted; no price data found  (period=3mo) (Yahoo error = "No data found, symbol may be delisted")
$TW.: possibly delisted; no price data found  (period=3mo) (Yahoo error = "No data found, symbol may be delisted")
$VRLA: possibly delisted; no price data found  (period=3mo) (Yahoo error = "No data found, symbol may be delisted")

===== 2026-08-18 10:04 (desk) =====
[print_collision] 74 resting buys | 7 with a print inside 10 sessions | 0 FLAGGED | 15 unresolved
  UNRESOLVED (no print date — never silence): 6932, 7722, 8104, ETL, FDM, FUTR, KALMAR, OXLCZ, PHYS, SFPI, SPR, STERV, TFW, TW., VRLA

/Users/ajay/Library/Python/3.9/lib/python/site-packages/urllib3/__init__.py:35: NotOpenSSLWarning: urllib3 v2 only supports OpenSSL 1.1.1+, currently the 'ssl' module is compiled with 'LibreSSL 2.8.3'. See: https://github.com/urllib3/urllib3/issues/3020
  warnings.warn(
$TFW: possibly delisted; no price data found  (period=3mo)
HTTP Error 404: {"quoteSummary":{"result":null,"error":{"code":"Not Found","description":"Quote not found for symbol: SPR"}}}
$SPR: possibly delisted; no price data found  (period=3mo) (Yahoo error = "No data found, symbol may be delisted")
$ETL: possibly delisted; no price data found  (period=3mo)
HTTP Error 404: {"quoteSummary":{"result":null,"error":{"code":"Not Found","description":"Quote not found for symbol: STERV"}}}
$STERV: possibly delisted; no price data found  (period=3mo) (Yahoo error = "No data found, symbol may be delisted")
$6932: possibly delisted; no price data found  (period=3mo) (Yahoo error = "No data found, symbol may be delisted")
$8104: possibly delisted; no price data found  (period=3mo) (Yahoo error = "No data found, symbol may be delisted")
HTTP Error 404: {"quoteSummary":{"result":null,"error":{"code":"Not Found","description":"No fundamentals data found for symbol: FDM"}}}
FDM: No earnings dates found, symbol may be delisted
$VRLA: possibly delisted; no price data found  (period=3mo) (Yahoo error = "No data found, symbol may be delisted")
$VRLA: possibly delisted; no price data found  (period=3mo) (Yahoo error = "No data found, symbol may be delisted")
$KALMAR: possibly delisted; no price data found  (period=3mo) (Yahoo error = "No data found, symbol may be delisted")
$SFPI: possibly delisted; no price data found  (period=3mo) (Yahoo error = "No data found, symbol may be delisted")
$FUTR: possibly delisted; no price data found  (period=3mo)
$7722: possibly delisted; no price data found  (period=3mo) (Yahoo error = "No data found, symbol may be delisted")
$TW.: possibly delisted; no price data found  (period=3mo) (Yahoo error = "No data found, symbol may be delisted")
$VRLA: possibly delisted; no price data found  (period=3mo) (Yahoo error = "No data found, symbol may be delisted")

===== 2026-08-19 11:03 (desk) =====
[print_collision] 74 resting buys | 9 with a print inside 10 sessions | 5 FLAGGED | 15 unresolved
  CRITICAL RDDT     71.0@140.0 vs spot 154.37 | print 2026-08-21 in 2d | -0.90s of a ±10.9% move | P(fill on gap) 18%
  CRITICAL RDDT     78.0@128.0 vs spot 154.37 | print 2026-08-21 in 2d | -1.72s of a ±10.9% move | P(fill on gap) 4%
  WARN     005387.KS 38.0@178500.0 vs spot 207000.0 | print 2026-08-26 in 5d | -1.62s of a ±9.1% move | P(fill on gap) 5%
  WARN     DSGX     162.0@73.5 vs spot 77.56 | print 2026-09-02 in 10d | -0.58s of a ±9.3% move | P(fill on gap) 28%
  WARN     DSGX     149.0@68.5 vs spot 77.56 | print 2026-09-02 in 10d | -1.34s of a ±9.3% move | P(fill on gap) 9%
  UNRESOLVED (no print date — never silence): 6932, 7722, 8104, ETL, FDM, FUTR, KALMAR, OXLCZ, PHYS, SFPI, SPR, STERV, TFW, TW., VRLA

/Users/ajay/Library/Python/3.9/lib/python/site-packages/urllib3/__init__.py:35: NotOpenSSLWarning: urllib3 v2 only supports OpenSSL 1.1.1+, currently the 'ssl' module is compiled with 'LibreSSL 2.8.3'. See: https://github.com/urllib3/urllib3/issues/3020
  warnings.warn(
$TFW: possibly delisted; no price data found  (period=3mo)
HTTP Error 404: {"quoteSummary":{"result":null,"error":{"code":"Not Found","description":"Quote not found for symbol: SPR"}}}
$SPR: possibly delisted; no price data found  (period=3mo) (Yahoo error = "No data found, symbol may be delisted")
$ETL: possibly delisted; no price data found  (period=3mo)
HTTP Error 404: {"quoteSummary":{"result":null,"error":{"code":"Not Found","description":"Quote not found for symbol: STERV"}}}
$STERV: possibly delisted; no price data found  (period=3mo) (Yahoo error = "No data found, symbol may be delisted")
$6932: possibly delisted; no price data found  (period=3mo) (Yahoo error = "No data found, symbol may be delisted")
$8104: possibly delisted; no price data found  (period=3mo) (Yahoo error = "No data found, symbol may be delisted")
HTTP Error 404: {"quoteSummary":{"result":null,"error":{"code":"Not Found","description":"No fundamentals data found for symbol: FDM"}}}
FDM: No earnings dates found, symbol may be delisted
$VRLA: possibly delisted; no price data found  (period=3mo) (Yahoo error = "No data found, symbol may be delisted")
$VRLA: possibly delisted; no price data found  (period=3mo) (Yahoo error = "No data found, symbol may be delisted")
$KALMAR: possibly delisted; no price data found  (period=3mo) (Yahoo error = "No data found, symbol may be delisted")
$SFPI: possibly delisted; no price data found  (period=3mo) (Yahoo error = "No data found, symbol may be delisted")
$FUTR: possibly delisted; no price data found  (period=3mo)
$7722: possibly delisted; no price data found  (period=3mo) (Yahoo error = "No data found, symbol may be delisted")
$TW.: possibly delisted; no price data found  (period=3mo) (Yahoo error = "No data found, symbol may be delisted")
$VRLA: possibly delisted; no price data found  (period=3mo) (Yahoo error = "No data found, symbol may be delisted")

===== 2026-08-20 12:13 (desk) =====
[print_collision] 84 resting buys | 10 with a print inside 10 sessions | 6 FLAGGED | 21 unresolved
  CRITICAL RDDT     71.0@140.0 vs spot 147.64 | print 2026-08-21 in 1d | -0.60s of a ±8.9% move | P(fill on gap) 28%
  CRITICAL RDDT     78.0@128.0 vs spot 147.64 | print 2026-08-21 in 1d | -1.61s of a ±8.9% move | P(fill on gap) 5%
  WARN     005387.KS 38.0@178500.0 vs spot 198600.0 | print 2026-08-26 in 4d | -1.29s of a ±8.3% move | P(fill on gap) 10%
  WARN     LFTO     250.0@16.5 vs spot 18.42 | print 2026-09-01 in 8d | -0.58s of a ±19.1% move | P(fill on gap) 28%
  WARN     DSGX     162.0@73.5 vs spot 77.64 | print 2026-09-02 in 9d | -0.62s of a ±8.8% move | P(fill on gap) 27%
  WARN     DSGX     149.0@68.5 vs spot 77.64 | print 2026-09-02 in 9d | -1.42s of a ±8.8% move | P(fill on gap) 8%
  UNRESOLVED (no print date — never silence): 058850, 1904, 6626, 6932, 7235, 7722, 8104, CARD, ETL, FDM, FUTR, GMS, KALMAR, OXLCZ, PHYS, SFPI, SPR, STERV, TFW, TW.

/Users/ajay/Library/Python/3.9/lib/python/site-packages/urllib3/__init__.py:35: NotOpenSSLWarning: urllib3 v2 only supports OpenSSL 1.1.1+, currently the 'ssl' module is compiled with 'LibreSSL 2.8.3'. See: https://github.com/urllib3/urllib3/issues/3020
  warnings.warn(
$TFW: possibly delisted; no price data found  (period=3mo)
HTTP Error 404: {"quoteSummary":{"result":null,"error":{"code":"Not Found","description":"Quote not found for symbol: SPR"}}}
$SPR: possibly delisted; no price data found  (period=3mo) (Yahoo error = "No data found, symbol may be delisted")
$ETL: possibly delisted; no price data found  (period=3mo)
HTTP Error 404: {"quoteSummary":{"result":null,"error":{"code":"Not Found","description":"Quote not found for symbol: STERV"}}}
$STERV: possibly delisted; no price data found  (period=3mo) (Yahoo error = "No data found, symbol may be delisted")
$6932: possibly delisted; no price data found  (period=3mo) (Yahoo error = "No data found, symbol may be delisted")
$8104: possibly delisted; no price data found  (period=3mo) (Yahoo error = "No data found, symbol may be delisted")
HTTP Error 404: {"quoteSummary":{"result":null,"error":{"code":"Not Found","description":"No fundamentals data found for symbol: FDM"}}}
FDM: No earnings dates found, symbol may be delisted
$VRLA: possibly delisted; no price data found  (period=3mo) (Yahoo error = "No data found, symbol may be delisted")
$VRLA: possibly delisted; no price data found  (period=3mo) (Yahoo error = "No data found, symbol may be delisted")
$KALMAR: possibly delisted; no price data found  (period=3mo) (Yahoo error = "No data found, symbol may be delisted")
$SFPI: possibly delisted; no price data found  (period=3mo) (Yahoo error = "No data found, symbol may be delisted")
$GMS: possibly delisted; no price data found  (period=3mo) (Yahoo error = "No data found, symbol may be delisted")
$FUTR: possibly delisted; no price data found  (period=3mo)
$1904: possibly delisted; no price data found  (period=3mo) (Yahoo error = "No data found, symbol may be delisted")
$1904: possibly delisted; no price data found  (period=3mo) (Yahoo error = "No data found, symbol may be delisted")
$7235: possibly delisted; no price data found  (period=3mo) (Yahoo error = "No data found, symbol may be delisted")
$7235: possibly delisted; no price data found  (period=3mo) (Yahoo error = "No data found, symbol may be delisted")
$058850: possibly delisted; no price data found  (period=3mo) (Yahoo error = "No data found, symbol may be delisted")
HTTP Error 404: {"quoteSummary":{"result":null,"error":{"code":"Not Found","description":"No fundamentals data found for symbol: CARD"}}}
CARD: No earnings dates found, symbol may be delisted
$058850: possibly delisted; no price data found  (period=3mo) (Yahoo error = "No data found, symbol may be delisted")
$7722: possibly delisted; no price data found  (period=3mo) (Yahoo error = "No data found, symbol may be delisted")
$TW.: possibly delisted; no price data found  (period=3mo) (Yahoo error = "No data found, symbol may be delisted")
$6626: possibly delisted; no price data found  (period=3mo) (Yahoo error = "No data found, symbol may be delisted")
$VRLA: possibly delisted; no price data found  (period=3mo) (Yahoo error = "No data found, symbol may be delisted")

===== 2026-08-21 13:10 (desk) =====
[print_collision] 75 resting buys | 9 with a print inside 10 sessions | 3 FLAGGED | 18 unresolved
  CRITICAL RDDT     71.0@140.0 vs spot 153.25 | print 2026-08-21 in 0d | -1.44s of a ±6.3% move | P(fill on gap) 8%
  WARN     DSGX     162.0@73.5 vs spot 78.21 | print 2026-09-02 in 8d | -0.74s of a ±8.4% move | P(fill on gap) 23%
  WARN     DSGX     149.0@68.5 vs spot 78.21 | print 2026-09-02 in 8d | -1.58s of a ±8.4% move | P(fill on gap) 6%
  UNRESOLVED (no print date — never silence): 058850, 1904, 6626, 6932, 7235, 7722, ETL, FDM, FUTR, KALMAR, OXLCZ, PHYS, SFPI, SPR, STERV, TFW, TW., VRLA

/Users/ajay/Library/Python/3.9/lib/python/site-packages/urllib3/__init__.py:35: NotOpenSSLWarning: urllib3 v2 only supports OpenSSL 1.1.1+, currently the 'ssl' module is compiled with 'LibreSSL 2.8.3'. See: https://github.com/urllib3/urllib3/issues/3020
  warnings.warn(
$TFW: possibly delisted; no price data found  (period=3mo)
HTTP Error 404: {"quoteSummary":{"result":null,"error":{"code":"Not Found","description":"Quote not found for symbol: SPR"}}}
$SPR: possibly delisted; no price data found  (period=3mo) (Yahoo error = "No data found, symbol may be delisted")
$ETL: possibly delisted; no price data found  (period=3mo)
HTTP Error 404: {"quoteSummary":{"result":null,"error":{"code":"Not Found","description":"Quote not found for symbol: STERV"}}}
$STERV: possibly delisted; no price data found  (period=3mo) (Yahoo error = "No data found, symbol may be delisted")
$6932: possibly delisted; no price data found  (period=3mo) (Yahoo error = "No data found, symbol may be delisted")
HTTP Error 404: {"quoteSummary":{"result":null,"error":{"code":"Not Found","description":"No fundamentals data found for symbol: FDM"}}}
FDM: No earnings dates found, symbol may be delisted
$VRLA: possibly delisted; no price data found  (period=3mo) (Yahoo error = "No data found, symbol may be delisted")
$VRLA: possibly delisted; no price data found  (period=3mo) (Yahoo error = "No data found, symbol may be delisted")
$KALMAR: possibly delisted; no price data found  (period=3mo) (Yahoo error = "No data found, symbol may be delisted")
$SFPI: possibly delisted; no price data found  (period=3mo) (Yahoo error = "No data found, symbol may be delisted")
$FUTR: possibly delisted; no price data found  (period=3mo)
$1904: possibly delisted; no price data found  (period=3mo) (Yahoo error = "No data found, symbol may be delisted")
$7235: possibly delisted; no price data found  (period=3mo) (Yahoo error = "No data found, symbol may be delisted")
$058850: possibly delisted; no price data found  (period=3mo) (Yahoo error = "No data found, symbol may be delisted")
$7722: possibly delisted; no price data found  (period=3mo) (Yahoo error = "No data found, symbol may be delisted")
$TW.: possibly delisted; no price data found  (period=3mo) (Yahoo error = "No data found, symbol may be delisted")
$6626: possibly delisted; no price data found  (period=3mo) (Yahoo error = "No data found, symbol may be delisted")
$VRLA: possibly delisted; no price data found  (period=3mo) (Yahoo error = "No data found, symbol may be delisted")

===== 2026-08-24 02:13 (desk) =====
[print_collision] 82 resting buys | 11 with a print inside 10 sessions | 7 FLAGGED | 15 unresolved
  CRITICAL 005387.KS 38.0@178500.0 vs spot 195200.0 | print 2026-08-26 in 2d | -1.48s of a ±6.0% move | P(fill on gap) 7%
  WARN     RDDT     71.0@140.0 vs spot 153.29 | print 2026-08-28 in 4d | -0.65s of a ±14.1% move | P(fill on gap) 26%
  WARN     RDDT     78.0@128.0 vs spot 153.29 | print 2026-08-28 in 4d | -1.28s of a ±14.1% move | P(fill on gap) 10%
  WARN     RWAY     560.0@6.25 vs spot 6.64 | print 2026-08-31 in 5d | -0.72s of a ±8.4% move | P(fill on gap) 24%
  WARN     HLI      44.0@113.0 vs spot 129.05 | print 2026-09-01 in 6d | -1.72s of a ±7.7% move | P(fill on gap) 4%
  WARN     DSGX     162.0@73.5 vs spot 78.21 | print 2026-09-02 in 7d | -0.79s of a ±7.9% move | P(fill on gap) 22%
  WARN     DSGX     149.0@68.5 vs spot 78.21 | print 2026-09-02 in 7d | -1.68s of a ±7.9% move | P(fill on gap) 5%
  UNRESOLVED (no print date — never silence): 6626, 6932, 7722, ETL, FDM, FUTR, KALMAR, OXLCZ, PHYS, SFPI, SPR, STERV, TFW, TW., VRLA

/Users/ajay/Library/Python/3.9/lib/python/site-packages/urllib3/__init__.py:35: NotOpenSSLWarning: urllib3 v2 only supports OpenSSL 1.1.1+, currently the 'ssl' module is compiled with 'LibreSSL 2.8.3'. See: https://github.com/urllib3/urllib3/issues/3020
  warnings.warn(
$TFW: possibly delisted; no price data found  (period=3mo)
HTTP Error 404: {"quoteSummary":{"result":null,"error":{"code":"Not Found","description":"Quote not found for symbol: SPR"}}}
$SPR: possibly delisted; no price data found  (period=3mo) (Yahoo error = "No data found, symbol may be delisted")
$ETL: possibly delisted; no price data found  (period=3mo)
HTTP Error 404: {"quoteSummary":{"result":null,"error":{"code":"Not Found","description":"Quote not found for symbol: STERV"}}}
$STERV: possibly delisted; no price data found  (period=3mo) (Yahoo error = "No data found, symbol may be delisted")
$6932: possibly delisted; no price data found  (period=3mo) (Yahoo error = "No data found, symbol may be delisted")
HTTP Error 404: {"quoteSummary":{"result":null,"error":{"code":"Not Found","description":"No fundamentals data found for symbol: FDM"}}}
FDM: No earnings dates found, symbol may be delisted
$VRLA: possibly delisted; no price data found  (period=3mo) (Yahoo error = "No data found, symbol may be delisted")
$VRLA: possibly delisted; no price data found  (period=3mo) (Yahoo error = "No data found, symbol may be delisted")
$KALMAR: possibly delisted; no price data found  (period=3mo) (Yahoo error = "No data found, symbol may be delisted")
$SFPI: possibly delisted; no price data found  (period=3mo) (Yahoo error = "No data found, symbol may be delisted")
$FUTR: possibly delisted; no price data found  (period=3mo)
$7722: possibly delisted; no price data found  (period=3mo) (Yahoo error = "No data found, symbol may be delisted")
$TW.: possibly delisted; no price data found  (period=3mo) (Yahoo error = "No data found, symbol may be delisted")
$6626: possibly delisted; no price data found  (period=3mo) (Yahoo error = "No data found, symbol may be delisted")
$VRLA: possibly delisted; no price data found  (period=3mo) (Yahoo error = "No data found, symbol may be delisted")

===== 2026-08-25 03:07 (desk) =====
[print_collision] 79 resting buys | 13 with a print inside 10 sessions | 8 FLAGGED | 15 unresolved
  CRITICAL BLZE     117.0@14.75 vs spot 15.55 | print 2026-08-28 in 3d | -0.35s of a ±15.1% move | P(fill on gap) 36%
  CRITICAL RDDT     71.0@140.0 vs spot 152.7 | print 2026-08-28 in 3d | -0.69s of a ±12.5% move | P(fill on gap) 24%
  CRITICAL RDDT     78.0@128.0 vs spot 152.7 | print 2026-08-28 in 3d | -1.41s of a ±12.5% move | P(fill on gap) 8%
  WARN     RWAY     560.0@6.25 vs spot 6.57 | print 2026-08-31 in 4d | -0.65s of a ±7.7% move | P(fill on gap) 26%
  WARN     HLI      44.0@113.0 vs spot 128.95 | print 2026-09-01 in 5d | -1.87s of a ±7.1% move | P(fill on gap) 3%
  WARN     DSGX     162.0@73.5 vs spot 78.47 | print 2026-09-02 in 6d | -0.89s of a ±7.4% move | P(fill on gap) 19%
  WARN     DSGX     149.0@68.5 vs spot 78.47 | print 2026-09-02 in 6d | -1.84s of a ±7.4% move | P(fill on gap) 3%
  WARN     FSLY     125.0@20.5 vs spot 22.94 | print 2026-09-04 in 8d | -0.58s of a ±19.4% move | P(fill on gap) 28%
  UNRESOLVED (no print date — never silence): 6626, 6804, 6932, 7722, FDM, FUTR, KALMAR, OXLCZ, PHYS, SFPI, SPR, STERV, TFW, TW., VRLA

/Users/ajay/Library/Python/3.9/lib/python/site-packages/urllib3/__init__.py:35: NotOpenSSLWarning: urllib3 v2 only supports OpenSSL 1.1.1+, currently the 'ssl' module is compiled with 'LibreSSL 2.8.3'. See: https://github.com/urllib3/urllib3/issues/3020
  warnings.warn(
$TFW: possibly delisted; no price data found  (period=3mo)
HTTP Error 404: {"quoteSummary":{"result":null,"error":{"code":"Not Found","description":"Quote not found for symbol: SPR"}}}
$SPR: possibly delisted; no price data found  (period=3mo) (Yahoo error = "No data found, symbol may be delisted")
HTTP Error 404: {"quoteSummary":{"result":null,"error":{"code":"Not Found","description":"Quote not found for symbol: STERV"}}}
$STERV: possibly delisted; no price data found  (period=3mo) (Yahoo error = "No data found, symbol may be delisted")
$6932: possibly delisted; no price data found  (period=3mo) (Yahoo error = "No data found, symbol may be delisted")
HTTP Error 404: {"quoteSummary":{"result":null,"error":{"code":"Not Found","description":"No fundamentals data found for symbol: FDM"}}}
FDM: No earnings dates found, symbol may be delisted
$VRLA: possibly delisted; no price data found  (period=3mo) (Yahoo error = "No data found, symbol may be delisted")
$VRLA: possibly delisted; no price data found  (period=3mo) (Yahoo error = "No data found, symbol may be delisted")
$KALMAR: possibly delisted; no price data found  (period=3mo) (Yahoo error = "No data found, symbol may be delisted")
$SFPI: possibly delisted; no price data found  (period=3mo) (Yahoo error = "No data found, symbol may be delisted")
$6804: possibly delisted; no price data found  (period=3mo) (Yahoo error = "No data found, symbol may be delisted")
$FUTR: possibly delisted; no price data found  (period=3mo)
$7722: possibly delisted; no price data found  (period=3mo) (Yahoo error = "No data found, symbol may be delisted")
$TW.: possibly delisted; no price data found  (period=3mo) (Yahoo error = "No data found, symbol may be delisted")
$6626: possibly delisted; no price data found  (period=3mo) (Yahoo error = "No data found, symbol may be delisted")
$VRLA: possibly delisted; no price data found  (period=3mo) (Yahoo error = "No data found, symbol may be delisted")

===== 2026-08-26 04:16 (desk) =====
[print_collision] 76 resting buys | 12 with a print inside 10 sessions | 6 FLAGGED | 14 unresolved
  CRITICAL RDDT     71.0@140.0 vs spot 162.45 | print 2026-08-28 in 2d | -1.35s of a ±11.0% move | P(fill on gap) 9%
  CRITICAL RWAY     560.0@6.25 vs spot 6.56 | print 2026-08-31 in 3d | -0.78s of a ±6.2% move | P(fill on gap) 22%
  WARN     UCTT     37.0@69.5 vs spot 73.32 | print 2026-09-01 in 4d | -0.34s of a ±15.7% move | P(fill on gap) 37%
  WARN     DSGX     162.0@73.5 vs spot 77.52 | print 2026-09-02 in 5d | -0.78s of a ±6.8% move | P(fill on gap) 22%
  WARN     DSGX     149.0@68.5 vs spot 77.52 | print 2026-09-02 in 5d | -1.81s of a ±6.8% move | P(fill on gap) 4%
  WARN     FSLY     125.0@20.5 vs spot 23.0 | print 2026-09-04 in 7d | -0.63s of a ±18.2% move | P(fill on gap) 26%
  UNRESOLVED (no print date — never silence): 6804, 6932, 7722, FDM, FUTR, KALMAR, OXLCZ, PHYS, SFPI, SPR, STERV, TFW, TW., VRLA

/Users/ajay/Library/Python/3.9/lib/python/site-packages/urllib3/__init__.py:35: NotOpenSSLWarning: urllib3 v2 only supports OpenSSL 1.1.1+, currently the 'ssl' module is compiled with 'LibreSSL 2.8.3'. See: https://github.com/urllib3/urllib3/issues/3020
  warnings.warn(
$TFW: possibly delisted; no price data found  (period=3mo)
HTTP Error 404: {"quoteSummary":{"result":null,"error":{"code":"Not Found","description":"Quote not found for symbol: SPR"}}}
$SPR: possibly delisted; no price data found  (period=3mo) (Yahoo error = "No data found, symbol may be delisted")
HTTP Error 404: {"quoteSummary":{"result":null,"error":{"code":"Not Found","description":"Quote not found for symbol: STERV"}}}
$STERV: possibly delisted; no price data found  (period=3mo) (Yahoo error = "No data found, symbol may be delisted")
$6932: possibly delisted; no price data found  (period=3mo) (Yahoo error = "No data found, symbol may be delisted")
HTTP Error 404: {"quoteSummary":{"result":null,"error":{"code":"Not Found","description":"No fundamentals data found for symbol: FDM"}}}
FDM: No earnings dates found, symbol may be delisted
$VRLA: possibly delisted; no price data found  (period=3mo) (Yahoo error = "No data found, symbol may be delisted")
$VRLA: possibly delisted; no price data found  (period=3mo) (Yahoo error = "No data found, symbol may be delisted")
$KALMAR: possibly delisted; no price data found  (period=3mo) (Yahoo error = "No data found, symbol may be delisted")
$SFPI: possibly delisted; no price data found  (period=3mo) (Yahoo error = "No data found, symbol may be delisted")
$6804: possibly delisted; no price data found  (period=3mo) (Yahoo error = "No data found, symbol may be delisted")
$FUTR: possibly delisted; no price data found  (period=3mo)
$7722: possibly delisted; no price data found  (period=3mo) (Yahoo error = "No data found, symbol may be delisted")
$TW.: possibly delisted; no price data found  (period=3mo) (Yahoo error = "No data found, symbol may be delisted")
$VRLA: possibly delisted; no price data found  (period=3mo) (Yahoo error = "No data found, symbol may be delisted")

===== 2026-08-27 05:09 (desk) =====
[print_collision] 75 resting buys | 13 with a print inside 10 sessions | 7 FLAGGED | 13 unresolved
  CRITICAL RDDT     71.0@140.0 vs spot 155.36 | print 2026-08-28 in 1d | -1.15s of a ±9.1% move | P(fill on gap) 12%
  CRITICAL RWAY     560.0@6.25 vs spot 6.53 | print 2026-08-31 in 2d | -0.82s of a ±5.3% move | P(fill on gap) 20%
  CRITICAL UCTT     37.0@69.5 vs spot 73.08 | print 2026-09-01 in 3d | -0.36s of a ±14.1% move | P(fill on gap) 36%
  WARN     DSGX     162.0@73.5 vs spot 77.49 | print 2026-09-02 in 4d | -0.85s of a ±6.2% move | P(fill on gap) 20%
  WARN     DSGX     149.0@68.5 vs spot 77.49 | print 2026-09-02 in 4d | -1.98s of a ±6.2% move | P(fill on gap) 2%
  WARN     FSLY     125.0@20.5 vs spot 23.29 | print 2026-09-04 in 6d | -0.76s of a ±16.9% move | P(fill on gap) 22%
  WARN     ADBE     33.0@238.0 vs spot 273.47 | print 2026-09-10 in 10d | -1.30s of a ±10.7% move | P(fill on gap) 10%
  UNRESOLVED (no print date — never silence): 6932, 7722, FDM, FUTR, KALMAR, OXLCZ, PHYS, SFPI, SPR, STERV, TFW, TW., VRLA

/Users/ajay/Library/Python/3.9/lib/python/site-packages/urllib3/__init__.py:35: NotOpenSSLWarning: urllib3 v2 only supports OpenSSL 1.1.1+, currently the 'ssl' module is compiled with 'LibreSSL 2.8.3'. See: https://github.com/urllib3/urllib3/issues/3020
  warnings.warn(
$TFW: possibly delisted; no price data found  (period=3mo)
HTTP Error 404: {"quoteSummary":{"result":null,"error":{"code":"Not Found","description":"Quote not found for symbol: SPR"}}}
$SPR: possibly delisted; no price data found  (period=3mo) (Yahoo error = "No data found, symbol may be delisted")
HTTP Error 404: {"quoteSummary":{"result":null,"error":{"code":"Not Found","description":"Quote not found for symbol: STERV"}}}
$STERV: possibly delisted; no price data found  (period=3mo) (Yahoo error = "No data found, symbol may be delisted")
$6932: possibly delisted; no price data found  (period=3mo) (Yahoo error = "No data found, symbol may be delisted")
HTTP Error 404: {"quoteSummary":{"result":null,"error":{"code":"Not Found","description":"No fundamentals data found for symbol: FDM"}}}
FDM: No earnings dates found, symbol may be delisted
$VRLA: possibly delisted; no price data found  (period=3mo) (Yahoo error = "No data found, symbol may be delisted")
$VRLA: possibly delisted; no price data found  (period=3mo) (Yahoo error = "No data found, symbol may be delisted")
$KALMAR: possibly delisted; no price data found  (period=3mo) (Yahoo error = "No data found, symbol may be delisted")
$SFPI: possibly delisted; no price data found  (period=3mo) (Yahoo error = "No data found, symbol may be delisted")
$FUTR: possibly delisted; no price data found  (period=3mo)
$7722: possibly delisted; no price data found  (period=3mo) (Yahoo error = "No data found, symbol may be delisted")
$TW.: possibly delisted; no price data found  (period=3mo) (Yahoo error = "No data found, symbol may be delisted")
$VRLA: possibly delisted; no price data found  (period=3mo) (Yahoo error = "No data found, symbol may be delisted")

===== 2026-08-28 06:09 (desk) =====
[print_collision] 75 resting buys | 13 with a print inside 10 sessions | 6 FLAGGED | 13 unresolved
  CRITICAL RDDT     71.0@140.0 vs spot 153.95 | print 2026-08-28 in 0d | -1.51s of a ±6.3% move | P(fill on gap) 7%
  CRITICAL RWAY     560.0@6.25 vs spot 6.58 | print 2026-08-31 in 1d | -1.19s of a ±4.3% move | P(fill on gap) 12%
  CRITICAL UCTT     37.0@69.5 vs spot 74.75 | print 2026-09-01 in 2d | -0.61s of a ±11.9% move | P(fill on gap) 27%
  CRITICAL DSGX     162.0@73.5 vs spot 80.66 | print 2026-09-02 in 3d | -1.76s of a ±5.3% move | P(fill on gap) 4%
  WARN     FSLY     125.0@20.5 vs spot 24.64 | print 2026-09-04 in 5d | -1.17s of a ±15.8% move | P(fill on gap) 12%
  WARN     ADBE     33.0@238.0 vs spot 289.15 | print 2026-09-10 in 9d | -1.88s of a ±10.3% move | P(fill on gap) 3%
  UNRESOLVED (no print date — never silence): 6932, 7722, FDM, FUTR, KALMAR, OXLCZ, PHYS, SFPI, SPR, STERV, TFW, TW., VRLA

/Users/ajay/Library/Python/3.9/lib/python/site-packages/urllib3/__init__.py:35: NotOpenSSLWarning: urllib3 v2 only supports OpenSSL 1.1.1+, currently the 'ssl' module is compiled with 'LibreSSL 2.8.3'. See: https://github.com/urllib3/urllib3/issues/3020
  warnings.warn(
$TFW: possibly delisted; no price data found  (period=3mo)
HTTP Error 404: {"quoteSummary":{"result":null,"error":{"code":"Not Found","description":"Quote not found for symbol: SPR"}}}
$SPR: possibly delisted; no price data found  (period=3mo) (Yahoo error = "No data found, symbol may be delisted")
HTTP Error 404: {"quoteSummary":{"result":null,"error":{"code":"Not Found","description":"Quote not found for symbol: STERV"}}}
$STERV: possibly delisted; no price data found  (period=3mo) (Yahoo error = "No data found, symbol may be delisted")
$6932: possibly delisted; no price data found  (period=3mo) (Yahoo error = "No data found, symbol may be delisted")
HTTP Error 404: {"quoteSummary":{"result":null,"error":{"code":"Not Found","description":"No fundamentals data found for symbol: FDM"}}}
FDM: No earnings dates found, symbol may be delisted
$VRLA: possibly delisted; no price data found  (period=3mo) (Yahoo error = "No data found, symbol may be delisted")
$VRLA: possibly delisted; no price data found  (period=3mo) (Yahoo error = "No data found, symbol may be delisted")
$KALMAR: possibly delisted; no price data found  (period=3mo) (Yahoo error = "No data found, symbol may be delisted")
$SFPI: possibly delisted; no price data found  (period=3mo) (Yahoo error = "No data found, symbol may be delisted")
$FUTR: possibly delisted; no price data found  (period=3mo)
$7722: possibly delisted; no price data found  (period=3mo) (Yahoo error = "No data found, symbol may be delisted")
$TW.: possibly delisted; no price data found  (period=3mo) (Yahoo error = "No data found, symbol may be delisted")
$VRLA: possibly delisted; no price data found  (period=3mo) (Yahoo error = "No data found, symbol may be delisted")

===== 2026-08-31 01:08 (desk) =====
[print_collision] 73 resting buys | 12 with a print inside 10 sessions | 4 FLAGGED | 13 unresolved
  CRITICAL RWAY     560.0@6.25 vs spot 6.59 | print 2026-08-31 in 0d | -1.77s of a ±3.0% move | P(fill on gap) 4%
  WARN     FSLY     125.0@20.5 vs spot 23.04 | print 2026-09-04 in 4d | -0.79s of a ±14.7% move | P(fill on gap) 21%
  WARN     RDDT     71.0@140.0 vs spot 153.0 | print 2026-09-14 in 10d | -0.43s of a ±20.9% move | P(fill on gap) 34%
  WARN     RDDT     78.0@128.0 vs spot 153.0 | print 2026-09-14 in 10d | -0.85s of a ±20.9% move | P(fill on gap) 20%
  UNRESOLVED (no print date — never silence): 6932, 7722, FDM, FUTR, KALMAR, OXLCZ, PHYS, SFPI, SPR, STERV, TFW, TW., VRLA

/Users/ajay/Library/Python/3.9/lib/python/site-packages/urllib3/__init__.py:35: NotOpenSSLWarning: urllib3 v2 only supports OpenSSL 1.1.1+, currently the 'ssl' module is compiled with 'LibreSSL 2.8.3'. See: https://github.com/urllib3/urllib3/issues/3020
  warnings.warn(
$TFW: possibly delisted; no price data found  (period=3mo)
HTTP Error 404: {"quoteSummary":{"result":null,"error":{"code":"Not Found","description":"Quote not found for symbol: SPR"}}}
$SPR: possibly delisted; no price data found  (period=3mo) (Yahoo error = "No data found, symbol may be delisted")
HTTP Error 404: {"quoteSummary":{"result":null,"error":{"code":"Not Found","description":"Quote not found for symbol: STERV"}}}
$STERV: possibly delisted; no price data found  (period=3mo) (Yahoo error = "No data found, symbol may be delisted")
$6932: possibly delisted; no price data found  (period=3mo) (Yahoo error = "No data found, symbol may be delisted")
HTTP Error 404: {"quoteSummary":{"result":null,"error":{"code":"Not Found","description":"No fundamentals data found for symbol: FDM"}}}
FDM: No earnings dates found, symbol may be delisted
$VRLA: possibly delisted; no price data found  (period=3mo) (Yahoo error = "No data found, symbol may be delisted")
$VRLA: possibly delisted; no price data found  (period=3mo) (Yahoo error = "No data found, symbol may be delisted")
$KALMAR: possibly delisted; no price data found  (period=3mo) (Yahoo error = "No data found, symbol may be delisted")
$SFPI: possibly delisted; no price data found  (period=3mo) (Yahoo error = "No data found, symbol may be delisted")
$FUTR: possibly delisted; no price data found  (period=3mo)
$7722: possibly delisted; no price data found  (period=3mo) (Yahoo error = "No data found, symbol may be delisted")
$TW.: possibly delisted; no price data found  (period=3mo) (Yahoo error = "No data found, symbol may be delisted")
$VRLA: possibly delisted; no price data found  (period=3mo) (Yahoo error = "No data found, symbol may be delisted")

===== 2026-09-01 02:02 (desk) =====
[print_collision] 72 resting buys | 9 with a print inside 10 sessions | 4 FLAGGED | 13 unresolved
  CRITICAL FSLY     125.0@20.5 vs spot 22.79 | print 2026-09-04 in 3d | -0.81s of a ±13.1% move | P(fill on gap) 21%
  WARN     RDDT     71.0@140.0 vs spot 147.81 | print 2026-09-14 in 9d | -0.27s of a ±20.0% move | P(fill on gap) 39%
  WARN     RDDT     78.0@128.0 vs spot 147.81 | print 2026-09-14 in 9d | -0.72s of a ±20.0% move | P(fill on gap) 24%
  WARN     SUPV     320.0@7.65 vs spot 8.74 | print 2026-09-15 in 10d | -1.15s of a ±11.6% move | P(fill on gap) 12%
  UNRESOLVED (no print date — never silence): 6932, 7722, FDM, FUTR, KALMAR, OXLCZ, PHYS, SFPI, SPR, STERV, TFW, TW., VRLA

/Users/ajay/Library/Python/3.9/lib/python/site-packages/urllib3/__init__.py:35: NotOpenSSLWarning: urllib3 v2 only supports OpenSSL 1.1.1+, currently the 'ssl' module is compiled with 'LibreSSL 2.8.3'. See: https://github.com/urllib3/urllib3/issues/3020
  warnings.warn(
$TFW: possibly delisted; no price data found  (period=3mo)
HTTP Error 404: {"quoteSummary":{"result":null,"error":{"code":"Not Found","description":"Quote not found for symbol: SPR"}}}
$SPR: possibly delisted; no price data found  (period=3mo) (Yahoo error = "No data found, symbol may be delisted")
HTTP Error 404: {"quoteSummary":{"result":null,"error":{"code":"Not Found","description":"Quote not found for symbol: STERV"}}}
$STERV: possibly delisted; no price data found  (period=3mo) (Yahoo error = "No data found, symbol may be delisted")
$6932: possibly delisted; no price data found  (period=3mo) (Yahoo error = "No data found, symbol may be delisted")
HTTP Error 404: {"quoteSummary":{"result":null,"error":{"code":"Not Found","description":"No fundamentals data found for symbol: FDM"}}}
FDM: No earnings dates found, symbol may be delisted
$VRLA: possibly delisted; no price data found  (period=3mo) (Yahoo error = "No data found, symbol may be delisted")
$VRLA: possibly delisted; no price data found  (period=3mo) (Yahoo error = "No data found, symbol may be delisted")
$KALMAR: possibly delisted; no price data found  (period=3mo) (Yahoo error = "No data found, symbol may be delisted")
$SFPI: possibly delisted; no price data found  (period=3mo) (Yahoo error = "No data found, symbol may be delisted")
$FUTR: possibly delisted; no price data found  (period=3mo)
$7722: possibly delisted; no price data found  (period=3mo) (Yahoo error = "No data found, symbol may be delisted")
$TW.: possibly delisted; no price data found  (period=3mo) (Yahoo error = "No data found, symbol may be delisted")
$VRLA: possibly delisted; no price data found  (period=3mo) (Yahoo error = "No data found, symbol may be delisted")

===== 2026-09-02 03:05 (desk) =====
[print_collision] 73 resting buys | 8 with a print inside 10 sessions | 4 FLAGGED | 13 unresolved
  CRITICAL FSLY     125.0@20.5 vs spot 20.77 | print 2026-09-04 in 2d | -0.11s of a ±11.8% move | P(fill on gap) 46%
  WARN     RDDT     71.0@140.0 vs spot 144.64 | print 2026-09-14 in 8d | -0.17s of a ±18.9% move | P(fill on gap) 43%
  WARN     RDDT     78.0@128.0 vs spot 144.64 | print 2026-09-14 in 8d | -0.65s of a ±18.9% move | P(fill on gap) 26%
  WARN     SUPV     320.0@7.65 vs spot 8.8 | print 2026-09-15 in 9d | -1.27s of a ±11.0% move | P(fill on gap) 10%
  UNRESOLVED (no print date — never silence): 6932, 7722, FDM, FUTR, KALMAR, OXLCZ, PHYS, SFPI, SPR, STERV, TFW, TW., VRLA

/Users/ajay/Library/Python/3.9/lib/python/site-packages/urllib3/__init__.py:35: NotOpenSSLWarning: urllib3 v2 only supports OpenSSL 1.1.1+, currently the 'ssl' module is compiled with 'LibreSSL 2.8.3'. See: https://github.com/urllib3/urllib3/issues/3020
  warnings.warn(
$TFW: possibly delisted; no price data found  (period=3mo)
HTTP Error 404: {"quoteSummary":{"result":null,"error":{"code":"Not Found","description":"Quote not found for symbol: SPR"}}}
$SPR: possibly delisted; no price data found  (period=3mo) (Yahoo error = "No data found, symbol may be delisted")
HTTP Error 404: {"quoteSummary":{"result":null,"error":{"code":"Not Found","description":"Quote not found for symbol: STERV"}}}
$STERV: possibly delisted; no price data found  (period=3mo) (Yahoo error = "No data found, symbol may be delisted")
$6932: possibly delisted; no price data found  (period=3mo) (Yahoo error = "No data found, symbol may be delisted")
HTTP Error 404: {"quoteSummary":{"result":null,"error":{"code":"Not Found","description":"No fundamentals data found for symbol: FDM"}}}
FDM: No earnings dates found, symbol may be delisted
$VRLA: possibly delisted; no price data found  (period=3mo) (Yahoo error = "No data found, symbol may be delisted")
$VRLA: possibly delisted; no price data found  (period=3mo) (Yahoo error = "No data found, symbol may be delisted")
$KALMAR: possibly delisted; no price data found  (period=3mo) (Yahoo error = "No data found, symbol may be delisted")
$SFPI: possibly delisted; no price data found  (period=3mo) (Yahoo error = "No data found, symbol may be delisted")
$FUTR: possibly delisted; no price data found  (period=3mo)
$7722: possibly delisted; no price data found  (period=3mo) (Yahoo error = "No data found, symbol may be delisted")
$TW.: possibly delisted; no price data found  (period=3mo) (Yahoo error = "No data found, symbol may be delisted")
$VRLA: possibly delisted; no price data found  (period=3mo) (Yahoo error = "No data found, symbol may be delisted")

===== 2026-09-03 04:10 (desk) =====
[print_collision] 56 resting buys | 2 with a print inside 10 sessions | 0 FLAGGED | 12 unresolved
  UNRESOLVED (no print date — never silence): 6932, 7722, FDM, FUTR, KALMAR, OXLCZ, PHYS, SFPI, SPR, TFW, TW., VRLA

/Users/ajay/Library/Python/3.9/lib/python/site-packages/urllib3/__init__.py:35: NotOpenSSLWarning: urllib3 v2 only supports OpenSSL 1.1.1+, currently the 'ssl' module is compiled with 'LibreSSL 2.8.3'. See: https://github.com/urllib3/urllib3/issues/3020
  warnings.warn(
$TFW: possibly delisted; no price data found  (period=3mo)
HTTP Error 404: {"quoteSummary":{"result":null,"error":{"code":"Not Found","description":"Quote not found for symbol: SPR"}}}
$SPR: possibly delisted; no price data found  (period=3mo) (Yahoo error = "No data found, symbol may be delisted")
HTTP Error 404: {"quoteSummary":{"result":null,"error":{"code":"Not Found","description":"Quote not found for symbol: 6932"}}}
$6932: possibly delisted; no price data found  (period=3mo) (Yahoo error = "No data found, symbol may be delisted")
HTTP Error 404: {"quoteSummary":{"result":null,"error":{"code":"Not Found","description":"No fundamentals data found for symbol: FDM"}}}
FDM: No earnings dates found, symbol may be delisted
$FUTR: possibly delisted; no price data found  (period=3mo)
$7722: possibly delisted; no price data found  (period=3mo) (Yahoo error = "No data found, symbol may be delisted")
$VRLA: possibly delisted; no price data found  (period=3mo) (Yahoo error = "No data found, symbol may be delisted")
$VRLA: possibly delisted; no price data found  (period=3mo) (Yahoo error = "No data found, symbol may be delisted")
$KALMAR: possibly delisted; no price data found  (period=3mo) (Yahoo error = "No data found, symbol may be delisted")
$TW.: possibly delisted; no price data found  (period=3mo) (Yahoo error = "No data found, symbol may be delisted")
$SFPI: possibly delisted; no price data found  (period=3mo) (Yahoo error = "No data found, symbol may be delisted")

===== 2026-09-04 05:04 (desk) =====
[print_collision] 58 resting buys | 3 with a print inside 10 sessions | 0 FLAGGED | 12 unresolved
  UNRESOLVED (no print date — never silence): 6932, 7722, FDM, FUTR, KALMAR, OXLCZ, PHYS, SFPI, SPR, TFW, TW., VRLA

/Users/ajay/Library/Python/3.9/lib/python/site-packages/urllib3/__init__.py:35: NotOpenSSLWarning: urllib3 v2 only supports OpenSSL 1.1.1+, currently the 'ssl' module is compiled with 'LibreSSL 2.8.3'. See: https://github.com/urllib3/urllib3/issues/3020
  warnings.warn(
$TFW: possibly delisted; no price data found  (period=3mo)
HTTP Error 404: {"quoteSummary":{"result":null,"error":{"code":"Not Found","description":"Quote not found for symbol: SPR"}}}
$SPR: possibly delisted; no price data found  (period=3mo) (Yahoo error = "No data found, symbol may be delisted")
HTTP Error 404: {"quoteSummary":{"result":null,"error":{"code":"Not Found","description":"Quote not found for symbol: 6932"}}}
$6932: possibly delisted; no price data found  (period=3mo) (Yahoo error = "No data found, symbol may be delisted")
HTTP Error 404: {"quoteSummary":{"result":null,"error":{"code":"Not Found","description":"No fundamentals data found for symbol: FDM"}}}
FDM: No earnings dates found, symbol may be delisted
$FUTR: possibly delisted; no price data found  (period=3mo)
$7722: possibly delisted; no price data found  (period=3mo) (Yahoo error = "No data found, symbol may be delisted")
$VRLA: possibly delisted; no price data found  (period=3mo) (Yahoo error = "No data found, symbol may be delisted")
$VRLA: possibly delisted; no price data found  (period=3mo) (Yahoo error = "No data found, symbol may be delisted")
$KALMAR: possibly delisted; no price data found  (period=3mo) (Yahoo error = "No data found, symbol may be delisted")
$TW.: possibly delisted; no price data found  (period=3mo) (Yahoo error = "No data found, symbol may be delisted")
$SFPI: possibly delisted; no price data found  (period=3mo) (Yahoo error = "No data found, symbol may be delisted")

===== 2026-09-07 01:23 (desk) =====
[print_collision] 55 resting buys | 2 with a print inside 10 sessions | 1 FLAGGED | 12 unresolved
  CRITICAL ADBE     33.0@238.0 vs spot 266.51 | print 2026-09-10 in 3d | -1.74s of a ±6.5% move | P(fill on gap) 4%
  UNRESOLVED (no print date — never silence): 6932, 7722, FDM, FUTR, KALMAR, OXLCZ, PHYS, SFPI, SPR, TFW, TW., VRLA

/Users/ajay/Library/Python/3.9/lib/python/site-packages/urllib3/__init__.py:35: NotOpenSSLWarning: urllib3 v2 only supports OpenSSL 1.1.1+, currently the 'ssl' module is compiled with 'LibreSSL 2.8.3'. See: https://github.com/urllib3/urllib3/issues/3020
  warnings.warn(
$TFW: possibly delisted; no price data found  (period=3mo)
HTTP Error 404: {"quoteSummary":{"result":null,"error":{"code":"Not Found","description":"Quote not found for symbol: SPR"}}}
$SPR: possibly delisted; no price data found  (period=3mo) (Yahoo error = "No data found, symbol may be delisted")
HTTP Error 404: {"quoteSummary":{"result":null,"error":{"code":"Not Found","description":"Quote not found for symbol: 6932"}}}
$6932: possibly delisted; no price data found  (period=3mo) (Yahoo error = "No data found, symbol may be delisted")
$FUTR: possibly delisted; no price data found  (period=3mo)
HTTP Error 404: {"quoteSummary":{"result":null,"error":{"code":"Not Found","description":"No fundamentals data found for symbol: FDM"}}}
FDM: No earnings dates found, symbol may be delisted
$7722: possibly delisted; no price data found  (period=3mo) (Yahoo error = "No data found, symbol may be delisted")
$VRLA: possibly delisted; no price data found  (period=3mo) (Yahoo error = "No data found, symbol may be delisted")
$VRLA: possibly delisted; no price data found  (period=3mo) (Yahoo error = "No data found, symbol may be delisted")
$KALMAR: possibly delisted; no price data found  (period=3mo) (Yahoo error = "No data found, symbol may be delisted")
$TW.: possibly delisted; no price data found  (period=3mo) (Yahoo error = "No data found, symbol may be delisted")
$SFPI: possibly delisted; no price data found  (period=3mo) (Yahoo error = "No data found, symbol may be delisted")

===== 2026-09-11 01:52 (desk) =====
[print_collision] 53 resting buys | 0 with a print inside 10 sessions | 0 FLAGGED | 12 unresolved
  UNRESOLVED (no print date — never silence): 6932, 7722, FDM, FUTR, KALMAR, OXLCZ, PHYS, SFPI, SPR, TFW, TW., VRLA

/Users/ajay/Library/Python/3.9/lib/python/site-packages/urllib3/__init__.py:35: NotOpenSSLWarning: urllib3 v2 only supports OpenSSL 1.1.1+, currently the 'ssl' module is compiled with 'LibreSSL 2.8.3'. See: https://github.com/urllib3/urllib3/issues/3020
  warnings.warn(
$TFW: possibly delisted; no price data found  (period=3mo)
HTTP Error 404: {"quoteSummary":{"result":null,"error":{"code":"Not Found","description":"Quote not found for symbol: SPR"}}}
$SPR: possibly delisted; no price data found  (period=3mo) (Yahoo error = "No data found, symbol may be delisted")
HTTP Error 404: {"quoteSummary":{"result":null,"error":{"code":"Not Found","description":"Quote not found for symbol: 6932"}}}
$6932: possibly delisted; no price data found  (period=3mo) (Yahoo error = "No data found, symbol may be delisted")
$FUTR: possibly delisted; no price data found  (period=3mo)
HTTP Error 404: {"quoteSummary":{"result":null,"error":{"code":"Not Found","description":"No fundamentals data found for symbol: FDM"}}}
FDM: No earnings dates found, symbol may be delisted
$7722: possibly delisted; no price data found  (period=3mo) (Yahoo error = "No data found, symbol may be delisted")
$VRLA: possibly delisted; no price data found  (period=3mo) (Yahoo error = "No data found, symbol may be delisted")
$VRLA: possibly delisted; no price data found  (period=3mo) (Yahoo error = "No data found, symbol may be delisted")
$KALMAR: possibly delisted; no price data found  (period=3mo) (Yahoo error = "No data found, symbol may be delisted")
$TW.: possibly delisted; no price data found  (period=3mo) (Yahoo error = "No data found, symbol may be delisted")
$SFPI: possibly delisted; no price data found  (period=3mo) (Yahoo error = "No data found, symbol may be delisted")

===== 2026-09-11 01:58 (desk) =====
[print_collision] 53 resting buys | 0 with a print inside 10 sessions | 0 FLAGGED | 12 unresolved
  UNRESOLVED (no print date — never silence): 6932, 7722, FDM, FUTR, KALMAR, OXLCZ, PHYS, SFPI, SPR, TFW, TW., VRLA

/Users/ajay/Library/Python/3.9/lib/python/site-packages/urllib3/__init__.py:35: NotOpenSSLWarning: urllib3 v2 only supports OpenSSL 1.1.1+, currently the 'ssl' module is compiled with 'LibreSSL 2.8.3'. See: https://github.com/urllib3/urllib3/issues/3020
  warnings.warn(
$TFW: possibly delisted; no price data found  (period=3mo)
HTTP Error 404: {"quoteSummary":{"result":null,"error":{"code":"Not Found","description":"Quote not found for symbol: SPR"}}}
$SPR: possibly delisted; no price data found  (period=3mo) (Yahoo error = "No data found, symbol may be delisted")
HTTP Error 404: {"quoteSummary":{"result":null,"error":{"code":"Not Found","description":"Quote not found for symbol: 6932"}}}
$6932: possibly delisted; no price data found  (period=3mo) (Yahoo error = "No data found, symbol may be delisted")
$FUTR: possibly delisted; no price data found  (period=3mo)
$7722: possibly delisted; no price data found  (period=3mo) (Yahoo error = "No data found, symbol may be delisted")
$VRLA: possibly delisted; no price data found  (period=3mo) (Yahoo error = "No data found, symbol may be delisted")
$VRLA: possibly delisted; no price data found  (period=3mo) (Yahoo error = "No data found, symbol may be delisted")
$KALMAR: possibly delisted; no price data found  (period=3mo) (Yahoo error = "No data found, symbol may be delisted")
$TW.: possibly delisted; no price data found  (period=3mo) (Yahoo error = "No data found, symbol may be delisted")
$SFPI: possibly delisted; no price data found  (period=3mo) (Yahoo error = "No data found, symbol may be delisted")
