
===== 2026-08-17 18:37 (desk) =====
[resort_snowpack] MTN — season just experienced: WY2026
  Vail Mountain (Vail, CO)                     peak    9.5" median   19.7" =  48.0% of median  (11y hist)
  Copper Mountain (Summit Cty — Keystone/Breck peak   12.6" median   23.5" =  54.0% of median  (11y hist)
  Fremont Pass (Summit Cty)                    peak    7.9" median   17.2" =  46.0% of median  (11y hist)
  Squaw Valley G.C. (Tahoe — Heavenly/Northsta peak   14.0" median   19.2" =  73.0% of median  (11y hist)
  UNREACHABLE (never counted as zero): ['802:UT:SNTL (Thaynes Canyon (Park City, UT))']
  -> The season customers just experienced ran at ~55% of median peak snowpack across 4 resort stations. BELOW normal — the next pass cycle is being sold into a poor memory, which pressures renewal rates and in-resort ancillary spend even though the PASS revenue for the sold year is contractually insulated.

/Users/ajay/Library/Python/3.9/lib/python/site-packages/urllib3/__init__.py:35: NotOpenSSLWarning: urllib3 v2 only supports OpenSSL 1.1.1+, currently the 'ssl' module is compiled with 'LibreSSL 2.8.3'. See: https://github.com/urllib3/urllib3/issues/3020
  warnings.warn(

===== 2026-08-24 19:42 (desk) =====
[resort_snowpack] MTN — season just experienced: WY2026
  Vail Mountain (Vail, CO)                     peak    9.5" median   19.7" =  48.0% of median  (11y hist)
  Copper Mountain (Summit Cty — Keystone/Breck peak   12.6" median   23.5" =  54.0% of median  (11y hist)
  Fremont Pass (Summit Cty)                    peak    7.9" median   17.2" =  46.0% of median  (11y hist)
  Squaw Valley G.C. (Tahoe — Heavenly/Northsta peak   14.0" median   19.2" =  73.0% of median  (11y hist)
  UNREACHABLE (never counted as zero): ['802:UT:SNTL (Thaynes Canyon (Park City, UT))']
  -> The season customers just experienced ran at ~55% of median peak snowpack across 4 resort stations. BELOW normal — the next pass cycle is being sold into a poor memory, which pressures renewal rates and in-resort ancillary spend even though the PASS revenue for the sold year is contractually insulated.

/Users/ajay/Library/Python/3.9/lib/python/site-packages/urllib3/__init__.py:35: NotOpenSSLWarning: urllib3 v2 only supports OpenSSL 1.1.1+, currently the 'ssl' module is compiled with 'LibreSSL 2.8.3'. See: https://github.com/urllib3/urllib3/issues/3020
  warnings.warn(

===== 2026-08-31 20:40 (desk) =====
[resort_snowpack] MTN — season just experienced: WY2026
  Vail Mountain (Vail, CO)                     peak    9.5" median   19.7" =  48.0% of median  (11y hist)
  Copper Mountain (Summit Cty — Keystone/Breck peak   12.6" median   23.5" =  54.0% of median  (11y hist)
  Fremont Pass (Summit Cty)                    peak    7.9" median   17.2" =  46.0% of median  (11y hist)
  Squaw Valley G.C. (Tahoe — Heavenly/Northsta peak   14.0" median   19.2" =  73.0% of median  (11y hist)
  UNREACHABLE (never counted as zero): ['802:UT:SNTL (Thaynes Canyon (Park City, UT))']
  -> The season customers just experienced ran at ~55% of median peak snowpack across 4 resort stations. BELOW normal — the next pass cycle is being sold into a poor memory, which pressures renewal rates and in-resort ancillary spend even though the PASS revenue for the sold year is contractually insulated.

/Users/ajay/Library/Python/3.9/lib/python/site-packages/urllib3/__init__.py:35: NotOpenSSLWarning: urllib3 v2 only supports OpenSSL 1.1.1+, currently the 'ssl' module is compiled with 'LibreSSL 2.8.3'. See: https://github.com/urllib3/urllib3/issues/3020
  warnings.warn(

===== 2026-09-07 21:30 (desk) =====
[resort_snowpack] MTN — season just experienced: WY2026
  Vail Mountain (Vail, CO)                     peak    9.5" median   19.7" =  48.0% of median  (11y hist)
  Copper Mountain (Summit Cty — Keystone/Breck peak   12.6" median   23.5" =  54.0% of median  (11y hist)
  Fremont Pass (Summit Cty)                    peak    7.9" median   17.2" =  46.0% of median  (11y hist)
  Squaw Valley G.C. (Tahoe — Heavenly/Northsta peak   14.0" median   19.2" =  73.0% of median  (11y hist)
  UNREACHABLE (never counted as zero): ['802:UT:SNTL (Thaynes Canyon (Park City, UT))']
  -> The season customers just experienced ran at ~55% of median peak snowpack across 4 resort stations. BELOW normal — the next pass cycle is being sold into a poor memory, which pressures renewal rates and in-resort ancillary spend even though the PASS revenue for the sold year is contractually insulated.

/Users/ajay/Library/Python/3.9/lib/python/site-packages/urllib3/__init__.py:35: NotOpenSSLWarning: urllib3 v2 only supports OpenSSL 1.1.1+, currently the 'ssl' module is compiled with 'LibreSSL 2.8.3'. See: https://github.com/urllib3/urllib3/issues/3020
  warnings.warn(
