/Users/ajay/Library/Python/3.9/lib/python/site-packages/urllib3/__init__.py:35: NotOpenSSLWarning: urllib3 v2 only supports OpenSSL 1.1.1+, currently the 'ssl' module is compiled with 'LibreSSL 2.8.3'. See: https://github.com/urllib3/urllib3/issues/3020
  warnings.warn(
[sanyu_accumulator] 5697.T Sanyu day-chunk STAGED (no order placed — run --execute to place): BUY 100 @ ¥822 DAY (1.6% of 20d median volume). Held 100, target 1400, remaining after this 1200. Tape ¥822.0 (gateway position 100). Ceiling 860 / pause 770.
/Users/ajay/Library/Python/3.9/lib/python/site-packages/urllib3/__init__.py:35: NotOpenSSLWarning: urllib3 v2 only supports OpenSSL 1.1.1+, currently the 'ssl' module is compiled with 'LibreSSL 2.8.3'. See: https://github.com/urllib3/urllib3/issues/3020
  warnings.warn(
[sanyu_accumulator] 5697.T Sanyu day-chunk STAGED (no order placed — run --execute to place): BUY 100 @ ¥825 DAY (1.6% of 20d median volume). Held 200, target 1400, remaining after this 1100. Tape ¥825.0 (gateway position 200). Ceiling 860 / pause 770.
/Users/ajay/Library/Python/3.9/lib/python/site-packages/urllib3/__init__.py:35: NotOpenSSLWarning: urllib3 v2 only supports OpenSSL 1.1.1+, currently the 'ssl' module is compiled with 'LibreSSL 2.8.3'. See: https://github.com/urllib3/urllib3/issues/3020
  warnings.warn(
[sanyu_accumulator] 5697.T Sanyu day-chunk STAGED (no order placed — run --execute to place): BUY 100 @ ¥830 DAY (1.6% of 20d median volume). Held 300, target 1400, remaining after this 1000. Tape ¥830.0 (gateway position 300). Ceiling 860 / pause 770.
/Users/ajay/Library/Python/3.9/lib/python/site-packages/urllib3/__init__.py:35: NotOpenSSLWarning: urllib3 v2 only supports OpenSSL 1.1.1+, currently the 'ssl' module is compiled with 'LibreSSL 2.8.3'. See: https://github.com/urllib3/urllib3/issues/3020
  warnings.warn(
[sanyu_accumulator] 5697.T Sanyu day-chunk STAGED (no order placed — run --execute to place): BUY 100 @ ¥821 DAY (1.6% of 20d median volume). Held 400, target 1400, remaining after this 900. Tape ¥821.0 (gateway position 400). Ceiling 860 / pause 770.
/Users/ajay/Library/Python/3.9/lib/python/site-packages/urllib3/__init__.py:35: NotOpenSSLWarning: urllib3 v2 only supports OpenSSL 1.1.1+, currently the 'ssl' module is compiled with 'LibreSSL 2.8.3'. See: https://github.com/urllib3/urllib3/issues/3020
  warnings.warn(
[sanyu_accumulator] 5697.T Sanyu day-chunk STAGED (no order placed — run --execute to place): BUY 100 @ ¥823 DAY (1.6% of 20d median volume). Held 500, target 1400, remaining after this 800. Tape ¥823.0 (gateway position 500). Ceiling 860 / pause 770.
/Users/ajay/Library/Python/3.9/lib/python/site-packages/urllib3/__init__.py:35: NotOpenSSLWarning: urllib3 v2 only supports OpenSSL 1.1.1+, currently the 'ssl' module is compiled with 'LibreSSL 2.8.3'. See: https://github.com/urllib3/urllib3/issues/3020
  warnings.warn(
[sanyu_accumulator] 5697.T Sanyu day-chunk STAGED (no order placed — run --execute to place): BUY 100 @ ¥822 DAY (1.7% of 20d median volume). Held 600, target 1400, remaining after this 700. Tape ¥822.0 (gateway position 600). Ceiling 860 / pause 770.
/Users/ajay/Library/Python/3.9/lib/python/site-packages/urllib3/__init__.py:35: NotOpenSSLWarning: urllib3 v2 only supports OpenSSL 1.1.1+, currently the 'ssl' module is compiled with 'LibreSSL 2.8.3'. See: https://github.com/urllib3/urllib3/issues/3020
  warnings.warn(
[sanyu_accumulator] 5697.T Sanyu day-chunk STAGED (no order placed — run --execute to place): BUY 100 @ ¥828 DAY (1.6% of 20d median volume). Held 700, target 1400, remaining after this 600. Tape ¥828.0 (gateway position 700). Ceiling 860 / pause 770.
/Users/ajay/Library/Python/3.9/lib/python/site-packages/urllib3/__init__.py:35: NotOpenSSLWarning: urllib3 v2 only supports OpenSSL 1.1.1+, currently the 'ssl' module is compiled with 'LibreSSL 2.8.3'. See: https://github.com/urllib3/urllib3/issues/3020
  warnings.warn(
[sanyu_accumulator] 5697.T Sanyu day-chunk STAGED (no order placed — run --execute to place): BUY 100 @ ¥828 DAY (1.7% of 20d median volume). Held 800, target 1400, remaining after this 500. Tape ¥828.0 (gateway position 800). Ceiling 860 / pause 770.
/Users/ajay/Library/Python/3.9/lib/python/site-packages/urllib3/__init__.py:35: NotOpenSSLWarning: urllib3 v2 only supports OpenSSL 1.1.1+, currently the 'ssl' module is compiled with 'LibreSSL 2.8.3'. See: https://github.com/urllib3/urllib3/issues/3020
  warnings.warn(
[sanyu_accumulator] 5697.T Sanyu day-chunk STAGED (no order placed — run --execute to place): BUY 100 @ ¥826 DAY (1.8% of 20d median volume). Held 900, target 1400, remaining after this 400. Tape ¥826.0 (gateway position 900). Ceiling 860 / pause 770.
/Users/ajay/Library/Python/3.9/lib/python/site-packages/urllib3/__init__.py:35: NotOpenSSLWarning: urllib3 v2 only supports OpenSSL 1.1.1+, currently the 'ssl' module is compiled with 'LibreSSL 2.8.3'. See: https://github.com/urllib3/urllib3/issues/3020
  warnings.warn(
[sanyu_accumulator] 5697.T Sanyu day-chunk STAGED (no order placed — run --execute to place): BUY 100 @ ¥826 DAY (2.0% of 20d median volume). Held 1000, target 1400, remaining after this 300. Tape ¥826.0 (gateway position 1000). Ceiling 860 / pause 770.
/Users/ajay/Library/Python/3.9/lib/python/site-packages/urllib3/__init__.py:35: NotOpenSSLWarning: urllib3 v2 only supports OpenSSL 1.1.1+, currently the 'ssl' module is compiled with 'LibreSSL 2.8.3'. See: https://github.com/urllib3/urllib3/issues/3020
  warnings.warn(
[sanyu_accumulator] 5697.T Sanyu day-chunk STAGED (no order placed — run --execute to place): BUY 100 @ ¥820 DAY (2.2% of 20d median volume). Held 1100, target 1400, remaining after this 200. Tape ¥820.0 (gateway position 1100). Ceiling 860 / pause 770.
/Users/ajay/Library/Python/3.9/lib/python/site-packages/urllib3/__init__.py:35: NotOpenSSLWarning: urllib3 v2 only supports OpenSSL 1.1.1+, currently the 'ssl' module is compiled with 'LibreSSL 2.8.3'. See: https://github.com/urllib3/urllib3/issues/3020
  warnings.warn(
positions request timed out
account updates for ACCOUNT_ALPHA request timed out
account updates for ACCOUNT_BETA request timed out
[sanyu_accumulator] 5697.T Sanyu day-chunk STAGED (no order placed — run --execute to place): BUY 100 @ ¥803 DAY (2.9% of 20d median volume). Held 1200, target 1400, remaining after this 100. Tape ¥803.0 (GATEWAY UNREACHABLE — using state-file tally; verify position before executing). Ceiling 860 / pause 770.
