
===== 2026-07-03 11:30 (desk) =====
  BAH     next-print seasonal median QoQ 0.8% >>> HARD/EASY COMP IN PLAY
  CPRI    next-print seasonal median QoQ -25.6% >>> HARD/EASY COMP IN PLAY
  FOUR    next-print seasonal median QoQ 16.5% >>> HARD/EASY COMP IN PLAY
  TPB     next-print seasonal median QoQ 9.6% >>> HARD/EASY COMP IN PLAY
  WEN     next-print seasonal median QoQ 6.7% >>> HARD/EASY COMP IN PLAY
  CRM     next-print seasonal median QoQ None%
  HUBS    next-print seasonal median QoQ 6.5%
  TTD     next-print seasonal median QoQ 20.4% >>> HARD/EASY COMP IN PLAY
  GAP     next-print seasonal median QoQ None%
  INTU    next-print seasonal median QoQ None%
  RH      next-print seasonal median QoQ None%
  PATH    next-print seasonal median QoQ None%
  S       next-print seasonal median QoQ None%
  WING    next-print seasonal median QoQ 4.7%
  GO      next-print seasonal median QoQ None%
  RBLX    next-print seasonal median QoQ 10.1% >>> HARD/EASY COMP IN PLAY
  BODI    next-print seasonal median QoQ -8.2% >>> HARD/EASY COMP IN PLAY
  MMS     next-print seasonal median QoQ -1.2% >>> HARD/EASY COMP IN PLAY
  MRVI    next-print seasonal median QoQ 0.3% >>> HARD/EASY COMP IN PLAY
  GTM     next-print seasonal median QoQ 5.5% >>> HARD/EASY COMP IN PLAY
  PODD    next-print seasonal median QoQ 6.1% >>> HARD/EASY COMP IN PLAY
  LULU    next-print seasonal median QoQ None%
  DFIN    next-print seasonal median QoQ 14.5% >>> HARD/EASY COMP IN PLAY
  GCT     next-print seasonal median QoQ 19.8%
  EG      next-print seasonal median QoQ 2.7% >>> HARD/EASY COMP IN PLAY
  BBW     next-print seasonal median QoQ None%
  IBEX    next-print seasonal median QoQ -1.8% >>> HARD/EASY COMP IN PLAY


===== 2026-07-10 11:30 (desk) =====
  BAH     next-print seasonal median QoQ 0.8% >>> HARD/EASY COMP IN PLAY
  CPRI    next-print seasonal median QoQ -25.6% >>> HARD/EASY COMP IN PLAY
  FOUR    next-print seasonal median QoQ 16.5% >>> HARD/EASY COMP IN PLAY
  TPB     next-print seasonal median QoQ 9.6% >>> HARD/EASY COMP IN PLAY
  WEN     next-print seasonal median QoQ 6.7% >>> HARD/EASY COMP IN PLAY
  CRM     next-print seasonal median QoQ None%
  HUBS    next-print seasonal median QoQ 6.5%
  TTD     next-print seasonal median QoQ 20.4% >>> HARD/EASY COMP IN PLAY
  GAP     next-print seasonal median QoQ None%
  INTU    next-print seasonal median QoQ None%
  RH      next-print seasonal median QoQ None%
  PATH    next-print seasonal median QoQ None%
  S       next-print seasonal median QoQ None%
  WING    next-print seasonal median QoQ 4.7%
  GO      next-print seasonal median QoQ None%
  RBLX    next-print seasonal median QoQ 10.1% >>> HARD/EASY COMP IN PLAY
  BODI    next-print seasonal median QoQ -8.2% >>> HARD/EASY COMP IN PLAY
  MMS     next-print seasonal median QoQ -1.2% >>> HARD/EASY COMP IN PLAY
  MRVI    next-print seasonal median QoQ 0.3% >>> HARD/EASY COMP IN PLAY
  GTM     next-print seasonal median QoQ 5.5% >>> HARD/EASY COMP IN PLAY
  PODD    next-print seasonal median QoQ 6.1% >>> HARD/EASY COMP IN PLAY
  LULU    next-print seasonal median QoQ None%
  DFIN    next-print seasonal median QoQ 14.5% >>> HARD/EASY COMP IN PLAY
  GCT     next-print seasonal median QoQ 19.8%
  EG      next-print seasonal median QoQ 2.7% >>> HARD/EASY COMP IN PLAY
  BBW     next-print seasonal median QoQ None%
  IBEX    next-print seasonal median QoQ -1.8% >>> HARD/EASY COMP IN PLAY
  HRTG    next-print seasonal median QoQ 3.3%
  G       next-print seasonal median QoQ 4.0% >>> HARD/EASY COMP IN PLAY
  CTSH    next-print seasonal median QoQ 1.8% >>> HARD/EASY COMP IN PLAY
  EQT     next-print seasonal median QoQ 14.0%
  FNF     next-print seasonal median QoQ 22.6% >>> HARD/EASY COMP IN PLAY
  OLLI    next-print seasonal median QoQ None%
  NOW     next-print seasonal median QoQ 3.1%
  EVER    next-print seasonal median QoQ -1.4% >>> HARD/EASY COMP IN PLAY
  MDLZ    next-print seasonal median QoQ -3.5% >>> HARD/EASY COMP IN PLAY
  LDOS    next-print seasonal median QoQ None%
  OPBK    next-print seasonal median QoQ 5.9% >>> HARD/EASY COMP IN PLAY
  HBB     next-print seasonal median QoQ -35.4% >>> HARD/EASY COMP IN PLAY
  ACEL    next-print seasonal median QoQ 3.1% >>> HARD/EASY COMP IN PLAY


===== 2026-07-17 21:55 (desk) =====
  BAH     next-print seasonal median QoQ 0.8% >>> HARD/EASY COMP IN PLAY
  CPRI    next-print seasonal median QoQ -25.6% >>> HARD/EASY COMP IN PLAY
  FOUR    next-print seasonal median QoQ 16.5% >>> HARD/EASY COMP IN PLAY
  TPB     next-print seasonal median QoQ 9.6% >>> HARD/EASY COMP IN PLAY
  WEN     next-print seasonal median QoQ 6.7% >>> HARD/EASY COMP IN PLAY
  HUBS    next-print seasonal median QoQ 6.5%
  TTD     next-print seasonal median QoQ 20.4% >>> HARD/EASY COMP IN PLAY
  INTU    next-print seasonal median QoQ None%
  RH      next-print seasonal median QoQ None%
  PATH    next-print seasonal median QoQ None%
  S       next-print seasonal median QoQ None%
  WING    next-print seasonal median QoQ 4.7%
  GO      next-print seasonal median QoQ None%
  RBLX    next-print seasonal median QoQ 10.1% >>> HARD/EASY COMP IN PLAY
  BODI    next-print seasonal median QoQ -8.2% >>> HARD/EASY COMP IN PLAY
  MMS     next-print seasonal median QoQ -1.2% >>> HARD/EASY COMP IN PLAY
  MRVI    next-print seasonal median QoQ 0.3% >>> HARD/EASY COMP IN PLAY
  GTM     next-print seasonal median QoQ 5.5% >>> HARD/EASY COMP IN PLAY
  PODD    next-print seasonal median QoQ 6.1% >>> HARD/EASY COMP IN PLAY
  LULU    next-print seasonal median QoQ None%
  DFIN    next-print seasonal median QoQ 14.5% >>> HARD/EASY COMP IN PLAY
  EG      next-print seasonal median QoQ 2.7% >>> HARD/EASY COMP IN PLAY
  BBW     next-print seasonal median QoQ None%
  IBEX    next-print seasonal median QoQ -1.8% >>> HARD/EASY COMP IN PLAY
  HRTG    next-print seasonal median QoQ 3.3%
  G       next-print seasonal median QoQ 4.0% >>> HARD/EASY COMP IN PLAY
  CTSH    next-print seasonal median QoQ 1.8% >>> HARD/EASY COMP IN PLAY
  EQT     next-print seasonal median QoQ 14.0%
  FNF     next-print seasonal median QoQ 22.6% >>> HARD/EASY COMP IN PLAY
  OLLI    next-print seasonal median QoQ None%
  NOW     next-print seasonal median QoQ 3.1%
  EVER    next-print seasonal median QoQ -1.4% >>> HARD/EASY COMP IN PLAY
  MDLZ    next-print seasonal median QoQ -3.5% >>> HARD/EASY COMP IN PLAY
  LDOS    next-print seasonal median QoQ None%
  OPBK    next-print seasonal median QoQ 5.9% >>> HARD/EASY COMP IN PLAY
  HBB     next-print seasonal median QoQ -35.4% >>> HARD/EASY COMP IN PLAY
  ACEL    next-print seasonal median QoQ 3.1% >>> HARD/EASY COMP IN PLAY
  AAWH    next-print seasonal median QoQ 10.1% >>> HARD/EASY COMP IN PLAY
  TCNNF   next-print seasonal median QoQ 1.8% >>> HARD/EASY COMP IN PLAY
  WOLF    next-print seasonal median QoQ 6.2% >>> HARD/EASY COMP IN PLAY
  GOOGL   next-print seasonal median QoQ 5.2% >>> HARD/EASY COMP IN PLAY
  TSLA    next-print seasonal median QoQ 16.9% >>> HARD/EASY COMP IN PLAY
  MSFT    next-print seasonal median QoQ 9.1%
  META    next-print seasonal median QoQ 11.1% >>> HARD/EASY COMP IN PLAY
  AAPL    next-print seasonal median QoQ -7.2% >>> HARD/EASY COMP IN PLAY
  AMZN    next-print seasonal median QoQ 5.5%
  NDLS    next-print seasonal median QoQ 14.7% >>> HARD/EASY COMP IN PLAY
  NVDA    next-print seasonal median QoQ None%
  WMT     next-print seasonal median QoQ None%
  HD      next-print seasonal median QoQ None%
  TGT     next-print seasonal median QoQ None%
  CRM     next-print seasonal median QoQ None%

Traceback (most recent call last):
  File "/Library/Developer/CommandLineTools/Library/Frameworks/Python3.framework/Versions/3.9/lib/python3.9/runpy.py", line 197, in _run_module_as_main
    return _run_code(code, main_globals, None,
  File "/Library/Developer/CommandLineTools/Library/Frameworks/Python3.framework/Versions/3.9/lib/python3.9/runpy.py", line 87, in _run_code
    exec(code, run_globals)
  File "/Users/ajay/exalted/signalos/desk/seasonality.py", line 137, in <module>
    main()
  File "/Users/ajay/exalted/signalos/desk/seasonality.py", line 121, in main
    r = json.loads(l)
  File "/Library/Developer/CommandLineTools/Library/Frameworks/Python3.framework/Versions/3.9/lib/python3.9/json/__init__.py", line 346, in loads
    return _default_decoder.decode(s)
  File "/Library/Developer/CommandLineTools/Library/Frameworks/Python3.framework/Versions/3.9/lib/python3.9/json/decoder.py", line 340, in decode
    raise JSONDecodeError("Extra data", s, end)
json.decoder.JSONDecodeError: Extra data: line 1 column 971 (char 970)

===== 2026-07-27 09:54 (desk) =====
  CPRI    next-print seasonal median QoQ -25.6% >>> HARD/EASY COMP IN PLAY
  FOUR    next-print seasonal median QoQ 16.5% >>> HARD/EASY COMP IN PLAY
  TPB     next-print seasonal median QoQ 9.6% >>> HARD/EASY COMP IN PLAY
  WEN     next-print seasonal median QoQ 6.7% >>> HARD/EASY COMP IN PLAY
  HUBS    next-print seasonal median QoQ 6.5%
  TTD     next-print seasonal median QoQ 20.4% >>> HARD/EASY COMP IN PLAY
  INTU    next-print seasonal median QoQ None%
  RH      next-print seasonal median QoQ None%
  PATH    next-print seasonal median QoQ None%
  S       next-print seasonal median QoQ None%
  WING    next-print seasonal median QoQ 4.7%
  GO      next-print seasonal median QoQ None%
  RBLX    next-print seasonal median QoQ 10.1% >>> HARD/EASY COMP IN PLAY
  BODI    next-print seasonal median QoQ -8.2% >>> HARD/EASY COMP IN PLAY
  MMS     next-print seasonal median QoQ -1.2% >>> HARD/EASY COMP IN PLAY
  MRVI    next-print seasonal median QoQ 0.3% >>> HARD/EASY COMP IN PLAY
  GTM     next-print seasonal median QoQ 5.5% >>> HARD/EASY COMP IN PLAY
  PODD    next-print seasonal median QoQ 6.1% >>> HARD/EASY COMP IN PLAY
  LULU    next-print seasonal median QoQ None%
  DFIN    next-print seasonal median QoQ 14.5% >>> HARD/EASY COMP IN PLAY
  EG      next-print seasonal median QoQ 2.7% >>> HARD/EASY COMP IN PLAY
  BBW     next-print seasonal median QoQ None%
  IBEX    next-print seasonal median QoQ -1.8% >>> HARD/EASY COMP IN PLAY
  HRTG    next-print seasonal median QoQ 3.3%
  G       next-print seasonal median QoQ 4.0% >>> HARD/EASY COMP IN PLAY
  CTSH    next-print seasonal median QoQ 1.8% >>> HARD/EASY COMP IN PLAY
  FNF     next-print seasonal median QoQ 22.6% >>> HARD/EASY COMP IN PLAY
  OLLI    next-print seasonal median QoQ None%
  EVER    next-print seasonal median QoQ -1.4% >>> HARD/EASY COMP IN PLAY
  MDLZ    next-print seasonal median QoQ -3.5% >>> HARD/EASY COMP IN PLAY
  LDOS    next-print seasonal median QoQ None%
  HBB     next-print seasonal median QoQ -35.4% >>> HARD/EASY COMP IN PLAY
  ACEL    next-print seasonal median QoQ 3.1% >>> HARD/EASY COMP IN PLAY
  AAWH    next-print seasonal median QoQ 10.1% >>> HARD/EASY COMP IN PLAY
  TCNNF   next-print seasonal median QoQ 1.8% >>> HARD/EASY COMP IN PLAY
  WOLF    next-print seasonal median QoQ 6.2% >>> HARD/EASY COMP IN PLAY
  MSFT    next-print seasonal median QoQ 9.1%
  META    next-print seasonal median QoQ 11.1% >>> HARD/EASY COMP IN PLAY
  AAPL    next-print seasonal median QoQ -7.2% >>> HARD/EASY COMP IN PLAY
  AMZN    next-print seasonal median QoQ 5.5%
  NVDA    next-print seasonal median QoQ None%
  WMT     next-print seasonal median QoQ None%
  HD      next-print seasonal median QoQ None%
  TGT     next-print seasonal median QoQ None%
  CRM     next-print seasonal median QoQ None%
  UPBD    next-print seasonal median QoQ -6.3% >>> HARD/EASY COMP IN PLAY
  RIGL    next-print seasonal median QoQ 13.9% >>> HARD/EASY COMP IN PLAY
  CRH     next-print seasonal median QoQ 51.1%
  LH      next-print seasonal median QoQ 0.2% >>> HARD/EASY COMP IN PLAY


===== 2026-08-03 07:36 (desk) =====
  CPRI    next-print seasonal median QoQ -25.6% >>> HARD/EASY COMP IN PLAY
  FOUR    next-print seasonal median QoQ 16.5% >>> HARD/EASY COMP IN PLAY
  TPB     next-print seasonal median QoQ 9.6% >>> HARD/EASY COMP IN PLAY
  WEN     next-print seasonal median QoQ 6.7% >>> HARD/EASY COMP IN PLAY
  HUBS    next-print seasonal median QoQ 6.5%
  TTD     next-print seasonal median QoQ 20.4% >>> HARD/EASY COMP IN PLAY
  INTU    next-print seasonal median QoQ None%
  RH      next-print seasonal median QoQ None%
  PATH    next-print seasonal median QoQ None%
  S       next-print seasonal median QoQ None%
  WING    next-print seasonal median QoQ 3.3% >>> HARD/EASY COMP IN PLAY
  GO      next-print seasonal median QoQ None%
  RBLX    next-print seasonal median QoQ 4.8% >>> HARD/EASY COMP IN PLAY
  BODI    next-print seasonal median QoQ -8.2% >>> HARD/EASY COMP IN PLAY
  MMS     next-print seasonal median QoQ -1.2% >>> HARD/EASY COMP IN PLAY
  MRVI    next-print seasonal median QoQ 0.3% >>> HARD/EASY COMP IN PLAY
  GTM     next-print seasonal median QoQ 5.5% >>> HARD/EASY COMP IN PLAY
  PODD    next-print seasonal median QoQ 6.1% >>> HARD/EASY COMP IN PLAY
  LULU    next-print seasonal median QoQ None%
  BBW     next-print seasonal median QoQ None%
  IBEX    next-print seasonal median QoQ -1.8% >>> HARD/EASY COMP IN PLAY
  HRTG    next-print seasonal median QoQ 3.3%
  G       next-print seasonal median QoQ 4.0% >>> HARD/EASY COMP IN PLAY
  FNF     next-print seasonal median QoQ 22.6% >>> HARD/EASY COMP IN PLAY
  OLLI    next-print seasonal median QoQ None%
  EVER    next-print seasonal median QoQ -1.4% >>> HARD/EASY COMP IN PLAY
  LDOS    next-print seasonal median QoQ None%
  HBB     next-print seasonal median QoQ -35.4% >>> HARD/EASY COMP IN PLAY
  ACEL    next-print seasonal median QoQ 3.1% >>> HARD/EASY COMP IN PLAY
  AAWH    next-print seasonal median QoQ 10.1% >>> HARD/EASY COMP IN PLAY
  TCNNF   next-print seasonal median QoQ 1.8% >>> HARD/EASY COMP IN PLAY
  WOLF    next-print seasonal median QoQ 6.2% >>> HARD/EASY COMP IN PLAY
  NVDA    next-print seasonal median QoQ None%
  WMT     next-print seasonal median QoQ None%
  HD      next-print seasonal median QoQ None%
  TGT     next-print seasonal median QoQ None%
  CRM     next-print seasonal median QoQ None%
  RIGL    next-print seasonal median QoQ 13.9% >>> HARD/EASY COMP IN PLAY
  MCHP    next-print seasonal median QoQ 2.5% >>> HARD/EASY COMP IN PLAY


===== 2026-08-10 11:44 (desk) =====
  INTU    next-print seasonal median QoQ None%
  RH      next-print seasonal median QoQ None%
  PATH    next-print seasonal median QoQ None%
  S       next-print seasonal median QoQ None%
  WING    next-print seasonal median QoQ 3.3% >>> HARD/EASY COMP IN PLAY
  GO      next-print seasonal median QoQ None%
  RBLX    next-print seasonal median QoQ 4.8% >>> HARD/EASY COMP IN PLAY
  BODI    next-print seasonal median QoQ -8.2% >>> HARD/EASY COMP IN PLAY
  MRVI    next-print seasonal median QoQ -4.5% >>> HARD/EASY COMP IN PLAY
  LULU    next-print seasonal median QoQ None%
  BBW     next-print seasonal median QoQ None%
  IBEX    next-print seasonal median QoQ -1.8% >>> HARD/EASY COMP IN PLAY
  HRTG    next-print seasonal median QoQ 4.1% >>> HARD/EASY COMP IN PLAY
  OLLI    next-print seasonal median QoQ None%
  GAP     next-print seasonal median QoQ None%
  GCT     next-print seasonal median QoQ 3.1% >>> HARD/EASY COMP IN PLAY
  AAWH    next-print seasonal median QoQ 10.1% >>> HARD/EASY COMP IN PLAY
  WOLF    next-print seasonal median QoQ 6.2% >>> HARD/EASY COMP IN PLAY
  NVDA    next-print seasonal median QoQ None%
  WMT     next-print seasonal median QoQ None%
  HD      next-print seasonal median QoQ None%
  TGT     next-print seasonal median QoQ None%
  CRM     next-print seasonal median QoQ None%
  MRSH    next-print seasonal median QoQ -8.4%
  PFSI    next-print seasonal median QoQ 1.4% >>> HARD/EASY COMP IN PLAY
  PAYX    next-print seasonal median QoQ None%
  VMD     next-print seasonal median QoQ 7.2% >>> HARD/EASY COMP IN PLAY
  CTRI    next-print seasonal median QoQ 12.2% >>> HARD/EASY COMP IN PLAY
  NRG     next-print seasonal median QoQ 20.8% >>> HARD/EASY COMP IN PLAY
  BRKR    next-print seasonal median QoQ 8.0% >>> HARD/EASY COMP IN PLAY
  APTV    next-print seasonal median QoQ 29.5% >>> HARD/EASY COMP IN PLAY
  AHCO    next-print seasonal median QoQ 5.9% >>> HARD/EASY COMP IN PLAY
  TMUS    next-print seasonal median QoQ 0.7% >>> HARD/EASY COMP IN PLAY
  PODD    next-print seasonal median QoQ 6.1% >>> HARD/EASY COMP IN PLAY


===== 2026-08-17 12:51 (desk) =====
  INTU    next-print seasonal median QoQ None%
  RH      next-print seasonal median QoQ None%
  PATH    next-print seasonal median QoQ None%
  S       next-print seasonal median QoQ None%
  WING    next-print seasonal median QoQ 3.3% >>> HARD/EASY COMP IN PLAY
  GO      next-print seasonal median QoQ None%
  RBLX    next-print seasonal median QoQ 4.8% >>> HARD/EASY COMP IN PLAY
  BODI    next-print seasonal median QoQ -6.5% >>> HARD/EASY COMP IN PLAY
  LULU    next-print seasonal median QoQ None%
  BBW     next-print seasonal median QoQ None%
  IBEX    next-print seasonal median QoQ -1.8% >>> HARD/EASY COMP IN PLAY
  OLLI    next-print seasonal median QoQ None%
  GAP     next-print seasonal median QoQ None%
  WOLF    next-print seasonal median QoQ 6.2% >>> HARD/EASY COMP IN PLAY
  NVDA    next-print seasonal median QoQ None%
  WMT     next-print seasonal median QoQ None%
  HD      next-print seasonal median QoQ None%
  TGT     next-print seasonal median QoQ None%
  CRM     next-print seasonal median QoQ None%
  MRSH    next-print seasonal median QoQ -8.4%
  PFSI    next-print seasonal median QoQ 1.4% >>> HARD/EASY COMP IN PLAY
  PAYX    next-print seasonal median QoQ None%
  VMD     next-print seasonal median QoQ 7.2% >>> HARD/EASY COMP IN PLAY
  CTRI    next-print seasonal median QoQ 12.2% >>> HARD/EASY COMP IN PLAY
  NRG     next-print seasonal median QoQ 20.8% >>> HARD/EASY COMP IN PLAY
  BRKR    next-print seasonal median QoQ 8.0% >>> HARD/EASY COMP IN PLAY
  APTV    next-print seasonal median QoQ 29.5% >>> HARD/EASY COMP IN PLAY
  AHCO    next-print seasonal median QoQ 5.9% >>> HARD/EASY COMP IN PLAY
  TMUS    next-print seasonal median QoQ 0.7% >>> HARD/EASY COMP IN PLAY
  PODD    next-print seasonal median QoQ 6.1% >>> HARD/EASY COMP IN PLAY


===== 2026-08-24 13:47 (desk) =====
  INTU    next-print seasonal median QoQ None%
  RH      next-print seasonal median QoQ None%
  PATH    next-print seasonal median QoQ None%
  S       next-print seasonal median QoQ None%
  WING    next-print seasonal median QoQ 3.3% >>> HARD/EASY COMP IN PLAY
  GO      next-print seasonal median QoQ None%
  RBLX    next-print seasonal median QoQ 4.8% >>> HARD/EASY COMP IN PLAY
  BODI    next-print seasonal median QoQ -6.5% >>> HARD/EASY COMP IN PLAY
  LULU    next-print seasonal median QoQ None%
  BBW     next-print seasonal median QoQ None%
  IBEX    next-print seasonal median QoQ -1.8% >>> HARD/EASY COMP IN PLAY
  OLLI    next-print seasonal median QoQ None%
  GAP     next-print seasonal median QoQ None%
  WOLF    next-print seasonal median QoQ 6.2% >>> HARD/EASY COMP IN PLAY
  NVDA    next-print seasonal median QoQ None%
  CRM     next-print seasonal median QoQ None%
  MRSH    next-print seasonal median QoQ -8.4%
  PFSI    next-print seasonal median QoQ 1.4% >>> HARD/EASY COMP IN PLAY
  PAYX    next-print seasonal median QoQ None%
  VMD     next-print seasonal median QoQ 7.2% >>> HARD/EASY COMP IN PLAY
  CTRI    next-print seasonal median QoQ 12.2% >>> HARD/EASY COMP IN PLAY
  NRG     next-print seasonal median QoQ 20.8% >>> HARD/EASY COMP IN PLAY
  BRKR    next-print seasonal median QoQ 8.0% >>> HARD/EASY COMP IN PLAY
  APTV    next-print seasonal median QoQ 29.5% >>> HARD/EASY COMP IN PLAY
  AHCO    next-print seasonal median QoQ 5.9% >>> HARD/EASY COMP IN PLAY
  TMUS    next-print seasonal median QoQ 0.7% >>> HARD/EASY COMP IN PLAY
  PODD    next-print seasonal median QoQ 6.1% >>> HARD/EASY COMP IN PLAY


===== 2026-08-31 14:47 (desk) =====
  RH      next-print seasonal median QoQ None%
  PATH    next-print seasonal median QoQ None%
  WING    next-print seasonal median QoQ 3.3% >>> HARD/EASY COMP IN PLAY
  GO      next-print seasonal median QoQ None%
  RBLX    next-print seasonal median QoQ 4.8% >>> HARD/EASY COMP IN PLAY
  BODI    next-print seasonal median QoQ -6.5% >>> HARD/EASY COMP IN PLAY
  LULU    next-print seasonal median QoQ None%
  IBEX    next-print seasonal median QoQ -1.8% >>> HARD/EASY COMP IN PLAY
  OLLI    next-print seasonal median QoQ None%
  WOLF    next-print seasonal median QoQ 6.2% >>> HARD/EASY COMP IN PLAY
  MRSH    next-print seasonal median QoQ -8.4%
  PFSI    next-print seasonal median QoQ 1.4% >>> HARD/EASY COMP IN PLAY
  PAYX    next-print seasonal median QoQ None%
  VMD     next-print seasonal median QoQ 7.2% >>> HARD/EASY COMP IN PLAY
  CTRI    next-print seasonal median QoQ 12.2% >>> HARD/EASY COMP IN PLAY
  NRG     next-print seasonal median QoQ 20.8% >>> HARD/EASY COMP IN PLAY
  BRKR    next-print seasonal median QoQ 8.0% >>> HARD/EASY COMP IN PLAY
  APTV    next-print seasonal median QoQ 29.5% >>> HARD/EASY COMP IN PLAY
  AHCO    next-print seasonal median QoQ 5.9% >>> HARD/EASY COMP IN PLAY
  TMUS    next-print seasonal median QoQ 0.7% >>> HARD/EASY COMP IN PLAY
  PODD    next-print seasonal median QoQ 6.1% >>> HARD/EASY COMP IN PLAY


===== 2026-09-07 15:40 (desk) =====
  RH      next-print seasonal median QoQ None%
  PATH    next-print seasonal median QoQ None%
  WING    next-print seasonal median QoQ 3.3% >>> HARD/EASY COMP IN PLAY
  GO      next-print seasonal median QoQ None%
  RBLX    next-print seasonal median QoQ 4.8% >>> HARD/EASY COMP IN PLAY
  BODI    next-print seasonal median QoQ -6.5% >>> HARD/EASY COMP IN PLAY
  IBEX    next-print seasonal median QoQ -1.8% >>> HARD/EASY COMP IN PLAY
  WOLF    next-print seasonal median QoQ 6.2% >>> HARD/EASY COMP IN PLAY
  MRSH    next-print seasonal median QoQ -8.4%
  PFSI    next-print seasonal median QoQ 1.4% >>> HARD/EASY COMP IN PLAY
  PAYX    next-print seasonal median QoQ None%
  VMD     next-print seasonal median QoQ 7.2% >>> HARD/EASY COMP IN PLAY
  CTRI    next-print seasonal median QoQ 12.2% >>> HARD/EASY COMP IN PLAY
  NRG     next-print seasonal median QoQ 20.8% >>> HARD/EASY COMP IN PLAY
  BRKR    next-print seasonal median QoQ 8.0% >>> HARD/EASY COMP IN PLAY
  APTV    next-print seasonal median QoQ 29.5% >>> HARD/EASY COMP IN PLAY
  AHCO    next-print seasonal median QoQ 5.9% >>> HARD/EASY COMP IN PLAY
  TMUS    next-print seasonal median QoQ 0.7% >>> HARD/EASY COMP IN PLAY
  PODD    next-print seasonal median QoQ 6.1% >>> HARD/EASY COMP IN PLAY

