
===== 2026-07-29 01:33 (desk) =====
[vrla_volume] 2026-07-29T01:33:58 — Eurostat sts_inpr_m C2313 (hollow glass, CA, 2021=100); latest 2026-05 (~2mo lag)
  geo         2026-03   2026-04   2026-05
  FR            -0.6%     -9.0%     -6.1%
  IT             7.0%      4.0%      2.5%
  ES            12.4%     12.3%     23.1%
  DE            -6.8%    -10.9%     -8.6%
  EU27_2020      1.9%     -2.6%     -0.3%
  WEIGHTED       3.3%     -1.3%      2.2%   (rough footprint weights, renormalized)
  INFO: latest footprint-weighted YoY positive (2.2%) — corroborates the stable-volume leg
  grades alongside the Q3 print (Oct-27); basis risk: market index ≠ Verallia volumes


===== 2026-08-05 02:50 (desk) =====
[vrla_volume] 2026-08-05T02:50:38 — Eurostat sts_inpr_m C2313 (hollow glass, CA, 2021=100); latest 2026-05 (~2mo lag)
  geo         2026-03   2026-04   2026-05
  FR            -0.6%     -9.0%     -6.1%
  IT             7.0%      4.0%      2.5%
  ES            12.4%     12.3%     23.1%
  DE            -6.8%    -10.9%     -8.6%
  EU27_2020      1.9%     -2.6%     -0.3%
  WEIGHTED       3.3%     -1.3%      2.2%   (rough footprint weights, renormalized)
  INFO: latest footprint-weighted YoY positive (2.2%) — corroborates the stable-volume leg
  grades alongside the Q3 print (Oct-27); basis risk: market index ≠ Verallia volumes


===== 2026-08-12 07:57 (desk) =====
[vrla_volume] 2026-08-12T07:57:41 — Eurostat sts_inpr_m C2313 (hollow glass, CA, 2021=100); latest 2026-06 (~2mo lag)
  geo         2026-04   2026-05   2026-06
  FR            -9.1%     -6.0%     -1.3%
  IT             4.0%      2.5%      1.5%
  ES            12.3%     23.1%     14.9%
  DE           -10.9%     -8.1%     -5.5%
  EU27_2020     -2.6%     -0.3%         —
  WEIGHTED      -1.3%      2.3%      2.7%   (rough footprint weights, renormalized)
  INFO: latest footprint-weighted YoY positive (2.7%) — corroborates the stable-volume leg
  grades alongside the Q3 print (Oct-27); basis risk: market index ≠ Verallia volumes


===== 2026-08-19 08:30 (desk) =====
[vrla_volume] 2026-08-19T08:30:03 — Eurostat sts_inpr_m C2313 (hollow glass, CA, 2021=100); latest 2026-06 (~2mo lag)
  geo         2026-04   2026-05   2026-06
  FR            -9.1%     -6.0%     -1.3%
  IT             4.0%      2.5%      1.5%
  ES            12.3%     23.1%     14.9%
  DE           -10.9%     -8.1%     -5.5%
  EU27_2020     -2.6%     -0.2%      0.5%
  WEIGHTED      -1.3%      2.3%      2.4%   (rough footprint weights, renormalized)
  INFO: latest footprint-weighted YoY positive (2.4%) — corroborates the stable-volume leg
  grades alongside the Q3 print (Oct-27); basis risk: market index ≠ Verallia volumes


===== 2026-08-26 08:30 (desk) =====
[vrla_volume] 2026-08-26T08:30:01 — Eurostat sts_inpr_m C2313 (hollow glass, CA, 2021=100); latest 2026-06 (~2mo lag)
  geo         2026-04   2026-05   2026-06
  FR            -9.1%     -6.0%     -1.3%
  IT             4.0%      2.5%      1.5%
  ES            12.3%     23.1%     14.9%
  DE           -10.9%     -8.1%     -5.5%
  EU27_2020     -2.6%     -0.2%      0.5%
  WEIGHTED      -1.3%      2.3%      2.4%   (rough footprint weights, renormalized)
  INFO: latest footprint-weighted YoY positive (2.4%) — corroborates the stable-volume leg
  grades alongside the Q3 print (Oct-27); basis risk: market index ≠ Verallia volumes


===== 2026-09-02 08:30 (desk) =====
[vrla_volume] 2026-09-02T08:30:01 — Eurostat sts_inpr_m C2313 (hollow glass, CA, 2021=100); latest 2026-06 (~2mo lag)
  geo         2026-04   2026-05   2026-06
  FR            -9.1%     -6.0%     -1.3%
  IT             4.0%      2.5%      1.5%
  ES            12.3%     23.1%     14.9%
  DE           -10.9%     -8.1%     -5.5%
  EU27_2020     -2.6%     -0.2%      0.5%
  WEIGHTED      -1.3%      2.3%      2.4%   (rough footprint weights, renormalized)
  INFO: latest footprint-weighted YoY positive (2.4%) — corroborates the stable-volume leg
  grades alongside the Q3 print (Oct-27); basis risk: market index ≠ Verallia volumes


===== 2026-09-11 01:36 (desk) =====
[vrla_volume] 2026-09-11T01:36:43 — Eurostat sts_inpr_m C2313 (hollow glass, CA, 2021=100); latest 2026-07 (~2mo lag)
  geo         2026-05   2026-06   2026-07
  FR            -6.0%     -1.7%    -11.9%
  IT             2.5%      1.5%     -4.8%
  ES            23.1%     14.9%     -1.7%
  DE            -8.4%     -6.0%    -10.6%
  EU27_2020     -0.2%      0.5%         —
  WEIGHTED       2.3%      2.2%     -7.7%   (rough footprint weights, renormalized)
  no flags
  grades alongside the Q3 print (Oct-27); basis risk: market index ≠ Verallia volumes


===== 2026-09-11 01:42 (desk) =====
[vrla_volume] 2026-09-11T01:42:27 — Eurostat sts_inpr_m C2313 (hollow glass, CA, 2021=100); latest 2026-07 (~2mo lag)
  geo         2026-05   2026-06   2026-07
  FR            -6.0%     -1.7%    -11.9%
  IT             2.5%      1.5%     -4.8%
  ES            23.1%     14.9%     -1.7%
  DE            -8.4%     -6.0%    -10.6%
  EU27_2020     -0.2%      0.5%         —
  WEIGHTED       2.3%      2.2%     -7.7%   (rough footprint weights, renormalized)
  no flags
  grades alongside the Q3 print (Oct-27); basis risk: market index ≠ Verallia volumes

